# Logfile created on 2018-03-30 14:13:55 +1100 by logger.rb/56815
D, [2018-03-30T14:13:57.866345 #25815] DEBUG -- : calculating updated score for older state...
D, [2018-03-30T14:13:57.875642 #25815] DEBUG -- : generating weighed rated selections...
D, [2018-03-30T14:13:57.904077 #25815] DEBUG -- : scoring weighed rated selections...
D, [2018-03-30T14:13:57.906281 #25815] DEBUG -- : Scoring new state: {:rating=>10, :state=>{:unknown=>1, :possibly_lighter=>0, :possibly_heavier=>0, :normal=>2}}
D, [2018-03-30T14:13:57.910252 #25815] DEBUG -- : calculating updated score for older state...
D, [2018-03-30T14:13:57.914920 #25815] DEBUG -- : generating weighed rated selections...
D, [2018-03-30T14:13:57.937164 #25815] DEBUG -- : scoring weighed rated selections...
D, [2018-03-30T14:13:57.938824 #25815] DEBUG -- : Saving scored selections...
D, [2018-03-30T14:13:57.942394 #25815] DEBUG -- : 
State Score successfully calculated
D, [2018-03-30T14:13:57.942468 #25815] DEBUG -- : Scoring new state: {:rating=>9, :state=>{:unknown=>0, :possibly_lighter=>1, :possibly_heavier=>1, :normal=>1}}
D, [2018-03-30T14:13:57.944759 #25815] DEBUG -- : calculating updated score for older state...
D, [2018-03-30T14:13:57.949442 #25815] DEBUG -- : generating weighed rated selections...
D, [2018-03-30T14:13:57.999832 #25815] DEBUG -- : scoring weighed rated selections...
D, [2018-03-30T14:13:58.000203 #25815] DEBUG -- : Saving scored selections...
D, [2018-03-30T14:13:58.012755 #25815] DEBUG -- : 
State Score successfully calculated
D, [2018-03-30T14:13:58.012993 #25815] DEBUG -- : Saving scored selections...
D, [2018-03-30T14:13:58.096766 #25815] DEBUG -- : calculating updated score for older state...
D, [2018-03-30T14:13:58.099771 #25815] DEBUG -- : generating weighed rated selections...
D, [2018-03-30T14:13:58.112910 #25815] DEBUG -- : scoring weighed rated selections...
D, [2018-03-30T14:13:58.112997 #25815] DEBUG -- : Scoring new state: {:rating=>10, :state=>{:unknown=>1, :possibly_lighter=>0, :possibly_heavier=>0, :normal=>2}}
D, [2018-03-30T14:13:58.115394 #25815] DEBUG -- : calculating updated score for older state...
D, [2018-03-30T14:13:58.118555 #25815] DEBUG -- : generating weighed rated selections...
D, [2018-03-30T14:13:58.138139 #25815] DEBUG -- : scoring weighed rated selections...
D, [2018-03-30T14:13:58.138280 #25815] DEBUG -- : Saving scored selections...
D, [2018-03-30T14:13:58.141923 #25815] DEBUG -- : 
State Score successfully calculated
D, [2018-03-30T14:13:58.141987 #25815] DEBUG -- : Scoring new state: {:rating=>9, :state=>{:unknown=>0, :possibly_lighter=>1, :possibly_heavier=>1, :normal=>1}}
D, [2018-03-30T14:13:58.144125 #25815] DEBUG -- : calculating updated score for older state...
D, [2018-03-30T14:13:58.147318 #25815] DEBUG -- : generating weighed rated selections...
D, [2018-03-30T14:13:58.201702 #25815] DEBUG -- : scoring weighed rated selections...
D, [2018-03-30T14:13:58.202169 #25815] DEBUG -- : Saving scored selections...
D, [2018-03-30T14:13:58.214203 #25815] DEBUG -- : 
State Score successfully calculated
D, [2018-03-30T14:13:58.214430 #25815] DEBUG -- : Saving scored selections...
D, [2018-03-30T14:13:58.344079 #25815] DEBUG -- : calculating updated score for older state...
D, [2018-03-30T14:13:58.360254 #25815] DEBUG -- : generating weighed rated selections...
D, [2018-03-30T14:13:58.379877 #25815] DEBUG -- : scoring weighed rated selections...
D, [2018-03-30T14:13:58.380016 #25815] DEBUG -- : Scoring new state: {:rating=>10, :state=>{:unknown=>1, :possibly_lighter=>0, :possibly_heavier=>0, :normal=>2}}
D, [2018-03-30T14:13:58.383256 #25815] DEBUG -- : calculating updated score for older state...
D, [2018-03-30T14:13:58.386762 #25815] DEBUG -- : generating weighed rated selections...
D, [2018-03-30T14:13:58.406198 #25815] DEBUG -- : scoring weighed rated selections...
D, [2018-03-30T14:13:58.406280 #25815] DEBUG -- : Saving scored selections...
D, [2018-03-30T14:13:58.410268 #25815] DEBUG -- : 
State Score successfully calculated
D, [2018-03-30T14:13:58.410350 #25815] DEBUG -- : Scoring new state: {:rating=>9, :state=>{:unknown=>0, :possibly_lighter=>1, :possibly_heavier=>1, :normal=>1}}
D, [2018-03-30T14:13:58.412600 #25815] DEBUG -- : calculating updated score for older state...
D, [2018-03-30T14:13:58.415747 #25815] DEBUG -- : generating weighed rated selections...
D, [2018-03-30T14:13:58.454276 #25815] DEBUG -- : scoring weighed rated selections...
D, [2018-03-30T14:13:58.454925 #25815] DEBUG -- : Saving scored selections...
D, [2018-03-30T14:13:58.481321 #25815] DEBUG -- : 
State Score successfully calculated
D, [2018-03-30T14:13:58.481620 #25815] DEBUG -- : Saving scored selections...
D, [2018-03-30T14:13:59.115719 #25815] DEBUG -- : calculating updated score for older state...
D, [2018-03-30T14:13:59.123719 #25815] DEBUG -- : generating weighed rated selections...
D, [2018-03-30T14:13:59.146196 #25815] DEBUG -- : scoring weighed rated selections...
D, [2018-03-30T14:13:59.146493 #25815] DEBUG -- : Scoring new state: {:rating=>10, :state=>{:unknown=>1, :possibly_lighter=>0, :possibly_heavier=>0, :normal=>2}}
D, [2018-03-30T14:13:59.153067 #25815] DEBUG -- : calculating updated score for older state...
D, [2018-03-30T14:13:59.161123 #25815] DEBUG -- : generating weighed rated selections...
D, [2018-03-30T14:13:59.193453 #25815] DEBUG -- : scoring weighed rated selections...
D, [2018-03-30T14:13:59.193681 #25815] DEBUG -- : Saving scored selections...
D, [2018-03-30T14:13:59.198552 #25815] DEBUG -- : 
State Score successfully calculated
D, [2018-03-30T14:13:59.198679 #25815] DEBUG -- : Scoring new state: {:rating=>9, :state=>{:unknown=>0, :possibly_lighter=>1, :possibly_heavier=>1, :normal=>1}}
D, [2018-03-30T14:13:59.202300 #25815] DEBUG -- : calculating updated score for older state...
D, [2018-03-30T14:13:59.208165 #25815] DEBUG -- : generating weighed rated selections...
D, [2018-03-30T14:13:59.252427 #25815] DEBUG -- : scoring weighed rated selections...
D, [2018-03-30T14:13:59.252566 #25815] DEBUG -- : Saving scored selections...
D, [2018-03-30T14:13:59.261927 #25815] DEBUG -- : 
State Score successfully calculated
D, [2018-03-30T14:13:59.262226 #25815] DEBUG -- : Saving scored selections...
D, [2018-03-30T14:13:59.406490 #25815] DEBUG -- : calculating updated score for older state...
D, [2018-03-30T14:13:59.421330 #25815] DEBUG -- : generating weighed rated selections...
D, [2018-03-30T14:13:59.445887 #25815] DEBUG -- : scoring weighed rated selections...
D, [2018-03-30T14:13:59.446148 #25815] DEBUG -- : Scoring new state: {:rating=>10, :state=>{:unknown=>1, :possibly_lighter=>0, :possibly_heavier=>0, :normal=>2}}
D, [2018-03-30T14:13:59.451505 #25815] DEBUG -- : calculating updated score for older state...
D, [2018-03-30T14:13:59.456910 #25815] DEBUG -- : generating weighed rated selections...
D, [2018-03-30T14:13:59.480740 #25815] DEBUG -- : scoring weighed rated selections...
D, [2018-03-30T14:13:59.480908 #25815] DEBUG -- : Saving scored selections...
D, [2018-03-30T14:13:59.485149 #25815] DEBUG -- : 
State Score successfully calculated
D, [2018-03-30T14:13:59.485242 #25815] DEBUG -- : Scoring new state: {:rating=>9, :state=>{:unknown=>0, :possibly_lighter=>1, :possibly_heavier=>1, :normal=>1}}
D, [2018-03-30T14:13:59.488192 #25815] DEBUG -- : calculating updated score for older state...
D, [2018-03-30T14:13:59.492644 #25815] DEBUG -- : generating weighed rated selections...
D, [2018-03-30T14:13:59.529195 #25815] DEBUG -- : scoring weighed rated selections...
D, [2018-03-30T14:13:59.529369 #25815] DEBUG -- : Saving scored selections...
D, [2018-03-30T14:13:59.535623 #25815] DEBUG -- : 
State Score successfully calculated
D, [2018-03-30T14:13:59.535783 #25815] DEBUG -- : Saving scored selections...
D, [2018-03-30T14:13:59.673016 #25815] DEBUG -- : calculating updated score for older state...
D, [2018-03-30T14:13:59.689128 #25815] DEBUG -- : generating weighed rated selections...
D, [2018-03-30T14:13:59.721445 #25815] DEBUG -- : scoring weighed rated selections...
D, [2018-03-30T14:13:59.721805 #25815] DEBUG -- : Scoring new state: {:rating=>10, :state=>{:unknown=>1, :possibly_lighter=>0, :possibly_heavier=>0, :normal=>2}}
D, [2018-03-30T14:13:59.728480 #25815] DEBUG -- : calculating updated score for older state...
D, [2018-03-30T14:13:59.734566 #25815] DEBUG -- : generating weighed rated selections...
D, [2018-03-30T14:13:59.758800 #25815] DEBUG -- : scoring weighed rated selections...
D, [2018-03-30T14:13:59.758896 #25815] DEBUG -- : Saving scored selections...
D, [2018-03-30T14:13:59.762604 #25815] DEBUG -- : 
State Score successfully calculated
D, [2018-03-30T14:13:59.762698 #25815] DEBUG -- : Scoring new state: {:rating=>9, :state=>{:unknown=>0, :possibly_lighter=>1, :possibly_heavier=>1, :normal=>1}}
D, [2018-03-30T14:13:59.765459 #25815] DEBUG -- : calculating updated score for older state...
D, [2018-03-30T14:13:59.769153 #25815] DEBUG -- : generating weighed rated selections...
D, [2018-03-30T14:13:59.806334 #25815] DEBUG -- : scoring weighed rated selections...
D, [2018-03-30T14:13:59.806493 #25815] DEBUG -- : Saving scored selections...
D, [2018-03-30T14:13:59.812292 #25815] DEBUG -- : 
State Score successfully calculated
D, [2018-03-30T14:13:59.812580 #25815] DEBUG -- : Saving scored selections...
D, [2018-03-30T14:13:59.971470 #25815] DEBUG -- : calculating updated score for older state...
D, [2018-03-30T14:13:59.980215 #25815] DEBUG -- : generating weighed rated selections...
D, [2018-03-30T14:14:00.007718 #25815] DEBUG -- : scoring weighed rated selections...
D, [2018-03-30T14:14:00.008359 #25815] DEBUG -- : Scoring new state: {:rating=>10, :state=>{:unknown=>1, :possibly_lighter=>0, :possibly_heavier=>0, :normal=>2}}
D, [2018-03-30T14:14:00.017300 #25815] DEBUG -- : calculating updated score for older state...
D, [2018-03-30T14:14:00.023647 #25815] DEBUG -- : generating weighed rated selections...
D, [2018-03-30T14:14:00.059152 #25815] DEBUG -- : scoring weighed rated selections...
D, [2018-03-30T14:14:00.059393 #25815] DEBUG -- : Saving scored selections...
D, [2018-03-30T14:14:00.065284 #25815] DEBUG -- : 
State Score successfully calculated
D, [2018-03-30T14:14:00.065441 #25815] DEBUG -- : Scoring new state: {:rating=>9, :state=>{:unknown=>0, :possibly_lighter=>1, :possibly_heavier=>1, :normal=>1}}
D, [2018-03-30T14:14:00.070236 #25815] DEBUG -- : calculating updated score for older state...
D, [2018-03-30T14:14:00.076192 #25815] DEBUG -- : generating weighed rated selections...
D, [2018-03-30T14:14:00.137945 #25815] DEBUG -- : scoring weighed rated selections...
D, [2018-03-30T14:14:00.138523 #25815] DEBUG -- : Saving scored selections...
D, [2018-03-30T14:14:00.152809 #25815] DEBUG -- : 
State Score successfully calculated
D, [2018-03-30T14:14:00.153152 #25815] DEBUG -- : Saving scored selections...
D, [2018-03-30T14:14:00.288700 #25815] DEBUG -- : calculating updated score for older state...
D, [2018-03-30T14:14:00.305227 #25815] DEBUG -- : generating weighed rated selections...
D, [2018-03-30T14:14:00.334394 #25815] DEBUG -- : scoring weighed rated selections...
D, [2018-03-30T14:14:00.334609 #25815] DEBUG -- : Scoring new state: {:rating=>10, :state=>{:unknown=>1, :possibly_lighter=>0, :possibly_heavier=>0, :normal=>2}}
D, [2018-03-30T14:14:00.338436 #25815] DEBUG -- : calculating updated score for older state...
D, [2018-03-30T14:14:00.343549 #25815] DEBUG -- : generating weighed rated selections...
D, [2018-03-30T14:14:00.365659 #25815] DEBUG -- : scoring weighed rated selections...
D, [2018-03-30T14:14:00.365766 #25815] DEBUG -- : Saving scored selections...
D, [2018-03-30T14:14:00.369596 #25815] DEBUG -- : 
State Score successfully calculated
D, [2018-03-30T14:14:00.369670 #25815] DEBUG -- : Scoring new state: {:rating=>9, :state=>{:unknown=>0, :possibly_lighter=>1, :possibly_heavier=>1, :normal=>1}}
D, [2018-03-30T14:14:00.372325 #25815] DEBUG -- : calculating updated score for older state...
D, [2018-03-30T14:14:00.375718 #25815] DEBUG -- : generating weighed rated selections...
D, [2018-03-30T14:14:00.406435 #25815] DEBUG -- : scoring weighed rated selections...
D, [2018-03-30T14:14:00.406576 #25815] DEBUG -- : Saving scored selections...
D, [2018-03-30T14:14:00.412850 #25815] DEBUG -- : 
State Score successfully calculated
D, [2018-03-30T14:14:00.412915 #25815] DEBUG -- : Saving scored selections...
D, [2018-03-30T14:14:00.518950 #25815] DEBUG -- : calculating updated score for older state...
D, [2018-03-30T14:14:00.531145 #25815] DEBUG -- : generating weighed rated selections...
D, [2018-03-30T14:14:00.548545 #25815] DEBUG -- : scoring weighed rated selections...
D, [2018-03-30T14:14:00.548687 #25815] DEBUG -- : Scoring new state: {:rating=>10, :state=>{:unknown=>1, :possibly_lighter=>0, :possibly_heavier=>0, :normal=>2}}
D, [2018-03-30T14:14:00.551337 #25815] DEBUG -- : calculating updated score for older state...
D, [2018-03-30T14:14:00.554547 #25815] DEBUG -- : generating weighed rated selections...
D, [2018-03-30T14:14:00.574452 #25815] DEBUG -- : scoring weighed rated selections...
D, [2018-03-30T14:14:00.575210 #25815] DEBUG -- : Saving scored selections...
D, [2018-03-30T14:14:00.581150 #25815] DEBUG -- : 
State Score successfully calculated
D, [2018-03-30T14:14:00.581499 #25815] DEBUG -- : Scoring new state: {:rating=>9, :state=>{:unknown=>0, :possibly_lighter=>1, :possibly_heavier=>1, :normal=>1}}
D, [2018-03-30T14:14:00.593100 #25815] DEBUG -- : calculating updated score for older state...
D, [2018-03-30T14:14:00.603624 #25815] DEBUG -- : generating weighed rated selections...
D, [2018-03-30T14:14:00.660988 #25815] DEBUG -- : scoring weighed rated selections...
D, [2018-03-30T14:14:00.661362 #25815] DEBUG -- : Saving scored selections...
D, [2018-03-30T14:14:00.671073 #25815] DEBUG -- : 
State Score successfully calculated
D, [2018-03-30T14:14:00.671244 #25815] DEBUG -- : Saving scored selections...
D, [2018-03-30T14:14:00.793088 #25815] DEBUG -- : calculating updated score for older state...
D, [2018-03-30T14:14:00.810731 #25815] DEBUG -- : generating weighed rated selections...
D, [2018-03-30T14:14:00.840134 #25815] DEBUG -- : scoring weighed rated selections...
D, [2018-03-30T14:14:00.840447 #25815] DEBUG -- : Scoring new state: {:rating=>10, :state=>{:unknown=>1, :possibly_lighter=>0, :possibly_heavier=>0, :normal=>2}}
D, [2018-03-30T14:14:00.845095 #25815] DEBUG -- : calculating updated score for older state...
D, [2018-03-30T14:14:00.851754 #25815] DEBUG -- : generating weighed rated selections...
D, [2018-03-30T14:14:00.892248 #25815] DEBUG -- : scoring weighed rated selections...
D, [2018-03-30T14:14:00.893850 #25815] DEBUG -- : Saving scored selections...
D, [2018-03-30T14:14:00.899643 #25815] DEBUG -- : 
State Score successfully calculated
D, [2018-03-30T14:14:00.899800 #25815] DEBUG -- : Scoring new state: {:rating=>9, :state=>{:unknown=>0, :possibly_lighter=>1, :possibly_heavier=>1, :normal=>1}}
D, [2018-03-30T14:14:00.904318 #25815] DEBUG -- : calculating updated score for older state...
D, [2018-03-30T14:14:00.910317 #25815] DEBUG -- : generating weighed rated selections...
D, [2018-03-30T14:14:00.976996 #25815] DEBUG -- : scoring weighed rated selections...
D, [2018-03-30T14:14:00.977328 #25815] DEBUG -- : Saving scored selections...
D, [2018-03-30T14:14:00.985245 #25815] DEBUG -- : 
State Score successfully calculated
D, [2018-03-30T14:14:00.985348 #25815] DEBUG -- : Saving scored selections...
D, [2018-03-30T14:14:01.071662 #25815] DEBUG -- : calculating updated score for older state...
D, [2018-03-30T14:14:01.074870 #25815] DEBUG -- : generating weighed rated selections...
D, [2018-03-30T14:14:01.086894 #25815] DEBUG -- : scoring weighed rated selections...
D, [2018-03-30T14:14:01.087046 #25815] DEBUG -- : Scoring new state: {:rating=>10, :state=>{:unknown=>1, :possibly_lighter=>0, :possibly_heavier=>0, :normal=>2}}
D, [2018-03-30T14:14:01.089405 #25815] DEBUG -- : calculating updated score for older state...
D, [2018-03-30T14:14:01.092706 #25815] DEBUG -- : generating weighed rated selections...
D, [2018-03-30T14:14:01.114063 #25815] DEBUG -- : scoring weighed rated selections...
D, [2018-03-30T14:14:01.114204 #25815] DEBUG -- : Saving scored selections...
D, [2018-03-30T14:14:01.119771 #25815] DEBUG -- : 
State Score successfully calculated
D, [2018-03-30T14:14:01.120088 #25815] DEBUG -- : Scoring new state: {:rating=>9, :state=>{:unknown=>0, :possibly_lighter=>1, :possibly_heavier=>1, :normal=>1}}
D, [2018-03-30T14:14:01.133004 #25815] DEBUG -- : calculating updated score for older state...
D, [2018-03-30T14:14:01.148693 #25815] DEBUG -- : generating weighed rated selections...
D, [2018-03-30T14:14:01.211313 #25815] DEBUG -- : scoring weighed rated selections...
D, [2018-03-30T14:14:01.212768 #25815] DEBUG -- : Saving scored selections...
D, [2018-03-30T14:14:01.225921 #25815] DEBUG -- : 
State Score successfully calculated
D, [2018-03-30T14:14:01.226099 #25815] DEBUG -- : Saving scored selections...
D, [2018-03-30T14:14:01.337703 #25815] DEBUG -- : calculating updated score for older state...
D, [2018-03-30T14:14:01.344951 #25815] DEBUG -- : generating weighed rated selections...
D, [2018-03-30T14:14:01.360165 #25815] DEBUG -- : scoring weighed rated selections...
D, [2018-03-30T14:14:01.360273 #25815] DEBUG -- : Scoring new state: {:rating=>10, :state=>{:unknown=>1, :possibly_lighter=>0, :possibly_heavier=>0, :normal=>2}}
D, [2018-03-30T14:14:01.362936 #25815] DEBUG -- : calculating updated score for older state...
D, [2018-03-30T14:14:01.366994 #25815] DEBUG -- : generating weighed rated selections...
D, [2018-03-30T14:14:01.388153 #25815] DEBUG -- : scoring weighed rated selections...
D, [2018-03-30T14:14:01.388267 #25815] DEBUG -- : Saving scored selections...
D, [2018-03-30T14:14:01.392876 #25815] DEBUG -- : 
State Score successfully calculated
D, [2018-03-30T14:14:01.392942 #25815] DEBUG -- : Scoring new state: {:rating=>9, :state=>{:unknown=>0, :possibly_lighter=>1, :possibly_heavier=>1, :normal=>1}}
D, [2018-03-30T14:14:01.395335 #25815] DEBUG -- : calculating updated score for older state...
D, [2018-03-30T14:14:01.398404 #25815] DEBUG -- : generating weighed rated selections...
D, [2018-03-30T14:14:01.436302 #25815] DEBUG -- : scoring weighed rated selections...
D, [2018-03-30T14:14:01.436404 #25815] DEBUG -- : Saving scored selections...
D, [2018-03-30T14:14:01.442035 #25815] DEBUG -- : 
State Score successfully calculated
D, [2018-03-30T14:14:01.442101 #25815] DEBUG -- : Saving scored selections...
D, [2018-03-30T14:14:01.544833 #25815] DEBUG -- : calculating updated score for older state...
D, [2018-03-30T14:14:01.549320 #25815] DEBUG -- : generating weighed rated selections...
D, [2018-03-30T14:14:01.565865 #25815] DEBUG -- : scoring weighed rated selections...
D, [2018-03-30T14:14:01.566022 #25815] DEBUG -- : Scoring new state: {:rating=>10, :state=>{:unknown=>1, :possibly_lighter=>0, :possibly_heavier=>0, :normal=>2}}
D, [2018-03-30T14:14:01.569842 #25815] DEBUG -- : calculating updated score for older state...
D, [2018-03-30T14:14:01.574126 #25815] DEBUG -- : generating weighed rated selections...
D, [2018-03-30T14:14:01.618113 #25815] DEBUG -- : scoring weighed rated selections...
D, [2018-03-30T14:14:01.618341 #25815] DEBUG -- : Saving scored selections...
D, [2018-03-30T14:14:01.623557 #25815] DEBUG -- : 
State Score successfully calculated
D, [2018-03-30T14:14:01.623692 #25815] DEBUG -- : Scoring new state: {:rating=>9, :state=>{:unknown=>0, :possibly_lighter=>1, :possibly_heavier=>1, :normal=>1}}
D, [2018-03-30T14:14:01.627953 #25815] DEBUG -- : calculating updated score for older state...
D, [2018-03-30T14:14:01.633173 #25815] DEBUG -- : generating weighed rated selections...
D, [2018-03-30T14:14:01.675931 #25815] DEBUG -- : scoring weighed rated selections...
D, [2018-03-30T14:14:01.676762 #25815] DEBUG -- : Saving scored selections...
D, [2018-03-30T14:14:01.684984 #25815] DEBUG -- : 
State Score successfully calculated
D, [2018-03-30T14:14:01.685424 #25815] DEBUG -- : Saving scored selections...
D, [2018-03-30T14:14:01.820333 #25815] DEBUG -- : calculating updated score for older state...
D, [2018-03-30T14:14:01.825640 #25815] DEBUG -- : generating weighed rated selections...
D, [2018-03-30T14:14:01.844789 #25815] DEBUG -- : scoring weighed rated selections...
D, [2018-03-30T14:14:01.845405 #25815] DEBUG -- : Scoring new state: {:rating=>10, :state=>{:unknown=>1, :possibly_lighter=>0, :possibly_heavier=>0, :normal=>2}}
D, [2018-03-30T14:14:01.856205 #25815] DEBUG -- : calculating updated score for older state...
D, [2018-03-30T14:14:01.863025 #25815] DEBUG -- : generating weighed rated selections...
D, [2018-03-30T14:14:01.885655 #25815] DEBUG -- : scoring weighed rated selections...
D, [2018-03-30T14:14:01.885818 #25815] DEBUG -- : Saving scored selections...
D, [2018-03-30T14:14:01.889837 #25815] DEBUG -- : 
State Score successfully calculated
D, [2018-03-30T14:14:01.889928 #25815] DEBUG -- : Scoring new state: {:rating=>9, :state=>{:unknown=>0, :possibly_lighter=>1, :possibly_heavier=>1, :normal=>1}}
D, [2018-03-30T14:14:01.892468 #25815] DEBUG -- : calculating updated score for older state...
D, [2018-03-30T14:14:01.896260 #25815] DEBUG -- : generating weighed rated selections...
D, [2018-03-30T14:14:01.967098 #25815] DEBUG -- : scoring weighed rated selections...
D, [2018-03-30T14:14:01.967531 #25815] DEBUG -- : Saving scored selections...
D, [2018-03-30T14:14:01.979106 #25815] DEBUG -- : 
State Score successfully calculated
D, [2018-03-30T14:14:01.979227 #25815] DEBUG -- : Saving scored selections...
D, [2018-03-30T14:14:02.061688 #25815] DEBUG -- : calculating updated score for older state...
D, [2018-03-30T14:14:02.064966 #25815] DEBUG -- : generating weighed rated selections...
D, [2018-03-30T14:14:02.077345 #25815] DEBUG -- : scoring weighed rated selections...
D, [2018-03-30T14:14:02.077478 #25815] DEBUG -- : Scoring new state: {:rating=>10, :state=>{:unknown=>1, :possibly_lighter=>0, :possibly_heavier=>0, :normal=>2}}
D, [2018-03-30T14:14:02.080187 #25815] DEBUG -- : calculating updated score for older state...
D, [2018-03-30T14:14:02.083239 #25815] DEBUG -- : generating weighed rated selections...
D, [2018-03-30T14:14:02.113422 #25815] DEBUG -- : scoring weighed rated selections...
D, [2018-03-30T14:14:02.114150 #25815] DEBUG -- : Saving scored selections...
D, [2018-03-30T14:14:02.124505 #25815] DEBUG -- : 
State Score successfully calculated
D, [2018-03-30T14:14:02.124844 #25815] DEBUG -- : Scoring new state: {:rating=>9, :state=>{:unknown=>0, :possibly_lighter=>1, :possibly_heavier=>1, :normal=>1}}
D, [2018-03-30T14:14:02.134199 #25815] DEBUG -- : calculating updated score for older state...
D, [2018-03-30T14:14:02.142170 #25815] DEBUG -- : generating weighed rated selections...
D, [2018-03-30T14:14:02.198495 #25815] DEBUG -- : scoring weighed rated selections...
D, [2018-03-30T14:14:02.199063 #25815] DEBUG -- : Saving scored selections...
D, [2018-03-30T14:14:02.211851 #25815] DEBUG -- : 
State Score successfully calculated
D, [2018-03-30T14:14:02.212017 #25815] DEBUG -- : Saving scored selections...
D, [2018-03-30T14:14:02.329725 #25815] DEBUG -- : calculating updated score for older state...
D, [2018-03-30T14:14:02.333855 #25815] DEBUG -- : generating weighed rated selections...
D, [2018-03-30T14:14:02.348068 #25815] DEBUG -- : scoring weighed rated selections...
D, [2018-03-30T14:14:02.348164 #25815] DEBUG -- : Scoring new state: {:rating=>10, :state=>{:unknown=>1, :possibly_lighter=>0, :possibly_heavier=>0, :normal=>2}}
D, [2018-03-30T14:14:02.350560 #25815] DEBUG -- : calculating updated score for older state...
D, [2018-03-30T14:14:02.353779 #25815] DEBUG -- : generating weighed rated selections...
D, [2018-03-30T14:14:02.374182 #25815] DEBUG -- : scoring weighed rated selections...
D, [2018-03-30T14:14:02.374259 #25815] DEBUG -- : Saving scored selections...
D, [2018-03-30T14:14:02.377713 #25815] DEBUG -- : 
State Score successfully calculated
D, [2018-03-30T14:14:02.377784 #25815] DEBUG -- : Scoring new state: {:rating=>9, :state=>{:unknown=>0, :possibly_lighter=>1, :possibly_heavier=>1, :normal=>1}}
D, [2018-03-30T14:14:02.380034 #25815] DEBUG -- : calculating updated score for older state...
D, [2018-03-30T14:14:02.383430 #25815] DEBUG -- : generating weighed rated selections...
D, [2018-03-30T14:14:02.443329 #25815] DEBUG -- : scoring weighed rated selections...
D, [2018-03-30T14:14:02.443767 #25815] DEBUG -- : Saving scored selections...
D, [2018-03-30T14:14:02.456117 #25815] DEBUG -- : 
State Score successfully calculated
D, [2018-03-30T14:14:02.456303 #25815] DEBUG -- : Saving scored selections...
D, [2018-03-30T14:14:02.575901 #25815] DEBUG -- : calculating updated score for older state...
D, [2018-03-30T14:14:02.587895 #25815] DEBUG -- : generating weighed rated selections...
D, [2018-03-30T14:14:02.613341 #25815] DEBUG -- : scoring weighed rated selections...
D, [2018-03-30T14:14:02.613781 #25815] DEBUG -- : Scoring new state: {:rating=>10, :state=>{:unknown=>1, :possibly_lighter=>0, :possibly_heavier=>0, :normal=>2}}
D, [2018-03-30T14:14:02.621137 #25815] DEBUG -- : calculating updated score for older state...
D, [2018-03-30T14:14:02.627827 #25815] DEBUG -- : generating weighed rated selections...
D, [2018-03-30T14:14:02.653195 #25815] DEBUG -- : scoring weighed rated selections...
D, [2018-03-30T14:14:02.653334 #25815] DEBUG -- : Saving scored selections...
D, [2018-03-30T14:14:02.657617 #25815] DEBUG -- : 
State Score successfully calculated
D, [2018-03-30T14:14:02.657944 #25815] DEBUG -- : Scoring new state: {:rating=>9, :state=>{:unknown=>0, :possibly_lighter=>1, :possibly_heavier=>1, :normal=>1}}
D, [2018-03-30T14:14:02.669693 #25815] DEBUG -- : calculating updated score for older state...
D, [2018-03-30T14:14:02.679115 #25815] DEBUG -- : generating weighed rated selections...
D, [2018-03-30T14:14:02.742136 #25815] DEBUG -- : scoring weighed rated selections...
D, [2018-03-30T14:14:02.742725 #25815] DEBUG -- : Saving scored selections...
D, [2018-03-30T14:14:02.757435 #25815] DEBUG -- : 
State Score successfully calculated
D, [2018-03-30T14:14:02.757725 #25815] DEBUG -- : Saving scored selections...
D, [2018-03-30T14:14:06.586864 #25815] DEBUG -- : generating weighed rated selections...
D, [2018-03-30T14:14:06.822871 #25815] DEBUG -- : scoring weighed rated selections...
D, [2018-03-30T14:14:06.824964 #25815] DEBUG -- : Saving scored selections...
D, [2018-03-30T14:14:06.852425 #25815] DEBUG -- : generating weighed rated selections...
D, [2018-03-30T14:14:07.310215 #25815] DEBUG -- : scoring weighed rated selections...
D, [2018-03-30T14:14:07.310790 #25815] DEBUG -- : Saving scored selections...
D, [2018-03-30T14:14:07.461740 #25815] DEBUG -- : Scoring new state: {:rating=>31, :state=>{:unknown=>0, :possibly_lighter=>1, :possibly_heavier=>2, :normal=>5}}
D, [2018-03-30T14:14:07.466110 #25815] DEBUG -- : generating score for new state...
D, [2018-03-30T14:14:07.474936 #25815] DEBUG -- : generating weighed rated selections...
D, [2018-03-30T14:14:08.023682 #25815] DEBUG -- : scoring weighed rated selections...
D, [2018-03-30T14:14:08.024316 #25815] DEBUG -- : Saving scored selections...
D, [2018-03-30T14:14:08.039640 #25815] DEBUG -- : 
State Score successfully calculated
D, [2018-03-30T14:14:08.039835 #25815] DEBUG -- : Scoring new state: {:rating=>34, :state=>{:unknown=>0, :possibly_lighter=>1, :possibly_heavier=>1, :normal=>6}}
D, [2018-03-30T14:14:08.048043 #25815] DEBUG -- : calculating updated score for older state...
D, [2018-03-30T14:14:08.054918 #25815] DEBUG -- : generating weighed rated selections...
D, [2018-03-30T14:14:08.237689 #25815] DEBUG -- : scoring weighed rated selections...
D, [2018-03-30T14:14:08.238089 #25815] DEBUG -- : Saving scored selections...
D, [2018-03-30T14:14:08.265471 #25815] DEBUG -- : 
State Score successfully calculated
D, [2018-03-30T14:14:08.265663 #25815] DEBUG -- : Scoring new state: {:rating=>31, :state=>{:unknown=>0, :possibly_lighter=>2, :possibly_heavier=>1, :normal=>5}}
D, [2018-03-30T14:14:08.273130 #25815] DEBUG -- : generating score for new state...
D, [2018-03-30T14:14:08.294543 #25815] DEBUG -- : generating weighed rated selections...
D, [2018-03-30T14:14:08.786447 #25815] DEBUG -- : scoring weighed rated selections...
D, [2018-03-30T14:14:08.787176 #25815] DEBUG -- : Saving scored selections...
D, [2018-03-30T14:14:08.804405 #25815] DEBUG -- : 
State Score successfully calculated
D, [2018-03-30T14:14:08.899837 #25815] DEBUG -- : Scoring new state: {:rating=>31, :state=>{:unknown=>0, :possibly_lighter=>1, :possibly_heavier=>2, :normal=>5}}
D, [2018-03-30T14:14:08.911789 #25815] DEBUG -- : generating score for new state...
D, [2018-03-30T14:14:08.929872 #25815] DEBUG -- : generating weighed rated selections...
D, [2018-03-30T14:14:09.489533 #25815] DEBUG -- : scoring weighed rated selections...
D, [2018-03-30T14:14:09.490115 #25815] DEBUG -- : Saving scored selections...
D, [2018-03-30T14:14:09.507802 #25815] DEBUG -- : 
State Score successfully calculated
D, [2018-03-30T14:14:09.507997 #25815] DEBUG -- : Scoring new state: {:rating=>34, :state=>{:unknown=>0, :possibly_lighter=>1, :possibly_heavier=>1, :normal=>6}}
D, [2018-03-30T14:14:09.514928 #25815] DEBUG -- : calculating updated score for older state...
D, [2018-03-30T14:14:09.522871 #25815] DEBUG -- : generating weighed rated selections...
D, [2018-03-30T14:14:09.782511 #25815] DEBUG -- : scoring weighed rated selections...
D, [2018-03-30T14:14:09.786760 #25815] DEBUG -- : Saving scored selections...
D, [2018-03-30T14:14:09.813314 #25815] DEBUG -- : 
State Score successfully calculated
D, [2018-03-30T14:14:09.813639 #25815] DEBUG -- : Scoring new state: {:rating=>31, :state=>{:unknown=>0, :possibly_lighter=>2, :possibly_heavier=>1, :normal=>5}}
D, [2018-03-30T14:14:09.824546 #25815] DEBUG -- : generating score for new state...
D, [2018-03-30T14:14:09.837171 #25815] DEBUG -- : generating weighed rated selections...
D, [2018-03-30T14:14:10.270669 #25815] DEBUG -- : scoring weighed rated selections...
D, [2018-03-30T14:14:10.270932 #25815] DEBUG -- : Saving scored selections...
D, [2018-03-30T14:14:10.284419 #25815] DEBUG -- : 
State Score successfully calculated
D, [2018-03-30T14:14:10.284784 #25815] DEBUG -- : Scoring new state: {:rating=>34, :state=>{:unknown=>0, :possibly_lighter=>1, :possibly_heavier=>1, :normal=>6}}
D, [2018-03-30T14:14:10.295616 #25815] DEBUG -- : returning fully calculated score...
D, [2018-03-30T14:14:10.295923 #25815] DEBUG -- : 
State Score successfully calculated
D, [2018-03-30T14:14:10.412517 #25815] DEBUG -- : Scoring new state: {:rating=>29, :state=>{:unknown=>1, :possibly_lighter=>2, :possibly_heavier=>0, :normal=>5}}
D, [2018-03-30T14:14:10.424059 #25815] DEBUG -- : generating score for new state...
D, [2018-03-30T14:14:10.437083 #25815] DEBUG -- : generating weighed rated selections...
D, [2018-03-30T14:14:10.975430 #25815] DEBUG -- : scoring weighed rated selections...
D, [2018-03-30T14:14:10.975951 #25815] DEBUG -- : Scoring new state: {:rating=>32, :state=>{:unknown=>1, :possibly_lighter=>1, :possibly_heavier=>0, :normal=>6}}
D, [2018-03-30T14:14:10.981991 #25815] DEBUG -- : calculating updated score for older state...
D, [2018-03-30T14:14:10.987695 #25815] DEBUG -- : generating weighed rated selections...
D, [2018-03-30T14:14:11.223650 #25815] DEBUG -- : scoring weighed rated selections...
D, [2018-03-30T14:14:11.224064 #25815] DEBUG -- : Saving scored selections...
D, [2018-03-30T14:14:11.236507 #25815] DEBUG -- : 
State Score successfully calculated
D, [2018-03-30T14:14:11.236701 #25815] DEBUG -- : Scoring new state: {:rating=>37, :state=>{:unknown=>0, :possibly_lighter=>1, :possibly_heavier=>0, :normal=>7}}
D, [2018-03-30T14:14:11.236799 #25815] DEBUG -- : 
State Score successfully calculated
D, [2018-03-30T14:14:11.236935 #25815] DEBUG -- : Scoring new state: {:rating=>37, :state=>{:unknown=>0, :possibly_lighter=>0, :possibly_heavier=>1, :normal=>7}}
D, [2018-03-30T14:14:11.236996 #25815] DEBUG -- : 
State Score successfully calculated
D, [2018-03-30T14:14:11.237058 #25815] DEBUG -- : Scoring new state: {:rating=>37, :state=>{:unknown=>0, :possibly_lighter=>1, :possibly_heavier=>0, :normal=>7}}
D, [2018-03-30T14:14:11.237105 #25815] DEBUG -- : 
State Score successfully calculated
D, [2018-03-30T14:14:11.237163 #25815] DEBUG -- : Scoring new state: {:rating=>34, :state=>{:unknown=>0, :possibly_lighter=>2, :possibly_heavier=>0, :normal=>6}}
D, [2018-03-30T14:14:11.242155 #25815] DEBUG -- : calculating updated score for older state...
D, [2018-03-30T14:14:11.247803 #25815] DEBUG -- : generating weighed rated selections...
D, [2018-03-30T14:14:11.317002 #25815] DEBUG -- : scoring weighed rated selections...
D, [2018-03-30T14:14:11.317615 #25815] DEBUG -- : Saving scored selections...
D, [2018-03-30T14:14:11.343178 #25815] DEBUG -- : 
State Score successfully calculated
D, [2018-03-30T14:14:11.343340 #25815] DEBUG -- : Scoring new state: {:rating=>32, :state=>{:unknown=>1, :possibly_lighter=>1, :possibly_heavier=>0, :normal=>6}}
D, [2018-03-30T14:14:11.348528 #25815] DEBUG -- : calculating updated score for older state...
D, [2018-03-30T14:14:11.353619 #25815] DEBUG -- : generating weighed rated selections...
D, [2018-03-30T14:14:11.371395 #25815] DEBUG -- : scoring weighed rated selections...
D, [2018-03-30T14:14:11.371497 #25815] DEBUG -- : Saving scored selections...
D, [2018-03-30T14:14:11.378559 #25815] DEBUG -- : 
State Score successfully calculated
D, [2018-03-30T14:14:11.378663 #25815] DEBUG -- : Scoring new state: {:rating=>37, :state=>{:unknown=>0, :possibly_lighter=>1, :possibly_heavier=>0, :normal=>7}}
D, [2018-03-30T14:14:11.378689 #25815] DEBUG -- : 
State Score successfully calculated
D, [2018-03-30T14:14:11.378720 #25815] DEBUG -- : Scoring new state: {:rating=>35, :state=>{:unknown=>1, :possibly_lighter=>0, :possibly_heavier=>0, :normal=>7}}
D, [2018-03-30T14:14:11.380957 #25815] DEBUG -- : calculating updated score for older state...
D, [2018-03-30T14:14:11.384157 #25815] DEBUG -- : generating weighed rated selections...
D, [2018-03-30T14:14:11.475416 #25815] DEBUG -- : scoring weighed rated selections...
D, [2018-03-30T14:14:11.476775 #25815] DEBUG -- : Saving scored selections...
D, [2018-03-30T14:14:11.488305 #25815] DEBUG -- : 
State Score successfully calculated
D, [2018-03-30T14:14:11.488420 #25815] DEBUG -- : Scoring new state: {:rating=>37, :state=>{:unknown=>0, :possibly_lighter=>1, :possibly_heavier=>0, :normal=>7}}
D, [2018-03-30T14:14:11.488482 #25815] DEBUG -- : 
State Score successfully calculated
D, [2018-03-30T14:14:11.488532 #25815] DEBUG -- : Scoring new state: {:rating=>34, :state=>{:unknown=>0, :possibly_lighter=>1, :possibly_heavier=>1, :normal=>6}}
D, [2018-03-30T14:14:11.492780 #25815] DEBUG -- : calculating updated score for older state...
D, [2018-03-30T14:14:11.496581 #25815] DEBUG -- : generating weighed rated selections...
D, [2018-03-30T14:14:11.725598 #25815] DEBUG -- : scoring weighed rated selections...
D, [2018-03-30T14:14:11.725948 #25815] DEBUG -- : Saving scored selections...
D, [2018-03-30T14:14:11.764020 #25815] DEBUG -- : 
State Score successfully calculated
D, [2018-03-30T14:14:11.764353 #25815] DEBUG -- : Scoring new state: {:rating=>37, :state=>{:unknown=>0, :possibly_lighter=>1, :possibly_heavier=>0, :normal=>7}}
D, [2018-03-30T14:14:11.764549 #25815] DEBUG -- : 
State Score successfully calculated
D, [2018-03-30T14:14:11.764785 #25815] DEBUG -- : Scoring new state: {:rating=>37, :state=>{:unknown=>0, :possibly_lighter=>0, :possibly_heavier=>1, :normal=>7}}
D, [2018-03-30T14:14:11.764962 #25815] DEBUG -- : 
State Score successfully calculated
D, [2018-03-30T14:14:11.765172 #25815] DEBUG -- : Scoring new state: {:rating=>37, :state=>{:unknown=>0, :possibly_lighter=>1, :possibly_heavier=>0, :normal=>7}}
D, [2018-03-30T14:14:11.765321 #25815] DEBUG -- : 
State Score successfully calculated
D, [2018-03-30T14:14:11.765526 #25815] DEBUG -- : Scoring new state: {:rating=>34, :state=>{:unknown=>0, :possibly_lighter=>2, :possibly_heavier=>0, :normal=>6}}
D, [2018-03-30T14:14:11.778609 #25815] DEBUG -- : returning fully calculated score...
D, [2018-03-30T14:14:11.778952 #25815] DEBUG -- : 
State Score successfully calculated
D, [2018-03-30T14:14:11.779278 #25815] DEBUG -- : Scoring new state: {:rating=>34, :state=>{:unknown=>0, :possibly_lighter=>1, :possibly_heavier=>1, :normal=>6}}
D, [2018-03-30T14:14:11.787521 #25815] DEBUG -- : returning fully calculated score...
D, [2018-03-30T14:14:11.787637 #25815] DEBUG -- : 
State Score successfully calculated
D, [2018-03-30T14:14:11.787727 #25815] DEBUG -- : Scoring new state: {:rating=>37, :state=>{:unknown=>0, :possibly_lighter=>1, :possibly_heavier=>0, :normal=>7}}
D, [2018-03-30T14:14:11.787809 #25815] DEBUG -- : 
State Score successfully calculated
D, [2018-03-30T14:14:11.787906 #25815] DEBUG -- : Scoring new state: {:rating=>32, :state=>{:unknown=>1, :possibly_lighter=>1, :possibly_heavier=>0, :normal=>6}}
D, [2018-03-30T14:14:11.792744 #25815] DEBUG -- : calculating updated score for older state...
D, [2018-03-30T14:14:11.797882 #25815] DEBUG -- : generating weighed rated selections...
D, [2018-03-30T14:14:11.819115 #25815] DEBUG -- : scoring weighed rated selections...
D, [2018-03-30T14:14:11.819199 #25815] DEBUG -- : Saving scored selections...
D, [2018-03-30T14:14:11.826535 #25815] DEBUG -- : 
State Score successfully calculated
D, [2018-03-30T14:14:11.826820 #25815] DEBUG -- : Scoring new state: {:rating=>37, :state=>{:unknown=>0, :possibly_lighter=>1, :possibly_heavier=>0, :normal=>7}}
D, [2018-03-30T14:14:11.826928 #25815] DEBUG -- : 
State Score successfully calculated
D, [2018-03-30T14:14:11.826974 #25815] DEBUG -- : Scoring new state: {:rating=>37, :state=>{:unknown=>0, :possibly_lighter=>0, :possibly_heavier=>1, :normal=>7}}
D, [2018-03-30T14:14:11.826998 #25815] DEBUG -- : 
State Score successfully calculated
D, [2018-03-30T14:14:11.827026 #25815] DEBUG -- : Scoring new state: {:rating=>37, :state=>{:unknown=>0, :possibly_lighter=>1, :possibly_heavier=>0, :normal=>7}}
D, [2018-03-30T14:14:11.827049 #25815] DEBUG -- : 
State Score successfully calculated
D, [2018-03-30T14:14:11.827074 #25815] DEBUG -- : Scoring new state: {:rating=>34, :state=>{:unknown=>0, :possibly_lighter=>2, :possibly_heavier=>0, :normal=>6}}
D, [2018-03-30T14:14:11.829249 #25815] DEBUG -- : returning fully calculated score...
D, [2018-03-30T14:14:11.829322 #25815] DEBUG -- : 
State Score successfully calculated
D, [2018-03-30T14:14:11.829374 #25815] DEBUG -- : Scoring new state: {:rating=>35, :state=>{:unknown=>1, :possibly_lighter=>0, :possibly_heavier=>0, :normal=>7}}
D, [2018-03-30T14:14:11.831816 #25815] DEBUG -- : returning fully calculated score...
D, [2018-03-30T14:14:11.831916 #25815] DEBUG -- : 
State Score successfully calculated
D, [2018-03-30T14:14:11.831979 #25815] DEBUG -- : Scoring new state: {:rating=>34, :state=>{:unknown=>0, :possibly_lighter=>2, :possibly_heavier=>0, :normal=>6}}
D, [2018-03-30T14:14:11.834057 #25815] DEBUG -- : returning fully calculated score...
D, [2018-03-30T14:14:11.834125 #25815] DEBUG -- : 
State Score successfully calculated
D, [2018-03-30T14:14:11.834172 #25815] DEBUG -- : Scoring new state: {:rating=>37, :state=>{:unknown=>0, :possibly_lighter=>0, :possibly_heavier=>1, :normal=>7}}
D, [2018-03-30T14:14:11.834196 #25815] DEBUG -- : 
State Score successfully calculated
D, [2018-03-30T14:14:11.834220 #25815] DEBUG -- : Scoring new state: {:rating=>34, :state=>{:unknown=>0, :possibly_lighter=>2, :possibly_heavier=>0, :normal=>6}}
D, [2018-03-30T14:14:11.836372 #25815] DEBUG -- : returning fully calculated score...
D, [2018-03-30T14:14:11.836451 #25815] DEBUG -- : 
State Score successfully calculated
D, [2018-03-30T14:14:11.836494 #25815] DEBUG -- : Scoring new state: {:rating=>37, :state=>{:unknown=>0, :possibly_lighter=>1, :possibly_heavier=>0, :normal=>7}}
D, [2018-03-30T14:14:11.836543 #25815] DEBUG -- : 
State Score successfully calculated
D, [2018-03-30T14:14:11.836582 #25815] DEBUG -- : Scoring new state: {:rating=>32, :state=>{:unknown=>1, :possibly_lighter=>1, :possibly_heavier=>0, :normal=>6}}
D, [2018-03-30T14:14:11.838898 #25815] DEBUG -- : calculating updated score for older state...
D, [2018-03-30T14:14:11.842102 #25815] DEBUG -- : generating weighed rated selections...
D, [2018-03-30T14:14:11.857349 #25815] DEBUG -- : scoring weighed rated selections...
D, [2018-03-30T14:14:11.857429 #25815] DEBUG -- : Saving scored selections...
D, [2018-03-30T14:14:11.864294 #25815] DEBUG -- : 
State Score successfully calculated
D, [2018-03-30T14:14:11.864362 #25815] DEBUG -- : Scoring new state: {:rating=>37, :state=>{:unknown=>0, :possibly_lighter=>1, :possibly_heavier=>0, :normal=>7}}
D, [2018-03-30T14:14:11.864387 #25815] DEBUG -- : 
State Score successfully calculated
D, [2018-03-30T14:14:11.864433 #25815] DEBUG -- : Scoring new state: {:rating=>35, :state=>{:unknown=>1, :possibly_lighter=>0, :possibly_heavier=>0, :normal=>7}}
D, [2018-03-30T14:14:11.866552 #25815] DEBUG -- : returning fully calculated score...
D, [2018-03-30T14:14:11.866624 #25815] DEBUG -- : 
State Score successfully calculated
D, [2018-03-30T14:14:11.866665 #25815] DEBUG -- : Scoring new state: {:rating=>37, :state=>{:unknown=>0, :possibly_lighter=>1, :possibly_heavier=>0, :normal=>7}}
D, [2018-03-30T14:14:11.866693 #25815] DEBUG -- : 
State Score successfully calculated
D, [2018-03-30T14:14:11.866728 #25815] DEBUG -- : Scoring new state: {:rating=>34, :state=>{:unknown=>0, :possibly_lighter=>1, :possibly_heavier=>1, :normal=>6}}
D, [2018-03-30T14:14:11.869101 #25815] DEBUG -- : returning fully calculated score...
D, [2018-03-30T14:14:11.869170 #25815] DEBUG -- : 
State Score successfully calculated
D, [2018-03-30T14:14:11.869216 #25815] DEBUG -- : Scoring new state: {:rating=>37, :state=>{:unknown=>0, :possibly_lighter=>1, :possibly_heavier=>0, :normal=>7}}
D, [2018-03-30T14:14:11.869242 #25815] DEBUG -- : 
State Score successfully calculated
D, [2018-03-30T14:14:11.869287 #25815] DEBUG -- : Scoring new state: {:rating=>34, :state=>{:unknown=>0, :possibly_lighter=>1, :possibly_heavier=>1, :normal=>6}}
D, [2018-03-30T14:14:11.871555 #25815] DEBUG -- : returning fully calculated score...
D, [2018-03-30T14:14:11.871624 #25815] DEBUG -- : 
State Score successfully calculated
D, [2018-03-30T14:14:11.871660 #25815] DEBUG -- : Scoring new state: {:rating=>34, :state=>{:unknown=>0, :possibly_lighter=>2, :possibly_heavier=>0, :normal=>6}}
D, [2018-03-30T14:14:11.873850 #25815] DEBUG -- : returning fully calculated score...
D, [2018-03-30T14:14:11.873929 #25815] DEBUG -- : 
State Score successfully calculated
D, [2018-03-30T14:14:11.873977 #25815] DEBUG -- : Scoring new state: {:rating=>37, :state=>{:unknown=>0, :possibly_lighter=>0, :possibly_heavier=>1, :normal=>7}}
D, [2018-03-30T14:14:11.874005 #25815] DEBUG -- : 
State Score successfully calculated
D, [2018-03-30T14:14:11.874049 #25815] DEBUG -- : Scoring new state: {:rating=>37, :state=>{:unknown=>0, :possibly_lighter=>1, :possibly_heavier=>0, :normal=>7}}
D, [2018-03-30T14:14:11.874070 #25815] DEBUG -- : 
State Score successfully calculated
D, [2018-03-30T14:14:11.874094 #25815] DEBUG -- : Scoring new state: {:rating=>34, :state=>{:unknown=>0, :possibly_lighter=>2, :possibly_heavier=>0, :normal=>6}}
D, [2018-03-30T14:14:11.876512 #25815] DEBUG -- : returning fully calculated score...
D, [2018-03-30T14:14:11.876585 #25815] DEBUG -- : 
State Score successfully calculated
D, [2018-03-30T14:14:11.876650 #25815] DEBUG -- : Scoring new state: {:rating=>34, :state=>{:unknown=>0, :possibly_lighter=>1, :possibly_heavier=>1, :normal=>6}}
D, [2018-03-30T14:14:11.879034 #25815] DEBUG -- : returning fully calculated score...
D, [2018-03-30T14:14:11.879113 #25815] DEBUG -- : 
State Score successfully calculated
D, [2018-03-30T14:14:11.879149 #25815] DEBUG -- : Scoring new state: {:rating=>37, :state=>{:unknown=>0, :possibly_lighter=>1, :possibly_heavier=>0, :normal=>7}}
D, [2018-03-30T14:14:11.879171 #25815] DEBUG -- : 
State Score successfully calculated
D, [2018-03-30T14:14:11.879202 #25815] DEBUG -- : Scoring new state: {:rating=>31, :state=>{:unknown=>0, :possibly_lighter=>2, :possibly_heavier=>1, :normal=>5}}
D, [2018-03-30T14:14:11.881272 #25815] DEBUG -- : calculating updated score for older state...
D, [2018-03-30T14:14:11.884308 #25815] DEBUG -- : generating weighed rated selections...
D, [2018-03-30T14:14:12.318356 #25815] DEBUG -- : scoring weighed rated selections...
D, [2018-03-30T14:14:12.318660 #25815] DEBUG -- : Saving scored selections...
D, [2018-03-30T14:14:12.330578 #25815] DEBUG -- : 
State Score successfully calculated
D, [2018-03-30T14:14:12.330674 #25815] DEBUG -- : Scoring new state: {:rating=>37, :state=>{:unknown=>0, :possibly_lighter=>1, :possibly_heavier=>0, :normal=>7}}
D, [2018-03-30T14:14:12.330711 #25815] DEBUG -- : 
State Score successfully calculated
D, [2018-03-30T14:14:12.330791 #25815] DEBUG -- : Scoring new state: {:rating=>35, :state=>{:unknown=>1, :possibly_lighter=>0, :possibly_heavier=>0, :normal=>7}}
D, [2018-03-30T14:14:12.334239 #25815] DEBUG -- : returning fully calculated score...
D, [2018-03-30T14:14:12.335159 #25815] DEBUG -- : 
State Score successfully calculated
D, [2018-03-30T14:14:12.335303 #25815] DEBUG -- : Scoring new state: {:rating=>34, :state=>{:unknown=>0, :possibly_lighter=>2, :possibly_heavier=>0, :normal=>6}}
D, [2018-03-30T14:14:12.338917 #25815] DEBUG -- : returning fully calculated score...
D, [2018-03-30T14:14:12.339000 #25815] DEBUG -- : 
State Score successfully calculated
D, [2018-03-30T14:14:12.339059 #25815] DEBUG -- : Scoring new state: {:rating=>31, :state=>{:unknown=>0, :possibly_lighter=>2, :possibly_heavier=>1, :normal=>5}}
D, [2018-03-30T14:14:12.342342 #25815] DEBUG -- : calculating updated score for older state...
D, [2018-03-30T14:14:12.346524 #25815] DEBUG -- : generating weighed rated selections...
D, [2018-03-30T14:14:12.373324 #25815] DEBUG -- : scoring weighed rated selections...
D, [2018-03-30T14:14:12.373403 #25815] DEBUG -- : Saving scored selections...
D, [2018-03-30T14:14:12.381312 #25815] DEBUG -- : 
State Score successfully calculated
D, [2018-03-30T14:14:12.381376 #25815] DEBUG -- : Scoring new state: {:rating=>37, :state=>{:unknown=>0, :possibly_lighter=>1, :possibly_heavier=>0, :normal=>7}}
D, [2018-03-30T14:14:12.381399 #25815] DEBUG -- : 
State Score successfully calculated
D, [2018-03-30T14:14:12.381435 #25815] DEBUG -- : Scoring new state: {:rating=>37, :state=>{:unknown=>0, :possibly_lighter=>0, :possibly_heavier=>1, :normal=>7}}
D, [2018-03-30T14:14:12.381455 #25815] DEBUG -- : 
State Score successfully calculated
D, [2018-03-30T14:14:12.381479 #25815] DEBUG -- : Scoring new state: {:rating=>34, :state=>{:unknown=>0, :possibly_lighter=>2, :possibly_heavier=>0, :normal=>6}}
D, [2018-03-30T14:14:12.383522 #25815] DEBUG -- : returning fully calculated score...
D, [2018-03-30T14:14:12.383633 #25815] DEBUG -- : 
State Score successfully calculated
D, [2018-03-30T14:14:12.383679 #25815] DEBUG -- : Scoring new state: {:rating=>37, :state=>{:unknown=>0, :possibly_lighter=>1, :possibly_heavier=>0, :normal=>7}}
D, [2018-03-30T14:14:12.383707 #25815] DEBUG -- : 
State Score successfully calculated
D, [2018-03-30T14:14:12.383747 #25815] DEBUG -- : Scoring new state: {:rating=>34, :state=>{:unknown=>0, :possibly_lighter=>1, :possibly_heavier=>1, :normal=>6}}
D, [2018-03-30T14:14:12.386346 #25815] DEBUG -- : returning fully calculated score...
D, [2018-03-30T14:14:12.386435 #25815] DEBUG -- : 
State Score successfully calculated
D, [2018-03-30T14:14:12.386475 #25815] DEBUG -- : Scoring new state: {:rating=>34, :state=>{:unknown=>0, :possibly_lighter=>2, :possibly_heavier=>0, :normal=>6}}
D, [2018-03-30T14:14:12.388873 #25815] DEBUG -- : returning fully calculated score...
D, [2018-03-30T14:14:12.388943 #25815] DEBUG -- : 
State Score successfully calculated
D, [2018-03-30T14:14:12.388991 #25815] DEBUG -- : Scoring new state: {:rating=>32, :state=>{:unknown=>1, :possibly_lighter=>1, :possibly_heavier=>0, :normal=>6}}
D, [2018-03-30T14:14:12.391453 #25815] DEBUG -- : calculating updated score for older state...
D, [2018-03-30T14:14:12.394419 #25815] DEBUG -- : generating weighed rated selections...
D, [2018-03-30T14:14:12.409982 #25815] DEBUG -- : scoring weighed rated selections...
D, [2018-03-30T14:14:12.410076 #25815] DEBUG -- : Saving scored selections...
D, [2018-03-30T14:14:12.416680 #25815] DEBUG -- : 
State Score successfully calculated
D, [2018-03-30T14:14:12.416749 #25815] DEBUG -- : Scoring new state: {:rating=>37, :state=>{:unknown=>0, :possibly_lighter=>1, :possibly_heavier=>0, :normal=>7}}
D, [2018-03-30T14:14:12.416777 #25815] DEBUG -- : 
State Score successfully calculated
D, [2018-03-30T14:14:12.416809 #25815] DEBUG -- : Scoring new state: {:rating=>37, :state=>{:unknown=>0, :possibly_lighter=>0, :possibly_heavier=>1, :normal=>7}}
D, [2018-03-30T14:14:12.416828 #25815] DEBUG -- : 
State Score successfully calculated
D, [2018-03-30T14:14:12.416860 #25815] DEBUG -- : Scoring new state: {:rating=>37, :state=>{:unknown=>0, :possibly_lighter=>1, :possibly_heavier=>0, :normal=>7}}
D, [2018-03-30T14:14:12.416877 #25815] DEBUG -- : 
State Score successfully calculated
D, [2018-03-30T14:14:12.416911 #25815] DEBUG -- : Scoring new state: {:rating=>34, :state=>{:unknown=>0, :possibly_lighter=>2, :possibly_heavier=>0, :normal=>6}}
D, [2018-03-30T14:14:12.419020 #25815] DEBUG -- : returning fully calculated score...
D, [2018-03-30T14:14:12.419085 #25815] DEBUG -- : 
State Score successfully calculated
D, [2018-03-30T14:14:12.419155 #25815] DEBUG -- : Scoring new state: {:rating=>35, :state=>{:unknown=>1, :possibly_lighter=>0, :possibly_heavier=>0, :normal=>7}}
D, [2018-03-30T14:14:12.421455 #25815] DEBUG -- : returning fully calculated score...
D, [2018-03-30T14:14:12.421533 #25815] DEBUG -- : 
State Score successfully calculated
D, [2018-03-30T14:14:12.421573 #25815] DEBUG -- : Scoring new state: {:rating=>34, :state=>{:unknown=>0, :possibly_lighter=>2, :possibly_heavier=>0, :normal=>6}}
D, [2018-03-30T14:14:12.423634 #25815] DEBUG -- : returning fully calculated score...
D, [2018-03-30T14:14:12.423703 #25815] DEBUG -- : 
State Score successfully calculated
D, [2018-03-30T14:14:12.423750 #25815] DEBUG -- : Scoring new state: {:rating=>37, :state=>{:unknown=>0, :possibly_lighter=>0, :possibly_heavier=>1, :normal=>7}}
D, [2018-03-30T14:14:12.423779 #25815] DEBUG -- : 
State Score successfully calculated
D, [2018-03-30T14:14:12.423806 #25815] DEBUG -- : Scoring new state: {:rating=>34, :state=>{:unknown=>0, :possibly_lighter=>2, :possibly_heavier=>0, :normal=>6}}
D, [2018-03-30T14:14:12.426349 #25815] DEBUG -- : returning fully calculated score...
D, [2018-03-30T14:14:12.426430 #25815] DEBUG -- : 
State Score successfully calculated
D, [2018-03-30T14:14:12.426469 #25815] DEBUG -- : Scoring new state: {:rating=>37, :state=>{:unknown=>0, :possibly_lighter=>1, :possibly_heavier=>0, :normal=>7}}
D, [2018-03-30T14:14:12.426497 #25815] DEBUG -- : 
State Score successfully calculated
D, [2018-03-30T14:14:12.426535 #25815] DEBUG -- : Scoring new state: {:rating=>37, :state=>{:unknown=>0, :possibly_lighter=>0, :possibly_heavier=>1, :normal=>7}}
D, [2018-03-30T14:14:12.426559 #25815] DEBUG -- : 
State Score successfully calculated
D, [2018-03-30T14:14:12.426591 #25815] DEBUG -- : Scoring new state: {:rating=>31, :state=>{:unknown=>0, :possibly_lighter=>3, :possibly_heavier=>0, :normal=>5}}
D, [2018-03-30T14:14:12.428934 #25815] DEBUG -- : calculating updated score for older state...
D, [2018-03-30T14:14:12.431924 #25815] DEBUG -- : generating weighed rated selections...
D, [2018-03-30T14:14:12.675636 #25815] DEBUG -- : scoring weighed rated selections...
D, [2018-03-30T14:14:12.681478 #25815] DEBUG -- : Saving scored selections...
D, [2018-03-30T14:14:12.690267 #25815] DEBUG -- : 
State Score successfully calculated
D, [2018-03-30T14:14:12.690639 #25815] DEBUG -- : Scoring new state: {:rating=>32, :state=>{:unknown=>1, :possibly_lighter=>1, :possibly_heavier=>0, :normal=>6}}
D, [2018-03-30T14:14:12.697230 #25815] DEBUG -- : calculating updated score for older state...
D, [2018-03-30T14:14:12.703548 #25815] DEBUG -- : generating weighed rated selections...
D, [2018-03-30T14:14:12.725317 #25815] DEBUG -- : scoring weighed rated selections...
D, [2018-03-30T14:14:12.725402 #25815] DEBUG -- : Saving scored selections...
D, [2018-03-30T14:14:12.732930 #25815] DEBUG -- : 
State Score successfully calculated
D, [2018-03-30T14:14:12.733005 #25815] DEBUG -- : Scoring new state: {:rating=>37, :state=>{:unknown=>0, :possibly_lighter=>1, :possibly_heavier=>0, :normal=>7}}
D, [2018-03-30T14:14:12.733036 #25815] DEBUG -- : 
State Score successfully calculated
D, [2018-03-30T14:14:12.733075 #25815] DEBUG -- : Scoring new state: {:rating=>35, :state=>{:unknown=>1, :possibly_lighter=>0, :possibly_heavier=>0, :normal=>7}}
D, [2018-03-30T14:14:12.735339 #25815] DEBUG -- : returning fully calculated score...
D, [2018-03-30T14:14:12.735402 #25815] DEBUG -- : 
State Score successfully calculated
D, [2018-03-30T14:14:12.735451 #25815] DEBUG -- : Scoring new state: {:rating=>37, :state=>{:unknown=>0, :possibly_lighter=>1, :possibly_heavier=>0, :normal=>7}}
D, [2018-03-30T14:14:12.735480 #25815] DEBUG -- : 
State Score successfully calculated
D, [2018-03-30T14:14:12.735878 #25815] DEBUG -- : Scoring new state: {:rating=>34, :state=>{:unknown=>0, :possibly_lighter=>1, :possibly_heavier=>1, :normal=>6}}
D, [2018-03-30T14:14:12.738037 #25815] DEBUG -- : returning fully calculated score...
D, [2018-03-30T14:14:12.738108 #25815] DEBUG -- : 
State Score successfully calculated
D, [2018-03-30T14:14:12.738150 #25815] DEBUG -- : Scoring new state: {:rating=>37, :state=>{:unknown=>0, :possibly_lighter=>1, :possibly_heavier=>0, :normal=>7}}
D, [2018-03-30T14:14:12.738179 #25815] DEBUG -- : 
State Score successfully calculated
D, [2018-03-30T14:14:12.738216 #25815] DEBUG -- : Scoring new state: {:rating=>34, :state=>{:unknown=>0, :possibly_lighter=>1, :possibly_heavier=>1, :normal=>6}}
D, [2018-03-30T14:14:12.740682 #25815] DEBUG -- : returning fully calculated score...
D, [2018-03-30T14:14:12.740761 #25815] DEBUG -- : 
State Score successfully calculated
D, [2018-03-30T14:14:12.740799 #25815] DEBUG -- : Scoring new state: {:rating=>34, :state=>{:unknown=>0, :possibly_lighter=>2, :possibly_heavier=>0, :normal=>6}}
D, [2018-03-30T14:14:12.742856 #25815] DEBUG -- : returning fully calculated score...
D, [2018-03-30T14:14:12.742953 #25815] DEBUG -- : 
State Score successfully calculated
D, [2018-03-30T14:14:12.743006 #25815] DEBUG -- : Scoring new state: {:rating=>37, :state=>{:unknown=>0, :possibly_lighter=>0, :possibly_heavier=>1, :normal=>7}}
D, [2018-03-30T14:14:12.743049 #25815] DEBUG -- : 
State Score successfully calculated
D, [2018-03-30T14:14:12.743086 #25815] DEBUG -- : Scoring new state: {:rating=>37, :state=>{:unknown=>0, :possibly_lighter=>1, :possibly_heavier=>0, :normal=>7}}
D, [2018-03-30T14:14:12.743108 #25815] DEBUG -- : 
State Score successfully calculated
D, [2018-03-30T14:14:12.743136 #25815] DEBUG -- : Scoring new state: {:rating=>34, :state=>{:unknown=>0, :possibly_lighter=>2, :possibly_heavier=>0, :normal=>6}}
D, [2018-03-30T14:14:12.745426 #25815] DEBUG -- : returning fully calculated score...
D, [2018-03-30T14:14:12.745489 #25815] DEBUG -- : 
State Score successfully calculated
D, [2018-03-30T14:14:12.745535 #25815] DEBUG -- : Scoring new state: {:rating=>34, :state=>{:unknown=>0, :possibly_lighter=>1, :possibly_heavier=>1, :normal=>6}}
D, [2018-03-30T14:14:12.747589 #25815] DEBUG -- : returning fully calculated score...
D, [2018-03-30T14:14:12.747660 #25815] DEBUG -- : 
State Score successfully calculated
D, [2018-03-30T14:14:12.747703 #25815] DEBUG -- : Scoring new state: {:rating=>37, :state=>{:unknown=>0, :possibly_lighter=>1, :possibly_heavier=>0, :normal=>7}}
D, [2018-03-30T14:14:12.747732 #25815] DEBUG -- : 
State Score successfully calculated
D, [2018-03-30T14:14:12.747781 #25815] DEBUG -- : Scoring new state: {:rating=>31, :state=>{:unknown=>0, :possibly_lighter=>2, :possibly_heavier=>1, :normal=>5}}
D, [2018-03-30T14:14:12.750402 #25815] DEBUG -- : calculating updated score for older state...
D, [2018-03-30T14:14:12.753537 #25815] DEBUG -- : generating weighed rated selections...
D, [2018-03-30T14:14:12.777495 #25815] DEBUG -- : scoring weighed rated selections...
D, [2018-03-30T14:14:12.777581 #25815] DEBUG -- : Saving scored selections...
D, [2018-03-30T14:14:12.786185 #25815] DEBUG -- : 
State Score successfully calculated
D, [2018-03-30T14:14:12.786257 #25815] DEBUG -- : Scoring new state: {:rating=>37, :state=>{:unknown=>0, :possibly_lighter=>1, :possibly_heavier=>0, :normal=>7}}
D, [2018-03-30T14:14:12.786300 #25815] DEBUG -- : 
State Score successfully calculated
D, [2018-03-30T14:14:12.786333 #25815] DEBUG -- : Scoring new state: {:rating=>35, :state=>{:unknown=>1, :possibly_lighter=>0, :possibly_heavier=>0, :normal=>7}}
D, [2018-03-30T14:14:12.788553 #25815] DEBUG -- : returning fully calculated score...
D, [2018-03-30T14:14:12.788632 #25815] DEBUG -- : 
State Score successfully calculated
D, [2018-03-30T14:14:12.788683 #25815] DEBUG -- : Scoring new state: {:rating=>34, :state=>{:unknown=>0, :possibly_lighter=>2, :possibly_heavier=>0, :normal=>6}}
D, [2018-03-30T14:14:12.791029 #25815] DEBUG -- : returning fully calculated score...
D, [2018-03-30T14:14:12.791220 #25815] DEBUG -- : 
State Score successfully calculated
D, [2018-03-30T14:14:12.791285 #25815] DEBUG -- : Scoring new state: {:rating=>31, :state=>{:unknown=>0, :possibly_lighter=>2, :possibly_heavier=>1, :normal=>5}}
D, [2018-03-30T14:14:12.794690 #25815] DEBUG -- : calculating updated score for older state...
D, [2018-03-30T14:14:12.798945 #25815] DEBUG -- : generating weighed rated selections...
D, [2018-03-30T14:14:12.823084 #25815] DEBUG -- : scoring weighed rated selections...
D, [2018-03-30T14:14:12.823175 #25815] DEBUG -- : Saving scored selections...
D, [2018-03-30T14:14:12.832206 #25815] DEBUG -- : 
State Score successfully calculated
D, [2018-03-30T14:14:12.832282 #25815] DEBUG -- : Scoring new state: {:rating=>37, :state=>{:unknown=>0, :possibly_lighter=>1, :possibly_heavier=>0, :normal=>7}}
D, [2018-03-30T14:14:12.832304 #25815] DEBUG -- : 
State Score successfully calculated
D, [2018-03-30T14:14:12.832341 #25815] DEBUG -- : Scoring new state: {:rating=>37, :state=>{:unknown=>0, :possibly_lighter=>0, :possibly_heavier=>1, :normal=>7}}
D, [2018-03-30T14:14:12.832359 #25815] DEBUG -- : 
State Score successfully calculated
D, [2018-03-30T14:14:12.832384 #25815] DEBUG -- : Scoring new state: {:rating=>34, :state=>{:unknown=>0, :possibly_lighter=>2, :possibly_heavier=>0, :normal=>6}}
D, [2018-03-30T14:14:12.834772 #25815] DEBUG -- : returning fully calculated score...
D, [2018-03-30T14:14:12.834871 #25815] DEBUG -- : 
State Score successfully calculated
D, [2018-03-30T14:14:12.834925 #25815] DEBUG -- : Scoring new state: {:rating=>37, :state=>{:unknown=>0, :possibly_lighter=>1, :possibly_heavier=>0, :normal=>7}}
D, [2018-03-30T14:14:12.834950 #25815] DEBUG -- : 
State Score successfully calculated
D, [2018-03-30T14:14:12.834980 #25815] DEBUG -- : Scoring new state: {:rating=>34, :state=>{:unknown=>0, :possibly_lighter=>1, :possibly_heavier=>1, :normal=>6}}
D, [2018-03-30T14:14:12.837139 #25815] DEBUG -- : returning fully calculated score...
D, [2018-03-30T14:14:12.837206 #25815] DEBUG -- : 
State Score successfully calculated
D, [2018-03-30T14:14:12.837255 #25815] DEBUG -- : Scoring new state: {:rating=>34, :state=>{:unknown=>0, :possibly_lighter=>2, :possibly_heavier=>0, :normal=>6}}
D, [2018-03-30T14:14:12.839535 #25815] DEBUG -- : returning fully calculated score...
D, [2018-03-30T14:14:12.839605 #25815] DEBUG -- : 
State Score successfully calculated
D, [2018-03-30T14:14:12.839663 #25815] DEBUG -- : Scoring new state: {:rating=>37, :state=>{:unknown=>0, :possibly_lighter=>0, :possibly_heavier=>1, :normal=>7}}
D, [2018-03-30T14:14:12.839690 #25815] DEBUG -- : 
State Score successfully calculated
D, [2018-03-30T14:14:12.839721 #25815] DEBUG -- : Scoring new state: {:rating=>31, :state=>{:unknown=>0, :possibly_lighter=>3, :possibly_heavier=>0, :normal=>5}}
D, [2018-03-30T14:14:12.841894 #25815] DEBUG -- : calculating updated score for older state...
D, [2018-03-30T14:14:12.845040 #25815] DEBUG -- : generating weighed rated selections...
D, [2018-03-30T14:14:12.856566 #25815] DEBUG -- : scoring weighed rated selections...
D, [2018-03-30T14:14:12.856652 #25815] DEBUG -- : Saving scored selections...
D, [2018-03-30T14:14:12.861216 #25815] DEBUG -- : 
State Score successfully calculated
D, [2018-03-30T14:14:12.861295 #25815] DEBUG -- : Scoring new state: {:rating=>37, :state=>{:unknown=>0, :possibly_lighter=>0, :possibly_heavier=>1, :normal=>7}}
D, [2018-03-30T14:14:12.861326 #25815] DEBUG -- : 
State Score successfully calculated
D, [2018-03-30T14:14:12.861358 #25815] DEBUG -- : Scoring new state: {:rating=>31, :state=>{:unknown=>0, :possibly_lighter=>3, :possibly_heavier=>0, :normal=>5}}
D, [2018-03-30T14:14:12.863723 #25815] DEBUG -- : calculating updated score for older state...
D, [2018-03-30T14:14:12.867003 #25815] DEBUG -- : generating weighed rated selections...
D, [2018-03-30T14:14:12.877271 #25815] DEBUG -- : scoring weighed rated selections...
D, [2018-03-30T14:14:12.877344 #25815] DEBUG -- : Saving scored selections...
D, [2018-03-30T14:14:12.881657 #25815] DEBUG -- : 
State Score successfully calculated
D, [2018-03-30T14:14:12.881728 #25815] DEBUG -- : Scoring new state: {:rating=>34, :state=>{:unknown=>0, :possibly_lighter=>1, :possibly_heavier=>1, :normal=>6}}
D, [2018-03-30T14:14:12.883901 #25815] DEBUG -- : returning fully calculated score...
D, [2018-03-30T14:14:12.883967 #25815] DEBUG -- : 
State Score successfully calculated
D, [2018-03-30T14:14:12.884003 #25815] DEBUG -- : Scoring new state: {:rating=>34, :state=>{:unknown=>0, :possibly_lighter=>2, :possibly_heavier=>0, :normal=>6}}
D, [2018-03-30T14:14:12.886151 #25815] DEBUG -- : returning fully calculated score...
D, [2018-03-30T14:14:12.886221 #25815] DEBUG -- : 
State Score successfully calculated
D, [2018-03-30T14:14:12.886272 #25815] DEBUG -- : Scoring new state: {:rating=>31, :state=>{:unknown=>0, :possibly_lighter=>2, :possibly_heavier=>1, :normal=>5}}
D, [2018-03-30T14:14:12.888633 #25815] DEBUG -- : calculating updated score for older state...
D, [2018-03-30T14:14:12.891676 #25815] DEBUG -- : generating weighed rated selections...
D, [2018-03-30T14:14:12.913786 #25815] DEBUG -- : scoring weighed rated selections...
D, [2018-03-30T14:14:12.913870 #25815] DEBUG -- : Saving scored selections...
D, [2018-03-30T14:14:12.922055 #25815] DEBUG -- : 
State Score successfully calculated
D, [2018-03-30T14:14:12.922126 #25815] DEBUG -- : Scoring new state: {:rating=>37, :state=>{:unknown=>0, :possibly_lighter=>1, :possibly_heavier=>0, :normal=>7}}
D, [2018-03-30T14:14:12.922157 #25815] DEBUG -- : 
State Score successfully calculated
D, [2018-03-30T14:14:12.922198 #25815] DEBUG -- : Scoring new state: {:rating=>31, :state=>{:unknown=>0, :possibly_lighter=>2, :possibly_heavier=>1, :normal=>5}}
D, [2018-03-30T14:14:12.924496 #25815] DEBUG -- : calculating updated score for older state...
D, [2018-03-30T14:14:12.928600 #25815] DEBUG -- : generating weighed rated selections...
D, [2018-03-30T14:14:12.949156 #25815] DEBUG -- : scoring weighed rated selections...
D, [2018-03-30T14:14:12.949243 #25815] DEBUG -- : Saving scored selections...
D, [2018-03-30T14:14:12.956686 #25815] DEBUG -- : 
State Score successfully calculated
D, [2018-03-30T14:14:12.956753 #25815] DEBUG -- : Scoring new state: {:rating=>37, :state=>{:unknown=>0, :possibly_lighter=>1, :possibly_heavier=>0, :normal=>7}}
D, [2018-03-30T14:14:12.956781 #25815] DEBUG -- : 
State Score successfully calculated
D, [2018-03-30T14:14:12.956818 #25815] DEBUG -- : Scoring new state: {:rating=>34, :state=>{:unknown=>0, :possibly_lighter=>1, :possibly_heavier=>1, :normal=>6}}
D, [2018-03-30T14:14:12.958932 #25815] DEBUG -- : returning fully calculated score...
D, [2018-03-30T14:14:12.959006 #25815] DEBUG -- : 
State Score successfully calculated
D, [2018-03-30T14:14:12.959047 #25815] DEBUG -- : Scoring new state: {:rating=>34, :state=>{:unknown=>0, :possibly_lighter=>2, :possibly_heavier=>0, :normal=>6}}
D, [2018-03-30T14:14:12.961685 #25815] DEBUG -- : returning fully calculated score...
D, [2018-03-30T14:14:12.961794 #25815] DEBUG -- : 
State Score successfully calculated
D, [2018-03-30T14:14:12.961853 #25815] DEBUG -- : Scoring new state: {:rating=>37, :state=>{:unknown=>0, :possibly_lighter=>0, :possibly_heavier=>1, :normal=>7}}
D, [2018-03-30T14:14:12.961881 #25815] DEBUG -- : 
State Score successfully calculated
D, [2018-03-30T14:14:12.961906 #25815] DEBUG -- : Scoring new state: {:rating=>31, :state=>{:unknown=>0, :possibly_lighter=>3, :possibly_heavier=>0, :normal=>5}}
D, [2018-03-30T14:14:12.964382 #25815] DEBUG -- : calculating updated score for older state...
D, [2018-03-30T14:14:12.967547 #25815] DEBUG -- : generating weighed rated selections...
D, [2018-03-30T14:14:12.979056 #25815] DEBUG -- : scoring weighed rated selections...
D, [2018-03-30T14:14:12.979156 #25815] DEBUG -- : Saving scored selections...
D, [2018-03-30T14:14:12.983747 #25815] DEBUG -- : 
State Score successfully calculated
D, [2018-03-30T14:14:12.983834 #25815] DEBUG -- : Saving scored selections...
D, [2018-03-30T14:14:13.067947 #25815] DEBUG -- : 
State Score successfully calculated
D, [2018-03-30T14:14:13.068142 #25815] DEBUG -- : Scoring new state: {:rating=>37, :state=>{:unknown=>0, :possibly_lighter=>0, :possibly_heavier=>1, :normal=>7}}
D, [2018-03-30T14:14:13.068231 #25815] DEBUG -- : 
State Score successfully calculated
D, [2018-03-30T14:14:13.068342 #25815] DEBUG -- : Scoring new state: {:rating=>31, :state=>{:unknown=>0, :possibly_lighter=>1, :possibly_heavier=>2, :normal=>5}}
D, [2018-03-30T14:14:13.075961 #25815] DEBUG -- : generating score for new state...
D, [2018-03-30T14:14:13.089748 #25815] DEBUG -- : generating weighed rated selections...
D, [2018-03-30T14:14:13.460339 #25815] DEBUG -- : scoring weighed rated selections...
D, [2018-03-30T14:14:13.460625 #25815] DEBUG -- : Saving scored selections...
D, [2018-03-30T14:14:13.474893 #25815] DEBUG -- : 
State Score successfully calculated
D, [2018-03-30T14:14:13.618110 #25815] DEBUG -- : Scoring new state: {:rating=>34, :state=>{:unknown=>0, :possibly_lighter=>1, :possibly_heavier=>1, :normal=>6}}
D, [2018-03-30T14:14:13.621304 #25815] DEBUG -- : generating score for new state...
D, [2018-03-30T14:14:13.629341 #25815] DEBUG -- : generating weighed rated selections...
D, [2018-03-30T14:14:13.904771 #25815] DEBUG -- : scoring weighed rated selections...
D, [2018-03-30T14:14:13.905443 #25815] DEBUG -- : Saving scored selections...
D, [2018-03-30T14:14:13.944523 #25815] DEBUG -- : 
State Score successfully calculated
D, [2018-03-30T14:14:13.944942 #25815] DEBUG -- : Scoring new state: {:rating=>31, :state=>{:unknown=>0, :possibly_lighter=>1, :possibly_heavier=>2, :normal=>5}}
D, [2018-03-30T14:14:13.952256 #25815] DEBUG -- : generating score for new state...
D, [2018-03-30T14:14:13.963147 #25815] DEBUG -- : generating weighed rated selections...
D, [2018-03-30T14:14:14.350187 #25815] DEBUG -- : scoring weighed rated selections...
D, [2018-03-30T14:14:14.350466 #25815] DEBUG -- : Saving scored selections...
D, [2018-03-30T14:14:14.379784 #25815] DEBUG -- : 
State Score successfully calculated
D, [2018-03-30T14:14:14.379965 #25815] DEBUG -- : Scoring new state: {:rating=>34, :state=>{:unknown=>0, :possibly_lighter=>1, :possibly_heavier=>1, :normal=>6}}
D, [2018-03-30T14:14:14.387323 #25815] DEBUG -- : returning fully calculated score...
D, [2018-03-30T14:14:14.387503 #25815] DEBUG -- : 
State Score successfully calculated
D, [2018-03-30T14:14:14.387640 #25815] DEBUG -- : Scoring new state: {:rating=>31, :state=>{:unknown=>0, :possibly_lighter=>2, :possibly_heavier=>1, :normal=>5}}
D, [2018-03-30T14:14:14.393842 #25815] DEBUG -- : generating score for new state...
D, [2018-03-30T14:14:14.406633 #25815] DEBUG -- : generating weighed rated selections...
D, [2018-03-30T14:14:14.730196 #25815] DEBUG -- : scoring weighed rated selections...
D, [2018-03-30T14:14:14.730400 #25815] DEBUG -- : Saving scored selections...
D, [2018-03-30T14:14:14.739315 #25815] DEBUG -- : 
State Score successfully calculated
D, [2018-03-31T10:06:46.994174 #3998] DEBUG -- : calculating updated score for older state...
D, [2018-03-31T10:06:46.997660 #3998] DEBUG -- : generating weighed rated selections...
D, [2018-03-31T10:06:47.010465 #3998] DEBUG -- : scoring weighed rated selections...
D, [2018-03-31T10:06:47.010593 #3998] DEBUG -- : Scoring new state: {:rating=>10, :state=>{:unknown=>1, :possibly_lighter=>0, :possibly_heavier=>0, :normal=>2}}
D, [2018-03-31T10:06:47.013402 #3998] DEBUG -- : calculating updated score for older state...
D, [2018-03-31T10:06:47.016871 #3998] DEBUG -- : generating weighed rated selections...
D, [2018-03-31T10:06:47.037136 #3998] DEBUG -- : scoring weighed rated selections...
D, [2018-03-31T10:06:47.037235 #3998] DEBUG -- : Saving scored selections...
D, [2018-03-31T10:06:47.040427 #3998] DEBUG -- : State Score successfully calculated


D, [2018-03-31T10:06:47.040516 #3998] DEBUG -- : Scoring new state: {:rating=>9, :state=>{:unknown=>0, :possibly_lighter=>1, :possibly_heavier=>1, :normal=>1}}
D, [2018-03-31T10:06:47.043038 #3998] DEBUG -- : calculating updated score for older state...
D, [2018-03-31T10:06:47.046474 #3998] DEBUG -- : generating weighed rated selections...
D, [2018-03-31T10:06:47.075427 #3998] DEBUG -- : scoring weighed rated selections...
D, [2018-03-31T10:06:47.075537 #3998] DEBUG -- : Saving scored selections...
D, [2018-03-31T10:06:47.080446 #3998] DEBUG -- : State Score successfully calculated


D, [2018-03-31T10:06:47.080533 #3998] DEBUG -- : Saving scored selections...
D, [2018-03-31T10:06:47.155591 #3998] DEBUG -- : calculating updated score for older state...
D, [2018-03-31T10:06:47.159065 #3998] DEBUG -- : generating weighed rated selections...
D, [2018-03-31T10:06:47.171810 #3998] DEBUG -- : scoring weighed rated selections...
D, [2018-03-31T10:06:47.171963 #3998] DEBUG -- : Scoring new state: {:rating=>10, :state=>{:unknown=>1, :possibly_lighter=>0, :possibly_heavier=>0, :normal=>2}}
D, [2018-03-31T10:06:47.174737 #3998] DEBUG -- : calculating updated score for older state...
D, [2018-03-31T10:06:47.178239 #3998] DEBUG -- : generating weighed rated selections...
D, [2018-03-31T10:06:47.197926 #3998] DEBUG -- : scoring weighed rated selections...
D, [2018-03-31T10:06:47.198041 #3998] DEBUG -- : Saving scored selections...
D, [2018-03-31T10:06:47.201209 #3998] DEBUG -- : State Score successfully calculated


D, [2018-03-31T10:06:47.201301 #3998] DEBUG -- : Scoring new state: {:rating=>9, :state=>{:unknown=>0, :possibly_lighter=>1, :possibly_heavier=>1, :normal=>1}}
D, [2018-03-31T10:06:47.203981 #3998] DEBUG -- : calculating updated score for older state...
D, [2018-03-31T10:06:47.207462 #3998] DEBUG -- : generating weighed rated selections...
D, [2018-03-31T10:06:47.237511 #3998] DEBUG -- : scoring weighed rated selections...
D, [2018-03-31T10:06:47.237613 #3998] DEBUG -- : Saving scored selections...
D, [2018-03-31T10:06:47.242449 #3998] DEBUG -- : State Score successfully calculated


D, [2018-03-31T10:06:47.242534 #3998] DEBUG -- : Saving scored selections...
D, [2018-03-31T10:06:47.247341 #3998] DEBUG -- : -------> building selection...
D, [2018-03-31T10:06:47.248143 #3998] DEBUG -- : -------> building new state...
D, [2018-03-31T10:06:47.248371 #3998] DEBUG -- : -------> building new state...
D, [2018-03-31T10:06:47.248694 #3998] DEBUG -- : -------> building selection...
D, [2018-03-31T10:06:47.249023 #3998] DEBUG -- : -------> building new state...
D, [2018-03-31T10:06:47.249124 #3998] DEBUG -- : -------> building new state...
D, [2018-03-31T10:06:47.249295 #3998] DEBUG -- : -------> building selection...
D, [2018-03-31T10:06:47.249768 #3998] DEBUG -- : -------> building new state...
D, [2018-03-31T10:06:47.249912 #3998] DEBUG -- : -------> building new state...
D, [2018-03-31T10:06:47.250082 #3998] DEBUG -- : -------> building selection...
D, [2018-03-31T10:06:47.250401 #3998] DEBUG -- : -------> building new state...
D, [2018-03-31T10:06:47.250620 #3998] DEBUG -- : -------> building new state...
D, [2018-03-31T10:06:47.250849 #3998] DEBUG -- : -------> building selection...
D, [2018-03-31T10:06:47.251215 #3998] DEBUG -- : -------> building new state...
D, [2018-03-31T10:06:47.251409 #3998] DEBUG -- : -------> building new state...
D, [2018-03-31T10:06:47.323119 #3998] DEBUG -- : calculating updated score for older state...
D, [2018-03-31T10:06:47.326542 #3998] DEBUG -- : generating weighed rated selections...
D, [2018-03-31T10:06:47.339497 #3998] DEBUG -- : scoring weighed rated selections...
D, [2018-03-31T10:06:47.339624 #3998] DEBUG -- : Scoring new state: {:rating=>10, :state=>{:unknown=>1, :possibly_lighter=>0, :possibly_heavier=>0, :normal=>2}}
D, [2018-03-31T10:06:47.342272 #3998] DEBUG -- : calculating updated score for older state...
D, [2018-03-31T10:06:47.345711 #3998] DEBUG -- : generating weighed rated selections...
D, [2018-03-31T10:06:47.365405 #3998] DEBUG -- : scoring weighed rated selections...
D, [2018-03-31T10:06:47.365494 #3998] DEBUG -- : Saving scored selections...
D, [2018-03-31T10:06:47.368818 #3998] DEBUG -- : State Score successfully calculated


D, [2018-03-31T10:06:47.368928 #3998] DEBUG -- : Scoring new state: {:rating=>9, :state=>{:unknown=>0, :possibly_lighter=>1, :possibly_heavier=>1, :normal=>1}}
D, [2018-03-31T10:06:47.371405 #3998] DEBUG -- : calculating updated score for older state...
D, [2018-03-31T10:06:47.374866 #3998] DEBUG -- : generating weighed rated selections...
D, [2018-03-31T10:06:47.404101 #3998] DEBUG -- : scoring weighed rated selections...
D, [2018-03-31T10:06:47.404213 #3998] DEBUG -- : Saving scored selections...
D, [2018-03-31T10:06:47.408945 #3998] DEBUG -- : State Score successfully calculated


D, [2018-03-31T10:06:47.409023 #3998] DEBUG -- : Saving scored selections...
D, [2018-03-31T10:06:47.413156 #3998] DEBUG -- : -------> building new state...
D, [2018-03-31T10:06:47.413916 #3998] DEBUG -- : -------> building new state...
D, [2018-03-31T10:06:48.134305 #3998] DEBUG -- : Scoring new state: {:rating=>31, :state=>{:unknown=>0, :possibly_lighter=>1, :possibly_heavier=>2, :normal=>5}}
D, [2018-03-31T10:06:48.137110 #3998] DEBUG -- : generating score for new state...
D, [2018-03-31T10:06:48.140790 #3998] DEBUG -- : new state info recorded
D, [2018-03-31T10:06:48.144184 #3998] DEBUG -- : generating weighed rated selections...
D, [2018-03-31T10:06:48.349618 #3998] DEBUG -- : scoring weighed rated selections...
D, [2018-03-31T10:06:48.349766 #3998] DEBUG -- : Saving scored selections...
D, [2018-03-31T10:06:48.357744 #3998] DEBUG -- : State Score successfully calculated


D, [2018-03-31T10:06:48.357830 #3998] DEBUG -- : Scoring new state: {:rating=>34, :state=>{:unknown=>0, :possibly_lighter=>1, :possibly_heavier=>1, :normal=>6}}
D, [2018-03-31T10:06:48.360424 #3998] DEBUG -- : calculating updated score for older state...
D, [2018-03-31T10:06:48.363820 #3998] DEBUG -- : generating weighed rated selections...
D, [2018-03-31T10:06:48.467384 #3998] DEBUG -- : scoring weighed rated selections...
D, [2018-03-31T10:06:48.467524 #3998] DEBUG -- : Saving scored selections...
D, [2018-03-31T10:06:48.482664 #3998] DEBUG -- : State Score successfully calculated


D, [2018-03-31T10:06:48.482757 #3998] DEBUG -- : Scoring new state: {:rating=>31, :state=>{:unknown=>0, :possibly_lighter=>2, :possibly_heavier=>1, :normal=>5}}
D, [2018-03-31T10:06:48.485348 #3998] DEBUG -- : generating score for new state...
D, [2018-03-31T10:06:48.488778 #3998] DEBUG -- : new state info recorded
D, [2018-03-31T10:06:48.492144 #3998] DEBUG -- : generating weighed rated selections...
D, [2018-03-31T10:06:48.687230 #3998] DEBUG -- : scoring weighed rated selections...
D, [2018-03-31T10:06:48.687375 #3998] DEBUG -- : Saving scored selections...
D, [2018-03-31T10:06:48.694315 #3998] DEBUG -- : State Score successfully calculated


D, [2018-03-31T10:06:48.694421 #3998] DEBUG -- : Scoring new state: {:rating=>34, :state=>{:unknown=>0, :possibly_lighter=>1, :possibly_heavier=>1, :normal=>6}}
D, [2018-03-31T10:06:48.697046 #3998] DEBUG -- : returning fully calculated score...
D, [2018-03-31T10:06:48.697117 #3998] DEBUG -- : State Score successfully calculated


D, [2018-03-31T10:06:48.763137 #3998] DEBUG -- : Scoring new state: {:rating=>29, :state=>{:unknown=>1, :possibly_lighter=>2, :possibly_heavier=>0, :normal=>5}}
D, [2018-03-31T10:06:48.765873 #3998] DEBUG -- : generating score for new state...
D, [2018-03-31T10:06:48.769460 #3998] DEBUG -- : new state info recorded
D, [2018-03-31T10:06:48.772970 #3998] DEBUG -- : generating weighed rated selections...
D, [2018-03-31T10:06:49.016165 #3998] DEBUG -- : scoring weighed rated selections...
D, [2018-03-31T10:06:49.016329 #3998] DEBUG -- : Scoring new state: {:rating=>35, :state=>{:unknown=>1, :possibly_lighter=>0, :possibly_heavier=>0, :normal=>7}}
D, [2018-03-31T10:06:49.019158 #3998] DEBUG -- : calculating updated score for older state...
D, [2018-03-31T10:06:49.022647 #3998] DEBUG -- : generating weighed rated selections...
D, [2018-03-31T10:06:49.072116 #3998] DEBUG -- : scoring weighed rated selections...
D, [2018-03-31T10:06:49.072239 #3998] DEBUG -- : Saving scored selections...
D, [2018-03-31T10:06:49.080359 #3998] DEBUG -- : State Score successfully calculated


D, [2018-03-31T10:06:49.080453 #3998] DEBUG -- : Scoring new state: {:rating=>37, :state=>{:unknown=>0, :possibly_lighter=>1, :possibly_heavier=>0, :normal=>7}}
D, [2018-03-31T10:06:49.080481 #3998] DEBUG -- : State Score successfully calculated


D, [2018-03-31T10:06:49.080519 #3998] DEBUG -- : Scoring new state: {:rating=>35, :state=>{:unknown=>1, :possibly_lighter=>0, :possibly_heavier=>0, :normal=>7}}
D, [2018-03-31T10:06:49.083092 #3998] DEBUG -- : returning fully calculated score...
D, [2018-03-31T10:06:49.083152 #3998] DEBUG -- : State Score successfully calculated


D, [2018-03-31T10:06:49.083189 #3998] DEBUG -- : Scoring new state: {:rating=>37, :state=>{:unknown=>0, :possibly_lighter=>1, :possibly_heavier=>0, :normal=>7}}
D, [2018-03-31T10:06:49.083213 #3998] DEBUG -- : State Score successfully calculated


D, [2018-03-31T10:06:49.083246 #3998] DEBUG -- : Scoring new state: {:rating=>35, :state=>{:unknown=>1, :possibly_lighter=>0, :possibly_heavier=>0, :normal=>7}}
D, [2018-03-31T10:06:49.085730 #3998] DEBUG -- : returning fully calculated score...
D, [2018-03-31T10:06:49.085797 #3998] DEBUG -- : State Score successfully calculated


D, [2018-03-31T10:06:49.085854 #3998] DEBUG -- : Scoring new state: {:rating=>37, :state=>{:unknown=>0, :possibly_lighter=>1, :possibly_heavier=>0, :normal=>7}}
D, [2018-03-31T10:06:49.085879 #3998] DEBUG -- : State Score successfully calculated


D, [2018-03-31T10:06:49.085913 #3998] DEBUG -- : Scoring new state: {:rating=>37, :state=>{:unknown=>0, :possibly_lighter=>0, :possibly_heavier=>1, :normal=>7}}
D, [2018-03-31T10:06:49.085933 #3998] DEBUG -- : State Score successfully calculated


D, [2018-03-31T10:06:49.085958 #3998] DEBUG -- : Scoring new state: {:rating=>37, :state=>{:unknown=>0, :possibly_lighter=>1, :possibly_heavier=>0, :normal=>7}}
D, [2018-03-31T10:06:49.085977 #3998] DEBUG -- : State Score successfully calculated


D, [2018-03-31T10:06:49.086027 #3998] DEBUG -- : Scoring new state: {:rating=>34, :state=>{:unknown=>0, :possibly_lighter=>2, :possibly_heavier=>0, :normal=>6}}
D, [2018-03-31T10:06:49.088477 #3998] DEBUG -- : calculating updated score for older state...
D, [2018-03-31T10:06:49.091850 #3998] DEBUG -- : generating weighed rated selections...
D, [2018-03-31T10:06:49.155426 #3998] DEBUG -- : scoring weighed rated selections...
D, [2018-03-31T10:06:49.155537 #3998] DEBUG -- : Saving scored selections...
D, [2018-03-31T10:06:49.164417 #3998] DEBUG -- : State Score successfully calculated


D, [2018-03-31T10:06:49.164517 #3998] DEBUG -- : Scoring new state: {:rating=>34, :state=>{:unknown=>0, :possibly_lighter=>1, :possibly_heavier=>1, :normal=>6}}
D, [2018-03-31T10:06:49.167053 #3998] DEBUG -- : calculating updated score for older state...
D, [2018-03-31T10:06:49.170472 #3998] DEBUG -- : generating weighed rated selections...
D, [2018-03-31T10:06:49.282725 #3998] DEBUG -- : scoring weighed rated selections...
D, [2018-03-31T10:06:49.282894 #3998] DEBUG -- : Saving scored selections...
D, [2018-03-31T10:06:49.298567 #3998] DEBUG -- : State Score successfully calculated


D, [2018-03-31T10:06:49.298658 #3998] DEBUG -- : Scoring new state: {:rating=>37, :state=>{:unknown=>0, :possibly_lighter=>1, :possibly_heavier=>0, :normal=>7}}
D, [2018-03-31T10:06:49.298684 #3998] DEBUG -- : State Score successfully calculated


D, [2018-03-31T10:06:49.298720 #3998] DEBUG -- : Scoring new state: {:rating=>37, :state=>{:unknown=>0, :possibly_lighter=>0, :possibly_heavier=>1, :normal=>7}}
D, [2018-03-31T10:06:49.298740 #3998] DEBUG -- : State Score successfully calculated


D, [2018-03-31T10:06:49.298766 #3998] DEBUG -- : Scoring new state: {:rating=>37, :state=>{:unknown=>0, :possibly_lighter=>1, :possibly_heavier=>0, :normal=>7}}
D, [2018-03-31T10:06:49.298786 #3998] DEBUG -- : State Score successfully calculated


D, [2018-03-31T10:06:49.298821 #3998] DEBUG -- : Scoring new state: {:rating=>34, :state=>{:unknown=>0, :possibly_lighter=>2, :possibly_heavier=>0, :normal=>6}}
D, [2018-03-31T10:06:49.301379 #3998] DEBUG -- : returning fully calculated score...
D, [2018-03-31T10:06:49.301439 #3998] DEBUG -- : State Score successfully calculated


D, [2018-03-31T10:06:49.301481 #3998] DEBUG -- : Scoring new state: {:rating=>34, :state=>{:unknown=>0, :possibly_lighter=>1, :possibly_heavier=>1, :normal=>6}}
D, [2018-03-31T10:06:49.304008 #3998] DEBUG -- : returning fully calculated score...
D, [2018-03-31T10:06:49.304074 #3998] DEBUG -- : State Score successfully calculated


D, [2018-03-31T10:06:49.304111 #3998] DEBUG -- : Scoring new state: {:rating=>37, :state=>{:unknown=>0, :possibly_lighter=>1, :possibly_heavier=>0, :normal=>7}}
D, [2018-03-31T10:06:49.304134 #3998] DEBUG -- : State Score successfully calculated


D, [2018-03-31T10:06:49.304169 #3998] DEBUG -- : Scoring new state: {:rating=>37, :state=>{:unknown=>0, :possibly_lighter=>0, :possibly_heavier=>1, :normal=>7}}
D, [2018-03-31T10:06:49.304190 #3998] DEBUG -- : State Score successfully calculated


D, [2018-03-31T10:06:49.304216 #3998] DEBUG -- : Scoring new state: {:rating=>37, :state=>{:unknown=>0, :possibly_lighter=>1, :possibly_heavier=>0, :normal=>7}}
D, [2018-03-31T10:06:49.304236 #3998] DEBUG -- : State Score successfully calculated


D, [2018-03-31T10:06:49.304262 #3998] DEBUG -- : Scoring new state: {:rating=>34, :state=>{:unknown=>0, :possibly_lighter=>2, :possibly_heavier=>0, :normal=>6}}
D, [2018-03-31T10:06:49.306675 #3998] DEBUG -- : returning fully calculated score...
D, [2018-03-31T10:06:49.306740 #3998] DEBUG -- : State Score successfully calculated


D, [2018-03-31T10:06:49.306784 #3998] DEBUG -- : Scoring new state: {:rating=>35, :state=>{:unknown=>1, :possibly_lighter=>0, :possibly_heavier=>0, :normal=>7}}
D, [2018-03-31T10:06:49.309182 #3998] DEBUG -- : returning fully calculated score...
D, [2018-03-31T10:06:49.309250 #3998] DEBUG -- : State Score successfully calculated


D, [2018-03-31T10:06:49.309285 #3998] DEBUG -- : Scoring new state: {:rating=>34, :state=>{:unknown=>0, :possibly_lighter=>2, :possibly_heavier=>0, :normal=>6}}
D, [2018-03-31T10:06:49.311702 #3998] DEBUG -- : returning fully calculated score...
D, [2018-03-31T10:06:49.311768 #3998] DEBUG -- : State Score successfully calculated


D, [2018-03-31T10:06:49.311811 #3998] DEBUG -- : Scoring new state: {:rating=>37, :state=>{:unknown=>0, :possibly_lighter=>0, :possibly_heavier=>1, :normal=>7}}
D, [2018-03-31T10:06:49.311836 #3998] DEBUG -- : State Score successfully calculated


D, [2018-03-31T10:06:49.311892 #3998] DEBUG -- : Scoring new state: {:rating=>34, :state=>{:unknown=>0, :possibly_lighter=>2, :possibly_heavier=>0, :normal=>6}}
D, [2018-03-31T10:06:49.314233 #3998] DEBUG -- : returning fully calculated score...
D, [2018-03-31T10:06:49.314296 #3998] DEBUG -- : State Score successfully calculated


D, [2018-03-31T10:06:49.314330 #3998] DEBUG -- : Scoring new state: {:rating=>37, :state=>{:unknown=>0, :possibly_lighter=>1, :possibly_heavier=>0, :normal=>7}}
D, [2018-03-31T10:06:49.314352 #3998] DEBUG -- : State Score successfully calculated


D, [2018-03-31T10:06:49.314387 #3998] DEBUG -- : Scoring new state: {:rating=>34, :state=>{:unknown=>0, :possibly_lighter=>1, :possibly_heavier=>1, :normal=>6}}
D, [2018-03-31T10:06:49.316742 #3998] DEBUG -- : returning fully calculated score...
D, [2018-03-31T10:06:49.316808 #3998] DEBUG -- : State Score successfully calculated


D, [2018-03-31T10:06:49.316843 #3998] DEBUG -- : Scoring new state: {:rating=>37, :state=>{:unknown=>0, :possibly_lighter=>1, :possibly_heavier=>0, :normal=>7}}
D, [2018-03-31T10:06:49.316866 #3998] DEBUG -- : State Score successfully calculated


D, [2018-03-31T10:06:49.316901 #3998] DEBUG -- : Scoring new state: {:rating=>34, :state=>{:unknown=>0, :possibly_lighter=>1, :possibly_heavier=>1, :normal=>6}}
D, [2018-03-31T10:06:49.319247 #3998] DEBUG -- : returning fully calculated score...
D, [2018-03-31T10:06:49.319340 #3998] DEBUG -- : State Score successfully calculated


D, [2018-03-31T10:06:49.319374 #3998] DEBUG -- : Scoring new state: {:rating=>34, :state=>{:unknown=>0, :possibly_lighter=>2, :possibly_heavier=>0, :normal=>6}}
D, [2018-03-31T10:06:49.321793 #3998] DEBUG -- : returning fully calculated score...
D, [2018-03-31T10:06:49.321856 #3998] DEBUG -- : State Score successfully calculated


D, [2018-03-31T10:06:49.321899 #3998] DEBUG -- : Scoring new state: {:rating=>37, :state=>{:unknown=>0, :possibly_lighter=>0, :possibly_heavier=>1, :normal=>7}}
D, [2018-03-31T10:06:49.321923 #3998] DEBUG -- : State Score successfully calculated


D, [2018-03-31T10:06:49.321950 #3998] DEBUG -- : Scoring new state: {:rating=>37, :state=>{:unknown=>0, :possibly_lighter=>1, :possibly_heavier=>0, :normal=>7}}
D, [2018-03-31T10:06:49.321970 #3998] DEBUG -- : State Score successfully calculated


D, [2018-03-31T10:06:49.321997 #3998] DEBUG -- : Scoring new state: {:rating=>34, :state=>{:unknown=>0, :possibly_lighter=>2, :possibly_heavier=>0, :normal=>6}}
D, [2018-03-31T10:06:49.324451 #3998] DEBUG -- : returning fully calculated score...
D, [2018-03-31T10:06:49.324518 #3998] DEBUG -- : State Score successfully calculated


D, [2018-03-31T10:06:49.324585 #3998] DEBUG -- : Scoring new state: {:rating=>34, :state=>{:unknown=>0, :possibly_lighter=>1, :possibly_heavier=>1, :normal=>6}}
D, [2018-03-31T10:06:49.326935 #3998] DEBUG -- : returning fully calculated score...
D, [2018-03-31T10:06:49.326994 #3998] DEBUG -- : State Score successfully calculated


D, [2018-03-31T10:06:49.327028 #3998] DEBUG -- : Scoring new state: {:rating=>37, :state=>{:unknown=>0, :possibly_lighter=>1, :possibly_heavier=>0, :normal=>7}}
D, [2018-03-31T10:06:49.327050 #3998] DEBUG -- : State Score successfully calculated


D, [2018-03-31T10:06:49.327084 #3998] DEBUG -- : Scoring new state: {:rating=>35, :state=>{:unknown=>1, :possibly_lighter=>0, :possibly_heavier=>0, :normal=>7}}
D, [2018-03-31T10:06:49.329443 #3998] DEBUG -- : returning fully calculated score...
D, [2018-03-31T10:06:49.329511 #3998] DEBUG -- : State Score successfully calculated


D, [2018-03-31T10:06:49.329546 #3998] DEBUG -- : Scoring new state: {:rating=>34, :state=>{:unknown=>0, :possibly_lighter=>2, :possibly_heavier=>0, :normal=>6}}
D, [2018-03-31T10:06:49.331886 #3998] DEBUG -- : returning fully calculated score...
D, [2018-03-31T10:06:49.331954 #3998] DEBUG -- : State Score successfully calculated


D, [2018-03-31T10:06:49.331997 #3998] DEBUG -- : Scoring new state: {:rating=>37, :state=>{:unknown=>0, :possibly_lighter=>0, :possibly_heavier=>1, :normal=>7}}
D, [2018-03-31T10:06:49.332045 #3998] DEBUG -- : State Score successfully calculated


D, [2018-03-31T10:06:49.332072 #3998] DEBUG -- : Scoring new state: {:rating=>34, :state=>{:unknown=>0, :possibly_lighter=>2, :possibly_heavier=>0, :normal=>6}}
D, [2018-03-31T10:06:49.334418 #3998] DEBUG -- : returning fully calculated score...
D, [2018-03-31T10:06:49.334485 #3998] DEBUG -- : State Score successfully calculated


D, [2018-03-31T10:06:49.334519 #3998] DEBUG -- : Scoring new state: {:rating=>37, :state=>{:unknown=>0, :possibly_lighter=>1, :possibly_heavier=>0, :normal=>7}}
D, [2018-03-31T10:06:49.334542 #3998] DEBUG -- : State Score successfully calculated


D, [2018-03-31T10:06:49.334578 #3998] DEBUG -- : Scoring new state: {:rating=>34, :state=>{:unknown=>0, :possibly_lighter=>1, :possibly_heavier=>1, :normal=>6}}
D, [2018-03-31T10:06:49.336970 #3998] DEBUG -- : returning fully calculated score...
D, [2018-03-31T10:06:49.337033 #3998] DEBUG -- : State Score successfully calculated


D, [2018-03-31T10:06:49.337069 #3998] DEBUG -- : Scoring new state: {:rating=>34, :state=>{:unknown=>0, :possibly_lighter=>2, :possibly_heavier=>0, :normal=>6}}
D, [2018-03-31T10:06:49.339552 #3998] DEBUG -- : returning fully calculated score...
D, [2018-03-31T10:06:49.339623 #3998] DEBUG -- : State Score successfully calculated


D, [2018-03-31T10:06:49.339666 #3998] DEBUG -- : Scoring new state: {:rating=>37, :state=>{:unknown=>0, :possibly_lighter=>0, :possibly_heavier=>1, :normal=>7}}
D, [2018-03-31T10:06:49.339689 #3998] DEBUG -- : State Score successfully calculated


D, [2018-03-31T10:06:49.339726 #3998] DEBUG -- : Scoring new state: {:rating=>37, :state=>{:unknown=>0, :possibly_lighter=>1, :possibly_heavier=>0, :normal=>7}}
D, [2018-03-31T10:06:49.339746 #3998] DEBUG -- : State Score successfully calculated


D, [2018-03-31T10:06:49.339771 #3998] DEBUG -- : Scoring new state: {:rating=>34, :state=>{:unknown=>0, :possibly_lighter=>2, :possibly_heavier=>0, :normal=>6}}
D, [2018-03-31T10:06:49.342113 #3998] DEBUG -- : returning fully calculated score...
D, [2018-03-31T10:06:49.342175 #3998] DEBUG -- : State Score successfully calculated


D, [2018-03-31T10:06:49.342218 #3998] DEBUG -- : Scoring new state: {:rating=>35, :state=>{:unknown=>1, :possibly_lighter=>0, :possibly_heavier=>0, :normal=>7}}
D, [2018-03-31T10:06:49.344589 #3998] DEBUG -- : returning fully calculated score...
D, [2018-03-31T10:06:49.344654 #3998] DEBUG -- : State Score successfully calculated


D, [2018-03-31T10:06:49.344688 #3998] DEBUG -- : Scoring new state: {:rating=>34, :state=>{:unknown=>0, :possibly_lighter=>2, :possibly_heavier=>0, :normal=>6}}
D, [2018-03-31T10:06:49.347086 #3998] DEBUG -- : returning fully calculated score...
D, [2018-03-31T10:06:49.347145 #3998] DEBUG -- : State Score successfully calculated


D, [2018-03-31T10:06:49.347188 #3998] DEBUG -- : Scoring new state: {:rating=>37, :state=>{:unknown=>0, :possibly_lighter=>0, :possibly_heavier=>1, :normal=>7}}
D, [2018-03-31T10:06:49.347211 #3998] DEBUG -- : State Score successfully calculated


D, [2018-03-31T10:06:49.347238 #3998] DEBUG -- : Scoring new state: {:rating=>34, :state=>{:unknown=>0, :possibly_lighter=>2, :possibly_heavier=>0, :normal=>6}}
D, [2018-03-31T10:06:49.349584 #3998] DEBUG -- : returning fully calculated score...
D, [2018-03-31T10:06:49.349653 #3998] DEBUG -- : State Score successfully calculated


D, [2018-03-31T10:06:49.349686 #3998] DEBUG -- : Scoring new state: {:rating=>37, :state=>{:unknown=>0, :possibly_lighter=>1, :possibly_heavier=>0, :normal=>7}}
D, [2018-03-31T10:06:49.349709 #3998] DEBUG -- : State Score successfully calculated


D, [2018-03-31T10:06:49.349744 #3998] DEBUG -- : Scoring new state: {:rating=>34, :state=>{:unknown=>0, :possibly_lighter=>1, :possibly_heavier=>1, :normal=>6}}
D, [2018-03-31T10:06:49.352109 #3998] DEBUG -- : returning fully calculated score...
D, [2018-03-31T10:06:49.352172 #3998] DEBUG -- : State Score successfully calculated


D, [2018-03-31T10:06:49.352205 #3998] DEBUG -- : Scoring new state: {:rating=>37, :state=>{:unknown=>0, :possibly_lighter=>1, :possibly_heavier=>0, :normal=>7}}
D, [2018-03-31T10:06:49.352228 #3998] DEBUG -- : State Score successfully calculated


D, [2018-03-31T10:06:49.352261 #3998] DEBUG -- : Scoring new state: {:rating=>34, :state=>{:unknown=>0, :possibly_lighter=>1, :possibly_heavier=>1, :normal=>6}}
D, [2018-03-31T10:06:49.354662 #3998] DEBUG -- : returning fully calculated score...
D, [2018-03-31T10:06:49.354724 #3998] DEBUG -- : State Score successfully calculated


D, [2018-03-31T10:06:49.354758 #3998] DEBUG -- : Scoring new state: {:rating=>34, :state=>{:unknown=>0, :possibly_lighter=>2, :possibly_heavier=>0, :normal=>6}}
D, [2018-03-31T10:06:49.357159 #3998] DEBUG -- : returning fully calculated score...
D, [2018-03-31T10:06:49.357225 #3998] DEBUG -- : State Score successfully calculated


D, [2018-03-31T10:06:49.357267 #3998] DEBUG -- : Scoring new state: {:rating=>37, :state=>{:unknown=>0, :possibly_lighter=>0, :possibly_heavier=>1, :normal=>7}}
D, [2018-03-31T10:06:49.357290 #3998] DEBUG -- : State Score successfully calculated


D, [2018-03-31T10:06:49.357317 #3998] DEBUG -- : Scoring new state: {:rating=>37, :state=>{:unknown=>0, :possibly_lighter=>1, :possibly_heavier=>0, :normal=>7}}
D, [2018-03-31T10:06:49.357369 #3998] DEBUG -- : State Score successfully calculated


D, [2018-03-31T10:06:49.357395 #3998] DEBUG -- : Scoring new state: {:rating=>34, :state=>{:unknown=>0, :possibly_lighter=>2, :possibly_heavier=>0, :normal=>6}}
D, [2018-03-31T10:06:49.359745 #3998] DEBUG -- : returning fully calculated score...
D, [2018-03-31T10:06:49.359824 #3998] DEBUG -- : State Score successfully calculated


D, [2018-03-31T10:06:49.359867 #3998] DEBUG -- : Scoring new state: {:rating=>34, :state=>{:unknown=>0, :possibly_lighter=>1, :possibly_heavier=>1, :normal=>6}}
D, [2018-03-31T10:06:49.362250 #3998] DEBUG -- : returning fully calculated score...
D, [2018-03-31T10:06:49.362318 #3998] DEBUG -- : State Score successfully calculated


D, [2018-03-31T10:06:49.362351 #3998] DEBUG -- : Scoring new state: {:rating=>37, :state=>{:unknown=>0, :possibly_lighter=>1, :possibly_heavier=>0, :normal=>7}}
D, [2018-03-31T10:06:49.362374 #3998] DEBUG -- : State Score successfully calculated


D, [2018-03-31T10:06:49.362408 #3998] DEBUG -- : Scoring new state: {:rating=>35, :state=>{:unknown=>1, :possibly_lighter=>0, :possibly_heavier=>0, :normal=>7}}
D, [2018-03-31T10:06:49.364806 #3998] DEBUG -- : returning fully calculated score...
D, [2018-03-31T10:06:49.364868 #3998] DEBUG -- : State Score successfully calculated


D, [2018-03-31T10:06:49.364931 #3998] DEBUG -- : Scoring new state: {:rating=>34, :state=>{:unknown=>0, :possibly_lighter=>2, :possibly_heavier=>0, :normal=>6}}
D, [2018-03-31T10:06:49.367313 #3998] DEBUG -- : returning fully calculated score...
D, [2018-03-31T10:06:49.367381 #3998] DEBUG -- : State Score successfully calculated


D, [2018-03-31T10:06:49.367424 #3998] DEBUG -- : Scoring new state: {:rating=>37, :state=>{:unknown=>0, :possibly_lighter=>0, :possibly_heavier=>1, :normal=>7}}
D, [2018-03-31T10:06:49.367448 #3998] DEBUG -- : State Score successfully calculated


D, [2018-03-31T10:06:49.367475 #3998] DEBUG -- : Scoring new state: {:rating=>34, :state=>{:unknown=>0, :possibly_lighter=>2, :possibly_heavier=>0, :normal=>6}}
D, [2018-03-31T10:06:49.369784 #3998] DEBUG -- : returning fully calculated score...
D, [2018-03-31T10:06:49.369847 #3998] DEBUG -- : State Score successfully calculated


D, [2018-03-31T10:06:49.369880 #3998] DEBUG -- : Scoring new state: {:rating=>37, :state=>{:unknown=>0, :possibly_lighter=>1, :possibly_heavier=>0, :normal=>7}}
D, [2018-03-31T10:06:49.369904 #3998] DEBUG -- : State Score successfully calculated


D, [2018-03-31T10:06:49.369970 #3998] DEBUG -- : Scoring new state: {:rating=>34, :state=>{:unknown=>0, :possibly_lighter=>1, :possibly_heavier=>1, :normal=>6}}
D, [2018-03-31T10:06:49.372387 #3998] DEBUG -- : returning fully calculated score...
D, [2018-03-31T10:06:49.372449 #3998] DEBUG -- : State Score successfully calculated


D, [2018-03-31T10:06:49.372483 #3998] DEBUG -- : Scoring new state: {:rating=>34, :state=>{:unknown=>0, :possibly_lighter=>2, :possibly_heavier=>0, :normal=>6}}
D, [2018-03-31T10:06:49.374901 #3998] DEBUG -- : returning fully calculated score...
D, [2018-03-31T10:06:49.374960 #3998] DEBUG -- : State Score successfully calculated


D, [2018-03-31T10:06:49.375004 #3998] DEBUG -- : Scoring new state: {:rating=>34, :state=>{:unknown=>0, :possibly_lighter=>1, :possibly_heavier=>1, :normal=>6}}
D, [2018-03-31T10:06:49.377360 #3998] DEBUG -- : returning fully calculated score...
D, [2018-03-31T10:06:49.377424 #3998] DEBUG -- : State Score successfully calculated


D, [2018-03-31T10:06:49.377458 #3998] DEBUG -- : Scoring new state: {:rating=>34, :state=>{:unknown=>0, :possibly_lighter=>2, :possibly_heavier=>0, :normal=>6}}
D, [2018-03-31T10:06:49.379852 #3998] DEBUG -- : returning fully calculated score...
D, [2018-03-31T10:06:49.379916 #3998] DEBUG -- : State Score successfully calculated


D, [2018-03-31T10:06:49.379959 #3998] DEBUG -- : Scoring new state: {:rating=>34, :state=>{:unknown=>0, :possibly_lighter=>1, :possibly_heavier=>1, :normal=>6}}
D, [2018-03-31T10:06:49.382301 #3998] DEBUG -- : returning fully calculated score...
D, [2018-03-31T10:06:49.382365 #3998] DEBUG -- : State Score successfully calculated


D, [2018-03-31T10:06:49.382398 #3998] DEBUG -- : Scoring new state: {:rating=>34, :state=>{:unknown=>0, :possibly_lighter=>2, :possibly_heavier=>0, :normal=>6}}
D, [2018-03-31T10:06:49.384828 #3998] DEBUG -- : returning fully calculated score...
D, [2018-03-31T10:06:49.384895 #3998] DEBUG -- : State Score successfully calculated


D, [2018-03-31T10:06:49.384953 #3998] DEBUG -- : Scoring new state: {:rating=>32, :state=>{:unknown=>1, :possibly_lighter=>1, :possibly_heavier=>0, :normal=>6}}
D, [2018-03-31T10:06:49.387307 #3998] DEBUG -- : calculating updated score for older state...
D, [2018-03-31T10:06:49.390600 #3998] DEBUG -- : generating weighed rated selections...
D, [2018-03-31T10:06:49.518950 #3998] DEBUG -- : scoring weighed rated selections...
D, [2018-03-31T10:06:49.519076 #3998] DEBUG -- : Saving scored selections...
D, [2018-03-31T10:06:49.525180 #3998] DEBUG -- : State Score successfully calculated


D, [2018-03-31T10:06:49.525297 #3998] DEBUG -- : Scoring new state: {:rating=>37, :state=>{:unknown=>0, :possibly_lighter=>1, :possibly_heavier=>0, :normal=>7}}
D, [2018-03-31T10:06:49.525323 #3998] DEBUG -- : State Score successfully calculated


D, [2018-03-31T10:06:49.525359 #3998] DEBUG -- : Scoring new state: {:rating=>32, :state=>{:unknown=>1, :possibly_lighter=>1, :possibly_heavier=>0, :normal=>6}}
D, [2018-03-31T10:06:49.527856 #3998] DEBUG -- : calculating updated score for older state...
D, [2018-03-31T10:06:49.531233 #3998] DEBUG -- : generating weighed rated selections...
D, [2018-03-31T10:06:49.532007 #3998] DEBUG -- : -------> building selection...
D, [2018-03-31T10:06:49.532831 #3998] DEBUG -- : -------> building new state...
D, [2018-03-31T10:06:49.533067 #3998] DEBUG -- : -------> building new state...
D, [2018-03-31T10:06:49.533284 #3998] DEBUG -- : -------> building selection...
D, [2018-03-31T10:06:49.533618 #3998] DEBUG -- : -------> building new state...
D, [2018-03-31T10:06:49.533722 #3998] DEBUG -- : -------> building new state...
D, [2018-03-31T10:06:49.533905 #3998] DEBUG -- : -------> building selection...
D, [2018-03-31T10:06:49.534238 #3998] DEBUG -- : -------> building new state...
D, [2018-03-31T10:06:49.534348 #3998] DEBUG -- : -------> building new state...
D, [2018-03-31T10:06:49.534532 #3998] DEBUG -- : -------> building selection...
D, [2018-03-31T10:06:49.534873 #3998] DEBUG -- : -------> building new state...
D, [2018-03-31T10:06:49.535002 #3998] DEBUG -- : -------> building new state...
D, [2018-03-31T10:06:49.535194 #3998] DEBUG -- : -------> building selection...
D, [2018-03-31T10:06:49.535509 #3998] DEBUG -- : -------> building new state...
D, [2018-03-31T10:06:49.535608 #3998] DEBUG -- : -------> building new state...
D, [2018-03-31T10:06:49.535791 #3998] DEBUG -- : -------> building selection...
D, [2018-03-31T10:06:49.536113 #3998] DEBUG -- : -------> building new state...
D, [2018-03-31T10:06:49.536242 #3998] DEBUG -- : -------> building new state...
D, [2018-03-31T10:06:49.536424 #3998] DEBUG -- : -------> building selection...
D, [2018-03-31T10:06:49.536738 #3998] DEBUG -- : -------> building new state...
D, [2018-03-31T10:06:49.536838 #3998] DEBUG -- : -------> building new state...
D, [2018-03-31T10:06:49.537017 #3998] DEBUG -- : -------> building selection...
D, [2018-03-31T10:06:49.537358 #3998] DEBUG -- : -------> building new state...
D, [2018-03-31T10:06:49.537460 #3998] DEBUG -- : -------> building new state...
D, [2018-03-31T10:06:49.537639 #3998] DEBUG -- : -------> building selection...
D, [2018-03-31T10:06:49.537953 #3998] DEBUG -- : -------> building new state...
D, [2018-03-31T10:06:49.538055 #3998] DEBUG -- : -------> building new state...
D, [2018-03-31T10:06:49.538236 #3998] DEBUG -- : -------> building selection...
D, [2018-03-31T10:06:49.538569 #3998] DEBUG -- : -------> building new state...
D, [2018-03-31T10:06:49.538677 #3998] DEBUG -- : -------> building new state...
D, [2018-03-31T10:06:49.538872 #3998] DEBUG -- : -------> building selection...
D, [2018-03-31T10:06:49.539185 #3998] DEBUG -- : -------> building new state...
D, [2018-03-31T10:06:49.539283 #3998] DEBUG -- : -------> building new state...
D, [2018-03-31T10:06:49.539518 #3998] DEBUG -- : -------> building selection...
D, [2018-03-31T10:06:49.539832 #3998] DEBUG -- : -------> building new state...
D, [2018-03-31T10:06:49.539932 #3998] DEBUG -- : -------> building new state...
D, [2018-03-31T10:06:49.540121 #3998] DEBUG -- : -------> building selection...
D, [2018-03-31T10:06:49.540445 #3998] DEBUG -- : -------> building new state...
D, [2018-03-31T10:06:49.540564 #3998] DEBUG -- : -------> building new state...
D, [2018-03-31T10:06:49.540747 #3998] DEBUG -- : -------> building selection...
D, [2018-03-31T10:06:49.541167 #3998] DEBUG -- : -------> building new state...
D, [2018-03-31T10:06:49.541284 #3998] DEBUG -- : -------> building new state...
D, [2018-03-31T10:06:49.541465 #3998] DEBUG -- : -------> building selection...
D, [2018-03-31T10:06:49.541914 #3998] DEBUG -- : -------> building new state...
D, [2018-03-31T10:06:49.542033 #3998] DEBUG -- : -------> building new state...
D, [2018-03-31T10:06:49.542214 #3998] DEBUG -- : -------> building selection...
D, [2018-03-31T10:06:49.542526 #3998] DEBUG -- : -------> building new state...
D, [2018-03-31T10:06:49.542649 #3998] DEBUG -- : -------> building new state...
D, [2018-03-31T10:06:49.542864 #3998] DEBUG -- : -------> building selection...
D, [2018-03-31T10:06:49.543208 #3998] DEBUG -- : -------> building new state...
D, [2018-03-31T10:06:49.543322 #3998] DEBUG -- : -------> building new state...
D, [2018-03-31T10:06:49.543507 #3998] DEBUG -- : -------> building selection...
D, [2018-03-31T10:06:49.543818 #3998] DEBUG -- : -------> building new state...
D, [2018-03-31T10:06:49.543915 #3998] DEBUG -- : -------> building new state...
D, [2018-03-31T10:06:49.544124 #3998] DEBUG -- : -------> building selection...
D, [2018-03-31T10:06:49.544469 #3998] DEBUG -- : -------> building new state...
D, [2018-03-31T10:06:49.544567 #3998] DEBUG -- : -------> building new state...
D, [2018-03-31T10:06:49.544754 #3998] DEBUG -- : -------> building selection...
D, [2018-03-31T10:06:49.545103 #3998] DEBUG -- : -------> building new state...
D, [2018-03-31T10:06:49.545204 #3998] DEBUG -- : -------> building new state...
D, [2018-03-31T10:06:49.545381 #3998] DEBUG -- : -------> building selection...
D, [2018-03-31T10:06:49.545698 #3998] DEBUG -- : -------> building new state...
D, [2018-03-31T10:06:49.545805 #3998] DEBUG -- : -------> building new state...
D, [2018-03-31T10:06:49.545985 #3998] DEBUG -- : -------> building selection...
D, [2018-03-31T10:06:49.546334 #3998] DEBUG -- : -------> building new state...
D, [2018-03-31T10:06:49.546441 #3998] DEBUG -- : -------> building new state...
D, [2018-03-31T10:06:49.546620 #3998] DEBUG -- : -------> building selection...
D, [2018-03-31T10:06:49.546965 #3998] DEBUG -- : -------> building new state...
D, [2018-03-31T10:06:49.547072 #3998] DEBUG -- : -------> building new state...
D, [2018-03-31T10:06:49.547252 #3998] DEBUG -- : -------> building selection...
D, [2018-03-31T10:06:49.547588 #3998] DEBUG -- : -------> building new state...
D, [2018-03-31T10:06:49.547686 #3998] DEBUG -- : -------> building new state...
D, [2018-03-31T10:06:49.547867 #3998] DEBUG -- : -------> building selection...
D, [2018-03-31T10:06:49.548179 #3998] DEBUG -- : -------> building new state...
D, [2018-03-31T10:06:49.548281 #3998] DEBUG -- : -------> building new state...
D, [2018-03-31T10:06:49.548463 #3998] DEBUG -- : -------> building selection...
D, [2018-03-31T10:06:49.548793 #3998] DEBUG -- : -------> building new state...
D, [2018-03-31T10:06:49.548892 #3998] DEBUG -- : -------> building new state...
D, [2018-03-31T10:06:49.549071 #3998] DEBUG -- : scoring weighed rated selections...
D, [2018-03-31T10:06:49.549134 #3998] DEBUG -- : Saving scored selections...
D, [2018-03-31T10:06:49.555182 #3998] DEBUG -- : State Score successfully calculated


D, [2018-03-31T10:06:49.555252 #3998] DEBUG -- : Scoring new state: {:rating=>37, :state=>{:unknown=>0, :possibly_lighter=>1, :possibly_heavier=>0, :normal=>7}}
D, [2018-03-31T10:06:49.555277 #3998] DEBUG -- : State Score successfully calculated


D, [2018-03-31T10:06:49.555313 #3998] DEBUG -- : Scoring new state: {:rating=>32, :state=>{:unknown=>1, :possibly_lighter=>1, :possibly_heavier=>0, :normal=>6}}
D, [2018-03-31T10:06:49.557948 #3998] DEBUG -- : calculating updated score for older state...
D, [2018-03-31T10:06:49.561394 #3998] DEBUG -- : generating weighed rated selections...
D, [2018-03-31T10:06:49.562164 #3998] DEBUG -- : -------> building selection...
D, [2018-03-31T10:06:49.563037 #3998] DEBUG -- : -------> building new state...
D, [2018-03-31T10:06:49.563351 #3998] DEBUG -- : -------> building new state...
D, [2018-03-31T10:06:49.563654 #3998] DEBUG -- : -------> building selection...
D, [2018-03-31T10:06:49.563996 #3998] DEBUG -- : -------> building new state...
D, [2018-03-31T10:06:49.564099 #3998] DEBUG -- : -------> building new state...
D, [2018-03-31T10:06:49.564278 #3998] DEBUG -- : -------> building selection...
D, [2018-03-31T10:06:49.564612 #3998] DEBUG -- : -------> building new state...
D, [2018-03-31T10:06:49.564722 #3998] DEBUG -- : -------> building new state...
D, [2018-03-31T10:06:49.564906 #3998] DEBUG -- : -------> building selection...
D, [2018-03-31T10:06:49.565221 #3998] DEBUG -- : -------> building new state...
D, [2018-03-31T10:06:49.565320 #3998] DEBUG -- : -------> building new state...
D, [2018-03-31T10:06:49.565555 #3998] DEBUG -- : -------> building selection...
D, [2018-03-31T10:06:49.565917 #3998] DEBUG -- : -------> building new state...
D, [2018-03-31T10:06:49.566020 #3998] DEBUG -- : -------> building new state...
D, [2018-03-31T10:06:49.566207 #3998] DEBUG -- : -------> building selection...
D, [2018-03-31T10:06:49.566526 #3998] DEBUG -- : -------> building new state...
D, [2018-03-31T10:06:49.566628 #3998] DEBUG -- : -------> building new state...
D, [2018-03-31T10:06:49.566821 #3998] DEBUG -- : -------> building selection...
D, [2018-03-31T10:06:49.567164 #3998] DEBUG -- : -------> building new state...
D, [2018-03-31T10:06:49.567266 #3998] DEBUG -- : -------> building new state...
D, [2018-03-31T10:06:49.567448 #3998] DEBUG -- : -------> building selection...
D, [2018-03-31T10:06:49.567769 #3998] DEBUG -- : -------> building new state...
D, [2018-03-31T10:06:49.567875 #3998] DEBUG -- : -------> building new state...
D, [2018-03-31T10:06:49.568056 #3998] DEBUG -- : -------> building selection...
D, [2018-03-31T10:06:49.568386 #3998] DEBUG -- : -------> building new state...
D, [2018-03-31T10:06:49.568489 #3998] DEBUG -- : -------> building new state...
D, [2018-03-31T10:06:49.568675 #3998] DEBUG -- : -------> building selection...
D, [2018-03-31T10:06:49.568993 #3998] DEBUG -- : -------> building new state...
D, [2018-03-31T10:06:49.569098 #3998] DEBUG -- : -------> building new state...
D, [2018-03-31T10:06:49.569278 #3998] DEBUG -- : -------> building selection...
D, [2018-03-31T10:06:49.569657 #3998] DEBUG -- : -------> building new state...
D, [2018-03-31T10:06:49.569771 #3998] DEBUG -- : -------> building new state...
D, [2018-03-31T10:06:49.569950 #3998] DEBUG -- : -------> building selection...
D, [2018-03-31T10:06:49.570255 #3998] DEBUG -- : -------> building new state...
D, [2018-03-31T10:06:49.570351 #3998] DEBUG -- : -------> building new state...
D, [2018-03-31T10:06:49.570612 #3998] DEBUG -- : -------> building selection...
D, [2018-03-31T10:06:49.570943 #3998] DEBUG -- : -------> building new state...
D, [2018-03-31T10:06:49.571045 #3998] DEBUG -- : -------> building new state...
D, [2018-03-31T10:06:49.571227 #3998] DEBUG -- : -------> building selection...
D, [2018-03-31T10:06:49.571538 #3998] DEBUG -- : -------> building new state...
D, [2018-03-31T10:06:49.571700 #3998] DEBUG -- : -------> building new state...
D, [2018-03-31T10:06:49.571880 #3998] DEBUG -- : -------> building selection...
D, [2018-03-31T10:06:49.572192 #3998] DEBUG -- : -------> building new state...
D, [2018-03-31T10:06:49.572293 #3998] DEBUG -- : -------> building new state...
D, [2018-03-31T10:06:49.572538 #3998] DEBUG -- : -------> building selection...
D, [2018-03-31T10:06:49.572853 #3998] DEBUG -- : -------> building new state...
D, [2018-03-31T10:06:49.572955 #3998] DEBUG -- : -------> building new state...
D, [2018-03-31T10:06:49.573130 #3998] DEBUG -- : -------> building selection...
D, [2018-03-31T10:06:49.573437 #3998] DEBUG -- : -------> building new state...
D, [2018-03-31T10:06:49.573608 #3998] DEBUG -- : -------> building new state...
D, [2018-03-31T10:06:49.573789 #3998] DEBUG -- : -------> building selection...
D, [2018-03-31T10:06:49.574123 #3998] DEBUG -- : -------> building new state...
D, [2018-03-31T10:06:49.574225 #3998] DEBUG -- : -------> building new state...
D, [2018-03-31T10:06:49.574455 #3998] DEBUG -- : -------> building selection...
D, [2018-03-31T10:06:49.574774 #3998] DEBUG -- : -------> building new state...
D, [2018-03-31T10:06:49.574889 #3998] DEBUG -- : -------> building new state...
D, [2018-03-31T10:06:49.575074 #3998] DEBUG -- : -------> building selection...
D, [2018-03-31T10:06:49.575382 #3998] DEBUG -- : -------> building new state...
D, [2018-03-31T10:06:49.575518 #3998] DEBUG -- : -------> building new state...
D, [2018-03-31T10:06:49.575709 #3998] DEBUG -- : -------> building selection...
D, [2018-03-31T10:06:49.576020 #3998] DEBUG -- : -------> building new state...
D, [2018-03-31T10:06:49.576171 #3998] DEBUG -- : -------> building new state...
D, [2018-03-31T10:06:49.576363 #3998] DEBUG -- : -------> building selection...
D, [2018-03-31T10:06:49.576669 #3998] DEBUG -- : -------> building new state...
D, [2018-03-31T10:06:49.576767 #3998] DEBUG -- : -------> building new state...
D, [2018-03-31T10:06:49.576944 #3998] DEBUG -- : -------> building selection...
D, [2018-03-31T10:06:49.577321 #3998] DEBUG -- : -------> building new state...
D, [2018-03-31T10:06:49.577425 #3998] DEBUG -- : -------> building new state...
D, [2018-03-31T10:06:49.577603 #3998] DEBUG -- : -------> building selection...
D, [2018-03-31T10:06:49.577920 #3998] DEBUG -- : -------> building new state...
D, [2018-03-31T10:06:49.578022 #3998] DEBUG -- : -------> building new state...
D, [2018-03-31T10:06:49.578250 #3998] DEBUG -- : -------> building selection...
D, [2018-03-31T10:06:49.578559 #3998] DEBUG -- : -------> building new state...
D, [2018-03-31T10:06:49.578659 #3998] DEBUG -- : -------> building new state...
D, [2018-03-31T10:06:49.578847 #3998] DEBUG -- : -------> building selection...
D, [2018-03-31T10:06:49.580899 #3998] DEBUG -- : -------> building new state...
D, [2018-03-31T10:06:49.581048 #3998] DEBUG -- : -------> building new state...
D, [2018-03-31T10:06:49.581327 #3998] DEBUG -- : scoring weighed rated selections...
D, [2018-03-31T10:06:49.581397 #3998] DEBUG -- : Saving scored selections...
D, [2018-03-31T10:06:49.587779 #3998] DEBUG -- : State Score successfully calculated


D, [2018-03-31T10:06:49.587851 #3998] DEBUG -- : Scoring new state: {:rating=>37, :state=>{:unknown=>0, :possibly_lighter=>1, :possibly_heavier=>0, :normal=>7}}
D, [2018-03-31T10:06:49.587875 #3998] DEBUG -- : State Score successfully calculated


D, [2018-03-31T10:06:49.587912 #3998] DEBUG -- : Scoring new state: {:rating=>32, :state=>{:unknown=>1, :possibly_lighter=>1, :possibly_heavier=>0, :normal=>6}}
D, [2018-03-31T10:06:49.590511 #3998] DEBUG -- : calculating updated score for older state...
D, [2018-03-31T10:06:49.593888 #3998] DEBUG -- : generating weighed rated selections...
D, [2018-03-31T10:06:49.594643 #3998] DEBUG -- : -------> building selection...
D, [2018-03-31T10:06:49.595441 #3998] DEBUG -- : -------> building new state...
D, [2018-03-31T10:06:49.595684 #3998] DEBUG -- : -------> building new state...
D, [2018-03-31T10:06:49.595946 #3998] DEBUG -- : -------> building selection...
D, [2018-03-31T10:06:49.596277 #3998] DEBUG -- : -------> building new state...
D, [2018-03-31T10:06:49.596460 #3998] DEBUG -- : -------> building new state...
D, [2018-03-31T10:06:49.596671 #3998] DEBUG -- : -------> building selection...
D, [2018-03-31T10:06:49.596987 #3998] DEBUG -- : -------> building new state...
D, [2018-03-31T10:06:49.597113 #3998] DEBUG -- : -------> building new state...
D, [2018-03-31T10:06:49.597339 #3998] DEBUG -- : -------> building selection...
D, [2018-03-31T10:06:49.597663 #3998] DEBUG -- : -------> building new state...
D, [2018-03-31T10:06:49.597767 #3998] DEBUG -- : -------> building new state...
D, [2018-03-31T10:06:49.597952 #3998] DEBUG -- : -------> building selection...
D, [2018-03-31T10:06:49.598274 #3998] DEBUG -- : -------> building new state...
D, [2018-03-31T10:06:49.598396 #3998] DEBUG -- : -------> building new state...
D, [2018-03-31T10:06:49.598585 #3998] DEBUG -- : -------> building selection...
D, [2018-03-31T10:06:49.598909 #3998] DEBUG -- : -------> building new state...
D, [2018-03-31T10:06:49.599011 #3998] DEBUG -- : -------> building new state...
D, [2018-03-31T10:06:49.599191 #3998] DEBUG -- : -------> building selection...
D, [2018-03-31T10:06:49.599500 #3998] DEBUG -- : -------> building new state...
D, [2018-03-31T10:06:49.599617 #3998] DEBUG -- : -------> building new state...
D, [2018-03-31T10:06:49.599798 #3998] DEBUG -- : -------> building selection...
D, [2018-03-31T10:06:49.600113 #3998] DEBUG -- : -------> building new state...
D, [2018-03-31T10:06:49.600214 #3998] DEBUG -- : -------> building new state...
D, [2018-03-31T10:06:49.600428 #3998] DEBUG -- : -------> building selection...
D, [2018-03-31T10:06:49.600739 #3998] DEBUG -- : -------> building new state...
D, [2018-03-31T10:06:49.600839 #3998] DEBUG -- : -------> building new state...
D, [2018-03-31T10:06:49.601043 #3998] DEBUG -- : -------> building selection...
D, [2018-03-31T10:06:49.601349 #3998] DEBUG -- : -------> building new state...
D, [2018-03-31T10:06:49.601463 #3998] DEBUG -- : -------> building new state...
D, [2018-03-31T10:06:49.601678 #3998] DEBUG -- : -------> building selection...
D, [2018-03-31T10:06:49.601986 #3998] DEBUG -- : -------> building new state...
D, [2018-03-31T10:06:49.602083 #3998] DEBUG -- : -------> building new state...
D, [2018-03-31T10:06:49.602310 #3998] DEBUG -- : -------> building selection...
D, [2018-03-31T10:06:49.602641 #3998] DEBUG -- : -------> building new state...
D, [2018-03-31T10:06:49.602740 #3998] DEBUG -- : -------> building new state...
D, [2018-03-31T10:06:49.602982 #3998] DEBUG -- : -------> building selection...
D, [2018-03-31T10:06:49.603408 #3998] DEBUG -- : -------> building new state...
D, [2018-03-31T10:06:49.603591 #3998] DEBUG -- : -------> building new state...
D, [2018-03-31T10:06:49.603802 #3998] DEBUG -- : -------> building selection...
D, [2018-03-31T10:06:49.604144 #3998] DEBUG -- : -------> building new state...
D, [2018-03-31T10:06:49.604246 #3998] DEBUG -- : -------> building new state...
D, [2018-03-31T10:06:49.605797 #3998] DEBUG -- : -------> building selection...
D, [2018-03-31T10:06:49.606203 #3998] DEBUG -- : -------> building new state...
D, [2018-03-31T10:06:49.606377 #3998] DEBUG -- : -------> building new state...
D, [2018-03-31T10:06:49.606610 #3998] DEBUG -- : -------> building selection...
D, [2018-03-31T10:06:49.606990 #3998] DEBUG -- : -------> building new state...
D, [2018-03-31T10:06:49.607110 #3998] DEBUG -- : -------> building new state...
D, [2018-03-31T10:06:49.607304 #3998] DEBUG -- : -------> building selection...
D, [2018-03-31T10:06:49.607661 #3998] DEBUG -- : -------> building new state...
D, [2018-03-31T10:06:49.607801 #3998] DEBUG -- : -------> building new state...
D, [2018-03-31T10:06:49.608020 #3998] DEBUG -- : -------> building selection...
D, [2018-03-31T10:06:49.608421 #3998] DEBUG -- : -------> building new state...
D, [2018-03-31T10:06:49.608526 #3998] DEBUG -- : -------> building new state...
D, [2018-03-31T10:06:49.608718 #3998] DEBUG -- : -------> building selection...
D, [2018-03-31T10:06:49.609074 #3998] DEBUG -- : -------> building new state...
D, [2018-03-31T10:06:49.609193 #3998] DEBUG -- : -------> building new state...
D, [2018-03-31T10:06:49.609374 #3998] DEBUG -- : -------> building selection...
D, [2018-03-31T10:06:49.609713 #3998] DEBUG -- : -------> building new state...
D, [2018-03-31T10:06:49.609824 #3998] DEBUG -- : -------> building new state...
D, [2018-03-31T10:06:49.610038 #3998] DEBUG -- : -------> building selection...
D, [2018-03-31T10:06:49.610349 #3998] DEBUG -- : -------> building new state...
D, [2018-03-31T10:06:49.610475 #3998] DEBUG -- : -------> building new state...
D, [2018-03-31T10:06:49.610658 #3998] DEBUG -- : -------> building selection...
D, [2018-03-31T10:06:49.611015 #3998] DEBUG -- : -------> building new state...
D, [2018-03-31T10:06:49.611126 #3998] DEBUG -- : -------> building new state...
D, [2018-03-31T10:06:49.611307 #3998] DEBUG -- : -------> building selection...
D, [2018-03-31T10:06:49.611630 #3998] DEBUG -- : -------> building new state...
D, [2018-03-31T10:06:49.611744 #3998] DEBUG -- : -------> building new state...
D, [2018-03-31T10:06:49.611942 #3998] DEBUG -- : -------> building selection...
D, [2018-03-31T10:06:49.612276 #3998] DEBUG -- : -------> building new state...
D, [2018-03-31T10:06:49.612380 #3998] DEBUG -- : -------> building new state...
D, [2018-03-31T10:06:49.612564 #3998] DEBUG -- : -------> building selection...
D, [2018-03-31T10:06:49.612898 #3998] DEBUG -- : -------> building new state...
D, [2018-03-31T10:06:49.612998 #3998] DEBUG -- : -------> building new state...
D, [2018-03-31T10:06:49.613195 #3998] DEBUG -- : -------> building selection...
D, [2018-03-31T10:06:49.613508 #3998] DEBUG -- : -------> building new state...
D, [2018-03-31T10:06:49.613610 #3998] DEBUG -- : -------> building new state...
D, [2018-03-31T10:06:49.613808 #3998] DEBUG -- : scoring weighed rated selections...
D, [2018-03-31T10:06:49.613874 #3998] DEBUG -- : Saving scored selections...
D, [2018-03-31T10:06:49.619991 #3998] DEBUG -- : State Score successfully calculated


D, [2018-03-31T10:06:49.620065 #3998] DEBUG -- : Scoring new state: {:rating=>37, :state=>{:unknown=>0, :possibly_lighter=>1, :possibly_heavier=>0, :normal=>7}}
D, [2018-03-31T10:06:49.620090 #3998] DEBUG -- : State Score successfully calculated


D, [2018-03-31T10:06:49.620126 #3998] DEBUG -- : Scoring new state: {:rating=>32, :state=>{:unknown=>1, :possibly_lighter=>1, :possibly_heavier=>0, :normal=>6}}
D, [2018-03-31T10:06:49.622700 #3998] DEBUG -- : calculating updated score for older state...
D, [2018-03-31T10:06:49.626110 #3998] DEBUG -- : generating weighed rated selections...
D, [2018-03-31T10:06:49.626919 #3998] DEBUG -- : -------> building selection...
D, [2018-03-31T10:06:49.627772 #3998] DEBUG -- : -------> building new state...
D, [2018-03-31T10:06:49.628043 #3998] DEBUG -- : -------> building new state...
D, [2018-03-31T10:06:49.628270 #3998] DEBUG -- : -------> building selection...
D, [2018-03-31T10:06:49.628619 #3998] DEBUG -- : -------> building new state...
D, [2018-03-31T10:06:49.628783 #3998] DEBUG -- : -------> building new state...
D, [2018-03-31T10:06:49.628991 #3998] DEBUG -- : -------> building selection...
D, [2018-03-31T10:06:49.629374 #3998] DEBUG -- : -------> building new state...
D, [2018-03-31T10:06:49.629519 #3998] DEBUG -- : -------> building new state...
D, [2018-03-31T10:06:49.629715 #3998] DEBUG -- : -------> building selection...
D, [2018-03-31T10:06:49.630181 #3998] DEBUG -- : -------> building new state...
D, [2018-03-31T10:06:49.630289 #3998] DEBUG -- : -------> building new state...
D, [2018-03-31T10:06:49.630476 #3998] DEBUG -- : -------> building selection...
D, [2018-03-31T10:06:49.630811 #3998] DEBUG -- : -------> building new state...
D, [2018-03-31T10:06:49.630918 #3998] DEBUG -- : -------> building new state...
D, [2018-03-31T10:06:49.631134 #3998] DEBUG -- : -------> building selection...
D, [2018-03-31T10:06:49.631501 #3998] DEBUG -- : -------> building new state...
D, [2018-03-31T10:06:49.631604 #3998] DEBUG -- : -------> building new state...
D, [2018-03-31T10:06:49.631785 #3998] DEBUG -- : -------> building selection...
D, [2018-03-31T10:06:49.632139 #3998] DEBUG -- : -------> building new state...
D, [2018-03-31T10:06:49.632238 #3998] DEBUG -- : -------> building new state...
D, [2018-03-31T10:06:49.632442 #3998] DEBUG -- : -------> building selection...
D, [2018-03-31T10:06:49.632754 #3998] DEBUG -- : -------> building new state...
D, [2018-03-31T10:06:49.632855 #3998] DEBUG -- : -------> building new state...
D, [2018-03-31T10:06:49.633032 #3998] DEBUG -- : -------> building selection...
D, [2018-03-31T10:06:49.633357 #3998] DEBUG -- : -------> building new state...
D, [2018-03-31T10:06:49.633470 #3998] DEBUG -- : -------> building new state...
D, [2018-03-31T10:06:49.633668 #3998] DEBUG -- : -------> building selection...
D, [2018-03-31T10:06:49.633975 #3998] DEBUG -- : -------> building new state...
D, [2018-03-31T10:06:49.634078 #3998] DEBUG -- : -------> building new state...
D, [2018-03-31T10:06:49.634259 #3998] DEBUG -- : -------> building selection...
D, [2018-03-31T10:06:49.634584 #3998] DEBUG -- : -------> building new state...
D, [2018-03-31T10:06:49.634681 #3998] DEBUG -- : -------> building new state...
D, [2018-03-31T10:06:49.634883 #3998] DEBUG -- : -------> building selection...
D, [2018-03-31T10:06:49.635218 #3998] DEBUG -- : -------> building new state...
D, [2018-03-31T10:06:49.635317 #3998] DEBUG -- : -------> building new state...
D, [2018-03-31T10:06:49.635494 #3998] DEBUG -- : -------> building selection...
D, [2018-03-31T10:06:49.635856 #3998] DEBUG -- : -------> building new state...
D, [2018-03-31T10:06:49.635973 #3998] DEBUG -- : -------> building new state...
D, [2018-03-31T10:06:49.636164 #3998] DEBUG -- : -------> building selection...
D, [2018-03-31T10:06:49.636536 #3998] DEBUG -- : -------> building new state...
D, [2018-03-31T10:06:49.636738 #3998] DEBUG -- : -------> building new state...
D, [2018-03-31T10:06:49.636961 #3998] DEBUG -- : -------> building selection...
D, [2018-03-31T10:06:49.637289 #3998] DEBUG -- : -------> building new state...
D, [2018-03-31T10:06:49.637397 #3998] DEBUG -- : -------> building new state...
D, [2018-03-31T10:06:49.637594 #3998] DEBUG -- : -------> building selection...
D, [2018-03-31T10:06:49.637926 #3998] DEBUG -- : -------> building new state...
D, [2018-03-31T10:06:49.638026 #3998] DEBUG -- : -------> building new state...
D, [2018-03-31T10:06:49.638244 #3998] DEBUG -- : -------> building selection...
D, [2018-03-31T10:06:49.638576 #3998] DEBUG -- : -------> building new state...
D, [2018-03-31T10:06:49.638692 #3998] DEBUG -- : -------> building new state...
D, [2018-03-31T10:06:49.640381 #3998] DEBUG -- : -------> building selection...
D, [2018-03-31T10:06:49.640781 #3998] DEBUG -- : -------> building new state...
D, [2018-03-31T10:06:49.640972 #3998] DEBUG -- : -------> building new state...
D, [2018-03-31T10:06:49.641169 #3998] DEBUG -- : -------> building selection...
D, [2018-03-31T10:06:49.641526 #3998] DEBUG -- : -------> building new state...
D, [2018-03-31T10:06:49.641630 #3998] DEBUG -- : -------> building new state...
D, [2018-03-31T10:06:49.641824 #3998] DEBUG -- : -------> building selection...
D, [2018-03-31T10:06:49.642154 #3998] DEBUG -- : -------> building new state...
D, [2018-03-31T10:06:49.642253 #3998] DEBUG -- : -------> building new state...
D, [2018-03-31T10:06:49.642441 #3998] DEBUG -- : -------> building selection...
D, [2018-03-31T10:06:49.642765 #3998] DEBUG -- : -------> building new state...
D, [2018-03-31T10:06:49.642884 #3998] DEBUG -- : -------> building new state...
D, [2018-03-31T10:06:49.643068 #3998] DEBUG -- : -------> building selection...
D, [2018-03-31T10:06:49.643383 #3998] DEBUG -- : -------> building new state...
D, [2018-03-31T10:06:49.643498 #3998] DEBUG -- : -------> building new state...
D, [2018-03-31T10:06:49.643684 #3998] DEBUG -- : -------> building selection...
D, [2018-03-31T10:06:49.643999 #3998] DEBUG -- : -------> building new state...
D, [2018-03-31T10:06:49.644103 #3998] DEBUG -- : -------> building new state...
D, [2018-03-31T10:06:49.644313 #3998] DEBUG -- : -------> building selection...
D, [2018-03-31T10:06:49.644636 #3998] DEBUG -- : -------> building new state...
D, [2018-03-31T10:06:49.644750 #3998] DEBUG -- : -------> building new state...
D, [2018-03-31T10:06:49.644937 #3998] DEBUG -- : -------> building selection...
D, [2018-03-31T10:06:49.645261 #3998] DEBUG -- : -------> building new state...
D, [2018-03-31T10:06:49.645373 #3998] DEBUG -- : -------> building new state...
D, [2018-03-31T10:06:49.645559 #3998] DEBUG -- : -------> building selection...
D, [2018-03-31T10:06:49.645895 #3998] DEBUG -- : -------> building new state...
D, [2018-03-31T10:06:49.646006 #3998] DEBUG -- : -------> building new state...
D, [2018-03-31T10:06:49.646210 #3998] DEBUG -- : scoring weighed rated selections...
D, [2018-03-31T10:06:49.646286 #3998] DEBUG -- : Saving scored selections...
D, [2018-03-31T10:06:49.652732 #3998] DEBUG -- : State Score successfully calculated


D, [2018-03-31T10:06:49.652800 #3998] DEBUG -- : Scoring new state: {:rating=>37, :state=>{:unknown=>0, :possibly_lighter=>1, :possibly_heavier=>0, :normal=>7}}
D, [2018-03-31T10:06:49.652831 #3998] DEBUG -- : State Score successfully calculated


D, [2018-03-31T10:06:49.652867 #3998] DEBUG -- : Scoring new state: {:rating=>32, :state=>{:unknown=>1, :possibly_lighter=>1, :possibly_heavier=>0, :normal=>6}}
D, [2018-03-31T10:06:49.655552 #3998] DEBUG -- : calculating updated score for older state...
D, [2018-03-31T10:06:49.658983 #3998] DEBUG -- : generating weighed rated selections...
D, [2018-03-31T10:06:49.659763 #3998] DEBUG -- : -------> building selection...
D, [2018-03-31T10:06:49.660645 #3998] DEBUG -- : -------> building new state...
D, [2018-03-31T10:06:49.660983 #3998] DEBUG -- : -------> building new state...
D, [2018-03-31T10:06:49.661258 #3998] DEBUG -- : -------> building selection...
D, [2018-03-31T10:06:49.661627 #3998] DEBUG -- : -------> building new state...
D, [2018-03-31T10:06:49.661749 #3998] DEBUG -- : -------> building new state...
D, [2018-03-31T10:06:49.661973 #3998] DEBUG -- : -------> building selection...
D, [2018-03-31T10:06:49.662318 #3998] DEBUG -- : -------> building new state...
D, [2018-03-31T10:06:49.662439 #3998] DEBUG -- : -------> building new state...
D, [2018-03-31T10:06:49.662643 #3998] DEBUG -- : -------> building selection...
D, [2018-03-31T10:06:49.663000 #3998] DEBUG -- : -------> building new state...
D, [2018-03-31T10:06:49.663118 #3998] DEBUG -- : -------> building new state...
D, [2018-03-31T10:06:49.663349 #3998] DEBUG -- : -------> building selection...
D, [2018-03-31T10:06:49.663694 #3998] DEBUG -- : -------> building new state...
D, [2018-03-31T10:06:49.664376 #3998] DEBUG -- : -------> building new state...
D, [2018-03-31T10:06:49.664620 #3998] DEBUG -- : -------> building selection...
D, [2018-03-31T10:06:49.664938 #3998] DEBUG -- : -------> building new state...
D, [2018-03-31T10:06:49.665038 #3998] DEBUG -- : -------> building new state...
D, [2018-03-31T10:06:49.665217 #3998] DEBUG -- : -------> building selection...
D, [2018-03-31T10:06:49.665612 #3998] DEBUG -- : -------> building new state...
D, [2018-03-31T10:06:49.665718 #3998] DEBUG -- : -------> building new state...
D, [2018-03-31T10:06:49.665898 #3998] DEBUG -- : -------> building selection...
D, [2018-03-31T10:06:49.666212 #3998] DEBUG -- : -------> building new state...
D, [2018-03-31T10:06:49.666314 #3998] DEBUG -- : -------> building new state...
D, [2018-03-31T10:06:49.666492 #3998] DEBUG -- : -------> building selection...
D, [2018-03-31T10:06:49.666846 #3998] DEBUG -- : -------> building new state...
D, [2018-03-31T10:06:49.666957 #3998] DEBUG -- : -------> building new state...
D, [2018-03-31T10:06:49.667142 #3998] DEBUG -- : -------> building selection...
D, [2018-03-31T10:06:49.667454 #3998] DEBUG -- : -------> building new state...
D, [2018-03-31T10:06:49.667583 #3998] DEBUG -- : -------> building new state...
D, [2018-03-31T10:06:49.667805 #3998] DEBUG -- : -------> building selection...
D, [2018-03-31T10:06:49.668127 #3998] DEBUG -- : -------> building new state...
D, [2018-03-31T10:06:49.668236 #3998] DEBUG -- : -------> building new state...
D, [2018-03-31T10:06:49.668428 #3998] DEBUG -- : -------> building selection...
D, [2018-03-31T10:06:49.668791 #3998] DEBUG -- : -------> building new state...
D, [2018-03-31T10:06:49.668902 #3998] DEBUG -- : -------> building new state...
D, [2018-03-31T10:06:49.669099 #3998] DEBUG -- : -------> building selection...
D, [2018-03-31T10:06:49.669422 #3998] DEBUG -- : -------> building new state...
D, [2018-03-31T10:06:49.669530 #3998] DEBUG -- : -------> building new state...
D, [2018-03-31T10:06:49.669723 #3998] DEBUG -- : -------> building selection...
D, [2018-03-31T10:06:49.670090 #3998] DEBUG -- : -------> building new state...
D, [2018-03-31T10:06:49.670199 #3998] DEBUG -- : -------> building new state...
D, [2018-03-31T10:06:49.670388 #3998] DEBUG -- : -------> building selection...
D, [2018-03-31T10:06:49.670724 #3998] DEBUG -- : -------> building new state...
D, [2018-03-31T10:06:49.670875 #3998] DEBUG -- : -------> building new state...
D, [2018-03-31T10:06:49.671077 #3998] DEBUG -- : -------> building selection...
D, [2018-03-31T10:06:49.671433 #3998] DEBUG -- : -------> building new state...
D, [2018-03-31T10:06:49.671546 #3998] DEBUG -- : -------> building new state...
D, [2018-03-31T10:06:49.671736 #3998] DEBUG -- : -------> building selection...
D, [2018-03-31T10:06:49.672105 #3998] DEBUG -- : -------> building new state...
D, [2018-03-31T10:06:49.672272 #3998] DEBUG -- : -------> building new state...
D, [2018-03-31T10:06:49.672472 #3998] DEBUG -- : -------> building selection...
D, [2018-03-31T10:06:49.672803 #3998] DEBUG -- : -------> building new state...
D, [2018-03-31T10:06:49.672982 #3998] DEBUG -- : -------> building new state...
D, [2018-03-31T10:06:49.673179 #3998] DEBUG -- : -------> building selection...
D, [2018-03-31T10:06:49.673541 #3998] DEBUG -- : -------> building new state...
D, [2018-03-31T10:06:49.673644 #3998] DEBUG -- : -------> building new state...
D, [2018-03-31T10:06:49.673825 #3998] DEBUG -- : -------> building selection...
D, [2018-03-31T10:06:49.674141 #3998] DEBUG -- : -------> building new state...
D, [2018-03-31T10:06:49.674241 #3998] DEBUG -- : -------> building new state...
D, [2018-03-31T10:06:49.674459 #3998] DEBUG -- : -------> building selection...
D, [2018-03-31T10:06:49.674768 #3998] DEBUG -- : -------> building new state...
D, [2018-03-31T10:06:49.674895 #3998] DEBUG -- : -------> building new state...
D, [2018-03-31T10:06:49.675079 #3998] DEBUG -- : -------> building selection...
D, [2018-03-31T10:06:49.675391 #3998] DEBUG -- : -------> building new state...
D, [2018-03-31T10:06:49.675533 #3998] DEBUG -- : -------> building new state...
D, [2018-03-31T10:06:49.675728 #3998] DEBUG -- : -------> building selection...
D, [2018-03-31T10:06:49.676061 #3998] DEBUG -- : -------> building new state...
D, [2018-03-31T10:06:49.676247 #3998] DEBUG -- : -------> building new state...
D, [2018-03-31T10:06:49.676449 #3998] DEBUG -- : -------> building selection...
D, [2018-03-31T10:06:49.676814 #3998] DEBUG -- : -------> building new state...
D, [2018-03-31T10:06:49.676917 #3998] DEBUG -- : -------> building new state...
D, [2018-03-31T10:06:49.677103 #3998] DEBUG -- : -------> building selection...
D, [2018-03-31T10:06:49.677428 #3998] DEBUG -- : -------> building new state...
D, [2018-03-31T10:06:49.677530 #3998] DEBUG -- : -------> building new state...
D, [2018-03-31T10:06:49.677715 #3998] DEBUG -- : -------> building selection...
D, [2018-03-31T10:06:49.678066 #3998] DEBUG -- : -------> building new state...
D, [2018-03-31T10:06:49.678167 #3998] DEBUG -- : -------> building new state...
D, [2018-03-31T10:06:49.678352 #3998] DEBUG -- : scoring weighed rated selections...
D, [2018-03-31T10:06:49.678421 #3998] DEBUG -- : Saving scored selections...
D, [2018-03-31T10:06:49.684809 #3998] DEBUG -- : State Score successfully calculated


D, [2018-03-31T10:06:49.684887 #3998] DEBUG -- : Scoring new state: {:rating=>37, :state=>{:unknown=>0, :possibly_lighter=>1, :possibly_heavier=>0, :normal=>7}}
D, [2018-03-31T10:06:49.684912 #3998] DEBUG -- : State Score successfully calculated


D, [2018-03-31T10:06:49.684949 #3998] DEBUG -- : Scoring new state: {:rating=>31, :state=>{:unknown=>0, :possibly_lighter=>2, :possibly_heavier=>1, :normal=>5}}
D, [2018-03-31T10:06:49.687730 #3998] DEBUG -- : calculating updated score for older state...
D, [2018-03-31T10:06:49.691374 #3998] DEBUG -- : generating weighed rated selections...
D, [2018-03-31T10:06:49.878024 #3998] DEBUG -- : scoring weighed rated selections...
D, [2018-03-31T10:06:49.878172 #3998] DEBUG -- : Saving scored selections...
D, [2018-03-31T10:06:49.885347 #3998] DEBUG -- : State Score successfully calculated


D, [2018-03-31T10:06:49.885446 #3998] DEBUG -- : Scoring new state: {:rating=>37, :state=>{:unknown=>0, :possibly_lighter=>1, :possibly_heavier=>0, :normal=>7}}
D, [2018-03-31T10:06:49.885472 #3998] DEBUG -- : State Score successfully calculated


D, [2018-03-31T10:06:49.885510 #3998] DEBUG -- : Scoring new state: {:rating=>31, :state=>{:unknown=>0, :possibly_lighter=>2, :possibly_heavier=>1, :normal=>5}}
D, [2018-03-31T10:06:49.888142 #3998] DEBUG -- : calculating updated score for older state...
D, [2018-03-31T10:06:49.891588 #3998] DEBUG -- : generating weighed rated selections...
D, [2018-03-31T10:06:49.892429 #3998] DEBUG -- : -------> building selection...
D, [2018-03-31T10:06:49.893234 #3998] DEBUG -- : -------> building new state...
D, [2018-03-31T10:06:49.893491 #3998] DEBUG -- : -------> building new state...
D, [2018-03-31T10:06:49.893721 #3998] DEBUG -- : -------> building selection...
D, [2018-03-31T10:06:49.894067 #3998] DEBUG -- : -------> building new state...
D, [2018-03-31T10:06:49.894204 #3998] DEBUG -- : -------> building new state...
D, [2018-03-31T10:06:49.894400 #3998] DEBUG -- : -------> building selection...
D, [2018-03-31T10:06:49.894758 #3998] DEBUG -- : -------> building new state...
D, [2018-03-31T10:06:49.894879 #3998] DEBUG -- : -------> building new state...
D, [2018-03-31T10:06:49.895073 #3998] DEBUG -- : -------> building selection...
D, [2018-03-31T10:06:49.895396 #3998] DEBUG -- : -------> building new state...
D, [2018-03-31T10:06:49.895544 #3998] DEBUG -- : -------> building new state...
D, [2018-03-31T10:06:49.895732 #3998] DEBUG -- : -------> building selection...
D, [2018-03-31T10:06:49.896055 #3998] DEBUG -- : -------> building new state...
D, [2018-03-31T10:06:49.896159 #3998] DEBUG -- : -------> building new state...
D, [2018-03-31T10:06:49.896350 #3998] DEBUG -- : -------> building selection...
D, [2018-03-31T10:06:49.896707 #3998] DEBUG -- : -------> building new state...
D, [2018-03-31T10:06:49.896809 #3998] DEBUG -- : -------> building new state...
D, [2018-03-31T10:06:49.897005 #3998] DEBUG -- : -------> building selection...
D, [2018-03-31T10:06:49.897328 #3998] DEBUG -- : -------> building new state...
D, [2018-03-31T10:06:49.897426 #3998] DEBUG -- : -------> building new state...
D, [2018-03-31T10:06:49.897612 #3998] DEBUG -- : -------> building selection...
D, [2018-03-31T10:06:49.897982 #3998] DEBUG -- : -------> building new state...
D, [2018-03-31T10:06:49.898082 #3998] DEBUG -- : -------> building new state...
D, [2018-03-31T10:06:49.898268 #3998] DEBUG -- : -------> building selection...
D, [2018-03-31T10:06:49.898703 #3998] DEBUG -- : -------> building new state...
D, [2018-03-31T10:06:49.898820 #3998] DEBUG -- : -------> building new state...
D, [2018-03-31T10:06:49.899063 #3998] DEBUG -- : -------> building selection...
D, [2018-03-31T10:06:49.901375 #3998] DEBUG -- : -------> building new state...
D, [2018-03-31T10:06:49.901519 #3998] DEBUG -- : -------> building new state...
D, [2018-03-31T10:06:49.901804 #3998] DEBUG -- : -------> building selection...
D, [2018-03-31T10:06:49.902144 #3998] DEBUG -- : -------> building new state...
D, [2018-03-31T10:06:49.902247 #3998] DEBUG -- : -------> building new state...
D, [2018-03-31T10:06:49.902482 #3998] DEBUG -- : -------> building selection...
D, [2018-03-31T10:06:49.902822 #3998] DEBUG -- : -------> building new state...
D, [2018-03-31T10:06:49.902926 #3998] DEBUG -- : -------> building new state...
D, [2018-03-31T10:06:49.903162 #3998] DEBUG -- : -------> building selection...
D, [2018-03-31T10:06:49.903612 #3998] DEBUG -- : -------> building new state...
D, [2018-03-31T10:06:49.903761 #3998] DEBUG -- : -------> building new state...
D, [2018-03-31T10:06:49.903955 #3998] DEBUG -- : -------> building selection...
D, [2018-03-31T10:06:49.904279 #3998] DEBUG -- : -------> building new state...
D, [2018-03-31T10:06:49.904409 #3998] DEBUG -- : -------> building new state...
D, [2018-03-31T10:06:49.904670 #3998] DEBUG -- : -------> building selection...
D, [2018-03-31T10:06:49.905043 #3998] DEBUG -- : -------> building new state...
D, [2018-03-31T10:06:49.905153 #3998] DEBUG -- : -------> building new state...
D, [2018-03-31T10:06:49.905352 #3998] DEBUG -- : -------> building selection...
D, [2018-03-31T10:06:49.905672 #3998] DEBUG -- : -------> building new state...
D, [2018-03-31T10:06:49.905771 #3998] DEBUG -- : -------> building new state...
D, [2018-03-31T10:06:49.905977 #3998] DEBUG -- : -------> building selection...
D, [2018-03-31T10:06:49.906324 #3998] DEBUG -- : -------> building new state...
D, [2018-03-31T10:06:49.906437 #3998] DEBUG -- : -------> building new state...
D, [2018-03-31T10:06:49.906643 #3998] DEBUG -- : -------> building selection...
D, [2018-03-31T10:06:49.907393 #3998] DEBUG -- : -------> building new state...
D, [2018-03-31T10:06:49.911014 #3998] DEBUG -- : -------> building new state...
D, [2018-03-31T10:06:49.912062 #3998] DEBUG -- : -------> building selection...
D, [2018-03-31T10:06:49.913238 #3998] DEBUG -- : -------> building new state...
D, [2018-03-31T10:06:49.914101 #3998] DEBUG -- : -------> building new state...
D, [2018-03-31T10:06:49.914444 #3998] DEBUG -- : -------> building selection...
D, [2018-03-31T10:06:49.914871 #3998] DEBUG -- : -------> building new state...
D, [2018-03-31T10:06:49.917696 #3998] DEBUG -- : -------> building new state...
D, [2018-03-31T10:06:49.918011 #3998] DEBUG -- : -------> building selection...
D, [2018-03-31T10:06:49.918400 #3998] DEBUG -- : -------> building new state...
D, [2018-03-31T10:06:49.918513 #3998] DEBUG -- : -------> building new state...
D, [2018-03-31T10:06:49.920175 #3998] DEBUG -- : -------> building selection...
D, [2018-03-31T10:06:49.927122 #3998] DEBUG -- : -------> building new state...
D, [2018-03-31T10:06:49.927274 #3998] DEBUG -- : -------> building new state...
D, [2018-03-31T10:06:49.927534 #3998] DEBUG -- : -------> building selection...
D, [2018-03-31T10:06:49.927877 #3998] DEBUG -- : -------> building new state...
D, [2018-03-31T10:06:49.927989 #3998] DEBUG -- : -------> building new state...
D, [2018-03-31T10:06:49.928187 #3998] DEBUG -- : -------> building selection...
D, [2018-03-31T10:06:49.928533 #3998] DEBUG -- : -------> building new state...
D, [2018-03-31T10:06:49.928676 #3998] DEBUG -- : -------> building new state...
D, [2018-03-31T10:06:49.928883 #3998] DEBUG -- : -------> building selection...
D, [2018-03-31T10:06:49.929220 #3998] DEBUG -- : -------> building new state...
D, [2018-03-31T10:06:49.929330 #3998] DEBUG -- : -------> building new state...
D, [2018-03-31T10:06:49.929527 #3998] DEBUG -- : -------> building selection...
D, [2018-03-31T10:06:49.929902 #3998] DEBUG -- : -------> building new state...
D, [2018-03-31T10:06:49.930011 #3998] DEBUG -- : -------> building new state...
D, [2018-03-31T10:06:49.930208 #3998] DEBUG -- : -------> building selection...
D, [2018-03-31T10:06:49.930540 #3998] DEBUG -- : -------> building new state...
D, [2018-03-31T10:06:49.931870 #3998] DEBUG -- : -------> building new state...
D, [2018-03-31T10:06:49.932405 #3998] DEBUG -- : -------> building selection...
D, [2018-03-31T10:06:49.932759 #3998] DEBUG -- : -------> building new state...
D, [2018-03-31T10:06:49.932860 #3998] DEBUG -- : -------> building new state...
D, [2018-03-31T10:06:49.933048 #3998] DEBUG -- : -------> building selection...
D, [2018-03-31T10:06:49.933377 #3998] DEBUG -- : -------> building new state...
D, [2018-03-31T10:06:49.933514 #3998] DEBUG -- : -------> building new state...
D, [2018-03-31T10:06:49.933710 #3998] DEBUG -- : -------> building selection...
D, [2018-03-31T10:06:49.934037 #3998] DEBUG -- : -------> building new state...
D, [2018-03-31T10:06:49.934141 #3998] DEBUG -- : -------> building new state...
D, [2018-03-31T10:06:49.934327 #3998] DEBUG -- : -------> building selection...
D, [2018-03-31T10:06:49.934672 #3998] DEBUG -- : -------> building new state...
D, [2018-03-31T10:06:49.934772 #3998] DEBUG -- : -------> building new state...
D, [2018-03-31T10:06:49.934991 #3998] DEBUG -- : -------> building selection...
D, [2018-03-31T10:06:49.935316 #3998] DEBUG -- : -------> building new state...
D, [2018-03-31T10:06:49.935458 #3998] DEBUG -- : -------> building new state...
D, [2018-03-31T10:06:49.935662 #3998] DEBUG -- : -------> building selection...
D, [2018-03-31T10:06:49.935984 #3998] DEBUG -- : -------> building new state...
D, [2018-03-31T10:06:49.936084 #3998] DEBUG -- : -------> building new state...
D, [2018-03-31T10:06:49.936271 #3998] DEBUG -- : -------> building selection...
D, [2018-03-31T10:06:49.936655 #3998] DEBUG -- : -------> building new state...
D, [2018-03-31T10:06:49.936762 #3998] DEBUG -- : -------> building new state...
D, [2018-03-31T10:06:49.936949 #3998] DEBUG -- : -------> building selection...
D, [2018-03-31T10:06:49.937275 #3998] DEBUG -- : -------> building new state...
D, [2018-03-31T10:06:49.937378 #3998] DEBUG -- : -------> building new state...
D, [2018-03-31T10:06:49.937565 #3998] DEBUG -- : -------> building selection...
D, [2018-03-31T10:06:49.937939 #3998] DEBUG -- : -------> building new state...
D, [2018-03-31T10:06:49.938044 #3998] DEBUG -- : -------> building new state...
D, [2018-03-31T10:06:49.938232 #3998] DEBUG -- : -------> building selection...
D, [2018-03-31T10:06:49.938565 #3998] DEBUG -- : -------> building new state...
D, [2018-03-31T10:06:49.938720 #3998] DEBUG -- : -------> building new state...
D, [2018-03-31T10:06:49.938937 #3998] DEBUG -- : -------> building selection...
D, [2018-03-31T10:06:49.939264 #3998] DEBUG -- : -------> building new state...
D, [2018-03-31T10:06:49.939370 #3998] DEBUG -- : -------> building new state...
D, [2018-03-31T10:06:49.939562 #3998] DEBUG -- : -------> building selection...
D, [2018-03-31T10:06:49.941912 #3998] DEBUG -- : -------> building new state...
D, [2018-03-31T10:06:49.942082 #3998] DEBUG -- : -------> building new state...
D, [2018-03-31T10:06:49.942292 #3998] DEBUG -- : scoring weighed rated selections...
D, [2018-03-31T10:06:49.942372 #3998] DEBUG -- : Saving scored selections...
D, [2018-03-31T10:06:49.949207 #3998] DEBUG -- : State Score successfully calculated


D, [2018-03-31T10:06:49.949277 #3998] DEBUG -- : Scoring new state: {:rating=>37, :state=>{:unknown=>0, :possibly_lighter=>1, :possibly_heavier=>0, :normal=>7}}
D, [2018-03-31T10:06:49.949303 #3998] DEBUG -- : State Score successfully calculated


D, [2018-03-31T10:06:49.949338 #3998] DEBUG -- : Scoring new state: {:rating=>37, :state=>{:unknown=>0, :possibly_lighter=>0, :possibly_heavier=>1, :normal=>7}}
D, [2018-03-31T10:06:49.949360 #3998] DEBUG -- : State Score successfully calculated


D, [2018-03-31T10:06:49.949386 #3998] DEBUG -- : Scoring new state: {:rating=>31, :state=>{:unknown=>0, :possibly_lighter=>3, :possibly_heavier=>0, :normal=>5}}
D, [2018-03-31T10:06:49.951983 #3998] DEBUG -- : calculating updated score for older state...
D, [2018-03-31T10:06:49.955597 #3998] DEBUG -- : generating weighed rated selections...
D, [2018-03-31T10:06:50.045564 #3998] DEBUG -- : scoring weighed rated selections...
D, [2018-03-31T10:06:50.045689 #3998] DEBUG -- : Saving scored selections...
D, [2018-03-31T10:06:50.049639 #3998] DEBUG -- : State Score successfully calculated


D, [2018-03-31T10:06:50.049745 #3998] DEBUG -- : Scoring new state: {:rating=>31, :state=>{:unknown=>0, :possibly_lighter=>2, :possibly_heavier=>1, :normal=>5}}
D, [2018-03-31T10:06:50.052320 #3998] DEBUG -- : calculating updated score for older state...
D, [2018-03-31T10:06:50.055712 #3998] DEBUG -- : generating weighed rated selections...
D, [2018-03-31T10:06:50.056559 #3998] DEBUG -- : -------> building selection...
D, [2018-03-31T10:06:50.057522 #3998] DEBUG -- : -------> building new state...
D, [2018-03-31T10:06:50.057863 #3998] DEBUG -- : -------> building new state...
D, [2018-03-31T10:06:50.058219 #3998] DEBUG -- : -------> building selection...
D, [2018-03-31T10:06:50.058611 #3998] DEBUG -- : -------> building new state...
D, [2018-03-31T10:06:50.058724 #3998] DEBUG -- : -------> building new state...
D, [2018-03-31T10:06:50.058964 #3998] DEBUG -- : -------> building selection...
D, [2018-03-31T10:06:50.059336 #3998] DEBUG -- : -------> building new state...
D, [2018-03-31T10:06:50.059452 #3998] DEBUG -- : -------> building new state...
D, [2018-03-31T10:06:50.059645 #3998] DEBUG -- : -------> building selection...
D, [2018-03-31T10:06:50.060003 #3998] DEBUG -- : -------> building new state...
D, [2018-03-31T10:06:50.060107 #3998] DEBUG -- : -------> building new state...
D, [2018-03-31T10:06:50.060295 #3998] DEBUG -- : -------> building selection...
D, [2018-03-31T10:06:50.060642 #3998] DEBUG -- : -------> building new state...
D, [2018-03-31T10:06:50.060742 #3998] DEBUG -- : -------> building new state...
D, [2018-03-31T10:06:50.060933 #3998] DEBUG -- : -------> building selection...
D, [2018-03-31T10:06:50.061291 #3998] DEBUG -- : -------> building new state...
D, [2018-03-31T10:06:50.061393 #3998] DEBUG -- : -------> building new state...
D, [2018-03-31T10:06:50.061580 #3998] DEBUG -- : -------> building selection...
D, [2018-03-31T10:06:50.061918 #3998] DEBUG -- : -------> building new state...
D, [2018-03-31T10:06:50.062037 #3998] DEBUG -- : -------> building new state...
D, [2018-03-31T10:06:50.062231 #3998] DEBUG -- : -------> building selection...
D, [2018-03-31T10:06:50.062658 #3998] DEBUG -- : -------> building new state...
D, [2018-03-31T10:06:50.062798 #3998] DEBUG -- : -------> building new state...
D, [2018-03-31T10:06:50.063012 #3998] DEBUG -- : -------> building selection...
D, [2018-03-31T10:06:50.063368 #3998] DEBUG -- : -------> building new state...
D, [2018-03-31T10:06:50.063468 #3998] DEBUG -- : -------> building new state...
D, [2018-03-31T10:06:50.063669 #3998] DEBUG -- : -------> building selection...
D, [2018-03-31T10:06:50.064055 #3998] DEBUG -- : -------> building new state...
D, [2018-03-31T10:06:50.064258 #3998] DEBUG -- : -------> building new state...
D, [2018-03-31T10:06:50.064484 #3998] DEBUG -- : -------> building selection...
D, [2018-03-31T10:06:50.064844 #3998] DEBUG -- : -------> building new state...
D, [2018-03-31T10:06:50.064964 #3998] DEBUG -- : -------> building new state...
D, [2018-03-31T10:06:50.065156 #3998] DEBUG -- : -------> building selection...
D, [2018-03-31T10:06:50.065625 #3998] DEBUG -- : -------> building new state...
D, [2018-03-31T10:06:50.065759 #3998] DEBUG -- : -------> building new state...
D, [2018-03-31T10:06:50.065968 #3998] DEBUG -- : -------> building selection...
D, [2018-03-31T10:06:50.066317 #3998] DEBUG -- : -------> building new state...
D, [2018-03-31T10:06:50.066429 #3998] DEBUG -- : -------> building new state...
D, [2018-03-31T10:06:50.066637 #3998] DEBUG -- : -------> building selection...
D, [2018-03-31T10:06:50.066987 #3998] DEBUG -- : -------> building new state...
D, [2018-03-31T10:06:50.067104 #3998] DEBUG -- : -------> building new state...
D, [2018-03-31T10:06:50.067295 #3998] DEBUG -- : -------> building selection...
D, [2018-03-31T10:06:50.067638 #3998] DEBUG -- : -------> building new state...
D, [2018-03-31T10:06:50.067755 #3998] DEBUG -- : -------> building new state...
D, [2018-03-31T10:06:50.067946 #3998] DEBUG -- : -------> building selection...
D, [2018-03-31T10:06:50.068311 #3998] DEBUG -- : -------> building new state...
D, [2018-03-31T10:06:50.068442 #3998] DEBUG -- : -------> building new state...
D, [2018-03-31T10:06:50.068635 #3998] DEBUG -- : -------> building selection...
D, [2018-03-31T10:06:50.068959 #3998] DEBUG -- : -------> building new state...
D, [2018-03-31T10:06:50.069070 #3998] DEBUG -- : -------> building new state...
D, [2018-03-31T10:06:50.069281 #3998] DEBUG -- : -------> building selection...
D, [2018-03-31T10:06:50.069616 #3998] DEBUG -- : -------> building new state...
D, [2018-03-31T10:06:50.069716 #3998] DEBUG -- : -------> building new state...
D, [2018-03-31T10:06:50.069926 #3998] DEBUG -- : -------> building selection...
D, [2018-03-31T10:06:50.070263 #3998] DEBUG -- : -------> building new state...
D, [2018-03-31T10:06:50.070369 #3998] DEBUG -- : -------> building new state...
D, [2018-03-31T10:06:50.070578 #3998] DEBUG -- : -------> building selection...
D, [2018-03-31T10:06:50.070931 #3998] DEBUG -- : -------> building new state...
D, [2018-03-31T10:06:50.071117 #3998] DEBUG -- : -------> building new state...
D, [2018-03-31T10:06:50.071442 #3998] DEBUG -- : -------> building selection...
D, [2018-03-31T10:06:50.071805 #3998] DEBUG -- : -------> building new state...
D, [2018-03-31T10:06:50.071913 #3998] DEBUG -- : -------> building new state...
D, [2018-03-31T10:06:50.072131 #3998] DEBUG -- : -------> building selection...
D, [2018-03-31T10:06:50.072479 #3998] DEBUG -- : -------> building new state...
D, [2018-03-31T10:06:50.072587 #3998] DEBUG -- : -------> building new state...
D, [2018-03-31T10:06:50.072831 #3998] DEBUG -- : -------> building selection...
D, [2018-03-31T10:06:50.073192 #3998] DEBUG -- : -------> building new state...
D, [2018-03-31T10:06:50.073303 #3998] DEBUG -- : -------> building new state...
D, [2018-03-31T10:06:50.073530 #3998] DEBUG -- : -------> building selection...
D, [2018-03-31T10:06:50.073893 #3998] DEBUG -- : -------> building new state...
D, [2018-03-31T10:06:50.074015 #3998] DEBUG -- : -------> building new state...
D, [2018-03-31T10:06:50.074221 #3998] DEBUG -- : -------> building selection...
D, [2018-03-31T10:06:50.074575 #3998] DEBUG -- : -------> building new state...
D, [2018-03-31T10:06:50.074702 #3998] DEBUG -- : -------> building new state...
D, [2018-03-31T10:06:50.074943 #3998] DEBUG -- : -------> building selection...
D, [2018-03-31T10:06:50.075313 #3998] DEBUG -- : -------> building new state...
D, [2018-03-31T10:06:50.075437 #3998] DEBUG -- : -------> building new state...
D, [2018-03-31T10:06:50.075664 #3998] DEBUG -- : -------> building selection...
D, [2018-03-31T10:06:50.076017 #3998] DEBUG -- : -------> building new state...
D, [2018-03-31T10:06:50.076136 #3998] DEBUG -- : -------> building new state...
D, [2018-03-31T10:06:50.076355 #3998] DEBUG -- : -------> building selection...
D, [2018-03-31T10:06:50.076716 #3998] DEBUG -- : -------> building new state...
D, [2018-03-31T10:06:50.076837 #3998] DEBUG -- : -------> building new state...
D, [2018-03-31T10:06:50.077060 #3998] DEBUG -- : -------> building selection...
D, [2018-03-31T10:06:50.078123 #3998] DEBUG -- : -------> building new state...
D, [2018-03-31T10:06:50.078256 #3998] DEBUG -- : -------> building new state...
D, [2018-03-31T10:06:50.078461 #3998] DEBUG -- : -------> building selection...
D, [2018-03-31T10:06:50.078810 #3998] DEBUG -- : -------> building new state...
D, [2018-03-31T10:06:50.078928 #3998] DEBUG -- : -------> building new state...
D, [2018-03-31T10:06:50.079129 #3998] DEBUG -- : -------> building selection...
D, [2018-03-31T10:06:50.079525 #3998] DEBUG -- : -------> building new state...
D, [2018-03-31T10:06:50.079636 #3998] DEBUG -- : -------> building new state...
D, [2018-03-31T10:06:50.079838 #3998] DEBUG -- : -------> building selection...
D, [2018-03-31T10:06:50.080220 #3998] DEBUG -- : -------> building new state...
D, [2018-03-31T10:06:50.080356 #3998] DEBUG -- : -------> building new state...
D, [2018-03-31T10:06:50.080593 #3998] DEBUG -- : -------> building selection...
D, [2018-03-31T10:06:50.081024 #3998] DEBUG -- : -------> building new state...
D, [2018-03-31T10:06:50.081130 #3998] DEBUG -- : -------> building new state...
D, [2018-03-31T10:06:50.081326 #3998] DEBUG -- : -------> building selection...
D, [2018-03-31T10:06:50.081692 #3998] DEBUG -- : -------> building new state...
D, [2018-03-31T10:06:50.081936 #3998] DEBUG -- : -------> building new state...
D, [2018-03-31T10:06:50.082149 #3998] DEBUG -- : -------> building selection...
D, [2018-03-31T10:06:50.082599 #3998] DEBUG -- : -------> building new state...
D, [2018-03-31T10:06:50.082731 #3998] DEBUG -- : -------> building new state...
D, [2018-03-31T10:06:50.082950 #3998] DEBUG -- : -------> building selection...
D, [2018-03-31T10:06:50.083334 #3998] DEBUG -- : -------> building new state...
D, [2018-03-31T10:06:50.083439 #3998] DEBUG -- : -------> building new state...
D, [2018-03-31T10:06:50.083630 #3998] DEBUG -- : -------> building selection...
D, [2018-03-31T10:06:50.083959 #3998] DEBUG -- : -------> building new state...
D, [2018-03-31T10:06:50.084062 #3998] DEBUG -- : -------> building new state...
D, [2018-03-31T10:06:50.084295 #3998] DEBUG -- : -------> building selection...
D, [2018-03-31T10:06:50.084627 #3998] DEBUG -- : -------> building new state...
D, [2018-03-31T10:06:50.084731 #3998] DEBUG -- : -------> building new state...
D, [2018-03-31T10:06:50.084921 #3998] DEBUG -- : -------> building selection...
D, [2018-03-31T10:06:50.085287 #3998] DEBUG -- : -------> building new state...
D, [2018-03-31T10:06:50.085390 #3998] DEBUG -- : -------> building new state...
D, [2018-03-31T10:06:50.085581 #3998] DEBUG -- : scoring weighed rated selections...
D, [2018-03-31T10:06:50.085654 #3998] DEBUG -- : Saving scored selections...
D, [2018-03-31T10:06:50.092598 #3998] DEBUG -- : State Score successfully calculated


D, [2018-03-31T10:06:50.092667 #3998] DEBUG -- : Scoring new state: {:rating=>37, :state=>{:unknown=>0, :possibly_lighter=>1, :possibly_heavier=>0, :normal=>7}}
D, [2018-03-31T10:06:50.092691 #3998] DEBUG -- : State Score successfully calculated


D, [2018-03-31T10:06:50.092727 #3998] DEBUG -- : Scoring new state: {:rating=>31, :state=>{:unknown=>0, :possibly_lighter=>2, :possibly_heavier=>1, :normal=>5}}
D, [2018-03-31T10:06:50.095363 #3998] DEBUG -- : calculating updated score for older state...
D, [2018-03-31T10:06:50.098855 #3998] DEBUG -- : generating weighed rated selections...
D, [2018-03-31T10:06:50.099677 #3998] DEBUG -- : -------> building selection...
D, [2018-03-31T10:06:50.100524 #3998] DEBUG -- : -------> building new state...
D, [2018-03-31T10:06:50.100901 #3998] DEBUG -- : -------> building new state...
D, [2018-03-31T10:06:50.101148 #3998] DEBUG -- : -------> building selection...
D, [2018-03-31T10:06:50.101501 #3998] DEBUG -- : -------> building new state...
D, [2018-03-31T10:06:50.101603 #3998] DEBUG -- : -------> building new state...
D, [2018-03-31T10:06:50.101802 #3998] DEBUG -- : -------> building selection...
D, [2018-03-31T10:06:50.102177 #3998] DEBUG -- : -------> building new state...
D, [2018-03-31T10:06:50.102278 #3998] DEBUG -- : -------> building new state...
D, [2018-03-31T10:06:50.102472 #3998] DEBUG -- : -------> building selection...
D, [2018-03-31T10:06:50.102799 #3998] DEBUG -- : -------> building new state...
D, [2018-03-31T10:06:50.102916 #3998] DEBUG -- : -------> building new state...
D, [2018-03-31T10:06:50.103106 #3998] DEBUG -- : -------> building selection...
D, [2018-03-31T10:06:50.103471 #3998] DEBUG -- : -------> building new state...
D, [2018-03-31T10:06:50.103574 #3998] DEBUG -- : -------> building new state...
D, [2018-03-31T10:06:50.103764 #3998] DEBUG -- : -------> building selection...
D, [2018-03-31T10:06:50.104105 #3998] DEBUG -- : -------> building new state...
D, [2018-03-31T10:06:50.104244 #3998] DEBUG -- : -------> building new state...
D, [2018-03-31T10:06:50.104440 #3998] DEBUG -- : -------> building selection...
D, [2018-03-31T10:06:50.104769 #3998] DEBUG -- : -------> building new state...
D, [2018-03-31T10:06:50.104870 #3998] DEBUG -- : -------> building new state...
D, [2018-03-31T10:06:50.105059 #3998] DEBUG -- : -------> building selection...
D, [2018-03-31T10:06:50.105385 #3998] DEBUG -- : -------> building new state...
D, [2018-03-31T10:06:50.105523 #3998] DEBUG -- : -------> building new state...
D, [2018-03-31T10:06:50.105715 #3998] DEBUG -- : -------> building selection...
D, [2018-03-31T10:06:50.106075 #3998] DEBUG -- : -------> building new state...
D, [2018-03-31T10:06:50.106192 #3998] DEBUG -- : -------> building new state...
D, [2018-03-31T10:06:50.107442 #3998] DEBUG -- : -------> building selection...
D, [2018-03-31T10:06:50.109400 #3998] DEBUG -- : -------> building new state...
D, [2018-03-31T10:06:50.109576 #3998] DEBUG -- : -------> building new state...
D, [2018-03-31T10:06:50.109816 #3998] DEBUG -- : -------> building selection...
D, [2018-03-31T10:06:50.110155 #3998] DEBUG -- : -------> building new state...
D, [2018-03-31T10:06:50.110263 #3998] DEBUG -- : -------> building new state...
D, [2018-03-31T10:06:50.110542 #3998] DEBUG -- : -------> building selection...
D, [2018-03-31T10:06:50.110901 #3998] DEBUG -- : -------> building new state...
D, [2018-03-31T10:06:50.111019 #3998] DEBUG -- : -------> building new state...
D, [2018-03-31T10:06:50.111215 #3998] DEBUG -- : -------> building selection...
D, [2018-03-31T10:06:50.111542 #3998] DEBUG -- : -------> building new state...
D, [2018-03-31T10:06:50.111676 #3998] DEBUG -- : -------> building new state...
D, [2018-03-31T10:06:50.112007 #3998] DEBUG -- : -------> building selection...
D, [2018-03-31T10:06:50.112363 #3998] DEBUG -- : -------> building new state...
D, [2018-03-31T10:06:50.112473 #3998] DEBUG -- : -------> building new state...
D, [2018-03-31T10:06:50.112666 #3998] DEBUG -- : -------> building selection...
D, [2018-03-31T10:06:50.113006 #3998] DEBUG -- : -------> building new state...
D, [2018-03-31T10:06:50.113117 #3998] DEBUG -- : -------> building new state...
D, [2018-03-31T10:06:50.113311 #3998] DEBUG -- : -------> building selection...
D, [2018-03-31T10:06:50.113638 #3998] DEBUG -- : -------> building new state...
D, [2018-03-31T10:06:50.113755 #3998] DEBUG -- : -------> building new state...
D, [2018-03-31T10:06:50.113948 #3998] DEBUG -- : -------> building selection...
D, [2018-03-31T10:06:50.114273 #3998] DEBUG -- : -------> building new state...
D, [2018-03-31T10:06:50.114371 #3998] DEBUG -- : -------> building new state...
D, [2018-03-31T10:06:50.114594 #3998] DEBUG -- : -------> building selection...
D, [2018-03-31T10:06:50.114931 #3998] DEBUG -- : -------> building new state...
D, [2018-03-31T10:06:50.115032 #3998] DEBUG -- : -------> building new state...
D, [2018-03-31T10:06:50.115223 #3998] DEBUG -- : -------> building selection...
D, [2018-03-31T10:06:50.115550 #3998] DEBUG -- : -------> building new state...
D, [2018-03-31T10:06:50.115649 #3998] DEBUG -- : -------> building new state...
D, [2018-03-31T10:06:50.115873 #3998] DEBUG -- : -------> building selection...
D, [2018-03-31T10:06:50.116198 #3998] DEBUG -- : -------> building new state...
D, [2018-03-31T10:06:50.116300 #3998] DEBUG -- : -------> building new state...
D, [2018-03-31T10:06:50.116487 #3998] DEBUG -- : -------> building selection...
D, [2018-03-31T10:06:50.116812 #3998] DEBUG -- : -------> building new state...
D, [2018-03-31T10:06:50.116910 #3998] DEBUG -- : -------> building new state...
D, [2018-03-31T10:06:50.117136 #3998] DEBUG -- : -------> building selection...
D, [2018-03-31T10:06:50.117461 #3998] DEBUG -- : -------> building new state...
D, [2018-03-31T10:06:50.117558 #3998] DEBUG -- : -------> building new state...
D, [2018-03-31T10:06:50.117747 #3998] DEBUG -- : -------> building selection...
D, [2018-03-31T10:06:50.118069 #3998] DEBUG -- : -------> building new state...
D, [2018-03-31T10:06:50.118168 #3998] DEBUG -- : -------> building new state...
D, [2018-03-31T10:06:50.118385 #3998] DEBUG -- : -------> building selection...
D, [2018-03-31T10:06:50.118777 #3998] DEBUG -- : -------> building new state...
D, [2018-03-31T10:06:50.118914 #3998] DEBUG -- : -------> building new state...
D, [2018-03-31T10:06:50.119138 #3998] DEBUG -- : -------> building selection...
D, [2018-03-31T10:06:50.119466 #3998] DEBUG -- : -------> building new state...
D, [2018-03-31T10:06:50.119589 #3998] DEBUG -- : -------> building new state...
D, [2018-03-31T10:06:50.119783 #3998] DEBUG -- : -------> building selection...
D, [2018-03-31T10:06:50.120109 #3998] DEBUG -- : -------> building new state...
D, [2018-03-31T10:06:50.120207 #3998] DEBUG -- : -------> building new state...
D, [2018-03-31T10:06:50.120420 #3998] DEBUG -- : -------> building selection...
D, [2018-03-31T10:06:50.120776 #3998] DEBUG -- : -------> building new state...
D, [2018-03-31T10:06:50.120875 #3998] DEBUG -- : -------> building new state...
D, [2018-03-31T10:06:50.121091 #3998] DEBUG -- : -------> building selection...
D, [2018-03-31T10:06:50.121416 #3998] DEBUG -- : -------> building new state...
D, [2018-03-31T10:06:50.121514 #3998] DEBUG -- : -------> building new state...
D, [2018-03-31T10:06:50.121703 #3998] DEBUG -- : -------> building selection...
D, [2018-03-31T10:06:50.122067 #3998] DEBUG -- : -------> building new state...
D, [2018-03-31T10:06:50.122166 #3998] DEBUG -- : -------> building new state...
D, [2018-03-31T10:06:50.122355 #3998] DEBUG -- : -------> building selection...
D, [2018-03-31T10:06:50.122679 #3998] DEBUG -- : -------> building new state...
D, [2018-03-31T10:06:50.122779 #3998] DEBUG -- : -------> building new state...
D, [2018-03-31T10:06:50.123022 #3998] DEBUG -- : -------> building selection...
D, [2018-03-31T10:06:50.123350 #3998] DEBUG -- : -------> building new state...
D, [2018-03-31T10:06:50.123449 #3998] DEBUG -- : -------> building new state...
D, [2018-03-31T10:06:50.123639 #3998] DEBUG -- : -------> building selection...
D, [2018-03-31T10:06:50.123962 #3998] DEBUG -- : -------> building new state...
D, [2018-03-31T10:06:50.124060 #3998] DEBUG -- : -------> building new state...
D, [2018-03-31T10:06:50.124280 #3998] DEBUG -- : -------> building selection...
D, [2018-03-31T10:06:50.124606 #3998] DEBUG -- : -------> building new state...
D, [2018-03-31T10:06:50.124707 #3998] DEBUG -- : -------> building new state...
D, [2018-03-31T10:06:50.124894 #3998] DEBUG -- : -------> building selection...
D, [2018-03-31T10:06:50.125215 #3998] DEBUG -- : -------> building new state...
D, [2018-03-31T10:06:50.125334 #3998] DEBUG -- : -------> building new state...
D, [2018-03-31T10:06:50.125525 #3998] DEBUG -- : -------> building selection...
D, [2018-03-31T10:06:50.125848 #3998] DEBUG -- : -------> building new state...
D, [2018-03-31T10:06:50.125948 #3998] DEBUG -- : -------> building new state...
D, [2018-03-31T10:06:50.126163 #3998] DEBUG -- : -------> building selection...
D, [2018-03-31T10:06:50.126487 #3998] DEBUG -- : -------> building new state...
D, [2018-03-31T10:06:50.126587 #3998] DEBUG -- : -------> building new state...
D, [2018-03-31T10:06:50.126790 #3998] DEBUG -- : -------> building selection...
D, [2018-03-31T10:06:50.127164 #3998] DEBUG -- : -------> building new state...
D, [2018-03-31T10:06:50.127309 #3998] DEBUG -- : -------> building new state...
D, [2018-03-31T10:06:50.127528 #3998] DEBUG -- : -------> building selection...
D, [2018-03-31T10:06:50.127895 #3998] DEBUG -- : -------> building new state...
D, [2018-03-31T10:06:50.128010 #3998] DEBUG -- : -------> building new state...
D, [2018-03-31T10:06:50.128300 #3998] DEBUG -- : -------> building selection...
D, [2018-03-31T10:06:50.128671 #3998] DEBUG -- : -------> building new state...
D, [2018-03-31T10:06:50.128774 #3998] DEBUG -- : -------> building new state...
D, [2018-03-31T10:06:50.128967 #3998] DEBUG -- : scoring weighed rated selections...
D, [2018-03-31T10:06:50.129043 #3998] DEBUG -- : Saving scored selections...
D, [2018-03-31T10:06:50.136061 #3998] DEBUG -- : State Score successfully calculated


D, [2018-03-31T10:06:50.136139 #3998] DEBUG -- : Scoring new state: {:rating=>37, :state=>{:unknown=>0, :possibly_lighter=>1, :possibly_heavier=>0, :normal=>7}}
D, [2018-03-31T10:06:50.136163 #3998] DEBUG -- : State Score successfully calculated


D, [2018-03-31T10:06:50.136199 #3998] DEBUG -- : Scoring new state: {:rating=>37, :state=>{:unknown=>0, :possibly_lighter=>0, :possibly_heavier=>1, :normal=>7}}
D, [2018-03-31T10:06:50.136221 #3998] DEBUG -- : State Score successfully calculated


D, [2018-03-31T10:06:50.136246 #3998] DEBUG -- : Scoring new state: {:rating=>31, :state=>{:unknown=>0, :possibly_lighter=>3, :possibly_heavier=>0, :normal=>5}}
D, [2018-03-31T10:06:50.138926 #3998] DEBUG -- : calculating updated score for older state...
D, [2018-03-31T10:06:50.142300 #3998] DEBUG -- : generating weighed rated selections...
D, [2018-03-31T10:06:50.143078 #3998] DEBUG -- : -------> building selection...
D, [2018-03-31T10:06:50.143860 #3998] DEBUG -- : -------> building new state...
D, [2018-03-31T10:06:50.144100 #3998] DEBUG -- : -------> building new state...
D, [2018-03-31T10:06:50.144345 #3998] DEBUG -- : -------> building selection...
D, [2018-03-31T10:06:50.144710 #3998] DEBUG -- : -------> building new state...
D, [2018-03-31T10:06:50.144818 #3998] DEBUG -- : -------> building new state...
D, [2018-03-31T10:06:50.145054 #3998] DEBUG -- : -------> building selection...
D, [2018-03-31T10:06:50.145410 #3998] DEBUG -- : -------> building new state...
D, [2018-03-31T10:06:50.145517 #3998] DEBUG -- : -------> building new state...
D, [2018-03-31T10:06:50.145712 #3998] DEBUG -- : -------> building selection...
D, [2018-03-31T10:06:50.146042 #3998] DEBUG -- : -------> building new state...
D, [2018-03-31T10:06:50.146149 #3998] DEBUG -- : -------> building new state...
D, [2018-03-31T10:06:50.146378 #3998] DEBUG -- : -------> building selection...
D, [2018-03-31T10:06:50.146715 #3998] DEBUG -- : -------> building new state...
D, [2018-03-31T10:06:50.146837 #3998] DEBUG -- : -------> building new state...
D, [2018-03-31T10:06:50.147040 #3998] DEBUG -- : -------> building selection...
D, [2018-03-31T10:06:50.147375 #3998] DEBUG -- : -------> building new state...
D, [2018-03-31T10:06:50.147580 #3998] DEBUG -- : -------> building selection...
D, [2018-03-31T10:06:50.147950 #3998] DEBUG -- : -------> building new state...
D, [2018-03-31T10:06:50.148052 #3998] DEBUG -- : -------> building new state...
D, [2018-03-31T10:06:50.148247 #3998] DEBUG -- : -------> building selection...
D, [2018-03-31T10:06:50.148584 #3998] DEBUG -- : -------> building new state...
D, [2018-03-31T10:06:50.148686 #3998] DEBUG -- : -------> building new state...
D, [2018-03-31T10:06:50.148912 #3998] DEBUG -- : -------> building selection...
D, [2018-03-31T10:06:50.149250 #3998] DEBUG -- : -------> building new state...
D, [2018-03-31T10:06:50.149353 #3998] DEBUG -- : -------> building new state...
D, [2018-03-31T10:06:50.149542 #3998] DEBUG -- : -------> building selection...
D, [2018-03-31T10:06:50.149984 #3998] DEBUG -- : -------> building new state...
D, [2018-03-31T10:06:50.150090 #3998] DEBUG -- : -------> building new state...
D, [2018-03-31T10:06:50.150326 #3998] DEBUG -- : -------> building selection...
D, [2018-03-31T10:06:50.150660 #3998] DEBUG -- : -------> building new state...
D, [2018-03-31T10:06:50.150767 #3998] DEBUG -- : -------> building new state...
D, [2018-03-31T10:06:50.150989 #3998] DEBUG -- : -------> building selection...
D, [2018-03-31T10:06:50.151326 #3998] DEBUG -- : -------> building new state...
D, [2018-03-31T10:06:50.151428 #3998] DEBUG -- : -------> building new state...
D, [2018-03-31T10:06:50.151650 #3998] DEBUG -- : -------> building selection...
D, [2018-03-31T10:06:50.152027 #3998] DEBUG -- : -------> building new state...
D, [2018-03-31T10:06:50.152144 #3998] DEBUG -- : -------> building new state...
D, [2018-03-31T10:06:50.152336 #3998] DEBUG -- : -------> building selection...
D, [2018-03-31T10:06:50.152705 #3998] DEBUG -- : -------> building new state...
D, [2018-03-31T10:06:50.152821 #3998] DEBUG -- : -------> building new state...
D, [2018-03-31T10:06:50.153007 #3998] DEBUG -- : -------> building selection...
D, [2018-03-31T10:06:50.153367 #3998] DEBUG -- : -------> building new state...
D, [2018-03-31T10:06:50.153488 #3998] DEBUG -- : -------> building new state...
D, [2018-03-31T10:06:50.153677 #3998] DEBUG -- : -------> building selection...
D, [2018-03-31T10:06:50.154064 #3998] DEBUG -- : -------> building new state...
D, [2018-03-31T10:06:50.154172 #3998] DEBUG -- : -------> building new state...
D, [2018-03-31T10:06:50.154359 #3998] DEBUG -- : -------> building selection...
D, [2018-03-31T10:06:50.154684 #3998] DEBUG -- : -------> building new state...
D, [2018-03-31T10:06:50.154786 #3998] DEBUG -- : -------> building new state...
D, [2018-03-31T10:06:50.155018 #3998] DEBUG -- : -------> building selection...
D, [2018-03-31T10:06:50.155435 #3998] DEBUG -- : -------> building new state...
D, [2018-03-31T10:06:50.155636 #3998] DEBUG -- : -------> building selection...
D, [2018-03-31T10:06:50.155955 #3998] DEBUG -- : -------> building new state...
D, [2018-03-31T10:06:50.156142 #3998] DEBUG -- : scoring weighed rated selections...
D, [2018-03-31T10:06:50.156252 #3998] DEBUG -- : Saving scored selections...
D, [2018-03-31T10:06:50.160222 #3998] DEBUG -- : State Score successfully calculated


D, [2018-03-31T10:06:50.160315 #3998] DEBUG -- : Scoring new state: {:rating=>37, :state=>{:unknown=>0, :possibly_lighter=>0, :possibly_heavier=>1, :normal=>7}}
D, [2018-03-31T10:06:50.160341 #3998] DEBUG -- : State Score successfully calculated


D, [2018-03-31T10:06:50.160367 #3998] DEBUG -- : Scoring new state: {:rating=>31, :state=>{:unknown=>0, :possibly_lighter=>3, :possibly_heavier=>0, :normal=>5}}
D, [2018-03-31T10:06:50.163038 #3998] DEBUG -- : calculating updated score for older state...
D, [2018-03-31T10:06:50.166535 #3998] DEBUG -- : generating weighed rated selections...
D, [2018-03-31T10:06:50.167331 #3998] DEBUG -- : -------> building selection...
D, [2018-03-31T10:06:50.168201 #3998] DEBUG -- : -------> building new state...
D, [2018-03-31T10:06:50.168434 #3998] DEBUG -- : -------> building new state...
D, [2018-03-31T10:06:50.168728 #3998] DEBUG -- : -------> building selection...
D, [2018-03-31T10:06:50.169149 #3998] DEBUG -- : -------> building new state...
D, [2018-03-31T10:06:50.169262 #3998] DEBUG -- : -------> building new state...
D, [2018-03-31T10:06:50.169454 #3998] DEBUG -- : -------> building selection...
D, [2018-03-31T10:06:50.169779 #3998] DEBUG -- : -------> building new state...
D, [2018-03-31T10:06:50.169916 #3998] DEBUG -- : -------> building new state...
D, [2018-03-31T10:06:50.170245 #3998] DEBUG -- : -------> building selection...
D, [2018-03-31T10:06:50.170591 #3998] DEBUG -- : -------> building new state...
D, [2018-03-31T10:06:50.170773 #3998] DEBUG -- : -------> building new state...
D, [2018-03-31T10:06:50.170999 #3998] DEBUG -- : -------> building selection...
D, [2018-03-31T10:06:50.171345 #3998] DEBUG -- : -------> building new state...
D, [2018-03-31T10:06:50.171524 #3998] DEBUG -- : -------> building new state...
D, [2018-03-31T10:06:50.171720 #3998] DEBUG -- : -------> building selection...
D, [2018-03-31T10:06:50.172048 #3998] DEBUG -- : -------> building new state...
D, [2018-03-31T10:06:50.172243 #3998] DEBUG -- : -------> building selection...
D, [2018-03-31T10:06:50.172642 #3998] DEBUG -- : -------> building new state...
D, [2018-03-31T10:06:50.172754 #3998] DEBUG -- : -------> building new state...
D, [2018-03-31T10:06:50.172946 #3998] DEBUG -- : -------> building selection...
D, [2018-03-31T10:06:50.173271 #3998] DEBUG -- : -------> building new state...
D, [2018-03-31T10:06:50.173371 #3998] DEBUG -- : -------> building new state...
D, [2018-03-31T10:06:50.173625 #3998] DEBUG -- : -------> building selection...
D, [2018-03-31T10:06:50.173953 #3998] DEBUG -- : -------> building new state...
D, [2018-03-31T10:06:50.174055 #3998] DEBUG -- : -------> building new state...
D, [2018-03-31T10:06:50.174242 #3998] DEBUG -- : -------> building selection...
D, [2018-03-31T10:06:50.174563 #3998] DEBUG -- : -------> building new state...
D, [2018-03-31T10:06:50.174737 #3998] DEBUG -- : -------> building new state...
D, [2018-03-31T10:06:50.176892 #3998] DEBUG -- : -------> building selection...
D, [2018-03-31T10:06:50.177312 #3998] DEBUG -- : -------> building new state...
D, [2018-03-31T10:06:50.177515 #3998] DEBUG -- : -------> building new state...
D, [2018-03-31T10:06:50.177739 #3998] DEBUG -- : -------> building selection...
D, [2018-03-31T10:06:50.178115 #3998] DEBUG -- : -------> building new state...
D, [2018-03-31T10:06:50.178218 #3998] DEBUG -- : -------> building new state...
D, [2018-03-31T10:06:50.178408 #3998] DEBUG -- : -------> building selection...
D, [2018-03-31T10:06:50.178769 #3998] DEBUG -- : -------> building new state...
D, [2018-03-31T10:06:50.178905 #3998] DEBUG -- : -------> building new state...
D, [2018-03-31T10:06:50.179100 #3998] DEBUG -- : -------> building selection...
D, [2018-03-31T10:06:50.179425 #3998] DEBUG -- : -------> building new state...
D, [2018-03-31T10:06:50.179527 #3998] DEBUG -- : -------> building new state...
D, [2018-03-31T10:06:50.179714 #3998] DEBUG -- : -------> building selection...
D, [2018-03-31T10:06:50.180081 #3998] DEBUG -- : -------> building new state...
D, [2018-03-31T10:06:50.180188 #3998] DEBUG -- : -------> building new state...
D, [2018-03-31T10:06:50.180384 #3998] DEBUG -- : -------> building selection...
D, [2018-03-31T10:06:50.180713 #3998] DEBUG -- : -------> building new state...
D, [2018-03-31T10:06:50.180816 #3998] DEBUG -- : -------> building new state...
D, [2018-03-31T10:06:50.181007 #3998] DEBUG -- : -------> building selection...
D, [2018-03-31T10:06:50.181372 #3998] DEBUG -- : -------> building new state...
D, [2018-03-31T10:06:50.181478 #3998] DEBUG -- : -------> building new state...
D, [2018-03-31T10:06:50.181663 #3998] DEBUG -- : -------> building selection...
D, [2018-03-31T10:06:50.181985 #3998] DEBUG -- : -------> building new state...
D, [2018-03-31T10:06:50.182182 #3998] DEBUG -- : -------> building selection...
D, [2018-03-31T10:06:50.182546 #3998] DEBUG -- : -------> building new state...
D, [2018-03-31T10:06:50.182742 #3998] DEBUG -- : scoring weighed rated selections...
D, [2018-03-31T10:06:50.182808 #3998] DEBUG -- : Saving scored selections...
D, [2018-03-31T10:06:50.186751 #3998] DEBUG -- : State Score successfully calculated


D, [2018-03-31T10:06:50.186848 #3998] DEBUG -- : Scoring new state: {:rating=>31, :state=>{:unknown=>0, :possibly_lighter=>2, :possibly_heavier=>1, :normal=>5}}
D, [2018-03-31T10:06:50.189457 #3998] DEBUG -- : calculating updated score for older state...
D, [2018-03-31T10:06:50.193032 #3998] DEBUG -- : generating weighed rated selections...
D, [2018-03-31T10:06:50.193876 #3998] DEBUG -- : -------> building selection...
D, [2018-03-31T10:06:50.194704 #3998] DEBUG -- : -------> building new state...
D, [2018-03-31T10:06:50.195005 #3998] DEBUG -- : -------> building new state...
D, [2018-03-31T10:06:50.195261 #3998] DEBUG -- : -------> building selection...
D, [2018-03-31T10:06:50.195642 #3998] DEBUG -- : -------> building new state...
D, [2018-03-31T10:06:50.195750 #3998] DEBUG -- : -------> building new state...
D, [2018-03-31T10:06:50.195969 #3998] DEBUG -- : -------> building selection...
D, [2018-03-31T10:06:50.196307 #3998] DEBUG -- : -------> building new state...
D, [2018-03-31T10:06:50.196442 #3998] DEBUG -- : -------> building new state...
D, [2018-03-31T10:06:50.196810 #3998] DEBUG -- : -------> building selection...
D, [2018-03-31T10:06:50.197174 #3998] DEBUG -- : -------> building new state...
D, [2018-03-31T10:06:50.197282 #3998] DEBUG -- : -------> building new state...
D, [2018-03-31T10:06:50.197473 #3998] DEBUG -- : -------> building selection...
D, [2018-03-31T10:06:50.197801 #3998] DEBUG -- : -------> building new state...
D, [2018-03-31T10:06:50.197929 #3998] DEBUG -- : -------> building new state...
D, [2018-03-31T10:06:50.198126 #3998] DEBUG -- : -------> building selection...
D, [2018-03-31T10:06:50.198454 #3998] DEBUG -- : -------> building new state...
D, [2018-03-31T10:06:50.198558 #3998] DEBUG -- : -------> building new state...
D, [2018-03-31T10:06:50.198744 #3998] DEBUG -- : -------> building selection...
D, [2018-03-31T10:06:50.199116 #3998] DEBUG -- : -------> building new state...
D, [2018-03-31T10:06:50.199220 #3998] DEBUG -- : -------> building new state...
D, [2018-03-31T10:06:50.199408 #3998] DEBUG -- : -------> building selection...
D, [2018-03-31T10:06:50.199731 #3998] DEBUG -- : -------> building new state...
D, [2018-03-31T10:06:50.199833 #3998] DEBUG -- : -------> building new state...
D, [2018-03-31T10:06:50.200045 #3998] DEBUG -- : -------> building selection...
D, [2018-03-31T10:06:50.200369 #3998] DEBUG -- : -------> building new state...
D, [2018-03-31T10:06:50.200467 #3998] DEBUG -- : -------> building new state...
D, [2018-03-31T10:06:50.200672 #3998] DEBUG -- : -------> building selection...
D, [2018-03-31T10:06:50.201017 #3998] DEBUG -- : -------> building new state...
D, [2018-03-31T10:06:50.201116 #3998] DEBUG -- : -------> building new state...
D, [2018-03-31T10:06:50.201308 #3998] DEBUG -- : -------> building selection...
D, [2018-03-31T10:06:50.201633 #3998] DEBUG -- : -------> building new state...
D, [2018-03-31T10:06:50.201764 #3998] DEBUG -- : -------> building new state...
D, [2018-03-31T10:06:50.201958 #3998] DEBUG -- : -------> building selection...
D, [2018-03-31T10:06:50.202294 #3998] DEBUG -- : -------> building new state...
D, [2018-03-31T10:06:50.202392 #3998] DEBUG -- : -------> building new state...
D, [2018-03-31T10:06:50.202583 #3998] DEBUG -- : -------> building selection...
D, [2018-03-31T10:06:50.202971 #3998] DEBUG -- : -------> building new state...
D, [2018-03-31T10:06:50.203077 #3998] DEBUG -- : -------> building new state...
D, [2018-03-31T10:06:50.203268 #3998] DEBUG -- : -------> building selection...
D, [2018-03-31T10:06:50.203590 #3998] DEBUG -- : -------> building new state...
D, [2018-03-31T10:06:50.203690 #3998] DEBUG -- : -------> building new state...
D, [2018-03-31T10:06:50.203905 #3998] DEBUG -- : -------> building selection...
D, [2018-03-31T10:06:50.204239 #3998] DEBUG -- : -------> building new state...
D, [2018-03-31T10:06:50.204349 #3998] DEBUG -- : -------> building new state...
D, [2018-03-31T10:06:50.204539 #3998] DEBUG -- : -------> building selection...
D, [2018-03-31T10:06:50.204865 #3998] DEBUG -- : -------> building new state...
D, [2018-03-31T10:06:50.205006 #3998] DEBUG -- : -------> building new state...
D, [2018-03-31T10:06:50.205194 #3998] DEBUG -- : -------> building selection...
D, [2018-03-31T10:06:50.205512 #3998] DEBUG -- : -------> building new state...
D, [2018-03-31T10:06:50.205609 #3998] DEBUG -- : -------> building new state...
D, [2018-03-31T10:06:50.205795 #3998] DEBUG -- : -------> building selection...
D, [2018-03-31T10:06:50.206154 #3998] DEBUG -- : -------> building new state...
D, [2018-03-31T10:06:50.206253 #3998] DEBUG -- : -------> building new state...
D, [2018-03-31T10:06:50.206442 #3998] DEBUG -- : -------> building selection...
D, [2018-03-31T10:06:50.206763 #3998] DEBUG -- : -------> building new state...
D, [2018-03-31T10:06:50.206904 #3998] DEBUG -- : -------> building new state...
D, [2018-03-31T10:06:50.207102 #3998] DEBUG -- : -------> building selection...
D, [2018-03-31T10:06:50.207463 #3998] DEBUG -- : -------> building new state...
D, [2018-03-31T10:06:50.207586 #3998] DEBUG -- : -------> building new state...
D, [2018-03-31T10:06:50.207773 #3998] DEBUG -- : -------> building selection...
D, [2018-03-31T10:06:50.208095 #3998] DEBUG -- : -------> building new state...
D, [2018-03-31T10:06:50.208191 #3998] DEBUG -- : -------> building new state...
D, [2018-03-31T10:06:50.208417 #3998] DEBUG -- : -------> building selection...
D, [2018-03-31T10:06:50.208741 #3998] DEBUG -- : -------> building new state...
D, [2018-03-31T10:06:50.208838 #3998] DEBUG -- : -------> building new state...
D, [2018-03-31T10:06:50.209061 #3998] DEBUG -- : -------> building selection...
D, [2018-03-31T10:06:50.209381 #3998] DEBUG -- : -------> building new state...
D, [2018-03-31T10:06:50.209478 #3998] DEBUG -- : -------> building new state...
D, [2018-03-31T10:06:50.209665 #3998] DEBUG -- : -------> building selection...
D, [2018-03-31T10:06:50.209986 #3998] DEBUG -- : -------> building new state...
D, [2018-03-31T10:06:50.210118 #3998] DEBUG -- : -------> building new state...
D, [2018-03-31T10:06:50.210313 #3998] DEBUG -- : -------> building selection...
D, [2018-03-31T10:06:50.210651 #3998] DEBUG -- : -------> building new state...
D, [2018-03-31T10:06:50.210748 #3998] DEBUG -- : -------> building new state...
D, [2018-03-31T10:06:50.210956 #3998] DEBUG -- : -------> building selection...
D, [2018-03-31T10:06:50.211330 #3998] DEBUG -- : -------> building new state...
D, [2018-03-31T10:06:50.211435 #3998] DEBUG -- : -------> building new state...
D, [2018-03-31T10:06:50.211625 #3998] DEBUG -- : -------> building selection...
D, [2018-03-31T10:06:50.211946 #3998] DEBUG -- : -------> building new state...
D, [2018-03-31T10:06:50.212044 #3998] DEBUG -- : -------> building new state...
D, [2018-03-31T10:06:50.212266 #3998] DEBUG -- : -------> building selection...
D, [2018-03-31T10:06:50.212588 #3998] DEBUG -- : -------> building new state...
D, [2018-03-31T10:06:50.212686 #3998] DEBUG -- : -------> building new state...
D, [2018-03-31T10:06:50.212873 #3998] DEBUG -- : -------> building selection...
D, [2018-03-31T10:06:50.213202 #3998] DEBUG -- : -------> building new state...
D, [2018-03-31T10:06:50.213300 #3998] DEBUG -- : -------> building new state...
D, [2018-03-31T10:06:50.213534 #3998] DEBUG -- : -------> building selection...
D, [2018-03-31T10:06:50.213853 #3998] DEBUG -- : -------> building new state...
D, [2018-03-31T10:06:50.213953 #3998] DEBUG -- : -------> building new state...
D, [2018-03-31T10:06:50.214138 #3998] DEBUG -- : -------> building selection...
D, [2018-03-31T10:06:50.214459 #3998] DEBUG -- : -------> building new state...
D, [2018-03-31T10:06:50.214637 #3998] DEBUG -- : -------> building new state...
D, [2018-03-31T10:06:50.216680 #3998] DEBUG -- : -------> building selection...
D, [2018-03-31T10:06:50.217185 #3998] DEBUG -- : -------> building new state...
D, [2018-03-31T10:06:50.217315 #3998] DEBUG -- : -------> building new state...
D, [2018-03-31T10:06:50.217518 #3998] DEBUG -- : -------> building selection...
D, [2018-03-31T10:06:50.217847 #3998] DEBUG -- : -------> building new state...
D, [2018-03-31T10:06:50.217991 #3998] DEBUG -- : -------> building new state...
D, [2018-03-31T10:06:50.218193 #3998] DEBUG -- : -------> building selection...
D, [2018-03-31T10:06:50.218522 #3998] DEBUG -- : -------> building new state...
D, [2018-03-31T10:06:50.218624 #3998] DEBUG -- : -------> building new state...
D, [2018-03-31T10:06:50.218849 #3998] DEBUG -- : -------> building selection...
D, [2018-03-31T10:06:50.219267 #3998] DEBUG -- : -------> building new state...
D, [2018-03-31T10:06:50.219454 #3998] DEBUG -- : -------> building new state...
D, [2018-03-31T10:06:50.219676 #3998] DEBUG -- : -------> building selection...
D, [2018-03-31T10:06:50.220013 #3998] DEBUG -- : -------> building new state...
D, [2018-03-31T10:06:50.220115 #3998] DEBUG -- : -------> building new state...
D, [2018-03-31T10:06:50.220306 #3998] DEBUG -- : -------> building selection...
D, [2018-03-31T10:06:50.220657 #3998] DEBUG -- : -------> building new state...
D, [2018-03-31T10:06:50.220762 #3998] DEBUG -- : -------> building new state...
D, [2018-03-31T10:06:50.220950 #3998] DEBUG -- : -------> building selection...
D, [2018-03-31T10:06:50.221278 #3998] DEBUG -- : -------> building new state...
D, [2018-03-31T10:06:50.221401 #3998] DEBUG -- : -------> building new state...
D, [2018-03-31T10:06:50.221591 #3998] DEBUG -- : -------> building selection...
D, [2018-03-31T10:06:50.221938 #3998] DEBUG -- : -------> building new state...
D, [2018-03-31T10:06:50.222039 #3998] DEBUG -- : -------> building new state...
D, [2018-03-31T10:06:50.222249 #3998] DEBUG -- : scoring weighed rated selections...
D, [2018-03-31T10:06:50.222328 #3998] DEBUG -- : Saving scored selections...
D, [2018-03-31T10:06:50.229403 #3998] DEBUG -- : State Score successfully calculated


D, [2018-03-31T10:06:50.229474 #3998] DEBUG -- : Scoring new state: {:rating=>37, :state=>{:unknown=>0, :possibly_lighter=>1, :possibly_heavier=>0, :normal=>7}}
D, [2018-03-31T10:06:50.229507 #3998] DEBUG -- : State Score successfully calculated


D, [2018-03-31T10:06:50.229544 #3998] DEBUG -- : Scoring new state: {:rating=>31, :state=>{:unknown=>0, :possibly_lighter=>2, :possibly_heavier=>1, :normal=>5}}
D, [2018-03-31T10:06:50.232167 #3998] DEBUG -- : calculating updated score for older state...
D, [2018-03-31T10:06:50.235578 #3998] DEBUG -- : generating weighed rated selections...
D, [2018-03-31T10:06:50.236387 #3998] DEBUG -- : -------> building selection...
D, [2018-03-31T10:06:50.237233 #3998] DEBUG -- : -------> building new state...
D, [2018-03-31T10:06:50.237621 #3998] DEBUG -- : -------> building new state...
D, [2018-03-31T10:06:50.237888 #3998] DEBUG -- : -------> building selection...
D, [2018-03-31T10:06:50.238264 #3998] DEBUG -- : -------> building new state...
D, [2018-03-31T10:06:50.238369 #3998] DEBUG -- : -------> building new state...
D, [2018-03-31T10:06:50.238564 #3998] DEBUG -- : -------> building selection...
D, [2018-03-31T10:06:50.238961 #3998] DEBUG -- : -------> building new state...
D, [2018-03-31T10:06:50.239158 #3998] DEBUG -- : -------> building new state...
D, [2018-03-31T10:06:50.239405 #3998] DEBUG -- : -------> building selection...
D, [2018-03-31T10:06:50.239764 #3998] DEBUG -- : -------> building new state...
D, [2018-03-31T10:06:50.239886 #3998] DEBUG -- : -------> building new state...
D, [2018-03-31T10:06:50.240090 #3998] DEBUG -- : -------> building selection...
D, [2018-03-31T10:06:50.240439 #3998] DEBUG -- : -------> building new state...
D, [2018-03-31T10:06:50.240543 #3998] DEBUG -- : -------> building new state...
D, [2018-03-31T10:06:50.240736 #3998] DEBUG -- : -------> building selection...
D, [2018-03-31T10:06:50.241077 #3998] DEBUG -- : -------> building new state...
D, [2018-03-31T10:06:50.241178 #3998] DEBUG -- : -------> building new state...
D, [2018-03-31T10:06:50.241387 #3998] DEBUG -- : -------> building selection...
D, [2018-03-31T10:06:50.241717 #3998] DEBUG -- : -------> building new state...
D, [2018-03-31T10:06:50.241818 #3998] DEBUG -- : -------> building new state...
D, [2018-03-31T10:06:50.242017 #3998] DEBUG -- : -------> building selection...
D, [2018-03-31T10:06:50.242357 #3998] DEBUG -- : -------> building new state...
D, [2018-03-31T10:06:50.242459 #3998] DEBUG -- : -------> building new state...
D, [2018-03-31T10:06:50.242650 #3998] DEBUG -- : -------> building selection...
D, [2018-03-31T10:06:50.243003 #3998] DEBUG -- : -------> building new state...
D, [2018-03-31T10:06:50.243109 #3998] DEBUG -- : -------> building new state...
D, [2018-03-31T10:06:50.243317 #3998] DEBUG -- : -------> building selection...
D, [2018-03-31T10:06:50.243638 #3998] DEBUG -- : -------> building new state...
D, [2018-03-31T10:06:50.243755 #3998] DEBUG -- : -------> building new state...
D, [2018-03-31T10:06:50.243959 #3998] DEBUG -- : -------> building selection...
D, [2018-03-31T10:06:50.244281 #3998] DEBUG -- : -------> building new state...
D, [2018-03-31T10:06:50.244391 #3998] DEBUG -- : -------> building new state...
D, [2018-03-31T10:06:50.244612 #3998] DEBUG -- : -------> building selection...
D, [2018-03-31T10:06:50.244952 #3998] DEBUG -- : -------> building new state...
D, [2018-03-31T10:06:50.245065 #3998] DEBUG -- : -------> building new state...
D, [2018-03-31T10:06:50.245284 #3998] DEBUG -- : -------> building selection...
D, [2018-03-31T10:06:50.245659 #3998] DEBUG -- : -------> building new state...
D, [2018-03-31T10:06:50.245763 #3998] DEBUG -- : -------> building new state...
D, [2018-03-31T10:06:50.245973 #3998] DEBUG -- : -------> building selection...
D, [2018-03-31T10:06:50.246342 #3998] DEBUG -- : -------> building new state...
D, [2018-03-31T10:06:50.246483 #3998] DEBUG -- : -------> building new state...
D, [2018-03-31T10:06:50.246708 #3998] DEBUG -- : -------> building selection...
D, [2018-03-31T10:06:50.247084 #3998] DEBUG -- : -------> building new state...
D, [2018-03-31T10:06:50.247191 #3998] DEBUG -- : -------> building new state...
D, [2018-03-31T10:06:50.247417 #3998] DEBUG -- : -------> building selection...
D, [2018-03-31T10:06:50.247751 #3998] DEBUG -- : -------> building new state...
D, [2018-03-31T10:06:50.247853 #3998] DEBUG -- : -------> building new state...
D, [2018-03-31T10:06:50.248077 #3998] DEBUG -- : -------> building selection...
D, [2018-03-31T10:06:50.248433 #3998] DEBUG -- : -------> building new state...
D, [2018-03-31T10:06:50.248533 #3998] DEBUG -- : -------> building new state...
D, [2018-03-31T10:06:50.248762 #3998] DEBUG -- : -------> building selection...
D, [2018-03-31T10:06:50.249090 #3998] DEBUG -- : -------> building new state...
D, [2018-03-31T10:06:50.249226 #3998] DEBUG -- : -------> building new state...
D, [2018-03-31T10:06:50.249425 #3998] DEBUG -- : -------> building selection...
D, [2018-03-31T10:06:50.249763 #3998] DEBUG -- : -------> building new state...
D, [2018-03-31T10:06:50.249912 #3998] DEBUG -- : -------> building new state...
D, [2018-03-31T10:06:50.250114 #3998] DEBUG -- : -------> building selection...
D, [2018-03-31T10:06:50.250443 #3998] DEBUG -- : -------> building new state...
D, [2018-03-31T10:06:50.250547 #3998] DEBUG -- : -------> building new state...
D, [2018-03-31T10:06:50.250795 #3998] DEBUG -- : -------> building selection...
D, [2018-03-31T10:06:50.251153 #3998] DEBUG -- : -------> building new state...
D, [2018-03-31T10:06:50.251256 #3998] DEBUG -- : -------> building new state...
D, [2018-03-31T10:06:50.251447 #3998] DEBUG -- : -------> building selection...
D, [2018-03-31T10:06:50.251797 #3998] DEBUG -- : -------> building new state...
D, [2018-03-31T10:06:50.251910 #3998] DEBUG -- : -------> building new state...
D, [2018-03-31T10:06:50.252103 #3998] DEBUG -- : -------> building selection...
D, [2018-03-31T10:06:50.252455 #3998] DEBUG -- : -------> building new state...
D, [2018-03-31T10:06:50.252558 #3998] DEBUG -- : -------> building new state...
D, [2018-03-31T10:06:50.252764 #3998] DEBUG -- : -------> building selection...
D, [2018-03-31T10:06:50.253133 #3998] DEBUG -- : -------> building new state...
D, [2018-03-31T10:06:50.253263 #3998] DEBUG -- : -------> building new state...
D, [2018-03-31T10:06:50.253455 #3998] DEBUG -- : -------> building selection...
D, [2018-03-31T10:06:50.253802 #3998] DEBUG -- : -------> building new state...
D, [2018-03-31T10:06:50.253911 #3998] DEBUG -- : -------> building new state...
D, [2018-03-31T10:06:50.254114 #3998] DEBUG -- : -------> building selection...
D, [2018-03-31T10:06:50.254492 #3998] DEBUG -- : -------> building new state...
D, [2018-03-31T10:06:50.254594 #3998] DEBUG -- : -------> building new state...
D, [2018-03-31T10:06:50.254787 #3998] DEBUG -- : -------> building selection...
D, [2018-03-31T10:06:50.255174 #3998] DEBUG -- : -------> building new state...
D, [2018-03-31T10:06:50.255305 #3998] DEBUG -- : -------> building new state...
D, [2018-03-31T10:06:50.255503 #3998] DEBUG -- : -------> building selection...
D, [2018-03-31T10:06:50.255861 #3998] DEBUG -- : -------> building new state...
D, [2018-03-31T10:06:50.255965 #3998] DEBUG -- : -------> building new state...
D, [2018-03-31T10:06:50.256163 #3998] DEBUG -- : -------> building selection...
D, [2018-03-31T10:06:50.256511 #3998] DEBUG -- : -------> building new state...
D, [2018-03-31T10:06:50.256614 #3998] DEBUG -- : -------> building new state...
D, [2018-03-31T10:06:50.256806 #3998] DEBUG -- : -------> building selection...
D, [2018-03-31T10:06:50.257168 #3998] DEBUG -- : -------> building new state...
D, [2018-03-31T10:06:50.257276 #3998] DEBUG -- : -------> building new state...
D, [2018-03-31T10:06:50.257465 #3998] DEBUG -- : -------> building selection...
D, [2018-03-31T10:06:50.257804 #3998] DEBUG -- : -------> building new state...
D, [2018-03-31T10:06:50.257903 #3998] DEBUG -- : -------> building new state...
D, [2018-03-31T10:06:50.258109 #3998] DEBUG -- : -------> building selection...
D, [2018-03-31T10:06:50.258446 #3998] DEBUG -- : -------> building new state...
D, [2018-03-31T10:06:50.258569 #3998] DEBUG -- : -------> building new state...
D, [2018-03-31T10:06:50.258778 #3998] DEBUG -- : -------> building selection...
D, [2018-03-31T10:06:50.259121 #3998] DEBUG -- : -------> building new state...
D, [2018-03-31T10:06:50.259235 #3998] DEBUG -- : -------> building new state...
D, [2018-03-31T10:06:50.259443 #3998] DEBUG -- : -------> building selection...
D, [2018-03-31T10:06:50.259790 #3998] DEBUG -- : -------> building new state...
D, [2018-03-31T10:06:50.259893 #3998] DEBUG -- : -------> building new state...
D, [2018-03-31T10:06:50.260105 #3998] DEBUG -- : -------> building selection...
D, [2018-03-31T10:06:50.260435 #3998] DEBUG -- : -------> building new state...
D, [2018-03-31T10:06:50.260547 #3998] DEBUG -- : -------> building new state...
D, [2018-03-31T10:06:50.260748 #3998] DEBUG -- : -------> building selection...
D, [2018-03-31T10:06:50.261098 #3998] DEBUG -- : -------> building new state...
D, [2018-03-31T10:06:50.261200 #3998] DEBUG -- : -------> building new state...
D, [2018-03-31T10:06:50.261402 #3998] DEBUG -- : -------> building selection...
D, [2018-03-31T10:06:50.261745 #3998] DEBUG -- : -------> building new state...
D, [2018-03-31T10:06:50.261860 #3998] DEBUG -- : -------> building new state...
D, [2018-03-31T10:06:50.262077 #3998] DEBUG -- : -------> building selection...
D, [2018-03-31T10:06:50.262402 #3998] DEBUG -- : -------> building new state...
D, [2018-03-31T10:06:50.262512 #3998] DEBUG -- : -------> building new state...
D, [2018-03-31T10:06:50.262708 #3998] DEBUG -- : -------> building selection...
D, [2018-03-31T10:06:50.263086 #3998] DEBUG -- : -------> building new state...
D, [2018-03-31T10:06:50.263192 #3998] DEBUG -- : -------> building new state...
D, [2018-03-31T10:06:50.263396 #3998] DEBUG -- : scoring weighed rated selections...
D, [2018-03-31T10:06:50.263483 #3998] DEBUG -- : Saving scored selections...
D, [2018-03-31T10:06:50.270761 #3998] DEBUG -- : State Score successfully calculated


D, [2018-03-31T10:06:50.270846 #3998] DEBUG -- : Scoring new state: {:rating=>37, :state=>{:unknown=>0, :possibly_lighter=>1, :possibly_heavier=>0, :normal=>7}}
D, [2018-03-31T10:06:50.270884 #3998] DEBUG -- : State Score successfully calculated


D, [2018-03-31T10:06:50.270920 #3998] DEBUG -- : Scoring new state: {:rating=>37, :state=>{:unknown=>0, :possibly_lighter=>0, :possibly_heavier=>1, :normal=>7}}
D, [2018-03-31T10:06:50.270941 #3998] DEBUG -- : State Score successfully calculated


D, [2018-03-31T10:06:50.270967 #3998] DEBUG -- : Scoring new state: {:rating=>31, :state=>{:unknown=>0, :possibly_lighter=>3, :possibly_heavier=>0, :normal=>5}}
D, [2018-03-31T10:06:50.273623 #3998] DEBUG -- : calculating updated score for older state...
D, [2018-03-31T10:06:50.277142 #3998] DEBUG -- : generating weighed rated selections...
D, [2018-03-31T10:06:50.277991 #3998] DEBUG -- : -------> building selection...
D, [2018-03-31T10:06:50.278815 #3998] DEBUG -- : -------> building new state...
D, [2018-03-31T10:06:50.279158 #3998] DEBUG -- : -------> building new state...
D, [2018-03-31T10:06:50.279422 #3998] DEBUG -- : -------> building selection...
D, [2018-03-31T10:06:50.279788 #3998] DEBUG -- : -------> building new state...
D, [2018-03-31T10:06:50.279901 #3998] DEBUG -- : -------> building new state...
D, [2018-03-31T10:06:50.280117 #3998] DEBUG -- : -------> building selection...
D, [2018-03-31T10:06:50.280462 #3998] DEBUG -- : -------> building new state...
D, [2018-03-31T10:06:50.280574 #3998] DEBUG -- : -------> building new state...
D, [2018-03-31T10:06:50.280777 #3998] DEBUG -- : -------> building selection...
D, [2018-03-31T10:06:50.283006 #3998] DEBUG -- : -------> building new state...
D, [2018-03-31T10:06:50.283199 #3998] DEBUG -- : -------> building new state...
D, [2018-03-31T10:06:50.283454 #3998] DEBUG -- : -------> building selection...
D, [2018-03-31T10:06:50.283809 #3998] DEBUG -- : -------> building new state...
D, [2018-03-31T10:06:50.283926 #3998] DEBUG -- : -------> building new state...
D, [2018-03-31T10:06:50.284146 #3998] DEBUG -- : -------> building selection...
D, [2018-03-31T10:06:50.284501 #3998] DEBUG -- : -------> building new state...
D, [2018-03-31T10:06:50.284722 #3998] DEBUG -- : -------> building selection...
D, [2018-03-31T10:06:50.285080 #3998] DEBUG -- : -------> building new state...
D, [2018-03-31T10:06:50.285208 #3998] DEBUG -- : -------> building new state...
D, [2018-03-31T10:06:50.285426 #3998] DEBUG -- : -------> building selection...
D, [2018-03-31T10:06:50.285777 #3998] DEBUG -- : -------> building new state...
D, [2018-03-31T10:06:50.285898 #3998] DEBUG -- : -------> building new state...
D, [2018-03-31T10:06:50.286116 #3998] DEBUG -- : -------> building selection...
D, [2018-03-31T10:06:50.286477 #3998] DEBUG -- : -------> building new state...
D, [2018-03-31T10:06:50.286610 #3998] DEBUG -- : -------> building new state...
D, [2018-03-31T10:06:50.286859 #3998] DEBUG -- : -------> building selection...
D, [2018-03-31T10:06:50.287239 #3998] DEBUG -- : -------> building new state...
D, [2018-03-31T10:06:50.287823 #3998] DEBUG -- : -------> building new state...
D, [2018-03-31T10:06:50.288038 #3998] DEBUG -- : -------> building selection...
D, [2018-03-31T10:06:50.288419 #3998] DEBUG -- : -------> building new state...
D, [2018-03-31T10:06:50.288557 #3998] DEBUG -- : -------> building new state...
D, [2018-03-31T10:06:50.288769 #3998] DEBUG -- : -------> building selection...
D, [2018-03-31T10:06:50.289153 #3998] DEBUG -- : -------> building new state...
D, [2018-03-31T10:06:50.289342 #3998] DEBUG -- : -------> building new state...
D, [2018-03-31T10:06:50.289547 #3998] DEBUG -- : -------> building selection...
D, [2018-03-31T10:06:50.289895 #3998] DEBUG -- : -------> building new state...
D, [2018-03-31T10:06:50.289994 #3998] DEBUG -- : -------> building new state...
D, [2018-03-31T10:06:50.290184 #3998] DEBUG -- : -------> building selection...
D, [2018-03-31T10:06:50.290568 #3998] DEBUG -- : -------> building new state...
D, [2018-03-31T10:06:50.290690 #3998] DEBUG -- : -------> building new state...
D, [2018-03-31T10:06:50.290892 #3998] DEBUG -- : -------> building selection...
D, [2018-03-31T10:06:50.291247 #3998] DEBUG -- : -------> building new state...
D, [2018-03-31T10:06:50.291366 #3998] DEBUG -- : -------> building new state...
D, [2018-03-31T10:06:50.291588 #3998] DEBUG -- : -------> building selection...
D, [2018-03-31T10:06:50.291947 #3998] DEBUG -- : -------> building new state...
D, [2018-03-31T10:06:50.292063 #3998] DEBUG -- : -------> building new state...
D, [2018-03-31T10:06:50.292253 #3998] DEBUG -- : -------> building selection...
D, [2018-03-31T10:06:50.292656 #3998] DEBUG -- : -------> building new state...
D, [2018-03-31T10:06:50.292863 #3998] DEBUG -- : -------> building new state...
D, [2018-03-31T10:06:50.293070 #3998] DEBUG -- : -------> building selection...
D, [2018-03-31T10:06:50.293435 #3998] DEBUG -- : -------> building new state...
D, [2018-03-31T10:06:50.293630 #3998] DEBUG -- : -------> building selection...
D, [2018-03-31T10:06:50.294001 #3998] DEBUG -- : -------> building new state...
D, [2018-03-31T10:06:50.294199 #3998] DEBUG -- : scoring weighed rated selections...
D, [2018-03-31T10:06:50.294250 #3998] DEBUG -- : Saving scored selections...
D, [2018-03-31T10:06:50.298188 #3998] DEBUG -- : State Score successfully calculated


D, [2018-03-31T10:06:50.298276 #3998] DEBUG -- : Saving scored selections...
D, [2018-03-31T10:06:50.334638 #3998] DEBUG -- : State Score successfully calculated


D, [2018-03-31T10:06:50.334721 #3998] DEBUG -- : Scoring new state: {:rating=>37, :state=>{:unknown=>0, :possibly_lighter=>0, :possibly_heavier=>1, :normal=>7}}
D, [2018-03-31T10:06:50.334746 #3998] DEBUG -- : State Score successfully calculated


D, [2018-03-31T10:06:50.334772 #3998] DEBUG -- : Scoring new state: {:rating=>31, :state=>{:unknown=>0, :possibly_lighter=>1, :possibly_heavier=>2, :normal=>5}}
D, [2018-03-31T10:06:50.337338 #3998] DEBUG -- : generating score for new state...
D, [2018-03-31T10:06:50.340674 #3998] DEBUG -- : new state info recorded
D, [2018-03-31T10:06:50.345114 #3998] DEBUG -- : generating weighed rated selections...
D, [2018-03-31T10:06:50.538151 #3998] DEBUG -- : scoring weighed rated selections...
D, [2018-03-31T10:06:50.538314 #3998] DEBUG -- : Saving scored selections...
D, [2018-03-31T10:06:50.546911 #3998] DEBUG -- : State Score successfully calculated


D, [2018-03-31T10:06:50.613464 #3998] DEBUG -- : Scoring new state: {:rating=>31, :state=>{:unknown=>0, :possibly_lighter=>1, :possibly_heavier=>2, :normal=>5}}
D, [2018-03-31T10:06:50.616277 #3998] DEBUG -- : generating score for new state...
D, [2018-03-31T10:06:50.619968 #3998] DEBUG -- : new state info recorded
D, [2018-03-31T10:06:50.623320 #3998] DEBUG -- : generating weighed rated selections...
D, [2018-03-31T10:06:50.828526 #3998] DEBUG -- : scoring weighed rated selections...
D, [2018-03-31T10:06:50.828671 #3998] DEBUG -- : Saving scored selections...
D, [2018-03-31T10:06:50.835722 #3998] DEBUG -- : State Score successfully calculated


D, [2018-03-31T10:06:50.835818 #3998] DEBUG -- : Scoring new state: {:rating=>34, :state=>{:unknown=>0, :possibly_lighter=>1, :possibly_heavier=>1, :normal=>6}}
D, [2018-03-31T10:06:50.838399 #3998] DEBUG -- : calculating updated score for older state...
D, [2018-03-31T10:06:50.841746 #3998] DEBUG -- : generating weighed rated selections...
D, [2018-03-31T10:06:50.942264 #3998] DEBUG -- : scoring weighed rated selections...
D, [2018-03-31T10:06:50.942394 #3998] DEBUG -- : Saving scored selections...
D, [2018-03-31T10:06:50.957745 #3998] DEBUG -- : State Score successfully calculated


D, [2018-03-31T10:06:50.957833 #3998] DEBUG -- : Scoring new state: {:rating=>31, :state=>{:unknown=>0, :possibly_lighter=>2, :possibly_heavier=>1, :normal=>5}}
D, [2018-03-31T10:06:50.960328 #3998] DEBUG -- : generating score for new state...
D, [2018-03-31T10:06:50.963660 #3998] DEBUG -- : new state info recorded
D, [2018-03-31T10:06:50.967042 #3998] DEBUG -- : generating weighed rated selections...
D, [2018-03-31T10:06:51.158318 #3998] DEBUG -- : scoring weighed rated selections...
D, [2018-03-31T10:06:51.158460 #3998] DEBUG -- : Saving scored selections...
D, [2018-03-31T10:06:51.165287 #3998] DEBUG -- : State Score successfully calculated


D, [2018-03-31T10:06:51.231772 #3998] DEBUG -- : Scoring new state: {:rating=>34, :state=>{:unknown=>0, :possibly_lighter=>1, :possibly_heavier=>1, :normal=>6}}
D, [2018-03-31T10:06:51.234554 #3998] DEBUG -- : generating score for new state...
D, [2018-03-31T10:06:51.238170 #3998] DEBUG -- : new state info recorded
D, [2018-03-31T10:06:51.241470 #3998] DEBUG -- : generating weighed rated selections...
D, [2018-03-31T10:06:51.355834 #3998] DEBUG -- : scoring weighed rated selections...
D, [2018-03-31T10:06:51.355964 #3998] DEBUG -- : Saving scored selections...
D, [2018-03-31T10:06:51.371114 #3998] DEBUG -- : State Score successfully calculated


D, [2018-03-31T10:06:51.371218 #3998] DEBUG -- : Scoring new state: {:rating=>31, :state=>{:unknown=>0, :possibly_lighter=>1, :possibly_heavier=>2, :normal=>5}}
D, [2018-03-31T10:06:51.374786 #3998] DEBUG -- : generating score for new state...
D, [2018-03-31T10:06:51.378342 #3998] DEBUG -- : new state info recorded
D, [2018-03-31T10:06:51.381688 #3998] DEBUG -- : generating weighed rated selections...
D, [2018-03-31T10:06:51.575695 #3998] DEBUG -- : scoring weighed rated selections...
D, [2018-03-31T10:06:51.575832 #3998] DEBUG -- : Saving scored selections...
D, [2018-03-31T10:06:51.582833 #3998] DEBUG -- : State Score successfully calculated


D, [2018-03-31T10:06:51.582918 #3998] DEBUG -- : Scoring new state: {:rating=>34, :state=>{:unknown=>0, :possibly_lighter=>1, :possibly_heavier=>1, :normal=>6}}
D, [2018-03-31T10:06:51.586158 #3998] DEBUG -- : returning fully calculated score...
D, [2018-03-31T10:06:51.586236 #3998] DEBUG -- : State Score successfully calculated


D, [2018-03-31T10:06:51.586274 #3998] DEBUG -- : Scoring new state: {:rating=>31, :state=>{:unknown=>0, :possibly_lighter=>2, :possibly_heavier=>1, :normal=>5}}
D, [2018-03-31T10:06:51.588755 #3998] DEBUG -- : generating score for new state...
D, [2018-03-31T10:06:51.592399 #3998] DEBUG -- : new state info recorded
D, [2018-03-31T10:06:51.595771 #3998] DEBUG -- : generating weighed rated selections...
D, [2018-03-31T10:06:51.790566 #3998] DEBUG -- : scoring weighed rated selections...
D, [2018-03-31T10:06:51.790724 #3998] DEBUG -- : Saving scored selections...
D, [2018-03-31T10:06:51.798878 #3998] DEBUG -- : State Score successfully calculated


D, [2018-03-31T10:06:52.673026 #3998] DEBUG -- : calculating updated score for older state...
D, [2018-03-31T10:06:52.676395 #3998] DEBUG -- : generating weighed rated selections...
D, [2018-03-31T10:06:52.688902 #3998] DEBUG -- : scoring weighed rated selections...
D, [2018-03-31T10:06:52.688998 #3998] DEBUG -- : Scoring new state: {:rating=>10, :state=>{:unknown=>1, :possibly_lighter=>0, :possibly_heavier=>0, :normal=>2}}
D, [2018-03-31T10:06:52.692882 #3998] DEBUG -- : calculating updated score for older state...
D, [2018-03-31T10:06:52.696384 #3998] DEBUG -- : generating weighed rated selections...
D, [2018-03-31T10:06:52.715432 #3998] DEBUG -- : scoring weighed rated selections...
D, [2018-03-31T10:06:52.715567 #3998] DEBUG -- : Saving scored selections...
D, [2018-03-31T10:06:52.718872 #3998] DEBUG -- : State Score successfully calculated


D, [2018-03-31T10:06:52.718961 #3998] DEBUG -- : Scoring new state: {:rating=>9, :state=>{:unknown=>0, :possibly_lighter=>1, :possibly_heavier=>1, :normal=>1}}
D, [2018-03-31T10:06:52.721424 #3998] DEBUG -- : calculating updated score for older state...
D, [2018-03-31T10:06:52.724774 #3998] DEBUG -- : generating weighed rated selections...
D, [2018-03-31T10:06:52.755910 #3998] DEBUG -- : scoring weighed rated selections...
D, [2018-03-31T10:06:52.756013 #3998] DEBUG -- : Saving scored selections...
D, [2018-03-31T10:06:52.760704 #3998] DEBUG -- : State Score successfully calculated


D, [2018-03-31T10:06:52.760785 #3998] DEBUG -- : Saving scored selections...
D, [2018-03-31T10:06:52.839085 #3998] DEBUG -- : calculating updated score for older state...
D, [2018-03-31T10:06:52.842525 #3998] DEBUG -- : generating weighed rated selections...
D, [2018-03-31T10:06:52.855205 #3998] DEBUG -- : scoring weighed rated selections...
D, [2018-03-31T10:06:52.855302 #3998] DEBUG -- : Scoring new state: {:rating=>10, :state=>{:unknown=>1, :possibly_lighter=>0, :possibly_heavier=>0, :normal=>2}}
D, [2018-03-31T10:06:52.858026 #3998] DEBUG -- : calculating updated score for older state...
D, [2018-03-31T10:06:52.861358 #3998] DEBUG -- : generating weighed rated selections...
D, [2018-03-31T10:06:52.880871 #3998] DEBUG -- : scoring weighed rated selections...
D, [2018-03-31T10:06:52.881002 #3998] DEBUG -- : Saving scored selections...
D, [2018-03-31T10:06:52.885777 #3998] DEBUG -- : State Score successfully calculated


D, [2018-03-31T10:06:52.885867 #3998] DEBUG -- : Scoring new state: {:rating=>9, :state=>{:unknown=>0, :possibly_lighter=>1, :possibly_heavier=>1, :normal=>1}}
D, [2018-03-31T10:06:52.888375 #3998] DEBUG -- : calculating updated score for older state...
D, [2018-03-31T10:06:52.891731 #3998] DEBUG -- : generating weighed rated selections...
D, [2018-03-31T10:06:52.921815 #3998] DEBUG -- : scoring weighed rated selections...
D, [2018-03-31T10:06:52.921941 #3998] DEBUG -- : Saving scored selections...
D, [2018-03-31T10:06:52.926769 #3998] DEBUG -- : State Score successfully calculated


D, [2018-03-31T10:06:52.926860 #3998] DEBUG -- : Saving scored selections...
D, [2018-03-31T10:06:53.017420 #3998] DEBUG -- : calculating updated score for older state...
D, [2018-03-31T10:06:53.020864 #3998] DEBUG -- : generating weighed rated selections...
D, [2018-03-31T10:06:53.033419 #3998] DEBUG -- : scoring weighed rated selections...
D, [2018-03-31T10:06:53.033520 #3998] DEBUG -- : Scoring new state: {:rating=>10, :state=>{:unknown=>1, :possibly_lighter=>0, :possibly_heavier=>0, :normal=>2}}
D, [2018-03-31T10:06:53.036180 #3998] DEBUG -- : calculating updated score for older state...
D, [2018-03-31T10:06:53.039699 #3998] DEBUG -- : generating weighed rated selections...
D, [2018-03-31T10:06:53.059162 #3998] DEBUG -- : scoring weighed rated selections...
D, [2018-03-31T10:06:53.059255 #3998] DEBUG -- : Saving scored selections...
D, [2018-03-31T10:06:53.062603 #3998] DEBUG -- : State Score successfully calculated


D, [2018-03-31T10:06:53.062689 #3998] DEBUG -- : Scoring new state: {:rating=>9, :state=>{:unknown=>0, :possibly_lighter=>1, :possibly_heavier=>1, :normal=>1}}
D, [2018-03-31T10:06:53.066204 #3998] DEBUG -- : calculating updated score for older state...
D, [2018-03-31T10:06:53.069705 #3998] DEBUG -- : generating weighed rated selections...
D, [2018-03-31T10:06:53.099376 #3998] DEBUG -- : scoring weighed rated selections...
D, [2018-03-31T10:06:53.099476 #3998] DEBUG -- : Saving scored selections...
D, [2018-03-31T10:06:53.104268 #3998] DEBUG -- : State Score successfully calculated


D, [2018-03-31T10:06:53.104349 #3998] DEBUG -- : Saving scored selections...
D, [2018-03-31T10:06:53.178240 #3998] DEBUG -- : calculating updated score for older state...
D, [2018-03-31T10:06:53.181734 #3998] DEBUG -- : generating weighed rated selections...
D, [2018-03-31T10:06:53.194208 #3998] DEBUG -- : scoring weighed rated selections...
D, [2018-03-31T10:06:53.194647 #3998] DEBUG -- : Scoring new state: {:rating=>10, :state=>{:unknown=>1, :possibly_lighter=>0, :possibly_heavier=>0, :normal=>2}}
D, [2018-03-31T10:06:53.197566 #3998] DEBUG -- : calculating updated score for older state...
D, [2018-03-31T10:06:53.200960 #3998] DEBUG -- : generating weighed rated selections...
D, [2018-03-31T10:06:53.220733 #3998] DEBUG -- : scoring weighed rated selections...
D, [2018-03-31T10:06:53.220823 #3998] DEBUG -- : Saving scored selections...
D, [2018-03-31T10:06:53.224191 #3998] DEBUG -- : State Score successfully calculated


D, [2018-03-31T10:06:53.224281 #3998] DEBUG -- : Scoring new state: {:rating=>9, :state=>{:unknown=>0, :possibly_lighter=>1, :possibly_heavier=>1, :normal=>1}}
D, [2018-03-31T10:06:53.226768 #3998] DEBUG -- : calculating updated score for older state...
D, [2018-03-31T10:06:53.230183 #3998] DEBUG -- : generating weighed rated selections...
D, [2018-03-31T10:06:53.259206 #3998] DEBUG -- : scoring weighed rated selections...
D, [2018-03-31T10:06:53.259316 #3998] DEBUG -- : Saving scored selections...
D, [2018-03-31T10:06:53.263931 #3998] DEBUG -- : State Score successfully calculated


D, [2018-03-31T10:06:53.264036 #3998] DEBUG -- : Saving scored selections...
D, [2018-03-31T10:06:53.338253 #3998] DEBUG -- : calculating updated score for older state...
D, [2018-03-31T10:06:53.341746 #3998] DEBUG -- : generating weighed rated selections...
D, [2018-03-31T10:06:53.354381 #3998] DEBUG -- : scoring weighed rated selections...
D, [2018-03-31T10:06:53.354481 #3998] DEBUG -- : Scoring new state: {:rating=>10, :state=>{:unknown=>1, :possibly_lighter=>0, :possibly_heavier=>0, :normal=>2}}
D, [2018-03-31T10:06:53.357214 #3998] DEBUG -- : calculating updated score for older state...
D, [2018-03-31T10:06:53.360625 #3998] DEBUG -- : generating weighed rated selections...
D, [2018-03-31T10:06:53.380220 #3998] DEBUG -- : scoring weighed rated selections...
D, [2018-03-31T10:06:53.380328 #3998] DEBUG -- : Saving scored selections...
D, [2018-03-31T10:06:53.383589 #3998] DEBUG -- : State Score successfully calculated


D, [2018-03-31T10:06:53.383666 #3998] DEBUG -- : Scoring new state: {:rating=>9, :state=>{:unknown=>0, :possibly_lighter=>1, :possibly_heavier=>1, :normal=>1}}
D, [2018-03-31T10:06:53.386221 #3998] DEBUG -- : calculating updated score for older state...
D, [2018-03-31T10:06:53.389589 #3998] DEBUG -- : generating weighed rated selections...
D, [2018-03-31T10:06:53.418557 #3998] DEBUG -- : scoring weighed rated selections...
D, [2018-03-31T10:06:53.418670 #3998] DEBUG -- : Saving scored selections...
D, [2018-03-31T10:06:53.423397 #3998] DEBUG -- : State Score successfully calculated


D, [2018-03-31T10:06:53.423472 #3998] DEBUG -- : Saving scored selections...
D, [2018-03-31T10:06:53.498558 #3998] DEBUG -- : calculating updated score for older state...
D, [2018-03-31T10:06:53.502026 #3998] DEBUG -- : generating weighed rated selections...
D, [2018-03-31T10:06:53.514759 #3998] DEBUG -- : scoring weighed rated selections...
D, [2018-03-31T10:06:53.514899 #3998] DEBUG -- : Scoring new state: {:rating=>10, :state=>{:unknown=>1, :possibly_lighter=>0, :possibly_heavier=>0, :normal=>2}}
D, [2018-03-31T10:06:53.517678 #3998] DEBUG -- : calculating updated score for older state...
D, [2018-03-31T10:06:53.521236 #3998] DEBUG -- : generating weighed rated selections...
D, [2018-03-31T10:06:53.540446 #3998] DEBUG -- : scoring weighed rated selections...
D, [2018-03-31T10:06:53.540558 #3998] DEBUG -- : Saving scored selections...
D, [2018-03-31T10:06:53.543705 #3998] DEBUG -- : State Score successfully calculated


D, [2018-03-31T10:06:53.543789 #3998] DEBUG -- : Scoring new state: {:rating=>9, :state=>{:unknown=>0, :possibly_lighter=>1, :possibly_heavier=>1, :normal=>1}}
D, [2018-03-31T10:06:53.546306 #3998] DEBUG -- : calculating updated score for older state...
D, [2018-03-31T10:06:53.549676 #3998] DEBUG -- : generating weighed rated selections...
D, [2018-03-31T10:06:53.602750 #3998] DEBUG -- : scoring weighed rated selections...
D, [2018-03-31T10:06:53.602855 #3998] DEBUG -- : Saving scored selections...
D, [2018-03-31T10:06:53.607631 #3998] DEBUG -- : State Score successfully calculated


D, [2018-03-31T10:06:53.607718 #3998] DEBUG -- : Saving scored selections...
D, [2018-03-31T10:06:53.683366 #3998] DEBUG -- : calculating updated score for older state...
D, [2018-03-31T10:06:53.686986 #3998] DEBUG -- : generating weighed rated selections...
D, [2018-03-31T10:06:53.699782 #3998] DEBUG -- : scoring weighed rated selections...
D, [2018-03-31T10:06:53.699906 #3998] DEBUG -- : Scoring new state: {:rating=>10, :state=>{:unknown=>1, :possibly_lighter=>0, :possibly_heavier=>0, :normal=>2}}
D, [2018-03-31T10:06:53.702637 #3998] DEBUG -- : calculating updated score for older state...
D, [2018-03-31T10:06:53.706070 #3998] DEBUG -- : generating weighed rated selections...
D, [2018-03-31T10:06:53.725798 #3998] DEBUG -- : scoring weighed rated selections...
D, [2018-03-31T10:06:53.725910 #3998] DEBUG -- : Saving scored selections...
D, [2018-03-31T10:06:53.729209 #3998] DEBUG -- : State Score successfully calculated


D, [2018-03-31T10:06:53.729298 #3998] DEBUG -- : Scoring new state: {:rating=>9, :state=>{:unknown=>0, :possibly_lighter=>1, :possibly_heavier=>1, :normal=>1}}
D, [2018-03-31T10:06:53.731821 #3998] DEBUG -- : calculating updated score for older state...
D, [2018-03-31T10:06:53.735232 #3998] DEBUG -- : generating weighed rated selections...
D, [2018-03-31T10:06:53.765001 #3998] DEBUG -- : scoring weighed rated selections...
D, [2018-03-31T10:06:53.765096 #3998] DEBUG -- : Saving scored selections...
D, [2018-03-31T10:06:53.769945 #3998] DEBUG -- : State Score successfully calculated


D, [2018-03-31T10:06:53.770026 #3998] DEBUG -- : Saving scored selections...
D, [2018-03-31T10:06:53.844269 #3998] DEBUG -- : calculating updated score for older state...
D, [2018-03-31T10:06:53.847774 #3998] DEBUG -- : generating weighed rated selections...
D, [2018-03-31T10:06:53.860660 #3998] DEBUG -- : scoring weighed rated selections...
D, [2018-03-31T10:06:53.860767 #3998] DEBUG -- : Scoring new state: {:rating=>10, :state=>{:unknown=>1, :possibly_lighter=>0, :possibly_heavier=>0, :normal=>2}}
D, [2018-03-31T10:06:53.863603 #3998] DEBUG -- : calculating updated score for older state...
D, [2018-03-31T10:06:53.867100 #3998] DEBUG -- : generating weighed rated selections...
D, [2018-03-31T10:06:53.886342 #3998] DEBUG -- : scoring weighed rated selections...
D, [2018-03-31T10:06:53.886444 #3998] DEBUG -- : Saving scored selections...
D, [2018-03-31T10:06:53.889757 #3998] DEBUG -- : State Score successfully calculated


D, [2018-03-31T10:06:53.889844 #3998] DEBUG -- : Scoring new state: {:rating=>9, :state=>{:unknown=>0, :possibly_lighter=>1, :possibly_heavier=>1, :normal=>1}}
D, [2018-03-31T10:06:53.892402 #3998] DEBUG -- : calculating updated score for older state...
D, [2018-03-31T10:06:53.895975 #3998] DEBUG -- : generating weighed rated selections...
D, [2018-03-31T10:06:53.925926 #3998] DEBUG -- : scoring weighed rated selections...
D, [2018-03-31T10:06:53.926020 #3998] DEBUG -- : Saving scored selections...
D, [2018-03-31T10:06:53.930846 #3998] DEBUG -- : State Score successfully calculated


D, [2018-03-31T10:06:53.930917 #3998] DEBUG -- : Saving scored selections...
D, [2018-03-31T10:06:54.005612 #3998] DEBUG -- : calculating updated score for older state...
D, [2018-03-31T10:06:54.009114 #3998] DEBUG -- : generating weighed rated selections...
D, [2018-03-31T10:06:54.022244 #3998] DEBUG -- : scoring weighed rated selections...
D, [2018-03-31T10:06:54.022347 #3998] DEBUG -- : Scoring new state: {:rating=>10, :state=>{:unknown=>1, :possibly_lighter=>0, :possibly_heavier=>0, :normal=>2}}
D, [2018-03-31T10:06:54.025005 #3998] DEBUG -- : calculating updated score for older state...
D, [2018-03-31T10:06:54.028409 #3998] DEBUG -- : generating weighed rated selections...
D, [2018-03-31T10:06:54.047943 #3998] DEBUG -- : scoring weighed rated selections...
D, [2018-03-31T10:06:54.048055 #3998] DEBUG -- : Saving scored selections...
D, [2018-03-31T10:06:54.051289 #3998] DEBUG -- : State Score successfully calculated


D, [2018-03-31T10:06:54.051372 #3998] DEBUG -- : Scoring new state: {:rating=>9, :state=>{:unknown=>0, :possibly_lighter=>1, :possibly_heavier=>1, :normal=>1}}
D, [2018-03-31T10:06:54.053976 #3998] DEBUG -- : calculating updated score for older state...
D, [2018-03-31T10:06:54.057448 #3998] DEBUG -- : generating weighed rated selections...
D, [2018-03-31T10:06:54.086712 #3998] DEBUG -- : scoring weighed rated selections...
D, [2018-03-31T10:06:54.086866 #3998] DEBUG -- : Saving scored selections...
D, [2018-03-31T10:06:54.091660 #3998] DEBUG -- : State Score successfully calculated


D, [2018-03-31T10:06:54.091739 #3998] DEBUG -- : Saving scored selections...
D, [2018-03-31T10:06:54.170961 #3998] DEBUG -- : calculating updated score for older state...
D, [2018-03-31T10:06:54.174426 #3998] DEBUG -- : generating weighed rated selections...
D, [2018-03-31T10:06:54.192395 #3998] DEBUG -- : scoring weighed rated selections...
D, [2018-03-31T10:06:54.192507 #3998] DEBUG -- : Scoring new state: {:rating=>10, :state=>{:unknown=>1, :possibly_lighter=>0, :possibly_heavier=>0, :normal=>2}}
D, [2018-03-31T10:06:54.195391 #3998] DEBUG -- : calculating updated score for older state...
D, [2018-03-31T10:06:54.198884 #3998] DEBUG -- : generating weighed rated selections...
D, [2018-03-31T10:06:54.220270 #3998] DEBUG -- : scoring weighed rated selections...
D, [2018-03-31T10:06:54.220366 #3998] DEBUG -- : Saving scored selections...
D, [2018-03-31T10:06:54.223695 #3998] DEBUG -- : State Score successfully calculated


D, [2018-03-31T10:06:54.223780 #3998] DEBUG -- : Scoring new state: {:rating=>9, :state=>{:unknown=>0, :possibly_lighter=>1, :possibly_heavier=>1, :normal=>1}}
D, [2018-03-31T10:06:54.226326 #3998] DEBUG -- : calculating updated score for older state...
D, [2018-03-31T10:06:54.229778 #3998] DEBUG -- : generating weighed rated selections...
D, [2018-03-31T10:06:54.260011 #3998] DEBUG -- : scoring weighed rated selections...
D, [2018-03-31T10:06:54.260117 #3998] DEBUG -- : Saving scored selections...
D, [2018-03-31T10:06:54.265045 #3998] DEBUG -- : State Score successfully calculated


D, [2018-03-31T10:06:54.265130 #3998] DEBUG -- : Saving scored selections...
D, [2018-03-31T10:06:54.340931 #3998] DEBUG -- : calculating updated score for older state...
D, [2018-03-31T10:06:54.344513 #3998] DEBUG -- : generating weighed rated selections...
D, [2018-03-31T10:06:54.357402 #3998] DEBUG -- : scoring weighed rated selections...
D, [2018-03-31T10:06:54.357509 #3998] DEBUG -- : Scoring new state: {:rating=>10, :state=>{:unknown=>1, :possibly_lighter=>0, :possibly_heavier=>0, :normal=>2}}
D, [2018-03-31T10:06:54.360290 #3998] DEBUG -- : calculating updated score for older state...
D, [2018-03-31T10:06:54.363927 #3998] DEBUG -- : generating weighed rated selections...
D, [2018-03-31T10:06:54.383025 #3998] DEBUG -- : scoring weighed rated selections...
D, [2018-03-31T10:06:54.383125 #3998] DEBUG -- : Saving scored selections...
D, [2018-03-31T10:06:54.386290 #3998] DEBUG -- : State Score successfully calculated


D, [2018-03-31T10:06:54.386376 #3998] DEBUG -- : Scoring new state: {:rating=>9, :state=>{:unknown=>0, :possibly_lighter=>1, :possibly_heavier=>1, :normal=>1}}
D, [2018-03-31T10:06:54.388934 #3998] DEBUG -- : calculating updated score for older state...
D, [2018-03-31T10:06:54.392368 #3998] DEBUG -- : generating weighed rated selections...
D, [2018-03-31T10:06:54.423163 #3998] DEBUG -- : scoring weighed rated selections...
D, [2018-03-31T10:06:54.423269 #3998] DEBUG -- : Saving scored selections...
D, [2018-03-31T10:06:54.428084 #3998] DEBUG -- : State Score successfully calculated


D, [2018-03-31T10:06:54.428172 #3998] DEBUG -- : Saving scored selections...
D, [2018-03-31T10:06:54.503932 #3998] DEBUG -- : calculating updated score for older state...
D, [2018-03-31T10:06:54.507528 #3998] DEBUG -- : generating weighed rated selections...
D, [2018-03-31T10:06:54.520516 #3998] DEBUG -- : scoring weighed rated selections...
D, [2018-03-31T10:06:54.520622 #3998] DEBUG -- : Scoring new state: {:rating=>10, :state=>{:unknown=>1, :possibly_lighter=>0, :possibly_heavier=>0, :normal=>2}}
D, [2018-03-31T10:06:54.523464 #3998] DEBUG -- : calculating updated score for older state...
D, [2018-03-31T10:06:54.526948 #3998] DEBUG -- : generating weighed rated selections...
D, [2018-03-31T10:06:54.546936 #3998] DEBUG -- : scoring weighed rated selections...
D, [2018-03-31T10:06:54.547055 #3998] DEBUG -- : Saving scored selections...
D, [2018-03-31T10:06:54.550278 #3998] DEBUG -- : State Score successfully calculated


D, [2018-03-31T10:06:54.550362 #3998] DEBUG -- : Scoring new state: {:rating=>9, :state=>{:unknown=>0, :possibly_lighter=>1, :possibly_heavier=>1, :normal=>1}}
D, [2018-03-31T10:06:54.552939 #3998] DEBUG -- : calculating updated score for older state...
D, [2018-03-31T10:06:54.556370 #3998] DEBUG -- : generating weighed rated selections...
D, [2018-03-31T10:06:54.586429 #3998] DEBUG -- : scoring weighed rated selections...
D, [2018-03-31T10:06:54.586536 #3998] DEBUG -- : Saving scored selections...
D, [2018-03-31T10:06:54.591592 #3998] DEBUG -- : State Score successfully calculated


D, [2018-03-31T10:06:54.591673 #3998] DEBUG -- : Saving scored selections...
D, [2018-03-31T10:06:54.682956 #3998] DEBUG -- : calculating updated score for older state...
D, [2018-03-31T10:06:54.686444 #3998] DEBUG -- : generating weighed rated selections...
D, [2018-03-31T10:06:54.699524 #3998] DEBUG -- : scoring weighed rated selections...
D, [2018-03-31T10:06:54.699634 #3998] DEBUG -- : Scoring new state: {:rating=>10, :state=>{:unknown=>1, :possibly_lighter=>0, :possibly_heavier=>0, :normal=>2}}
D, [2018-03-31T10:06:54.702404 #3998] DEBUG -- : calculating updated score for older state...
D, [2018-03-31T10:06:54.705878 #3998] DEBUG -- : generating weighed rated selections...
D, [2018-03-31T10:06:54.726101 #3998] DEBUG -- : scoring weighed rated selections...
D, [2018-03-31T10:06:54.726197 #3998] DEBUG -- : Saving scored selections...
D, [2018-03-31T10:06:54.729492 #3998] DEBUG -- : State Score successfully calculated


D, [2018-03-31T10:06:54.729580 #3998] DEBUG -- : Scoring new state: {:rating=>9, :state=>{:unknown=>0, :possibly_lighter=>1, :possibly_heavier=>1, :normal=>1}}
D, [2018-03-31T10:06:54.732117 #3998] DEBUG -- : calculating updated score for older state...
D, [2018-03-31T10:06:54.736920 #3998] DEBUG -- : generating weighed rated selections...
D, [2018-03-31T10:06:54.766836 #3998] DEBUG -- : scoring weighed rated selections...
D, [2018-03-31T10:06:54.766938 #3998] DEBUG -- : Saving scored selections...
D, [2018-03-31T10:06:54.771794 #3998] DEBUG -- : State Score successfully calculated


D, [2018-03-31T10:06:54.771879 #3998] DEBUG -- : Saving scored selections...
D, [2018-03-31T10:06:54.848724 #3998] DEBUG -- : calculating updated score for older state...
D, [2018-03-31T10:06:54.852247 #3998] DEBUG -- : generating weighed rated selections...
D, [2018-03-31T10:06:54.865366 #3998] DEBUG -- : scoring weighed rated selections...
D, [2018-03-31T10:06:54.865474 #3998] DEBUG -- : Scoring new state: {:rating=>10, :state=>{:unknown=>1, :possibly_lighter=>0, :possibly_heavier=>0, :normal=>2}}
D, [2018-03-31T10:06:54.869392 #3998] DEBUG -- : calculating updated score for older state...
D, [2018-03-31T10:06:54.874012 #3998] DEBUG -- : generating weighed rated selections...
D, [2018-03-31T10:06:54.894050 #3998] DEBUG -- : scoring weighed rated selections...
D, [2018-03-31T10:06:54.894148 #3998] DEBUG -- : Saving scored selections...
D, [2018-03-31T10:06:54.897550 #3998] DEBUG -- : State Score successfully calculated


D, [2018-03-31T10:06:54.897638 #3998] DEBUG -- : Scoring new state: {:rating=>9, :state=>{:unknown=>0, :possibly_lighter=>1, :possibly_heavier=>1, :normal=>1}}
D, [2018-03-31T10:06:54.900199 #3998] DEBUG -- : calculating updated score for older state...
D, [2018-03-31T10:06:54.903742 #3998] DEBUG -- : generating weighed rated selections...
D, [2018-03-31T10:06:54.933960 #3998] DEBUG -- : scoring weighed rated selections...
D, [2018-03-31T10:06:54.934084 #3998] DEBUG -- : Saving scored selections...
D, [2018-03-31T10:06:54.940477 #3998] DEBUG -- : State Score successfully calculated


D, [2018-03-31T10:06:54.940557 #3998] DEBUG -- : Saving scored selections...
D, [2018-03-31T10:06:55.517717 #3998] DEBUG -- : generating weighed rated selections...
D, [2018-03-31T10:06:55.634893 #3998] DEBUG -- : scoring weighed rated selections...
D, [2018-03-31T10:06:55.635040 #3998] DEBUG -- : Saving scored selections...
D, [2018-03-31T10:06:55.654572 #3998] DEBUG -- : generating weighed rated selections...
D, [2018-03-31T10:06:55.851522 #3998] DEBUG -- : scoring weighed rated selections...
D, [2018-03-31T10:06:55.851667 #3998] DEBUG -- : Saving scored selections...
D, [2018-03-31T10:08:35.762732 #4806] DEBUG -- : calculating updated score for older state...
D, [2018-03-31T10:08:35.766170 #4806] DEBUG -- : generating weighed rated selections...
D, [2018-03-31T10:08:35.778789 #4806] DEBUG -- : scoring weighed rated selections...
D, [2018-03-31T10:08:35.778907 #4806] DEBUG -- : Scoring new state: {:rating=>10, :state=>{:unknown=>1, :possibly_lighter=>0, :possibly_heavier=>0, :normal=>2}}
D, [2018-03-31T10:08:35.781637 #4806] DEBUG -- : calculating updated score for older state...
D, [2018-03-31T10:08:35.785152 #4806] DEBUG -- : generating weighed rated selections...
D, [2018-03-31T10:08:35.804557 #4806] DEBUG -- : scoring weighed rated selections...
D, [2018-03-31T10:08:35.804646 #4806] DEBUG -- : Saving scored selections...
D, [2018-03-31T10:08:35.807976 #4806] DEBUG -- : State Score successfully calculated


D, [2018-03-31T10:08:35.808065 #4806] DEBUG -- : Scoring new state: {:rating=>9, :state=>{:unknown=>0, :possibly_lighter=>1, :possibly_heavier=>1, :normal=>1}}
D, [2018-03-31T10:08:35.810503 #4806] DEBUG -- : calculating updated score for older state...
D, [2018-03-31T10:08:35.813830 #4806] DEBUG -- : generating weighed rated selections...
D, [2018-03-31T10:08:35.843181 #4806] DEBUG -- : scoring weighed rated selections...
D, [2018-03-31T10:08:35.843292 #4806] DEBUG -- : Saving scored selections...
D, [2018-03-31T10:08:35.848016 #4806] DEBUG -- : State Score successfully calculated


D, [2018-03-31T10:08:35.848101 #4806] DEBUG -- : Saving scored selections...
D, [2018-03-31T10:08:35.922685 #4806] DEBUG -- : calculating updated score for older state...
D, [2018-03-31T10:08:35.926235 #4806] DEBUG -- : generating weighed rated selections...
D, [2018-03-31T10:08:35.938975 #4806] DEBUG -- : scoring weighed rated selections...
D, [2018-03-31T10:08:35.939075 #4806] DEBUG -- : Scoring new state: {:rating=>10, :state=>{:unknown=>1, :possibly_lighter=>0, :possibly_heavier=>0, :normal=>2}}
D, [2018-03-31T10:08:35.941838 #4806] DEBUG -- : calculating updated score for older state...
D, [2018-03-31T10:08:35.945258 #4806] DEBUG -- : generating weighed rated selections...
D, [2018-03-31T10:08:35.964672 #4806] DEBUG -- : scoring weighed rated selections...
D, [2018-03-31T10:08:35.964764 #4806] DEBUG -- : Saving scored selections...
D, [2018-03-31T10:08:35.967922 #4806] DEBUG -- : State Score successfully calculated


D, [2018-03-31T10:08:35.968012 #4806] DEBUG -- : Scoring new state: {:rating=>9, :state=>{:unknown=>0, :possibly_lighter=>1, :possibly_heavier=>1, :normal=>1}}
D, [2018-03-31T10:08:35.970486 #4806] DEBUG -- : calculating updated score for older state...
D, [2018-03-31T10:08:35.973819 #4806] DEBUG -- : generating weighed rated selections...
D, [2018-03-31T10:08:36.002742 #4806] DEBUG -- : scoring weighed rated selections...
D, [2018-03-31T10:08:36.002850 #4806] DEBUG -- : Saving scored selections...
D, [2018-03-31T10:08:36.007581 #4806] DEBUG -- : State Score successfully calculated


D, [2018-03-31T10:08:36.007661 #4806] DEBUG -- : Saving scored selections...
D, [2018-03-31T10:08:36.012469 #4806] DEBUG -- : -------> building selection...
D, [2018-03-31T10:08:36.013311 #4806] DEBUG -- : -------> building new state...
D, [2018-03-31T10:08:36.013661 #4806] DEBUG -- : -------> building new state...
D, [2018-03-31T10:08:36.013990 #4806] DEBUG -- : -------> building selection...
D, [2018-03-31T10:08:36.014326 #4806] DEBUG -- : -------> building new state...
D, [2018-03-31T10:08:36.014428 #4806] DEBUG -- : -------> building new state...
D, [2018-03-31T10:08:36.014594 #4806] DEBUG -- : -------> building selection...
D, [2018-03-31T10:08:36.014912 #4806] DEBUG -- : -------> building new state...
D, [2018-03-31T10:08:36.015015 #4806] DEBUG -- : -------> building new state...
D, [2018-03-31T10:08:36.015185 #4806] DEBUG -- : -------> building selection...
D, [2018-03-31T10:08:36.015494 #4806] DEBUG -- : -------> building new state...
D, [2018-03-31T10:08:36.015597 #4806] DEBUG -- : -------> building new state...
D, [2018-03-31T10:08:36.015759 #4806] DEBUG -- : -------> building selection...
D, [2018-03-31T10:08:36.016051 #4806] DEBUG -- : -------> building new state...
D, [2018-03-31T10:08:36.016155 #4806] DEBUG -- : -------> building new state...
D, [2018-03-31T10:08:36.085583 #4806] DEBUG -- : calculating updated score for older state...
D, [2018-03-31T10:08:36.089084 #4806] DEBUG -- : generating weighed rated selections...
D, [2018-03-31T10:08:36.101989 #4806] DEBUG -- : scoring weighed rated selections...
D, [2018-03-31T10:08:36.102097 #4806] DEBUG -- : Scoring new state: {:rating=>10, :state=>{:unknown=>1, :possibly_lighter=>0, :possibly_heavier=>0, :normal=>2}}
D, [2018-03-31T10:08:36.104930 #4806] DEBUG -- : calculating updated score for older state...
D, [2018-03-31T10:08:36.108377 #4806] DEBUG -- : generating weighed rated selections...
D, [2018-03-31T10:08:36.127278 #4806] DEBUG -- : scoring weighed rated selections...
D, [2018-03-31T10:08:36.127369 #4806] DEBUG -- : Saving scored selections...
D, [2018-03-31T10:08:36.130492 #4806] DEBUG -- : State Score successfully calculated


D, [2018-03-31T10:08:36.130576 #4806] DEBUG -- : Scoring new state: {:rating=>9, :state=>{:unknown=>0, :possibly_lighter=>1, :possibly_heavier=>1, :normal=>1}}
D, [2018-03-31T10:08:36.133065 #4806] DEBUG -- : calculating updated score for older state...
D, [2018-03-31T10:08:36.136455 #4806] DEBUG -- : generating weighed rated selections...
D, [2018-03-31T10:08:36.166027 #4806] DEBUG -- : scoring weighed rated selections...
D, [2018-03-31T10:08:36.166124 #4806] DEBUG -- : Saving scored selections...
D, [2018-03-31T10:08:36.170791 #4806] DEBUG -- : State Score successfully calculated


D, [2018-03-31T10:08:36.170878 #4806] DEBUG -- : Saving scored selections...
D, [2018-03-31T10:08:36.175145 #4806] DEBUG -- : -------> building new state...
D, [2018-03-31T10:08:36.175853 #4806] DEBUG -- : -------> building new state...
D, [2018-03-31T10:08:36.252237 #4806] DEBUG -- : calculating updated score for older state...
D, [2018-03-31T10:08:36.255902 #4806] DEBUG -- : generating weighed rated selections...
D, [2018-03-31T10:08:36.268561 #4806] DEBUG -- : scoring weighed rated selections...
D, [2018-03-31T10:08:36.268662 #4806] DEBUG -- : Scoring new state: {:rating=>10, :state=>{:unknown=>1, :possibly_lighter=>0, :possibly_heavier=>0, :normal=>2}}
D, [2018-03-31T10:08:36.271405 #4806] DEBUG -- : calculating updated score for older state...
D, [2018-03-31T10:08:36.274762 #4806] DEBUG -- : generating weighed rated selections...
D, [2018-03-31T10:08:36.294498 #4806] DEBUG -- : scoring weighed rated selections...
D, [2018-03-31T10:08:36.294588 #4806] DEBUG -- : Saving scored selections...
D, [2018-03-31T10:08:36.298073 #4806] DEBUG -- : State Score successfully calculated


D, [2018-03-31T10:08:36.298160 #4806] DEBUG -- : Scoring new state: {:rating=>9, :state=>{:unknown=>0, :possibly_lighter=>1, :possibly_heavier=>1, :normal=>1}}
D, [2018-03-31T10:08:36.300700 #4806] DEBUG -- : calculating updated score for older state...
D, [2018-03-31T10:08:36.304166 #4806] DEBUG -- : generating weighed rated selections...
D, [2018-03-31T10:08:36.333365 #4806] DEBUG -- : scoring weighed rated selections...
D, [2018-03-31T10:08:36.333467 #4806] DEBUG -- : Saving scored selections...
D, [2018-03-31T10:08:36.338093 #4806] DEBUG -- : State Score successfully calculated


D, [2018-03-31T10:08:36.338175 #4806] DEBUG -- : Saving scored selections...
D, [2018-03-31T10:08:36.411942 #4806] DEBUG -- : calculating updated score for older state...
D, [2018-03-31T10:08:36.415556 #4806] DEBUG -- : generating weighed rated selections...
D, [2018-03-31T10:08:36.428206 #4806] DEBUG -- : scoring weighed rated selections...
D, [2018-03-31T10:08:36.428313 #4806] DEBUG -- : Scoring new state: {:rating=>10, :state=>{:unknown=>1, :possibly_lighter=>0, :possibly_heavier=>0, :normal=>2}}
D, [2018-03-31T10:08:36.431191 #4806] DEBUG -- : calculating updated score for older state...
D, [2018-03-31T10:08:36.434606 #4806] DEBUG -- : generating weighed rated selections...
D, [2018-03-31T10:08:36.454293 #4806] DEBUG -- : scoring weighed rated selections...
D, [2018-03-31T10:08:36.454389 #4806] DEBUG -- : Saving scored selections...
D, [2018-03-31T10:08:36.457705 #4806] DEBUG -- : State Score successfully calculated


D, [2018-03-31T10:08:36.457795 #4806] DEBUG -- : Scoring new state: {:rating=>9, :state=>{:unknown=>0, :possibly_lighter=>1, :possibly_heavier=>1, :normal=>1}}
D, [2018-03-31T10:08:36.460315 #4806] DEBUG -- : calculating updated score for older state...
D, [2018-03-31T10:08:36.464009 #4806] DEBUG -- : generating weighed rated selections...
D, [2018-03-31T10:08:36.493829 #4806] DEBUG -- : scoring weighed rated selections...
D, [2018-03-31T10:08:36.493928 #4806] DEBUG -- : Saving scored selections...
D, [2018-03-31T10:08:36.498707 #4806] DEBUG -- : State Score successfully calculated


D, [2018-03-31T10:08:36.498794 #4806] DEBUG -- : Saving scored selections...
D, [2018-03-31T10:08:36.583830 #4806] DEBUG -- : calculating updated score for older state...
D, [2018-03-31T10:08:36.588588 #4806] DEBUG -- : generating weighed rated selections...
D, [2018-03-31T10:08:36.601516 #4806] DEBUG -- : scoring weighed rated selections...
D, [2018-03-31T10:08:36.601620 #4806] DEBUG -- : Scoring new state: {:rating=>10, :state=>{:unknown=>1, :possibly_lighter=>0, :possibly_heavier=>0, :normal=>2}}
D, [2018-03-31T10:08:36.607134 #4806] DEBUG -- : calculating updated score for older state...
D, [2018-03-31T10:08:36.610486 #4806] DEBUG -- : generating weighed rated selections...
D, [2018-03-31T10:08:36.630075 #4806] DEBUG -- : scoring weighed rated selections...
D, [2018-03-31T10:08:36.630172 #4806] DEBUG -- : Saving scored selections...
D, [2018-03-31T10:08:36.633426 #4806] DEBUG -- : State Score successfully calculated


D, [2018-03-31T10:08:36.633510 #4806] DEBUG -- : Scoring new state: {:rating=>9, :state=>{:unknown=>0, :possibly_lighter=>1, :possibly_heavier=>1, :normal=>1}}
D, [2018-03-31T10:08:36.637077 #4806] DEBUG -- : calculating updated score for older state...
D, [2018-03-31T10:08:36.640661 #4806] DEBUG -- : generating weighed rated selections...
D, [2018-03-31T10:08:36.669132 #4806] DEBUG -- : scoring weighed rated selections...
D, [2018-03-31T10:08:36.669228 #4806] DEBUG -- : Saving scored selections...
D, [2018-03-31T10:08:36.675470 #4806] DEBUG -- : State Score successfully calculated


D, [2018-03-31T10:08:36.675544 #4806] DEBUG -- : Saving scored selections...
D, [2018-03-31T10:08:36.750910 #4806] DEBUG -- : calculating updated score for older state...
D, [2018-03-31T10:08:36.754383 #4806] DEBUG -- : generating weighed rated selections...
D, [2018-03-31T10:08:36.767255 #4806] DEBUG -- : scoring weighed rated selections...
D, [2018-03-31T10:08:36.767374 #4806] DEBUG -- : Scoring new state: {:rating=>10, :state=>{:unknown=>1, :possibly_lighter=>0, :possibly_heavier=>0, :normal=>2}}
D, [2018-03-31T10:08:36.770080 #4806] DEBUG -- : calculating updated score for older state...
D, [2018-03-31T10:08:36.773542 #4806] DEBUG -- : generating weighed rated selections...
D, [2018-03-31T10:08:36.793523 #4806] DEBUG -- : scoring weighed rated selections...
D, [2018-03-31T10:08:36.793611 #4806] DEBUG -- : Saving scored selections...
D, [2018-03-31T10:08:36.797174 #4806] DEBUG -- : State Score successfully calculated


D, [2018-03-31T10:08:36.797262 #4806] DEBUG -- : Scoring new state: {:rating=>9, :state=>{:unknown=>0, :possibly_lighter=>1, :possibly_heavier=>1, :normal=>1}}
D, [2018-03-31T10:08:36.799760 #4806] DEBUG -- : calculating updated score for older state...
D, [2018-03-31T10:08:36.803197 #4806] DEBUG -- : generating weighed rated selections...
D, [2018-03-31T10:08:36.833087 #4806] DEBUG -- : scoring weighed rated selections...
D, [2018-03-31T10:08:36.833189 #4806] DEBUG -- : Saving scored selections...
D, [2018-03-31T10:08:36.837883 #4806] DEBUG -- : State Score successfully calculated


D, [2018-03-31T10:08:36.837957 #4806] DEBUG -- : Saving scored selections...
D, [2018-03-31T10:08:36.912404 #4806] DEBUG -- : calculating updated score for older state...
D, [2018-03-31T10:08:36.915911 #4806] DEBUG -- : generating weighed rated selections...
D, [2018-03-31T10:08:36.928741 #4806] DEBUG -- : scoring weighed rated selections...
D, [2018-03-31T10:08:36.928843 #4806] DEBUG -- : Scoring new state: {:rating=>10, :state=>{:unknown=>1, :possibly_lighter=>0, :possibly_heavier=>0, :normal=>2}}
D, [2018-03-31T10:08:36.931543 #4806] DEBUG -- : calculating updated score for older state...
D, [2018-03-31T10:08:36.934923 #4806] DEBUG -- : generating weighed rated selections...
D, [2018-03-31T10:08:36.954201 #4806] DEBUG -- : scoring weighed rated selections...
D, [2018-03-31T10:08:36.954292 #4806] DEBUG -- : Saving scored selections...
D, [2018-03-31T10:08:36.958024 #4806] DEBUG -- : State Score successfully calculated


D, [2018-03-31T10:08:36.958110 #4806] DEBUG -- : Scoring new state: {:rating=>9, :state=>{:unknown=>0, :possibly_lighter=>1, :possibly_heavier=>1, :normal=>1}}
D, [2018-03-31T10:08:36.960640 #4806] DEBUG -- : calculating updated score for older state...
D, [2018-03-31T10:08:36.964005 #4806] DEBUG -- : generating weighed rated selections...
D, [2018-03-31T10:08:36.993263 #4806] DEBUG -- : scoring weighed rated selections...
D, [2018-03-31T10:08:36.993375 #4806] DEBUG -- : Saving scored selections...
D, [2018-03-31T10:08:36.998241 #4806] DEBUG -- : State Score successfully calculated


D, [2018-03-31T10:08:36.998317 #4806] DEBUG -- : Saving scored selections...
D, [2018-03-31T10:08:37.087737 #4806] DEBUG -- : calculating updated score for older state...
D, [2018-03-31T10:08:37.091197 #4806] DEBUG -- : generating weighed rated selections...
D, [2018-03-31T10:08:37.103822 #4806] DEBUG -- : scoring weighed rated selections...
D, [2018-03-31T10:08:37.103942 #4806] DEBUG -- : Scoring new state: {:rating=>10, :state=>{:unknown=>1, :possibly_lighter=>0, :possibly_heavier=>0, :normal=>2}}
D, [2018-03-31T10:08:37.106690 #4806] DEBUG -- : calculating updated score for older state...
D, [2018-03-31T10:08:37.110187 #4806] DEBUG -- : generating weighed rated selections...
D, [2018-03-31T10:08:37.129758 #4806] DEBUG -- : scoring weighed rated selections...
D, [2018-03-31T10:08:37.129864 #4806] DEBUG -- : Saving scored selections...
D, [2018-03-31T10:08:37.133194 #4806] DEBUG -- : State Score successfully calculated


D, [2018-03-31T10:08:37.133273 #4806] DEBUG -- : Scoring new state: {:rating=>9, :state=>{:unknown=>0, :possibly_lighter=>1, :possibly_heavier=>1, :normal=>1}}
D, [2018-03-31T10:08:37.135751 #4806] DEBUG -- : calculating updated score for older state...
D, [2018-03-31T10:08:37.139199 #4806] DEBUG -- : generating weighed rated selections...
D, [2018-03-31T10:08:37.169181 #4806] DEBUG -- : scoring weighed rated selections...
D, [2018-03-31T10:08:37.169274 #4806] DEBUG -- : Saving scored selections...
D, [2018-03-31T10:08:37.174194 #4806] DEBUG -- : State Score successfully calculated


D, [2018-03-31T10:08:37.174269 #4806] DEBUG -- : Saving scored selections...
D, [2018-03-31T10:08:37.253594 #4806] DEBUG -- : calculating updated score for older state...
D, [2018-03-31T10:08:37.280307 #4806] DEBUG -- : generating weighed rated selections...
D, [2018-03-31T10:08:37.293182 #4806] DEBUG -- : scoring weighed rated selections...
D, [2018-03-31T10:08:37.293286 #4806] DEBUG -- : Scoring new state: {:rating=>10, :state=>{:unknown=>1, :possibly_lighter=>0, :possibly_heavier=>0, :normal=>2}}
D, [2018-03-31T10:08:37.297072 #4806] DEBUG -- : calculating updated score for older state...
D, [2018-03-31T10:08:37.300634 #4806] DEBUG -- : generating weighed rated selections...
D, [2018-03-31T10:08:37.320024 #4806] DEBUG -- : scoring weighed rated selections...
D, [2018-03-31T10:08:37.320115 #4806] DEBUG -- : Saving scored selections...
D, [2018-03-31T10:08:37.323399 #4806] DEBUG -- : State Score successfully calculated


D, [2018-03-31T10:08:37.323491 #4806] DEBUG -- : Scoring new state: {:rating=>9, :state=>{:unknown=>0, :possibly_lighter=>1, :possibly_heavier=>1, :normal=>1}}
D, [2018-03-31T10:08:37.326026 #4806] DEBUG -- : calculating updated score for older state...
D, [2018-03-31T10:08:37.329463 #4806] DEBUG -- : generating weighed rated selections...
D, [2018-03-31T10:08:37.359099 #4806] DEBUG -- : scoring weighed rated selections...
D, [2018-03-31T10:08:37.359198 #4806] DEBUG -- : Saving scored selections...
D, [2018-03-31T10:08:37.364014 #4806] DEBUG -- : State Score successfully calculated


D, [2018-03-31T10:08:37.364091 #4806] DEBUG -- : Saving scored selections...
D, [2018-03-31T10:08:37.439122 #4806] DEBUG -- : calculating updated score for older state...
D, [2018-03-31T10:08:37.442611 #4806] DEBUG -- : generating weighed rated selections...
D, [2018-03-31T10:08:37.455431 #4806] DEBUG -- : scoring weighed rated selections...
D, [2018-03-31T10:08:37.455542 #4806] DEBUG -- : Scoring new state: {:rating=>10, :state=>{:unknown=>1, :possibly_lighter=>0, :possibly_heavier=>0, :normal=>2}}
D, [2018-03-31T10:08:37.458257 #4806] DEBUG -- : calculating updated score for older state...
D, [2018-03-31T10:08:37.461672 #4806] DEBUG -- : generating weighed rated selections...
D, [2018-03-31T10:08:37.481368 #4806] DEBUG -- : scoring weighed rated selections...
D, [2018-03-31T10:08:37.481455 #4806] DEBUG -- : Saving scored selections...
D, [2018-03-31T10:08:37.484627 #4806] DEBUG -- : State Score successfully calculated


D, [2018-03-31T10:08:37.484713 #4806] DEBUG -- : Scoring new state: {:rating=>9, :state=>{:unknown=>0, :possibly_lighter=>1, :possibly_heavier=>1, :normal=>1}}
D, [2018-03-31T10:08:37.487237 #4806] DEBUG -- : calculating updated score for older state...
D, [2018-03-31T10:08:37.490692 #4806] DEBUG -- : generating weighed rated selections...
D, [2018-03-31T10:08:37.519744 #4806] DEBUG -- : scoring weighed rated selections...
D, [2018-03-31T10:08:37.521662 #4806] DEBUG -- : Saving scored selections...
D, [2018-03-31T10:08:37.526570 #4806] DEBUG -- : State Score successfully calculated


D, [2018-03-31T10:08:37.526649 #4806] DEBUG -- : Saving scored selections...
D, [2018-03-31T10:08:37.604534 #4806] DEBUG -- : calculating updated score for older state...
D, [2018-03-31T10:08:37.608065 #4806] DEBUG -- : generating weighed rated selections...
D, [2018-03-31T10:08:37.620809 #4806] DEBUG -- : scoring weighed rated selections...
D, [2018-03-31T10:08:37.620935 #4806] DEBUG -- : Scoring new state: {:rating=>10, :state=>{:unknown=>1, :possibly_lighter=>0, :possibly_heavier=>0, :normal=>2}}
D, [2018-03-31T10:08:37.625332 #4806] DEBUG -- : calculating updated score for older state...
D, [2018-03-31T10:08:37.628700 #4806] DEBUG -- : generating weighed rated selections...
D, [2018-03-31T10:08:37.648198 #4806] DEBUG -- : scoring weighed rated selections...
D, [2018-03-31T10:08:37.648285 #4806] DEBUG -- : Saving scored selections...
D, [2018-03-31T10:08:37.651670 #4806] DEBUG -- : State Score successfully calculated


D, [2018-03-31T10:08:37.651760 #4806] DEBUG -- : Scoring new state: {:rating=>9, :state=>{:unknown=>0, :possibly_lighter=>1, :possibly_heavier=>1, :normal=>1}}
D, [2018-03-31T10:08:37.654277 #4806] DEBUG -- : calculating updated score for older state...
D, [2018-03-31T10:08:37.657776 #4806] DEBUG -- : generating weighed rated selections...
D, [2018-03-31T10:08:37.688062 #4806] DEBUG -- : scoring weighed rated selections...
D, [2018-03-31T10:08:37.688174 #4806] DEBUG -- : Saving scored selections...
D, [2018-03-31T10:08:37.693200 #4806] DEBUG -- : State Score successfully calculated


D, [2018-03-31T10:08:37.693283 #4806] DEBUG -- : Saving scored selections...
D, [2018-03-31T10:08:37.768723 #4806] DEBUG -- : calculating updated score for older state...
D, [2018-03-31T10:08:37.772252 #4806] DEBUG -- : generating weighed rated selections...
D, [2018-03-31T10:08:37.785001 #4806] DEBUG -- : scoring weighed rated selections...
D, [2018-03-31T10:08:37.785108 #4806] DEBUG -- : Scoring new state: {:rating=>10, :state=>{:unknown=>1, :possibly_lighter=>0, :possibly_heavier=>0, :normal=>2}}
D, [2018-03-31T10:08:37.787876 #4806] DEBUG -- : calculating updated score for older state...
D, [2018-03-31T10:08:37.791341 #4806] DEBUG -- : generating weighed rated selections...
D, [2018-03-31T10:08:37.811059 #4806] DEBUG -- : scoring weighed rated selections...
D, [2018-03-31T10:08:37.811155 #4806] DEBUG -- : Saving scored selections...
D, [2018-03-31T10:08:37.814570 #4806] DEBUG -- : State Score successfully calculated


D, [2018-03-31T10:08:37.814663 #4806] DEBUG -- : Scoring new state: {:rating=>9, :state=>{:unknown=>0, :possibly_lighter=>1, :possibly_heavier=>1, :normal=>1}}
D, [2018-03-31T10:08:37.817207 #4806] DEBUG -- : calculating updated score for older state...
D, [2018-03-31T10:08:37.821146 #4806] DEBUG -- : generating weighed rated selections...
D, [2018-03-31T10:08:37.850680 #4806] DEBUG -- : scoring weighed rated selections...
D, [2018-03-31T10:08:37.850793 #4806] DEBUG -- : Saving scored selections...
D, [2018-03-31T10:08:37.855720 #4806] DEBUG -- : State Score successfully calculated


D, [2018-03-31T10:08:37.855801 #4806] DEBUG -- : Saving scored selections...
D, [2018-03-31T10:08:37.949085 #4806] DEBUG -- : calculating updated score for older state...
D, [2018-03-31T10:08:37.952553 #4806] DEBUG -- : generating weighed rated selections...
D, [2018-03-31T10:08:37.965322 #4806] DEBUG -- : scoring weighed rated selections...
D, [2018-03-31T10:08:37.965462 #4806] DEBUG -- : Scoring new state: {:rating=>10, :state=>{:unknown=>1, :possibly_lighter=>0, :possibly_heavier=>0, :normal=>2}}
D, [2018-03-31T10:08:37.968275 #4806] DEBUG -- : calculating updated score for older state...
D, [2018-03-31T10:08:37.971794 #4806] DEBUG -- : generating weighed rated selections...
D, [2018-03-31T10:08:37.991329 #4806] DEBUG -- : scoring weighed rated selections...
D, [2018-03-31T10:08:37.991421 #4806] DEBUG -- : Saving scored selections...
D, [2018-03-31T10:08:37.995581 #4806] DEBUG -- : State Score successfully calculated


D, [2018-03-31T10:08:37.995666 #4806] DEBUG -- : Scoring new state: {:rating=>9, :state=>{:unknown=>0, :possibly_lighter=>1, :possibly_heavier=>1, :normal=>1}}
D, [2018-03-31T10:08:37.998283 #4806] DEBUG -- : calculating updated score for older state...
D, [2018-03-31T10:08:38.001721 #4806] DEBUG -- : generating weighed rated selections...
D, [2018-03-31T10:08:38.031736 #4806] DEBUG -- : scoring weighed rated selections...
D, [2018-03-31T10:08:38.031838 #4806] DEBUG -- : Saving scored selections...
D, [2018-03-31T10:08:38.036571 #4806] DEBUG -- : State Score successfully calculated


D, [2018-03-31T10:08:38.036652 #4806] DEBUG -- : Saving scored selections...
D, [2018-03-31T10:08:38.115341 #4806] DEBUG -- : calculating updated score for older state...
D, [2018-03-31T10:08:38.119014 #4806] DEBUG -- : generating weighed rated selections...
D, [2018-03-31T10:08:38.132045 #4806] DEBUG -- : scoring weighed rated selections...
D, [2018-03-31T10:08:38.132152 #4806] DEBUG -- : Scoring new state: {:rating=>10, :state=>{:unknown=>1, :possibly_lighter=>0, :possibly_heavier=>0, :normal=>2}}
D, [2018-03-31T10:08:38.135144 #4806] DEBUG -- : calculating updated score for older state...
D, [2018-03-31T10:08:38.138640 #4806] DEBUG -- : generating weighed rated selections...
D, [2018-03-31T10:08:38.158637 #4806] DEBUG -- : scoring weighed rated selections...
D, [2018-03-31T10:08:38.158733 #4806] DEBUG -- : Saving scored selections...
D, [2018-03-31T10:08:38.162139 #4806] DEBUG -- : State Score successfully calculated


D, [2018-03-31T10:08:38.162226 #4806] DEBUG -- : Scoring new state: {:rating=>9, :state=>{:unknown=>0, :possibly_lighter=>1, :possibly_heavier=>1, :normal=>1}}
D, [2018-03-31T10:08:38.164778 #4806] DEBUG -- : calculating updated score for older state...
D, [2018-03-31T10:08:38.168258 #4806] DEBUG -- : generating weighed rated selections...
D, [2018-03-31T10:08:38.198560 #4806] DEBUG -- : scoring weighed rated selections...
D, [2018-03-31T10:08:38.198661 #4806] DEBUG -- : Saving scored selections...
D, [2018-03-31T10:08:38.203399 #4806] DEBUG -- : State Score successfully calculated


D, [2018-03-31T10:08:38.203480 #4806] DEBUG -- : Saving scored selections...
D, [2018-03-31T10:08:38.278505 #4806] DEBUG -- : calculating updated score for older state...
D, [2018-03-31T10:08:38.283188 #4806] DEBUG -- : generating weighed rated selections...
D, [2018-03-31T10:08:38.295780 #4806] DEBUG -- : scoring weighed rated selections...
D, [2018-03-31T10:08:38.295878 #4806] DEBUG -- : Scoring new state: {:rating=>10, :state=>{:unknown=>1, :possibly_lighter=>0, :possibly_heavier=>0, :normal=>2}}
D, [2018-03-31T10:08:38.300028 #4806] DEBUG -- : calculating updated score for older state...
D, [2018-03-31T10:08:38.303484 #4806] DEBUG -- : generating weighed rated selections...
D, [2018-03-31T10:08:38.322668 #4806] DEBUG -- : scoring weighed rated selections...
D, [2018-03-31T10:08:38.322760 #4806] DEBUG -- : Saving scored selections...
D, [2018-03-31T10:08:38.325938 #4806] DEBUG -- : State Score successfully calculated


D, [2018-03-31T10:08:38.326025 #4806] DEBUG -- : Scoring new state: {:rating=>9, :state=>{:unknown=>0, :possibly_lighter=>1, :possibly_heavier=>1, :normal=>1}}
D, [2018-03-31T10:08:38.328548 #4806] DEBUG -- : calculating updated score for older state...
D, [2018-03-31T10:08:38.333191 #4806] DEBUG -- : generating weighed rated selections...
D, [2018-03-31T10:08:38.362619 #4806] DEBUG -- : scoring weighed rated selections...
D, [2018-03-31T10:08:38.362718 #4806] DEBUG -- : Saving scored selections...
D, [2018-03-31T10:08:38.367617 #4806] DEBUG -- : State Score successfully calculated


D, [2018-03-31T10:08:38.367700 #4806] DEBUG -- : Saving scored selections...
D, [2018-03-31T10:08:38.441294 #4806] DEBUG -- : calculating updated score for older state...
D, [2018-03-31T10:08:38.444868 #4806] DEBUG -- : generating weighed rated selections...
D, [2018-03-31T10:08:38.457571 #4806] DEBUG -- : scoring weighed rated selections...
D, [2018-03-31T10:08:38.457722 #4806] DEBUG -- : Scoring new state: {:rating=>10, :state=>{:unknown=>1, :possibly_lighter=>0, :possibly_heavier=>0, :normal=>2}}
D, [2018-03-31T10:08:38.461610 #4806] DEBUG -- : calculating updated score for older state...
D, [2018-03-31T10:08:38.465092 #4806] DEBUG -- : generating weighed rated selections...
D, [2018-03-31T10:08:38.484818 #4806] DEBUG -- : scoring weighed rated selections...
D, [2018-03-31T10:08:38.484930 #4806] DEBUG -- : Saving scored selections...
D, [2018-03-31T10:08:38.488150 #4806] DEBUG -- : State Score successfully calculated


D, [2018-03-31T10:08:38.488235 #4806] DEBUG -- : Scoring new state: {:rating=>9, :state=>{:unknown=>0, :possibly_lighter=>1, :possibly_heavier=>1, :normal=>1}}
D, [2018-03-31T10:08:38.491104 #4806] DEBUG -- : calculating updated score for older state...
D, [2018-03-31T10:08:38.494696 #4806] DEBUG -- : generating weighed rated selections...
D, [2018-03-31T10:08:38.526022 #4806] DEBUG -- : scoring weighed rated selections...
D, [2018-03-31T10:08:38.526148 #4806] DEBUG -- : Saving scored selections...
D, [2018-03-31T10:08:38.531085 #4806] DEBUG -- : State Score successfully calculated


D, [2018-03-31T10:08:38.531159 #4806] DEBUG -- : Saving scored selections...
D, [2018-03-31T10:08:38.602712 #4806] DEBUG -- : Scoring new state: {:rating=>31, :state=>{:unknown=>0, :possibly_lighter=>1, :possibly_heavier=>2, :normal=>5}}
D, [2018-03-31T10:08:38.605525 #4806] DEBUG -- : generating score for new state...
D, [2018-03-31T10:08:38.609078 #4806] DEBUG -- : new state info recorded
D, [2018-03-31T10:08:38.612515 #4806] DEBUG -- : generating weighed rated selections...
D, [2018-03-31T10:08:38.825082 #4806] DEBUG -- : scoring weighed rated selections...
D, [2018-03-31T10:08:38.825225 #4806] DEBUG -- : Saving scored selections...
D, [2018-03-31T10:08:38.833878 #4806] DEBUG -- : State Score successfully calculated


D, [2018-03-31T10:08:38.833963 #4806] DEBUG -- : Scoring new state: {:rating=>34, :state=>{:unknown=>0, :possibly_lighter=>1, :possibly_heavier=>1, :normal=>6}}
D, [2018-03-31T10:08:38.836562 #4806] DEBUG -- : calculating updated score for older state...
D, [2018-03-31T10:08:38.840051 #4806] DEBUG -- : generating weighed rated selections...
D, [2018-03-31T10:08:38.944289 #4806] DEBUG -- : scoring weighed rated selections...
D, [2018-03-31T10:08:38.944430 #4806] DEBUG -- : Saving scored selections...
D, [2018-03-31T10:08:38.960297 #4806] DEBUG -- : State Score successfully calculated


D, [2018-03-31T10:08:38.960388 #4806] DEBUG -- : Scoring new state: {:rating=>31, :state=>{:unknown=>0, :possibly_lighter=>2, :possibly_heavier=>1, :normal=>5}}
D, [2018-03-31T10:08:38.962923 #4806] DEBUG -- : generating score for new state...
D, [2018-03-31T10:08:38.967039 #4806] DEBUG -- : new state info recorded
D, [2018-03-31T10:08:38.971557 #4806] DEBUG -- : generating weighed rated selections...
D, [2018-03-31T10:08:39.170293 #4806] DEBUG -- : scoring weighed rated selections...
D, [2018-03-31T10:08:39.170455 #4806] DEBUG -- : Saving scored selections...
D, [2018-03-31T10:08:39.178778 #4806] DEBUG -- : State Score successfully calculated


D, [2018-03-31T10:08:39.243892 #4806] DEBUG -- : Scoring new state: {:rating=>34, :state=>{:unknown=>0, :possibly_lighter=>1, :possibly_heavier=>1, :normal=>6}}
D, [2018-03-31T10:08:39.246656 #4806] DEBUG -- : generating score for new state...
D, [2018-03-31T10:08:39.250221 #4806] DEBUG -- : new state info recorded
D, [2018-03-31T10:08:39.253622 #4806] DEBUG -- : generating weighed rated selections...
D, [2018-03-31T10:08:39.370134 #4806] DEBUG -- : scoring weighed rated selections...
D, [2018-03-31T10:08:39.370267 #4806] DEBUG -- : Saving scored selections...
D, [2018-03-31T10:08:39.386113 #4806] DEBUG -- : State Score successfully calculated


D, [2018-03-31T10:08:39.386223 #4806] DEBUG -- : Scoring new state: {:rating=>31, :state=>{:unknown=>0, :possibly_lighter=>1, :possibly_heavier=>2, :normal=>5}}
D, [2018-03-31T10:08:39.388750 #4806] DEBUG -- : generating score for new state...
D, [2018-03-31T10:08:39.392188 #4806] DEBUG -- : new state info recorded
D, [2018-03-31T10:08:39.395593 #4806] DEBUG -- : generating weighed rated selections...
D, [2018-03-31T10:08:39.586453 #4806] DEBUG -- : scoring weighed rated selections...
D, [2018-03-31T10:08:39.586589 #4806] DEBUG -- : Saving scored selections...
D, [2018-03-31T10:08:39.593797 #4806] DEBUG -- : State Score successfully calculated


D, [2018-03-31T10:08:39.593885 #4806] DEBUG -- : Scoring new state: {:rating=>34, :state=>{:unknown=>0, :possibly_lighter=>1, :possibly_heavier=>1, :normal=>6}}
D, [2018-03-31T10:08:39.596422 #4806] DEBUG -- : returning fully calculated score...
D, [2018-03-31T10:08:39.596482 #4806] DEBUG -- : State Score successfully calculated


D, [2018-03-31T10:08:39.596516 #4806] DEBUG -- : Scoring new state: {:rating=>31, :state=>{:unknown=>0, :possibly_lighter=>2, :possibly_heavier=>1, :normal=>5}}
D, [2018-03-31T10:08:39.599043 #4806] DEBUG -- : generating score for new state...
D, [2018-03-31T10:08:39.602478 #4806] DEBUG -- : new state info recorded
D, [2018-03-31T10:08:39.605794 #4806] DEBUG -- : generating weighed rated selections...
D, [2018-03-31T10:08:39.803138 #4806] DEBUG -- : scoring weighed rated selections...
D, [2018-03-31T10:08:39.803274 #4806] DEBUG -- : Saving scored selections...
D, [2018-03-31T10:08:39.810423 #4806] DEBUG -- : State Score successfully calculated


D, [2018-03-31T10:08:39.875580 #4806] DEBUG -- : Scoring new state: {:rating=>29, :state=>{:unknown=>1, :possibly_lighter=>2, :possibly_heavier=>0, :normal=>5}}
D, [2018-03-31T10:08:39.878302 #4806] DEBUG -- : generating score for new state...
D, [2018-03-31T10:08:39.881823 #4806] DEBUG -- : new state info recorded
D, [2018-03-31T10:08:39.885158 #4806] DEBUG -- : generating weighed rated selections...
D, [2018-03-31T10:08:40.122848 #4806] DEBUG -- : scoring weighed rated selections...
D, [2018-03-31T10:08:40.123008 #4806] DEBUG -- : Scoring new state: {:rating=>35, :state=>{:unknown=>1, :possibly_lighter=>0, :possibly_heavier=>0, :normal=>7}}
D, [2018-03-31T10:08:40.125941 #4806] DEBUG -- : calculating updated score for older state...
D, [2018-03-31T10:08:40.129491 #4806] DEBUG -- : generating weighed rated selections...
D, [2018-03-31T10:08:40.178021 #4806] DEBUG -- : scoring weighed rated selections...
D, [2018-03-31T10:08:40.178134 #4806] DEBUG -- : Saving scored selections...
D, [2018-03-31T10:08:40.185839 #4806] DEBUG -- : State Score successfully calculated


D, [2018-03-31T10:08:40.185928 #4806] DEBUG -- : Scoring new state: {:rating=>37, :state=>{:unknown=>0, :possibly_lighter=>1, :possibly_heavier=>0, :normal=>7}}
D, [2018-03-31T10:08:40.185953 #4806] DEBUG -- : State Score successfully calculated


D, [2018-03-31T10:08:40.185991 #4806] DEBUG -- : Scoring new state: {:rating=>35, :state=>{:unknown=>1, :possibly_lighter=>0, :possibly_heavier=>0, :normal=>7}}
D, [2018-03-31T10:08:40.188484 #4806] DEBUG -- : returning fully calculated score...
D, [2018-03-31T10:08:40.188536 #4806] DEBUG -- : State Score successfully calculated


D, [2018-03-31T10:08:40.188569 #4806] DEBUG -- : Scoring new state: {:rating=>37, :state=>{:unknown=>0, :possibly_lighter=>1, :possibly_heavier=>0, :normal=>7}}
D, [2018-03-31T10:08:40.188590 #4806] DEBUG -- : State Score successfully calculated


D, [2018-03-31T10:08:40.188623 #4806] DEBUG -- : Scoring new state: {:rating=>35, :state=>{:unknown=>1, :possibly_lighter=>0, :possibly_heavier=>0, :normal=>7}}
D, [2018-03-31T10:08:40.191099 #4806] DEBUG -- : returning fully calculated score...
D, [2018-03-31T10:08:40.191156 #4806] DEBUG -- : State Score successfully calculated


D, [2018-03-31T10:08:40.191192 #4806] DEBUG -- : Scoring new state: {:rating=>37, :state=>{:unknown=>0, :possibly_lighter=>1, :possibly_heavier=>0, :normal=>7}}
D, [2018-03-31T10:08:40.191216 #4806] DEBUG -- : State Score successfully calculated


D, [2018-03-31T10:08:40.191249 #4806] DEBUG -- : Scoring new state: {:rating=>37, :state=>{:unknown=>0, :possibly_lighter=>0, :possibly_heavier=>1, :normal=>7}}
D, [2018-03-31T10:08:40.191269 #4806] DEBUG -- : State Score successfully calculated


D, [2018-03-31T10:08:40.191294 #4806] DEBUG -- : Scoring new state: {:rating=>37, :state=>{:unknown=>0, :possibly_lighter=>1, :possibly_heavier=>0, :normal=>7}}
D, [2018-03-31T10:08:40.191313 #4806] DEBUG -- : State Score successfully calculated


D, [2018-03-31T10:08:40.191338 #4806] DEBUG -- : Scoring new state: {:rating=>34, :state=>{:unknown=>0, :possibly_lighter=>2, :possibly_heavier=>0, :normal=>6}}
D, [2018-03-31T10:08:40.193710 #4806] DEBUG -- : calculating updated score for older state...
D, [2018-03-31T10:08:40.197056 #4806] DEBUG -- : generating weighed rated selections...
D, [2018-03-31T10:08:40.239718 #4806] DEBUG -- : scoring weighed rated selections...
D, [2018-03-31T10:08:40.239839 #4806] DEBUG -- : Saving scored selections...
D, [2018-03-31T10:08:40.248958 #4806] DEBUG -- : State Score successfully calculated


D, [2018-03-31T10:08:40.249056 #4806] DEBUG -- : Scoring new state: {:rating=>34, :state=>{:unknown=>0, :possibly_lighter=>1, :possibly_heavier=>1, :normal=>6}}
D, [2018-03-31T10:08:40.251577 #4806] DEBUG -- : calculating updated score for older state...
D, [2018-03-31T10:08:40.255061 #4806] DEBUG -- : generating weighed rated selections...
D, [2018-03-31T10:08:40.360517 #4806] DEBUG -- : scoring weighed rated selections...
D, [2018-03-31T10:08:40.360674 #4806] DEBUG -- : Saving scored selections...
D, [2018-03-31T10:08:40.376091 #4806] DEBUG -- : State Score successfully calculated


D, [2018-03-31T10:08:40.376186 #4806] DEBUG -- : Scoring new state: {:rating=>37, :state=>{:unknown=>0, :possibly_lighter=>1, :possibly_heavier=>0, :normal=>7}}
D, [2018-03-31T10:08:40.376211 #4806] DEBUG -- : State Score successfully calculated


D, [2018-03-31T10:08:40.376246 #4806] DEBUG -- : Scoring new state: {:rating=>37, :state=>{:unknown=>0, :possibly_lighter=>0, :possibly_heavier=>1, :normal=>7}}
D, [2018-03-31T10:08:40.376267 #4806] DEBUG -- : State Score successfully calculated


D, [2018-03-31T10:08:40.376293 #4806] DEBUG -- : Scoring new state: {:rating=>37, :state=>{:unknown=>0, :possibly_lighter=>1, :possibly_heavier=>0, :normal=>7}}
D, [2018-03-31T10:08:40.376321 #4806] DEBUG -- : State Score successfully calculated


D, [2018-03-31T10:08:40.376345 #4806] DEBUG -- : Scoring new state: {:rating=>34, :state=>{:unknown=>0, :possibly_lighter=>2, :possibly_heavier=>0, :normal=>6}}
D, [2018-03-31T10:08:40.378927 #4806] DEBUG -- : returning fully calculated score...
D, [2018-03-31T10:08:40.378984 #4806] DEBUG -- : State Score successfully calculated


D, [2018-03-31T10:08:40.379027 #4806] DEBUG -- : Scoring new state: {:rating=>34, :state=>{:unknown=>0, :possibly_lighter=>1, :possibly_heavier=>1, :normal=>6}}
D, [2018-03-31T10:08:40.381481 #4806] DEBUG -- : returning fully calculated score...
D, [2018-03-31T10:08:40.381537 #4806] DEBUG -- : State Score successfully calculated


D, [2018-03-31T10:08:40.381571 #4806] DEBUG -- : Scoring new state: {:rating=>37, :state=>{:unknown=>0, :possibly_lighter=>1, :possibly_heavier=>0, :normal=>7}}
D, [2018-03-31T10:08:40.381593 #4806] DEBUG -- : State Score successfully calculated


D, [2018-03-31T10:08:40.381627 #4806] DEBUG -- : Scoring new state: {:rating=>37, :state=>{:unknown=>0, :possibly_lighter=>0, :possibly_heavier=>1, :normal=>7}}
D, [2018-03-31T10:08:40.381647 #4806] DEBUG -- : State Score successfully calculated


D, [2018-03-31T10:08:40.381672 #4806] DEBUG -- : Scoring new state: {:rating=>37, :state=>{:unknown=>0, :possibly_lighter=>1, :possibly_heavier=>0, :normal=>7}}
D, [2018-03-31T10:08:40.381692 #4806] DEBUG -- : State Score successfully calculated


D, [2018-03-31T10:08:40.381736 #4806] DEBUG -- : Scoring new state: {:rating=>34, :state=>{:unknown=>0, :possibly_lighter=>2, :possibly_heavier=>0, :normal=>6}}
D, [2018-03-31T10:08:40.384130 #4806] DEBUG -- : returning fully calculated score...
D, [2018-03-31T10:08:40.384199 #4806] DEBUG -- : State Score successfully calculated


D, [2018-03-31T10:08:40.384247 #4806] DEBUG -- : Scoring new state: {:rating=>35, :state=>{:unknown=>1, :possibly_lighter=>0, :possibly_heavier=>0, :normal=>7}}
D, [2018-03-31T10:08:40.386699 #4806] DEBUG -- : returning fully calculated score...
D, [2018-03-31T10:08:40.386753 #4806] DEBUG -- : State Score successfully calculated


D, [2018-03-31T10:08:40.386786 #4806] DEBUG -- : Scoring new state: {:rating=>34, :state=>{:unknown=>0, :possibly_lighter=>2, :possibly_heavier=>0, :normal=>6}}
D, [2018-03-31T10:08:40.389211 #4806] DEBUG -- : returning fully calculated score...
D, [2018-03-31T10:08:40.389277 #4806] DEBUG -- : State Score successfully calculated


D, [2018-03-31T10:08:40.389341 #4806] DEBUG -- : Scoring new state: {:rating=>37, :state=>{:unknown=>0, :possibly_lighter=>0, :possibly_heavier=>1, :normal=>7}}
D, [2018-03-31T10:08:40.389364 #4806] DEBUG -- : State Score successfully calculated


D, [2018-03-31T10:08:40.389391 #4806] DEBUG -- : Scoring new state: {:rating=>34, :state=>{:unknown=>0, :possibly_lighter=>2, :possibly_heavier=>0, :normal=>6}}
D, [2018-03-31T10:08:40.391766 #4806] DEBUG -- : returning fully calculated score...
D, [2018-03-31T10:08:40.391833 #4806] DEBUG -- : State Score successfully calculated


D, [2018-03-31T10:08:40.391868 #4806] DEBUG -- : Scoring new state: {:rating=>37, :state=>{:unknown=>0, :possibly_lighter=>1, :possibly_heavier=>0, :normal=>7}}
D, [2018-03-31T10:08:40.391892 #4806] DEBUG -- : State Score successfully calculated


D, [2018-03-31T10:08:40.391935 #4806] DEBUG -- : Scoring new state: {:rating=>34, :state=>{:unknown=>0, :possibly_lighter=>1, :possibly_heavier=>1, :normal=>6}}
D, [2018-03-31T10:08:40.394333 #4806] DEBUG -- : returning fully calculated score...
D, [2018-03-31T10:08:40.394394 #4806] DEBUG -- : State Score successfully calculated


D, [2018-03-31T10:08:40.394426 #4806] DEBUG -- : Scoring new state: {:rating=>37, :state=>{:unknown=>0, :possibly_lighter=>1, :possibly_heavier=>0, :normal=>7}}
D, [2018-03-31T10:08:40.394450 #4806] DEBUG -- : State Score successfully calculated


D, [2018-03-31T10:08:40.394484 #4806] DEBUG -- : Scoring new state: {:rating=>34, :state=>{:unknown=>0, :possibly_lighter=>1, :possibly_heavier=>1, :normal=>6}}
D, [2018-03-31T10:08:40.396860 #4806] DEBUG -- : returning fully calculated score...
D, [2018-03-31T10:08:40.396932 #4806] DEBUG -- : State Score successfully calculated


D, [2018-03-31T10:08:40.396992 #4806] DEBUG -- : Scoring new state: {:rating=>34, :state=>{:unknown=>0, :possibly_lighter=>2, :possibly_heavier=>0, :normal=>6}}
D, [2018-03-31T10:08:40.399363 #4806] DEBUG -- : returning fully calculated score...
D, [2018-03-31T10:08:40.399426 #4806] DEBUG -- : State Score successfully calculated


D, [2018-03-31T10:08:40.399472 #4806] DEBUG -- : Scoring new state: {:rating=>37, :state=>{:unknown=>0, :possibly_lighter=>0, :possibly_heavier=>1, :normal=>7}}
D, [2018-03-31T10:08:40.399496 #4806] DEBUG -- : State Score successfully calculated


D, [2018-03-31T10:08:40.399523 #4806] DEBUG -- : Scoring new state: {:rating=>37, :state=>{:unknown=>0, :possibly_lighter=>1, :possibly_heavier=>0, :normal=>7}}
D, [2018-03-31T10:08:40.399543 #4806] DEBUG -- : State Score successfully calculated


D, [2018-03-31T10:08:40.399569 #4806] DEBUG -- : Scoring new state: {:rating=>34, :state=>{:unknown=>0, :possibly_lighter=>2, :possibly_heavier=>0, :normal=>6}}
D, [2018-03-31T10:08:40.401936 #4806] DEBUG -- : returning fully calculated score...
D, [2018-03-31T10:08:40.401996 #4806] DEBUG -- : State Score successfully calculated


D, [2018-03-31T10:08:40.402038 #4806] DEBUG -- : Scoring new state: {:rating=>34, :state=>{:unknown=>0, :possibly_lighter=>1, :possibly_heavier=>1, :normal=>6}}
D, [2018-03-31T10:08:40.404406 #4806] DEBUG -- : returning fully calculated score...
D, [2018-03-31T10:08:40.404468 #4806] DEBUG -- : State Score successfully calculated


D, [2018-03-31T10:08:40.404503 #4806] DEBUG -- : Scoring new state: {:rating=>37, :state=>{:unknown=>0, :possibly_lighter=>1, :possibly_heavier=>0, :normal=>7}}
D, [2018-03-31T10:08:40.404526 #4806] DEBUG -- : State Score successfully calculated


D, [2018-03-31T10:08:40.404560 #4806] DEBUG -- : Scoring new state: {:rating=>35, :state=>{:unknown=>1, :possibly_lighter=>0, :possibly_heavier=>0, :normal=>7}}
D, [2018-03-31T10:08:40.407000 #4806] DEBUG -- : returning fully calculated score...
D, [2018-03-31T10:08:40.407061 #4806] DEBUG -- : State Score successfully calculated


D, [2018-03-31T10:08:40.407098 #4806] DEBUG -- : Scoring new state: {:rating=>34, :state=>{:unknown=>0, :possibly_lighter=>2, :possibly_heavier=>0, :normal=>6}}
D, [2018-03-31T10:08:40.409489 #4806] DEBUG -- : returning fully calculated score...
D, [2018-03-31T10:08:40.409573 #4806] DEBUG -- : State Score successfully calculated


D, [2018-03-31T10:08:40.409615 #4806] DEBUG -- : Scoring new state: {:rating=>37, :state=>{:unknown=>0, :possibly_lighter=>0, :possibly_heavier=>1, :normal=>7}}
D, [2018-03-31T10:08:40.409636 #4806] DEBUG -- : State Score successfully calculated


D, [2018-03-31T10:08:40.409662 #4806] DEBUG -- : Scoring new state: {:rating=>34, :state=>{:unknown=>0, :possibly_lighter=>2, :possibly_heavier=>0, :normal=>6}}
D, [2018-03-31T10:08:40.412070 #4806] DEBUG -- : returning fully calculated score...
D, [2018-03-31T10:08:40.412131 #4806] DEBUG -- : State Score successfully calculated


D, [2018-03-31T10:08:40.412164 #4806] DEBUG -- : Scoring new state: {:rating=>37, :state=>{:unknown=>0, :possibly_lighter=>1, :possibly_heavier=>0, :normal=>7}}
D, [2018-03-31T10:08:40.412188 #4806] DEBUG -- : State Score successfully calculated


D, [2018-03-31T10:08:40.412223 #4806] DEBUG -- : Scoring new state: {:rating=>34, :state=>{:unknown=>0, :possibly_lighter=>1, :possibly_heavier=>1, :normal=>6}}
D, [2018-03-31T10:08:40.414607 #4806] DEBUG -- : returning fully calculated score...
D, [2018-03-31T10:08:40.414667 #4806] DEBUG -- : State Score successfully calculated


D, [2018-03-31T10:08:40.414700 #4806] DEBUG -- : Scoring new state: {:rating=>34, :state=>{:unknown=>0, :possibly_lighter=>2, :possibly_heavier=>0, :normal=>6}}
D, [2018-03-31T10:08:40.417071 #4806] DEBUG -- : returning fully calculated score...
D, [2018-03-31T10:08:40.417133 #4806] DEBUG -- : State Score successfully calculated


D, [2018-03-31T10:08:40.417178 #4806] DEBUG -- : Scoring new state: {:rating=>37, :state=>{:unknown=>0, :possibly_lighter=>0, :possibly_heavier=>1, :normal=>7}}
D, [2018-03-31T10:08:40.417212 #4806] DEBUG -- : State Score successfully calculated


D, [2018-03-31T10:08:40.417239 #4806] DEBUG -- : Scoring new state: {:rating=>37, :state=>{:unknown=>0, :possibly_lighter=>1, :possibly_heavier=>0, :normal=>7}}
D, [2018-03-31T10:08:40.417274 #4806] DEBUG -- : State Score successfully calculated


D, [2018-03-31T10:08:40.417300 #4806] DEBUG -- : Scoring new state: {:rating=>34, :state=>{:unknown=>0, :possibly_lighter=>2, :possibly_heavier=>0, :normal=>6}}
D, [2018-03-31T10:08:40.419682 #4806] DEBUG -- : returning fully calculated score...
D, [2018-03-31T10:08:40.419745 #4806] DEBUG -- : State Score successfully calculated


D, [2018-03-31T10:08:40.419788 #4806] DEBUG -- : Scoring new state: {:rating=>35, :state=>{:unknown=>1, :possibly_lighter=>0, :possibly_heavier=>0, :normal=>7}}
D, [2018-03-31T10:08:40.422214 #4806] DEBUG -- : returning fully calculated score...
D, [2018-03-31T10:08:40.422276 #4806] DEBUG -- : State Score successfully calculated


D, [2018-03-31T10:08:40.422329 #4806] DEBUG -- : Scoring new state: {:rating=>34, :state=>{:unknown=>0, :possibly_lighter=>2, :possibly_heavier=>0, :normal=>6}}
D, [2018-03-31T10:08:40.424822 #4806] DEBUG -- : returning fully calculated score...
D, [2018-03-31T10:08:40.424880 #4806] DEBUG -- : State Score successfully calculated


D, [2018-03-31T10:08:40.424925 #4806] DEBUG -- : Scoring new state: {:rating=>37, :state=>{:unknown=>0, :possibly_lighter=>0, :possibly_heavier=>1, :normal=>7}}
D, [2018-03-31T10:08:40.424947 #4806] DEBUG -- : State Score successfully calculated


D, [2018-03-31T10:08:40.424974 #4806] DEBUG -- : Scoring new state: {:rating=>34, :state=>{:unknown=>0, :possibly_lighter=>2, :possibly_heavier=>0, :normal=>6}}
D, [2018-03-31T10:08:40.427473 #4806] DEBUG -- : returning fully calculated score...
D, [2018-03-31T10:08:40.427537 #4806] DEBUG -- : State Score successfully calculated


D, [2018-03-31T10:08:40.427569 #4806] DEBUG -- : Scoring new state: {:rating=>37, :state=>{:unknown=>0, :possibly_lighter=>1, :possibly_heavier=>0, :normal=>7}}
D, [2018-03-31T10:08:40.427590 #4806] DEBUG -- : State Score successfully calculated


D, [2018-03-31T10:08:40.427625 #4806] DEBUG -- : Scoring new state: {:rating=>34, :state=>{:unknown=>0, :possibly_lighter=>1, :possibly_heavier=>1, :normal=>6}}
D, [2018-03-31T10:08:40.429981 #4806] DEBUG -- : returning fully calculated score...
D, [2018-03-31T10:08:40.430045 #4806] DEBUG -- : State Score successfully calculated


D, [2018-03-31T10:08:40.430088 #4806] DEBUG -- : Scoring new state: {:rating=>37, :state=>{:unknown=>0, :possibly_lighter=>1, :possibly_heavier=>0, :normal=>7}}
D, [2018-03-31T10:08:40.430110 #4806] DEBUG -- : State Score successfully calculated


D, [2018-03-31T10:08:40.430144 #4806] DEBUG -- : Scoring new state: {:rating=>34, :state=>{:unknown=>0, :possibly_lighter=>1, :possibly_heavier=>1, :normal=>6}}
D, [2018-03-31T10:08:40.432483 #4806] DEBUG -- : returning fully calculated score...
D, [2018-03-31T10:08:40.432546 #4806] DEBUG -- : State Score successfully calculated


D, [2018-03-31T10:08:40.432580 #4806] DEBUG -- : Scoring new state: {:rating=>34, :state=>{:unknown=>0, :possibly_lighter=>2, :possibly_heavier=>0, :normal=>6}}
D, [2018-03-31T10:08:40.434982 #4806] DEBUG -- : returning fully calculated score...
D, [2018-03-31T10:08:40.435040 #4806] DEBUG -- : State Score successfully calculated


D, [2018-03-31T10:08:40.435102 #4806] DEBUG -- : Scoring new state: {:rating=>37, :state=>{:unknown=>0, :possibly_lighter=>0, :possibly_heavier=>1, :normal=>7}}
D, [2018-03-31T10:08:40.435125 #4806] DEBUG -- : State Score successfully calculated


D, [2018-03-31T10:08:40.435151 #4806] DEBUG -- : Scoring new state: {:rating=>37, :state=>{:unknown=>0, :possibly_lighter=>1, :possibly_heavier=>0, :normal=>7}}
D, [2018-03-31T10:08:40.435169 #4806] DEBUG -- : State Score successfully calculated


D, [2018-03-31T10:08:40.435194 #4806] DEBUG -- : Scoring new state: {:rating=>34, :state=>{:unknown=>0, :possibly_lighter=>2, :possibly_heavier=>0, :normal=>6}}
D, [2018-03-31T10:08:40.437605 #4806] DEBUG -- : returning fully calculated score...
D, [2018-03-31T10:08:40.437669 #4806] DEBUG -- : State Score successfully calculated


D, [2018-03-31T10:08:40.437711 #4806] DEBUG -- : Scoring new state: {:rating=>34, :state=>{:unknown=>0, :possibly_lighter=>1, :possibly_heavier=>1, :normal=>6}}
D, [2018-03-31T10:08:40.440118 #4806] DEBUG -- : returning fully calculated score...
D, [2018-03-31T10:08:40.440185 #4806] DEBUG -- : State Score successfully calculated


D, [2018-03-31T10:08:40.440241 #4806] DEBUG -- : Scoring new state: {:rating=>37, :state=>{:unknown=>0, :possibly_lighter=>1, :possibly_heavier=>0, :normal=>7}}
D, [2018-03-31T10:08:40.440264 #4806] DEBUG -- : State Score successfully calculated


D, [2018-03-31T10:08:40.440296 #4806] DEBUG -- : Scoring new state: {:rating=>35, :state=>{:unknown=>1, :possibly_lighter=>0, :possibly_heavier=>0, :normal=>7}}
D, [2018-03-31T10:08:40.442717 #4806] DEBUG -- : returning fully calculated score...
D, [2018-03-31T10:08:40.442779 #4806] DEBUG -- : State Score successfully calculated


D, [2018-03-31T10:08:40.442830 #4806] DEBUG -- : Scoring new state: {:rating=>34, :state=>{:unknown=>0, :possibly_lighter=>2, :possibly_heavier=>0, :normal=>6}}
D, [2018-03-31T10:08:40.445259 #4806] DEBUG -- : returning fully calculated score...
D, [2018-03-31T10:08:40.445322 #4806] DEBUG -- : State Score successfully calculated


D, [2018-03-31T10:08:40.445366 #4806] DEBUG -- : Scoring new state: {:rating=>37, :state=>{:unknown=>0, :possibly_lighter=>0, :possibly_heavier=>1, :normal=>7}}
D, [2018-03-31T10:08:40.445389 #4806] DEBUG -- : State Score successfully calculated


D, [2018-03-31T10:08:40.445416 #4806] DEBUG -- : Scoring new state: {:rating=>34, :state=>{:unknown=>0, :possibly_lighter=>2, :possibly_heavier=>0, :normal=>6}}
D, [2018-03-31T10:08:40.447814 #4806] DEBUG -- : returning fully calculated score...
D, [2018-03-31T10:08:40.447880 #4806] DEBUG -- : State Score successfully calculated


D, [2018-03-31T10:08:40.447912 #4806] DEBUG -- : Scoring new state: {:rating=>37, :state=>{:unknown=>0, :possibly_lighter=>1, :possibly_heavier=>0, :normal=>7}}
D, [2018-03-31T10:08:40.447933 #4806] DEBUG -- : State Score successfully calculated


D, [2018-03-31T10:08:40.447967 #4806] DEBUG -- : Scoring new state: {:rating=>34, :state=>{:unknown=>0, :possibly_lighter=>1, :possibly_heavier=>1, :normal=>6}}
D, [2018-03-31T10:08:40.450297 #4806] DEBUG -- : returning fully calculated score...
D, [2018-03-31T10:08:40.450360 #4806] DEBUG -- : State Score successfully calculated


D, [2018-03-31T10:08:40.450394 #4806] DEBUG -- : Scoring new state: {:rating=>34, :state=>{:unknown=>0, :possibly_lighter=>2, :possibly_heavier=>0, :normal=>6}}
D, [2018-03-31T10:08:40.452776 #4806] DEBUG -- : returning fully calculated score...
D, [2018-03-31T10:08:40.452839 #4806] DEBUG -- : State Score successfully calculated


D, [2018-03-31T10:08:40.452884 #4806] DEBUG -- : Scoring new state: {:rating=>34, :state=>{:unknown=>0, :possibly_lighter=>1, :possibly_heavier=>1, :normal=>6}}
D, [2018-03-31T10:08:40.455215 #4806] DEBUG -- : returning fully calculated score...
D, [2018-03-31T10:08:40.455275 #4806] DEBUG -- : State Score successfully calculated


D, [2018-03-31T10:08:40.455310 #4806] DEBUG -- : Scoring new state: {:rating=>34, :state=>{:unknown=>0, :possibly_lighter=>2, :possibly_heavier=>0, :normal=>6}}
D, [2018-03-31T10:08:40.457665 #4806] DEBUG -- : returning fully calculated score...
D, [2018-03-31T10:08:40.457725 #4806] DEBUG -- : State Score successfully calculated


D, [2018-03-31T10:08:40.457769 #4806] DEBUG -- : Scoring new state: {:rating=>34, :state=>{:unknown=>0, :possibly_lighter=>1, :possibly_heavier=>1, :normal=>6}}
D, [2018-03-31T10:08:40.460197 #4806] DEBUG -- : returning fully calculated score...
D, [2018-03-31T10:08:40.460260 #4806] DEBUG -- : State Score successfully calculated


D, [2018-03-31T10:08:40.460295 #4806] DEBUG -- : Scoring new state: {:rating=>34, :state=>{:unknown=>0, :possibly_lighter=>2, :possibly_heavier=>0, :normal=>6}}
D, [2018-03-31T10:08:40.462754 #4806] DEBUG -- : returning fully calculated score...
D, [2018-03-31T10:08:40.462834 #4806] DEBUG -- : State Score successfully calculated


D, [2018-03-31T10:08:40.462877 #4806] DEBUG -- : Scoring new state: {:rating=>32, :state=>{:unknown=>1, :possibly_lighter=>1, :possibly_heavier=>0, :normal=>6}}
D, [2018-03-31T10:08:40.465210 #4806] DEBUG -- : calculating updated score for older state...
D, [2018-03-31T10:08:40.468519 #4806] DEBUG -- : generating weighed rated selections...
D, [2018-03-31T10:08:40.611725 #4806] DEBUG -- : scoring weighed rated selections...
D, [2018-03-31T10:08:40.611848 #4806] DEBUG -- : Saving scored selections...
D, [2018-03-31T10:08:40.618314 #4806] DEBUG -- : State Score successfully calculated


D, [2018-03-31T10:08:40.618405 #4806] DEBUG -- : Scoring new state: {:rating=>37, :state=>{:unknown=>0, :possibly_lighter=>1, :possibly_heavier=>0, :normal=>7}}
D, [2018-03-31T10:08:40.618430 #4806] DEBUG -- : State Score successfully calculated


D, [2018-03-31T10:08:40.618468 #4806] DEBUG -- : Scoring new state: {:rating=>32, :state=>{:unknown=>1, :possibly_lighter=>1, :possibly_heavier=>0, :normal=>6}}
D, [2018-03-31T10:08:40.620934 #4806] DEBUG -- : calculating updated score for older state...
D, [2018-03-31T10:08:40.624424 #4806] DEBUG -- : generating weighed rated selections...
D, [2018-03-31T10:08:40.625246 #4806] DEBUG -- : -------> building selection...
D, [2018-03-31T10:08:40.626104 #4806] DEBUG -- : -------> building new state...
D, [2018-03-31T10:08:40.626451 #4806] DEBUG -- : -------> building new state...
D, [2018-03-31T10:08:40.626681 #4806] DEBUG -- : -------> building selection...
D, [2018-03-31T10:08:40.627065 #4806] DEBUG -- : -------> building new state...
D, [2018-03-31T10:08:40.627174 #4806] DEBUG -- : -------> building new state...
D, [2018-03-31T10:08:40.627356 #4806] DEBUG -- : -------> building selection...
D, [2018-03-31T10:08:40.627668 #4806] DEBUG -- : -------> building new state...
D, [2018-03-31T10:08:40.627780 #4806] DEBUG -- : -------> building new state...
D, [2018-03-31T10:08:40.627972 #4806] DEBUG -- : -------> building selection...
D, [2018-03-31T10:08:40.628316 #4806] DEBUG -- : -------> building new state...
D, [2018-03-31T10:08:40.628412 #4806] DEBUG -- : -------> building new state...
D, [2018-03-31T10:08:40.628596 #4806] DEBUG -- : -------> building selection...
D, [2018-03-31T10:08:40.628908 #4806] DEBUG -- : -------> building new state...
D, [2018-03-31T10:08:40.629006 #4806] DEBUG -- : -------> building new state...
D, [2018-03-31T10:08:40.629226 #4806] DEBUG -- : -------> building selection...
D, [2018-03-31T10:08:40.629546 #4806] DEBUG -- : -------> building new state...
D, [2018-03-31T10:08:40.629645 #4806] DEBUG -- : -------> building new state...
D, [2018-03-31T10:08:40.629822 #4806] DEBUG -- : -------> building selection...
D, [2018-03-31T10:08:40.630135 #4806] DEBUG -- : -------> building new state...
D, [2018-03-31T10:08:40.630236 #4806] DEBUG -- : -------> building new state...
D, [2018-03-31T10:08:40.630441 #4806] DEBUG -- : -------> building selection...
D, [2018-03-31T10:08:40.630756 #4806] DEBUG -- : -------> building new state...
D, [2018-03-31T10:08:40.630871 #4806] DEBUG -- : -------> building new state...
D, [2018-03-31T10:08:40.631054 #4806] DEBUG -- : -------> building selection...
D, [2018-03-31T10:08:40.631389 #4806] DEBUG -- : -------> building new state...
D, [2018-03-31T10:08:40.631489 #4806] DEBUG -- : -------> building new state...
D, [2018-03-31T10:08:40.631700 #4806] DEBUG -- : -------> building selection...
D, [2018-03-31T10:08:40.632038 #4806] DEBUG -- : -------> building new state...
D, [2018-03-31T10:08:40.632255 #4806] DEBUG -- : -------> building new state...
D, [2018-03-31T10:08:40.632461 #4806] DEBUG -- : -------> building selection...
D, [2018-03-31T10:08:40.632825 #4806] DEBUG -- : -------> building new state...
D, [2018-03-31T10:08:40.633021 #4806] DEBUG -- : -------> building new state...
D, [2018-03-31T10:08:40.633258 #4806] DEBUG -- : -------> building selection...
D, [2018-03-31T10:08:40.633595 #4806] DEBUG -- : -------> building new state...
D, [2018-03-31T10:08:40.633697 #4806] DEBUG -- : -------> building new state...
D, [2018-03-31T10:08:40.633877 #4806] DEBUG -- : -------> building selection...
D, [2018-03-31T10:08:40.634185 #4806] DEBUG -- : -------> building new state...
D, [2018-03-31T10:08:40.634284 #4806] DEBUG -- : -------> building new state...
D, [2018-03-31T10:08:40.634490 #4806] DEBUG -- : -------> building selection...
D, [2018-03-31T10:08:40.634812 #4806] DEBUG -- : -------> building new state...
D, [2018-03-31T10:08:40.634916 #4806] DEBUG -- : -------> building new state...
D, [2018-03-31T10:08:40.635096 #4806] DEBUG -- : -------> building selection...
D, [2018-03-31T10:08:40.635403 #4806] DEBUG -- : -------> building new state...
D, [2018-03-31T10:08:40.635528 #4806] DEBUG -- : -------> building new state...
D, [2018-03-31T10:08:40.635711 #4806] DEBUG -- : -------> building selection...
D, [2018-03-31T10:08:40.636018 #4806] DEBUG -- : -------> building new state...
D, [2018-03-31T10:08:40.636114 #4806] DEBUG -- : -------> building new state...
D, [2018-03-31T10:08:40.636311 #4806] DEBUG -- : -------> building selection...
D, [2018-03-31T10:08:40.636647 #4806] DEBUG -- : -------> building new state...
D, [2018-03-31T10:08:40.636768 #4806] DEBUG -- : -------> building new state...
D, [2018-03-31T10:08:40.636949 #4806] DEBUG -- : -------> building selection...
D, [2018-03-31T10:08:40.637255 #4806] DEBUG -- : -------> building new state...
D, [2018-03-31T10:08:40.637352 #4806] DEBUG -- : -------> building new state...
D, [2018-03-31T10:08:40.637528 #4806] DEBUG -- : -------> building selection...
D, [2018-03-31T10:08:40.637843 #4806] DEBUG -- : -------> building new state...
D, [2018-03-31T10:08:40.637969 #4806] DEBUG -- : -------> building new state...
D, [2018-03-31T10:08:40.638147 #4806] DEBUG -- : -------> building selection...
D, [2018-03-31T10:08:40.638454 #4806] DEBUG -- : -------> building new state...
D, [2018-03-31T10:08:40.638551 #4806] DEBUG -- : -------> building new state...
D, [2018-03-31T10:08:40.638725 #4806] DEBUG -- : -------> building selection...
D, [2018-03-31T10:08:40.639066 #4806] DEBUG -- : -------> building new state...
D, [2018-03-31T10:08:40.639170 #4806] DEBUG -- : -------> building new state...
D, [2018-03-31T10:08:40.639348 #4806] DEBUG -- : -------> building selection...
D, [2018-03-31T10:08:40.639654 #4806] DEBUG -- : -------> building new state...
D, [2018-03-31T10:08:40.639751 #4806] DEBUG -- : -------> building new state...
D, [2018-03-31T10:08:40.639928 #4806] DEBUG -- : -------> building selection...
D, [2018-03-31T10:08:40.640258 #4806] DEBUG -- : -------> building new state...
D, [2018-03-31T10:08:40.640355 #4806] DEBUG -- : -------> building new state...
D, [2018-03-31T10:08:40.640531 #4806] DEBUG -- : -------> building selection...
D, [2018-03-31T10:08:40.640835 #4806] DEBUG -- : -------> building new state...
D, [2018-03-31T10:08:40.640932 #4806] DEBUG -- : -------> building new state...
D, [2018-03-31T10:08:40.641108 #4806] DEBUG -- : -------> building selection...
D, [2018-03-31T10:08:40.641460 #4806] DEBUG -- : -------> building new state...
D, [2018-03-31T10:08:40.641558 #4806] DEBUG -- : -------> building new state...
D, [2018-03-31T10:08:40.641735 #4806] DEBUG -- : -------> building selection...
D, [2018-03-31T10:08:40.642041 #4806] DEBUG -- : -------> building new state...
D, [2018-03-31T10:08:40.642137 #4806] DEBUG -- : -------> building new state...
D, [2018-03-31T10:08:40.642314 #4806] DEBUG -- : scoring weighed rated selections...
D, [2018-03-31T10:08:40.642378 #4806] DEBUG -- : Saving scored selections...
D, [2018-03-31T10:08:40.648975 #4806] DEBUG -- : State Score successfully calculated


D, [2018-03-31T10:08:40.649042 #4806] DEBUG -- : Scoring new state: {:rating=>37, :state=>{:unknown=>0, :possibly_lighter=>1, :possibly_heavier=>0, :normal=>7}}
D, [2018-03-31T10:08:40.649066 #4806] DEBUG -- : State Score successfully calculated


D, [2018-03-31T10:08:40.649100 #4806] DEBUG -- : Scoring new state: {:rating=>32, :state=>{:unknown=>1, :possibly_lighter=>1, :possibly_heavier=>0, :normal=>6}}
D, [2018-03-31T10:08:40.651757 #4806] DEBUG -- : calculating updated score for older state...
D, [2018-03-31T10:08:40.655265 #4806] DEBUG -- : generating weighed rated selections...
D, [2018-03-31T10:08:40.656057 #4806] DEBUG -- : -------> building selection...
D, [2018-03-31T10:08:40.656987 #4806] DEBUG -- : -------> building new state...
D, [2018-03-31T10:08:40.657314 #4806] DEBUG -- : -------> building new state...
D, [2018-03-31T10:08:40.657559 #4806] DEBUG -- : -------> building selection...
D, [2018-03-31T10:08:40.657895 #4806] DEBUG -- : -------> building new state...
D, [2018-03-31T10:08:40.657995 #4806] DEBUG -- : -------> building new state...
D, [2018-03-31T10:08:40.658226 #4806] DEBUG -- : -------> building selection...
D, [2018-03-31T10:08:40.658635 #4806] DEBUG -- : -------> building new state...
D, [2018-03-31T10:08:40.658827 #4806] DEBUG -- : -------> building new state...
D, [2018-03-31T10:08:40.659031 #4806] DEBUG -- : -------> building selection...
D, [2018-03-31T10:08:40.659355 #4806] DEBUG -- : -------> building new state...
D, [2018-03-31T10:08:40.659454 #4806] DEBUG -- : -------> building new state...
D, [2018-03-31T10:08:40.659678 #4806] DEBUG -- : -------> building selection...
D, [2018-03-31T10:08:40.659994 #4806] DEBUG -- : -------> building new state...
D, [2018-03-31T10:08:40.660092 #4806] DEBUG -- : -------> building new state...
D, [2018-03-31T10:08:40.660294 #4806] DEBUG -- : -------> building selection...
D, [2018-03-31T10:08:40.660609 #4806] DEBUG -- : -------> building new state...
D, [2018-03-31T10:08:40.660708 #4806] DEBUG -- : -------> building new state...
D, [2018-03-31T10:08:40.660952 #4806] DEBUG -- : -------> building selection...
D, [2018-03-31T10:08:40.661534 #4806] DEBUG -- : -------> building new state...
D, [2018-03-31T10:08:40.661671 #4806] DEBUG -- : -------> building new state...
D, [2018-03-31T10:08:40.661942 #4806] DEBUG -- : -------> building selection...
D, [2018-03-31T10:08:40.662283 #4806] DEBUG -- : -------> building new state...
D, [2018-03-31T10:08:40.662385 #4806] DEBUG -- : -------> building new state...
D, [2018-03-31T10:08:40.662602 #4806] DEBUG -- : -------> building selection...
D, [2018-03-31T10:08:40.662932 #4806] DEBUG -- : -------> building new state...
D, [2018-03-31T10:08:40.663034 #4806] DEBUG -- : -------> building new state...
D, [2018-03-31T10:08:40.663215 #4806] DEBUG -- : -------> building selection...
D, [2018-03-31T10:08:40.663527 #4806] DEBUG -- : -------> building new state...
D, [2018-03-31T10:08:40.663655 #4806] DEBUG -- : -------> building new state...
D, [2018-03-31T10:08:40.663839 #4806] DEBUG -- : -------> building selection...
D, [2018-03-31T10:08:40.664156 #4806] DEBUG -- : -------> building new state...
D, [2018-03-31T10:08:40.664283 #4806] DEBUG -- : -------> building new state...
D, [2018-03-31T10:08:40.664486 #4806] DEBUG -- : -------> building selection...
D, [2018-03-31T10:08:40.664800 #4806] DEBUG -- : -------> building new state...
D, [2018-03-31T10:08:40.664928 #4806] DEBUG -- : -------> building new state...
D, [2018-03-31T10:08:40.665116 #4806] DEBUG -- : -------> building selection...
D, [2018-03-31T10:08:40.665435 #4806] DEBUG -- : -------> building new state...
D, [2018-03-31T10:08:40.665533 #4806] DEBUG -- : -------> building new state...
D, [2018-03-31T10:08:40.665715 #4806] DEBUG -- : -------> building selection...
D, [2018-03-31T10:08:40.666033 #4806] DEBUG -- : -------> building new state...
D, [2018-03-31T10:08:40.666159 #4806] DEBUG -- : -------> building new state...
D, [2018-03-31T10:08:40.666344 #4806] DEBUG -- : -------> building selection...
D, [2018-03-31T10:08:40.666658 #4806] DEBUG -- : -------> building new state...
D, [2018-03-31T10:08:40.666757 #4806] DEBUG -- : -------> building new state...
D, [2018-03-31T10:08:40.666946 #4806] DEBUG -- : -------> building selection...
D, [2018-03-31T10:08:40.667273 #4806] DEBUG -- : -------> building new state...
D, [2018-03-31T10:08:40.667407 #4806] DEBUG -- : -------> building new state...
D, [2018-03-31T10:08:40.667599 #4806] DEBUG -- : -------> building selection...
D, [2018-03-31T10:08:40.667921 #4806] DEBUG -- : -------> building new state...
D, [2018-03-31T10:08:40.668023 #4806] DEBUG -- : -------> building new state...
D, [2018-03-31T10:08:40.668202 #4806] DEBUG -- : -------> building selection...
D, [2018-03-31T10:08:40.668544 #4806] DEBUG -- : -------> building new state...
D, [2018-03-31T10:08:40.668647 #4806] DEBUG -- : -------> building new state...
D, [2018-03-31T10:08:40.668829 #4806] DEBUG -- : -------> building selection...
D, [2018-03-31T10:08:40.669167 #4806] DEBUG -- : -------> building new state...
D, [2018-03-31T10:08:40.669375 #4806] DEBUG -- : -------> building new state...
D, [2018-03-31T10:08:40.669577 #4806] DEBUG -- : -------> building selection...
D, [2018-03-31T10:08:40.669939 #4806] DEBUG -- : -------> building new state...
D, [2018-03-31T10:08:40.670044 #4806] DEBUG -- : -------> building new state...
D, [2018-03-31T10:08:40.670225 #4806] DEBUG -- : -------> building selection...
D, [2018-03-31T10:08:40.670539 #4806] DEBUG -- : -------> building new state...
D, [2018-03-31T10:08:40.670637 #4806] DEBUG -- : -------> building new state...
D, [2018-03-31T10:08:40.670895 #4806] DEBUG -- : -------> building selection...
D, [2018-03-31T10:08:40.671215 #4806] DEBUG -- : -------> building new state...
D, [2018-03-31T10:08:40.671315 #4806] DEBUG -- : -------> building new state...
D, [2018-03-31T10:08:40.671494 #4806] DEBUG -- : -------> building selection...
D, [2018-03-31T10:08:40.671871 #4806] DEBUG -- : -------> building new state...
D, [2018-03-31T10:08:40.671989 #4806] DEBUG -- : -------> building new state...
D, [2018-03-31T10:08:40.672172 #4806] DEBUG -- : -------> building selection...
D, [2018-03-31T10:08:40.672483 #4806] DEBUG -- : -------> building new state...
D, [2018-03-31T10:08:40.672581 #4806] DEBUG -- : -------> building new state...
D, [2018-03-31T10:08:40.672759 #4806] DEBUG -- : -------> building selection...
D, [2018-03-31T10:08:40.673144 #4806] DEBUG -- : -------> building new state...
D, [2018-03-31T10:08:40.673250 #4806] DEBUG -- : -------> building new state...
D, [2018-03-31T10:08:40.673442 #4806] DEBUG -- : -------> building selection...
D, [2018-03-31T10:08:40.673772 #4806] DEBUG -- : -------> building new state...
D, [2018-03-31T10:08:40.673870 #4806] DEBUG -- : -------> building new state...
D, [2018-03-31T10:08:40.674119 #4806] DEBUG -- : scoring weighed rated selections...
D, [2018-03-31T10:08:40.674188 #4806] DEBUG -- : Saving scored selections...
D, [2018-03-31T10:08:40.680750 #4806] DEBUG -- : State Score successfully calculated


D, [2018-03-31T10:08:40.680820 #4806] DEBUG -- : Scoring new state: {:rating=>37, :state=>{:unknown=>0, :possibly_lighter=>1, :possibly_heavier=>0, :normal=>7}}
D, [2018-03-31T10:08:40.680843 #4806] DEBUG -- : State Score successfully calculated


D, [2018-03-31T10:08:40.680878 #4806] DEBUG -- : Scoring new state: {:rating=>32, :state=>{:unknown=>1, :possibly_lighter=>1, :possibly_heavier=>0, :normal=>6}}
D, [2018-03-31T10:08:40.683559 #4806] DEBUG -- : calculating updated score for older state...
D, [2018-03-31T10:08:40.687074 #4806] DEBUG -- : generating weighed rated selections...
D, [2018-03-31T10:08:40.687854 #4806] DEBUG -- : -------> building selection...
D, [2018-03-31T10:08:40.688751 #4806] DEBUG -- : -------> building new state...
D, [2018-03-31T10:08:40.689033 #4806] DEBUG -- : -------> building new state...
D, [2018-03-31T10:08:40.689290 #4806] DEBUG -- : -------> building selection...
D, [2018-03-31T10:08:40.689790 #4806] DEBUG -- : -------> building new state...
D, [2018-03-31T10:08:40.689899 #4806] DEBUG -- : -------> building new state...
D, [2018-03-31T10:08:40.690083 #4806] DEBUG -- : -------> building selection...
D, [2018-03-31T10:08:40.690395 #4806] DEBUG -- : -------> building new state...
D, [2018-03-31T10:08:40.690496 #4806] DEBUG -- : -------> building new state...
D, [2018-03-31T10:08:40.690751 #4806] DEBUG -- : -------> building selection...
D, [2018-03-31T10:08:40.691121 #4806] DEBUG -- : -------> building new state...
D, [2018-03-31T10:08:40.691320 #4806] DEBUG -- : -------> building new state...
D, [2018-03-31T10:08:40.691524 #4806] DEBUG -- : -------> building selection...
D, [2018-03-31T10:08:40.691877 #4806] DEBUG -- : -------> building new state...
D, [2018-03-31T10:08:40.692046 #4806] DEBUG -- : -------> building new state...
D, [2018-03-31T10:08:40.692248 #4806] DEBUG -- : -------> building selection...
D, [2018-03-31T10:08:40.692566 #4806] DEBUG -- : -------> building new state...
D, [2018-03-31T10:08:40.692666 #4806] DEBUG -- : -------> building new state...
D, [2018-03-31T10:08:40.692844 #4806] DEBUG -- : -------> building selection...
D, [2018-03-31T10:08:40.693241 #4806] DEBUG -- : -------> building new state...
D, [2018-03-31T10:08:40.693345 #4806] DEBUG -- : -------> building new state...
D, [2018-03-31T10:08:40.693554 #4806] DEBUG -- : -------> building selection...
D, [2018-03-31T10:08:40.693867 #4806] DEBUG -- : -------> building new state...
D, [2018-03-31T10:08:40.693968 #4806] DEBUG -- : -------> building new state...
D, [2018-03-31T10:08:40.694146 #4806] DEBUG -- : -------> building selection...
D, [2018-03-31T10:08:40.694586 #4806] DEBUG -- : -------> building new state...
D, [2018-03-31T10:08:40.694704 #4806] DEBUG -- : -------> building new state...
D, [2018-03-31T10:08:40.694931 #4806] DEBUG -- : -------> building selection...
D, [2018-03-31T10:08:40.695311 #4806] DEBUG -- : -------> building new state...
D, [2018-03-31T10:08:40.695471 #4806] DEBUG -- : -------> building new state...
D, [2018-03-31T10:08:40.695775 #4806] DEBUG -- : -------> building selection...
D, [2018-03-31T10:08:40.696243 #4806] DEBUG -- : -------> building new state...
D, [2018-03-31T10:08:40.696361 #4806] DEBUG -- : -------> building new state...
D, [2018-03-31T10:08:40.696553 #4806] DEBUG -- : -------> building selection...
D, [2018-03-31T10:08:40.696912 #4806] DEBUG -- : -------> building new state...
D, [2018-03-31T10:08:40.697096 #4806] DEBUG -- : -------> building new state...
D, [2018-03-31T10:08:40.697286 #4806] DEBUG -- : -------> building selection...
D, [2018-03-31T10:08:40.697622 #4806] DEBUG -- : -------> building new state...
D, [2018-03-31T10:08:40.697740 #4806] DEBUG -- : -------> building new state...
D, [2018-03-31T10:08:40.697919 #4806] DEBUG -- : -------> building selection...
D, [2018-03-31T10:08:40.698256 #4806] DEBUG -- : -------> building new state...
D, [2018-03-31T10:08:40.698355 #4806] DEBUG -- : -------> building new state...
D, [2018-03-31T10:08:40.698533 #4806] DEBUG -- : -------> building selection...
D, [2018-03-31T10:08:40.698854 #4806] DEBUG -- : -------> building new state...
D, [2018-03-31T10:08:40.698956 #4806] DEBUG -- : -------> building new state...
D, [2018-03-31T10:08:40.699176 #4806] DEBUG -- : -------> building selection...
D, [2018-03-31T10:08:40.699488 #4806] DEBUG -- : -------> building new state...
D, [2018-03-31T10:08:40.699587 #4806] DEBUG -- : -------> building new state...
D, [2018-03-31T10:08:40.699767 #4806] DEBUG -- : -------> building selection...
D, [2018-03-31T10:08:40.700079 #4806] DEBUG -- : -------> building new state...
D, [2018-03-31T10:08:40.700175 #4806] DEBUG -- : -------> building new state...
D, [2018-03-31T10:08:40.700378 #4806] DEBUG -- : -------> building selection...
D, [2018-03-31T10:08:40.700685 #4806] DEBUG -- : -------> building new state...
D, [2018-03-31T10:08:40.700781 #4806] DEBUG -- : -------> building new state...
D, [2018-03-31T10:08:40.700956 #4806] DEBUG -- : -------> building selection...
D, [2018-03-31T10:08:40.701260 #4806] DEBUG -- : -------> building new state...
D, [2018-03-31T10:08:40.701403 #4806] DEBUG -- : -------> building new state...
D, [2018-03-31T10:08:40.701582 #4806] DEBUG -- : -------> building selection...
D, [2018-03-31T10:08:40.701886 #4806] DEBUG -- : -------> building new state...
D, [2018-03-31T10:08:40.701983 #4806] DEBUG -- : -------> building new state...
D, [2018-03-31T10:08:40.702157 #4806] DEBUG -- : -------> building selection...
D, [2018-03-31T10:08:40.702546 #4806] DEBUG -- : -------> building new state...
D, [2018-03-31T10:08:40.702654 #4806] DEBUG -- : -------> building new state...
D, [2018-03-31T10:08:40.702840 #4806] DEBUG -- : -------> building selection...
D, [2018-03-31T10:08:40.703148 #4806] DEBUG -- : -------> building new state...
D, [2018-03-31T10:08:40.703297 #4806] DEBUG -- : -------> building new state...
D, [2018-03-31T10:08:40.703492 #4806] DEBUG -- : -------> building selection...
D, [2018-03-31T10:08:40.703795 #4806] DEBUG -- : -------> building new state...
D, [2018-03-31T10:08:40.703892 #4806] DEBUG -- : -------> building new state...
D, [2018-03-31T10:08:40.704072 #4806] DEBUG -- : -------> building selection...
D, [2018-03-31T10:08:40.704377 #4806] DEBUG -- : -------> building new state...
D, [2018-03-31T10:08:40.704537 #4806] DEBUG -- : -------> building new state...
D, [2018-03-31T10:08:40.706484 #4806] DEBUG -- : -------> building selection...
D, [2018-03-31T10:08:40.706870 #4806] DEBUG -- : -------> building new state...
D, [2018-03-31T10:08:40.707052 #4806] DEBUG -- : -------> building new state...
D, [2018-03-31T10:08:40.707251 #4806] DEBUG -- : -------> building selection...
D, [2018-03-31T10:08:40.707605 #4806] DEBUG -- : -------> building new state...
D, [2018-03-31T10:08:40.707759 #4806] DEBUG -- : -------> building new state...
D, [2018-03-31T10:08:40.707944 #4806] DEBUG -- : scoring weighed rated selections...
D, [2018-03-31T10:08:40.708011 #4806] DEBUG -- : Saving scored selections...
D, [2018-03-31T10:08:40.714506 #4806] DEBUG -- : State Score successfully calculated


D, [2018-03-31T10:08:40.714583 #4806] DEBUG -- : Scoring new state: {:rating=>37, :state=>{:unknown=>0, :possibly_lighter=>1, :possibly_heavier=>0, :normal=>7}}
D, [2018-03-31T10:08:40.714608 #4806] DEBUG -- : State Score successfully calculated


D, [2018-03-31T10:08:40.714643 #4806] DEBUG -- : Scoring new state: {:rating=>32, :state=>{:unknown=>1, :possibly_lighter=>1, :possibly_heavier=>0, :normal=>6}}
D, [2018-03-31T10:08:40.717289 #4806] DEBUG -- : calculating updated score for older state...
D, [2018-03-31T10:08:40.720735 #4806] DEBUG -- : generating weighed rated selections...
D, [2018-03-31T10:08:40.721519 #4806] DEBUG -- : -------> building selection...
D, [2018-03-31T10:08:40.722336 #4806] DEBUG -- : -------> building new state...
D, [2018-03-31T10:08:40.722578 #4806] DEBUG -- : -------> building new state...
D, [2018-03-31T10:08:40.722851 #4806] DEBUG -- : -------> building selection...
D, [2018-03-31T10:08:40.723183 #4806] DEBUG -- : -------> building new state...
D, [2018-03-31T10:08:40.723284 #4806] DEBUG -- : -------> building new state...
D, [2018-03-31T10:08:40.723468 #4806] DEBUG -- : -------> building selection...
D, [2018-03-31T10:08:40.723784 #4806] DEBUG -- : -------> building new state...
D, [2018-03-31T10:08:40.723883 #4806] DEBUG -- : -------> building new state...
D, [2018-03-31T10:08:40.724094 #4806] DEBUG -- : -------> building selection...
D, [2018-03-31T10:08:40.724418 #4806] DEBUG -- : -------> building new state...
D, [2018-03-31T10:08:40.724516 #4806] DEBUG -- : -------> building new state...
D, [2018-03-31T10:08:40.724695 #4806] DEBUG -- : -------> building selection...
D, [2018-03-31T10:08:40.725005 #4806] DEBUG -- : -------> building new state...
D, [2018-03-31T10:08:40.725130 #4806] DEBUG -- : -------> building new state...
D, [2018-03-31T10:08:40.725313 #4806] DEBUG -- : -------> building selection...
D, [2018-03-31T10:08:40.725635 #4806] DEBUG -- : -------> building new state...
D, [2018-03-31T10:08:40.725734 #4806] DEBUG -- : -------> building new state...
D, [2018-03-31T10:08:40.725911 #4806] DEBUG -- : -------> building selection...
D, [2018-03-31T10:08:40.726225 #4806] DEBUG -- : -------> building new state...
D, [2018-03-31T10:08:40.726354 #4806] DEBUG -- : -------> building new state...
D, [2018-03-31T10:08:40.726532 #4806] DEBUG -- : -------> building selection...
D, [2018-03-31T10:08:40.726857 #4806] DEBUG -- : -------> building new state...
D, [2018-03-31T10:08:40.726964 #4806] DEBUG -- : -------> building new state...
D, [2018-03-31T10:08:40.727159 #4806] DEBUG -- : -------> building selection...
D, [2018-03-31T10:08:40.727498 #4806] DEBUG -- : -------> building new state...
D, [2018-03-31T10:08:40.727597 #4806] DEBUG -- : -------> building new state...
D, [2018-03-31T10:08:40.727791 #4806] DEBUG -- : -------> building selection...
D, [2018-03-31T10:08:40.728100 #4806] DEBUG -- : -------> building new state...
D, [2018-03-31T10:08:40.728197 #4806] DEBUG -- : -------> building new state...
D, [2018-03-31T10:08:40.728439 #4806] DEBUG -- : -------> building selection...
D, [2018-03-31T10:08:40.728754 #4806] DEBUG -- : -------> building new state...
D, [2018-03-31T10:08:40.728852 #4806] DEBUG -- : -------> building new state...
D, [2018-03-31T10:08:40.729034 #4806] DEBUG -- : -------> building selection...
D, [2018-03-31T10:08:40.729346 #4806] DEBUG -- : -------> building new state...
D, [2018-03-31T10:08:40.729443 #4806] DEBUG -- : -------> building new state...
D, [2018-03-31T10:08:40.729671 #4806] DEBUG -- : -------> building selection...
D, [2018-03-31T10:08:40.730097 #4806] DEBUG -- : -------> building new state...
D, [2018-03-31T10:08:40.730212 #4806] DEBUG -- : -------> building new state...
D, [2018-03-31T10:08:40.730410 #4806] DEBUG -- : -------> building selection...
D, [2018-03-31T10:08:40.732655 #4806] DEBUG -- : -------> building new state...
D, [2018-03-31T10:08:40.732827 #4806] DEBUG -- : -------> building new state...
D, [2018-03-31T10:08:40.733063 #4806] DEBUG -- : -------> building selection...
D, [2018-03-31T10:08:40.733479 #4806] DEBUG -- : -------> building new state...
D, [2018-03-31T10:08:40.733597 #4806] DEBUG -- : -------> building new state...
D, [2018-03-31T10:08:40.733829 #4806] DEBUG -- : -------> building selection...
D, [2018-03-31T10:08:40.734155 #4806] DEBUG -- : -------> building new state...
D, [2018-03-31T10:08:40.734261 #4806] DEBUG -- : -------> building new state...
D, [2018-03-31T10:08:40.734443 #4806] DEBUG -- : -------> building selection...
D, [2018-03-31T10:08:40.734751 #4806] DEBUG -- : -------> building new state...
D, [2018-03-31T10:08:40.734862 #4806] DEBUG -- : -------> building new state...
D, [2018-03-31T10:08:40.735084 #4806] DEBUG -- : -------> building selection...
D, [2018-03-31T10:08:40.735398 #4806] DEBUG -- : -------> building new state...
D, [2018-03-31T10:08:40.735497 #4806] DEBUG -- : -------> building new state...
D, [2018-03-31T10:08:40.735673 #4806] DEBUG -- : -------> building selection...
D, [2018-03-31T10:08:40.736004 #4806] DEBUG -- : -------> building new state...
D, [2018-03-31T10:08:40.736102 #4806] DEBUG -- : -------> building new state...
D, [2018-03-31T10:08:40.736278 #4806] DEBUG -- : -------> building selection...
D, [2018-03-31T10:08:40.736585 #4806] DEBUG -- : -------> building new state...
D, [2018-03-31T10:08:40.736684 #4806] DEBUG -- : -------> building new state...
D, [2018-03-31T10:08:40.736862 #4806] DEBUG -- : -------> building selection...
D, [2018-03-31T10:08:40.737202 #4806] DEBUG -- : -------> building new state...
D, [2018-03-31T10:08:40.737303 #4806] DEBUG -- : -------> building new state...
D, [2018-03-31T10:08:40.737479 #4806] DEBUG -- : -------> building selection...
D, [2018-03-31T10:08:40.737784 #4806] DEBUG -- : -------> building new state...
D, [2018-03-31T10:08:40.737883 #4806] DEBUG -- : -------> building new state...
D, [2018-03-31T10:08:40.738106 #4806] DEBUG -- : -------> building selection...
D, [2018-03-31T10:08:40.738428 #4806] DEBUG -- : -------> building new state...
D, [2018-03-31T10:08:40.738530 #4806] DEBUG -- : -------> building new state...
D, [2018-03-31T10:08:40.738707 #4806] DEBUG -- : -------> building selection...
D, [2018-03-31T10:08:40.739050 #4806] DEBUG -- : -------> building new state...
D, [2018-03-31T10:08:40.739180 #4806] DEBUG -- : -------> building new state...
D, [2018-03-31T10:08:40.739366 #4806] DEBUG -- : -------> building selection...
D, [2018-03-31T10:08:40.739672 #4806] DEBUG -- : -------> building new state...
D, [2018-03-31T10:08:40.739769 #4806] DEBUG -- : -------> building new state...
D, [2018-03-31T10:08:40.739962 #4806] DEBUG -- : -------> building selection...
D, [2018-03-31T10:08:40.740272 #4806] DEBUG -- : -------> building new state...
D, [2018-03-31T10:08:40.740393 #4806] DEBUG -- : -------> building new state...
D, [2018-03-31T10:08:40.740578 #4806] DEBUG -- : scoring weighed rated selections...
D, [2018-03-31T10:08:40.740645 #4806] DEBUG -- : Saving scored selections...
D, [2018-03-31T10:08:40.747088 #4806] DEBUG -- : State Score successfully calculated


D, [2018-03-31T10:08:40.747154 #4806] DEBUG -- : Scoring new state: {:rating=>37, :state=>{:unknown=>0, :possibly_lighter=>1, :possibly_heavier=>0, :normal=>7}}
D, [2018-03-31T10:08:40.747177 #4806] DEBUG -- : State Score successfully calculated


D, [2018-03-31T10:08:40.747212 #4806] DEBUG -- : Scoring new state: {:rating=>32, :state=>{:unknown=>1, :possibly_lighter=>1, :possibly_heavier=>0, :normal=>6}}
D, [2018-03-31T10:08:40.749839 #4806] DEBUG -- : calculating updated score for older state...
D, [2018-03-31T10:08:40.753370 #4806] DEBUG -- : generating weighed rated selections...
D, [2018-03-31T10:08:40.754160 #4806] DEBUG -- : -------> building selection...
D, [2018-03-31T10:08:40.755084 #4806] DEBUG -- : -------> building new state...
D, [2018-03-31T10:08:40.755411 #4806] DEBUG -- : -------> building new state...
D, [2018-03-31T10:08:40.755657 #4806] DEBUG -- : -------> building selection...
D, [2018-03-31T10:08:40.756018 #4806] DEBUG -- : -------> building new state...
D, [2018-03-31T10:08:40.756119 #4806] DEBUG -- : -------> building new state...
D, [2018-03-31T10:08:40.756306 #4806] DEBUG -- : -------> building selection...
D, [2018-03-31T10:08:40.756621 #4806] DEBUG -- : -------> building new state...
D, [2018-03-31T10:08:40.756721 #4806] DEBUG -- : -------> building new state...
D, [2018-03-31T10:08:40.756924 #4806] DEBUG -- : -------> building selection...
D, [2018-03-31T10:08:40.757242 #4806] DEBUG -- : -------> building new state...
D, [2018-03-31T10:08:40.757341 #4806] DEBUG -- : -------> building new state...
D, [2018-03-31T10:08:40.757520 #4806] DEBUG -- : -------> building selection...
D, [2018-03-31T10:08:40.757836 #4806] DEBUG -- : -------> building new state...
D, [2018-03-31T10:08:40.757970 #4806] DEBUG -- : -------> building new state...
D, [2018-03-31T10:08:40.758149 #4806] DEBUG -- : -------> building selection...
D, [2018-03-31T10:08:40.758464 #4806] DEBUG -- : -------> building new state...
D, [2018-03-31T10:08:40.758565 #4806] DEBUG -- : -------> building new state...
D, [2018-03-31T10:08:40.758742 #4806] DEBUG -- : -------> building selection...
D, [2018-03-31T10:08:40.759089 #4806] DEBUG -- : -------> building new state...
D, [2018-03-31T10:08:40.759190 #4806] DEBUG -- : -------> building new state...
D, [2018-03-31T10:08:40.759376 #4806] DEBUG -- : -------> building selection...
D, [2018-03-31T10:08:40.759717 #4806] DEBUG -- : -------> building new state...
D, [2018-03-31T10:08:40.759821 #4806] DEBUG -- : -------> building new state...
D, [2018-03-31T10:08:40.760001 #4806] DEBUG -- : -------> building selection...
D, [2018-03-31T10:08:40.760342 #4806] DEBUG -- : -------> building new state...
D, [2018-03-31T10:08:40.760468 #4806] DEBUG -- : -------> building new state...
D, [2018-03-31T10:08:40.760649 #4806] DEBUG -- : -------> building selection...
D, [2018-03-31T10:08:40.760974 #4806] DEBUG -- : -------> building new state...
D, [2018-03-31T10:08:40.761109 #4806] DEBUG -- : -------> building new state...
D, [2018-03-31T10:08:40.761315 #4806] DEBUG -- : -------> building selection...
D, [2018-03-31T10:08:40.761939 #4806] DEBUG -- : -------> building new state...
D, [2018-03-31T10:08:40.763583 #4806] DEBUG -- : -------> building new state...
D, [2018-03-31T10:08:40.763845 #4806] DEBUG -- : -------> building selection...
D, [2018-03-31T10:08:40.764200 #4806] DEBUG -- : -------> building new state...
D, [2018-03-31T10:08:40.764358 #4806] DEBUG -- : -------> building new state...
D, [2018-03-31T10:08:40.764584 #4806] DEBUG -- : -------> building selection...
D, [2018-03-31T10:08:40.765008 #4806] DEBUG -- : -------> building new state...
D, [2018-03-31T10:08:40.765133 #4806] DEBUG -- : -------> building new state...
D, [2018-03-31T10:08:40.765475 #4806] DEBUG -- : -------> building selection...
D, [2018-03-31T10:08:40.765807 #4806] DEBUG -- : -------> building new state...
D, [2018-03-31T10:08:40.765908 #4806] DEBUG -- : -------> building new state...
D, [2018-03-31T10:08:40.766098 #4806] DEBUG -- : -------> building selection...
D, [2018-03-31T10:08:40.766421 #4806] DEBUG -- : -------> building new state...
D, [2018-03-31T10:08:40.766520 #4806] DEBUG -- : -------> building new state...
D, [2018-03-31T10:08:40.766715 #4806] DEBUG -- : -------> building selection...
D, [2018-03-31T10:08:40.767050 #4806] DEBUG -- : -------> building new state...
D, [2018-03-31T10:08:40.767159 #4806] DEBUG -- : -------> building new state...
D, [2018-03-31T10:08:40.767339 #4806] DEBUG -- : -------> building selection...
D, [2018-03-31T10:08:40.767658 #4806] DEBUG -- : -------> building new state...
D, [2018-03-31T10:08:40.767757 #4806] DEBUG -- : -------> building new state...
D, [2018-03-31T10:08:40.767953 #4806] DEBUG -- : -------> building selection...
D, [2018-03-31T10:08:40.768301 #4806] DEBUG -- : -------> building new state...
D, [2018-03-31T10:08:40.768405 #4806] DEBUG -- : -------> building new state...
D, [2018-03-31T10:08:40.768584 #4806] DEBUG -- : -------> building selection...
D, [2018-03-31T10:08:40.768969 #4806] DEBUG -- : -------> building new state...
D, [2018-03-31T10:08:40.769169 #4806] DEBUG -- : -------> building new state...
D, [2018-03-31T10:08:40.769412 #4806] DEBUG -- : -------> building selection...
D, [2018-03-31T10:08:40.769765 #4806] DEBUG -- : -------> building new state...
D, [2018-03-31T10:08:40.769942 #4806] DEBUG -- : -------> building new state...
D, [2018-03-31T10:08:40.770146 #4806] DEBUG -- : -------> building selection...
D, [2018-03-31T10:08:40.770468 #4806] DEBUG -- : -------> building new state...
D, [2018-03-31T10:08:40.770594 #4806] DEBUG -- : -------> building new state...
D, [2018-03-31T10:08:40.770781 #4806] DEBUG -- : -------> building selection...
D, [2018-03-31T10:08:40.771113 #4806] DEBUG -- : -------> building new state...
D, [2018-03-31T10:08:40.771215 #4806] DEBUG -- : -------> building new state...
D, [2018-03-31T10:08:40.771424 #4806] DEBUG -- : -------> building selection...
D, [2018-03-31T10:08:40.771742 #4806] DEBUG -- : -------> building new state...
D, [2018-03-31T10:08:40.771843 #4806] DEBUG -- : -------> building new state...
D, [2018-03-31T10:08:40.772020 #4806] DEBUG -- : -------> building selection...
D, [2018-03-31T10:08:40.772361 #4806] DEBUG -- : -------> building new state...
D, [2018-03-31T10:08:40.772463 #4806] DEBUG -- : -------> building new state...
D, [2018-03-31T10:08:40.772642 #4806] DEBUG -- : -------> building selection...
D, [2018-03-31T10:08:40.772977 #4806] DEBUG -- : -------> building new state...
D, [2018-03-31T10:08:40.773079 #4806] DEBUG -- : -------> building new state...
D, [2018-03-31T10:08:40.773279 #4806] DEBUG -- : -------> building selection...
D, [2018-03-31T10:08:40.773590 #4806] DEBUG -- : -------> building new state...
D, [2018-03-31T10:08:40.773698 #4806] DEBUG -- : -------> building new state...
D, [2018-03-31T10:08:40.773908 #4806] DEBUG -- : scoring weighed rated selections...
D, [2018-03-31T10:08:40.773994 #4806] DEBUG -- : Saving scored selections...
D, [2018-03-31T10:08:40.780711 #4806] DEBUG -- : State Score successfully calculated


D, [2018-03-31T10:08:40.780780 #4806] DEBUG -- : Scoring new state: {:rating=>37, :state=>{:unknown=>0, :possibly_lighter=>1, :possibly_heavier=>0, :normal=>7}}
D, [2018-03-31T10:08:40.780804 #4806] DEBUG -- : State Score successfully calculated


D, [2018-03-31T10:08:40.780839 #4806] DEBUG -- : Scoring new state: {:rating=>31, :state=>{:unknown=>0, :possibly_lighter=>2, :possibly_heavier=>1, :normal=>5}}
D, [2018-03-31T10:08:40.783558 #4806] DEBUG -- : calculating updated score for older state...
D, [2018-03-31T10:08:40.787073 #4806] DEBUG -- : generating weighed rated selections...
D, [2018-03-31T10:08:40.980826 #4806] DEBUG -- : scoring weighed rated selections...
D, [2018-03-31T10:08:40.980994 #4806] DEBUG -- : Saving scored selections...
D, [2018-03-31T10:08:40.989546 #4806] DEBUG -- : State Score successfully calculated


D, [2018-03-31T10:08:40.989634 #4806] DEBUG -- : Scoring new state: {:rating=>37, :state=>{:unknown=>0, :possibly_lighter=>1, :possibly_heavier=>0, :normal=>7}}
D, [2018-03-31T10:08:40.989661 #4806] DEBUG -- : State Score successfully calculated


D, [2018-03-31T10:08:40.989697 #4806] DEBUG -- : Scoring new state: {:rating=>31, :state=>{:unknown=>0, :possibly_lighter=>2, :possibly_heavier=>1, :normal=>5}}
D, [2018-03-31T10:08:40.992201 #4806] DEBUG -- : calculating updated score for older state...
D, [2018-03-31T10:08:40.995726 #4806] DEBUG -- : generating weighed rated selections...
D, [2018-03-31T10:08:40.996580 #4806] DEBUG -- : -------> building selection...
D, [2018-03-31T10:08:40.997432 #4806] DEBUG -- : -------> building new state...
D, [2018-03-31T10:08:40.997769 #4806] DEBUG -- : -------> building new state...
D, [2018-03-31T10:08:40.998008 #4806] DEBUG -- : -------> building selection...
D, [2018-03-31T10:08:40.998415 #4806] DEBUG -- : -------> building new state...
D, [2018-03-31T10:08:40.998518 #4806] DEBUG -- : -------> building new state...
D, [2018-03-31T10:08:40.998708 #4806] DEBUG -- : -------> building selection...
D, [2018-03-31T10:08:40.999182 #4806] DEBUG -- : -------> building new state...
D, [2018-03-31T10:08:40.999286 #4806] DEBUG -- : -------> building new state...
D, [2018-03-31T10:08:40.999476 #4806] DEBUG -- : -------> building selection...
D, [2018-03-31T10:08:40.999841 #4806] DEBUG -- : -------> building new state...
D, [2018-03-31T10:08:40.999941 #4806] DEBUG -- : -------> building new state...
D, [2018-03-31T10:08:41.000123 #4806] DEBUG -- : -------> building selection...
D, [2018-03-31T10:08:41.000439 #4806] DEBUG -- : -------> building new state...
D, [2018-03-31T10:08:41.000537 #4806] DEBUG -- : -------> building new state...
D, [2018-03-31T10:08:41.000722 #4806] DEBUG -- : -------> building selection...
D, [2018-03-31T10:08:41.001077 #4806] DEBUG -- : -------> building new state...
D, [2018-03-31T10:08:41.001178 #4806] DEBUG -- : -------> building new state...
D, [2018-03-31T10:08:41.001359 #4806] DEBUG -- : -------> building selection...
D, [2018-03-31T10:08:41.001677 #4806] DEBUG -- : -------> building new state...
D, [2018-03-31T10:08:41.001774 #4806] DEBUG -- : -------> building new state...
D, [2018-03-31T10:08:41.002000 #4806] DEBUG -- : -------> building selection...
D, [2018-03-31T10:08:41.002319 #4806] DEBUG -- : -------> building new state...
D, [2018-03-31T10:08:41.002415 #4806] DEBUG -- : -------> building new state...
D, [2018-03-31T10:08:41.002612 #4806] DEBUG -- : -------> building selection...
D, [2018-03-31T10:08:41.002940 #4806] DEBUG -- : -------> building new state...
D, [2018-03-31T10:08:41.003041 #4806] DEBUG -- : -------> building new state...
D, [2018-03-31T10:08:41.003274 #4806] DEBUG -- : -------> building selection...
D, [2018-03-31T10:08:41.003596 #4806] DEBUG -- : -------> building new state...
D, [2018-03-31T10:08:41.003693 #4806] DEBUG -- : -------> building new state...
D, [2018-03-31T10:08:41.003876 #4806] DEBUG -- : -------> building selection...
D, [2018-03-31T10:08:41.004192 #4806] DEBUG -- : -------> building new state...
D, [2018-03-31T10:08:41.004322 #4806] DEBUG -- : -------> building new state...
D, [2018-03-31T10:08:41.004510 #4806] DEBUG -- : -------> building selection...
D, [2018-03-31T10:08:41.004826 #4806] DEBUG -- : -------> building new state...
D, [2018-03-31T10:08:41.004923 #4806] DEBUG -- : -------> building new state...
D, [2018-03-31T10:08:41.005105 #4806] DEBUG -- : -------> building selection...
D, [2018-03-31T10:08:41.005423 #4806] DEBUG -- : -------> building new state...
D, [2018-03-31T10:08:41.005553 #4806] DEBUG -- : -------> building new state...
D, [2018-03-31T10:08:41.005740 #4806] DEBUG -- : -------> building selection...
D, [2018-03-31T10:08:41.006059 #4806] DEBUG -- : -------> building new state...
D, [2018-03-31T10:08:41.006172 #4806] DEBUG -- : -------> building new state...
D, [2018-03-31T10:08:41.006354 #4806] DEBUG -- : -------> building selection...
D, [2018-03-31T10:08:41.006709 #4806] DEBUG -- : -------> building new state...
D, [2018-03-31T10:08:41.006816 #4806] DEBUG -- : -------> building new state...
D, [2018-03-31T10:08:41.007006 #4806] DEBUG -- : -------> building selection...
D, [2018-03-31T10:08:41.007327 #4806] DEBUG -- : -------> building new state...
D, [2018-03-31T10:08:41.007425 #4806] DEBUG -- : -------> building new state...
D, [2018-03-31T10:08:41.007610 #4806] DEBUG -- : -------> building selection...
D, [2018-03-31T10:08:41.007965 #4806] DEBUG -- : -------> building new state...
D, [2018-03-31T10:08:41.008064 #4806] DEBUG -- : -------> building new state...
D, [2018-03-31T10:08:41.008247 #4806] DEBUG -- : -------> building selection...
D, [2018-03-31T10:08:41.008564 #4806] DEBUG -- : -------> building new state...
D, [2018-03-31T10:08:41.008661 #4806] DEBUG -- : -------> building new state...
D, [2018-03-31T10:08:41.008844 #4806] DEBUG -- : -------> building selection...
D, [2018-03-31T10:08:41.009200 #4806] DEBUG -- : -------> building new state...
D, [2018-03-31T10:08:41.009300 #4806] DEBUG -- : -------> building new state...
D, [2018-03-31T10:08:41.009501 #4806] DEBUG -- : -------> building selection...
D, [2018-03-31T10:08:41.009819 #4806] DEBUG -- : -------> building new state...
D, [2018-03-31T10:08:41.009917 #4806] DEBUG -- : -------> building new state...
D, [2018-03-31T10:08:41.010099 #4806] DEBUG -- : -------> building selection...
D, [2018-03-31T10:08:41.012570 #4806] DEBUG -- : -------> building new state...
D, [2018-03-31T10:08:41.012759 #4806] DEBUG -- : -------> building new state...
D, [2018-03-31T10:08:41.012970 #4806] DEBUG -- : -------> building selection...
D, [2018-03-31T10:08:41.013309 #4806] DEBUG -- : -------> building new state...
D, [2018-03-31T10:08:41.013410 #4806] DEBUG -- : -------> building new state...
D, [2018-03-31T10:08:41.013643 #4806] DEBUG -- : -------> building selection...
D, [2018-03-31T10:08:41.013968 #4806] DEBUG -- : -------> building new state...
D, [2018-03-31T10:08:41.014065 #4806] DEBUG -- : -------> building new state...
D, [2018-03-31T10:08:41.014248 #4806] DEBUG -- : -------> building selection...
D, [2018-03-31T10:08:41.014571 #4806] DEBUG -- : -------> building new state...
D, [2018-03-31T10:08:41.014672 #4806] DEBUG -- : -------> building new state...
D, [2018-03-31T10:08:41.014912 #4806] DEBUG -- : -------> building selection...
D, [2018-03-31T10:08:41.015241 #4806] DEBUG -- : -------> building new state...
D, [2018-03-31T10:08:41.015341 #4806] DEBUG -- : -------> building new state...
D, [2018-03-31T10:08:41.015525 #4806] DEBUG -- : -------> building selection...
D, [2018-03-31T10:08:41.015848 #4806] DEBUG -- : -------> building new state...
D, [2018-03-31T10:08:41.015980 #4806] DEBUG -- : -------> building new state...
D, [2018-03-31T10:08:41.016169 #4806] DEBUG -- : -------> building selection...
D, [2018-03-31T10:08:41.016484 #4806] DEBUG -- : -------> building new state...
D, [2018-03-31T10:08:41.016582 #4806] DEBUG -- : -------> building new state...
D, [2018-03-31T10:08:41.016765 #4806] DEBUG -- : -------> building selection...
D, [2018-03-31T10:08:41.017081 #4806] DEBUG -- : -------> building new state...
D, [2018-03-31T10:08:41.017216 #4806] DEBUG -- : -------> building new state...
D, [2018-03-31T10:08:41.017400 #4806] DEBUG -- : -------> building selection...
D, [2018-03-31T10:08:41.017716 #4806] DEBUG -- : -------> building new state...
D, [2018-03-31T10:08:41.017818 #4806] DEBUG -- : -------> building new state...
D, [2018-03-31T10:08:41.018006 #4806] DEBUG -- : -------> building selection...
D, [2018-03-31T10:08:41.018363 #4806] DEBUG -- : -------> building new state...
D, [2018-03-31T10:08:41.018463 #4806] DEBUG -- : -------> building new state...
D, [2018-03-31T10:08:41.018647 #4806] DEBUG -- : -------> building selection...
D, [2018-03-31T10:08:41.018980 #4806] DEBUG -- : -------> building new state...
D, [2018-03-31T10:08:41.019079 #4806] DEBUG -- : -------> building new state...
D, [2018-03-31T10:08:41.019275 #4806] DEBUG -- : -------> building selection...
D, [2018-03-31T10:08:41.019636 #4806] DEBUG -- : -------> building new state...
D, [2018-03-31T10:08:41.019734 #4806] DEBUG -- : -------> building new state...
D, [2018-03-31T10:08:41.019956 #4806] DEBUG -- : -------> building selection...
D, [2018-03-31T10:08:41.020277 #4806] DEBUG -- : -------> building new state...
D, [2018-03-31T10:08:41.020378 #4806] DEBUG -- : -------> building new state...
D, [2018-03-31T10:08:41.020564 #4806] DEBUG -- : -------> building selection...
D, [2018-03-31T10:08:41.020924 #4806] DEBUG -- : -------> building new state...
D, [2018-03-31T10:08:41.021024 #4806] DEBUG -- : -------> building new state...
D, [2018-03-31T10:08:41.021207 #4806] DEBUG -- : -------> building selection...
D, [2018-03-31T10:08:41.021533 #4806] DEBUG -- : -------> building new state...
D, [2018-03-31T10:08:41.021634 #4806] DEBUG -- : -------> building new state...
D, [2018-03-31T10:08:41.021851 #4806] DEBUG -- : -------> building selection...
D, [2018-03-31T10:08:41.022188 #4806] DEBUG -- : -------> building new state...
D, [2018-03-31T10:08:41.022293 #4806] DEBUG -- : -------> building new state...
D, [2018-03-31T10:08:41.022478 #4806] DEBUG -- : -------> building selection...
D, [2018-03-31T10:08:41.022810 #4806] DEBUG -- : -------> building new state...
D, [2018-03-31T10:08:41.022918 #4806] DEBUG -- : -------> building new state...
D, [2018-03-31T10:08:41.023139 #4806] DEBUG -- : -------> building selection...
D, [2018-03-31T10:08:41.023460 #4806] DEBUG -- : -------> building new state...
D, [2018-03-31T10:08:41.023559 #4806] DEBUG -- : -------> building new state...
D, [2018-03-31T10:08:41.023742 #4806] DEBUG -- : -------> building selection...
D, [2018-03-31T10:08:41.024063 #4806] DEBUG -- : -------> building new state...
D, [2018-03-31T10:08:41.024196 #4806] DEBUG -- : -------> building new state...
D, [2018-03-31T10:08:41.024387 #4806] DEBUG -- : scoring weighed rated selections...
D, [2018-03-31T10:08:41.024465 #4806] DEBUG -- : Saving scored selections...
D, [2018-03-31T10:08:41.031804 #4806] DEBUG -- : State Score successfully calculated


D, [2018-03-31T10:08:41.031875 #4806] DEBUG -- : Scoring new state: {:rating=>37, :state=>{:unknown=>0, :possibly_lighter=>1, :possibly_heavier=>0, :normal=>7}}
D, [2018-03-31T10:08:41.031901 #4806] DEBUG -- : State Score successfully calculated


D, [2018-03-31T10:08:41.031936 #4806] DEBUG -- : Scoring new state: {:rating=>37, :state=>{:unknown=>0, :possibly_lighter=>0, :possibly_heavier=>1, :normal=>7}}
D, [2018-03-31T10:08:41.031957 #4806] DEBUG -- : State Score successfully calculated


D, [2018-03-31T10:08:41.031982 #4806] DEBUG -- : Scoring new state: {:rating=>31, :state=>{:unknown=>0, :possibly_lighter=>3, :possibly_heavier=>0, :normal=>5}}
D, [2018-03-31T10:08:41.034614 #4806] DEBUG -- : calculating updated score for older state...
D, [2018-03-31T10:08:41.038125 #4806] DEBUG -- : generating weighed rated selections...
D, [2018-03-31T10:08:41.128971 #4806] DEBUG -- : scoring weighed rated selections...
D, [2018-03-31T10:08:41.129082 #4806] DEBUG -- : Saving scored selections...
D, [2018-03-31T10:08:41.133088 #4806] DEBUG -- : State Score successfully calculated


D, [2018-03-31T10:08:41.133234 #4806] DEBUG -- : Scoring new state: {:rating=>31, :state=>{:unknown=>0, :possibly_lighter=>2, :possibly_heavier=>1, :normal=>5}}
D, [2018-03-31T10:08:41.135776 #4806] DEBUG -- : calculating updated score for older state...
D, [2018-03-31T10:08:41.139173 #4806] DEBUG -- : generating weighed rated selections...
D, [2018-03-31T10:08:41.140006 #4806] DEBUG -- : -------> building selection...
D, [2018-03-31T10:08:41.140913 #4806] DEBUG -- : -------> building new state...
D, [2018-03-31T10:08:41.141160 #4806] DEBUG -- : -------> building new state...
D, [2018-03-31T10:08:41.141384 #4806] DEBUG -- : -------> building selection...
D, [2018-03-31T10:08:41.141722 #4806] DEBUG -- : -------> building new state...
D, [2018-03-31T10:08:41.141827 #4806] DEBUG -- : -------> building new state...
D, [2018-03-31T10:08:41.142033 #4806] DEBUG -- : -------> building selection...
D, [2018-03-31T10:08:41.142407 #4806] DEBUG -- : -------> building new state...
D, [2018-03-31T10:08:41.142508 #4806] DEBUG -- : -------> building new state...
D, [2018-03-31T10:08:41.142697 #4806] DEBUG -- : -------> building selection...
D, [2018-03-31T10:08:41.143046 #4806] DEBUG -- : -------> building new state...
D, [2018-03-31T10:08:41.143235 #4806] DEBUG -- : -------> building new state...
D, [2018-03-31T10:08:41.145351 #4806] DEBUG -- : -------> building selection...
D, [2018-03-31T10:08:41.145878 #4806] DEBUG -- : -------> building new state...
D, [2018-03-31T10:08:41.146012 #4806] DEBUG -- : -------> building new state...
D, [2018-03-31T10:08:41.146223 #4806] DEBUG -- : -------> building selection...
D, [2018-03-31T10:08:41.146557 #4806] DEBUG -- : -------> building new state...
D, [2018-03-31T10:08:41.146692 #4806] DEBUG -- : -------> building new state...
D, [2018-03-31T10:08:41.146900 #4806] DEBUG -- : -------> building selection...
D, [2018-03-31T10:08:41.147248 #4806] DEBUG -- : -------> building new state...
D, [2018-03-31T10:08:41.147347 #4806] DEBUG -- : -------> building new state...
D, [2018-03-31T10:08:41.147537 #4806] DEBUG -- : -------> building selection...
D, [2018-03-31T10:08:41.147944 #4806] DEBUG -- : -------> building new state...
D, [2018-03-31T10:08:41.148147 #4806] DEBUG -- : -------> building new state...
D, [2018-03-31T10:08:41.148367 #4806] DEBUG -- : -------> building selection...
D, [2018-03-31T10:08:41.148715 #4806] DEBUG -- : -------> building new state...
D, [2018-03-31T10:08:41.148816 #4806] DEBUG -- : -------> building new state...
D, [2018-03-31T10:08:41.149017 #4806] DEBUG -- : -------> building selection...
D, [2018-03-31T10:08:41.149385 #4806] DEBUG -- : -------> building new state...
D, [2018-03-31T10:08:41.149484 #4806] DEBUG -- : -------> building new state...
D, [2018-03-31T10:08:41.149672 #4806] DEBUG -- : -------> building selection...
D, [2018-03-31T10:08:41.150026 #4806] DEBUG -- : -------> building new state...
D, [2018-03-31T10:08:41.150129 #4806] DEBUG -- : -------> building new state...
D, [2018-03-31T10:08:41.150344 #4806] DEBUG -- : -------> building selection...
D, [2018-03-31T10:08:41.150676 #4806] DEBUG -- : -------> building new state...
D, [2018-03-31T10:08:41.150775 #4806] DEBUG -- : -------> building new state...
D, [2018-03-31T10:08:41.150981 #4806] DEBUG -- : -------> building selection...
D, [2018-03-31T10:08:41.151309 #4806] DEBUG -- : -------> building new state...
D, [2018-03-31T10:08:41.151438 #4806] DEBUG -- : -------> building new state...
D, [2018-03-31T10:08:41.151629 #4806] DEBUG -- : -------> building selection...
D, [2018-03-31T10:08:41.151951 #4806] DEBUG -- : -------> building new state...
D, [2018-03-31T10:08:41.152052 #4806] DEBUG -- : -------> building new state...
D, [2018-03-31T10:08:41.152235 #4806] DEBUG -- : -------> building selection...
D, [2018-03-31T10:08:41.152596 #4806] DEBUG -- : -------> building new state...
D, [2018-03-31T10:08:41.152696 #4806] DEBUG -- : -------> building new state...
D, [2018-03-31T10:08:41.152882 #4806] DEBUG -- : -------> building selection...
D, [2018-03-31T10:08:41.153203 #4806] DEBUG -- : -------> building new state...
D, [2018-03-31T10:08:41.153300 #4806] DEBUG -- : -------> building new state...
D, [2018-03-31T10:08:41.153487 #4806] DEBUG -- : -------> building selection...
D, [2018-03-31T10:08:41.153838 #4806] DEBUG -- : -------> building new state...
D, [2018-03-31T10:08:41.153936 #4806] DEBUG -- : -------> building new state...
D, [2018-03-31T10:08:41.154125 #4806] DEBUG -- : -------> building selection...
D, [2018-03-31T10:08:41.154449 #4806] DEBUG -- : -------> building new state...
D, [2018-03-31T10:08:41.154576 #4806] DEBUG -- : -------> building new state...
D, [2018-03-31T10:08:41.154771 #4806] DEBUG -- : -------> building selection...
D, [2018-03-31T10:08:41.155118 #4806] DEBUG -- : -------> building new state...
D, [2018-03-31T10:08:41.155221 #4806] DEBUG -- : -------> building new state...
D, [2018-03-31T10:08:41.155417 #4806] DEBUG -- : -------> building selection...
D, [2018-03-31T10:08:41.155741 #4806] DEBUG -- : -------> building new state...
D, [2018-03-31T10:08:41.155880 #4806] DEBUG -- : -------> building new state...
D, [2018-03-31T10:08:41.156068 #4806] DEBUG -- : -------> building selection...
D, [2018-03-31T10:08:41.156513 #4806] DEBUG -- : -------> building new state...
D, [2018-03-31T10:08:41.156633 #4806] DEBUG -- : -------> building new state...
D, [2018-03-31T10:08:41.156822 #4806] DEBUG -- : -------> building selection...
D, [2018-03-31T10:08:41.157149 #4806] DEBUG -- : -------> building new state...
D, [2018-03-31T10:08:41.157273 #4806] DEBUG -- : -------> building new state...
D, [2018-03-31T10:08:41.157461 #4806] DEBUG -- : -------> building selection...
D, [2018-03-31T10:08:41.157784 #4806] DEBUG -- : -------> building new state...
D, [2018-03-31T10:08:41.157882 #4806] DEBUG -- : -------> building new state...
D, [2018-03-31T10:08:41.158104 #4806] DEBUG -- : -------> building selection...
D, [2018-03-31T10:08:41.158426 #4806] DEBUG -- : -------> building new state...
D, [2018-03-31T10:08:41.158526 #4806] DEBUG -- : -------> building new state...
D, [2018-03-31T10:08:41.158711 #4806] DEBUG -- : -------> building selection...
D, [2018-03-31T10:08:41.159048 #4806] DEBUG -- : -------> building new state...
D, [2018-03-31T10:08:41.159188 #4806] DEBUG -- : -------> building new state...
D, [2018-03-31T10:08:41.159383 #4806] DEBUG -- : -------> building selection...
D, [2018-03-31T10:08:41.159708 #4806] DEBUG -- : -------> building new state...
D, [2018-03-31T10:08:41.159806 #4806] DEBUG -- : -------> building new state...
D, [2018-03-31T10:08:41.159996 #4806] DEBUG -- : -------> building selection...
D, [2018-03-31T10:08:41.160356 #4806] DEBUG -- : -------> building new state...
D, [2018-03-31T10:08:41.160456 #4806] DEBUG -- : -------> building new state...
D, [2018-03-31T10:08:41.160671 #4806] DEBUG -- : -------> building selection...
D, [2018-03-31T10:08:41.160995 #4806] DEBUG -- : -------> building new state...
D, [2018-03-31T10:08:41.161093 #4806] DEBUG -- : -------> building new state...
D, [2018-03-31T10:08:41.161279 #4806] DEBUG -- : -------> building selection...
D, [2018-03-31T10:08:41.161637 #4806] DEBUG -- : -------> building new state...
D, [2018-03-31T10:08:41.161738 #4806] DEBUG -- : -------> building new state...
D, [2018-03-31T10:08:41.161923 #4806] DEBUG -- : -------> building selection...
D, [2018-03-31T10:08:41.162248 #4806] DEBUG -- : -------> building new state...
D, [2018-03-31T10:08:41.162348 #4806] DEBUG -- : -------> building new state...
D, [2018-03-31T10:08:41.162598 #4806] DEBUG -- : -------> building selection...
D, [2018-03-31T10:08:41.162967 #4806] DEBUG -- : -------> building new state...
D, [2018-03-31T10:08:41.163080 #4806] DEBUG -- : -------> building new state...
D, [2018-03-31T10:08:41.163588 #4806] DEBUG -- : -------> building selection...
D, [2018-03-31T10:08:41.164008 #4806] DEBUG -- : -------> building new state...
D, [2018-03-31T10:08:41.164236 #4806] DEBUG -- : -------> building new state...
D, [2018-03-31T10:08:41.164501 #4806] DEBUG -- : -------> building selection...
D, [2018-03-31T10:08:41.164843 #4806] DEBUG -- : -------> building new state...
D, [2018-03-31T10:08:41.164954 #4806] DEBUG -- : -------> building new state...
D, [2018-03-31T10:08:41.165152 #4806] DEBUG -- : -------> building selection...
D, [2018-03-31T10:08:41.165560 #4806] DEBUG -- : -------> building new state...
D, [2018-03-31T10:08:41.165676 #4806] DEBUG -- : -------> building new state...
D, [2018-03-31T10:08:41.165874 #4806] DEBUG -- : -------> building selection...
D, [2018-03-31T10:08:41.166208 #4806] DEBUG -- : -------> building new state...
D, [2018-03-31T10:08:41.166323 #4806] DEBUG -- : -------> building new state...
D, [2018-03-31T10:08:41.166524 #4806] DEBUG -- : -------> building selection...
D, [2018-03-31T10:08:41.166917 #4806] DEBUG -- : -------> building new state...
D, [2018-03-31T10:08:41.167036 #4806] DEBUG -- : -------> building new state...
D, [2018-03-31T10:08:41.167249 #4806] DEBUG -- : -------> building selection...
D, [2018-03-31T10:08:41.167585 #4806] DEBUG -- : -------> building new state...
D, [2018-03-31T10:08:41.167732 #4806] DEBUG -- : -------> building new state...
D, [2018-03-31T10:08:41.167942 #4806] DEBUG -- : -------> building selection...
D, [2018-03-31T10:08:41.168277 #4806] DEBUG -- : -------> building new state...
D, [2018-03-31T10:08:41.168386 #4806] DEBUG -- : -------> building new state...
D, [2018-03-31T10:08:41.168588 #4806] DEBUG -- : -------> building selection...
D, [2018-03-31T10:08:41.168921 #4806] DEBUG -- : -------> building new state...
D, [2018-03-31T10:08:41.169048 #4806] DEBUG -- : -------> building new state...
D, [2018-03-31T10:08:41.169249 #4806] DEBUG -- : scoring weighed rated selections...
D, [2018-03-31T10:08:41.169330 #4806] DEBUG -- : Saving scored selections...
D, [2018-03-31T10:08:41.176730 #4806] DEBUG -- : State Score successfully calculated


D, [2018-03-31T10:08:41.176805 #4806] DEBUG -- : Scoring new state: {:rating=>37, :state=>{:unknown=>0, :possibly_lighter=>1, :possibly_heavier=>0, :normal=>7}}
D, [2018-03-31T10:08:41.176830 #4806] DEBUG -- : State Score successfully calculated


D, [2018-03-31T10:08:41.176865 #4806] DEBUG -- : Scoring new state: {:rating=>31, :state=>{:unknown=>0, :possibly_lighter=>2, :possibly_heavier=>1, :normal=>5}}
D, [2018-03-31T10:08:41.179457 #4806] DEBUG -- : calculating updated score for older state...
D, [2018-03-31T10:08:41.182890 #4806] DEBUG -- : generating weighed rated selections...
D, [2018-03-31T10:08:41.183732 #4806] DEBUG -- : -------> building selection...
D, [2018-03-31T10:08:41.184636 #4806] DEBUG -- : -------> building new state...
D, [2018-03-31T10:08:41.184939 #4806] DEBUG -- : -------> building new state...
D, [2018-03-31T10:08:41.185249 #4806] DEBUG -- : -------> building selection...
D, [2018-03-31T10:08:41.185658 #4806] DEBUG -- : -------> building new state...
D, [2018-03-31T10:08:41.185806 #4806] DEBUG -- : -------> building new state...
D, [2018-03-31T10:08:41.186007 #4806] DEBUG -- : -------> building selection...
D, [2018-03-31T10:08:41.186359 #4806] DEBUG -- : -------> building new state...
D, [2018-03-31T10:08:41.186460 #4806] DEBUG -- : -------> building new state...
D, [2018-03-31T10:08:41.186649 #4806] DEBUG -- : -------> building selection...
D, [2018-03-31T10:08:41.187036 #4806] DEBUG -- : -------> building new state...
D, [2018-03-31T10:08:41.187221 #4806] DEBUG -- : -------> building new state...
D, [2018-03-31T10:08:41.187458 #4806] DEBUG -- : -------> building selection...
D, [2018-03-31T10:08:41.187804 #4806] DEBUG -- : -------> building new state...
D, [2018-03-31T10:08:41.187908 #4806] DEBUG -- : -------> building new state...
D, [2018-03-31T10:08:41.188108 #4806] DEBUG -- : -------> building selection...
D, [2018-03-31T10:08:41.188449 #4806] DEBUG -- : -------> building new state...
D, [2018-03-31T10:08:41.188585 #4806] DEBUG -- : -------> building new state...
D, [2018-03-31T10:08:41.188778 #4806] DEBUG -- : -------> building selection...
D, [2018-03-31T10:08:41.189118 #4806] DEBUG -- : -------> building new state...
D, [2018-03-31T10:08:41.189231 #4806] DEBUG -- : -------> building new state...
D, [2018-03-31T10:08:41.189423 #4806] DEBUG -- : -------> building selection...
D, [2018-03-31T10:08:41.189770 #4806] DEBUG -- : -------> building new state...
D, [2018-03-31T10:08:41.189871 #4806] DEBUG -- : -------> building new state...
D, [2018-03-31T10:08:41.190075 #4806] DEBUG -- : -------> building selection...
D, [2018-03-31T10:08:41.190429 #4806] DEBUG -- : -------> building new state...
D, [2018-03-31T10:08:41.190530 #4806] DEBUG -- : -------> building new state...
D, [2018-03-31T10:08:41.190718 #4806] DEBUG -- : -------> building selection...
D, [2018-03-31T10:08:41.191078 #4806] DEBUG -- : -------> building new state...
D, [2018-03-31T10:08:41.191182 #4806] DEBUG -- : -------> building new state...
D, [2018-03-31T10:08:41.191392 #4806] DEBUG -- : -------> building selection...
D, [2018-03-31T10:08:41.191719 #4806] DEBUG -- : -------> building new state...
D, [2018-03-31T10:08:41.191841 #4806] DEBUG -- : -------> building new state...
D, [2018-03-31T10:08:41.192055 #4806] DEBUG -- : -------> building selection...
D, [2018-03-31T10:08:41.192380 #4806] DEBUG -- : -------> building new state...
D, [2018-03-31T10:08:41.192517 #4806] DEBUG -- : -------> building new state...
D, [2018-03-31T10:08:41.192742 #4806] DEBUG -- : -------> building selection...
D, [2018-03-31T10:08:41.193078 #4806] DEBUG -- : -------> building new state...
D, [2018-03-31T10:08:41.193191 #4806] DEBUG -- : -------> building new state...
D, [2018-03-31T10:08:41.193380 #4806] DEBUG -- : -------> building selection...
D, [2018-03-31T10:08:41.193735 #4806] DEBUG -- : -------> building new state...
D, [2018-03-31T10:08:41.193842 #4806] DEBUG -- : -------> building new state...
D, [2018-03-31T10:08:41.194033 #4806] DEBUG -- : -------> building selection...
D, [2018-03-31T10:08:41.194381 #4806] DEBUG -- : -------> building new state...
D, [2018-03-31T10:08:41.194481 #4806] DEBUG -- : -------> building new state...
D, [2018-03-31T10:08:41.194668 #4806] DEBUG -- : -------> building selection...
D, [2018-03-31T10:08:41.195024 #4806] DEBUG -- : -------> building new state...
D, [2018-03-31T10:08:41.195155 #4806] DEBUG -- : -------> building new state...
D, [2018-03-31T10:08:41.195347 #4806] DEBUG -- : -------> building selection...
D, [2018-03-31T10:08:41.195696 #4806] DEBUG -- : -------> building new state...
D, [2018-03-31T10:08:41.195800 #4806] DEBUG -- : -------> building new state...
D, [2018-03-31T10:08:41.196004 #4806] DEBUG -- : -------> building selection...
D, [2018-03-31T10:08:41.196350 #4806] DEBUG -- : -------> building new state...
D, [2018-03-31T10:08:41.196449 #4806] DEBUG -- : -------> building new state...
D, [2018-03-31T10:08:41.196649 #4806] DEBUG -- : -------> building selection...
D, [2018-03-31T10:08:41.196998 #4806] DEBUG -- : -------> building new state...
D, [2018-03-31T10:08:41.197098 #4806] DEBUG -- : -------> building new state...
D, [2018-03-31T10:08:41.197290 #4806] DEBUG -- : -------> building selection...
D, [2018-03-31T10:08:41.197646 #4806] DEBUG -- : -------> building new state...
D, [2018-03-31T10:08:41.197748 #4806] DEBUG -- : -------> building new state...
D, [2018-03-31T10:08:41.197955 #4806] DEBUG -- : -------> building selection...
D, [2018-03-31T10:08:41.198320 #4806] DEBUG -- : -------> building new state...
D, [2018-03-31T10:08:41.198429 #4806] DEBUG -- : -------> building new state...
D, [2018-03-31T10:08:41.198627 #4806] DEBUG -- : -------> building selection...
D, [2018-03-31T10:08:41.199001 #4806] DEBUG -- : -------> building new state...
D, [2018-03-31T10:08:41.199102 #4806] DEBUG -- : -------> building new state...
D, [2018-03-31T10:08:41.199294 #4806] DEBUG -- : -------> building selection...
D, [2018-03-31T10:08:41.199645 #4806] DEBUG -- : -------> building new state...
D, [2018-03-31T10:08:41.199744 #4806] DEBUG -- : -------> building new state...
D, [2018-03-31T10:08:41.199932 #4806] DEBUG -- : -------> building selection...
D, [2018-03-31T10:08:41.200292 #4806] DEBUG -- : -------> building new state...
D, [2018-03-31T10:08:41.200428 #4806] DEBUG -- : -------> building new state...
D, [2018-03-31T10:08:41.200618 #4806] DEBUG -- : -------> building selection...
D, [2018-03-31T10:08:41.200973 #4806] DEBUG -- : -------> building new state...
D, [2018-03-31T10:08:41.201107 #4806] DEBUG -- : -------> building new state...
D, [2018-03-31T10:08:41.201300 #4806] DEBUG -- : -------> building selection...
D, [2018-03-31T10:08:41.201636 #4806] DEBUG -- : -------> building new state...
D, [2018-03-31T10:08:41.201736 #4806] DEBUG -- : -------> building new state...
D, [2018-03-31T10:08:41.201933 #4806] DEBUG -- : -------> building selection...
D, [2018-03-31T10:08:41.202282 #4806] DEBUG -- : -------> building new state...
D, [2018-03-31T10:08:41.202382 #4806] DEBUG -- : -------> building new state...
D, [2018-03-31T10:08:41.202572 #4806] DEBUG -- : -------> building selection...
D, [2018-03-31T10:08:41.202951 #4806] DEBUG -- : -------> building new state...
D, [2018-03-31T10:08:41.203082 #4806] DEBUG -- : -------> building new state...
D, [2018-03-31T10:08:41.203273 #4806] DEBUG -- : -------> building selection...
D, [2018-03-31T10:08:41.203622 #4806] DEBUG -- : -------> building new state...
D, [2018-03-31T10:08:41.203726 #4806] DEBUG -- : -------> building new state...
D, [2018-03-31T10:08:41.203915 #4806] DEBUG -- : -------> building selection...
D, [2018-03-31T10:08:41.204268 #4806] DEBUG -- : -------> building new state...
D, [2018-03-31T10:08:41.204371 #4806] DEBUG -- : -------> building new state...
D, [2018-03-31T10:08:41.204557 #4806] DEBUG -- : -------> building selection...
D, [2018-03-31T10:08:41.204900 #4806] DEBUG -- : -------> building new state...
D, [2018-03-31T10:08:41.204999 #4806] DEBUG -- : -------> building new state...
D, [2018-03-31T10:08:41.205189 #4806] DEBUG -- : -------> building selection...
D, [2018-03-31T10:08:41.205562 #4806] DEBUG -- : -------> building new state...
D, [2018-03-31T10:08:41.205679 #4806] DEBUG -- : -------> building new state...
D, [2018-03-31T10:08:41.205879 #4806] DEBUG -- : -------> building selection...
D, [2018-03-31T10:08:41.206231 #4806] DEBUG -- : -------> building new state...
D, [2018-03-31T10:08:41.207797 #4806] DEBUG -- : -------> building new state...
D, [2018-03-31T10:08:41.208935 #4806] DEBUG -- : -------> building selection...
D, [2018-03-31T10:08:41.209324 #4806] DEBUG -- : -------> building new state...
D, [2018-03-31T10:08:41.209504 #4806] DEBUG -- : -------> building new state...
D, [2018-03-31T10:08:41.209728 #4806] DEBUG -- : -------> building selection...
D, [2018-03-31T10:08:41.210110 #4806] DEBUG -- : -------> building new state...
D, [2018-03-31T10:08:41.210213 #4806] DEBUG -- : -------> building new state...
D, [2018-03-31T10:08:41.210417 #4806] DEBUG -- : -------> building selection...
D, [2018-03-31T10:08:41.210766 #4806] DEBUG -- : -------> building new state...
D, [2018-03-31T10:08:41.210880 #4806] DEBUG -- : -------> building new state...
D, [2018-03-31T10:08:41.211071 #4806] DEBUG -- : -------> building selection...
D, [2018-03-31T10:08:41.211421 #4806] DEBUG -- : -------> building new state...
D, [2018-03-31T10:08:41.211542 #4806] DEBUG -- : -------> building new state...
D, [2018-03-31T10:08:41.211731 #4806] DEBUG -- : -------> building selection...
D, [2018-03-31T10:08:41.212055 #4806] DEBUG -- : -------> building new state...
D, [2018-03-31T10:08:41.212158 #4806] DEBUG -- : -------> building new state...
D, [2018-03-31T10:08:41.212359 #4806] DEBUG -- : -------> building selection...
D, [2018-03-31T10:08:41.212685 #4806] DEBUG -- : -------> building new state...
D, [2018-03-31T10:08:41.212808 #4806] DEBUG -- : -------> building new state...
D, [2018-03-31T10:08:41.212997 #4806] DEBUG -- : scoring weighed rated selections...
D, [2018-03-31T10:08:41.213076 #4806] DEBUG -- : Saving scored selections...
D, [2018-03-31T10:08:41.220392 #4806] DEBUG -- : State Score successfully calculated


D, [2018-03-31T10:08:41.220460 #4806] DEBUG -- : Scoring new state: {:rating=>37, :state=>{:unknown=>0, :possibly_lighter=>1, :possibly_heavier=>0, :normal=>7}}
D, [2018-03-31T10:08:41.220485 #4806] DEBUG -- : State Score successfully calculated


D, [2018-03-31T10:08:41.220520 #4806] DEBUG -- : Scoring new state: {:rating=>37, :state=>{:unknown=>0, :possibly_lighter=>0, :possibly_heavier=>1, :normal=>7}}
D, [2018-03-31T10:08:41.220540 #4806] DEBUG -- : State Score successfully calculated


D, [2018-03-31T10:08:41.220565 #4806] DEBUG -- : Scoring new state: {:rating=>31, :state=>{:unknown=>0, :possibly_lighter=>3, :possibly_heavier=>0, :normal=>5}}
D, [2018-03-31T10:08:41.223208 #4806] DEBUG -- : calculating updated score for older state...
D, [2018-03-31T10:08:41.226712 #4806] DEBUG -- : generating weighed rated selections...
D, [2018-03-31T10:08:41.227556 #4806] DEBUG -- : -------> building selection...
D, [2018-03-31T10:08:41.228439 #4806] DEBUG -- : -------> building new state...
D, [2018-03-31T10:08:41.228738 #4806] DEBUG -- : -------> building new state...
D, [2018-03-31T10:08:41.229010 #4806] DEBUG -- : -------> building selection...
D, [2018-03-31T10:08:41.229486 #4806] DEBUG -- : -------> building new state...
D, [2018-03-31T10:08:41.229607 #4806] DEBUG -- : -------> building new state...
D, [2018-03-31T10:08:41.229827 #4806] DEBUG -- : -------> building selection...
D, [2018-03-31T10:08:41.230174 #4806] DEBUG -- : -------> building new state...
D, [2018-03-31T10:08:41.230274 #4806] DEBUG -- : -------> building new state...
D, [2018-03-31T10:08:41.230461 #4806] DEBUG -- : -------> building selection...
D, [2018-03-31T10:08:41.230816 #4806] DEBUG -- : -------> building new state...
D, [2018-03-31T10:08:41.230935 #4806] DEBUG -- : -------> building new state...
D, [2018-03-31T10:08:41.231131 #4806] DEBUG -- : -------> building selection...
D, [2018-03-31T10:08:41.231479 #4806] DEBUG -- : -------> building new state...
D, [2018-03-31T10:08:41.231586 #4806] DEBUG -- : -------> building new state...
D, [2018-03-31T10:08:41.231790 #4806] DEBUG -- : -------> building selection...
D, [2018-03-31T10:08:41.232133 #4806] DEBUG -- : -------> building new state...
D, [2018-03-31T10:08:41.232331 #4806] DEBUG -- : -------> building selection...
D, [2018-03-31T10:08:41.232666 #4806] DEBUG -- : -------> building new state...
D, [2018-03-31T10:08:41.232771 #4806] DEBUG -- : -------> building new state...
D, [2018-03-31T10:08:41.232968 #4806] DEBUG -- : -------> building selection...
D, [2018-03-31T10:08:41.233301 #4806] DEBUG -- : -------> building new state...
D, [2018-03-31T10:08:41.233412 #4806] DEBUG -- : -------> building new state...
D, [2018-03-31T10:08:41.233618 #4806] DEBUG -- : -------> building selection...
D, [2018-03-31T10:08:41.233936 #4806] DEBUG -- : -------> building new state...
D, [2018-03-31T10:08:41.234045 #4806] DEBUG -- : -------> building new state...
D, [2018-03-31T10:08:41.234239 #4806] DEBUG -- : -------> building selection...
D, [2018-03-31T10:08:41.234573 #4806] DEBUG -- : -------> building new state...
D, [2018-03-31T10:08:41.234678 #4806] DEBUG -- : -------> building new state...
D, [2018-03-31T10:08:41.234897 #4806] DEBUG -- : -------> building selection...
D, [2018-03-31T10:08:41.235241 #4806] DEBUG -- : -------> building new state...
D, [2018-03-31T10:08:41.235352 #4806] DEBUG -- : -------> building new state...
D, [2018-03-31T10:08:41.235553 #4806] DEBUG -- : -------> building selection...
D, [2018-03-31T10:08:41.235896 #4806] DEBUG -- : -------> building new state...
D, [2018-03-31T10:08:41.235997 #4806] DEBUG -- : -------> building new state...
D, [2018-03-31T10:08:41.236194 #4806] DEBUG -- : -------> building selection...
D, [2018-03-31T10:08:41.236527 #4806] DEBUG -- : -------> building new state...
D, [2018-03-31T10:08:41.236627 #4806] DEBUG -- : -------> building new state...
D, [2018-03-31T10:08:41.236829 #4806] DEBUG -- : -------> building selection...
D, [2018-03-31T10:08:41.237208 #4806] DEBUG -- : -------> building new state...
D, [2018-03-31T10:08:41.237415 #4806] DEBUG -- : -------> building new state...
D, [2018-03-31T10:08:41.237641 #4806] DEBUG -- : -------> building selection...
D, [2018-03-31T10:08:41.238003 #4806] DEBUG -- : -------> building new state...
D, [2018-03-31T10:08:41.238117 #4806] DEBUG -- : -------> building new state...
D, [2018-03-31T10:08:41.238315 #4806] DEBUG -- : -------> building selection...
D, [2018-03-31T10:08:41.238676 #4806] DEBUG -- : -------> building new state...
D, [2018-03-31T10:08:41.238784 #4806] DEBUG -- : -------> building new state...
D, [2018-03-31T10:08:41.239007 #4806] DEBUG -- : -------> building selection...
D, [2018-03-31T10:08:41.239366 #4806] DEBUG -- : -------> building new state...
D, [2018-03-31T10:08:41.239479 #4806] DEBUG -- : -------> building new state...
D, [2018-03-31T10:08:41.239678 #4806] DEBUG -- : -------> building selection...
D, [2018-03-31T10:08:41.240041 #4806] DEBUG -- : -------> building new state...
D, [2018-03-31T10:08:41.240257 #4806] DEBUG -- : -------> building selection...
D, [2018-03-31T10:08:41.240639 #4806] DEBUG -- : -------> building new state...
D, [2018-03-31T10:08:41.240959 #4806] DEBUG -- : scoring weighed rated selections...
D, [2018-03-31T10:08:41.241024 #4806] DEBUG -- : Saving scored selections...
D, [2018-03-31T10:08:41.245201 #4806] DEBUG -- : State Score successfully calculated


D, [2018-03-31T10:08:41.245280 #4806] DEBUG -- : Scoring new state: {:rating=>37, :state=>{:unknown=>0, :possibly_lighter=>0, :possibly_heavier=>1, :normal=>7}}
D, [2018-03-31T10:08:41.245305 #4806] DEBUG -- : State Score successfully calculated


D, [2018-03-31T10:08:41.245339 #4806] DEBUG -- : Scoring new state: {:rating=>31, :state=>{:unknown=>0, :possibly_lighter=>3, :possibly_heavier=>0, :normal=>5}}
D, [2018-03-31T10:08:41.247992 #4806] DEBUG -- : calculating updated score for older state...
D, [2018-03-31T10:08:41.251475 #4806] DEBUG -- : generating weighed rated selections...
D, [2018-03-31T10:08:41.252266 #4806] DEBUG -- : -------> building selection...
D, [2018-03-31T10:08:41.253127 #4806] DEBUG -- : -------> building new state...
D, [2018-03-31T10:08:41.254056 #4806] DEBUG -- : -------> building new state...
D, [2018-03-31T10:08:41.254406 #4806] DEBUG -- : -------> building selection...
D, [2018-03-31T10:08:41.254760 #4806] DEBUG -- : -------> building new state...
D, [2018-03-31T10:08:41.254880 #4806] DEBUG -- : -------> building new state...
D, [2018-03-31T10:08:41.255080 #4806] DEBUG -- : -------> building selection...
D, [2018-03-31T10:08:41.255471 #4806] DEBUG -- : -------> building new state...
D, [2018-03-31T10:08:41.255573 #4806] DEBUG -- : -------> building new state...
D, [2018-03-31T10:08:41.255766 #4806] DEBUG -- : -------> building selection...
D, [2018-03-31T10:08:41.256095 #4806] DEBUG -- : -------> building new state...
D, [2018-03-31T10:08:41.256194 #4806] DEBUG -- : -------> building new state...
D, [2018-03-31T10:08:41.256460 #4806] DEBUG -- : -------> building selection...
D, [2018-03-31T10:08:41.256795 #4806] DEBUG -- : -------> building new state...
D, [2018-03-31T10:08:41.256893 #4806] DEBUG -- : -------> building new state...
D, [2018-03-31T10:08:41.257079 #4806] DEBUG -- : -------> building selection...
D, [2018-03-31T10:08:41.257464 #4806] DEBUG -- : -------> building new state...
D, [2018-03-31T10:08:41.257660 #4806] DEBUG -- : -------> building selection...
D, [2018-03-31T10:08:41.257981 #4806] DEBUG -- : -------> building new state...
D, [2018-03-31T10:08:41.258078 #4806] DEBUG -- : -------> building new state...
D, [2018-03-31T10:08:41.258263 #4806] DEBUG -- : -------> building selection...
D, [2018-03-31T10:08:41.258665 #4806] DEBUG -- : -------> building new state...
D, [2018-03-31T10:08:41.258769 #4806] DEBUG -- : -------> building new state...
D, [2018-03-31T10:08:41.258967 #4806] DEBUG -- : -------> building selection...
D, [2018-03-31T10:08:41.259291 #4806] DEBUG -- : -------> building new state...
D, [2018-03-31T10:08:41.259390 #4806] DEBUG -- : -------> building new state...
D, [2018-03-31T10:08:41.259574 #4806] DEBUG -- : -------> building selection...
D, [2018-03-31T10:08:41.259963 #4806] DEBUG -- : -------> building new state...
D, [2018-03-31T10:08:41.260062 #4806] DEBUG -- : -------> building new state...
D, [2018-03-31T10:08:41.260250 #4806] DEBUG -- : -------> building selection...
D, [2018-03-31T10:08:41.260573 #4806] DEBUG -- : -------> building new state...
D, [2018-03-31T10:08:41.260673 #4806] DEBUG -- : -------> building new state...
D, [2018-03-31T10:08:41.260932 #4806] DEBUG -- : -------> building selection...
D, [2018-03-31T10:08:41.261256 #4806] DEBUG -- : -------> building new state...
D, [2018-03-31T10:08:41.261354 #4806] DEBUG -- : -------> building new state...
D, [2018-03-31T10:08:41.261539 #4806] DEBUG -- : -------> building selection...
D, [2018-03-31T10:08:41.261932 #4806] DEBUG -- : -------> building new state...
D, [2018-03-31T10:08:41.262034 #4806] DEBUG -- : -------> building new state...
D, [2018-03-31T10:08:41.262219 #4806] DEBUG -- : -------> building selection...
D, [2018-03-31T10:08:41.262540 #4806] DEBUG -- : -------> building new state...
D, [2018-03-31T10:08:41.262639 #4806] DEBUG -- : -------> building new state...
D, [2018-03-31T10:08:41.262846 #4806] DEBUG -- : -------> building selection...
D, [2018-03-31T10:08:41.263256 #4806] DEBUG -- : -------> building new state...
D, [2018-03-31T10:08:41.263362 #4806] DEBUG -- : -------> building new state...
D, [2018-03-31T10:08:41.263548 #4806] DEBUG -- : -------> building selection...
D, [2018-03-31T10:08:41.264132 #4806] DEBUG -- : -------> building new state...
D, [2018-03-31T10:08:41.264248 #4806] DEBUG -- : -------> building new state...
D, [2018-03-31T10:08:41.266575 #4806] DEBUG -- : -------> building selection...
D, [2018-03-31T10:08:41.266990 #4806] DEBUG -- : -------> building new state...
D, [2018-03-31T10:08:41.267179 #4806] DEBUG -- : -------> building new state...
D, [2018-03-31T10:08:41.267384 #4806] DEBUG -- : -------> building selection...
D, [2018-03-31T10:08:41.267778 #4806] DEBUG -- : -------> building new state...
D, [2018-03-31T10:08:41.268042 #4806] DEBUG -- : -------> building selection...
D, [2018-03-31T10:08:41.268368 #4806] DEBUG -- : -------> building new state...
D, [2018-03-31T10:08:41.268565 #4806] DEBUG -- : scoring weighed rated selections...
D, [2018-03-31T10:08:41.268623 #4806] DEBUG -- : Saving scored selections...
D, [2018-03-31T10:08:41.272682 #4806] DEBUG -- : State Score successfully calculated


D, [2018-03-31T10:08:41.272765 #4806] DEBUG -- : Scoring new state: {:rating=>31, :state=>{:unknown=>0, :possibly_lighter=>2, :possibly_heavier=>1, :normal=>5}}
D, [2018-03-31T10:08:41.275386 #4806] DEBUG -- : calculating updated score for older state...
D, [2018-03-31T10:08:41.278942 #4806] DEBUG -- : generating weighed rated selections...
D, [2018-03-31T10:08:41.279791 #4806] DEBUG -- : -------> building selection...
D, [2018-03-31T10:08:41.280632 #4806] DEBUG -- : -------> building new state...
D, [2018-03-31T10:08:41.280873 #4806] DEBUG -- : -------> building new state...
D, [2018-03-31T10:08:41.281171 #4806] DEBUG -- : -------> building selection...
D, [2018-03-31T10:08:41.281511 #4806] DEBUG -- : -------> building new state...
D, [2018-03-31T10:08:41.281618 #4806] DEBUG -- : -------> building new state...
D, [2018-03-31T10:08:41.281815 #4806] DEBUG -- : -------> building selection...
D, [2018-03-31T10:08:41.282136 #4806] DEBUG -- : -------> building new state...
D, [2018-03-31T10:08:41.282236 #4806] DEBUG -- : -------> building new state...
D, [2018-03-31T10:08:41.282469 #4806] DEBUG -- : -------> building selection...
D, [2018-03-31T10:08:41.282793 #4806] DEBUG -- : -------> building new state...
D, [2018-03-31T10:08:41.282907 #4806] DEBUG -- : -------> building new state...
D, [2018-03-31T10:08:41.283142 #4806] DEBUG -- : -------> building selection...
D, [2018-03-31T10:08:41.283617 #4806] DEBUG -- : -------> building new state...
D, [2018-03-31T10:08:41.283766 #4806] DEBUG -- : -------> building new state...
D, [2018-03-31T10:08:41.283978 #4806] DEBUG -- : -------> building selection...
D, [2018-03-31T10:08:41.284304 #4806] DEBUG -- : -------> building new state...
D, [2018-03-31T10:08:41.284410 #4806] DEBUG -- : -------> building new state...
D, [2018-03-31T10:08:41.284599 #4806] DEBUG -- : -------> building selection...
D, [2018-03-31T10:08:41.284921 #4806] DEBUG -- : -------> building new state...
D, [2018-03-31T10:08:41.285062 #4806] DEBUG -- : -------> building new state...
D, [2018-03-31T10:08:41.285332 #4806] DEBUG -- : -------> building selection...
D, [2018-03-31T10:08:41.285668 #4806] DEBUG -- : -------> building new state...
D, [2018-03-31T10:08:41.285767 #4806] DEBUG -- : -------> building new state...
D, [2018-03-31T10:08:41.285970 #4806] DEBUG -- : -------> building selection...
D, [2018-03-31T10:08:41.286335 #4806] DEBUG -- : -------> building new state...
D, [2018-03-31T10:08:41.286436 #4806] DEBUG -- : -------> building new state...
D, [2018-03-31T10:08:41.286637 #4806] DEBUG -- : -------> building selection...
D, [2018-03-31T10:08:41.286971 #4806] DEBUG -- : -------> building new state...
D, [2018-03-31T10:08:41.287071 #4806] DEBUG -- : -------> building new state...
D, [2018-03-31T10:08:41.287281 #4806] DEBUG -- : -------> building selection...
D, [2018-03-31T10:08:41.287663 #4806] DEBUG -- : -------> building new state...
D, [2018-03-31T10:08:41.287767 #4806] DEBUG -- : -------> building new state...
D, [2018-03-31T10:08:41.287968 #4806] DEBUG -- : -------> building selection...
D, [2018-03-31T10:08:41.288293 #4806] DEBUG -- : -------> building new state...
D, [2018-03-31T10:08:41.288391 #4806] DEBUG -- : -------> building new state...
D, [2018-03-31T10:08:41.288582 #4806] DEBUG -- : -------> building selection...
D, [2018-03-31T10:08:41.288988 #4806] DEBUG -- : -------> building new state...
D, [2018-03-31T10:08:41.289168 #4806] DEBUG -- : -------> building new state...
D, [2018-03-31T10:08:41.289401 #4806] DEBUG -- : -------> building selection...
D, [2018-03-31T10:08:41.289808 #4806] DEBUG -- : -------> building new state...
D, [2018-03-31T10:08:41.289995 #4806] DEBUG -- : -------> building new state...
D, [2018-03-31T10:08:41.290251 #4806] DEBUG -- : -------> building selection...
D, [2018-03-31T10:08:41.290589 #4806] DEBUG -- : -------> building new state...
D, [2018-03-31T10:08:41.290693 #4806] DEBUG -- : -------> building new state...
D, [2018-03-31T10:08:41.290904 #4806] DEBUG -- : -------> building selection...
D, [2018-03-31T10:08:41.291233 #4806] DEBUG -- : -------> building new state...
D, [2018-03-31T10:08:41.291333 #4806] DEBUG -- : -------> building new state...
D, [2018-03-31T10:08:41.291564 #4806] DEBUG -- : -------> building selection...
D, [2018-03-31T10:08:41.291891 #4806] DEBUG -- : -------> building new state...
D, [2018-03-31T10:08:41.291987 #4806] DEBUG -- : -------> building new state...
D, [2018-03-31T10:08:41.292186 #4806] DEBUG -- : -------> building selection...
D, [2018-03-31T10:08:41.292509 #4806] DEBUG -- : -------> building new state...
D, [2018-03-31T10:08:41.292607 #4806] DEBUG -- : -------> building new state...
D, [2018-03-31T10:08:41.292840 #4806] DEBUG -- : -------> building selection...
D, [2018-03-31T10:08:41.293166 #4806] DEBUG -- : -------> building new state...
D, [2018-03-31T10:08:41.293266 #4806] DEBUG -- : -------> building new state...
D, [2018-03-31T10:08:41.293449 #4806] DEBUG -- : -------> building selection...
D, [2018-03-31T10:08:41.293817 #4806] DEBUG -- : -------> building new state...
D, [2018-03-31T10:08:41.293981 #4806] DEBUG -- : -------> building new state...
D, [2018-03-31T10:08:41.294180 #4806] DEBUG -- : -------> building selection...
D, [2018-03-31T10:08:41.294509 #4806] DEBUG -- : -------> building new state...
D, [2018-03-31T10:08:41.294610 #4806] DEBUG -- : -------> building new state...
D, [2018-03-31T10:08:41.294796 #4806] DEBUG -- : -------> building selection...
D, [2018-03-31T10:08:41.295179 #4806] DEBUG -- : -------> building new state...
D, [2018-03-31T10:08:41.295290 #4806] DEBUG -- : -------> building new state...
D, [2018-03-31T10:08:41.295478 #4806] DEBUG -- : -------> building selection...
D, [2018-03-31T10:08:41.295802 #4806] DEBUG -- : -------> building new state...
D, [2018-03-31T10:08:41.295902 #4806] DEBUG -- : -------> building new state...
D, [2018-03-31T10:08:41.296089 #4806] DEBUG -- : -------> building selection...
D, [2018-03-31T10:08:41.296449 #4806] DEBUG -- : -------> building new state...
D, [2018-03-31T10:08:41.296551 #4806] DEBUG -- : -------> building new state...
D, [2018-03-31T10:08:41.296737 #4806] DEBUG -- : -------> building selection...
D, [2018-03-31T10:08:41.297057 #4806] DEBUG -- : -------> building new state...
D, [2018-03-31T10:08:41.297154 #4806] DEBUG -- : -------> building new state...
D, [2018-03-31T10:08:41.297340 #4806] DEBUG -- : -------> building selection...
D, [2018-03-31T10:08:41.297696 #4806] DEBUG -- : -------> building new state...
D, [2018-03-31T10:08:41.297794 #4806] DEBUG -- : -------> building new state...
D, [2018-03-31T10:08:41.298017 #4806] DEBUG -- : -------> building selection...
D, [2018-03-31T10:08:41.298457 #4806] DEBUG -- : -------> building new state...
D, [2018-03-31T10:08:41.298562 #4806] DEBUG -- : -------> building new state...
D, [2018-03-31T10:08:41.298773 #4806] DEBUG -- : -------> building selection...
D, [2018-03-31T10:08:41.299160 #4806] DEBUG -- : -------> building new state...
D, [2018-03-31T10:08:41.299273 #4806] DEBUG -- : -------> building new state...
D, [2018-03-31T10:08:41.299474 #4806] DEBUG -- : -------> building selection...
D, [2018-03-31T10:08:41.299800 #4806] DEBUG -- : -------> building new state...
D, [2018-03-31T10:08:41.299899 #4806] DEBUG -- : -------> building new state...
D, [2018-03-31T10:08:41.300128 #4806] DEBUG -- : -------> building selection...
D, [2018-03-31T10:08:41.300451 #4806] DEBUG -- : -------> building new state...
D, [2018-03-31T10:08:41.300552 #4806] DEBUG -- : -------> building new state...
D, [2018-03-31T10:08:41.300780 #4806] DEBUG -- : -------> building selection...
D, [2018-03-31T10:08:41.301125 #4806] DEBUG -- : -------> building new state...
D, [2018-03-31T10:08:41.301225 #4806] DEBUG -- : -------> building new state...
D, [2018-03-31T10:08:41.301460 #4806] DEBUG -- : -------> building selection...
D, [2018-03-31T10:08:41.301785 #4806] DEBUG -- : -------> building new state...
D, [2018-03-31T10:08:41.301882 #4806] DEBUG -- : -------> building new state...
D, [2018-03-31T10:08:41.302071 #4806] DEBUG -- : -------> building selection...
D, [2018-03-31T10:08:41.302417 #4806] DEBUG -- : -------> building new state...
D, [2018-03-31T10:08:41.302620 #4806] DEBUG -- : -------> building new state...
D, [2018-03-31T10:08:41.302840 #4806] DEBUG -- : -------> building selection...
D, [2018-03-31T10:08:41.303222 #4806] DEBUG -- : -------> building new state...
D, [2018-03-31T10:08:41.303324 #4806] DEBUG -- : -------> building new state...
D, [2018-03-31T10:08:41.303513 #4806] DEBUG -- : -------> building selection...
D, [2018-03-31T10:08:41.303841 #4806] DEBUG -- : -------> building new state...
D, [2018-03-31T10:08:41.303984 #4806] DEBUG -- : -------> building new state...
D, [2018-03-31T10:08:41.304172 #4806] DEBUG -- : -------> building selection...
D, [2018-03-31T10:08:41.304494 #4806] DEBUG -- : -------> building new state...
D, [2018-03-31T10:08:41.304593 #4806] DEBUG -- : -------> building new state...
D, [2018-03-31T10:08:41.304779 #4806] DEBUG -- : -------> building selection...
D, [2018-03-31T10:08:41.305145 #4806] DEBUG -- : -------> building new state...
D, [2018-03-31T10:08:41.305250 #4806] DEBUG -- : -------> building new state...
D, [2018-03-31T10:08:41.305437 #4806] DEBUG -- : -------> building selection...
D, [2018-03-31T10:08:41.305759 #4806] DEBUG -- : -------> building new state...
D, [2018-03-31T10:08:41.305858 #4806] DEBUG -- : -------> building new state...
D, [2018-03-31T10:08:41.306045 #4806] DEBUG -- : -------> building selection...
D, [2018-03-31T10:08:41.308301 #4806] DEBUG -- : -------> building new state...
D, [2018-03-31T10:08:41.308518 #4806] DEBUG -- : -------> building new state...
D, [2018-03-31T10:08:41.308739 #4806] DEBUG -- : scoring weighed rated selections...
D, [2018-03-31T10:08:41.308820 #4806] DEBUG -- : Saving scored selections...
D, [2018-03-31T10:08:41.316048 #4806] DEBUG -- : State Score successfully calculated


D, [2018-03-31T10:08:41.316120 #4806] DEBUG -- : Scoring new state: {:rating=>37, :state=>{:unknown=>0, :possibly_lighter=>1, :possibly_heavier=>0, :normal=>7}}
D, [2018-03-31T10:08:41.316146 #4806] DEBUG -- : State Score successfully calculated


D, [2018-03-31T10:08:41.316231 #4806] DEBUG -- : Scoring new state: {:rating=>31, :state=>{:unknown=>0, :possibly_lighter=>2, :possibly_heavier=>1, :normal=>5}}
D, [2018-03-31T10:08:41.318867 #4806] DEBUG -- : calculating updated score for older state...
D, [2018-03-31T10:08:41.322262 #4806] DEBUG -- : generating weighed rated selections...
D, [2018-03-31T10:08:41.323126 #4806] DEBUG -- : -------> building selection...
D, [2018-03-31T10:08:41.324048 #4806] DEBUG -- : -------> building new state...
D, [2018-03-31T10:08:41.324308 #4806] DEBUG -- : -------> building new state...
D, [2018-03-31T10:08:41.324611 #4806] DEBUG -- : -------> building selection...
D, [2018-03-31T10:08:41.324988 #4806] DEBUG -- : -------> building new state...
D, [2018-03-31T10:08:41.325107 #4806] DEBUG -- : -------> building new state...
D, [2018-03-31T10:08:41.325318 #4806] DEBUG -- : -------> building selection...
D, [2018-03-31T10:08:41.325739 #4806] DEBUG -- : -------> building new state...
D, [2018-03-31T10:08:41.325943 #4806] DEBUG -- : -------> building new state...
D, [2018-03-31T10:08:41.326156 #4806] DEBUG -- : -------> building selection...
D, [2018-03-31T10:08:41.326503 #4806] DEBUG -- : -------> building new state...
D, [2018-03-31T10:08:41.326609 #4806] DEBUG -- : -------> building new state...
D, [2018-03-31T10:08:41.326813 #4806] DEBUG -- : -------> building selection...
D, [2018-03-31T10:08:41.327191 #4806] DEBUG -- : -------> building new state...
D, [2018-03-31T10:08:41.327294 #4806] DEBUG -- : -------> building new state...
D, [2018-03-31T10:08:41.327484 #4806] DEBUG -- : -------> building selection...
D, [2018-03-31T10:08:41.327820 #4806] DEBUG -- : -------> building new state...
D, [2018-03-31T10:08:41.327923 #4806] DEBUG -- : -------> building new state...
D, [2018-03-31T10:08:41.328110 #4806] DEBUG -- : -------> building selection...
D, [2018-03-31T10:08:41.328479 #4806] DEBUG -- : -------> building new state...
D, [2018-03-31T10:08:41.328581 #4806] DEBUG -- : -------> building new state...
D, [2018-03-31T10:08:41.328770 #4806] DEBUG -- : -------> building selection...
D, [2018-03-31T10:08:41.329092 #4806] DEBUG -- : -------> building new state...
D, [2018-03-31T10:08:41.329190 #4806] DEBUG -- : -------> building new state...
D, [2018-03-31T10:08:41.329410 #4806] DEBUG -- : -------> building selection...
D, [2018-03-31T10:08:41.329749 #4806] DEBUG -- : -------> building new state...
D, [2018-03-31T10:08:41.329851 #4806] DEBUG -- : -------> building new state...
D, [2018-03-31T10:08:41.330041 #4806] DEBUG -- : -------> building selection...
D, [2018-03-31T10:08:41.330363 #4806] DEBUG -- : -------> building new state...
D, [2018-03-31T10:08:41.330497 #4806] DEBUG -- : -------> building new state...
D, [2018-03-31T10:08:41.330776 #4806] DEBUG -- : -------> building selection...
D, [2018-03-31T10:08:41.331128 #4806] DEBUG -- : -------> building new state...
D, [2018-03-31T10:08:41.331243 #4806] DEBUG -- : -------> building new state...
D, [2018-03-31T10:08:41.331516 #4806] DEBUG -- : -------> building selection...
D, [2018-03-31T10:08:41.331857 #4806] DEBUG -- : -------> building new state...
D, [2018-03-31T10:08:41.331969 #4806] DEBUG -- : -------> building new state...
D, [2018-03-31T10:08:41.332196 #4806] DEBUG -- : -------> building selection...
D, [2018-03-31T10:08:41.332522 #4806] DEBUG -- : -------> building new state...
D, [2018-03-31T10:08:41.332623 #4806] DEBUG -- : -------> building new state...
D, [2018-03-31T10:08:41.332809 #4806] DEBUG -- : -------> building selection...
D, [2018-03-31T10:08:41.333132 #4806] DEBUG -- : -------> building new state...
D, [2018-03-31T10:08:41.333231 #4806] DEBUG -- : -------> building new state...
D, [2018-03-31T10:08:41.333474 #4806] DEBUG -- : -------> building selection...
D, [2018-03-31T10:08:41.333803 #4806] DEBUG -- : -------> building new state...
D, [2018-03-31T10:08:41.333902 #4806] DEBUG -- : -------> building new state...
D, [2018-03-31T10:08:41.334092 #4806] DEBUG -- : -------> building selection...
D, [2018-03-31T10:08:41.334413 #4806] DEBUG -- : -------> building new state...
D, [2018-03-31T10:08:41.334510 #4806] DEBUG -- : -------> building new state...
D, [2018-03-31T10:08:41.334727 #4806] DEBUG -- : -------> building selection...
D, [2018-03-31T10:08:41.335082 #4806] DEBUG -- : -------> building new state...
D, [2018-03-31T10:08:41.335184 #4806] DEBUG -- : -------> building new state...
D, [2018-03-31T10:08:41.335375 #4806] DEBUG -- : -------> building selection...
D, [2018-03-31T10:08:41.335707 #4806] DEBUG -- : -------> building new state...
D, [2018-03-31T10:08:41.335835 #4806] DEBUG -- : -------> building new state...
D, [2018-03-31T10:08:41.336027 #4806] DEBUG -- : -------> building selection...
D, [2018-03-31T10:08:41.336377 #4806] DEBUG -- : -------> building new state...
D, [2018-03-31T10:08:41.336478 #4806] DEBUG -- : -------> building new state...
D, [2018-03-31T10:08:41.336664 #4806] DEBUG -- : -------> building selection...
D, [2018-03-31T10:08:41.337031 #4806] DEBUG -- : -------> building new state...
D, [2018-03-31T10:08:41.337136 #4806] DEBUG -- : -------> building new state...
D, [2018-03-31T10:08:41.337323 #4806] DEBUG -- : -------> building selection...
D, [2018-03-31T10:08:41.337653 #4806] DEBUG -- : -------> building new state...
D, [2018-03-31T10:08:41.337751 #4806] DEBUG -- : -------> building new state...
D, [2018-03-31T10:08:41.337940 #4806] DEBUG -- : -------> building selection...
D, [2018-03-31T10:08:41.338296 #4806] DEBUG -- : -------> building new state...
D, [2018-03-31T10:08:41.338395 #4806] DEBUG -- : -------> building new state...
D, [2018-03-31T10:08:41.338582 #4806] DEBUG -- : -------> building selection...
D, [2018-03-31T10:08:41.338923 #4806] DEBUG -- : -------> building new state...
D, [2018-03-31T10:08:41.339051 #4806] DEBUG -- : -------> building new state...
D, [2018-03-31T10:08:41.339315 #4806] DEBUG -- : -------> building selection...
D, [2018-03-31T10:08:41.339646 #4806] DEBUG -- : -------> building new state...
D, [2018-03-31T10:08:41.339746 #4806] DEBUG -- : -------> building new state...
D, [2018-03-31T10:08:41.339933 #4806] DEBUG -- : -------> building selection...
D, [2018-03-31T10:08:41.340284 #4806] DEBUG -- : -------> building new state...
D, [2018-03-31T10:08:41.340426 #4806] DEBUG -- : -------> building new state...
D, [2018-03-31T10:08:41.340617 #4806] DEBUG -- : -------> building selection...
D, [2018-03-31T10:08:41.340938 #4806] DEBUG -- : -------> building new state...
D, [2018-03-31T10:08:41.341048 #4806] DEBUG -- : -------> building new state...
D, [2018-03-31T10:08:41.341294 #4806] DEBUG -- : -------> building selection...
D, [2018-03-31T10:08:41.341633 #4806] DEBUG -- : -------> building new state...
D, [2018-03-31T10:08:41.341731 #4806] DEBUG -- : -------> building new state...
D, [2018-03-31T10:08:41.341918 #4806] DEBUG -- : -------> building selection...
D, [2018-03-31T10:08:41.342239 #4806] DEBUG -- : -------> building new state...
D, [2018-03-31T10:08:41.342391 #4806] DEBUG -- : -------> building new state...
D, [2018-03-31T10:08:41.342612 #4806] DEBUG -- : -------> building selection...
D, [2018-03-31T10:08:41.342948 #4806] DEBUG -- : -------> building new state...
D, [2018-03-31T10:08:41.343050 #4806] DEBUG -- : -------> building new state...
D, [2018-03-31T10:08:41.343264 #4806] DEBUG -- : -------> building selection...
D, [2018-03-31T10:08:41.345692 #4806] DEBUG -- : -------> building new state...
D, [2018-03-31T10:08:41.345868 #4806] DEBUG -- : -------> building new state...
D, [2018-03-31T10:08:41.346065 #4806] DEBUG -- : -------> building selection...
D, [2018-03-31T10:08:41.346395 #4806] DEBUG -- : -------> building new state...
D, [2018-03-31T10:08:41.346496 #4806] DEBUG -- : -------> building new state...
D, [2018-03-31T10:08:41.346703 #4806] DEBUG -- : -------> building selection...
D, [2018-03-31T10:08:41.347108 #4806] DEBUG -- : -------> building new state...
D, [2018-03-31T10:08:41.347211 #4806] DEBUG -- : -------> building new state...
D, [2018-03-31T10:08:41.347416 #4806] DEBUG -- : -------> building selection...
D, [2018-03-31T10:08:41.347739 #4806] DEBUG -- : -------> building new state...
D, [2018-03-31T10:08:41.347839 #4806] DEBUG -- : -------> building new state...
D, [2018-03-31T10:08:41.348062 #4806] DEBUG -- : -------> building selection...
D, [2018-03-31T10:08:41.348385 #4806] DEBUG -- : -------> building new state...
D, [2018-03-31T10:08:41.348486 #4806] DEBUG -- : -------> building new state...
D, [2018-03-31T10:08:41.348672 #4806] DEBUG -- : -------> building selection...
D, [2018-03-31T10:08:41.349040 #4806] DEBUG -- : -------> building new state...
D, [2018-03-31T10:08:41.349142 #4806] DEBUG -- : -------> building new state...
D, [2018-03-31T10:08:41.349329 #4806] DEBUG -- : -------> building selection...
D, [2018-03-31T10:08:41.349667 #4806] DEBUG -- : -------> building new state...
D, [2018-03-31T10:08:41.349767 #4806] DEBUG -- : -------> building new state...
D, [2018-03-31T10:08:41.349954 #4806] DEBUG -- : -------> building selection...
D, [2018-03-31T10:08:41.350329 #4806] DEBUG -- : -------> building new state...
D, [2018-03-31T10:08:41.350432 #4806] DEBUG -- : -------> building new state...
D, [2018-03-31T10:08:41.350621 #4806] DEBUG -- : -------> building selection...
D, [2018-03-31T10:08:41.350956 #4806] DEBUG -- : -------> building new state...
D, [2018-03-31T10:08:41.351059 #4806] DEBUG -- : -------> building new state...
D, [2018-03-31T10:08:41.351248 #4806] DEBUG -- : -------> building selection...
D, [2018-03-31T10:08:41.351613 #4806] DEBUG -- : -------> building new state...
D, [2018-03-31T10:08:41.351716 #4806] DEBUG -- : -------> building new state...
D, [2018-03-31T10:08:41.351906 #4806] DEBUG -- : scoring weighed rated selections...
D, [2018-03-31T10:08:41.351985 #4806] DEBUG -- : Saving scored selections...
D, [2018-03-31T10:08:41.359531 #4806] DEBUG -- : State Score successfully calculated


D, [2018-03-31T10:08:41.359599 #4806] DEBUG -- : Scoring new state: {:rating=>37, :state=>{:unknown=>0, :possibly_lighter=>1, :possibly_heavier=>0, :normal=>7}}
D, [2018-03-31T10:08:41.359623 #4806] DEBUG -- : State Score successfully calculated


D, [2018-03-31T10:08:41.359659 #4806] DEBUG -- : Scoring new state: {:rating=>37, :state=>{:unknown=>0, :possibly_lighter=>0, :possibly_heavier=>1, :normal=>7}}
D, [2018-03-31T10:08:41.359679 #4806] DEBUG -- : State Score successfully calculated


D, [2018-03-31T10:08:41.359741 #4806] DEBUG -- : Scoring new state: {:rating=>31, :state=>{:unknown=>0, :possibly_lighter=>3, :possibly_heavier=>0, :normal=>5}}
D, [2018-03-31T10:08:41.362376 #4806] DEBUG -- : calculating updated score for older state...
D, [2018-03-31T10:08:41.365788 #4806] DEBUG -- : generating weighed rated selections...
D, [2018-03-31T10:08:41.366585 #4806] DEBUG -- : -------> building selection...
D, [2018-03-31T10:08:41.367464 #4806] DEBUG -- : -------> building new state...
D, [2018-03-31T10:08:41.367771 #4806] DEBUG -- : -------> building new state...
D, [2018-03-31T10:08:41.368087 #4806] DEBUG -- : -------> building selection...
D, [2018-03-31T10:08:41.368464 #4806] DEBUG -- : -------> building new state...
D, [2018-03-31T10:08:41.368584 #4806] DEBUG -- : -------> building new state...
D, [2018-03-31T10:08:41.368775 #4806] DEBUG -- : -------> building selection...
D, [2018-03-31T10:08:41.369154 #4806] DEBUG -- : -------> building new state...
D, [2018-03-31T10:08:41.369266 #4806] DEBUG -- : -------> building new state...
D, [2018-03-31T10:08:41.369457 #4806] DEBUG -- : -------> building selection...
D, [2018-03-31T10:08:41.369797 #4806] DEBUG -- : -------> building new state...
D, [2018-03-31T10:08:41.369904 #4806] DEBUG -- : -------> building new state...
D, [2018-03-31T10:08:41.370136 #4806] DEBUG -- : -------> building selection...
D, [2018-03-31T10:08:41.370459 #4806] DEBUG -- : -------> building new state...
D, [2018-03-31T10:08:41.370556 #4806] DEBUG -- : -------> building new state...
D, [2018-03-31T10:08:41.370756 #4806] DEBUG -- : -------> building selection...
D, [2018-03-31T10:08:41.371093 #4806] DEBUG -- : -------> building new state...
D, [2018-03-31T10:08:41.371310 #4806] DEBUG -- : -------> building selection...
D, [2018-03-31T10:08:41.371742 #4806] DEBUG -- : -------> building new state...
D, [2018-03-31T10:08:41.371922 #4806] DEBUG -- : -------> building new state...
D, [2018-03-31T10:08:41.372137 #4806] DEBUG -- : -------> building selection...
D, [2018-03-31T10:08:41.372477 #4806] DEBUG -- : -------> building new state...
D, [2018-03-31T10:08:41.372625 #4806] DEBUG -- : -------> building new state...
D, [2018-03-31T10:08:41.372817 #4806] DEBUG -- : -------> building selection...
D, [2018-03-31T10:08:41.373138 #4806] DEBUG -- : -------> building new state...
D, [2018-03-31T10:08:41.373238 #4806] DEBUG -- : -------> building new state...
D, [2018-03-31T10:08:41.373422 #4806] DEBUG -- : -------> building selection...
D, [2018-03-31T10:08:41.373786 #4806] DEBUG -- : -------> building new state...
D, [2018-03-31T10:08:41.373887 #4806] DEBUG -- : -------> building new state...
D, [2018-03-31T10:08:41.374087 #4806] DEBUG -- : -------> building selection...
D, [2018-03-31T10:08:41.374411 #4806] DEBUG -- : -------> building new state...
D, [2018-03-31T10:08:41.374511 #4806] DEBUG -- : -------> building new state...
D, [2018-03-31T10:08:41.374694 #4806] DEBUG -- : -------> building selection...
D, [2018-03-31T10:08:41.375063 #4806] DEBUG -- : -------> building new state...
D, [2018-03-31T10:08:41.375166 #4806] DEBUG -- : -------> building new state...
D, [2018-03-31T10:08:41.375352 #4806] DEBUG -- : -------> building selection...
D, [2018-03-31T10:08:41.375681 #4806] DEBUG -- : -------> building new state...
D, [2018-03-31T10:08:41.375814 #4806] DEBUG -- : -------> building new state...
D, [2018-03-31T10:08:41.376006 #4806] DEBUG -- : -------> building selection...
D, [2018-03-31T10:08:41.376334 #4806] DEBUG -- : -------> building new state...
D, [2018-03-31T10:08:41.376435 #4806] DEBUG -- : -------> building new state...
D, [2018-03-31T10:08:41.376629 #4806] DEBUG -- : -------> building selection...
D, [2018-03-31T10:08:41.376990 #4806] DEBUG -- : -------> building new state...
D, [2018-03-31T10:08:41.377093 #4806] DEBUG -- : -------> building new state...
D, [2018-03-31T10:08:41.377277 #4806] DEBUG -- : -------> building selection...
D, [2018-03-31T10:08:41.377601 #4806] DEBUG -- : -------> building new state...
D, [2018-03-31T10:08:41.377701 #4806] DEBUG -- : -------> building new state...
D, [2018-03-31T10:08:41.377928 #4806] DEBUG -- : -------> building selection...
D, [2018-03-31T10:08:41.378254 #4806] DEBUG -- : -------> building new state...
D, [2018-03-31T10:08:41.378360 #4806] DEBUG -- : -------> building new state...
D, [2018-03-31T10:08:41.378545 #4806] DEBUG -- : -------> building selection...
D, [2018-03-31T10:08:41.378881 #4806] DEBUG -- : -------> building new state...
D, [2018-03-31T10:08:41.379079 #4806] DEBUG -- : -------> building selection...
D, [2018-03-31T10:08:41.379443 #4806] DEBUG -- : -------> building new state...
D, [2018-03-31T10:08:41.379633 #4806] DEBUG -- : scoring weighed rated selections...
D, [2018-03-31T10:08:41.379684 #4806] DEBUG -- : Saving scored selections...
D, [2018-03-31T10:08:41.383744 #4806] DEBUG -- : State Score successfully calculated


D, [2018-03-31T10:08:41.383839 #4806] DEBUG -- : Saving scored selections...
D, [2018-03-31T10:08:41.420906 #4806] DEBUG -- : State Score successfully calculated


D, [2018-03-31T10:08:41.420979 #4806] DEBUG -- : Scoring new state: {:rating=>37, :state=>{:unknown=>0, :possibly_lighter=>0, :possibly_heavier=>1, :normal=>7}}
D, [2018-03-31T10:08:41.421002 #4806] DEBUG -- : State Score successfully calculated


D, [2018-03-31T10:08:41.421028 #4806] DEBUG -- : Scoring new state: {:rating=>31, :state=>{:unknown=>0, :possibly_lighter=>1, :possibly_heavier=>2, :normal=>5}}
D, [2018-03-31T10:08:41.423769 #4806] DEBUG -- : generating score for new state...
D, [2018-03-31T10:08:41.427599 #4806] DEBUG -- : new state info recorded
D, [2018-03-31T10:08:41.431194 #4806] DEBUG -- : generating weighed rated selections...
D, [2018-03-31T10:08:41.627044 #4806] DEBUG -- : scoring weighed rated selections...
D, [2018-03-31T10:08:41.627192 #4806] DEBUG -- : Saving scored selections...
D, [2018-03-31T10:08:41.634418 #4806] DEBUG -- : State Score successfully calculated


D, [2018-03-31T10:08:41.699276 #4806] DEBUG -- : Scoring new state: {:rating=>31, :state=>{:unknown=>0, :possibly_lighter=>1, :possibly_heavier=>2, :normal=>5}}
D, [2018-03-31T10:08:41.702022 #4806] DEBUG -- : generating score for new state...
D, [2018-03-31T10:08:41.705659 #4806] DEBUG -- : new state info recorded
D, [2018-03-31T10:08:41.709056 #4806] DEBUG -- : generating weighed rated selections...
D, [2018-03-31T10:08:41.912788 #4806] DEBUG -- : scoring weighed rated selections...
D, [2018-03-31T10:08:41.912928 #4806] DEBUG -- : Saving scored selections...
D, [2018-03-31T10:08:41.920164 #4806] DEBUG -- : State Score successfully calculated


D, [2018-03-31T10:08:41.920258 #4806] DEBUG -- : Scoring new state: {:rating=>34, :state=>{:unknown=>0, :possibly_lighter=>1, :possibly_heavier=>1, :normal=>6}}
D, [2018-03-31T10:08:41.922830 #4806] DEBUG -- : calculating updated score for older state...
D, [2018-03-31T10:08:41.926198 #4806] DEBUG -- : generating weighed rated selections...
D, [2018-03-31T10:08:42.028162 #4806] DEBUG -- : scoring weighed rated selections...
D, [2018-03-31T10:08:42.028324 #4806] DEBUG -- : Saving scored selections...
D, [2018-03-31T10:08:42.043702 #4806] DEBUG -- : State Score successfully calculated


D, [2018-03-31T10:08:42.043792 #4806] DEBUG -- : Scoring new state: {:rating=>31, :state=>{:unknown=>0, :possibly_lighter=>2, :possibly_heavier=>1, :normal=>5}}
D, [2018-03-31T10:08:42.046233 #4806] DEBUG -- : generating score for new state...
D, [2018-03-31T10:08:42.049717 #4806] DEBUG -- : new state info recorded
D, [2018-03-31T10:08:42.053023 #4806] DEBUG -- : generating weighed rated selections...
D, [2018-03-31T10:08:42.246638 #4806] DEBUG -- : scoring weighed rated selections...
D, [2018-03-31T10:08:42.246777 #4806] DEBUG -- : Saving scored selections...
D, [2018-03-31T10:08:42.253902 #4806] DEBUG -- : State Score successfully calculated


D, [2018-03-31T10:08:42.254009 #4806] DEBUG -- : Scoring new state: {:rating=>34, :state=>{:unknown=>0, :possibly_lighter=>1, :possibly_heavier=>1, :normal=>6}}
D, [2018-03-31T10:08:42.256539 #4806] DEBUG -- : returning fully calculated score...
D, [2018-03-31T10:08:42.256604 #4806] DEBUG -- : State Score successfully calculated


D, [2018-03-31T10:08:43.726030 #4806] DEBUG -- : generating weighed rated selections...
D, [2018-03-31T10:08:43.838885 #4806] DEBUG -- : scoring weighed rated selections...
D, [2018-03-31T10:08:43.839024 #4806] DEBUG -- : Saving scored selections...
D, [2018-03-31T10:08:43.858682 #4806] DEBUG -- : generating weighed rated selections...
D, [2018-03-31T10:08:44.055584 #4806] DEBUG -- : scoring weighed rated selections...
D, [2018-03-31T10:08:44.055747 #4806] DEBUG -- : Saving scored selections...
D, [2018-03-31T10:13:02.876497 #6118] DEBUG -- : calculating updated score for older state...
D, [2018-03-31T10:13:02.880082 #6118] DEBUG -- : generating weighed rated selections...
D, [2018-03-31T10:13:02.893007 #6118] DEBUG -- : scoring weighed rated selections...
D, [2018-03-31T10:13:02.893113 #6118] DEBUG -- : Scoring new state: {:rating=>10, :state=>{:unknown=>1, :possibly_lighter=>0, :possibly_heavier=>0, :normal=>2}}
D, [2018-03-31T10:13:02.895929 #6118] DEBUG -- : calculating updated score for older state...
D, [2018-03-31T10:13:02.899438 #6118] DEBUG -- : generating weighed rated selections...
D, [2018-03-31T10:13:02.919016 #6118] DEBUG -- : scoring weighed rated selections...
D, [2018-03-31T10:13:02.919111 #6118] DEBUG -- : Saving scored selections...
D, [2018-03-31T10:13:02.922226 #6118] DEBUG -- : State Score successfully calculated


D, [2018-03-31T10:13:02.922319 #6118] DEBUG -- : Scoring new state: {:rating=>9, :state=>{:unknown=>0, :possibly_lighter=>1, :possibly_heavier=>1, :normal=>1}}
D, [2018-03-31T10:13:02.924871 #6118] DEBUG -- : calculating updated score for older state...
D, [2018-03-31T10:13:02.928417 #6118] DEBUG -- : generating weighed rated selections...
D, [2018-03-31T10:13:02.957929 #6118] DEBUG -- : scoring weighed rated selections...
D, [2018-03-31T10:13:02.958022 #6118] DEBUG -- : Saving scored selections...
D, [2018-03-31T10:13:02.963057 #6118] DEBUG -- : State Score successfully calculated


D, [2018-03-31T10:13:02.963130 #6118] DEBUG -- : Saving scored selections...
D, [2018-03-31T10:13:03.043856 #6118] DEBUG -- : calculating updated score for older state...
D, [2018-03-31T10:13:03.047487 #6118] DEBUG -- : generating weighed rated selections...
D, [2018-03-31T10:13:03.060459 #6118] DEBUG -- : scoring weighed rated selections...
D, [2018-03-31T10:13:03.060561 #6118] DEBUG -- : Scoring new state: {:rating=>10, :state=>{:unknown=>1, :possibly_lighter=>0, :possibly_heavier=>0, :normal=>2}}
D, [2018-03-31T10:13:03.063262 #6118] DEBUG -- : calculating updated score for older state...
D, [2018-03-31T10:13:03.066643 #6118] DEBUG -- : generating weighed rated selections...
D, [2018-03-31T10:13:03.086615 #6118] DEBUG -- : scoring weighed rated selections...
D, [2018-03-31T10:13:03.086710 #6118] DEBUG -- : Saving scored selections...
D, [2018-03-31T10:13:03.090078 #6118] DEBUG -- : State Score successfully calculated


D, [2018-03-31T10:13:03.090167 #6118] DEBUG -- : Scoring new state: {:rating=>9, :state=>{:unknown=>0, :possibly_lighter=>1, :possibly_heavier=>1, :normal=>1}}
D, [2018-03-31T10:13:03.092745 #6118] DEBUG -- : calculating updated score for older state...
D, [2018-03-31T10:13:03.096161 #6118] DEBUG -- : generating weighed rated selections...
D, [2018-03-31T10:13:03.126278 #6118] DEBUG -- : scoring weighed rated selections...
D, [2018-03-31T10:13:03.126398 #6118] DEBUG -- : Saving scored selections...
D, [2018-03-31T10:13:03.131382 #6118] DEBUG -- : State Score successfully calculated


D, [2018-03-31T10:13:03.131461 #6118] DEBUG -- : Saving scored selections...
D, [2018-03-31T10:13:03.136390 #6118] DEBUG -- : -------> building selection...
D, [2018-03-31T10:13:03.137189 #6118] DEBUG -- : -------> building new state...
D, [2018-03-31T10:13:03.137433 #6118] DEBUG -- : -------> building new state...
D, [2018-03-31T10:13:03.137758 #6118] DEBUG -- : -------> building selection...
D, [2018-03-31T10:13:03.138065 #6118] DEBUG -- : -------> building new state...
D, [2018-03-31T10:13:03.138168 #6118] DEBUG -- : -------> building new state...
D, [2018-03-31T10:13:03.138359 #6118] DEBUG -- : -------> building selection...
D, [2018-03-31T10:13:03.138649 #6118] DEBUG -- : -------> building new state...
D, [2018-03-31T10:13:03.138751 #6118] DEBUG -- : -------> building new state...
D, [2018-03-31T10:13:03.138946 #6118] DEBUG -- : -------> building selection...
D, [2018-03-31T10:13:03.139254 #6118] DEBUG -- : -------> building new state...
D, [2018-03-31T10:13:03.139355 #6118] DEBUG -- : -------> building new state...
D, [2018-03-31T10:13:03.139521 #6118] DEBUG -- : -------> building selection...
D, [2018-03-31T10:13:03.139822 #6118] DEBUG -- : -------> building new state...
D, [2018-03-31T10:13:03.139926 #6118] DEBUG -- : -------> building new state...
D, [2018-03-31T10:13:03.209439 #6118] DEBUG -- : calculating updated score for older state...
D, [2018-03-31T10:13:03.212877 #6118] DEBUG -- : generating weighed rated selections...
D, [2018-03-31T10:13:03.225815 #6118] DEBUG -- : scoring weighed rated selections...
D, [2018-03-31T10:13:03.225915 #6118] DEBUG -- : Scoring new state: {:rating=>10, :state=>{:unknown=>1, :possibly_lighter=>0, :possibly_heavier=>0, :normal=>2}}
D, [2018-03-31T10:13:03.228664 #6118] DEBUG -- : calculating updated score for older state...
D, [2018-03-31T10:13:03.232116 #6118] DEBUG -- : generating weighed rated selections...
D, [2018-03-31T10:13:03.251755 #6118] DEBUG -- : scoring weighed rated selections...
D, [2018-03-31T10:13:03.251852 #6118] DEBUG -- : Saving scored selections...
D, [2018-03-31T10:13:03.255015 #6118] DEBUG -- : State Score successfully calculated


D, [2018-03-31T10:13:03.255098 #6118] DEBUG -- : Scoring new state: {:rating=>9, :state=>{:unknown=>0, :possibly_lighter=>1, :possibly_heavier=>1, :normal=>1}}
D, [2018-03-31T10:13:03.257657 #6118] DEBUG -- : calculating updated score for older state...
D, [2018-03-31T10:13:03.261121 #6118] DEBUG -- : generating weighed rated selections...
D, [2018-03-31T10:13:03.291108 #6118] DEBUG -- : scoring weighed rated selections...
D, [2018-03-31T10:13:03.291214 #6118] DEBUG -- : Saving scored selections...
D, [2018-03-31T10:13:03.295917 #6118] DEBUG -- : State Score successfully calculated


D, [2018-03-31T10:13:03.295997 #6118] DEBUG -- : Saving scored selections...
D, [2018-03-31T10:13:03.300253 #6118] DEBUG -- : -------> building new state...
D, [2018-03-31T10:13:03.300952 #6118] DEBUG -- : -------> building new state...
D, [2018-03-31T10:13:03.603015 #6118] DEBUG -- : calculating updated score for older state...
D, [2018-03-31T10:13:03.606538 #6118] DEBUG -- : generating weighed rated selections...
D, [2018-03-31T10:13:03.619074 #6118] DEBUG -- : scoring weighed rated selections...
D, [2018-03-31T10:13:03.619175 #6118] DEBUG -- : Scoring new state: {:rating=>10, :state=>{:unknown=>1, :possibly_lighter=>0, :possibly_heavier=>0, :normal=>2}}
D, [2018-03-31T10:13:03.621899 #6118] DEBUG -- : calculating updated score for older state...
D, [2018-03-31T10:13:03.625408 #6118] DEBUG -- : generating weighed rated selections...
D, [2018-03-31T10:13:03.644825 #6118] DEBUG -- : scoring weighed rated selections...
D, [2018-03-31T10:13:03.644918 #6118] DEBUG -- : Saving scored selections...
D, [2018-03-31T10:13:03.648121 #6118] DEBUG -- : State Score successfully calculated


D, [2018-03-31T10:13:03.648213 #6118] DEBUG -- : Scoring new state: {:rating=>9, :state=>{:unknown=>0, :possibly_lighter=>1, :possibly_heavier=>1, :normal=>1}}
D, [2018-03-31T10:13:03.650818 #6118] DEBUG -- : calculating updated score for older state...
D, [2018-03-31T10:13:03.654248 #6118] DEBUG -- : generating weighed rated selections...
D, [2018-03-31T10:13:03.683841 #6118] DEBUG -- : scoring weighed rated selections...
D, [2018-03-31T10:13:03.683948 #6118] DEBUG -- : Saving scored selections...
D, [2018-03-31T10:13:03.688880 #6118] DEBUG -- : State Score successfully calculated


D, [2018-03-31T10:13:03.688962 #6118] DEBUG -- : Saving scored selections...
D, [2018-03-31T10:13:03.763899 #6118] DEBUG -- : calculating updated score for older state...
D, [2018-03-31T10:13:03.767494 #6118] DEBUG -- : generating weighed rated selections...
D, [2018-03-31T10:13:03.780250 #6118] DEBUG -- : scoring weighed rated selections...
D, [2018-03-31T10:13:03.780359 #6118] DEBUG -- : Scoring new state: {:rating=>10, :state=>{:unknown=>1, :possibly_lighter=>0, :possibly_heavier=>0, :normal=>2}}
D, [2018-03-31T10:13:03.783218 #6118] DEBUG -- : calculating updated score for older state...
D, [2018-03-31T10:13:03.786638 #6118] DEBUG -- : generating weighed rated selections...
D, [2018-03-31T10:13:03.806325 #6118] DEBUG -- : scoring weighed rated selections...
D, [2018-03-31T10:13:03.806420 #6118] DEBUG -- : Saving scored selections...
D, [2018-03-31T10:13:03.809807 #6118] DEBUG -- : State Score successfully calculated


D, [2018-03-31T10:13:03.809899 #6118] DEBUG -- : Scoring new state: {:rating=>9, :state=>{:unknown=>0, :possibly_lighter=>1, :possibly_heavier=>1, :normal=>1}}
D, [2018-03-31T10:13:03.812425 #6118] DEBUG -- : calculating updated score for older state...
D, [2018-03-31T10:13:03.815905 #6118] DEBUG -- : generating weighed rated selections...
D, [2018-03-31T10:13:03.845539 #6118] DEBUG -- : scoring weighed rated selections...
D, [2018-03-31T10:13:03.845641 #6118] DEBUG -- : Saving scored selections...
D, [2018-03-31T10:13:03.850361 #6118] DEBUG -- : State Score successfully calculated


D, [2018-03-31T10:13:03.850445 #6118] DEBUG -- : Saving scored selections...
D, [2018-03-31T10:13:03.947770 #6118] DEBUG -- : calculating updated score for older state...
D, [2018-03-31T10:13:03.951286 #6118] DEBUG -- : generating weighed rated selections...
D, [2018-03-31T10:13:03.964148 #6118] DEBUG -- : scoring weighed rated selections...
D, [2018-03-31T10:13:03.964260 #6118] DEBUG -- : Scoring new state: {:rating=>10, :state=>{:unknown=>1, :possibly_lighter=>0, :possibly_heavier=>0, :normal=>2}}
D, [2018-03-31T10:13:03.967066 #6118] DEBUG -- : calculating updated score for older state...
D, [2018-03-31T10:13:03.970462 #6118] DEBUG -- : generating weighed rated selections...
D, [2018-03-31T10:13:03.994324 #6118] DEBUG -- : scoring weighed rated selections...
D, [2018-03-31T10:13:03.994417 #6118] DEBUG -- : Saving scored selections...
D, [2018-03-31T10:13:03.997815 #6118] DEBUG -- : State Score successfully calculated


D, [2018-03-31T10:13:03.997903 #6118] DEBUG -- : Scoring new state: {:rating=>9, :state=>{:unknown=>0, :possibly_lighter=>1, :possibly_heavier=>1, :normal=>1}}
D, [2018-03-31T10:13:04.000461 #6118] DEBUG -- : calculating updated score for older state...
D, [2018-03-31T10:13:04.003857 #6118] DEBUG -- : generating weighed rated selections...
D, [2018-03-31T10:13:04.033449 #6118] DEBUG -- : scoring weighed rated selections...
D, [2018-03-31T10:13:04.033543 #6118] DEBUG -- : Saving scored selections...
D, [2018-03-31T10:13:04.040460 #6118] DEBUG -- : State Score successfully calculated


D, [2018-03-31T10:13:04.040545 #6118] DEBUG -- : Saving scored selections...
D, [2018-03-31T10:13:04.125456 #6118] DEBUG -- : calculating updated score for older state...
D, [2018-03-31T10:13:04.129014 #6118] DEBUG -- : generating weighed rated selections...
D, [2018-03-31T10:13:04.155126 #6118] DEBUG -- : scoring weighed rated selections...
D, [2018-03-31T10:13:04.155227 #6118] DEBUG -- : Scoring new state: {:rating=>10, :state=>{:unknown=>1, :possibly_lighter=>0, :possibly_heavier=>0, :normal=>2}}
D, [2018-03-31T10:13:04.157979 #6118] DEBUG -- : calculating updated score for older state...
D, [2018-03-31T10:13:04.161414 #6118] DEBUG -- : generating weighed rated selections...
D, [2018-03-31T10:13:04.181857 #6118] DEBUG -- : scoring weighed rated selections...
D, [2018-03-31T10:13:04.181947 #6118] DEBUG -- : Saving scored selections...
D, [2018-03-31T10:13:04.185353 #6118] DEBUG -- : State Score successfully calculated


D, [2018-03-31T10:13:04.185447 #6118] DEBUG -- : Scoring new state: {:rating=>9, :state=>{:unknown=>0, :possibly_lighter=>1, :possibly_heavier=>1, :normal=>1}}
D, [2018-03-31T10:13:04.188064 #6118] DEBUG -- : calculating updated score for older state...
D, [2018-03-31T10:13:04.191543 #6118] DEBUG -- : generating weighed rated selections...
D, [2018-03-31T10:13:04.229949 #6118] DEBUG -- : scoring weighed rated selections...
D, [2018-03-31T10:13:04.230048 #6118] DEBUG -- : Saving scored selections...
D, [2018-03-31T10:13:04.237150 #6118] DEBUG -- : State Score successfully calculated


D, [2018-03-31T10:13:04.237239 #6118] DEBUG -- : Saving scored selections...
D, [2018-03-31T10:13:04.320399 #6118] DEBUG -- : calculating updated score for older state...
D, [2018-03-31T10:13:04.323944 #6118] DEBUG -- : generating weighed rated selections...
D, [2018-03-31T10:13:04.336938 #6118] DEBUG -- : scoring weighed rated selections...
D, [2018-03-31T10:13:04.337045 #6118] DEBUG -- : Scoring new state: {:rating=>10, :state=>{:unknown=>1, :possibly_lighter=>0, :possibly_heavier=>0, :normal=>2}}
D, [2018-03-31T10:13:04.339797 #6118] DEBUG -- : calculating updated score for older state...
D, [2018-03-31T10:13:04.343247 #6118] DEBUG -- : generating weighed rated selections...
D, [2018-03-31T10:13:04.364681 #6118] DEBUG -- : scoring weighed rated selections...
D, [2018-03-31T10:13:04.364797 #6118] DEBUG -- : Saving scored selections...
D, [2018-03-31T10:13:04.368086 #6118] DEBUG -- : State Score successfully calculated


D, [2018-03-31T10:13:04.368177 #6118] DEBUG -- : Scoring new state: {:rating=>9, :state=>{:unknown=>0, :possibly_lighter=>1, :possibly_heavier=>1, :normal=>1}}
D, [2018-03-31T10:13:04.370704 #6118] DEBUG -- : calculating updated score for older state...
D, [2018-03-31T10:13:04.374189 #6118] DEBUG -- : generating weighed rated selections...
D, [2018-03-31T10:13:04.409548 #6118] DEBUG -- : scoring weighed rated selections...
D, [2018-03-31T10:13:04.409677 #6118] DEBUG -- : Saving scored selections...
D, [2018-03-31T10:13:04.414619 #6118] DEBUG -- : State Score successfully calculated


D, [2018-03-31T10:13:04.414697 #6118] DEBUG -- : Saving scored selections...
D, [2018-03-31T10:13:04.503138 #6118] DEBUG -- : calculating updated score for older state...
D, [2018-03-31T10:13:04.506671 #6118] DEBUG -- : generating weighed rated selections...
D, [2018-03-31T10:13:04.519759 #6118] DEBUG -- : scoring weighed rated selections...
D, [2018-03-31T10:13:04.519885 #6118] DEBUG -- : Scoring new state: {:rating=>10, :state=>{:unknown=>1, :possibly_lighter=>0, :possibly_heavier=>0, :normal=>2}}
D, [2018-03-31T10:13:04.522640 #6118] DEBUG -- : calculating updated score for older state...
D, [2018-03-31T10:13:04.526167 #6118] DEBUG -- : generating weighed rated selections...
D, [2018-03-31T10:13:04.545902 #6118] DEBUG -- : scoring weighed rated selections...
D, [2018-03-31T10:13:04.546023 #6118] DEBUG -- : Saving scored selections...
D, [2018-03-31T10:13:04.549254 #6118] DEBUG -- : State Score successfully calculated


D, [2018-03-31T10:13:04.549352 #6118] DEBUG -- : Scoring new state: {:rating=>9, :state=>{:unknown=>0, :possibly_lighter=>1, :possibly_heavier=>1, :normal=>1}}
D, [2018-03-31T10:13:04.551880 #6118] DEBUG -- : calculating updated score for older state...
D, [2018-03-31T10:13:04.555418 #6118] DEBUG -- : generating weighed rated selections...
D, [2018-03-31T10:13:04.597893 #6118] DEBUG -- : scoring weighed rated selections...
D, [2018-03-31T10:13:04.597995 #6118] DEBUG -- : Saving scored selections...
D, [2018-03-31T10:13:04.602752 #6118] DEBUG -- : State Score successfully calculated


D, [2018-03-31T10:13:04.602849 #6118] DEBUG -- : Saving scored selections...
D, [2018-03-31T10:13:04.683949 #6118] DEBUG -- : calculating updated score for older state...
D, [2018-03-31T10:13:04.687484 #6118] DEBUG -- : generating weighed rated selections...
D, [2018-03-31T10:13:04.701916 #6118] DEBUG -- : scoring weighed rated selections...
D, [2018-03-31T10:13:04.702045 #6118] DEBUG -- : Scoring new state: {:rating=>10, :state=>{:unknown=>1, :possibly_lighter=>0, :possibly_heavier=>0, :normal=>2}}
D, [2018-03-31T10:13:04.704772 #6118] DEBUG -- : calculating updated score for older state...
D, [2018-03-31T10:13:04.708288 #6118] DEBUG -- : generating weighed rated selections...
D, [2018-03-31T10:13:04.727615 #6118] DEBUG -- : scoring weighed rated selections...
D, [2018-03-31T10:13:04.728861 #6118] DEBUG -- : Saving scored selections...
D, [2018-03-31T10:13:04.732182 #6118] DEBUG -- : State Score successfully calculated


D, [2018-03-31T10:13:04.732266 #6118] DEBUG -- : Scoring new state: {:rating=>9, :state=>{:unknown=>0, :possibly_lighter=>1, :possibly_heavier=>1, :normal=>1}}
D, [2018-03-31T10:13:04.734785 #6118] DEBUG -- : calculating updated score for older state...
D, [2018-03-31T10:13:04.738209 #6118] DEBUG -- : generating weighed rated selections...
D, [2018-03-31T10:13:04.767890 #6118] DEBUG -- : scoring weighed rated selections...
D, [2018-03-31T10:13:04.767992 #6118] DEBUG -- : Saving scored selections...
D, [2018-03-31T10:13:04.772752 #6118] DEBUG -- : State Score successfully calculated


D, [2018-03-31T10:13:04.772832 #6118] DEBUG -- : Saving scored selections...
D, [2018-03-31T10:13:04.847996 #6118] DEBUG -- : calculating updated score for older state...
D, [2018-03-31T10:13:04.851578 #6118] DEBUG -- : generating weighed rated selections...
D, [2018-03-31T10:13:04.864290 #6118] DEBUG -- : scoring weighed rated selections...
D, [2018-03-31T10:13:04.864390 #6118] DEBUG -- : Scoring new state: {:rating=>10, :state=>{:unknown=>1, :possibly_lighter=>0, :possibly_heavier=>0, :normal=>2}}
D, [2018-03-31T10:13:04.867244 #6118] DEBUG -- : calculating updated score for older state...
D, [2018-03-31T10:13:04.870865 #6118] DEBUG -- : generating weighed rated selections...
D, [2018-03-31T10:13:04.890254 #6118] DEBUG -- : scoring weighed rated selections...
D, [2018-03-31T10:13:04.890370 #6118] DEBUG -- : Saving scored selections...
D, [2018-03-31T10:13:04.893669 #6118] DEBUG -- : State Score successfully calculated


D, [2018-03-31T10:13:04.893764 #6118] DEBUG -- : Scoring new state: {:rating=>9, :state=>{:unknown=>0, :possibly_lighter=>1, :possibly_heavier=>1, :normal=>1}}
D, [2018-03-31T10:13:04.896315 #6118] DEBUG -- : calculating updated score for older state...
D, [2018-03-31T10:13:04.900009 #6118] DEBUG -- : generating weighed rated selections...
D, [2018-03-31T10:13:04.931622 #6118] DEBUG -- : scoring weighed rated selections...
D, [2018-03-31T10:13:04.931725 #6118] DEBUG -- : Saving scored selections...
D, [2018-03-31T10:13:04.936528 #6118] DEBUG -- : State Score successfully calculated


D, [2018-03-31T10:13:04.936612 #6118] DEBUG -- : Saving scored selections...
D, [2018-03-31T10:13:05.013477 #6118] DEBUG -- : calculating updated score for older state...
D, [2018-03-31T10:13:05.017480 #6118] DEBUG -- : generating weighed rated selections...
D, [2018-03-31T10:13:05.030231 #6118] DEBUG -- : scoring weighed rated selections...
D, [2018-03-31T10:13:05.030337 #6118] DEBUG -- : Scoring new state: {:rating=>10, :state=>{:unknown=>1, :possibly_lighter=>0, :possibly_heavier=>0, :normal=>2}}
D, [2018-03-31T10:13:05.033843 #6118] DEBUG -- : calculating updated score for older state...
D, [2018-03-31T10:13:05.037365 #6118] DEBUG -- : generating weighed rated selections...
D, [2018-03-31T10:13:05.057202 #6118] DEBUG -- : scoring weighed rated selections...
D, [2018-03-31T10:13:05.057299 #6118] DEBUG -- : Saving scored selections...
D, [2018-03-31T10:13:05.060555 #6118] DEBUG -- : State Score successfully calculated


D, [2018-03-31T10:13:05.060661 #6118] DEBUG -- : Scoring new state: {:rating=>9, :state=>{:unknown=>0, :possibly_lighter=>1, :possibly_heavier=>1, :normal=>1}}
D, [2018-03-31T10:13:05.063178 #6118] DEBUG -- : calculating updated score for older state...
D, [2018-03-31T10:13:05.067617 #6118] DEBUG -- : generating weighed rated selections...
D, [2018-03-31T10:13:05.097125 #6118] DEBUG -- : scoring weighed rated selections...
D, [2018-03-31T10:13:05.097252 #6118] DEBUG -- : Saving scored selections...
D, [2018-03-31T10:13:05.102518 #6118] DEBUG -- : State Score successfully calculated


D, [2018-03-31T10:13:05.102606 #6118] DEBUG -- : Saving scored selections...
D, [2018-03-31T10:13:05.177175 #6118] DEBUG -- : calculating updated score for older state...
D, [2018-03-31T10:13:05.181016 #6118] DEBUG -- : generating weighed rated selections...
D, [2018-03-31T10:13:05.194130 #6118] DEBUG -- : scoring weighed rated selections...
D, [2018-03-31T10:13:05.194262 #6118] DEBUG -- : Scoring new state: {:rating=>10, :state=>{:unknown=>1, :possibly_lighter=>0, :possibly_heavier=>0, :normal=>2}}
D, [2018-03-31T10:13:05.198528 #6118] DEBUG -- : calculating updated score for older state...
D, [2018-03-31T10:13:05.202049 #6118] DEBUG -- : generating weighed rated selections...
D, [2018-03-31T10:13:05.221887 #6118] DEBUG -- : scoring weighed rated selections...
D, [2018-03-31T10:13:05.221977 #6118] DEBUG -- : Saving scored selections...
D, [2018-03-31T10:13:05.225212 #6118] DEBUG -- : State Score successfully calculated


D, [2018-03-31T10:13:05.225316 #6118] DEBUG -- : Scoring new state: {:rating=>9, :state=>{:unknown=>0, :possibly_lighter=>1, :possibly_heavier=>1, :normal=>1}}
D, [2018-03-31T10:13:05.227939 #6118] DEBUG -- : calculating updated score for older state...
D, [2018-03-31T10:13:05.231846 #6118] DEBUG -- : generating weighed rated selections...
D, [2018-03-31T10:13:05.261858 #6118] DEBUG -- : scoring weighed rated selections...
D, [2018-03-31T10:13:05.261964 #6118] DEBUG -- : Saving scored selections...
D, [2018-03-31T10:13:05.266899 #6118] DEBUG -- : State Score successfully calculated


D, [2018-03-31T10:13:05.266974 #6118] DEBUG -- : Saving scored selections...
D, [2018-03-31T10:13:05.361542 #6118] DEBUG -- : calculating updated score for older state...
D, [2018-03-31T10:13:05.365141 #6118] DEBUG -- : generating weighed rated selections...
D, [2018-03-31T10:13:05.378063 #6118] DEBUG -- : scoring weighed rated selections...
D, [2018-03-31T10:13:05.378166 #6118] DEBUG -- : Scoring new state: {:rating=>10, :state=>{:unknown=>1, :possibly_lighter=>0, :possibly_heavier=>0, :normal=>2}}
D, [2018-03-31T10:13:05.380956 #6118] DEBUG -- : calculating updated score for older state...
D, [2018-03-31T10:13:05.384523 #6118] DEBUG -- : generating weighed rated selections...
D, [2018-03-31T10:13:05.403864 #6118] DEBUG -- : scoring weighed rated selections...
D, [2018-03-31T10:13:05.403996 #6118] DEBUG -- : Saving scored selections...
D, [2018-03-31T10:13:05.407194 #6118] DEBUG -- : State Score successfully calculated


D, [2018-03-31T10:13:05.407289 #6118] DEBUG -- : Scoring new state: {:rating=>9, :state=>{:unknown=>0, :possibly_lighter=>1, :possibly_heavier=>1, :normal=>1}}
D, [2018-03-31T10:13:05.409969 #6118] DEBUG -- : calculating updated score for older state...
D, [2018-03-31T10:13:05.413438 #6118] DEBUG -- : generating weighed rated selections...
D, [2018-03-31T10:13:05.443446 #6118] DEBUG -- : scoring weighed rated selections...
D, [2018-03-31T10:13:05.443552 #6118] DEBUG -- : Saving scored selections...
D, [2018-03-31T10:13:05.448266 #6118] DEBUG -- : State Score successfully calculated


D, [2018-03-31T10:13:05.448353 #6118] DEBUG -- : Saving scored selections...
D, [2018-03-31T10:13:05.523445 #6118] DEBUG -- : calculating updated score for older state...
D, [2018-03-31T10:13:05.527085 #6118] DEBUG -- : generating weighed rated selections...
D, [2018-03-31T10:13:05.540252 #6118] DEBUG -- : scoring weighed rated selections...
D, [2018-03-31T10:13:05.540367 #6118] DEBUG -- : Scoring new state: {:rating=>10, :state=>{:unknown=>1, :possibly_lighter=>0, :possibly_heavier=>0, :normal=>2}}
D, [2018-03-31T10:13:05.543223 #6118] DEBUG -- : calculating updated score for older state...
D, [2018-03-31T10:13:05.546778 #6118] DEBUG -- : generating weighed rated selections...
D, [2018-03-31T10:13:05.566470 #6118] DEBUG -- : scoring weighed rated selections...
D, [2018-03-31T10:13:05.566571 #6118] DEBUG -- : Saving scored selections...
D, [2018-03-31T10:13:05.569762 #6118] DEBUG -- : State Score successfully calculated


D, [2018-03-31T10:13:05.569856 #6118] DEBUG -- : Scoring new state: {:rating=>9, :state=>{:unknown=>0, :possibly_lighter=>1, :possibly_heavier=>1, :normal=>1}}
D, [2018-03-31T10:13:05.572455 #6118] DEBUG -- : calculating updated score for older state...
D, [2018-03-31T10:13:05.575942 #6118] DEBUG -- : generating weighed rated selections...
D, [2018-03-31T10:13:05.606583 #6118] DEBUG -- : scoring weighed rated selections...
D, [2018-03-31T10:13:05.606683 #6118] DEBUG -- : Saving scored selections...
D, [2018-03-31T10:13:05.611718 #6118] DEBUG -- : State Score successfully calculated


D, [2018-03-31T10:13:05.611800 #6118] DEBUG -- : Saving scored selections...
D, [2018-03-31T10:13:05.692037 #6118] DEBUG -- : calculating updated score for older state...
D, [2018-03-31T10:13:05.695644 #6118] DEBUG -- : generating weighed rated selections...
D, [2018-03-31T10:13:05.708713 #6118] DEBUG -- : scoring weighed rated selections...
D, [2018-03-31T10:13:05.708819 #6118] DEBUG -- : Scoring new state: {:rating=>10, :state=>{:unknown=>1, :possibly_lighter=>0, :possibly_heavier=>0, :normal=>2}}
D, [2018-03-31T10:13:05.713453 #6118] DEBUG -- : calculating updated score for older state...
D, [2018-03-31T10:13:05.716985 #6118] DEBUG -- : generating weighed rated selections...
D, [2018-03-31T10:13:05.736961 #6118] DEBUG -- : scoring weighed rated selections...
D, [2018-03-31T10:13:05.737070 #6118] DEBUG -- : Saving scored selections...
D, [2018-03-31T10:13:05.740479 #6118] DEBUG -- : State Score successfully calculated


D, [2018-03-31T10:13:05.740566 #6118] DEBUG -- : Scoring new state: {:rating=>9, :state=>{:unknown=>0, :possibly_lighter=>1, :possibly_heavier=>1, :normal=>1}}
D, [2018-03-31T10:13:05.743154 #6118] DEBUG -- : calculating updated score for older state...
D, [2018-03-31T10:13:05.746717 #6118] DEBUG -- : generating weighed rated selections...
D, [2018-03-31T10:13:05.777000 #6118] DEBUG -- : scoring weighed rated selections...
D, [2018-03-31T10:13:05.777106 #6118] DEBUG -- : Saving scored selections...
D, [2018-03-31T10:13:05.782894 #6118] DEBUG -- : State Score successfully calculated


D, [2018-03-31T10:13:05.782990 #6118] DEBUG -- : Saving scored selections...
D, [2018-03-31T10:13:05.857943 #6118] DEBUG -- : calculating updated score for older state...
D, [2018-03-31T10:13:05.862392 #6118] DEBUG -- : generating weighed rated selections...
D, [2018-03-31T10:13:05.875574 #6118] DEBUG -- : scoring weighed rated selections...
D, [2018-03-31T10:13:05.875681 #6118] DEBUG -- : Scoring new state: {:rating=>10, :state=>{:unknown=>1, :possibly_lighter=>0, :possibly_heavier=>0, :normal=>2}}
D, [2018-03-31T10:13:05.878561 #6118] DEBUG -- : calculating updated score for older state...
D, [2018-03-31T10:13:05.882075 #6118] DEBUG -- : generating weighed rated selections...
D, [2018-03-31T10:13:05.902175 #6118] DEBUG -- : scoring weighed rated selections...
D, [2018-03-31T10:13:05.902270 #6118] DEBUG -- : Saving scored selections...
D, [2018-03-31T10:13:05.905541 #6118] DEBUG -- : State Score successfully calculated


D, [2018-03-31T10:13:05.905628 #6118] DEBUG -- : Scoring new state: {:rating=>9, :state=>{:unknown=>0, :possibly_lighter=>1, :possibly_heavier=>1, :normal=>1}}
D, [2018-03-31T10:13:05.908186 #6118] DEBUG -- : calculating updated score for older state...
D, [2018-03-31T10:13:05.911715 #6118] DEBUG -- : generating weighed rated selections...
D, [2018-03-31T10:13:05.941001 #6118] DEBUG -- : scoring weighed rated selections...
D, [2018-03-31T10:13:05.941105 #6118] DEBUG -- : Saving scored selections...
D, [2018-03-31T10:13:05.945925 #6118] DEBUG -- : State Score successfully calculated


D, [2018-03-31T10:13:05.946004 #6118] DEBUG -- : Saving scored selections...
D, [2018-03-31T10:13:07.904684 #6118] DEBUG -- : generating weighed rated selections...
D, [2018-03-31T10:13:08.019960 #6118] DEBUG -- : scoring weighed rated selections...
D, [2018-03-31T10:13:08.020114 #6118] DEBUG -- : Saving scored selections...
D, [2018-03-31T10:13:08.039586 #6118] DEBUG -- : generating weighed rated selections...
D, [2018-03-31T10:13:08.252005 #6118] DEBUG -- : scoring weighed rated selections...
D, [2018-03-31T10:13:08.252169 #6118] DEBUG -- : Saving scored selections...
D, [2018-03-31T10:13:08.716194 #6118] DEBUG -- : Scoring new state: {:rating=>31, :state=>{:unknown=>0, :possibly_lighter=>1, :possibly_heavier=>2, :normal=>5}}
D, [2018-03-31T10:13:08.719372 #6118] DEBUG -- : generating score for new state...
D, [2018-03-31T10:13:08.723232 #6118] DEBUG -- : new state info recorded
D, [2018-03-31T10:13:08.726742 #6118] DEBUG -- : generating weighed rated selections...
D, [2018-03-31T10:13:08.942334 #6118] DEBUG -- : scoring weighed rated selections...
D, [2018-03-31T10:13:08.942498 #6118] DEBUG -- : Saving scored selections...
D, [2018-03-31T10:13:08.949806 #6118] DEBUG -- : State Score successfully calculated


D, [2018-03-31T10:13:08.949904 #6118] DEBUG -- : Scoring new state: {:rating=>34, :state=>{:unknown=>0, :possibly_lighter=>1, :possibly_heavier=>1, :normal=>6}}
D, [2018-03-31T10:13:08.952588 #6118] DEBUG -- : calculating updated score for older state...
D, [2018-03-31T10:13:08.956327 #6118] DEBUG -- : generating weighed rated selections...
D, [2018-03-31T10:13:09.064341 #6118] DEBUG -- : scoring weighed rated selections...
D, [2018-03-31T10:13:09.064491 #6118] DEBUG -- : Saving scored selections...
D, [2018-03-31T10:13:09.080539 #6118] DEBUG -- : State Score successfully calculated


D, [2018-03-31T10:13:09.080628 #6118] DEBUG -- : Scoring new state: {:rating=>31, :state=>{:unknown=>0, :possibly_lighter=>2, :possibly_heavier=>1, :normal=>5}}
D, [2018-03-31T10:13:09.083185 #6118] DEBUG -- : generating score for new state...
D, [2018-03-31T10:13:09.086717 #6118] DEBUG -- : new state info recorded
D, [2018-03-31T10:13:09.090281 #6118] DEBUG -- : generating weighed rated selections...
D, [2018-03-31T10:13:09.287402 #6118] DEBUG -- : scoring weighed rated selections...
D, [2018-03-31T10:13:09.289381 #6118] DEBUG -- : Saving scored selections...
D, [2018-03-31T10:13:09.296500 #6118] DEBUG -- : State Score successfully calculated


D, [2018-03-31T10:13:09.363080 #6118] DEBUG -- : Scoring new state: {:rating=>29, :state=>{:unknown=>1, :possibly_lighter=>2, :possibly_heavier=>0, :normal=>5}}
D, [2018-03-31T10:13:09.365904 #6118] DEBUG -- : generating score for new state...
D, [2018-03-31T10:13:09.369524 #6118] DEBUG -- : new state info recorded
D, [2018-03-31T10:13:09.373050 #6118] DEBUG -- : generating weighed rated selections...
D, [2018-03-31T10:13:09.618412 #6118] DEBUG -- : scoring weighed rated selections...
D, [2018-03-31T10:13:09.618574 #6118] DEBUG -- : Scoring new state: {:rating=>35, :state=>{:unknown=>1, :possibly_lighter=>0, :possibly_heavier=>0, :normal=>7}}
D, [2018-03-31T10:13:09.621473 #6118] DEBUG -- : calculating updated score for older state...
D, [2018-03-31T10:13:09.625148 #6118] DEBUG -- : generating weighed rated selections...
D, [2018-03-31T10:13:09.674589 #6118] DEBUG -- : scoring weighed rated selections...
D, [2018-03-31T10:13:09.674714 #6118] DEBUG -- : Saving scored selections...
D, [2018-03-31T10:13:09.682766 #6118] DEBUG -- : State Score successfully calculated


D, [2018-03-31T10:13:09.682862 #6118] DEBUG -- : Scoring new state: {:rating=>37, :state=>{:unknown=>0, :possibly_lighter=>1, :possibly_heavier=>0, :normal=>7}}
D, [2018-03-31T10:13:09.682898 #6118] DEBUG -- : State Score successfully calculated


D, [2018-03-31T10:13:09.682932 #6118] DEBUG -- : Scoring new state: {:rating=>35, :state=>{:unknown=>1, :possibly_lighter=>0, :possibly_heavier=>0, :normal=>7}}
D, [2018-03-31T10:13:09.685537 #6118] DEBUG -- : returning fully calculated score...
D, [2018-03-31T10:13:09.685597 #6118] DEBUG -- : State Score successfully calculated


D, [2018-03-31T10:13:09.685632 #6118] DEBUG -- : Scoring new state: {:rating=>37, :state=>{:unknown=>0, :possibly_lighter=>1, :possibly_heavier=>0, :normal=>7}}
D, [2018-03-31T10:13:09.685655 #6118] DEBUG -- : State Score successfully calculated


D, [2018-03-31T10:13:09.685689 #6118] DEBUG -- : Scoring new state: {:rating=>35, :state=>{:unknown=>1, :possibly_lighter=>0, :possibly_heavier=>0, :normal=>7}}
D, [2018-03-31T10:13:09.688290 #6118] DEBUG -- : returning fully calculated score...
D, [2018-03-31T10:13:09.688359 #6118] DEBUG -- : State Score successfully calculated


D, [2018-03-31T10:13:09.688427 #6118] DEBUG -- : Scoring new state: {:rating=>37, :state=>{:unknown=>0, :possibly_lighter=>1, :possibly_heavier=>0, :normal=>7}}
D, [2018-03-31T10:13:09.688454 #6118] DEBUG -- : State Score successfully calculated


D, [2018-03-31T10:13:09.688488 #6118] DEBUG -- : Scoring new state: {:rating=>37, :state=>{:unknown=>0, :possibly_lighter=>0, :possibly_heavier=>1, :normal=>7}}
D, [2018-03-31T10:13:09.688511 #6118] DEBUG -- : State Score successfully calculated


D, [2018-03-31T10:13:09.688536 #6118] DEBUG -- : Scoring new state: {:rating=>37, :state=>{:unknown=>0, :possibly_lighter=>1, :possibly_heavier=>0, :normal=>7}}
D, [2018-03-31T10:13:09.688555 #6118] DEBUG -- : State Score successfully calculated


D, [2018-03-31T10:13:09.688579 #6118] DEBUG -- : Scoring new state: {:rating=>34, :state=>{:unknown=>0, :possibly_lighter=>2, :possibly_heavier=>0, :normal=>6}}
D, [2018-03-31T10:13:09.691062 #6118] DEBUG -- : calculating updated score for older state...
D, [2018-03-31T10:13:09.694444 #6118] DEBUG -- : generating weighed rated selections...
D, [2018-03-31T10:13:09.738881 #6118] DEBUG -- : scoring weighed rated selections...
D, [2018-03-31T10:13:09.738995 #6118] DEBUG -- : Saving scored selections...
D, [2018-03-31T10:13:09.749214 #6118] DEBUG -- : State Score successfully calculated


D, [2018-03-31T10:13:09.749315 #6118] DEBUG -- : Scoring new state: {:rating=>34, :state=>{:unknown=>0, :possibly_lighter=>1, :possibly_heavier=>1, :normal=>6}}
D, [2018-03-31T10:13:09.751913 #6118] DEBUG -- : calculating updated score for older state...
D, [2018-03-31T10:13:09.755328 #6118] DEBUG -- : generating weighed rated selections...
D, [2018-03-31T10:13:09.864019 #6118] DEBUG -- : scoring weighed rated selections...
D, [2018-03-31T10:13:09.864161 #6118] DEBUG -- : Saving scored selections...
D, [2018-03-31T10:13:09.884342 #6118] DEBUG -- : State Score successfully calculated


D, [2018-03-31T10:13:09.884439 #6118] DEBUG -- : Scoring new state: {:rating=>37, :state=>{:unknown=>0, :possibly_lighter=>1, :possibly_heavier=>0, :normal=>7}}
D, [2018-03-31T10:13:09.884468 #6118] DEBUG -- : State Score successfully calculated


D, [2018-03-31T10:13:09.884506 #6118] DEBUG -- : Scoring new state: {:rating=>37, :state=>{:unknown=>0, :possibly_lighter=>0, :possibly_heavier=>1, :normal=>7}}
D, [2018-03-31T10:13:09.884533 #6118] DEBUG -- : State Score successfully calculated


D, [2018-03-31T10:13:09.884562 #6118] DEBUG -- : Scoring new state: {:rating=>37, :state=>{:unknown=>0, :possibly_lighter=>1, :possibly_heavier=>0, :normal=>7}}
D, [2018-03-31T10:13:09.884582 #6118] DEBUG -- : State Score successfully calculated


D, [2018-03-31T10:13:09.884611 #6118] DEBUG -- : Scoring new state: {:rating=>34, :state=>{:unknown=>0, :possibly_lighter=>2, :possibly_heavier=>0, :normal=>6}}
D, [2018-03-31T10:13:09.887829 #6118] DEBUG -- : returning fully calculated score...
D, [2018-03-31T10:13:09.887906 #6118] DEBUG -- : State Score successfully calculated


D, [2018-03-31T10:13:09.887966 #6118] DEBUG -- : Scoring new state: {:rating=>34, :state=>{:unknown=>0, :possibly_lighter=>1, :possibly_heavier=>1, :normal=>6}}
D, [2018-03-31T10:13:09.890634 #6118] DEBUG -- : returning fully calculated score...
D, [2018-03-31T10:13:09.890712 #6118] DEBUG -- : State Score successfully calculated


D, [2018-03-31T10:13:09.890751 #6118] DEBUG -- : Scoring new state: {:rating=>37, :state=>{:unknown=>0, :possibly_lighter=>1, :possibly_heavier=>0, :normal=>7}}
D, [2018-03-31T10:13:09.890778 #6118] DEBUG -- : State Score successfully calculated


D, [2018-03-31T10:13:09.890829 #6118] DEBUG -- : Scoring new state: {:rating=>37, :state=>{:unknown=>0, :possibly_lighter=>0, :possibly_heavier=>1, :normal=>7}}
D, [2018-03-31T10:13:09.890852 #6118] DEBUG -- : State Score successfully calculated


D, [2018-03-31T10:13:09.890878 #6118] DEBUG -- : Scoring new state: {:rating=>37, :state=>{:unknown=>0, :possibly_lighter=>1, :possibly_heavier=>0, :normal=>7}}
D, [2018-03-31T10:13:09.890899 #6118] DEBUG -- : State Score successfully calculated


D, [2018-03-31T10:13:09.890924 #6118] DEBUG -- : Scoring new state: {:rating=>34, :state=>{:unknown=>0, :possibly_lighter=>2, :possibly_heavier=>0, :normal=>6}}
D, [2018-03-31T10:13:09.893481 #6118] DEBUG -- : returning fully calculated score...
D, [2018-03-31T10:13:09.893551 #6118] DEBUG -- : State Score successfully calculated


D, [2018-03-31T10:13:09.893595 #6118] DEBUG -- : Scoring new state: {:rating=>35, :state=>{:unknown=>1, :possibly_lighter=>0, :possibly_heavier=>0, :normal=>7}}
D, [2018-03-31T10:13:09.896110 #6118] DEBUG -- : returning fully calculated score...
D, [2018-03-31T10:13:09.896182 #6118] DEBUG -- : State Score successfully calculated


D, [2018-03-31T10:13:09.896218 #6118] DEBUG -- : Scoring new state: {:rating=>34, :state=>{:unknown=>0, :possibly_lighter=>2, :possibly_heavier=>0, :normal=>6}}
D, [2018-03-31T10:13:09.898670 #6118] DEBUG -- : returning fully calculated score...
D, [2018-03-31T10:13:09.898738 #6118] DEBUG -- : State Score successfully calculated


D, [2018-03-31T10:13:09.898782 #6118] DEBUG -- : Scoring new state: {:rating=>37, :state=>{:unknown=>0, :possibly_lighter=>0, :possibly_heavier=>1, :normal=>7}}
D, [2018-03-31T10:13:09.898820 #6118] DEBUG -- : State Score successfully calculated


D, [2018-03-31T10:13:09.898849 #6118] DEBUG -- : Scoring new state: {:rating=>34, :state=>{:unknown=>0, :possibly_lighter=>2, :possibly_heavier=>0, :normal=>6}}
D, [2018-03-31T10:13:09.901275 #6118] DEBUG -- : returning fully calculated score...
D, [2018-03-31T10:13:09.901340 #6118] DEBUG -- : State Score successfully calculated


D, [2018-03-31T10:13:09.901376 #6118] DEBUG -- : Scoring new state: {:rating=>37, :state=>{:unknown=>0, :possibly_lighter=>1, :possibly_heavier=>0, :normal=>7}}
D, [2018-03-31T10:13:09.901398 #6118] DEBUG -- : State Score successfully calculated


D, [2018-03-31T10:13:09.901432 #6118] DEBUG -- : Scoring new state: {:rating=>34, :state=>{:unknown=>0, :possibly_lighter=>1, :possibly_heavier=>1, :normal=>6}}
D, [2018-03-31T10:13:09.903895 #6118] DEBUG -- : returning fully calculated score...
D, [2018-03-31T10:13:09.903965 #6118] DEBUG -- : State Score successfully calculated


D, [2018-03-31T10:13:09.904001 #6118] DEBUG -- : Scoring new state: {:rating=>37, :state=>{:unknown=>0, :possibly_lighter=>1, :possibly_heavier=>0, :normal=>7}}
D, [2018-03-31T10:13:09.904024 #6118] DEBUG -- : State Score successfully calculated


D, [2018-03-31T10:13:09.904060 #6118] DEBUG -- : Scoring new state: {:rating=>34, :state=>{:unknown=>0, :possibly_lighter=>1, :possibly_heavier=>1, :normal=>6}}
D, [2018-03-31T10:13:09.906518 #6118] DEBUG -- : returning fully calculated score...
D, [2018-03-31T10:13:09.906584 #6118] DEBUG -- : State Score successfully calculated


D, [2018-03-31T10:13:09.906619 #6118] DEBUG -- : Scoring new state: {:rating=>34, :state=>{:unknown=>0, :possibly_lighter=>2, :possibly_heavier=>0, :normal=>6}}
D, [2018-03-31T10:13:09.909059 #6118] DEBUG -- : returning fully calculated score...
D, [2018-03-31T10:13:09.909131 #6118] DEBUG -- : State Score successfully calculated


D, [2018-03-31T10:13:09.909177 #6118] DEBUG -- : Scoring new state: {:rating=>37, :state=>{:unknown=>0, :possibly_lighter=>0, :possibly_heavier=>1, :normal=>7}}
D, [2018-03-31T10:13:09.909200 #6118] DEBUG -- : State Score successfully calculated


D, [2018-03-31T10:13:09.909261 #6118] DEBUG -- : Scoring new state: {:rating=>37, :state=>{:unknown=>0, :possibly_lighter=>1, :possibly_heavier=>0, :normal=>7}}
D, [2018-03-31T10:13:09.909282 #6118] DEBUG -- : State Score successfully calculated


D, [2018-03-31T10:13:09.909305 #6118] DEBUG -- : Scoring new state: {:rating=>34, :state=>{:unknown=>0, :possibly_lighter=>2, :possibly_heavier=>0, :normal=>6}}
D, [2018-03-31T10:13:09.911734 #6118] DEBUG -- : returning fully calculated score...
D, [2018-03-31T10:13:09.911798 #6118] DEBUG -- : State Score successfully calculated


D, [2018-03-31T10:13:09.911843 #6118] DEBUG -- : Scoring new state: {:rating=>34, :state=>{:unknown=>0, :possibly_lighter=>1, :possibly_heavier=>1, :normal=>6}}
D, [2018-03-31T10:13:09.914237 #6118] DEBUG -- : returning fully calculated score...
D, [2018-03-31T10:13:09.914302 #6118] DEBUG -- : State Score successfully calculated


D, [2018-03-31T10:13:09.914338 #6118] DEBUG -- : Scoring new state: {:rating=>37, :state=>{:unknown=>0, :possibly_lighter=>1, :possibly_heavier=>0, :normal=>7}}
D, [2018-03-31T10:13:09.914362 #6118] DEBUG -- : State Score successfully calculated


D, [2018-03-31T10:13:09.914396 #6118] DEBUG -- : Scoring new state: {:rating=>35, :state=>{:unknown=>1, :possibly_lighter=>0, :possibly_heavier=>0, :normal=>7}}
D, [2018-03-31T10:13:09.916811 #6118] DEBUG -- : returning fully calculated score...
D, [2018-03-31T10:13:09.916907 #6118] DEBUG -- : State Score successfully calculated


D, [2018-03-31T10:13:09.916944 #6118] DEBUG -- : Scoring new state: {:rating=>34, :state=>{:unknown=>0, :possibly_lighter=>2, :possibly_heavier=>0, :normal=>6}}
D, [2018-03-31T10:13:09.919337 #6118] DEBUG -- : returning fully calculated score...
D, [2018-03-31T10:13:09.919407 #6118] DEBUG -- : State Score successfully calculated


D, [2018-03-31T10:13:09.919449 #6118] DEBUG -- : Scoring new state: {:rating=>37, :state=>{:unknown=>0, :possibly_lighter=>0, :possibly_heavier=>1, :normal=>7}}
D, [2018-03-31T10:13:09.919474 #6118] DEBUG -- : State Score successfully calculated


D, [2018-03-31T10:13:09.919500 #6118] DEBUG -- : Scoring new state: {:rating=>34, :state=>{:unknown=>0, :possibly_lighter=>2, :possibly_heavier=>0, :normal=>6}}
D, [2018-03-31T10:13:09.921884 #6118] DEBUG -- : returning fully calculated score...
D, [2018-03-31T10:13:09.921946 #6118] DEBUG -- : State Score successfully calculated


D, [2018-03-31T10:13:09.921983 #6118] DEBUG -- : Scoring new state: {:rating=>37, :state=>{:unknown=>0, :possibly_lighter=>1, :possibly_heavier=>0, :normal=>7}}
D, [2018-03-31T10:13:09.922006 #6118] DEBUG -- : State Score successfully calculated


D, [2018-03-31T10:13:09.922040 #6118] DEBUG -- : Scoring new state: {:rating=>34, :state=>{:unknown=>0, :possibly_lighter=>1, :possibly_heavier=>1, :normal=>6}}
D, [2018-03-31T10:13:09.924529 #6118] DEBUG -- : returning fully calculated score...
D, [2018-03-31T10:13:09.924591 #6118] DEBUG -- : State Score successfully calculated


D, [2018-03-31T10:13:09.924631 #6118] DEBUG -- : Scoring new state: {:rating=>34, :state=>{:unknown=>0, :possibly_lighter=>2, :possibly_heavier=>0, :normal=>6}}
D, [2018-03-31T10:13:09.927086 #6118] DEBUG -- : returning fully calculated score...
D, [2018-03-31T10:13:09.927148 #6118] DEBUG -- : State Score successfully calculated


D, [2018-03-31T10:13:09.927193 #6118] DEBUG -- : Scoring new state: {:rating=>37, :state=>{:unknown=>0, :possibly_lighter=>0, :possibly_heavier=>1, :normal=>7}}
D, [2018-03-31T10:13:09.927216 #6118] DEBUG -- : State Score successfully calculated


D, [2018-03-31T10:13:09.927243 #6118] DEBUG -- : Scoring new state: {:rating=>37, :state=>{:unknown=>0, :possibly_lighter=>1, :possibly_heavier=>0, :normal=>7}}
D, [2018-03-31T10:13:09.927275 #6118] DEBUG -- : State Score successfully calculated


D, [2018-03-31T10:13:09.927301 #6118] DEBUG -- : Scoring new state: {:rating=>34, :state=>{:unknown=>0, :possibly_lighter=>2, :possibly_heavier=>0, :normal=>6}}
D, [2018-03-31T10:13:09.929815 #6118] DEBUG -- : returning fully calculated score...
D, [2018-03-31T10:13:09.929880 #6118] DEBUG -- : State Score successfully calculated


D, [2018-03-31T10:13:09.929925 #6118] DEBUG -- : Scoring new state: {:rating=>35, :state=>{:unknown=>1, :possibly_lighter=>0, :possibly_heavier=>0, :normal=>7}}
D, [2018-03-31T10:13:09.932374 #6118] DEBUG -- : returning fully calculated score...
D, [2018-03-31T10:13:09.932439 #6118] DEBUG -- : State Score successfully calculated


D, [2018-03-31T10:13:09.932476 #6118] DEBUG -- : Scoring new state: {:rating=>34, :state=>{:unknown=>0, :possibly_lighter=>2, :possibly_heavier=>0, :normal=>6}}
D, [2018-03-31T10:13:09.934878 #6118] DEBUG -- : returning fully calculated score...
D, [2018-03-31T10:13:09.934939 #6118] DEBUG -- : State Score successfully calculated


D, [2018-03-31T10:13:09.934981 #6118] DEBUG -- : Scoring new state: {:rating=>37, :state=>{:unknown=>0, :possibly_lighter=>0, :possibly_heavier=>1, :normal=>7}}
D, [2018-03-31T10:13:09.935005 #6118] DEBUG -- : State Score successfully calculated


D, [2018-03-31T10:13:09.935032 #6118] DEBUG -- : Scoring new state: {:rating=>34, :state=>{:unknown=>0, :possibly_lighter=>2, :possibly_heavier=>0, :normal=>6}}
D, [2018-03-31T10:13:09.937501 #6118] DEBUG -- : returning fully calculated score...
D, [2018-03-31T10:13:09.937564 #6118] DEBUG -- : State Score successfully calculated


D, [2018-03-31T10:13:09.937601 #6118] DEBUG -- : Scoring new state: {:rating=>37, :state=>{:unknown=>0, :possibly_lighter=>1, :possibly_heavier=>0, :normal=>7}}
D, [2018-03-31T10:13:09.937625 #6118] DEBUG -- : State Score successfully calculated


D, [2018-03-31T10:13:09.937659 #6118] DEBUG -- : Scoring new state: {:rating=>34, :state=>{:unknown=>0, :possibly_lighter=>1, :possibly_heavier=>1, :normal=>6}}
D, [2018-03-31T10:13:09.940250 #6118] DEBUG -- : returning fully calculated score...
D, [2018-03-31T10:13:09.940322 #6118] DEBUG -- : State Score successfully calculated


D, [2018-03-31T10:13:09.940358 #6118] DEBUG -- : Scoring new state: {:rating=>37, :state=>{:unknown=>0, :possibly_lighter=>1, :possibly_heavier=>0, :normal=>7}}
D, [2018-03-31T10:13:09.940384 #6118] DEBUG -- : State Score successfully calculated


D, [2018-03-31T10:13:09.940420 #6118] DEBUG -- : Scoring new state: {:rating=>34, :state=>{:unknown=>0, :possibly_lighter=>1, :possibly_heavier=>1, :normal=>6}}
D, [2018-03-31T10:13:09.942927 #6118] DEBUG -- : returning fully calculated score...
D, [2018-03-31T10:13:09.942990 #6118] DEBUG -- : State Score successfully calculated


D, [2018-03-31T10:13:09.943025 #6118] DEBUG -- : Scoring new state: {:rating=>34, :state=>{:unknown=>0, :possibly_lighter=>2, :possibly_heavier=>0, :normal=>6}}
D, [2018-03-31T10:13:09.945453 #6118] DEBUG -- : returning fully calculated score...
D, [2018-03-31T10:13:09.945519 #6118] DEBUG -- : State Score successfully calculated


D, [2018-03-31T10:13:09.945562 #6118] DEBUG -- : Scoring new state: {:rating=>37, :state=>{:unknown=>0, :possibly_lighter=>0, :possibly_heavier=>1, :normal=>7}}
D, [2018-03-31T10:13:09.945586 #6118] DEBUG -- : State Score successfully calculated


D, [2018-03-31T10:13:09.945613 #6118] DEBUG -- : Scoring new state: {:rating=>37, :state=>{:unknown=>0, :possibly_lighter=>1, :possibly_heavier=>0, :normal=>7}}
D, [2018-03-31T10:13:09.945633 #6118] DEBUG -- : State Score successfully calculated


D, [2018-03-31T10:13:09.945693 #6118] DEBUG -- : Scoring new state: {:rating=>34, :state=>{:unknown=>0, :possibly_lighter=>2, :possibly_heavier=>0, :normal=>6}}
D, [2018-03-31T10:13:09.948138 #6118] DEBUG -- : returning fully calculated score...
D, [2018-03-31T10:13:09.948202 #6118] DEBUG -- : State Score successfully calculated


D, [2018-03-31T10:13:09.948243 #6118] DEBUG -- : Scoring new state: {:rating=>34, :state=>{:unknown=>0, :possibly_lighter=>1, :possibly_heavier=>1, :normal=>6}}
D, [2018-03-31T10:13:09.950663 #6118] DEBUG -- : returning fully calculated score...
D, [2018-03-31T10:13:09.950721 #6118] DEBUG -- : State Score successfully calculated


D, [2018-03-31T10:13:09.950755 #6118] DEBUG -- : Scoring new state: {:rating=>37, :state=>{:unknown=>0, :possibly_lighter=>1, :possibly_heavier=>0, :normal=>7}}
D, [2018-03-31T10:13:09.950777 #6118] DEBUG -- : State Score successfully calculated


D, [2018-03-31T10:13:09.950828 #6118] DEBUG -- : Scoring new state: {:rating=>35, :state=>{:unknown=>1, :possibly_lighter=>0, :possibly_heavier=>0, :normal=>7}}
D, [2018-03-31T10:13:09.953227 #6118] DEBUG -- : returning fully calculated score...
D, [2018-03-31T10:13:09.953295 #6118] DEBUG -- : State Score successfully calculated


D, [2018-03-31T10:13:09.953332 #6118] DEBUG -- : Scoring new state: {:rating=>34, :state=>{:unknown=>0, :possibly_lighter=>2, :possibly_heavier=>0, :normal=>6}}
D, [2018-03-31T10:13:09.955744 #6118] DEBUG -- : returning fully calculated score...
D, [2018-03-31T10:13:09.955806 #6118] DEBUG -- : State Score successfully calculated


D, [2018-03-31T10:13:09.955847 #6118] DEBUG -- : Scoring new state: {:rating=>37, :state=>{:unknown=>0, :possibly_lighter=>0, :possibly_heavier=>1, :normal=>7}}
D, [2018-03-31T10:13:09.955872 #6118] DEBUG -- : State Score successfully calculated


D, [2018-03-31T10:13:09.955898 #6118] DEBUG -- : Scoring new state: {:rating=>34, :state=>{:unknown=>0, :possibly_lighter=>2, :possibly_heavier=>0, :normal=>6}}
D, [2018-03-31T10:13:09.958299 #6118] DEBUG -- : returning fully calculated score...
D, [2018-03-31T10:13:09.958362 #6118] DEBUG -- : State Score successfully calculated


D, [2018-03-31T10:13:09.958398 #6118] DEBUG -- : Scoring new state: {:rating=>37, :state=>{:unknown=>0, :possibly_lighter=>1, :possibly_heavier=>0, :normal=>7}}
D, [2018-03-31T10:13:09.958421 #6118] DEBUG -- : State Score successfully calculated


D, [2018-03-31T10:13:09.958455 #6118] DEBUG -- : Scoring new state: {:rating=>34, :state=>{:unknown=>0, :possibly_lighter=>1, :possibly_heavier=>1, :normal=>6}}
D, [2018-03-31T10:13:09.960907 #6118] DEBUG -- : returning fully calculated score...
D, [2018-03-31T10:13:09.960970 #6118] DEBUG -- : State Score successfully calculated


D, [2018-03-31T10:13:09.961038 #6118] DEBUG -- : Scoring new state: {:rating=>34, :state=>{:unknown=>0, :possibly_lighter=>2, :possibly_heavier=>0, :normal=>6}}
D, [2018-03-31T10:13:09.963485 #6118] DEBUG -- : returning fully calculated score...
D, [2018-03-31T10:13:09.963550 #6118] DEBUG -- : State Score successfully calculated


D, [2018-03-31T10:13:09.963598 #6118] DEBUG -- : Scoring new state: {:rating=>34, :state=>{:unknown=>0, :possibly_lighter=>1, :possibly_heavier=>1, :normal=>6}}
D, [2018-03-31T10:13:09.965959 #6118] DEBUG -- : returning fully calculated score...
D, [2018-03-31T10:13:09.966023 #6118] DEBUG -- : State Score successfully calculated


D, [2018-03-31T10:13:09.966060 #6118] DEBUG -- : Scoring new state: {:rating=>34, :state=>{:unknown=>0, :possibly_lighter=>2, :possibly_heavier=>0, :normal=>6}}
D, [2018-03-31T10:13:09.968505 #6118] DEBUG -- : returning fully calculated score...
D, [2018-03-31T10:13:09.968570 #6118] DEBUG -- : State Score successfully calculated


D, [2018-03-31T10:13:09.968615 #6118] DEBUG -- : Scoring new state: {:rating=>34, :state=>{:unknown=>0, :possibly_lighter=>1, :possibly_heavier=>1, :normal=>6}}
D, [2018-03-31T10:13:09.971059 #6118] DEBUG -- : returning fully calculated score...
D, [2018-03-31T10:13:09.971117 #6118] DEBUG -- : State Score successfully calculated


D, [2018-03-31T10:13:09.971154 #6118] DEBUG -- : Scoring new state: {:rating=>34, :state=>{:unknown=>0, :possibly_lighter=>2, :possibly_heavier=>0, :normal=>6}}
D, [2018-03-31T10:13:09.973524 #6118] DEBUG -- : returning fully calculated score...
D, [2018-03-31T10:13:09.973585 #6118] DEBUG -- : State Score successfully calculated


D, [2018-03-31T10:13:09.973630 #6118] DEBUG -- : Scoring new state: {:rating=>32, :state=>{:unknown=>1, :possibly_lighter=>1, :possibly_heavier=>0, :normal=>6}}
D, [2018-03-31T10:13:09.976047 #6118] DEBUG -- : calculating updated score for older state...
D, [2018-03-31T10:13:09.979422 #6118] DEBUG -- : generating weighed rated selections...
D, [2018-03-31T10:13:10.109577 #6118] DEBUG -- : scoring weighed rated selections...
D, [2018-03-31T10:13:10.109701 #6118] DEBUG -- : Saving scored selections...
D, [2018-03-31T10:13:10.116004 #6118] DEBUG -- : State Score successfully calculated


D, [2018-03-31T10:13:10.116096 #6118] DEBUG -- : Scoring new state: {:rating=>37, :state=>{:unknown=>0, :possibly_lighter=>1, :possibly_heavier=>0, :normal=>7}}
D, [2018-03-31T10:13:10.116123 #6118] DEBUG -- : State Score successfully calculated


D, [2018-03-31T10:13:10.116161 #6118] DEBUG -- : Scoring new state: {:rating=>32, :state=>{:unknown=>1, :possibly_lighter=>1, :possibly_heavier=>0, :normal=>6}}
D, [2018-03-31T10:13:10.118785 #6118] DEBUG -- : calculating updated score for older state...
D, [2018-03-31T10:13:10.122229 #6118] DEBUG -- : generating weighed rated selections...
D, [2018-03-31T10:13:10.123034 #6118] DEBUG -- : -------> building selection...
D, [2018-03-31T10:13:10.123856 #6118] DEBUG -- : -------> building new state...
D, [2018-03-31T10:13:10.124113 #6118] DEBUG -- : -------> building new state...
D, [2018-03-31T10:13:10.124420 #6118] DEBUG -- : -------> building selection...
D, [2018-03-31T10:13:10.124802 #6118] DEBUG -- : -------> building new state...
D, [2018-03-31T10:13:10.124908 #6118] DEBUG -- : -------> building new state...
D, [2018-03-31T10:13:10.125092 #6118] DEBUG -- : -------> building selection...
D, [2018-03-31T10:13:10.125406 #6118] DEBUG -- : -------> building new state...
D, [2018-03-31T10:13:10.125510 #6118] DEBUG -- : -------> building new state...
D, [2018-03-31T10:13:10.125720 #6118] DEBUG -- : -------> building selection...
D, [2018-03-31T10:13:10.126029 #6118] DEBUG -- : -------> building new state...
D, [2018-03-31T10:13:10.126166 #6118] DEBUG -- : -------> building new state...
D, [2018-03-31T10:13:10.126424 #6118] DEBUG -- : -------> building selection...
D, [2018-03-31T10:13:10.126764 #6118] DEBUG -- : -------> building new state...
D, [2018-03-31T10:13:10.126896 #6118] DEBUG -- : -------> building new state...
D, [2018-03-31T10:13:10.127130 #6118] DEBUG -- : -------> building selection...
D, [2018-03-31T10:13:10.127496 #6118] DEBUG -- : -------> building new state...
D, [2018-03-31T10:13:10.127651 #6118] DEBUG -- : -------> building new state...
D, [2018-03-31T10:13:10.127851 #6118] DEBUG -- : -------> building selection...
D, [2018-03-31T10:13:10.128268 #6118] DEBUG -- : -------> building new state...
D, [2018-03-31T10:13:10.128376 #6118] DEBUG -- : -------> building new state...
D, [2018-03-31T10:13:10.128590 #6118] DEBUG -- : -------> building selection...
D, [2018-03-31T10:13:10.128902 #6118] DEBUG -- : -------> building new state...
D, [2018-03-31T10:13:10.129005 #6118] DEBUG -- : -------> building new state...
D, [2018-03-31T10:13:10.129188 #6118] DEBUG -- : -------> building selection...
D, [2018-03-31T10:13:10.129500 #6118] DEBUG -- : -------> building new state...
D, [2018-03-31T10:13:10.129598 #6118] DEBUG -- : -------> building new state...
D, [2018-03-31T10:13:10.129813 #6118] DEBUG -- : -------> building selection...
D, [2018-03-31T10:13:10.130123 #6118] DEBUG -- : -------> building new state...
D, [2018-03-31T10:13:10.130221 #6118] DEBUG -- : -------> building new state...
D, [2018-03-31T10:13:10.130402 #6118] DEBUG -- : -------> building selection...
D, [2018-03-31T10:13:10.130712 #6118] DEBUG -- : -------> building new state...
D, [2018-03-31T10:13:10.130858 #6118] DEBUG -- : -------> building new state...
D, [2018-03-31T10:13:10.131057 #6118] DEBUG -- : -------> building selection...
D, [2018-03-31T10:13:10.131387 #6118] DEBUG -- : -------> building new state...
D, [2018-03-31T10:13:10.131486 #6118] DEBUG -- : -------> building new state...
D, [2018-03-31T10:13:10.131664 #6118] DEBUG -- : -------> building selection...
D, [2018-03-31T10:13:10.131979 #6118] DEBUG -- : -------> building new state...
D, [2018-03-31T10:13:10.132116 #6118] DEBUG -- : -------> building new state...
D, [2018-03-31T10:13:10.132298 #6118] DEBUG -- : -------> building selection...
D, [2018-03-31T10:13:10.132611 #6118] DEBUG -- : -------> building new state...
D, [2018-03-31T10:13:10.132711 #6118] DEBUG -- : -------> building new state...
D, [2018-03-31T10:13:10.132888 #6118] DEBUG -- : -------> building selection...
D, [2018-03-31T10:13:10.133205 #6118] DEBUG -- : -------> building new state...
D, [2018-03-31T10:13:10.133333 #6118] DEBUG -- : -------> building new state...
D, [2018-03-31T10:13:10.133512 #6118] DEBUG -- : -------> building selection...
D, [2018-03-31T10:13:10.133818 #6118] DEBUG -- : -------> building new state...
D, [2018-03-31T10:13:10.133922 #6118] DEBUG -- : -------> building new state...
D, [2018-03-31T10:13:10.134103 #6118] DEBUG -- : -------> building selection...
D, [2018-03-31T10:13:10.134434 #6118] DEBUG -- : -------> building new state...
D, [2018-03-31T10:13:10.134536 #6118] DEBUG -- : -------> building new state...
D, [2018-03-31T10:13:10.134786 #6118] DEBUG -- : -------> building selection...
D, [2018-03-31T10:13:10.135154 #6118] DEBUG -- : -------> building new state...
D, [2018-03-31T10:13:10.135333 #6118] DEBUG -- : -------> building new state...
D, [2018-03-31T10:13:10.135548 #6118] DEBUG -- : -------> building selection...
D, [2018-03-31T10:13:10.135947 #6118] DEBUG -- : -------> building new state...
D, [2018-03-31T10:13:10.136069 #6118] DEBUG -- : -------> building new state...
D, [2018-03-31T10:13:10.136252 #6118] DEBUG -- : -------> building selection...
D, [2018-03-31T10:13:10.136571 #6118] DEBUG -- : -------> building new state...
D, [2018-03-31T10:13:10.136674 #6118] DEBUG -- : -------> building new state...
D, [2018-03-31T10:13:10.136851 #6118] DEBUG -- : -------> building selection...
D, [2018-03-31T10:13:10.137195 #6118] DEBUG -- : -------> building new state...
D, [2018-03-31T10:13:10.137297 #6118] DEBUG -- : -------> building new state...
D, [2018-03-31T10:13:10.137476 #6118] DEBUG -- : -------> building selection...
D, [2018-03-31T10:13:10.137782 #6118] DEBUG -- : -------> building new state...
D, [2018-03-31T10:13:10.137881 #6118] DEBUG -- : -------> building new state...
D, [2018-03-31T10:13:10.138058 #6118] DEBUG -- : -------> building selection...
D, [2018-03-31T10:13:10.138394 #6118] DEBUG -- : -------> building new state...
D, [2018-03-31T10:13:10.138497 #6118] DEBUG -- : -------> building new state...
D, [2018-03-31T10:13:10.138679 #6118] DEBUG -- : -------> building selection...
D, [2018-03-31T10:13:10.139007 #6118] DEBUG -- : -------> building new state...
D, [2018-03-31T10:13:10.139106 #6118] DEBUG -- : -------> building new state...
D, [2018-03-31T10:13:10.139302 #6118] DEBUG -- : -------> building selection...
D, [2018-03-31T10:13:10.139639 #6118] DEBUG -- : -------> building new state...
D, [2018-03-31T10:13:10.139737 #6118] DEBUG -- : -------> building new state...
D, [2018-03-31T10:13:10.139918 #6118] DEBUG -- : -------> building selection...
D, [2018-03-31T10:13:10.140230 #6118] DEBUG -- : -------> building new state...
D, [2018-03-31T10:13:10.140329 #6118] DEBUG -- : -------> building new state...
D, [2018-03-31T10:13:10.140532 #6118] DEBUG -- : scoring weighed rated selections...
D, [2018-03-31T10:13:10.140610 #6118] DEBUG -- : Saving scored selections...
D, [2018-03-31T10:13:10.152546 #6118] DEBUG -- : State Score successfully calculated


D, [2018-03-31T10:13:10.152620 #6118] DEBUG -- : Scoring new state: {:rating=>37, :state=>{:unknown=>0, :possibly_lighter=>1, :possibly_heavier=>0, :normal=>7}}
D, [2018-03-31T10:13:10.152645 #6118] DEBUG -- : State Score successfully calculated


D, [2018-03-31T10:13:10.152706 #6118] DEBUG -- : Scoring new state: {:rating=>32, :state=>{:unknown=>1, :possibly_lighter=>1, :possibly_heavier=>0, :normal=>6}}
D, [2018-03-31T10:13:10.155412 #6118] DEBUG -- : calculating updated score for older state...
D, [2018-03-31T10:13:10.158791 #6118] DEBUG -- : generating weighed rated selections...
D, [2018-03-31T10:13:10.159628 #6118] DEBUG -- : -------> building selection...
D, [2018-03-31T10:13:10.160437 #6118] DEBUG -- : -------> building new state...
D, [2018-03-31T10:13:10.160769 #6118] DEBUG -- : -------> building new state...
D, [2018-03-31T10:13:10.161016 #6118] DEBUG -- : -------> building selection...
D, [2018-03-31T10:13:10.161348 #6118] DEBUG -- : -------> building new state...
D, [2018-03-31T10:13:10.161469 #6118] DEBUG -- : -------> building new state...
D, [2018-03-31T10:13:10.161672 #6118] DEBUG -- : -------> building selection...
D, [2018-03-31T10:13:10.161983 #6118] DEBUG -- : -------> building new state...
D, [2018-03-31T10:13:10.162080 #6118] DEBUG -- : -------> building new state...
D, [2018-03-31T10:13:10.162268 #6118] DEBUG -- : -------> building selection...
D, [2018-03-31T10:13:10.162577 #6118] DEBUG -- : -------> building new state...
D, [2018-03-31T10:13:10.162702 #6118] DEBUG -- : -------> building new state...
D, [2018-03-31T10:13:10.162922 #6118] DEBUG -- : -------> building selection...
D, [2018-03-31T10:13:10.163298 #6118] DEBUG -- : -------> building new state...
D, [2018-03-31T10:13:10.163413 #6118] DEBUG -- : -------> building new state...
D, [2018-03-31T10:13:10.163688 #6118] DEBUG -- : -------> building selection...
D, [2018-03-31T10:13:10.164020 #6118] DEBUG -- : -------> building new state...
D, [2018-03-31T10:13:10.164152 #6118] DEBUG -- : -------> building new state...
D, [2018-03-31T10:13:10.164335 #6118] DEBUG -- : -------> building selection...
D, [2018-03-31T10:13:10.164675 #6118] DEBUG -- : -------> building new state...
D, [2018-03-31T10:13:10.164793 #6118] DEBUG -- : -------> building new state...
D, [2018-03-31T10:13:10.165225 #6118] DEBUG -- : -------> building selection...
D, [2018-03-31T10:13:10.165556 #6118] DEBUG -- : -------> building new state...
D, [2018-03-31T10:13:10.165686 #6118] DEBUG -- : -------> building new state...
D, [2018-03-31T10:13:10.165905 #6118] DEBUG -- : -------> building selection...
D, [2018-03-31T10:13:10.166231 #6118] DEBUG -- : -------> building new state...
D, [2018-03-31T10:13:10.166328 #6118] DEBUG -- : -------> building new state...
D, [2018-03-31T10:13:10.166505 #6118] DEBUG -- : -------> building selection...
D, [2018-03-31T10:13:10.166851 #6118] DEBUG -- : -------> building new state...
D, [2018-03-31T10:13:10.166957 #6118] DEBUG -- : -------> building new state...
D, [2018-03-31T10:13:10.167136 #6118] DEBUG -- : -------> building selection...
D, [2018-03-31T10:13:10.167447 #6118] DEBUG -- : -------> building new state...
D, [2018-03-31T10:13:10.167545 #6118] DEBUG -- : -------> building new state...
D, [2018-03-31T10:13:10.167720 #6118] DEBUG -- : -------> building selection...
D, [2018-03-31T10:13:10.168044 #6118] DEBUG -- : -------> building new state...
D, [2018-03-31T10:13:10.168145 #6118] DEBUG -- : -------> building new state...
D, [2018-03-31T10:13:10.168321 #6118] DEBUG -- : -------> building selection...
D, [2018-03-31T10:13:10.168624 #6118] DEBUG -- : -------> building new state...
D, [2018-03-31T10:13:10.168724 #6118] DEBUG -- : -------> building new state...
D, [2018-03-31T10:13:10.168920 #6118] DEBUG -- : -------> building selection...
D, [2018-03-31T10:13:10.169224 #6118] DEBUG -- : -------> building new state...
D, [2018-03-31T10:13:10.169320 #6118] DEBUG -- : -------> building new state...
D, [2018-03-31T10:13:10.169503 #6118] DEBUG -- : -------> building selection...
D, [2018-03-31T10:13:10.169901 #6118] DEBUG -- : -------> building new state...
D, [2018-03-31T10:13:10.170006 #6118] DEBUG -- : -------> building new state...
D, [2018-03-31T10:13:10.170188 #6118] DEBUG -- : -------> building selection...
D, [2018-03-31T10:13:10.170497 #6118] DEBUG -- : -------> building new state...
D, [2018-03-31T10:13:10.170593 #6118] DEBUG -- : -------> building new state...
D, [2018-03-31T10:13:10.170767 #6118] DEBUG -- : -------> building selection...
D, [2018-03-31T10:13:10.171172 #6118] DEBUG -- : -------> building new state...
D, [2018-03-31T10:13:10.171278 #6118] DEBUG -- : -------> building new state...
D, [2018-03-31T10:13:10.171455 #6118] DEBUG -- : -------> building selection...
D, [2018-03-31T10:13:10.171783 #6118] DEBUG -- : -------> building new state...
D, [2018-03-31T10:13:10.171880 #6118] DEBUG -- : -------> building new state...
D, [2018-03-31T10:13:10.172140 #6118] DEBUG -- : -------> building selection...
D, [2018-03-31T10:13:10.172595 #6118] DEBUG -- : -------> building new state...
D, [2018-03-31T10:13:10.172692 #6118] DEBUG -- : -------> building new state...
D, [2018-03-31T10:13:10.172869 #6118] DEBUG -- : -------> building selection...
D, [2018-03-31T10:13:10.173209 #6118] DEBUG -- : -------> building new state...
D, [2018-03-31T10:13:10.173354 #6118] DEBUG -- : -------> building new state...
D, [2018-03-31T10:13:10.173533 #6118] DEBUG -- : -------> building selection...
D, [2018-03-31T10:13:10.173841 #6118] DEBUG -- : -------> building new state...
D, [2018-03-31T10:13:10.173948 #6118] DEBUG -- : -------> building new state...
D, [2018-03-31T10:13:10.174125 #6118] DEBUG -- : -------> building selection...
D, [2018-03-31T10:13:10.174503 #6118] DEBUG -- : -------> building new state...
D, [2018-03-31T10:13:10.174604 #6118] DEBUG -- : -------> building new state...
D, [2018-03-31T10:13:10.174781 #6118] DEBUG -- : -------> building selection...
D, [2018-03-31T10:13:10.175105 #6118] DEBUG -- : -------> building new state...
D, [2018-03-31T10:13:10.175221 #6118] DEBUG -- : -------> building new state...
D, [2018-03-31T10:13:10.175477 #6118] DEBUG -- : -------> building selection...
D, [2018-03-31T10:13:10.175790 #6118] DEBUG -- : -------> building new state...
D, [2018-03-31T10:13:10.175889 #6118] DEBUG -- : -------> building new state...
D, [2018-03-31T10:13:10.176126 #6118] DEBUG -- : -------> building selection...
D, [2018-03-31T10:13:10.176472 #6118] DEBUG -- : -------> building new state...
D, [2018-03-31T10:13:10.176634 #6118] DEBUG -- : -------> building new state...
D, [2018-03-31T10:13:10.176842 #6118] DEBUG -- : -------> building selection...
D, [2018-03-31T10:13:10.177153 #6118] DEBUG -- : -------> building new state...
D, [2018-03-31T10:13:10.177251 #6118] DEBUG -- : -------> building new state...
D, [2018-03-31T10:13:10.177434 #6118] DEBUG -- : scoring weighed rated selections...
D, [2018-03-31T10:13:10.177500 #6118] DEBUG -- : Saving scored selections...
D, [2018-03-31T10:13:10.184149 #6118] DEBUG -- : State Score successfully calculated


D, [2018-03-31T10:13:10.184224 #6118] DEBUG -- : Scoring new state: {:rating=>37, :state=>{:unknown=>0, :possibly_lighter=>1, :possibly_heavier=>0, :normal=>7}}
D, [2018-03-31T10:13:10.184251 #6118] DEBUG -- : State Score successfully calculated


D, [2018-03-31T10:13:10.184286 #6118] DEBUG -- : Scoring new state: {:rating=>32, :state=>{:unknown=>1, :possibly_lighter=>1, :possibly_heavier=>0, :normal=>6}}
D, [2018-03-31T10:13:10.187118 #6118] DEBUG -- : calculating updated score for older state...
D, [2018-03-31T10:13:10.190643 #6118] DEBUG -- : generating weighed rated selections...
D, [2018-03-31T10:13:10.191502 #6118] DEBUG -- : -------> building selection...
D, [2018-03-31T10:13:10.192304 #6118] DEBUG -- : -------> building new state...
D, [2018-03-31T10:13:10.192540 #6118] DEBUG -- : -------> building new state...
D, [2018-03-31T10:13:10.194689 #6118] DEBUG -- : -------> building selection...
D, [2018-03-31T10:13:10.195134 #6118] DEBUG -- : -------> building new state...
D, [2018-03-31T10:13:10.195242 #6118] DEBUG -- : -------> building new state...
D, [2018-03-31T10:13:10.195470 #6118] DEBUG -- : -------> building selection...
D, [2018-03-31T10:13:10.195788 #6118] DEBUG -- : -------> building new state...
D, [2018-03-31T10:13:10.195889 #6118] DEBUG -- : -------> building new state...
D, [2018-03-31T10:13:10.196091 #6118] DEBUG -- : -------> building selection...
D, [2018-03-31T10:13:10.196414 #6118] DEBUG -- : -------> building new state...
D, [2018-03-31T10:13:10.196518 #6118] DEBUG -- : -------> building new state...
D, [2018-03-31T10:13:10.196698 #6118] DEBUG -- : -------> building selection...
D, [2018-03-31T10:13:10.197020 #6118] DEBUG -- : -------> building new state...
D, [2018-03-31T10:13:10.197119 #6118] DEBUG -- : -------> building new state...
D, [2018-03-31T10:13:10.197332 #6118] DEBUG -- : -------> building selection...
D, [2018-03-31T10:13:10.197649 #6118] DEBUG -- : -------> building new state...
D, [2018-03-31T10:13:10.197775 #6118] DEBUG -- : -------> building new state...
D, [2018-03-31T10:13:10.197956 #6118] DEBUG -- : -------> building selection...
D, [2018-03-31T10:13:10.198267 #6118] DEBUG -- : -------> building new state...
D, [2018-03-31T10:13:10.198370 #6118] DEBUG -- : -------> building new state...
D, [2018-03-31T10:13:10.198576 #6118] DEBUG -- : -------> building selection...
D, [2018-03-31T10:13:10.198904 #6118] DEBUG -- : -------> building new state...
D, [2018-03-31T10:13:10.199005 #6118] DEBUG -- : -------> building new state...
D, [2018-03-31T10:13:10.199302 #6118] DEBUG -- : -------> building selection...
D, [2018-03-31T10:13:10.199647 #6118] DEBUG -- : -------> building new state...
D, [2018-03-31T10:13:10.199785 #6118] DEBUG -- : -------> building new state...
D, [2018-03-31T10:13:10.199971 #6118] DEBUG -- : -------> building selection...
D, [2018-03-31T10:13:10.200279 #6118] DEBUG -- : -------> building new state...
D, [2018-03-31T10:13:10.200412 #6118] DEBUG -- : -------> building new state...
D, [2018-03-31T10:13:10.200625 #6118] DEBUG -- : -------> building selection...
D, [2018-03-31T10:13:10.200951 #6118] DEBUG -- : -------> building new state...
D, [2018-03-31T10:13:10.201049 #6118] DEBUG -- : -------> building new state...
D, [2018-03-31T10:13:10.201250 #6118] DEBUG -- : -------> building selection...
D, [2018-03-31T10:13:10.201615 #6118] DEBUG -- : -------> building new state...
D, [2018-03-31T10:13:10.201715 #6118] DEBUG -- : -------> building new state...
D, [2018-03-31T10:13:10.201952 #6118] DEBUG -- : -------> building selection...
D, [2018-03-31T10:13:10.202277 #6118] DEBUG -- : -------> building new state...
D, [2018-03-31T10:13:10.202374 #6118] DEBUG -- : -------> building new state...
D, [2018-03-31T10:13:10.202598 #6118] DEBUG -- : -------> building selection...
D, [2018-03-31T10:13:10.202969 #6118] DEBUG -- : -------> building new state...
D, [2018-03-31T10:13:10.203070 #6118] DEBUG -- : -------> building new state...
D, [2018-03-31T10:13:10.203292 #6118] DEBUG -- : -------> building selection...
D, [2018-03-31T10:13:10.203608 #6118] DEBUG -- : -------> building new state...
D, [2018-03-31T10:13:10.203730 #6118] DEBUG -- : -------> building new state...
D, [2018-03-31T10:13:10.203915 #6118] DEBUG -- : -------> building selection...
D, [2018-03-31T10:13:10.204226 #6118] DEBUG -- : -------> building new state...
D, [2018-03-31T10:13:10.204325 #6118] DEBUG -- : -------> building new state...
D, [2018-03-31T10:13:10.204513 #6118] DEBUG -- : -------> building selection...
D, [2018-03-31T10:13:10.204837 #6118] DEBUG -- : -------> building new state...
D, [2018-03-31T10:13:10.204941 #6118] DEBUG -- : -------> building new state...
D, [2018-03-31T10:13:10.205117 #6118] DEBUG -- : -------> building selection...
D, [2018-03-31T10:13:10.205486 #6118] DEBUG -- : -------> building new state...
D, [2018-03-31T10:13:10.205728 #6118] DEBUG -- : -------> building new state...
D, [2018-03-31T10:13:10.206995 #6118] DEBUG -- : -------> building selection...
D, [2018-03-31T10:13:10.207484 #6118] DEBUG -- : -------> building new state...
D, [2018-03-31T10:13:10.207657 #6118] DEBUG -- : -------> building new state...
D, [2018-03-31T10:13:10.207860 #6118] DEBUG -- : -------> building selection...
D, [2018-03-31T10:13:10.208175 #6118] DEBUG -- : -------> building new state...
D, [2018-03-31T10:13:10.208275 #6118] DEBUG -- : -------> building new state...
D, [2018-03-31T10:13:10.208482 #6118] DEBUG -- : -------> building selection...
D, [2018-03-31T10:13:10.208801 #6118] DEBUG -- : -------> building new state...
D, [2018-03-31T10:13:10.208914 #6118] DEBUG -- : -------> building new state...
D, [2018-03-31T10:13:10.209097 #6118] DEBUG -- : -------> building selection...
D, [2018-03-31T10:13:10.209414 #6118] DEBUG -- : -------> building new state...
D, [2018-03-31T10:13:10.209528 #6118] DEBUG -- : -------> building new state...
D, [2018-03-31T10:13:10.209785 #6118] DEBUG -- : -------> building selection...
D, [2018-03-31T10:13:10.210149 #6118] DEBUG -- : -------> building new state...
D, [2018-03-31T10:13:10.210341 #6118] DEBUG -- : -------> building new state...
D, [2018-03-31T10:13:10.210547 #6118] DEBUG -- : -------> building selection...
D, [2018-03-31T10:13:10.210908 #6118] DEBUG -- : -------> building new state...
D, [2018-03-31T10:13:10.211013 #6118] DEBUG -- : -------> building new state...
D, [2018-03-31T10:13:10.211217 #6118] DEBUG -- : -------> building selection...
D, [2018-03-31T10:13:10.211531 #6118] DEBUG -- : -------> building new state...
D, [2018-03-31T10:13:10.211651 #6118] DEBUG -- : -------> building new state...
D, [2018-03-31T10:13:10.211832 #6118] DEBUG -- : -------> building selection...
D, [2018-03-31T10:13:10.212187 #6118] DEBUG -- : -------> building new state...
D, [2018-03-31T10:13:10.212324 #6118] DEBUG -- : -------> building new state...
D, [2018-03-31T10:13:10.212508 #6118] DEBUG -- : scoring weighed rated selections...
D, [2018-03-31T10:13:10.212575 #6118] DEBUG -- : Saving scored selections...
D, [2018-03-31T10:13:10.218991 #6118] DEBUG -- : State Score successfully calculated


D, [2018-03-31T10:13:10.219056 #6118] DEBUG -- : Scoring new state: {:rating=>37, :state=>{:unknown=>0, :possibly_lighter=>1, :possibly_heavier=>0, :normal=>7}}
D, [2018-03-31T10:13:10.219105 #6118] DEBUG -- : State Score successfully calculated


D, [2018-03-31T10:13:10.219141 #6118] DEBUG -- : Scoring new state: {:rating=>32, :state=>{:unknown=>1, :possibly_lighter=>1, :possibly_heavier=>0, :normal=>6}}
D, [2018-03-31T10:13:10.221773 #6118] DEBUG -- : calculating updated score for older state...
D, [2018-03-31T10:13:10.225247 #6118] DEBUG -- : generating weighed rated selections...
D, [2018-03-31T10:13:10.226062 #6118] DEBUG -- : -------> building selection...
D, [2018-03-31T10:13:10.226891 #6118] DEBUG -- : -------> building new state...
D, [2018-03-31T10:13:10.227189 #6118] DEBUG -- : -------> building new state...
D, [2018-03-31T10:13:10.227443 #6118] DEBUG -- : -------> building selection...
D, [2018-03-31T10:13:10.227812 #6118] DEBUG -- : -------> building new state...
D, [2018-03-31T10:13:10.227917 #6118] DEBUG -- : -------> building new state...
D, [2018-03-31T10:13:10.228102 #6118] DEBUG -- : -------> building selection...
D, [2018-03-31T10:13:10.228441 #6118] DEBUG -- : -------> building new state...
D, [2018-03-31T10:13:10.228541 #6118] DEBUG -- : -------> building new state...
D, [2018-03-31T10:13:10.228722 #6118] DEBUG -- : -------> building selection...
D, [2018-03-31T10:13:10.229061 #6118] DEBUG -- : -------> building new state...
D, [2018-03-31T10:13:10.229161 #6118] DEBUG -- : -------> building new state...
D, [2018-03-31T10:13:10.229354 #6118] DEBUG -- : -------> building selection...
D, [2018-03-31T10:13:10.229677 #6118] DEBUG -- : -------> building new state...
D, [2018-03-31T10:13:10.229809 #6118] DEBUG -- : -------> building new state...
D, [2018-03-31T10:13:10.230006 #6118] DEBUG -- : -------> building selection...
D, [2018-03-31T10:13:10.230364 #6118] DEBUG -- : -------> building new state...
D, [2018-03-31T10:13:10.230466 #6118] DEBUG -- : -------> building new state...
D, [2018-03-31T10:13:10.230648 #6118] DEBUG -- : -------> building selection...
D, [2018-03-31T10:13:10.231021 #6118] DEBUG -- : -------> building new state...
D, [2018-03-31T10:13:10.231124 #6118] DEBUG -- : -------> building new state...
D, [2018-03-31T10:13:10.231336 #6118] DEBUG -- : -------> building selection...
D, [2018-03-31T10:13:10.231750 #6118] DEBUG -- : -------> building new state...
D, [2018-03-31T10:13:10.231951 #6118] DEBUG -- : -------> building new state...
D, [2018-03-31T10:13:10.233838 #6118] DEBUG -- : -------> building selection...
D, [2018-03-31T10:13:10.234309 #6118] DEBUG -- : -------> building new state...
D, [2018-03-31T10:13:10.234461 #6118] DEBUG -- : -------> building new state...
D, [2018-03-31T10:13:10.234659 #6118] DEBUG -- : -------> building selection...
D, [2018-03-31T10:13:10.235078 #6118] DEBUG -- : -------> building new state...
D, [2018-03-31T10:13:10.235198 #6118] DEBUG -- : -------> building new state...
D, [2018-03-31T10:13:10.235441 #6118] DEBUG -- : -------> building selection...
D, [2018-03-31T10:13:10.235757 #6118] DEBUG -- : -------> building new state...
D, [2018-03-31T10:13:10.235857 #6118] DEBUG -- : -------> building new state...
D, [2018-03-31T10:13:10.236074 #6118] DEBUG -- : -------> building selection...
D, [2018-03-31T10:13:10.236400 #6118] DEBUG -- : -------> building new state...
D, [2018-03-31T10:13:10.236518 #6118] DEBUG -- : -------> building new state...
D, [2018-03-31T10:13:10.236702 #6118] DEBUG -- : -------> building selection...
D, [2018-03-31T10:13:10.237031 #6118] DEBUG -- : -------> building new state...
D, [2018-03-31T10:13:10.237134 #6118] DEBUG -- : -------> building new state...
D, [2018-03-31T10:13:10.237325 #6118] DEBUG -- : -------> building selection...
D, [2018-03-31T10:13:10.237666 #6118] DEBUG -- : -------> building new state...
D, [2018-03-31T10:13:10.237788 #6118] DEBUG -- : -------> building new state...
D, [2018-03-31T10:13:10.237971 #6118] DEBUG -- : -------> building selection...
D, [2018-03-31T10:13:10.238285 #6118] DEBUG -- : -------> building new state...
D, [2018-03-31T10:13:10.238389 #6118] DEBUG -- : -------> building new state...
D, [2018-03-31T10:13:10.238604 #6118] DEBUG -- : -------> building selection...
D, [2018-03-31T10:13:10.238925 #6118] DEBUG -- : -------> building new state...
D, [2018-03-31T10:13:10.239027 #6118] DEBUG -- : -------> building new state...
D, [2018-03-31T10:13:10.239206 #6118] DEBUG -- : -------> building selection...
D, [2018-03-31T10:13:10.239541 #6118] DEBUG -- : -------> building new state...
D, [2018-03-31T10:13:10.239643 #6118] DEBUG -- : -------> building new state...
D, [2018-03-31T10:13:10.239828 #6118] DEBUG -- : -------> building selection...
D, [2018-03-31T10:13:10.240156 #6118] DEBUG -- : -------> building new state...
D, [2018-03-31T10:13:10.240255 #6118] DEBUG -- : -------> building new state...
D, [2018-03-31T10:13:10.240436 #6118] DEBUG -- : -------> building selection...
D, [2018-03-31T10:13:10.240766 #6118] DEBUG -- : -------> building new state...
D, [2018-03-31T10:13:10.240863 #6118] DEBUG -- : -------> building new state...
D, [2018-03-31T10:13:10.241058 #6118] DEBUG -- : -------> building selection...
D, [2018-03-31T10:13:10.241371 #6118] DEBUG -- : -------> building new state...
D, [2018-03-31T10:13:10.241472 #6118] DEBUG -- : -------> building new state...
D, [2018-03-31T10:13:10.241660 #6118] DEBUG -- : -------> building selection...
D, [2018-03-31T10:13:10.242050 #6118] DEBUG -- : -------> building new state...
D, [2018-03-31T10:13:10.242309 #6118] DEBUG -- : -------> building new state...
D, [2018-03-31T10:13:10.242532 #6118] DEBUG -- : -------> building selection...
D, [2018-03-31T10:13:10.242989 #6118] DEBUG -- : -------> building new state...
D, [2018-03-31T10:13:10.243166 #6118] DEBUG -- : -------> building new state...
D, [2018-03-31T10:13:10.243401 #6118] DEBUG -- : -------> building selection...
D, [2018-03-31T10:13:10.243864 #6118] DEBUG -- : -------> building new state...
D, [2018-03-31T10:13:10.243975 #6118] DEBUG -- : -------> building new state...
D, [2018-03-31T10:13:10.244185 #6118] DEBUG -- : -------> building selection...
D, [2018-03-31T10:13:10.244513 #6118] DEBUG -- : -------> building new state...
D, [2018-03-31T10:13:10.244613 #6118] DEBUG -- : -------> building new state...
D, [2018-03-31T10:13:10.244805 #6118] DEBUG -- : -------> building selection...
D, [2018-03-31T10:13:10.245141 #6118] DEBUG -- : -------> building new state...
D, [2018-03-31T10:13:10.245240 #6118] DEBUG -- : -------> building new state...
D, [2018-03-31T10:13:10.245424 #6118] DEBUG -- : -------> building selection...
D, [2018-03-31T10:13:10.245749 #6118] DEBUG -- : -------> building new state...
D, [2018-03-31T10:13:10.245867 #6118] DEBUG -- : -------> building new state...
D, [2018-03-31T10:13:10.246049 #6118] DEBUG -- : scoring weighed rated selections...
D, [2018-03-31T10:13:10.246132 #6118] DEBUG -- : Saving scored selections...
D, [2018-03-31T10:13:10.253219 #6118] DEBUG -- : State Score successfully calculated


D, [2018-03-31T10:13:10.253286 #6118] DEBUG -- : Scoring new state: {:rating=>37, :state=>{:unknown=>0, :possibly_lighter=>1, :possibly_heavier=>0, :normal=>7}}
D, [2018-03-31T10:13:10.253311 #6118] DEBUG -- : State Score successfully calculated


D, [2018-03-31T10:13:10.253346 #6118] DEBUG -- : Scoring new state: {:rating=>32, :state=>{:unknown=>1, :possibly_lighter=>1, :possibly_heavier=>0, :normal=>6}}
D, [2018-03-31T10:13:10.256069 #6118] DEBUG -- : calculating updated score for older state...
D, [2018-03-31T10:13:10.260693 #6118] DEBUG -- : generating weighed rated selections...
D, [2018-03-31T10:13:10.261591 #6118] DEBUG -- : -------> building selection...
D, [2018-03-31T10:13:10.262420 #6118] DEBUG -- : -------> building new state...
D, [2018-03-31T10:13:10.262659 #6118] DEBUG -- : -------> building new state...
D, [2018-03-31T10:13:10.262911 #6118] DEBUG -- : -------> building selection...
D, [2018-03-31T10:13:10.263278 #6118] DEBUG -- : -------> building new state...
D, [2018-03-31T10:13:10.263384 #6118] DEBUG -- : -------> building new state...
D, [2018-03-31T10:13:10.263575 #6118] DEBUG -- : -------> building selection...
D, [2018-03-31T10:13:10.263905 #6118] DEBUG -- : -------> building new state...
D, [2018-03-31T10:13:10.264025 #6118] DEBUG -- : -------> building new state...
D, [2018-03-31T10:13:10.264216 #6118] DEBUG -- : -------> building selection...
D, [2018-03-31T10:13:10.264537 #6118] DEBUG -- : -------> building new state...
D, [2018-03-31T10:13:10.264635 #6118] DEBUG -- : -------> building new state...
D, [2018-03-31T10:13:10.264878 #6118] DEBUG -- : -------> building selection...
D, [2018-03-31T10:13:10.265356 #6118] DEBUG -- : -------> building new state...
D, [2018-03-31T10:13:10.265464 #6118] DEBUG -- : -------> building new state...
D, [2018-03-31T10:13:10.265653 #6118] DEBUG -- : -------> building selection...
D, [2018-03-31T10:13:10.265989 #6118] DEBUG -- : -------> building new state...
D, [2018-03-31T10:13:10.266091 #6118] DEBUG -- : -------> building new state...
D, [2018-03-31T10:13:10.266302 #6118] DEBUG -- : -------> building selection...
D, [2018-03-31T10:13:10.266633 #6118] DEBUG -- : -------> building new state...
D, [2018-03-31T10:13:10.266744 #6118] DEBUG -- : -------> building new state...
D, [2018-03-31T10:13:10.266970 #6118] DEBUG -- : -------> building selection...
D, [2018-03-31T10:13:10.267436 #6118] DEBUG -- : -------> building new state...
D, [2018-03-31T10:13:10.267555 #6118] DEBUG -- : -------> building new state...
D, [2018-03-31T10:13:10.267769 #6118] DEBUG -- : -------> building selection...
D, [2018-03-31T10:13:10.268123 #6118] DEBUG -- : -------> building new state...
D, [2018-03-31T10:13:10.268232 #6118] DEBUG -- : -------> building new state...
D, [2018-03-31T10:13:10.268443 #6118] DEBUG -- : -------> building selection...
D, [2018-03-31T10:13:10.268789 #6118] DEBUG -- : -------> building new state...
D, [2018-03-31T10:13:10.268903 #6118] DEBUG -- : -------> building new state...
D, [2018-03-31T10:13:10.269112 #6118] DEBUG -- : -------> building selection...
D, [2018-03-31T10:13:10.269469 #6118] DEBUG -- : -------> building new state...
D, [2018-03-31T10:13:10.269584 #6118] DEBUG -- : -------> building new state...
D, [2018-03-31T10:13:10.269784 #6118] DEBUG -- : -------> building selection...
D, [2018-03-31T10:13:10.270149 #6118] DEBUG -- : -------> building new state...
D, [2018-03-31T10:13:10.270259 #6118] DEBUG -- : -------> building new state...
D, [2018-03-31T10:13:10.270463 #6118] DEBUG -- : -------> building selection...
D, [2018-03-31T10:13:10.270955 #6118] DEBUG -- : -------> building new state...
D, [2018-03-31T10:13:10.271124 #6118] DEBUG -- : -------> building new state...
D, [2018-03-31T10:13:10.271353 #6118] DEBUG -- : -------> building selection...
D, [2018-03-31T10:13:10.271708 #6118] DEBUG -- : -------> building new state...
D, [2018-03-31T10:13:10.271833 #6118] DEBUG -- : -------> building new state...
D, [2018-03-31T10:13:10.272036 #6118] DEBUG -- : -------> building selection...
D, [2018-03-31T10:13:10.272384 #6118] DEBUG -- : -------> building new state...
D, [2018-03-31T10:13:10.272498 #6118] DEBUG -- : -------> building new state...
D, [2018-03-31T10:13:10.273323 #6118] DEBUG -- : -------> building selection...
D, [2018-03-31T10:13:10.273675 #6118] DEBUG -- : -------> building new state...
D, [2018-03-31T10:13:10.273780 #6118] DEBUG -- : -------> building new state...
D, [2018-03-31T10:13:10.273959 #6118] DEBUG -- : -------> building selection...
D, [2018-03-31T10:13:10.274313 #6118] DEBUG -- : -------> building new state...
D, [2018-03-31T10:13:10.274511 #6118] DEBUG -- : -------> building new state...
D, [2018-03-31T10:13:10.274757 #6118] DEBUG -- : -------> building selection...
D, [2018-03-31T10:13:10.275101 #6118] DEBUG -- : -------> building new state...
D, [2018-03-31T10:13:10.275205 #6118] DEBUG -- : -------> building new state...
D, [2018-03-31T10:13:10.275387 #6118] DEBUG -- : -------> building selection...
D, [2018-03-31T10:13:10.275701 #6118] DEBUG -- : -------> building new state...
D, [2018-03-31T10:13:10.275842 #6118] DEBUG -- : -------> building new state...
D, [2018-03-31T10:13:10.276027 #6118] DEBUG -- : -------> building selection...
D, [2018-03-31T10:13:10.276341 #6118] DEBUG -- : -------> building new state...
D, [2018-03-31T10:13:10.276443 #6118] DEBUG -- : -------> building new state...
D, [2018-03-31T10:13:10.276620 #6118] DEBUG -- : -------> building selection...
D, [2018-03-31T10:13:10.276927 #6118] DEBUG -- : -------> building new state...
D, [2018-03-31T10:13:10.277063 #6118] DEBUG -- : -------> building new state...
D, [2018-03-31T10:13:10.277254 #6118] DEBUG -- : -------> building selection...
D, [2018-03-31T10:13:10.277560 #6118] DEBUG -- : -------> building new state...
D, [2018-03-31T10:13:10.277673 #6118] DEBUG -- : -------> building new state...
D, [2018-03-31T10:13:10.277857 #6118] DEBUG -- : -------> building selection...
D, [2018-03-31T10:13:10.278163 #6118] DEBUG -- : -------> building new state...
D, [2018-03-31T10:13:10.278293 #6118] DEBUG -- : -------> building new state...
D, [2018-03-31T10:13:10.278483 #6118] DEBUG -- : -------> building selection...
D, [2018-03-31T10:13:10.278792 #6118] DEBUG -- : -------> building new state...
D, [2018-03-31T10:13:10.278916 #6118] DEBUG -- : -------> building new state...
D, [2018-03-31T10:13:10.279103 #6118] DEBUG -- : -------> building selection...
D, [2018-03-31T10:13:10.279448 #6118] DEBUG -- : -------> building new state...
D, [2018-03-31T10:13:10.279556 #6118] DEBUG -- : -------> building new state...
D, [2018-03-31T10:13:10.279735 #6118] DEBUG -- : -------> building selection...
D, [2018-03-31T10:13:10.280047 #6118] DEBUG -- : -------> building new state...
D, [2018-03-31T10:13:10.280148 #6118] DEBUG -- : -------> building new state...
D, [2018-03-31T10:13:10.280328 #6118] DEBUG -- : scoring weighed rated selections...
D, [2018-03-31T10:13:10.280391 #6118] DEBUG -- : Saving scored selections...
D, [2018-03-31T10:13:10.287000 #6118] DEBUG -- : State Score successfully calculated


D, [2018-03-31T10:13:10.287066 #6118] DEBUG -- : Scoring new state: {:rating=>37, :state=>{:unknown=>0, :possibly_lighter=>1, :possibly_heavier=>0, :normal=>7}}
D, [2018-03-31T10:13:10.287090 #6118] DEBUG -- : State Score successfully calculated


D, [2018-03-31T10:13:10.287124 #6118] DEBUG -- : Scoring new state: {:rating=>31, :state=>{:unknown=>0, :possibly_lighter=>2, :possibly_heavier=>1, :normal=>5}}
D, [2018-03-31T10:13:10.289838 #6118] DEBUG -- : calculating updated score for older state...
D, [2018-03-31T10:13:10.293347 #6118] DEBUG -- : generating weighed rated selections...
D, [2018-03-31T10:13:10.513318 #6118] DEBUG -- : scoring weighed rated selections...
D, [2018-03-31T10:13:10.513488 #6118] DEBUG -- : Saving scored selections...
D, [2018-03-31T10:13:10.520859 #6118] DEBUG -- : State Score successfully calculated


D, [2018-03-31T10:13:10.520987 #6118] DEBUG -- : Scoring new state: {:rating=>37, :state=>{:unknown=>0, :possibly_lighter=>1, :possibly_heavier=>0, :normal=>7}}
D, [2018-03-31T10:13:10.521023 #6118] DEBUG -- : State Score successfully calculated


D, [2018-03-31T10:13:10.521060 #6118] DEBUG -- : Scoring new state: {:rating=>31, :state=>{:unknown=>0, :possibly_lighter=>2, :possibly_heavier=>1, :normal=>5}}
D, [2018-03-31T10:13:10.523621 #6118] DEBUG -- : calculating updated score for older state...
D, [2018-03-31T10:13:10.527104 #6118] DEBUG -- : generating weighed rated selections...
D, [2018-03-31T10:13:10.527961 #6118] DEBUG -- : -------> building selection...
D, [2018-03-31T10:13:10.528858 #6118] DEBUG -- : -------> building new state...
D, [2018-03-31T10:13:10.529151 #6118] DEBUG -- : -------> building new state...
D, [2018-03-31T10:13:10.529418 #6118] DEBUG -- : -------> building selection...
D, [2018-03-31T10:13:10.529861 #6118] DEBUG -- : -------> building new state...
D, [2018-03-31T10:13:10.529967 #6118] DEBUG -- : -------> building new state...
D, [2018-03-31T10:13:10.530204 #6118] DEBUG -- : -------> building selection...
D, [2018-03-31T10:13:10.530526 #6118] DEBUG -- : -------> building new state...
D, [2018-03-31T10:13:10.530638 #6118] DEBUG -- : -------> building new state...
D, [2018-03-31T10:13:10.530844 #6118] DEBUG -- : -------> building selection...
D, [2018-03-31T10:13:10.531170 #6118] DEBUG -- : -------> building new state...
D, [2018-03-31T10:13:10.531299 #6118] DEBUG -- : -------> building new state...
D, [2018-03-31T10:13:10.531504 #6118] DEBUG -- : -------> building selection...
D, [2018-03-31T10:13:10.531822 #6118] DEBUG -- : -------> building new state...
D, [2018-03-31T10:13:10.531920 #6118] DEBUG -- : -------> building new state...
D, [2018-03-31T10:13:10.532111 #6118] DEBUG -- : -------> building selection...
D, [2018-03-31T10:13:10.532433 #6118] DEBUG -- : -------> building new state...
D, [2018-03-31T10:13:10.532566 #6118] DEBUG -- : -------> building new state...
D, [2018-03-31T10:13:10.532756 #6118] DEBUG -- : -------> building selection...
D, [2018-03-31T10:13:10.533073 #6118] DEBUG -- : -------> building new state...
D, [2018-03-31T10:13:10.533170 #6118] DEBUG -- : -------> building new state...
D, [2018-03-31T10:13:10.533354 #6118] DEBUG -- : -------> building selection...
D, [2018-03-31T10:13:10.533764 #6118] DEBUG -- : -------> building new state...
D, [2018-03-31T10:13:10.533967 #6118] DEBUG -- : -------> building new state...
D, [2018-03-31T10:13:10.534193 #6118] DEBUG -- : -------> building selection...
D, [2018-03-31T10:13:10.534530 #6118] DEBUG -- : -------> building new state...
D, [2018-03-31T10:13:10.534666 #6118] DEBUG -- : -------> building new state...
D, [2018-03-31T10:13:10.534876 #6118] DEBUG -- : -------> building selection...
D, [2018-03-31T10:13:10.535265 #6118] DEBUG -- : -------> building new state...
D, [2018-03-31T10:13:10.535365 #6118] DEBUG -- : -------> building new state...
D, [2018-03-31T10:13:10.535553 #6118] DEBUG -- : -------> building selection...
D, [2018-03-31T10:13:10.535877 #6118] DEBUG -- : -------> building new state...
D, [2018-03-31T10:13:10.536015 #6118] DEBUG -- : -------> building new state...
D, [2018-03-31T10:13:10.536209 #6118] DEBUG -- : -------> building selection...
D, [2018-03-31T10:13:10.536567 #6118] DEBUG -- : -------> building new state...
D, [2018-03-31T10:13:10.536696 #6118] DEBUG -- : -------> building new state...
D, [2018-03-31T10:13:10.536905 #6118] DEBUG -- : -------> building selection...
D, [2018-03-31T10:13:10.537224 #6118] DEBUG -- : -------> building new state...
D, [2018-03-31T10:13:10.537349 #6118] DEBUG -- : -------> building new state...
D, [2018-03-31T10:13:10.537696 #6118] DEBUG -- : -------> building selection...
D, [2018-03-31T10:13:10.538039 #6118] DEBUG -- : -------> building new state...
D, [2018-03-31T10:13:10.538141 #6118] DEBUG -- : -------> building new state...
D, [2018-03-31T10:13:10.538327 #6118] DEBUG -- : -------> building selection...
D, [2018-03-31T10:13:10.538646 #6118] DEBUG -- : -------> building new state...
D, [2018-03-31T10:13:10.538743 #6118] DEBUG -- : -------> building new state...
D, [2018-03-31T10:13:10.541024 #6118] DEBUG -- : -------> building selection...
D, [2018-03-31T10:13:10.541427 #6118] DEBUG -- : -------> building new state...
D, [2018-03-31T10:13:10.541610 #6118] DEBUG -- : -------> building new state...
D, [2018-03-31T10:13:10.541815 #6118] DEBUG -- : -------> building selection...
D, [2018-03-31T10:13:10.542154 #6118] DEBUG -- : -------> building new state...
D, [2018-03-31T10:13:10.542296 #6118] DEBUG -- : -------> building new state...
D, [2018-03-31T10:13:10.542493 #6118] DEBUG -- : -------> building selection...
D, [2018-03-31T10:13:10.542825 #6118] DEBUG -- : -------> building new state...
D, [2018-03-31T10:13:10.542930 #6118] DEBUG -- : -------> building new state...
D, [2018-03-31T10:13:10.543117 #6118] DEBUG -- : -------> building selection...
D, [2018-03-31T10:13:10.543441 #6118] DEBUG -- : -------> building new state...
D, [2018-03-31T10:13:10.543575 #6118] DEBUG -- : -------> building new state...
D, [2018-03-31T10:13:10.543827 #6118] DEBUG -- : -------> building selection...
D, [2018-03-31T10:13:10.544253 #6118] DEBUG -- : -------> building new state...
D, [2018-03-31T10:13:10.544355 #6118] DEBUG -- : -------> building new state...
D, [2018-03-31T10:13:10.544540 #6118] DEBUG -- : -------> building selection...
D, [2018-03-31T10:13:10.544903 #6118] DEBUG -- : -------> building new state...
D, [2018-03-31T10:13:10.545005 #6118] DEBUG -- : -------> building new state...
D, [2018-03-31T10:13:10.545188 #6118] DEBUG -- : -------> building selection...
D, [2018-03-31T10:13:10.545559 #6118] DEBUG -- : -------> building new state...
D, [2018-03-31T10:13:10.545674 #6118] DEBUG -- : -------> building new state...
D, [2018-03-31T10:13:10.545861 #6118] DEBUG -- : -------> building selection...
D, [2018-03-31T10:13:10.546233 #6118] DEBUG -- : -------> building new state...
D, [2018-03-31T10:13:10.546347 #6118] DEBUG -- : -------> building new state...
D, [2018-03-31T10:13:10.546531 #6118] DEBUG -- : -------> building selection...
D, [2018-03-31T10:13:10.546868 #6118] DEBUG -- : -------> building new state...
D, [2018-03-31T10:13:10.546976 #6118] DEBUG -- : -------> building new state...
D, [2018-03-31T10:13:10.547159 #6118] DEBUG -- : -------> building selection...
D, [2018-03-31T10:13:10.547509 #6118] DEBUG -- : -------> building new state...
D, [2018-03-31T10:13:10.547611 #6118] DEBUG -- : -------> building new state...
D, [2018-03-31T10:13:10.547798 #6118] DEBUG -- : -------> building selection...
D, [2018-03-31T10:13:10.548113 #6118] DEBUG -- : -------> building new state...
D, [2018-03-31T10:13:10.548210 #6118] DEBUG -- : -------> building new state...
D, [2018-03-31T10:13:10.548432 #6118] DEBUG -- : -------> building selection...
D, [2018-03-31T10:13:10.548751 #6118] DEBUG -- : -------> building new state...
D, [2018-03-31T10:13:10.548848 #6118] DEBUG -- : -------> building new state...
D, [2018-03-31T10:13:10.549034 #6118] DEBUG -- : -------> building selection...
D, [2018-03-31T10:13:10.549354 #6118] DEBUG -- : -------> building new state...
D, [2018-03-31T10:13:10.549475 #6118] DEBUG -- : -------> building new state...
D, [2018-03-31T10:13:10.549662 #6118] DEBUG -- : -------> building selection...
D, [2018-03-31T10:13:10.550028 #6118] DEBUG -- : -------> building new state...
D, [2018-03-31T10:13:10.550149 #6118] DEBUG -- : -------> building new state...
D, [2018-03-31T10:13:10.550336 #6118] DEBUG -- : -------> building selection...
D, [2018-03-31T10:13:10.550695 #6118] DEBUG -- : -------> building new state...
D, [2018-03-31T10:13:10.550797 #6118] DEBUG -- : -------> building new state...
D, [2018-03-31T10:13:10.551000 #6118] DEBUG -- : -------> building selection...
D, [2018-03-31T10:13:10.551319 #6118] DEBUG -- : -------> building new state...
D, [2018-03-31T10:13:10.551416 #6118] DEBUG -- : -------> building new state...
D, [2018-03-31T10:13:10.551648 #6118] DEBUG -- : -------> building selection...
D, [2018-03-31T10:13:10.551973 #6118] DEBUG -- : -------> building new state...
D, [2018-03-31T10:13:10.552073 #6118] DEBUG -- : -------> building new state...
D, [2018-03-31T10:13:10.552255 #6118] DEBUG -- : -------> building selection...
D, [2018-03-31T10:13:10.552600 #6118] DEBUG -- : -------> building new state...
D, [2018-03-31T10:13:10.552747 #6118] DEBUG -- : -------> building new state...
D, [2018-03-31T10:13:10.552955 #6118] DEBUG -- : -------> building selection...
D, [2018-03-31T10:13:10.553299 #6118] DEBUG -- : -------> building new state...
D, [2018-03-31T10:13:10.553404 #6118] DEBUG -- : -------> building new state...
D, [2018-03-31T10:13:10.553589 #6118] DEBUG -- : -------> building selection...
D, [2018-03-31T10:13:10.553904 #6118] DEBUG -- : -------> building new state...
D, [2018-03-31T10:13:10.554050 #6118] DEBUG -- : -------> building new state...
D, [2018-03-31T10:13:10.554244 #6118] DEBUG -- : -------> building selection...
D, [2018-03-31T10:13:10.554562 #6118] DEBUG -- : -------> building new state...
D, [2018-03-31T10:13:10.554665 #6118] DEBUG -- : -------> building new state...
D, [2018-03-31T10:13:10.554857 #6118] DEBUG -- : -------> building selection...
D, [2018-03-31T10:13:10.555178 #6118] DEBUG -- : -------> building new state...
D, [2018-03-31T10:13:10.555317 #6118] DEBUG -- : -------> building new state...
D, [2018-03-31T10:13:10.555515 #6118] DEBUG -- : -------> building selection...
D, [2018-03-31T10:13:10.555831 #6118] DEBUG -- : -------> building new state...
D, [2018-03-31T10:13:10.555929 #6118] DEBUG -- : -------> building new state...
D, [2018-03-31T10:13:10.556117 #6118] DEBUG -- : -------> building selection...
D, [2018-03-31T10:13:10.556478 #6118] DEBUG -- : -------> building new state...
D, [2018-03-31T10:13:10.556579 #6118] DEBUG -- : -------> building new state...
D, [2018-03-31T10:13:10.556768 #6118] DEBUG -- : scoring weighed rated selections...
D, [2018-03-31T10:13:10.556847 #6118] DEBUG -- : Saving scored selections...
D, [2018-03-31T10:13:10.564089 #6118] DEBUG -- : State Score successfully calculated


D, [2018-03-31T10:13:10.564169 #6118] DEBUG -- : Scoring new state: {:rating=>37, :state=>{:unknown=>0, :possibly_lighter=>1, :possibly_heavier=>0, :normal=>7}}
D, [2018-03-31T10:13:10.564195 #6118] DEBUG -- : State Score successfully calculated


D, [2018-03-31T10:13:10.564230 #6118] DEBUG -- : Scoring new state: {:rating=>37, :state=>{:unknown=>0, :possibly_lighter=>0, :possibly_heavier=>1, :normal=>7}}
D, [2018-03-31T10:13:10.564251 #6118] DEBUG -- : State Score successfully calculated


D, [2018-03-31T10:13:10.564277 #6118] DEBUG -- : Scoring new state: {:rating=>31, :state=>{:unknown=>0, :possibly_lighter=>3, :possibly_heavier=>0, :normal=>5}}
D, [2018-03-31T10:13:10.567050 #6118] DEBUG -- : calculating updated score for older state...
D, [2018-03-31T10:13:10.570569 #6118] DEBUG -- : generating weighed rated selections...
D, [2018-03-31T10:13:10.683095 #6118] DEBUG -- : scoring weighed rated selections...
D, [2018-03-31T10:13:10.683208 #6118] DEBUG -- : Saving scored selections...
D, [2018-03-31T10:13:10.688688 #6118] DEBUG -- : State Score successfully calculated


D, [2018-03-31T10:13:10.688803 #6118] DEBUG -- : Scoring new state: {:rating=>31, :state=>{:unknown=>0, :possibly_lighter=>2, :possibly_heavier=>1, :normal=>5}}
D, [2018-03-31T10:13:10.691368 #6118] DEBUG -- : calculating updated score for older state...
D, [2018-03-31T10:13:10.694756 #6118] DEBUG -- : generating weighed rated selections...
D, [2018-03-31T10:13:10.695668 #6118] DEBUG -- : -------> building selection...
D, [2018-03-31T10:13:10.696535 #6118] DEBUG -- : -------> building new state...
D, [2018-03-31T10:13:10.696830 #6118] DEBUG -- : -------> building new state...
D, [2018-03-31T10:13:10.697128 #6118] DEBUG -- : -------> building selection...
D, [2018-03-31T10:13:10.697582 #6118] DEBUG -- : -------> building new state...
D, [2018-03-31T10:13:10.697688 #6118] DEBUG -- : -------> building new state...
D, [2018-03-31T10:13:10.697886 #6118] DEBUG -- : -------> building selection...
D, [2018-03-31T10:13:10.698246 #6118] DEBUG -- : -------> building new state...
D, [2018-03-31T10:13:10.698348 #6118] DEBUG -- : -------> building new state...
D, [2018-03-31T10:13:10.698555 #6118] DEBUG -- : -------> building selection...
D, [2018-03-31T10:13:10.698903 #6118] DEBUG -- : -------> building new state...
D, [2018-03-31T10:13:10.699025 #6118] DEBUG -- : -------> building new state...
D, [2018-03-31T10:13:10.699226 #6118] DEBUG -- : -------> building selection...
D, [2018-03-31T10:13:10.699572 #6118] DEBUG -- : -------> building new state...
D, [2018-03-31T10:13:10.699685 #6118] DEBUG -- : -------> building new state...
D, [2018-03-31T10:13:10.699884 #6118] DEBUG -- : -------> building selection...
D, [2018-03-31T10:13:10.700233 #6118] DEBUG -- : -------> building new state...
D, [2018-03-31T10:13:10.700334 #6118] DEBUG -- : -------> building new state...
D, [2018-03-31T10:13:10.700527 #6118] DEBUG -- : -------> building selection...
D, [2018-03-31T10:13:10.700875 #6118] DEBUG -- : -------> building new state...
D, [2018-03-31T10:13:10.700975 #6118] DEBUG -- : -------> building new state...
D, [2018-03-31T10:13:10.701197 #6118] DEBUG -- : -------> building selection...
D, [2018-03-31T10:13:10.701521 #6118] DEBUG -- : -------> building new state...
D, [2018-03-31T10:13:10.701619 #6118] DEBUG -- : -------> building new state...
D, [2018-03-31T10:13:10.701847 #6118] DEBUG -- : -------> building selection...
D, [2018-03-31T10:13:10.702174 #6118] DEBUG -- : -------> building new state...
D, [2018-03-31T10:13:10.702272 #6118] DEBUG -- : -------> building new state...
D, [2018-03-31T10:13:10.702482 #6118] DEBUG -- : -------> building selection...
D, [2018-03-31T10:13:10.702868 #6118] DEBUG -- : -------> building new state...
D, [2018-03-31T10:13:10.702970 #6118] DEBUG -- : -------> building new state...
D, [2018-03-31T10:13:10.703184 #6118] DEBUG -- : -------> building selection...
D, [2018-03-31T10:13:10.703508 #6118] DEBUG -- : -------> building new state...
D, [2018-03-31T10:13:10.703627 #6118] DEBUG -- : -------> building new state...
D, [2018-03-31T10:13:10.703817 #6118] DEBUG -- : -------> building selection...
D, [2018-03-31T10:13:10.704174 #6118] DEBUG -- : -------> building new state...
D, [2018-03-31T10:13:10.704278 #6118] DEBUG -- : -------> building new state...
D, [2018-03-31T10:13:10.704468 #6118] DEBUG -- : -------> building selection...
D, [2018-03-31T10:13:10.704788 #6118] DEBUG -- : -------> building new state...
D, [2018-03-31T10:13:10.704899 #6118] DEBUG -- : -------> building new state...
D, [2018-03-31T10:13:10.705089 #6118] DEBUG -- : -------> building selection...
D, [2018-03-31T10:13:10.705472 #6118] DEBUG -- : -------> building new state...
D, [2018-03-31T10:13:10.705578 #6118] DEBUG -- : -------> building new state...
D, [2018-03-31T10:13:10.705763 #6118] DEBUG -- : -------> building selection...
D, [2018-03-31T10:13:10.706090 #6118] DEBUG -- : -------> building new state...
D, [2018-03-31T10:13:10.706218 #6118] DEBUG -- : -------> building new state...
D, [2018-03-31T10:13:10.706407 #6118] DEBUG -- : -------> building selection...
D, [2018-03-31T10:13:10.706733 #6118] DEBUG -- : -------> building new state...
D, [2018-03-31T10:13:10.706866 #6118] DEBUG -- : -------> building new state...
D, [2018-03-31T10:13:10.707064 #6118] DEBUG -- : -------> building selection...
D, [2018-03-31T10:13:10.707406 #6118] DEBUG -- : -------> building new state...
D, [2018-03-31T10:13:10.707505 #6118] DEBUG -- : -------> building new state...
D, [2018-03-31T10:13:10.707714 #6118] DEBUG -- : -------> building selection...
D, [2018-03-31T10:13:10.708036 #6118] DEBUG -- : -------> building new state...
D, [2018-03-31T10:13:10.708150 #6118] DEBUG -- : -------> building new state...
D, [2018-03-31T10:13:10.708342 #6118] DEBUG -- : -------> building selection...
D, [2018-03-31T10:13:10.708664 #6118] DEBUG -- : -------> building new state...
D, [2018-03-31T10:13:10.708798 #6118] DEBUG -- : -------> building new state...
D, [2018-03-31T10:13:10.708993 #6118] DEBUG -- : -------> building selection...
D, [2018-03-31T10:13:10.709325 #6118] DEBUG -- : -------> building new state...
D, [2018-03-31T10:13:10.709451 #6118] DEBUG -- : -------> building new state...
D, [2018-03-31T10:13:10.709650 #6118] DEBUG -- : -------> building selection...
D, [2018-03-31T10:13:10.709991 #6118] DEBUG -- : -------> building new state...
D, [2018-03-31T10:13:10.710108 #6118] DEBUG -- : -------> building new state...
D, [2018-03-31T10:13:10.710321 #6118] DEBUG -- : -------> building selection...
D, [2018-03-31T10:13:10.710652 #6118] DEBUG -- : -------> building new state...
D, [2018-03-31T10:13:10.710763 #6118] DEBUG -- : -------> building new state...
D, [2018-03-31T10:13:10.710976 #6118] DEBUG -- : -------> building selection...
D, [2018-03-31T10:13:10.711321 #6118] DEBUG -- : -------> building new state...
D, [2018-03-31T10:13:10.711420 #6118] DEBUG -- : -------> building new state...
D, [2018-03-31T10:13:10.711626 #6118] DEBUG -- : -------> building selection...
D, [2018-03-31T10:13:10.711961 #6118] DEBUG -- : -------> building new state...
D, [2018-03-31T10:13:10.712069 #6118] DEBUG -- : -------> building new state...
D, [2018-03-31T10:13:10.712272 #6118] DEBUG -- : -------> building selection...
D, [2018-03-31T10:13:10.712608 #6118] DEBUG -- : -------> building new state...
D, [2018-03-31T10:13:10.712706 #6118] DEBUG -- : -------> building new state...
D, [2018-03-31T10:13:10.712921 #6118] DEBUG -- : -------> building selection...
D, [2018-03-31T10:13:10.713251 #6118] DEBUG -- : -------> building new state...
D, [2018-03-31T10:13:10.713366 #6118] DEBUG -- : -------> building new state...
D, [2018-03-31T10:13:10.713558 #6118] DEBUG -- : -------> building selection...
D, [2018-03-31T10:13:10.713901 #6118] DEBUG -- : -------> building new state...
D, [2018-03-31T10:13:10.714002 #6118] DEBUG -- : -------> building new state...
D, [2018-03-31T10:13:10.714212 #6118] DEBUG -- : -------> building selection...
D, [2018-03-31T10:13:10.714546 #6118] DEBUG -- : -------> building new state...
D, [2018-03-31T10:13:10.714644 #6118] DEBUG -- : -------> building new state...
D, [2018-03-31T10:13:10.714850 #6118] DEBUG -- : -------> building selection...
D, [2018-03-31T10:13:10.715198 #6118] DEBUG -- : -------> building new state...
D, [2018-03-31T10:13:10.715302 #6118] DEBUG -- : -------> building new state...
D, [2018-03-31T10:13:10.715495 #6118] DEBUG -- : -------> building selection...
D, [2018-03-31T10:13:10.715850 #6118] DEBUG -- : -------> building new state...
D, [2018-03-31T10:13:10.715955 #6118] DEBUG -- : -------> building new state...
D, [2018-03-31T10:13:10.716144 #6118] DEBUG -- : -------> building selection...
D, [2018-03-31T10:13:10.716476 #6118] DEBUG -- : -------> building new state...
D, [2018-03-31T10:13:10.716578 #6118] DEBUG -- : -------> building new state...
D, [2018-03-31T10:13:10.716777 #6118] DEBUG -- : -------> building selection...
D, [2018-03-31T10:13:10.717114 #6118] DEBUG -- : -------> building new state...
D, [2018-03-31T10:13:10.717227 #6118] DEBUG -- : -------> building new state...
D, [2018-03-31T10:13:10.717425 #6118] DEBUG -- : -------> building selection...
D, [2018-03-31T10:13:10.717760 #6118] DEBUG -- : -------> building new state...
D, [2018-03-31T10:13:10.717870 #6118] DEBUG -- : -------> building new state...
D, [2018-03-31T10:13:10.718192 #6118] DEBUG -- : -------> building selection...
D, [2018-03-31T10:13:10.718544 #6118] DEBUG -- : -------> building new state...
D, [2018-03-31T10:13:10.718659 #6118] DEBUG -- : -------> building new state...
D, [2018-03-31T10:13:10.718884 #6118] DEBUG -- : -------> building selection...
D, [2018-03-31T10:13:10.719246 #6118] DEBUG -- : -------> building new state...
D, [2018-03-31T10:13:10.719352 #6118] DEBUG -- : -------> building new state...
D, [2018-03-31T10:13:10.719553 #6118] DEBUG -- : -------> building selection...
D, [2018-03-31T10:13:10.719893 #6118] DEBUG -- : -------> building new state...
D, [2018-03-31T10:13:10.720010 #6118] DEBUG -- : -------> building new state...
D, [2018-03-31T10:13:10.720214 #6118] DEBUG -- : -------> building selection...
D, [2018-03-31T10:13:10.720554 #6118] DEBUG -- : -------> building new state...
D, [2018-03-31T10:13:10.720669 #6118] DEBUG -- : -------> building new state...
D, [2018-03-31T10:13:10.720875 #6118] DEBUG -- : -------> building selection...
D, [2018-03-31T10:13:10.721215 #6118] DEBUG -- : -------> building new state...
D, [2018-03-31T10:13:10.721327 #6118] DEBUG -- : -------> building new state...
D, [2018-03-31T10:13:10.721548 #6118] DEBUG -- : -------> building selection...
D, [2018-03-31T10:13:10.721874 #6118] DEBUG -- : -------> building new state...
D, [2018-03-31T10:13:10.721984 #6118] DEBUG -- : -------> building new state...
D, [2018-03-31T10:13:10.722192 #6118] DEBUG -- : scoring weighed rated selections...
D, [2018-03-31T10:13:10.722273 #6118] DEBUG -- : Saving scored selections...
D, [2018-03-31T10:13:10.732149 #6118] DEBUG -- : State Score successfully calculated


D, [2018-03-31T10:13:10.732221 #6118] DEBUG -- : Scoring new state: {:rating=>37, :state=>{:unknown=>0, :possibly_lighter=>1, :possibly_heavier=>0, :normal=>7}}
D, [2018-03-31T10:13:10.732251 #6118] DEBUG -- : State Score successfully calculated


D, [2018-03-31T10:13:10.732294 #6118] DEBUG -- : Scoring new state: {:rating=>31, :state=>{:unknown=>0, :possibly_lighter=>2, :possibly_heavier=>1, :normal=>5}}
D, [2018-03-31T10:13:10.734990 #6118] DEBUG -- : calculating updated score for older state...
D, [2018-03-31T10:13:10.738528 #6118] DEBUG -- : generating weighed rated selections...
D, [2018-03-31T10:13:10.739442 #6118] DEBUG -- : -------> building selection...
D, [2018-03-31T10:13:10.740304 #6118] DEBUG -- : -------> building new state...
D, [2018-03-31T10:13:10.741273 #6118] DEBUG -- : -------> building new state...
D, [2018-03-31T10:13:10.741623 #6118] DEBUG -- : -------> building selection...
D, [2018-03-31T10:13:10.741987 #6118] DEBUG -- : -------> building new state...
D, [2018-03-31T10:13:10.742089 #6118] DEBUG -- : -------> building new state...
D, [2018-03-31T10:13:10.742282 #6118] DEBUG -- : -------> building selection...
D, [2018-03-31T10:13:10.742643 #6118] DEBUG -- : -------> building new state...
D, [2018-03-31T10:13:10.742759 #6118] DEBUG -- : -------> building new state...
D, [2018-03-31T10:13:10.742969 #6118] DEBUG -- : -------> building selection...
D, [2018-03-31T10:13:10.743292 #6118] DEBUG -- : -------> building new state...
D, [2018-03-31T10:13:10.743617 #6118] DEBUG -- : -------> building new state...
D, [2018-03-31T10:13:10.743845 #6118] DEBUG -- : -------> building selection...
D, [2018-03-31T10:13:10.744215 #6118] DEBUG -- : -------> building new state...
D, [2018-03-31T10:13:10.744315 #6118] DEBUG -- : -------> building new state...
D, [2018-03-31T10:13:10.744502 #6118] DEBUG -- : -------> building selection...
D, [2018-03-31T10:13:10.744826 #6118] DEBUG -- : -------> building new state...
D, [2018-03-31T10:13:10.744930 #6118] DEBUG -- : -------> building new state...
D, [2018-03-31T10:13:10.745114 #6118] DEBUG -- : -------> building selection...
D, [2018-03-31T10:13:10.745476 #6118] DEBUG -- : -------> building new state...
D, [2018-03-31T10:13:10.745575 #6118] DEBUG -- : -------> building new state...
D, [2018-03-31T10:13:10.745759 #6118] DEBUG -- : -------> building selection...
D, [2018-03-31T10:13:10.746077 #6118] DEBUG -- : -------> building new state...
D, [2018-03-31T10:13:10.746173 #6118] DEBUG -- : -------> building new state...
D, [2018-03-31T10:13:10.746360 #6118] DEBUG -- : -------> building selection...
D, [2018-03-31T10:13:10.746716 #6118] DEBUG -- : -------> building new state...
D, [2018-03-31T10:13:10.746821 #6118] DEBUG -- : -------> building new state...
D, [2018-03-31T10:13:10.747015 #6118] DEBUG -- : -------> building selection...
D, [2018-03-31T10:13:10.747336 #6118] DEBUG -- : -------> building new state...
D, [2018-03-31T10:13:10.747433 #6118] DEBUG -- : -------> building new state...
D, [2018-03-31T10:13:10.747674 #6118] DEBUG -- : -------> building selection...
D, [2018-03-31T10:13:10.748008 #6118] DEBUG -- : -------> building new state...
D, [2018-03-31T10:13:10.748109 #6118] DEBUG -- : -------> building new state...
D, [2018-03-31T10:13:10.748293 #6118] DEBUG -- : -------> building selection...
D, [2018-03-31T10:13:10.748716 #6118] DEBUG -- : -------> building new state...
D, [2018-03-31T10:13:10.748826 #6118] DEBUG -- : -------> building new state...
D, [2018-03-31T10:13:10.750670 #6118] DEBUG -- : -------> building selection...
D, [2018-03-31T10:13:10.751125 #6118] DEBUG -- : -------> building new state...
D, [2018-03-31T10:13:10.751310 #6118] DEBUG -- : -------> building new state...
D, [2018-03-31T10:13:10.751509 #6118] DEBUG -- : -------> building selection...
D, [2018-03-31T10:13:10.751853 #6118] DEBUG -- : -------> building new state...
D, [2018-03-31T10:13:10.752018 #6118] DEBUG -- : -------> building new state...
D, [2018-03-31T10:13:10.752226 #6118] DEBUG -- : -------> building selection...
D, [2018-03-31T10:13:10.752594 #6118] DEBUG -- : -------> building new state...
D, [2018-03-31T10:13:10.752697 #6118] DEBUG -- : -------> building new state...
D, [2018-03-31T10:13:10.752892 #6118] DEBUG -- : -------> building selection...
D, [2018-03-31T10:13:10.753223 #6118] DEBUG -- : -------> building new state...
D, [2018-03-31T10:13:10.753352 #6118] DEBUG -- : -------> building new state...
D, [2018-03-31T10:13:10.753549 #6118] DEBUG -- : -------> building selection...
D, [2018-03-31T10:13:10.753897 #6118] DEBUG -- : -------> building new state...
D, [2018-03-31T10:13:10.754015 #6118] DEBUG -- : -------> building new state...
D, [2018-03-31T10:13:10.754204 #6118] DEBUG -- : -------> building selection...
D, [2018-03-31T10:13:10.754575 #6118] DEBUG -- : -------> building new state...
D, [2018-03-31T10:13:10.754796 #6118] DEBUG -- : -------> building new state...
D, [2018-03-31T10:13:10.755033 #6118] DEBUG -- : -------> building selection...
D, [2018-03-31T10:13:10.755464 #6118] DEBUG -- : -------> building new state...
D, [2018-03-31T10:13:10.755593 #6118] DEBUG -- : -------> building new state...
D, [2018-03-31T10:13:10.755787 #6118] DEBUG -- : -------> building selection...
D, [2018-03-31T10:13:10.756118 #6118] DEBUG -- : -------> building new state...
D, [2018-03-31T10:13:10.756253 #6118] DEBUG -- : -------> building new state...
D, [2018-03-31T10:13:10.756446 #6118] DEBUG -- : -------> building selection...
D, [2018-03-31T10:13:10.756767 #6118] DEBUG -- : -------> building new state...
D, [2018-03-31T10:13:10.756864 #6118] DEBUG -- : -------> building new state...
D, [2018-03-31T10:13:10.757050 #6118] DEBUG -- : -------> building selection...
D, [2018-03-31T10:13:10.757371 #6118] DEBUG -- : -------> building new state...
D, [2018-03-31T10:13:10.757505 #6118] DEBUG -- : -------> building new state...
D, [2018-03-31T10:13:10.757691 #6118] DEBUG -- : -------> building selection...
D, [2018-03-31T10:13:10.758010 #6118] DEBUG -- : -------> building new state...
D, [2018-03-31T10:13:10.758108 #6118] DEBUG -- : -------> building new state...
D, [2018-03-31T10:13:10.758293 #6118] DEBUG -- : -------> building selection...
D, [2018-03-31T10:13:10.758642 #6118] DEBUG -- : -------> building new state...
D, [2018-03-31T10:13:10.758748 #6118] DEBUG -- : -------> building new state...
D, [2018-03-31T10:13:10.758975 #6118] DEBUG -- : -------> building selection...
D, [2018-03-31T10:13:10.759302 #6118] DEBUG -- : -------> building new state...
D, [2018-03-31T10:13:10.759425 #6118] DEBUG -- : -------> building new state...
D, [2018-03-31T10:13:10.759615 #6118] DEBUG -- : -------> building selection...
D, [2018-03-31T10:13:10.759971 #6118] DEBUG -- : -------> building new state...
D, [2018-03-31T10:13:10.760070 #6118] DEBUG -- : -------> building new state...
D, [2018-03-31T10:13:10.760280 #6118] DEBUG -- : -------> building selection...
D, [2018-03-31T10:13:10.760604 #6118] DEBUG -- : -------> building new state...
D, [2018-03-31T10:13:10.760701 #6118] DEBUG -- : -------> building new state...
D, [2018-03-31T10:13:10.760886 #6118] DEBUG -- : -------> building selection...
D, [2018-03-31T10:13:10.761239 #6118] DEBUG -- : -------> building new state...
D, [2018-03-31T10:13:10.761338 #6118] DEBUG -- : -------> building new state...
D, [2018-03-31T10:13:10.761526 #6118] DEBUG -- : -------> building selection...
D, [2018-03-31T10:13:10.761845 #6118] DEBUG -- : -------> building new state...
D, [2018-03-31T10:13:10.761941 #6118] DEBUG -- : -------> building new state...
D, [2018-03-31T10:13:10.762127 #6118] DEBUG -- : -------> building selection...
D, [2018-03-31T10:13:10.762498 #6118] DEBUG -- : -------> building new state...
D, [2018-03-31T10:13:10.762600 #6118] DEBUG -- : -------> building new state...
D, [2018-03-31T10:13:10.762785 #6118] DEBUG -- : -------> building selection...
D, [2018-03-31T10:13:10.763119 #6118] DEBUG -- : -------> building new state...
D, [2018-03-31T10:13:10.763217 #6118] DEBUG -- : -------> building new state...
D, [2018-03-31T10:13:10.763405 #6118] DEBUG -- : -------> building selection...
D, [2018-03-31T10:13:10.763761 #6118] DEBUG -- : -------> building new state...
D, [2018-03-31T10:13:10.763859 #6118] DEBUG -- : -------> building new state...
D, [2018-03-31T10:13:10.764045 #6118] DEBUG -- : -------> building selection...
D, [2018-03-31T10:13:10.764367 #6118] DEBUG -- : -------> building new state...
D, [2018-03-31T10:13:10.764467 #6118] DEBUG -- : -------> building new state...
D, [2018-03-31T10:13:10.764654 #6118] DEBUG -- : -------> building selection...
D, [2018-03-31T10:13:10.765009 #6118] DEBUG -- : -------> building new state...
D, [2018-03-31T10:13:10.765125 #6118] DEBUG -- : -------> building new state...
D, [2018-03-31T10:13:10.765313 #6118] DEBUG -- : -------> building selection...
D, [2018-03-31T10:13:10.765635 #6118] DEBUG -- : -------> building new state...
D, [2018-03-31T10:13:10.765735 #6118] DEBUG -- : -------> building new state...
D, [2018-03-31T10:13:10.765925 #6118] DEBUG -- : -------> building selection...
D, [2018-03-31T10:13:10.766285 #6118] DEBUG -- : -------> building new state...
D, [2018-03-31T10:13:10.766387 #6118] DEBUG -- : -------> building new state...
D, [2018-03-31T10:13:10.766574 #6118] DEBUG -- : -------> building selection...
D, [2018-03-31T10:13:10.766921 #6118] DEBUG -- : -------> building new state...
D, [2018-03-31T10:13:10.767025 #6118] DEBUG -- : -------> building new state...
D, [2018-03-31T10:13:10.767213 #6118] DEBUG -- : -------> building selection...
D, [2018-03-31T10:13:10.767572 #6118] DEBUG -- : -------> building new state...
D, [2018-03-31T10:13:10.767673 #6118] DEBUG -- : -------> building new state...
D, [2018-03-31T10:13:10.767860 #6118] DEBUG -- : -------> building selection...
D, [2018-03-31T10:13:10.768182 #6118] DEBUG -- : -------> building new state...
D, [2018-03-31T10:13:10.768281 #6118] DEBUG -- : -------> building new state...
D, [2018-03-31T10:13:10.768470 #6118] DEBUG -- : scoring weighed rated selections...
D, [2018-03-31T10:13:10.768547 #6118] DEBUG -- : Saving scored selections...
D, [2018-03-31T10:13:10.775966 #6118] DEBUG -- : State Score successfully calculated


D, [2018-03-31T10:13:10.776037 #6118] DEBUG -- : Scoring new state: {:rating=>37, :state=>{:unknown=>0, :possibly_lighter=>1, :possibly_heavier=>0, :normal=>7}}
D, [2018-03-31T10:13:10.776062 #6118] DEBUG -- : State Score successfully calculated


D, [2018-03-31T10:13:10.776098 #6118] DEBUG -- : Scoring new state: {:rating=>37, :state=>{:unknown=>0, :possibly_lighter=>0, :possibly_heavier=>1, :normal=>7}}
D, [2018-03-31T10:13:10.776118 #6118] DEBUG -- : State Score successfully calculated


D, [2018-03-31T10:13:10.776143 #6118] DEBUG -- : Scoring new state: {:rating=>31, :state=>{:unknown=>0, :possibly_lighter=>3, :possibly_heavier=>0, :normal=>5}}
D, [2018-03-31T10:13:10.778866 #6118] DEBUG -- : calculating updated score for older state...
D, [2018-03-31T10:13:10.782371 #6118] DEBUG -- : generating weighed rated selections...
D, [2018-03-31T10:13:10.783249 #6118] DEBUG -- : -------> building selection...
D, [2018-03-31T10:13:10.784041 #6118] DEBUG -- : -------> building new state...
D, [2018-03-31T10:13:10.784275 #6118] DEBUG -- : -------> building new state...
D, [2018-03-31T10:13:10.784522 #6118] DEBUG -- : -------> building selection...
D, [2018-03-31T10:13:10.784864 #6118] DEBUG -- : -------> building new state...
D, [2018-03-31T10:13:10.784965 #6118] DEBUG -- : -------> building new state...
D, [2018-03-31T10:13:10.785220 #6118] DEBUG -- : -------> building selection...
D, [2018-03-31T10:13:10.785550 #6118] DEBUG -- : -------> building new state...
D, [2018-03-31T10:13:10.785650 #6118] DEBUG -- : -------> building new state...
D, [2018-03-31T10:13:10.785865 #6118] DEBUG -- : -------> building selection...
D, [2018-03-31T10:13:10.786427 #6118] DEBUG -- : -------> building new state...
D, [2018-03-31T10:13:10.786533 #6118] DEBUG -- : -------> building new state...
D, [2018-03-31T10:13:10.786768 #6118] DEBUG -- : -------> building selection...
D, [2018-03-31T10:13:10.787123 #6118] DEBUG -- : -------> building new state...
D, [2018-03-31T10:13:10.787226 #6118] DEBUG -- : -------> building new state...
D, [2018-03-31T10:13:10.787420 #6118] DEBUG -- : -------> building selection...
D, [2018-03-31T10:13:10.787748 #6118] DEBUG -- : -------> building new state...
D, [2018-03-31T10:13:10.787973 #6118] DEBUG -- : -------> building selection...
D, [2018-03-31T10:13:10.788325 #6118] DEBUG -- : -------> building new state...
D, [2018-03-31T10:13:10.788424 #6118] DEBUG -- : -------> building new state...
D, [2018-03-31T10:13:10.788612 #6118] DEBUG -- : -------> building selection...
D, [2018-03-31T10:13:10.788963 #6118] DEBUG -- : -------> building new state...
D, [2018-03-31T10:13:10.789070 #6118] DEBUG -- : -------> building new state...
D, [2018-03-31T10:13:10.789259 #6118] DEBUG -- : -------> building selection...
D, [2018-03-31T10:13:10.789584 #6118] DEBUG -- : -------> building new state...
D, [2018-03-31T10:13:10.789686 #6118] DEBUG -- : -------> building new state...
D, [2018-03-31T10:13:10.789871 #6118] DEBUG -- : -------> building selection...
D, [2018-03-31T10:13:10.790226 #6118] DEBUG -- : -------> building new state...
D, [2018-03-31T10:13:10.790327 #6118] DEBUG -- : -------> building new state...
D, [2018-03-31T10:13:10.790515 #6118] DEBUG -- : -------> building selection...
D, [2018-03-31T10:13:10.790859 #6118] DEBUG -- : -------> building new state...
D, [2018-03-31T10:13:10.790968 #6118] DEBUG -- : -------> building new state...
D, [2018-03-31T10:13:10.791202 #6118] DEBUG -- : -------> building selection...
D, [2018-03-31T10:13:10.791530 #6118] DEBUG -- : -------> building new state...
D, [2018-03-31T10:13:10.791627 #6118] DEBUG -- : -------> building new state...
D, [2018-03-31T10:13:10.791816 #6118] DEBUG -- : -------> building selection...
D, [2018-03-31T10:13:10.792143 #6118] DEBUG -- : -------> building new state...
D, [2018-03-31T10:13:10.792241 #6118] DEBUG -- : -------> building new state...
D, [2018-03-31T10:13:10.792548 #6118] DEBUG -- : -------> building selection...
D, [2018-03-31T10:13:10.792983 #6118] DEBUG -- : -------> building new state...
D, [2018-03-31T10:13:10.793162 #6118] DEBUG -- : -------> building new state...
D, [2018-03-31T10:13:10.793361 #6118] DEBUG -- : -------> building selection...
D, [2018-03-31T10:13:10.793699 #6118] DEBUG -- : -------> building new state...
D, [2018-03-31T10:13:10.793800 #6118] DEBUG -- : -------> building new state...
D, [2018-03-31T10:13:10.794031 #6118] DEBUG -- : -------> building selection...
D, [2018-03-31T10:13:10.794355 #6118] DEBUG -- : -------> building new state...
D, [2018-03-31T10:13:10.794452 #6118] DEBUG -- : -------> building new state...
D, [2018-03-31T10:13:10.794639 #6118] DEBUG -- : -------> building selection...
D, [2018-03-31T10:13:10.794987 #6118] DEBUG -- : -------> building new state...
D, [2018-03-31T10:13:10.795117 #6118] DEBUG -- : -------> building new state...
D, [2018-03-31T10:13:10.795315 #6118] DEBUG -- : -------> building selection...
D, [2018-03-31T10:13:10.795637 #6118] DEBUG -- : -------> building new state...
D, [2018-03-31T10:13:10.795826 #6118] DEBUG -- : -------> building selection...
D, [2018-03-31T10:13:10.796147 #6118] DEBUG -- : -------> building new state...
D, [2018-03-31T10:13:10.796337 #6118] DEBUG -- : scoring weighed rated selections...
D, [2018-03-31T10:13:10.796433 #6118] DEBUG -- : Saving scored selections...
D, [2018-03-31T10:13:10.800602 #6118] DEBUG -- : State Score successfully calculated


D, [2018-03-31T10:13:10.800683 #6118] DEBUG -- : Scoring new state: {:rating=>37, :state=>{:unknown=>0, :possibly_lighter=>0, :possibly_heavier=>1, :normal=>7}}
D, [2018-03-31T10:13:10.800708 #6118] DEBUG -- : State Score successfully calculated


D, [2018-03-31T10:13:10.800745 #6118] DEBUG -- : Scoring new state: {:rating=>31, :state=>{:unknown=>0, :possibly_lighter=>3, :possibly_heavier=>0, :normal=>5}}
D, [2018-03-31T10:13:10.803441 #6118] DEBUG -- : calculating updated score for older state...
D, [2018-03-31T10:13:10.806893 #6118] DEBUG -- : generating weighed rated selections...
D, [2018-03-31T10:13:10.807772 #6118] DEBUG -- : -------> building selection...
D, [2018-03-31T10:13:10.808595 #6118] DEBUG -- : -------> building new state...
D, [2018-03-31T10:13:10.808927 #6118] DEBUG -- : -------> building new state...
D, [2018-03-31T10:13:10.809183 #6118] DEBUG -- : -------> building selection...
D, [2018-03-31T10:13:10.809531 #6118] DEBUG -- : -------> building new state...
D, [2018-03-31T10:13:10.809704 #6118] DEBUG -- : -------> building new state...
D, [2018-03-31T10:13:10.809924 #6118] DEBUG -- : -------> building selection...
D, [2018-03-31T10:13:10.810250 #6118] DEBUG -- : -------> building new state...
D, [2018-03-31T10:13:10.810348 #6118] DEBUG -- : -------> building new state...
D, [2018-03-31T10:13:10.810536 #6118] DEBUG -- : -------> building selection...
D, [2018-03-31T10:13:10.810944 #6118] DEBUG -- : -------> building new state...
D, [2018-03-31T10:13:10.811059 #6118] DEBUG -- : -------> building new state...
D, [2018-03-31T10:13:10.811262 #6118] DEBUG -- : -------> building selection...
D, [2018-03-31T10:13:10.811588 #6118] DEBUG -- : -------> building new state...
D, [2018-03-31T10:13:10.811686 #6118] DEBUG -- : -------> building new state...
D, [2018-03-31T10:13:10.811939 #6118] DEBUG -- : -------> building selection...
D, [2018-03-31T10:13:10.812280 #6118] DEBUG -- : -------> building new state...
D, [2018-03-31T10:13:10.812472 #6118] DEBUG -- : -------> building selection...
D, [2018-03-31T10:13:10.812835 #6118] DEBUG -- : -------> building new state...
D, [2018-03-31T10:13:10.812939 #6118] DEBUG -- : -------> building new state...
D, [2018-03-31T10:13:10.813202 #6118] DEBUG -- : -------> building selection...
D, [2018-03-31T10:13:10.813559 #6118] DEBUG -- : -------> building new state...
D, [2018-03-31T10:13:10.813664 #6118] DEBUG -- : -------> building new state...
D, [2018-03-31T10:13:10.813850 #6118] DEBUG -- : -------> building selection...
D, [2018-03-31T10:13:10.814172 #6118] DEBUG -- : -------> building new state...
D, [2018-03-31T10:13:10.814333 #6118] DEBUG -- : -------> building new state...
D, [2018-03-31T10:13:10.814535 #6118] DEBUG -- : -------> building selection...
D, [2018-03-31T10:13:10.814873 #6118] DEBUG -- : -------> building new state...
D, [2018-03-31T10:13:10.814978 #6118] DEBUG -- : -------> building new state...
D, [2018-03-31T10:13:10.815191 #6118] DEBUG -- : -------> building selection...
D, [2018-03-31T10:13:10.815599 #6118] DEBUG -- : -------> building new state...
D, [2018-03-31T10:13:10.815719 #6118] DEBUG -- : -------> building new state...
D, [2018-03-31T10:13:10.815918 #6118] DEBUG -- : -------> building selection...
D, [2018-03-31T10:13:10.816250 #6118] DEBUG -- : -------> building new state...
D, [2018-03-31T10:13:10.816357 #6118] DEBUG -- : -------> building new state...
D, [2018-03-31T10:13:10.816632 #6118] DEBUG -- : -------> building selection...
D, [2018-03-31T10:13:10.818977 #6118] DEBUG -- : -------> building new state...
D, [2018-03-31T10:13:10.819126 #6118] DEBUG -- : -------> building new state...
D, [2018-03-31T10:13:10.819341 #6118] DEBUG -- : -------> building selection...
D, [2018-03-31T10:13:10.819685 #6118] DEBUG -- : -------> building new state...
D, [2018-03-31T10:13:10.819796 #6118] DEBUG -- : -------> building new state...
D, [2018-03-31T10:13:10.820044 #6118] DEBUG -- : -------> building selection...
D, [2018-03-31T10:13:10.820387 #6118] DEBUG -- : -------> building new state...
D, [2018-03-31T10:13:10.820489 #6118] DEBUG -- : -------> building new state...
D, [2018-03-31T10:13:10.820673 #6118] DEBUG -- : -------> building selection...
D, [2018-03-31T10:13:10.821004 #6118] DEBUG -- : -------> building new state...
D, [2018-03-31T10:13:10.821118 #6118] DEBUG -- : -------> building new state...
D, [2018-03-31T10:13:10.821347 #6118] DEBUG -- : -------> building selection...
D, [2018-03-31T10:13:10.821728 #6118] DEBUG -- : -------> building new state...
D, [2018-03-31T10:13:10.821950 #6118] DEBUG -- : -------> building new state...
D, [2018-03-31T10:13:10.822162 #6118] DEBUG -- : -------> building selection...
D, [2018-03-31T10:13:10.822510 #6118] DEBUG -- : -------> building new state...
D, [2018-03-31T10:13:10.822778 #6118] DEBUG -- : -------> building selection...
D, [2018-03-31T10:13:10.823141 #6118] DEBUG -- : -------> building new state...
D, [2018-03-31T10:13:10.823340 #6118] DEBUG -- : scoring weighed rated selections...
D, [2018-03-31T10:13:10.823395 #6118] DEBUG -- : Saving scored selections...
D, [2018-03-31T10:13:10.827542 #6118] DEBUG -- : State Score successfully calculated


D, [2018-03-31T10:13:10.827622 #6118] DEBUG -- : Scoring new state: {:rating=>31, :state=>{:unknown=>0, :possibly_lighter=>2, :possibly_heavier=>1, :normal=>5}}
D, [2018-03-31T10:13:10.830277 #6118] DEBUG -- : calculating updated score for older state...
D, [2018-03-31T10:13:10.833842 #6118] DEBUG -- : generating weighed rated selections...
D, [2018-03-31T10:13:10.834691 #6118] DEBUG -- : -------> building selection...
D, [2018-03-31T10:13:10.835537 #6118] DEBUG -- : -------> building new state...
D, [2018-03-31T10:13:10.835877 #6118] DEBUG -- : -------> building new state...
D, [2018-03-31T10:13:10.836168 #6118] DEBUG -- : -------> building selection...
D, [2018-03-31T10:13:10.836523 #6118] DEBUG -- : -------> building new state...
D, [2018-03-31T10:13:10.836623 #6118] DEBUG -- : -------> building new state...
D, [2018-03-31T10:13:10.836843 #6118] DEBUG -- : -------> building selection...
D, [2018-03-31T10:13:10.837245 #6118] DEBUG -- : -------> building new state...
D, [2018-03-31T10:13:10.837464 #6118] DEBUG -- : -------> building new state...
D, [2018-03-31T10:13:10.837689 #6118] DEBUG -- : -------> building selection...
D, [2018-03-31T10:13:10.838030 #6118] DEBUG -- : -------> building new state...
D, [2018-03-31T10:13:10.838132 #6118] DEBUG -- : -------> building new state...
D, [2018-03-31T10:13:10.838353 #6118] DEBUG -- : -------> building selection...
D, [2018-03-31T10:13:10.838809 #6118] DEBUG -- : -------> building new state...
D, [2018-03-31T10:13:10.838955 #6118] DEBUG -- : -------> building new state...
D, [2018-03-31T10:13:10.839180 #6118] DEBUG -- : -------> building selection...
D, [2018-03-31T10:13:10.839511 #6118] DEBUG -- : -------> building new state...
D, [2018-03-31T10:13:10.839612 #6118] DEBUG -- : -------> building new state...
D, [2018-03-31T10:13:10.839814 #6118] DEBUG -- : -------> building selection...
D, [2018-03-31T10:13:10.840181 #6118] DEBUG -- : -------> building new state...
D, [2018-03-31T10:13:10.840281 #6118] DEBUG -- : -------> building new state...
D, [2018-03-31T10:13:10.840476 #6118] DEBUG -- : -------> building selection...
D, [2018-03-31T10:13:10.840803 #6118] DEBUG -- : -------> building new state...
D, [2018-03-31T10:13:10.840902 #6118] DEBUG -- : -------> building new state...
D, [2018-03-31T10:13:10.841097 #6118] DEBUG -- : -------> building selection...
D, [2018-03-31T10:13:10.841465 #6118] DEBUG -- : -------> building new state...
D, [2018-03-31T10:13:10.841565 #6118] DEBUG -- : -------> building new state...
D, [2018-03-31T10:13:10.841754 #6118] DEBUG -- : -------> building selection...
D, [2018-03-31T10:13:10.842075 #6118] DEBUG -- : -------> building new state...
D, [2018-03-31T10:13:10.842172 #6118] DEBUG -- : -------> building new state...
D, [2018-03-31T10:13:10.842361 #6118] DEBUG -- : -------> building selection...
D, [2018-03-31T10:13:10.842761 #6118] DEBUG -- : -------> building new state...
D, [2018-03-31T10:13:10.842876 #6118] DEBUG -- : -------> building new state...
D, [2018-03-31T10:13:10.843068 #6118] DEBUG -- : -------> building selection...
D, [2018-03-31T10:13:10.843392 #6118] DEBUG -- : -------> building new state...
D, [2018-03-31T10:13:10.843489 #6118] DEBUG -- : -------> building new state...
D, [2018-03-31T10:13:10.843727 #6118] DEBUG -- : -------> building selection...
D, [2018-03-31T10:13:10.844114 #6118] DEBUG -- : -------> building new state...
D, [2018-03-31T10:13:10.844229 #6118] DEBUG -- : -------> building new state...
D, [2018-03-31T10:13:10.844428 #6118] DEBUG -- : -------> building selection...
D, [2018-03-31T10:13:10.844769 #6118] DEBUG -- : -------> building new state...
D, [2018-03-31T10:13:10.844881 #6118] DEBUG -- : -------> building new state...
D, [2018-03-31T10:13:10.845116 #6118] DEBUG -- : -------> building selection...
D, [2018-03-31T10:13:10.845457 #6118] DEBUG -- : -------> building new state...
D, [2018-03-31T10:13:10.845567 #6118] DEBUG -- : -------> building new state...
D, [2018-03-31T10:13:10.845765 #6118] DEBUG -- : -------> building selection...
D, [2018-03-31T10:13:10.846104 #6118] DEBUG -- : -------> building new state...
D, [2018-03-31T10:13:10.846245 #6118] DEBUG -- : -------> building new state...
D, [2018-03-31T10:13:10.846450 #6118] DEBUG -- : -------> building selection...
D, [2018-03-31T10:13:10.846795 #6118] DEBUG -- : -------> building new state...
D, [2018-03-31T10:13:10.846924 #6118] DEBUG -- : -------> building new state...
D, [2018-03-31T10:13:10.847126 #6118] DEBUG -- : -------> building selection...
D, [2018-03-31T10:13:10.847467 #6118] DEBUG -- : -------> building new state...
D, [2018-03-31T10:13:10.847606 #6118] DEBUG -- : -------> building new state...
D, [2018-03-31T10:13:10.847810 #6118] DEBUG -- : -------> building selection...
D, [2018-03-31T10:13:10.848148 #6118] DEBUG -- : -------> building new state...
D, [2018-03-31T10:13:10.848270 #6118] DEBUG -- : -------> building new state...
D, [2018-03-31T10:13:10.848469 #6118] DEBUG -- : -------> building selection...
D, [2018-03-31T10:13:10.848854 #6118] DEBUG -- : -------> building new state...
D, [2018-03-31T10:13:10.848968 #6118] DEBUG -- : -------> building new state...
D, [2018-03-31T10:13:10.849163 #6118] DEBUG -- : -------> building selection...
D, [2018-03-31T10:13:10.849497 #6118] DEBUG -- : -------> building new state...
D, [2018-03-31T10:13:10.849609 #6118] DEBUG -- : -------> building new state...
D, [2018-03-31T10:13:10.849809 #6118] DEBUG -- : -------> building selection...
D, [2018-03-31T10:13:10.850178 #6118] DEBUG -- : -------> building new state...
D, [2018-03-31T10:13:10.850291 #6118] DEBUG -- : -------> building new state...
D, [2018-03-31T10:13:10.850492 #6118] DEBUG -- : -------> building selection...
D, [2018-03-31T10:13:10.850842 #6118] DEBUG -- : -------> building new state...
D, [2018-03-31T10:13:10.850985 #6118] DEBUG -- : -------> building new state...
D, [2018-03-31T10:13:10.851207 #6118] DEBUG -- : -------> building selection...
D, [2018-03-31T10:13:10.851547 #6118] DEBUG -- : -------> building new state...
D, [2018-03-31T10:13:10.851658 #6118] DEBUG -- : -------> building new state...
D, [2018-03-31T10:13:10.851862 #6118] DEBUG -- : -------> building selection...
D, [2018-03-31T10:13:10.852245 #6118] DEBUG -- : -------> building new state...
D, [2018-03-31T10:13:10.852357 #6118] DEBUG -- : -------> building new state...
D, [2018-03-31T10:13:10.852578 #6118] DEBUG -- : -------> building selection...
D, [2018-03-31T10:13:10.852914 #6118] DEBUG -- : -------> building new state...
D, [2018-03-31T10:13:10.853020 #6118] DEBUG -- : -------> building new state...
D, [2018-03-31T10:13:10.853225 #6118] DEBUG -- : -------> building selection...
D, [2018-03-31T10:13:10.853606 #6118] DEBUG -- : -------> building new state...
D, [2018-03-31T10:13:10.853716 #6118] DEBUG -- : -------> building new state...
D, [2018-03-31T10:13:10.853922 #6118] DEBUG -- : -------> building selection...
D, [2018-03-31T10:13:10.854261 #6118] DEBUG -- : -------> building new state...
D, [2018-03-31T10:13:10.854369 #6118] DEBUG -- : -------> building new state...
D, [2018-03-31T10:13:10.854572 #6118] DEBUG -- : -------> building selection...
D, [2018-03-31T10:13:10.854970 #6118] DEBUG -- : -------> building new state...
D, [2018-03-31T10:13:10.855082 #6118] DEBUG -- : -------> building new state...
D, [2018-03-31T10:13:10.855291 #6118] DEBUG -- : -------> building selection...
D, [2018-03-31T10:13:10.855641 #6118] DEBUG -- : -------> building new state...
D, [2018-03-31T10:13:10.855754 #6118] DEBUG -- : -------> building new state...
D, [2018-03-31T10:13:10.856003 #6118] DEBUG -- : -------> building selection...
D, [2018-03-31T10:13:10.856347 #6118] DEBUG -- : -------> building new state...
D, [2018-03-31T10:13:10.856456 #6118] DEBUG -- : -------> building new state...
D, [2018-03-31T10:13:10.856658 #6118] DEBUG -- : -------> building selection...
D, [2018-03-31T10:13:10.856998 #6118] DEBUG -- : -------> building new state...
D, [2018-03-31T10:13:10.857106 #6118] DEBUG -- : -------> building new state...
D, [2018-03-31T10:13:10.857370 #6118] DEBUG -- : -------> building selection...
D, [2018-03-31T10:13:10.857712 #6118] DEBUG -- : -------> building new state...
D, [2018-03-31T10:13:10.857824 #6118] DEBUG -- : -------> building new state...
D, [2018-03-31T10:13:10.858023 #6118] DEBUG -- : -------> building selection...
D, [2018-03-31T10:13:10.858363 #6118] DEBUG -- : -------> building new state...
D, [2018-03-31T10:13:10.858542 #6118] DEBUG -- : -------> building new state...
D, [2018-03-31T10:13:10.860396 #6118] DEBUG -- : -------> building selection...
D, [2018-03-31T10:13:10.860827 #6118] DEBUG -- : -------> building new state...
D, [2018-03-31T10:13:10.860957 #6118] DEBUG -- : -------> building new state...
D, [2018-03-31T10:13:10.861152 #6118] DEBUG -- : -------> building selection...
D, [2018-03-31T10:13:10.861488 #6118] DEBUG -- : -------> building new state...
D, [2018-03-31T10:13:10.861635 #6118] DEBUG -- : -------> building new state...
D, [2018-03-31T10:13:10.861840 #6118] DEBUG -- : -------> building selection...
D, [2018-03-31T10:13:10.862178 #6118] DEBUG -- : -------> building new state...
D, [2018-03-31T10:13:10.862281 #6118] DEBUG -- : -------> building new state...
D, [2018-03-31T10:13:10.862467 #6118] DEBUG -- : -------> building selection...
D, [2018-03-31T10:13:10.862848 #6118] DEBUG -- : -------> building new state...
D, [2018-03-31T10:13:10.863082 #6118] DEBUG -- : -------> building new state...
D, [2018-03-31T10:13:10.863301 #6118] DEBUG -- : -------> building selection...
D, [2018-03-31T10:13:10.863640 #6118] DEBUG -- : -------> building new state...
D, [2018-03-31T10:13:10.863742 #6118] DEBUG -- : -------> building new state...
D, [2018-03-31T10:13:10.863935 #6118] DEBUG -- : scoring weighed rated selections...
D, [2018-03-31T10:13:10.864017 #6118] DEBUG -- : Saving scored selections...
D, [2018-03-31T10:13:10.871448 #6118] DEBUG -- : State Score successfully calculated


D, [2018-03-31T10:13:10.871515 #6118] DEBUG -- : Scoring new state: {:rating=>37, :state=>{:unknown=>0, :possibly_lighter=>1, :possibly_heavier=>0, :normal=>7}}
D, [2018-03-31T10:13:10.871564 #6118] DEBUG -- : State Score successfully calculated


D, [2018-03-31T10:13:10.871599 #6118] DEBUG -- : Scoring new state: {:rating=>31, :state=>{:unknown=>0, :possibly_lighter=>2, :possibly_heavier=>1, :normal=>5}}
D, [2018-03-31T10:13:10.874247 #6118] DEBUG -- : calculating updated score for older state...
D, [2018-03-31T10:13:10.877705 #6118] DEBUG -- : generating weighed rated selections...
D, [2018-03-31T10:13:10.878554 #6118] DEBUG -- : -------> building selection...
D, [2018-03-31T10:13:10.879420 #6118] DEBUG -- : -------> building new state...
D, [2018-03-31T10:13:10.879677 #6118] DEBUG -- : -------> building new state...
D, [2018-03-31T10:13:10.879906 #6118] DEBUG -- : -------> building selection...
D, [2018-03-31T10:13:10.880248 #6118] DEBUG -- : -------> building new state...
D, [2018-03-31T10:13:10.880373 #6118] DEBUG -- : -------> building new state...
D, [2018-03-31T10:13:10.880569 #6118] DEBUG -- : -------> building selection...
D, [2018-03-31T10:13:10.880899 #6118] DEBUG -- : -------> building new state...
D, [2018-03-31T10:13:10.881002 #6118] DEBUG -- : -------> building new state...
D, [2018-03-31T10:13:10.881205 #6118] DEBUG -- : -------> building selection...
D, [2018-03-31T10:13:10.881546 #6118] DEBUG -- : -------> building new state...
D, [2018-03-31T10:13:10.881673 #6118] DEBUG -- : -------> building new state...
D, [2018-03-31T10:13:10.881863 #6118] DEBUG -- : -------> building selection...
D, [2018-03-31T10:13:10.882211 #6118] DEBUG -- : -------> building new state...
D, [2018-03-31T10:13:10.882314 #6118] DEBUG -- : -------> building new state...
D, [2018-03-31T10:13:10.882506 #6118] DEBUG -- : -------> building selection...
D, [2018-03-31T10:13:10.882861 #6118] DEBUG -- : -------> building new state...
D, [2018-03-31T10:13:10.882972 #6118] DEBUG -- : -------> building new state...
D, [2018-03-31T10:13:10.883176 #6118] DEBUG -- : -------> building selection...
D, [2018-03-31T10:13:10.883508 #6118] DEBUG -- : -------> building new state...
D, [2018-03-31T10:13:10.883619 #6118] DEBUG -- : -------> building new state...
D, [2018-03-31T10:13:10.883815 #6118] DEBUG -- : -------> building selection...
D, [2018-03-31T10:13:10.884161 #6118] DEBUG -- : -------> building new state...
D, [2018-03-31T10:13:10.884260 #6118] DEBUG -- : -------> building new state...
D, [2018-03-31T10:13:10.884456 #6118] DEBUG -- : -------> building selection...
D, [2018-03-31T10:13:10.884811 #6118] DEBUG -- : -------> building new state...
D, [2018-03-31T10:13:10.884910 #6118] DEBUG -- : -------> building new state...
D, [2018-03-31T10:13:10.885098 #6118] DEBUG -- : -------> building selection...
D, [2018-03-31T10:13:10.885422 #6118] DEBUG -- : -------> building new state...
D, [2018-03-31T10:13:10.885538 #6118] DEBUG -- : -------> building new state...
D, [2018-03-31T10:13:10.885730 #6118] DEBUG -- : -------> building selection...
D, [2018-03-31T10:13:10.886059 #6118] DEBUG -- : -------> building new state...
D, [2018-03-31T10:13:10.886180 #6118] DEBUG -- : -------> building new state...
D, [2018-03-31T10:13:10.886369 #6118] DEBUG -- : -------> building selection...
D, [2018-03-31T10:13:10.886888 #6118] DEBUG -- : -------> building new state...
D, [2018-03-31T10:13:10.887032 #6118] DEBUG -- : -------> building new state...
D, [2018-03-31T10:13:10.887228 #6118] DEBUG -- : -------> building selection...
D, [2018-03-31T10:13:10.887555 #6118] DEBUG -- : -------> building new state...
D, [2018-03-31T10:13:10.887672 #6118] DEBUG -- : -------> building new state...
D, [2018-03-31T10:13:10.887871 #6118] DEBUG -- : -------> building selection...
D, [2018-03-31T10:13:10.888196 #6118] DEBUG -- : -------> building new state...
D, [2018-03-31T10:13:10.888324 #6118] DEBUG -- : -------> building new state...
D, [2018-03-31T10:13:10.888531 #6118] DEBUG -- : -------> building selection...
D, [2018-03-31T10:13:10.888855 #6118] DEBUG -- : -------> building new state...
D, [2018-03-31T10:13:10.888952 #6118] DEBUG -- : -------> building new state...
D, [2018-03-31T10:13:10.889161 #6118] DEBUG -- : -------> building selection...
D, [2018-03-31T10:13:10.889501 #6118] DEBUG -- : -------> building new state...
D, [2018-03-31T10:13:10.889601 #6118] DEBUG -- : -------> building new state...
D, [2018-03-31T10:13:10.889795 #6118] DEBUG -- : -------> building selection...
D, [2018-03-31T10:13:10.890135 #6118] DEBUG -- : -------> building new state...
D, [2018-03-31T10:13:10.890241 #6118] DEBUG -- : -------> building new state...
D, [2018-03-31T10:13:10.890449 #6118] DEBUG -- : -------> building selection...
D, [2018-03-31T10:13:10.890776 #6118] DEBUG -- : -------> building new state...
D, [2018-03-31T10:13:10.890926 #6118] DEBUG -- : -------> building new state...
D, [2018-03-31T10:13:10.891128 #6118] DEBUG -- : -------> building selection...
D, [2018-03-31T10:13:10.891524 #6118] DEBUG -- : -------> building new state...
D, [2018-03-31T10:13:10.891643 #6118] DEBUG -- : -------> building new state...
D, [2018-03-31T10:13:10.891903 #6118] DEBUG -- : -------> building selection...
D, [2018-03-31T10:13:10.892291 #6118] DEBUG -- : -------> building new state...
D, [2018-03-31T10:13:10.892410 #6118] DEBUG -- : -------> building new state...
D, [2018-03-31T10:13:10.892617 #6118] DEBUG -- : -------> building selection...
D, [2018-03-31T10:13:10.892975 #6118] DEBUG -- : -------> building new state...
D, [2018-03-31T10:13:10.893128 #6118] DEBUG -- : -------> building new state...
D, [2018-03-31T10:13:10.893341 #6118] DEBUG -- : -------> building selection...
D, [2018-03-31T10:13:10.893712 #6118] DEBUG -- : -------> building new state...
D, [2018-03-31T10:13:10.893822 #6118] DEBUG -- : -------> building new state...
D, [2018-03-31T10:13:10.894067 #6118] DEBUG -- : -------> building selection...
D, [2018-03-31T10:13:10.894445 #6118] DEBUG -- : -------> building new state...
D, [2018-03-31T10:13:10.894557 #6118] DEBUG -- : -------> building new state...
D, [2018-03-31T10:13:10.894820 #6118] DEBUG -- : -------> building selection...
D, [2018-03-31T10:13:10.895186 #6118] DEBUG -- : -------> building new state...
D, [2018-03-31T10:13:10.895300 #6118] DEBUG -- : -------> building new state...
D, [2018-03-31T10:13:10.895532 #6118] DEBUG -- : -------> building selection...
D, [2018-03-31T10:13:10.895887 #6118] DEBUG -- : -------> building new state...
D, [2018-03-31T10:13:10.895997 #6118] DEBUG -- : -------> building new state...
D, [2018-03-31T10:13:10.896274 #6118] DEBUG -- : -------> building selection...
D, [2018-03-31T10:13:10.896620 #6118] DEBUG -- : -------> building new state...
D, [2018-03-31T10:13:10.896731 #6118] DEBUG -- : -------> building new state...
D, [2018-03-31T10:13:10.896951 #6118] DEBUG -- : -------> building selection...
D, [2018-03-31T10:13:10.897328 #6118] DEBUG -- : -------> building new state...
D, [2018-03-31T10:13:10.897441 #6118] DEBUG -- : -------> building new state...
D, [2018-03-31T10:13:10.897660 #6118] DEBUG -- : -------> building selection...
D, [2018-03-31T10:13:10.898093 #6118] DEBUG -- : -------> building new state...
D, [2018-03-31T10:13:10.898348 #6118] DEBUG -- : -------> building new state...
D, [2018-03-31T10:13:10.898619 #6118] DEBUG -- : -------> building selection...
D, [2018-03-31T10:13:10.898995 #6118] DEBUG -- : -------> building new state...
D, [2018-03-31T10:13:10.899128 #6118] DEBUG -- : -------> building new state...
D, [2018-03-31T10:13:10.899328 #6118] DEBUG -- : -------> building selection...
D, [2018-03-31T10:13:10.899656 #6118] DEBUG -- : -------> building new state...
D, [2018-03-31T10:13:10.899788 #6118] DEBUG -- : -------> building new state...
D, [2018-03-31T10:13:10.899980 #6118] DEBUG -- : -------> building selection...
D, [2018-03-31T10:13:10.900318 #6118] DEBUG -- : -------> building new state...
D, [2018-03-31T10:13:10.900433 #6118] DEBUG -- : -------> building new state...
D, [2018-03-31T10:13:10.900634 #6118] DEBUG -- : -------> building selection...
D, [2018-03-31T10:13:10.900958 #6118] DEBUG -- : -------> building new state...
D, [2018-03-31T10:13:10.901077 #6118] DEBUG -- : -------> building new state...
D, [2018-03-31T10:13:10.901274 #6118] DEBUG -- : -------> building selection...
D, [2018-03-31T10:13:10.901599 #6118] DEBUG -- : -------> building new state...
D, [2018-03-31T10:13:10.901723 #6118] DEBUG -- : -------> building new state...
D, [2018-03-31T10:13:10.901916 #6118] DEBUG -- : -------> building selection...
D, [2018-03-31T10:13:10.902269 #6118] DEBUG -- : -------> building new state...
D, [2018-03-31T10:13:10.902371 #6118] DEBUG -- : -------> building new state...
D, [2018-03-31T10:13:10.902593 #6118] DEBUG -- : -------> building selection...
D, [2018-03-31T10:13:10.902967 #6118] DEBUG -- : -------> building new state...
D, [2018-03-31T10:13:10.903071 #6118] DEBUG -- : -------> building new state...
D, [2018-03-31T10:13:10.903264 #6118] DEBUG -- : -------> building selection...
D, [2018-03-31T10:13:10.903617 #6118] DEBUG -- : -------> building new state...
D, [2018-03-31T10:13:10.903720 #6118] DEBUG -- : -------> building new state...
D, [2018-03-31T10:13:10.903907 #6118] DEBUG -- : -------> building selection...
D, [2018-03-31T10:13:10.904257 #6118] DEBUG -- : -------> building new state...
D, [2018-03-31T10:13:10.904358 #6118] DEBUG -- : -------> building new state...
D, [2018-03-31T10:13:10.904544 #6118] DEBUG -- : -------> building selection...
D, [2018-03-31T10:13:10.904887 #6118] DEBUG -- : -------> building new state...
D, [2018-03-31T10:13:10.904989 #6118] DEBUG -- : -------> building new state...
D, [2018-03-31T10:13:10.905221 #6118] DEBUG -- : -------> building selection...
D, [2018-03-31T10:13:10.905551 #6118] DEBUG -- : -------> building new state...
D, [2018-03-31T10:13:10.905656 #6118] DEBUG -- : -------> building new state...
D, [2018-03-31T10:13:10.905845 #6118] DEBUG -- : scoring weighed rated selections...
D, [2018-03-31T10:13:10.905936 #6118] DEBUG -- : Saving scored selections...
D, [2018-03-31T10:13:10.913367 #6118] DEBUG -- : State Score successfully calculated


D, [2018-03-31T10:13:10.913442 #6118] DEBUG -- : Scoring new state: {:rating=>37, :state=>{:unknown=>0, :possibly_lighter=>1, :possibly_heavier=>0, :normal=>7}}
D, [2018-03-31T10:13:10.913476 #6118] DEBUG -- : State Score successfully calculated


D, [2018-03-31T10:13:10.913511 #6118] DEBUG -- : Scoring new state: {:rating=>37, :state=>{:unknown=>0, :possibly_lighter=>0, :possibly_heavier=>1, :normal=>7}}
D, [2018-03-31T10:13:10.913532 #6118] DEBUG -- : State Score successfully calculated


D, [2018-03-31T10:13:10.913575 #6118] DEBUG -- : Scoring new state: {:rating=>31, :state=>{:unknown=>0, :possibly_lighter=>3, :possibly_heavier=>0, :normal=>5}}
D, [2018-03-31T10:13:10.916305 #6118] DEBUG -- : calculating updated score for older state...
D, [2018-03-31T10:13:10.919823 #6118] DEBUG -- : generating weighed rated selections...
D, [2018-03-31T10:13:10.920711 #6118] DEBUG -- : -------> building selection...
D, [2018-03-31T10:13:10.921529 #6118] DEBUG -- : -------> building new state...
D, [2018-03-31T10:13:10.921865 #6118] DEBUG -- : -------> building new state...
D, [2018-03-31T10:13:10.922140 #6118] DEBUG -- : -------> building selection...
D, [2018-03-31T10:13:10.922507 #6118] DEBUG -- : -------> building new state...
D, [2018-03-31T10:13:10.922614 #6118] DEBUG -- : -------> building new state...
D, [2018-03-31T10:13:10.922816 #6118] DEBUG -- : -------> building selection...
D, [2018-03-31T10:13:10.923171 #6118] DEBUG -- : -------> building new state...
D, [2018-03-31T10:13:10.923271 #6118] DEBUG -- : -------> building new state...
D, [2018-03-31T10:13:10.923492 #6118] DEBUG -- : -------> building selection...
D, [2018-03-31T10:13:10.923819 #6118] DEBUG -- : -------> building new state...
D, [2018-03-31T10:13:10.923919 #6118] DEBUG -- : -------> building new state...
D, [2018-03-31T10:13:10.924133 #6118] DEBUG -- : -------> building selection...
D, [2018-03-31T10:13:10.924461 #6118] DEBUG -- : -------> building new state...
D, [2018-03-31T10:13:10.924570 #6118] DEBUG -- : -------> building new state...
D, [2018-03-31T10:13:10.924765 #6118] DEBUG -- : -------> building selection...
D, [2018-03-31T10:13:10.925112 #6118] DEBUG -- : -------> building new state...
D, [2018-03-31T10:13:10.925316 #6118] DEBUG -- : -------> building selection...
D, [2018-03-31T10:13:10.925660 #6118] DEBUG -- : -------> building new state...
D, [2018-03-31T10:13:10.925780 #6118] DEBUG -- : -------> building new state...
D, [2018-03-31T10:13:10.925969 #6118] DEBUG -- : -------> building selection...
D, [2018-03-31T10:13:10.926317 #6118] DEBUG -- : -------> building new state...
D, [2018-03-31T10:13:10.926439 #6118] DEBUG -- : -------> building new state...
D, [2018-03-31T10:13:10.926628 #6118] DEBUG -- : -------> building selection...
D, [2018-03-31T10:13:10.926983 #6118] DEBUG -- : -------> building new state...
D, [2018-03-31T10:13:10.927090 #6118] DEBUG -- : -------> building new state...
D, [2018-03-31T10:13:10.927286 #6118] DEBUG -- : -------> building selection...
D, [2018-03-31T10:13:10.927631 #6118] DEBUG -- : -------> building new state...
D, [2018-03-31T10:13:10.927730 #6118] DEBUG -- : -------> building new state...
D, [2018-03-31T10:13:10.927928 #6118] DEBUG -- : -------> building selection...
D, [2018-03-31T10:13:10.928272 #6118] DEBUG -- : -------> building new state...
D, [2018-03-31T10:13:10.928374 #6118] DEBUG -- : -------> building new state...
D, [2018-03-31T10:13:10.928558 #6118] DEBUG -- : -------> building selection...
D, [2018-03-31T10:13:10.928901 #6118] DEBUG -- : -------> building new state...
D, [2018-03-31T10:13:10.929017 #6118] DEBUG -- : -------> building new state...
D, [2018-03-31T10:13:10.931024 #6118] DEBUG -- : -------> building selection...
D, [2018-03-31T10:13:10.931478 #6118] DEBUG -- : -------> building new state...
D, [2018-03-31T10:13:10.931596 #6118] DEBUG -- : -------> building new state...
D, [2018-03-31T10:13:10.931839 #6118] DEBUG -- : -------> building selection...
D, [2018-03-31T10:13:10.932199 #6118] DEBUG -- : -------> building new state...
D, [2018-03-31T10:13:10.932394 #6118] DEBUG -- : -------> building new state...
D, [2018-03-31T10:13:10.932613 #6118] DEBUG -- : -------> building selection...
D, [2018-03-31T10:13:10.932970 #6118] DEBUG -- : -------> building new state...
D, [2018-03-31T10:13:10.933073 #6118] DEBUG -- : -------> building new state...
D, [2018-03-31T10:13:10.933281 #6118] DEBUG -- : -------> building selection...
D, [2018-03-31T10:13:10.933623 #6118] DEBUG -- : -------> building new state...
D, [2018-03-31T10:13:10.933721 #6118] DEBUG -- : -------> building new state...
D, [2018-03-31T10:13:10.933913 #6118] DEBUG -- : -------> building selection...
D, [2018-03-31T10:13:10.934309 #6118] DEBUG -- : -------> building new state...
D, [2018-03-31T10:13:10.934536 #6118] DEBUG -- : -------> building new state...
D, [2018-03-31T10:13:10.934780 #6118] DEBUG -- : -------> building selection...
D, [2018-03-31T10:13:10.935201 #6118] DEBUG -- : -------> building new state...
D, [2018-03-31T10:13:10.935412 #6118] DEBUG -- : -------> building selection...
D, [2018-03-31T10:13:10.935801 #6118] DEBUG -- : -------> building new state...
D, [2018-03-31T10:13:10.935999 #6118] DEBUG -- : scoring weighed rated selections...
D, [2018-03-31T10:13:10.936057 #6118] DEBUG -- : Saving scored selections...
D, [2018-03-31T10:13:10.939980 #6118] DEBUG -- : State Score successfully calculated


D, [2018-03-31T10:13:10.940079 #6118] DEBUG -- : Saving scored selections...
D, [2018-03-31T10:13:10.977211 #6118] DEBUG -- : State Score successfully calculated


D, [2018-03-31T10:13:10.977290 #6118] DEBUG -- : Scoring new state: {:rating=>37, :state=>{:unknown=>0, :possibly_lighter=>0, :possibly_heavier=>1, :normal=>7}}
D, [2018-03-31T10:13:10.977317 #6118] DEBUG -- : State Score successfully calculated


D, [2018-03-31T10:13:10.977348 #6118] DEBUG -- : Scoring new state: {:rating=>31, :state=>{:unknown=>0, :possibly_lighter=>1, :possibly_heavier=>2, :normal=>5}}
D, [2018-03-31T10:13:10.980087 #6118] DEBUG -- : generating score for new state...
D, [2018-03-31T10:13:10.983657 #6118] DEBUG -- : new state info recorded
D, [2018-03-31T10:13:10.987070 #6118] DEBUG -- : generating weighed rated selections...
D, [2018-03-31T10:13:11.181915 #6118] DEBUG -- : scoring weighed rated selections...
D, [2018-03-31T10:13:11.182074 #6118] DEBUG -- : Saving scored selections...
D, [2018-03-31T10:13:11.189241 #6118] DEBUG -- : State Score successfully calculated


D, [2018-03-31T10:13:11.255406 #6118] DEBUG -- : Scoring new state: {:rating=>34, :state=>{:unknown=>0, :possibly_lighter=>1, :possibly_heavier=>1, :normal=>6}}
D, [2018-03-31T10:13:11.258304 #6118] DEBUG -- : generating score for new state...
D, [2018-03-31T10:13:11.261886 #6118] DEBUG -- : new state info recorded
D, [2018-03-31T10:13:11.265259 #6118] DEBUG -- : generating weighed rated selections...
D, [2018-03-31T10:13:11.383012 #6118] DEBUG -- : scoring weighed rated selections...
D, [2018-03-31T10:13:11.383151 #6118] DEBUG -- : Saving scored selections...
D, [2018-03-31T10:13:11.398896 #6118] DEBUG -- : State Score successfully calculated


D, [2018-03-31T10:13:11.399010 #6118] DEBUG -- : Scoring new state: {:rating=>31, :state=>{:unknown=>0, :possibly_lighter=>1, :possibly_heavier=>2, :normal=>5}}
D, [2018-03-31T10:13:11.401565 #6118] DEBUG -- : generating score for new state...
D, [2018-03-31T10:13:11.405537 #6118] DEBUG -- : new state info recorded
D, [2018-03-31T10:13:11.408849 #6118] DEBUG -- : generating weighed rated selections...
D, [2018-03-31T10:13:11.604600 #6118] DEBUG -- : scoring weighed rated selections...
D, [2018-03-31T10:13:11.604740 #6118] DEBUG -- : Saving scored selections...
D, [2018-03-31T10:13:11.613327 #6118] DEBUG -- : State Score successfully calculated


D, [2018-03-31T10:13:11.613420 #6118] DEBUG -- : Scoring new state: {:rating=>34, :state=>{:unknown=>0, :possibly_lighter=>1, :possibly_heavier=>1, :normal=>6}}
D, [2018-03-31T10:13:11.616077 #6118] DEBUG -- : returning fully calculated score...
D, [2018-03-31T10:13:11.616148 #6118] DEBUG -- : State Score successfully calculated


D, [2018-03-31T10:13:11.616183 #6118] DEBUG -- : Scoring new state: {:rating=>31, :state=>{:unknown=>0, :possibly_lighter=>2, :possibly_heavier=>1, :normal=>5}}
D, [2018-03-31T10:13:11.618691 #6118] DEBUG -- : generating score for new state...
D, [2018-03-31T10:13:11.622127 #6118] DEBUG -- : new state info recorded
D, [2018-03-31T10:13:11.625548 #6118] DEBUG -- : generating weighed rated selections...
D, [2018-03-31T10:13:11.820696 #6118] DEBUG -- : scoring weighed rated selections...
D, [2018-03-31T10:13:11.820860 #6118] DEBUG -- : Saving scored selections...
D, [2018-03-31T10:13:11.829101 #6118] DEBUG -- : State Score successfully calculated


D, [2018-03-31T10:13:11.894270 #6118] DEBUG -- : Scoring new state: {:rating=>31, :state=>{:unknown=>0, :possibly_lighter=>1, :possibly_heavier=>2, :normal=>5}}
D, [2018-03-31T10:13:11.897079 #6118] DEBUG -- : generating score for new state...
D, [2018-03-31T10:13:11.900713 #6118] DEBUG -- : new state info recorded
D, [2018-03-31T10:13:11.904068 #6118] DEBUG -- : generating weighed rated selections...
D, [2018-03-31T10:13:12.113510 #6118] DEBUG -- : scoring weighed rated selections...
D, [2018-03-31T10:13:12.115435 #6118] DEBUG -- : Saving scored selections...
D, [2018-03-31T10:13:12.122906 #6118] DEBUG -- : State Score successfully calculated


D, [2018-03-31T10:13:12.122987 #6118] DEBUG -- : Scoring new state: {:rating=>34, :state=>{:unknown=>0, :possibly_lighter=>1, :possibly_heavier=>1, :normal=>6}}
D, [2018-03-31T10:13:12.125494 #6118] DEBUG -- : calculating updated score for older state...
D, [2018-03-31T10:13:12.128968 #6118] DEBUG -- : generating weighed rated selections...
D, [2018-03-31T10:13:12.232076 #6118] DEBUG -- : scoring weighed rated selections...
D, [2018-03-31T10:13:12.232202 #6118] DEBUG -- : Saving scored selections...
D, [2018-03-31T10:13:12.247929 #6118] DEBUG -- : State Score successfully calculated


D, [2018-03-31T10:13:12.248025 #6118] DEBUG -- : Scoring new state: {:rating=>31, :state=>{:unknown=>0, :possibly_lighter=>2, :possibly_heavier=>1, :normal=>5}}
D, [2018-03-31T10:13:12.250637 #6118] DEBUG -- : generating score for new state...
D, [2018-03-31T10:13:12.254125 #6118] DEBUG -- : new state info recorded
D, [2018-03-31T10:13:12.257607 #6118] DEBUG -- : generating weighed rated selections...
D, [2018-03-31T10:13:12.453085 #6118] DEBUG -- : scoring weighed rated selections...
D, [2018-03-31T10:13:12.453244 #6118] DEBUG -- : Saving scored selections...
D, [2018-03-31T10:13:12.460405 #6118] DEBUG -- : State Score successfully calculated


D, [2018-03-31T10:13:12.460508 #6118] DEBUG -- : Scoring new state: {:rating=>34, :state=>{:unknown=>0, :possibly_lighter=>1, :possibly_heavier=>1, :normal=>6}}
D, [2018-03-31T10:13:12.463118 #6118] DEBUG -- : returning fully calculated score...
D, [2018-03-31T10:13:12.463185 #6118] DEBUG -- : State Score successfully calculated


D, [2018-03-31T10:18:42.640244 #7039] DEBUG -- : calculating updated score for older state...
D, [2018-03-31T10:18:42.643742 #7039] DEBUG -- : generating weighed rated selections...
D, [2018-03-31T10:18:42.656578 #7039] DEBUG -- : scoring weighed rated selections...
D, [2018-03-31T10:18:42.656706 #7039] DEBUG -- : Scoring new state: {:rating=>10, :state=>{:unknown=>1, :possibly_lighter=>0, :possibly_heavier=>0, :normal=>2}}
D, [2018-03-31T10:18:42.659477 #7039] DEBUG -- : calculating updated score for older state...
D, [2018-03-31T10:18:42.662913 #7039] DEBUG -- : generating weighed rated selections...
D, [2018-03-31T10:18:42.682542 #7039] DEBUG -- : scoring weighed rated selections...
D, [2018-03-31T10:18:42.682685 #7039] DEBUG -- : Saving scored selections...
D, [2018-03-31T10:18:42.686034 #7039] DEBUG -- : State Score successfully calculated


D, [2018-03-31T10:18:42.686126 #7039] DEBUG -- : Scoring new state: {:rating=>9, :state=>{:unknown=>0, :possibly_lighter=>1, :possibly_heavier=>1, :normal=>1}}
D, [2018-03-31T10:18:42.688713 #7039] DEBUG -- : calculating updated score for older state...
D, [2018-03-31T10:18:42.692138 #7039] DEBUG -- : generating weighed rated selections...
D, [2018-03-31T10:18:42.721701 #7039] DEBUG -- : scoring weighed rated selections...
D, [2018-03-31T10:18:42.721813 #7039] DEBUG -- : Saving scored selections...
D, [2018-03-31T10:18:42.726838 #7039] DEBUG -- : State Score successfully calculated


D, [2018-03-31T10:18:42.726923 #7039] DEBUG -- : Saving scored selections...
D, [2018-03-31T10:18:42.800142 #7039] DEBUG -- : calculating updated score for older state...
D, [2018-03-31T10:18:42.803630 #7039] DEBUG -- : generating weighed rated selections...
D, [2018-03-31T10:18:42.816664 #7039] DEBUG -- : scoring weighed rated selections...
D, [2018-03-31T10:18:42.816768 #7039] DEBUG -- : Scoring new state: {:rating=>10, :state=>{:unknown=>1, :possibly_lighter=>0, :possibly_heavier=>0, :normal=>2}}
D, [2018-03-31T10:18:42.819498 #7039] DEBUG -- : calculating updated score for older state...
D, [2018-03-31T10:18:42.822936 #7039] DEBUG -- : generating weighed rated selections...
D, [2018-03-31T10:18:42.842577 #7039] DEBUG -- : scoring weighed rated selections...
D, [2018-03-31T10:18:42.842683 #7039] DEBUG -- : Saving scored selections...
D, [2018-03-31T10:18:42.846019 #7039] DEBUG -- : State Score successfully calculated


D, [2018-03-31T10:18:42.846109 #7039] DEBUG -- : Scoring new state: {:rating=>9, :state=>{:unknown=>0, :possibly_lighter=>1, :possibly_heavier=>1, :normal=>1}}
D, [2018-03-31T10:18:42.848554 #7039] DEBUG -- : calculating updated score for older state...
D, [2018-03-31T10:18:42.851938 #7039] DEBUG -- : generating weighed rated selections...
D, [2018-03-31T10:18:42.881769 #7039] DEBUG -- : scoring weighed rated selections...
D, [2018-03-31T10:18:42.881890 #7039] DEBUG -- : Saving scored selections...
D, [2018-03-31T10:18:42.886766 #7039] DEBUG -- : State Score successfully calculated


D, [2018-03-31T10:18:42.886865 #7039] DEBUG -- : Saving scored selections...
D, [2018-03-31T10:18:42.891691 #7039] DEBUG -- : -------> building selection...
D, [2018-03-31T10:18:42.892547 #7039] DEBUG -- : -------> building new state...
D, [2018-03-31T10:18:42.892847 #7039] DEBUG -- : -------> building new state...
D, [2018-03-31T10:18:42.961716 #7039] DEBUG -- : calculating updated score for older state...
D, [2018-03-31T10:18:42.965203 #7039] DEBUG -- : generating weighed rated selections...
D, [2018-03-31T10:18:42.977966 #7039] DEBUG -- : scoring weighed rated selections...
D, [2018-03-31T10:18:42.978090 #7039] DEBUG -- : Scoring new state: {:rating=>10, :state=>{:unknown=>1, :possibly_lighter=>0, :possibly_heavier=>0, :normal=>2}}
D, [2018-03-31T10:18:42.980829 #7039] DEBUG -- : calculating updated score for older state...
D, [2018-03-31T10:18:42.984221 #7039] DEBUG -- : generating weighed rated selections...
D, [2018-03-31T10:18:43.003440 #7039] DEBUG -- : scoring weighed rated selections...
D, [2018-03-31T10:18:43.003532 #7039] DEBUG -- : Saving scored selections...
D, [2018-03-31T10:18:43.006755 #7039] DEBUG -- : State Score successfully calculated


D, [2018-03-31T10:18:43.006850 #7039] DEBUG -- : Scoring new state: {:rating=>9, :state=>{:unknown=>0, :possibly_lighter=>1, :possibly_heavier=>1, :normal=>1}}
D, [2018-03-31T10:18:43.009379 #7039] DEBUG -- : calculating updated score for older state...
D, [2018-03-31T10:18:43.012816 #7039] DEBUG -- : generating weighed rated selections...
D, [2018-03-31T10:18:43.042397 #7039] DEBUG -- : scoring weighed rated selections...
D, [2018-03-31T10:18:43.042509 #7039] DEBUG -- : Saving scored selections...
D, [2018-03-31T10:18:43.047100 #7039] DEBUG -- : State Score successfully calculated


D, [2018-03-31T10:18:43.047166 #7039] DEBUG -- : Saving scored selections...
D, [2018-03-31T10:18:43.051906 #7039] DEBUG -- : -------> building selection...
D, [2018-03-31T10:18:43.052829 #7039] DEBUG -- : -------> building new state...
D, [2018-03-31T10:18:43.053103 #7039] DEBUG -- : -------> building new state...
D, [2018-03-31T10:18:43.053458 #7039] DEBUG -- : -------> building selection...
D, [2018-03-31T10:18:43.053774 #7039] DEBUG -- : -------> building new state...
D, [2018-03-31T10:18:43.053895 #7039] DEBUG -- : -------> building new state...
D, [2018-03-31T10:18:43.054066 #7039] DEBUG -- : -------> building selection...
D, [2018-03-31T10:18:43.054381 #7039] DEBUG -- : -------> building new state...
D, [2018-03-31T10:18:43.054488 #7039] DEBUG -- : -------> building new state...
D, [2018-03-31T10:18:43.054672 #7039] DEBUG -- : -------> building selection...
D, [2018-03-31T10:18:43.054999 #7039] DEBUG -- : -------> building new state...
D, [2018-03-31T10:18:43.055105 #7039] DEBUG -- : -------> building new state...
D, [2018-03-31T10:18:43.055292 #7039] DEBUG -- : -------> building selection...
D, [2018-03-31T10:18:43.055583 #7039] DEBUG -- : -------> building new state...
D, [2018-03-31T10:18:43.055700 #7039] DEBUG -- : -------> building new state...
D, [2018-03-31T10:18:43.126774 #7039] DEBUG -- : calculating updated score for older state...
D, [2018-03-31T10:18:43.130235 #7039] DEBUG -- : generating weighed rated selections...
D, [2018-03-31T10:18:43.142912 #7039] DEBUG -- : scoring weighed rated selections...
D, [2018-03-31T10:18:43.143011 #7039] DEBUG -- : Scoring new state: {:rating=>10, :state=>{:unknown=>1, :possibly_lighter=>0, :possibly_heavier=>0, :normal=>2}}
D, [2018-03-31T10:18:43.145726 #7039] DEBUG -- : calculating updated score for older state...
D, [2018-03-31T10:18:43.149163 #7039] DEBUG -- : generating weighed rated selections...
D, [2018-03-31T10:18:43.168539 #7039] DEBUG -- : scoring weighed rated selections...
D, [2018-03-31T10:18:43.168634 #7039] DEBUG -- : Saving scored selections...
D, [2018-03-31T10:18:43.171874 #7039] DEBUG -- : State Score successfully calculated


D, [2018-03-31T10:18:43.171966 #7039] DEBUG -- : Scoring new state: {:rating=>9, :state=>{:unknown=>0, :possibly_lighter=>1, :possibly_heavier=>1, :normal=>1}}
D, [2018-03-31T10:18:43.174501 #7039] DEBUG -- : calculating updated score for older state...
D, [2018-03-31T10:18:43.177927 #7039] DEBUG -- : generating weighed rated selections...
D, [2018-03-31T10:18:43.207930 #7039] DEBUG -- : scoring weighed rated selections...
D, [2018-03-31T10:18:43.208028 #7039] DEBUG -- : Saving scored selections...
D, [2018-03-31T10:18:43.212913 #7039] DEBUG -- : State Score successfully calculated


D, [2018-03-31T10:18:43.212998 #7039] DEBUG -- : Saving scored selections...
D, [2018-03-31T10:18:43.217169 #7039] DEBUG -- : -------> building new state...
D, [2018-03-31T10:18:43.217907 #7039] DEBUG -- : -------> building new state...
D, [2018-03-31T10:19:48.248175 #7162] DEBUG -- : calculating updated score for older state...
D, [2018-03-31T10:19:48.251687 #7162] DEBUG -- : generating weighed rated selections...
D, [2018-03-31T10:19:48.264793 #7162] DEBUG -- : scoring weighed rated selections...
D, [2018-03-31T10:19:48.264920 #7162] DEBUG -- : Scoring new state: {:rating=>10, :state=>{:unknown=>1, :possibly_lighter=>0, :possibly_heavier=>0, :normal=>2}}
D, [2018-03-31T10:19:48.267663 #7162] DEBUG -- : calculating updated score for older state...
D, [2018-03-31T10:19:48.271178 #7162] DEBUG -- : generating weighed rated selections...
D, [2018-03-31T10:19:48.291315 #7162] DEBUG -- : scoring weighed rated selections...
D, [2018-03-31T10:19:48.291438 #7162] DEBUG -- : Saving scored selections...
D, [2018-03-31T10:19:48.294833 #7162] DEBUG -- : State Score successfully calculated


D, [2018-03-31T10:19:48.294921 #7162] DEBUG -- : Scoring new state: {:rating=>9, :state=>{:unknown=>0, :possibly_lighter=>1, :possibly_heavier=>1, :normal=>1}}
D, [2018-03-31T10:19:48.297396 #7162] DEBUG -- : calculating updated score for older state...
D, [2018-03-31T10:19:48.300758 #7162] DEBUG -- : generating weighed rated selections...
D, [2018-03-31T10:19:48.331557 #7162] DEBUG -- : scoring weighed rated selections...
D, [2018-03-31T10:19:48.331663 #7162] DEBUG -- : Saving scored selections...
D, [2018-03-31T10:19:48.336562 #7162] DEBUG -- : State Score successfully calculated


D, [2018-03-31T10:19:48.336652 #7162] DEBUG -- : Saving scored selections...
D, [2018-03-31T10:19:48.341664 #7162] DEBUG -- : -------> building selection...
D, [2018-03-31T10:19:48.342535 #7162] DEBUG -- : -------> building new state...
D, [2018-03-31T10:19:48.342862 #7162] DEBUG -- : -------> building new state...
D, [2018-03-31T10:19:48.412281 #7162] DEBUG -- : calculating updated score for older state...
D, [2018-03-31T10:19:48.415844 #7162] DEBUG -- : generating weighed rated selections...
D, [2018-03-31T10:19:48.428753 #7162] DEBUG -- : scoring weighed rated selections...
D, [2018-03-31T10:19:48.429883 #7162] DEBUG -- : Scoring new state: {:rating=>10, :state=>{:unknown=>1, :possibly_lighter=>0, :possibly_heavier=>0, :normal=>2}}
D, [2018-03-31T10:19:48.432656 #7162] DEBUG -- : calculating updated score for older state...
D, [2018-03-31T10:19:48.436077 #7162] DEBUG -- : generating weighed rated selections...
D, [2018-03-31T10:19:48.455903 #7162] DEBUG -- : scoring weighed rated selections...
D, [2018-03-31T10:19:48.455999 #7162] DEBUG -- : Saving scored selections...
D, [2018-03-31T10:19:48.459300 #7162] DEBUG -- : State Score successfully calculated


D, [2018-03-31T10:19:48.459388 #7162] DEBUG -- : Scoring new state: {:rating=>9, :state=>{:unknown=>0, :possibly_lighter=>1, :possibly_heavier=>1, :normal=>1}}
D, [2018-03-31T10:19:48.461975 #7162] DEBUG -- : calculating updated score for older state...
D, [2018-03-31T10:19:48.465471 #7162] DEBUG -- : generating weighed rated selections...
D, [2018-03-31T10:19:48.494860 #7162] DEBUG -- : scoring weighed rated selections...
D, [2018-03-31T10:19:48.494957 #7162] DEBUG -- : Saving scored selections...
D, [2018-03-31T10:19:48.499767 #7162] DEBUG -- : State Score successfully calculated


D, [2018-03-31T10:19:48.499847 #7162] DEBUG -- : Saving scored selections...
D, [2018-03-31T10:19:48.571530 #7162] DEBUG -- : calculating updated score for older state...
D, [2018-03-31T10:19:48.575031 #7162] DEBUG -- : generating weighed rated selections...
D, [2018-03-31T10:19:48.587930 #7162] DEBUG -- : scoring weighed rated selections...
D, [2018-03-31T10:19:48.588033 #7162] DEBUG -- : Scoring new state: {:rating=>10, :state=>{:unknown=>1, :possibly_lighter=>0, :possibly_heavier=>0, :normal=>2}}
D, [2018-03-31T10:19:48.590759 #7162] DEBUG -- : calculating updated score for older state...
D, [2018-03-31T10:19:48.594192 #7162] DEBUG -- : generating weighed rated selections...
D, [2018-03-31T10:19:48.613588 #7162] DEBUG -- : scoring weighed rated selections...
D, [2018-03-31T10:19:48.613678 #7162] DEBUG -- : Saving scored selections...
D, [2018-03-31T10:19:48.617098 #7162] DEBUG -- : State Score successfully calculated


D, [2018-03-31T10:19:48.617182 #7162] DEBUG -- : Scoring new state: {:rating=>9, :state=>{:unknown=>0, :possibly_lighter=>1, :possibly_heavier=>1, :normal=>1}}
D, [2018-03-31T10:19:48.619715 #7162] DEBUG -- : calculating updated score for older state...
D, [2018-03-31T10:19:48.623083 #7162] DEBUG -- : generating weighed rated selections...
D, [2018-03-31T10:19:48.652206 #7162] DEBUG -- : scoring weighed rated selections...
D, [2018-03-31T10:19:48.652323 #7162] DEBUG -- : Saving scored selections...
D, [2018-03-31T10:19:48.656986 #7162] DEBUG -- : State Score successfully calculated


D, [2018-03-31T10:19:48.657066 #7162] DEBUG -- : Saving scored selections...
D, [2018-03-31T10:19:48.661910 #7162] DEBUG -- : -------> building selection...
D, [2018-03-31T10:19:48.662757 #7162] DEBUG -- : -------> building new state...
D, [2018-03-31T10:19:48.663057 #7162] DEBUG -- : -------> building new state...
D, [2018-03-31T10:19:48.663462 #7162] DEBUG -- : -------> building selection...
D, [2018-03-31T10:19:48.663804 #7162] DEBUG -- : -------> building new state...
D, [2018-03-31T10:19:48.663984 #7162] DEBUG -- : -------> building new state...
D, [2018-03-31T10:19:48.664182 #7162] DEBUG -- : -------> building selection...
D, [2018-03-31T10:19:48.664489 #7162] DEBUG -- : -------> building new state...
D, [2018-03-31T10:19:48.664619 #7162] DEBUG -- : -------> building new state...
D, [2018-03-31T10:19:48.664796 #7162] DEBUG -- : -------> building selection...
D, [2018-03-31T10:19:48.665087 #7162] DEBUG -- : -------> building new state...
D, [2018-03-31T10:19:48.665192 #7162] DEBUG -- : -------> building new state...
D, [2018-03-31T10:19:48.665387 #7162] DEBUG -- : -------> building selection...
D, [2018-03-31T10:19:48.665677 #7162] DEBUG -- : -------> building new state...
D, [2018-03-31T10:19:48.665778 #7162] DEBUG -- : -------> building new state...
D, [2018-03-31T10:19:48.734202 #7162] DEBUG -- : calculating updated score for older state...
D, [2018-03-31T10:19:48.737670 #7162] DEBUG -- : generating weighed rated selections...
D, [2018-03-31T10:19:48.750382 #7162] DEBUG -- : scoring weighed rated selections...
D, [2018-03-31T10:19:48.750503 #7162] DEBUG -- : Scoring new state: {:rating=>10, :state=>{:unknown=>1, :possibly_lighter=>0, :possibly_heavier=>0, :normal=>2}}
D, [2018-03-31T10:19:48.753233 #7162] DEBUG -- : calculating updated score for older state...
D, [2018-03-31T10:19:48.756661 #7162] DEBUG -- : generating weighed rated selections...
D, [2018-03-31T10:19:48.776086 #7162] DEBUG -- : scoring weighed rated selections...
D, [2018-03-31T10:19:48.776195 #7162] DEBUG -- : Saving scored selections...
D, [2018-03-31T10:19:48.779456 #7162] DEBUG -- : State Score successfully calculated


D, [2018-03-31T10:19:48.779545 #7162] DEBUG -- : Scoring new state: {:rating=>9, :state=>{:unknown=>0, :possibly_lighter=>1, :possibly_heavier=>1, :normal=>1}}
D, [2018-03-31T10:19:48.782047 #7162] DEBUG -- : calculating updated score for older state...
D, [2018-03-31T10:19:48.785555 #7162] DEBUG -- : generating weighed rated selections...
D, [2018-03-31T10:19:48.815390 #7162] DEBUG -- : scoring weighed rated selections...
D, [2018-03-31T10:19:48.815486 #7162] DEBUG -- : Saving scored selections...
D, [2018-03-31T10:19:48.820422 #7162] DEBUG -- : State Score successfully calculated


D, [2018-03-31T10:19:48.820502 #7162] DEBUG -- : Saving scored selections...
D, [2018-03-31T10:19:48.824758 #7162] DEBUG -- : -------> building new state...
D, [2018-03-31T10:19:48.825521 #7162] DEBUG -- : -------> building new state...
D, [2018-03-31T10:19:56.215192 #7262] DEBUG -- : calculating updated score for older state...
D, [2018-03-31T10:19:56.218733 #7262] DEBUG -- : generating weighed rated selections...
D, [2018-03-31T10:19:56.231569 #7262] DEBUG -- : scoring weighed rated selections...
D, [2018-03-31T10:19:56.231679 #7262] DEBUG -- : Scoring new state: {:rating=>10, :state=>{:unknown=>1, :possibly_lighter=>0, :possibly_heavier=>0, :normal=>2}}
D, [2018-03-31T10:19:56.234312 #7262] DEBUG -- : calculating updated score for older state...
D, [2018-03-31T10:19:56.237844 #7262] DEBUG -- : generating weighed rated selections...
D, [2018-03-31T10:19:56.257606 #7262] DEBUG -- : scoring weighed rated selections...
D, [2018-03-31T10:19:56.257720 #7262] DEBUG -- : Saving scored selections...
D, [2018-03-31T10:19:56.261028 #7262] DEBUG -- : State Score successfully calculated


D, [2018-03-31T10:19:56.261117 #7262] DEBUG -- : Scoring new state: {:rating=>9, :state=>{:unknown=>0, :possibly_lighter=>1, :possibly_heavier=>1, :normal=>1}}
D, [2018-03-31T10:19:56.263541 #7262] DEBUG -- : calculating updated score for older state...
D, [2018-03-31T10:19:56.266984 #7262] DEBUG -- : generating weighed rated selections...
D, [2018-03-31T10:19:56.295919 #7262] DEBUG -- : scoring weighed rated selections...
D, [2018-03-31T10:19:56.296015 #7262] DEBUG -- : Saving scored selections...
D, [2018-03-31T10:19:56.300663 #7262] DEBUG -- : State Score successfully calculated


D, [2018-03-31T10:19:56.300745 #7262] DEBUG -- : Saving scored selections...
D, [2018-03-31T10:19:56.305586 #7262] DEBUG -- : -------> building selection...
D, [2018-03-31T10:19:56.306411 #7262] DEBUG -- : -------> building new state...
D, [2018-03-31T10:19:56.306769 #7262] DEBUG -- : -------> building new state...
D, [2018-03-31T10:19:56.307137 #7262] DEBUG -- : -------> building selection...
D, [2018-03-31T10:19:56.307460 #7262] DEBUG -- : -------> building new state...
D, [2018-03-31T10:19:56.307566 #7262] DEBUG -- : -------> building new state...
D, [2018-03-31T10:19:56.307734 #7262] DEBUG -- : -------> building selection...
D, [2018-03-31T10:19:56.308066 #7262] DEBUG -- : -------> building new state...
D, [2018-03-31T10:19:56.308173 #7262] DEBUG -- : -------> building new state...
D, [2018-03-31T10:19:56.308339 #7262] DEBUG -- : -------> building selection...
D, [2018-03-31T10:19:56.308652 #7262] DEBUG -- : -------> building new state...
D, [2018-03-31T10:19:56.308753 #7262] DEBUG -- : -------> building new state...
D, [2018-03-31T10:19:56.308931 #7262] DEBUG -- : -------> building selection...
D, [2018-03-31T10:19:56.309223 #7262] DEBUG -- : -------> building new state...
D, [2018-03-31T10:19:56.309323 #7262] DEBUG -- : -------> building new state...
D, [2018-03-31T10:19:56.377710 #7262] DEBUG -- : calculating updated score for older state...
D, [2018-03-31T10:19:56.381207 #7262] DEBUG -- : generating weighed rated selections...
D, [2018-03-31T10:19:56.394083 #7262] DEBUG -- : scoring weighed rated selections...
D, [2018-03-31T10:19:56.394184 #7262] DEBUG -- : Scoring new state: {:rating=>10, :state=>{:unknown=>1, :possibly_lighter=>0, :possibly_heavier=>0, :normal=>2}}
D, [2018-03-31T10:19:56.396901 #7262] DEBUG -- : calculating updated score for older state...
D, [2018-03-31T10:19:56.400292 #7262] DEBUG -- : generating weighed rated selections...
D, [2018-03-31T10:19:56.420000 #7262] DEBUG -- : scoring weighed rated selections...
D, [2018-03-31T10:19:56.420109 #7262] DEBUG -- : Saving scored selections...
D, [2018-03-31T10:19:56.423369 #7262] DEBUG -- : State Score successfully calculated


D, [2018-03-31T10:19:56.423456 #7262] DEBUG -- : Scoring new state: {:rating=>9, :state=>{:unknown=>0, :possibly_lighter=>1, :possibly_heavier=>1, :normal=>1}}
D, [2018-03-31T10:19:56.425914 #7262] DEBUG -- : calculating updated score for older state...
D, [2018-03-31T10:19:56.429267 #7262] DEBUG -- : generating weighed rated selections...
D, [2018-03-31T10:19:56.459133 #7262] DEBUG -- : scoring weighed rated selections...
D, [2018-03-31T10:19:56.459230 #7262] DEBUG -- : Saving scored selections...
D, [2018-03-31T10:19:56.464173 #7262] DEBUG -- : State Score successfully calculated


D, [2018-03-31T10:19:56.464287 #7262] DEBUG -- : Saving scored selections...
D, [2018-03-31T10:19:56.468556 #7262] DEBUG -- : -------> building new state...
D, [2018-03-31T10:19:56.469261 #7262] DEBUG -- : -------> building new state...
D, [2018-03-31T10:19:56.538110 #7262] DEBUG -- : calculating updated score for older state...
D, [2018-03-31T10:19:56.541489 #7262] DEBUG -- : generating weighed rated selections...
D, [2018-03-31T10:19:56.554359 #7262] DEBUG -- : scoring weighed rated selections...
D, [2018-03-31T10:19:56.554457 #7262] DEBUG -- : Scoring new state: {:rating=>10, :state=>{:unknown=>1, :possibly_lighter=>0, :possibly_heavier=>0, :normal=>2}}
D, [2018-03-31T10:19:56.557912 #7262] DEBUG -- : calculating updated score for older state...
D, [2018-03-31T10:19:56.561280 #7262] DEBUG -- : generating weighed rated selections...
D, [2018-03-31T10:19:56.580896 #7262] DEBUG -- : scoring weighed rated selections...
D, [2018-03-31T10:19:56.580988 #7262] DEBUG -- : Saving scored selections...
D, [2018-03-31T10:19:56.584245 #7262] DEBUG -- : State Score successfully calculated


D, [2018-03-31T10:19:56.584335 #7262] DEBUG -- : Scoring new state: {:rating=>9, :state=>{:unknown=>0, :possibly_lighter=>1, :possibly_heavier=>1, :normal=>1}}
D, [2018-03-31T10:19:56.586858 #7262] DEBUG -- : calculating updated score for older state...
D, [2018-03-31T10:19:56.590205 #7262] DEBUG -- : generating weighed rated selections...
D, [2018-03-31T10:19:56.619762 #7262] DEBUG -- : scoring weighed rated selections...
D, [2018-03-31T10:19:56.619860 #7262] DEBUG -- : Saving scored selections...
D, [2018-03-31T10:19:56.624713 #7262] DEBUG -- : State Score successfully calculated


D, [2018-03-31T10:19:56.624804 #7262] DEBUG -- : Saving scored selections...
D, [2018-03-31T10:19:56.696791 #7262] DEBUG -- : calculating updated score for older state...
D, [2018-03-31T10:19:56.700314 #7262] DEBUG -- : generating weighed rated selections...
D, [2018-03-31T10:19:56.713011 #7262] DEBUG -- : scoring weighed rated selections...
D, [2018-03-31T10:19:56.713111 #7262] DEBUG -- : Scoring new state: {:rating=>10, :state=>{:unknown=>1, :possibly_lighter=>0, :possibly_heavier=>0, :normal=>2}}
D, [2018-03-31T10:19:56.715880 #7262] DEBUG -- : calculating updated score for older state...
D, [2018-03-31T10:19:56.719277 #7262] DEBUG -- : generating weighed rated selections...
D, [2018-03-31T10:19:56.738797 #7262] DEBUG -- : scoring weighed rated selections...
D, [2018-03-31T10:19:56.738897 #7262] DEBUG -- : Saving scored selections...
D, [2018-03-31T10:19:56.742132 #7262] DEBUG -- : State Score successfully calculated


D, [2018-03-31T10:19:56.742233 #7262] DEBUG -- : Scoring new state: {:rating=>9, :state=>{:unknown=>0, :possibly_lighter=>1, :possibly_heavier=>1, :normal=>1}}
D, [2018-03-31T10:19:56.744766 #7262] DEBUG -- : calculating updated score for older state...
D, [2018-03-31T10:19:56.748168 #7262] DEBUG -- : generating weighed rated selections...
D, [2018-03-31T10:19:56.777493 #7262] DEBUG -- : scoring weighed rated selections...
D, [2018-03-31T10:19:56.777611 #7262] DEBUG -- : Saving scored selections...
D, [2018-03-31T10:19:56.782319 #7262] DEBUG -- : State Score successfully calculated


D, [2018-03-31T10:19:56.782413 #7262] DEBUG -- : Saving scored selections...
D, [2018-03-31T10:19:56.787233 #7262] DEBUG -- : -------> building selection...
D, [2018-03-31T10:19:56.788154 #7262] DEBUG -- : -------> building new state...
D, [2018-03-31T10:19:56.788477 #7262] DEBUG -- : -------> building new state...
D, [2018-03-31T10:20:04.215530 #7362] DEBUG -- : calculating updated score for older state...
D, [2018-03-31T10:20:04.219071 #7362] DEBUG -- : generating weighed rated selections...
D, [2018-03-31T10:20:04.231920 #7362] DEBUG -- : scoring weighed rated selections...
D, [2018-03-31T10:20:04.232059 #7362] DEBUG -- : Scoring new state: {:rating=>10, :state=>{:unknown=>1, :possibly_lighter=>0, :possibly_heavier=>0, :normal=>2}}
D, [2018-03-31T10:20:04.234681 #7362] DEBUG -- : calculating updated score for older state...
D, [2018-03-31T10:20:04.238200 #7362] DEBUG -- : generating weighed rated selections...
D, [2018-03-31T10:20:04.258003 #7362] DEBUG -- : scoring weighed rated selections...
D, [2018-03-31T10:20:04.258118 #7362] DEBUG -- : Saving scored selections...
D, [2018-03-31T10:20:04.261555 #7362] DEBUG -- : State Score successfully calculated


D, [2018-03-31T10:20:04.261639 #7362] DEBUG -- : Scoring new state: {:rating=>9, :state=>{:unknown=>0, :possibly_lighter=>1, :possibly_heavier=>1, :normal=>1}}
D, [2018-03-31T10:20:04.264146 #7362] DEBUG -- : calculating updated score for older state...
D, [2018-03-31T10:20:04.267650 #7362] DEBUG -- : generating weighed rated selections...
D, [2018-03-31T10:20:04.298437 #7362] DEBUG -- : scoring weighed rated selections...
D, [2018-03-31T10:20:04.298534 #7362] DEBUG -- : Saving scored selections...
D, [2018-03-31T10:20:04.303435 #7362] DEBUG -- : State Score successfully calculated


D, [2018-03-31T10:20:04.303525 #7362] DEBUG -- : Saving scored selections...
D, [2018-03-31T10:20:04.308500 #7362] DEBUG -- : -------> building selection...
D, [2018-03-31T10:20:04.309350 #7362] DEBUG -- : -------> building new state...
D, [2018-03-31T10:20:04.309697 #7362] DEBUG -- : -------> building new state...
D, [2018-03-31T10:20:04.310027 #7362] DEBUG -- : -------> building selection...
D, [2018-03-31T10:20:04.310410 #7362] DEBUG -- : -------> building new state...
D, [2018-03-31T10:20:04.310539 #7362] DEBUG -- : -------> building new state...
D, [2018-03-31T10:20:04.310714 #7362] DEBUG -- : -------> building selection...
D, [2018-03-31T10:20:04.311064 #7362] DEBUG -- : -------> building new state...
D, [2018-03-31T10:20:04.311172 #7362] DEBUG -- : -------> building new state...
D, [2018-03-31T10:20:04.311392 #7362] DEBUG -- : -------> building selection...
D, [2018-03-31T10:20:04.311687 #7362] DEBUG -- : -------> building new state...
D, [2018-03-31T10:20:04.311803 #7362] DEBUG -- : -------> building new state...
D, [2018-03-31T10:20:04.311972 #7362] DEBUG -- : -------> building selection...
D, [2018-03-31T10:20:04.312265 #7362] DEBUG -- : -------> building new state...
D, [2018-03-31T10:20:04.312366 #7362] DEBUG -- : -------> building new state...
D, [2018-03-31T10:20:04.383004 #7362] DEBUG -- : calculating updated score for older state...
D, [2018-03-31T10:20:04.386516 #7362] DEBUG -- : generating weighed rated selections...
D, [2018-03-31T10:20:04.399685 #7362] DEBUG -- : scoring weighed rated selections...
D, [2018-03-31T10:20:04.399792 #7362] DEBUG -- : Scoring new state: {:rating=>10, :state=>{:unknown=>1, :possibly_lighter=>0, :possibly_heavier=>0, :normal=>2}}
D, [2018-03-31T10:20:04.402606 #7362] DEBUG -- : calculating updated score for older state...
D, [2018-03-31T10:20:04.406023 #7362] DEBUG -- : generating weighed rated selections...
D, [2018-03-31T10:20:04.425552 #7362] DEBUG -- : scoring weighed rated selections...
D, [2018-03-31T10:20:04.425640 #7362] DEBUG -- : Saving scored selections...
D, [2018-03-31T10:20:04.428839 #7362] DEBUG -- : State Score successfully calculated


D, [2018-03-31T10:20:04.428922 #7362] DEBUG -- : Scoring new state: {:rating=>9, :state=>{:unknown=>0, :possibly_lighter=>1, :possibly_heavier=>1, :normal=>1}}
D, [2018-03-31T10:20:04.431455 #7362] DEBUG -- : calculating updated score for older state...
D, [2018-03-31T10:20:04.434865 #7362] DEBUG -- : generating weighed rated selections...
D, [2018-03-31T10:20:04.463812 #7362] DEBUG -- : scoring weighed rated selections...
D, [2018-03-31T10:20:04.463929 #7362] DEBUG -- : Saving scored selections...
D, [2018-03-31T10:20:04.469419 #7362] DEBUG -- : State Score successfully calculated


D, [2018-03-31T10:20:04.469496 #7362] DEBUG -- : Saving scored selections...
D, [2018-03-31T10:20:04.563979 #7362] DEBUG -- : calculating updated score for older state...
D, [2018-03-31T10:20:04.567490 #7362] DEBUG -- : generating weighed rated selections...
D, [2018-03-31T10:20:04.580253 #7362] DEBUG -- : scoring weighed rated selections...
D, [2018-03-31T10:20:04.580351 #7362] DEBUG -- : Scoring new state: {:rating=>10, :state=>{:unknown=>1, :possibly_lighter=>0, :possibly_heavier=>0, :normal=>2}}
D, [2018-03-31T10:20:04.583115 #7362] DEBUG -- : calculating updated score for older state...
D, [2018-03-31T10:20:04.586553 #7362] DEBUG -- : generating weighed rated selections...
D, [2018-03-31T10:20:04.606183 #7362] DEBUG -- : scoring weighed rated selections...
D, [2018-03-31T10:20:04.606274 #7362] DEBUG -- : Saving scored selections...
D, [2018-03-31T10:20:04.609640 #7362] DEBUG -- : State Score successfully calculated


D, [2018-03-31T10:20:04.609732 #7362] DEBUG -- : Scoring new state: {:rating=>9, :state=>{:unknown=>0, :possibly_lighter=>1, :possibly_heavier=>1, :normal=>1}}
D, [2018-03-31T10:20:04.612299 #7362] DEBUG -- : calculating updated score for older state...
D, [2018-03-31T10:20:04.615740 #7362] DEBUG -- : generating weighed rated selections...
D, [2018-03-31T10:20:04.645430 #7362] DEBUG -- : scoring weighed rated selections...
D, [2018-03-31T10:20:04.645539 #7362] DEBUG -- : Saving scored selections...
D, [2018-03-31T10:20:04.650458 #7362] DEBUG -- : State Score successfully calculated


D, [2018-03-31T10:20:04.650534 #7362] DEBUG -- : Saving scored selections...
D, [2018-03-31T10:20:04.655423 #7362] DEBUG -- : -------> building selection...
D, [2018-03-31T10:20:04.656222 #7362] DEBUG -- : -------> building new state...
D, [2018-03-31T10:20:04.656472 #7362] DEBUG -- : -------> building new state...
D, [2018-03-31T10:20:04.724676 #7362] DEBUG -- : calculating updated score for older state...
D, [2018-03-31T10:20:04.728125 #7362] DEBUG -- : generating weighed rated selections...
D, [2018-03-31T10:20:04.740870 #7362] DEBUG -- : scoring weighed rated selections...
D, [2018-03-31T10:20:04.740976 #7362] DEBUG -- : Scoring new state: {:rating=>10, :state=>{:unknown=>1, :possibly_lighter=>0, :possibly_heavier=>0, :normal=>2}}
D, [2018-03-31T10:20:04.743706 #7362] DEBUG -- : calculating updated score for older state...
D, [2018-03-31T10:20:04.747155 #7362] DEBUG -- : generating weighed rated selections...
D, [2018-03-31T10:20:04.766401 #7362] DEBUG -- : scoring weighed rated selections...
D, [2018-03-31T10:20:04.766492 #7362] DEBUG -- : Saving scored selections...
D, [2018-03-31T10:20:04.770953 #7362] DEBUG -- : State Score successfully calculated


D, [2018-03-31T10:20:04.771028 #7362] DEBUG -- : Scoring new state: {:rating=>9, :state=>{:unknown=>0, :possibly_lighter=>1, :possibly_heavier=>1, :normal=>1}}
D, [2018-03-31T10:20:04.773515 #7362] DEBUG -- : calculating updated score for older state...
D, [2018-03-31T10:20:04.776944 #7362] DEBUG -- : generating weighed rated selections...
D, [2018-03-31T10:20:04.807043 #7362] DEBUG -- : scoring weighed rated selections...
D, [2018-03-31T10:20:04.807160 #7362] DEBUG -- : Saving scored selections...
D, [2018-03-31T10:20:04.812115 #7362] DEBUG -- : State Score successfully calculated


D, [2018-03-31T10:20:04.812193 #7362] DEBUG -- : Saving scored selections...
D, [2018-03-31T10:20:04.816474 #7362] DEBUG -- : -------> building new state...
D, [2018-03-31T10:20:04.817257 #7362] DEBUG -- : -------> building new state...
D, [2018-03-31T10:20:34.818190 #7471] DEBUG -- : calculating updated score for older state...
D, [2018-03-31T10:20:34.821692 #7471] DEBUG -- : generating weighed rated selections...
D, [2018-03-31T10:20:34.834432 #7471] DEBUG -- : scoring weighed rated selections...
D, [2018-03-31T10:20:34.834561 #7471] DEBUG -- : Scoring new state: {:rating=>10, :state=>{:unknown=>1, :possibly_lighter=>0, :possibly_heavier=>0, :normal=>2}}
D, [2018-03-31T10:20:34.837325 #7471] DEBUG -- : calculating updated score for older state...
D, [2018-03-31T10:20:34.840887 #7471] DEBUG -- : generating weighed rated selections...
D, [2018-03-31T10:20:34.860548 #7471] DEBUG -- : scoring weighed rated selections...
D, [2018-03-31T10:20:34.860643 #7471] DEBUG -- : Saving scored selections...
D, [2018-03-31T10:20:34.864028 #7471] DEBUG -- : State Score successfully calculated


D, [2018-03-31T10:20:34.864120 #7471] DEBUG -- : Scoring new state: {:rating=>9, :state=>{:unknown=>0, :possibly_lighter=>1, :possibly_heavier=>1, :normal=>1}}
D, [2018-03-31T10:20:34.866594 #7471] DEBUG -- : calculating updated score for older state...
D, [2018-03-31T10:20:34.869928 #7471] DEBUG -- : generating weighed rated selections...
D, [2018-03-31T10:20:34.899351 #7471] DEBUG -- : scoring weighed rated selections...
D, [2018-03-31T10:20:34.899448 #7471] DEBUG -- : Saving scored selections...
D, [2018-03-31T10:20:34.904424 #7471] DEBUG -- : State Score successfully calculated


D, [2018-03-31T10:20:34.904507 #7471] DEBUG -- : Saving scored selections...
D, [2018-03-31T10:20:34.977313 #7471] DEBUG -- : calculating updated score for older state...
D, [2018-03-31T10:20:34.980776 #7471] DEBUG -- : generating weighed rated selections...
D, [2018-03-31T10:20:34.993578 #7471] DEBUG -- : scoring weighed rated selections...
D, [2018-03-31T10:20:34.993700 #7471] DEBUG -- : Scoring new state: {:rating=>10, :state=>{:unknown=>1, :possibly_lighter=>0, :possibly_heavier=>0, :normal=>2}}
D, [2018-03-31T10:20:34.996425 #7471] DEBUG -- : calculating updated score for older state...
D, [2018-03-31T10:20:34.999852 #7471] DEBUG -- : generating weighed rated selections...
D, [2018-03-31T10:20:35.019966 #7471] DEBUG -- : scoring weighed rated selections...
D, [2018-03-31T10:20:35.020080 #7471] DEBUG -- : Saving scored selections...
D, [2018-03-31T10:20:35.023508 #7471] DEBUG -- : State Score successfully calculated


D, [2018-03-31T10:20:35.023602 #7471] DEBUG -- : Scoring new state: {:rating=>9, :state=>{:unknown=>0, :possibly_lighter=>1, :possibly_heavier=>1, :normal=>1}}
D, [2018-03-31T10:20:35.026084 #7471] DEBUG -- : calculating updated score for older state...
D, [2018-03-31T10:20:35.030337 #7471] DEBUG -- : generating weighed rated selections...
D, [2018-03-31T10:20:35.059999 #7471] DEBUG -- : scoring weighed rated selections...
D, [2018-03-31T10:20:35.060095 #7471] DEBUG -- : Saving scored selections...
D, [2018-03-31T10:20:35.064895 #7471] DEBUG -- : State Score successfully calculated


D, [2018-03-31T10:20:35.064982 #7471] DEBUG -- : Saving scored selections...
D, [2018-03-31T10:20:35.069846 #7471] DEBUG -- : -------> building selection...
D, [2018-03-31T10:20:35.070657 #7471] DEBUG -- : -------> building new state...
D, [2018-03-31T10:20:35.071012 #7471] DEBUG -- : -------> building new state...
D, [2018-03-31T10:20:35.140394 #7471] DEBUG -- : calculating updated score for older state...
D, [2018-03-31T10:20:35.143848 #7471] DEBUG -- : generating weighed rated selections...
D, [2018-03-31T10:20:35.156557 #7471] DEBUG -- : scoring weighed rated selections...
D, [2018-03-31T10:20:35.156655 #7471] DEBUG -- : Scoring new state: {:rating=>10, :state=>{:unknown=>1, :possibly_lighter=>0, :possibly_heavier=>0, :normal=>2}}
D, [2018-03-31T10:20:35.159427 #7471] DEBUG -- : calculating updated score for older state...
D, [2018-03-31T10:20:35.162924 #7471] DEBUG -- : generating weighed rated selections...
D, [2018-03-31T10:20:35.182449 #7471] DEBUG -- : scoring weighed rated selections...
D, [2018-03-31T10:20:35.183545 #7471] DEBUG -- : Saving scored selections...
D, [2018-03-31T10:20:35.186906 #7471] DEBUG -- : State Score successfully calculated


D, [2018-03-31T10:20:35.186971 #7471] DEBUG -- : Scoring new state: {:rating=>9, :state=>{:unknown=>0, :possibly_lighter=>1, :possibly_heavier=>1, :normal=>1}}
D, [2018-03-31T10:20:35.189457 #7471] DEBUG -- : calculating updated score for older state...
D, [2018-03-31T10:20:35.192918 #7471] DEBUG -- : generating weighed rated selections...
D, [2018-03-31T10:20:35.222027 #7471] DEBUG -- : scoring weighed rated selections...
D, [2018-03-31T10:20:35.222118 #7471] DEBUG -- : Saving scored selections...
D, [2018-03-31T10:20:35.226890 #7471] DEBUG -- : State Score successfully calculated


D, [2018-03-31T10:20:35.226961 #7471] DEBUG -- : Saving scored selections...
D, [2018-03-31T10:20:35.231714 #7471] DEBUG -- : -------> building selection...
D, [2018-03-31T10:20:35.232556 #7471] DEBUG -- : -------> building new state...
D, [2018-03-31T10:20:35.232805 #7471] DEBUG -- : -------> building new state...
D, [2018-03-31T10:20:35.233127 #7471] DEBUG -- : -------> building selection...
D, [2018-03-31T10:20:35.233454 #7471] DEBUG -- : -------> building new state...
D, [2018-03-31T10:20:35.233641 #7471] DEBUG -- : -------> building new state...
D, [2018-03-31T10:20:35.233839 #7471] DEBUG -- : -------> building selection...
D, [2018-03-31T10:20:35.234177 #7471] DEBUG -- : -------> building new state...
D, [2018-03-31T10:20:35.234315 #7471] DEBUG -- : -------> building new state...
D, [2018-03-31T10:20:35.234560 #7471] DEBUG -- : -------> building selection...
D, [2018-03-31T10:20:35.234908 #7471] DEBUG -- : -------> building new state...
D, [2018-03-31T10:20:35.235015 #7471] DEBUG -- : -------> building new state...
D, [2018-03-31T10:20:35.235212 #7471] DEBUG -- : -------> building selection...
D, [2018-03-31T10:20:35.235511 #7471] DEBUG -- : -------> building new state...
D, [2018-03-31T10:20:35.235626 #7471] DEBUG -- : -------> building new state...
D, [2018-03-31T10:20:35.305094 #7471] DEBUG -- : calculating updated score for older state...
D, [2018-03-31T10:20:35.308574 #7471] DEBUG -- : generating weighed rated selections...
D, [2018-03-31T10:20:35.321470 #7471] DEBUG -- : scoring weighed rated selections...
D, [2018-03-31T10:20:35.321570 #7471] DEBUG -- : Scoring new state: {:rating=>10, :state=>{:unknown=>1, :possibly_lighter=>0, :possibly_heavier=>0, :normal=>2}}
D, [2018-03-31T10:20:35.324300 #7471] DEBUG -- : calculating updated score for older state...
D, [2018-03-31T10:20:35.327723 #7471] DEBUG -- : generating weighed rated selections...
D, [2018-03-31T10:20:35.347437 #7471] DEBUG -- : scoring weighed rated selections...
D, [2018-03-31T10:20:35.347528 #7471] DEBUG -- : Saving scored selections...
D, [2018-03-31T10:20:35.350886 #7471] DEBUG -- : State Score successfully calculated


D, [2018-03-31T10:20:35.350964 #7471] DEBUG -- : Scoring new state: {:rating=>9, :state=>{:unknown=>0, :possibly_lighter=>1, :possibly_heavier=>1, :normal=>1}}
D, [2018-03-31T10:20:35.353486 #7471] DEBUG -- : calculating updated score for older state...
D, [2018-03-31T10:20:35.356886 #7471] DEBUG -- : generating weighed rated selections...
D, [2018-03-31T10:20:35.386569 #7471] DEBUG -- : scoring weighed rated selections...
D, [2018-03-31T10:20:35.386700 #7471] DEBUG -- : Saving scored selections...
D, [2018-03-31T10:20:35.391964 #7471] DEBUG -- : State Score successfully calculated


D, [2018-03-31T10:20:35.392056 #7471] DEBUG -- : Saving scored selections...
D, [2018-03-31T10:20:35.396422 #7471] DEBUG -- : -------> building new state...
D, [2018-03-31T10:20:35.397163 #7471] DEBUG -- : -------> building new state...
D, [2018-03-31T10:21:08.370860 #7576] DEBUG -- : calculating updated score for older state...
D, [2018-03-31T10:21:08.374379 #7576] DEBUG -- : generating weighed rated selections...
D, [2018-03-31T10:21:08.387374 #7576] DEBUG -- : scoring weighed rated selections...
D, [2018-03-31T10:21:08.387500 #7576] DEBUG -- : Scoring new state: {:rating=>10, :state=>{:unknown=>1, :possibly_lighter=>0, :possibly_heavier=>0, :normal=>2}}
D, [2018-03-31T10:21:08.390193 #7576] DEBUG -- : calculating updated score for older state...
D, [2018-03-31T10:21:08.393562 #7576] DEBUG -- : generating weighed rated selections...
D, [2018-03-31T10:21:08.412978 #7576] DEBUG -- : scoring weighed rated selections...
D, [2018-03-31T10:21:08.413082 #7576] DEBUG -- : Saving scored selections...
D, [2018-03-31T10:21:08.416403 #7576] DEBUG -- : State Score successfully calculated


D, [2018-03-31T10:21:08.416497 #7576] DEBUG -- : Scoring new state: {:rating=>9, :state=>{:unknown=>0, :possibly_lighter=>1, :possibly_heavier=>1, :normal=>1}}
D, [2018-03-31T10:21:08.418982 #7576] DEBUG -- : calculating updated score for older state...
D, [2018-03-31T10:21:08.422409 #7576] DEBUG -- : generating weighed rated selections...
D, [2018-03-31T10:21:08.451955 #7576] DEBUG -- : scoring weighed rated selections...
D, [2018-03-31T10:21:08.452058 #7576] DEBUG -- : Saving scored selections...
D, [2018-03-31T10:21:08.456931 #7576] DEBUG -- : State Score successfully calculated


D, [2018-03-31T10:21:08.457019 #7576] DEBUG -- : Saving scored selections...
D, [2018-03-31T10:21:08.461958 #7576] DEBUG -- : -------> building selection...
D, [2018-03-31T10:21:08.463009 #7576] DEBUG -- : -------> building new state...
D, [2018-03-31T10:21:08.463367 #7576] DEBUG -- : -------> building new state...
D, [2018-03-31T10:21:08.463804 #7576] DEBUG -- : -------> building selection...
D, [2018-03-31T10:21:08.464173 #7576] DEBUG -- : -------> building new state...
D, [2018-03-31T10:21:08.464335 #7576] DEBUG -- : -------> building new state...
D, [2018-03-31T10:21:08.464512 #7576] DEBUG -- : -------> building selection...
D, [2018-03-31T10:21:08.464944 #7576] DEBUG -- : -------> building new state...
D, [2018-03-31T10:21:08.465096 #7576] DEBUG -- : -------> building new state...
D, [2018-03-31T10:21:08.465278 #7576] DEBUG -- : -------> building selection...
D, [2018-03-31T10:21:08.465603 #7576] DEBUG -- : -------> building new state...
D, [2018-03-31T10:21:08.465705 #7576] DEBUG -- : -------> building new state...
D, [2018-03-31T10:21:08.465886 #7576] DEBUG -- : -------> building selection...
D, [2018-03-31T10:21:08.466293 #7576] DEBUG -- : -------> building new state...
D, [2018-03-31T10:21:08.466438 #7576] DEBUG -- : -------> building new state...
D, [2018-03-31T10:21:08.536435 #7576] DEBUG -- : calculating updated score for older state...
D, [2018-03-31T10:21:08.539948 #7576] DEBUG -- : generating weighed rated selections...
D, [2018-03-31T10:21:08.552696 #7576] DEBUG -- : scoring weighed rated selections...
D, [2018-03-31T10:21:08.552801 #7576] DEBUG -- : Scoring new state: {:rating=>10, :state=>{:unknown=>1, :possibly_lighter=>0, :possibly_heavier=>0, :normal=>2}}
D, [2018-03-31T10:21:08.555541 #7576] DEBUG -- : calculating updated score for older state...
D, [2018-03-31T10:21:08.558921 #7576] DEBUG -- : generating weighed rated selections...
D, [2018-03-31T10:21:08.578148 #7576] DEBUG -- : scoring weighed rated selections...
D, [2018-03-31T10:21:08.578242 #7576] DEBUG -- : Saving scored selections...
D, [2018-03-31T10:21:08.581349 #7576] DEBUG -- : State Score successfully calculated


D, [2018-03-31T10:21:08.581439 #7576] DEBUG -- : Scoring new state: {:rating=>9, :state=>{:unknown=>0, :possibly_lighter=>1, :possibly_heavier=>1, :normal=>1}}
D, [2018-03-31T10:21:08.583931 #7576] DEBUG -- : calculating updated score for older state...
D, [2018-03-31T10:21:08.587357 #7576] DEBUG -- : generating weighed rated selections...
D, [2018-03-31T10:21:08.616745 #7576] DEBUG -- : scoring weighed rated selections...
D, [2018-03-31T10:21:08.616839 #7576] DEBUG -- : Saving scored selections...
D, [2018-03-31T10:21:08.621491 #7576] DEBUG -- : State Score successfully calculated


D, [2018-03-31T10:21:08.621600 #7576] DEBUG -- : Saving scored selections...
D, [2018-03-31T10:21:08.625826 #7576] DEBUG -- : -------> building new state...
D, [2018-03-31T10:21:08.626580 #7576] DEBUG -- : -------> building new state...
D, [2018-03-31T10:21:08.694992 #7576] DEBUG -- : calculating updated score for older state...
D, [2018-03-31T10:21:08.698457 #7576] DEBUG -- : generating weighed rated selections...
D, [2018-03-31T10:21:08.711158 #7576] DEBUG -- : scoring weighed rated selections...
D, [2018-03-31T10:21:08.711265 #7576] DEBUG -- : Scoring new state: {:rating=>10, :state=>{:unknown=>1, :possibly_lighter=>0, :possibly_heavier=>0, :normal=>2}}
D, [2018-03-31T10:21:08.713986 #7576] DEBUG -- : calculating updated score for older state...
D, [2018-03-31T10:21:08.717421 #7576] DEBUG -- : generating weighed rated selections...
D, [2018-03-31T10:21:08.736931 #7576] DEBUG -- : scoring weighed rated selections...
D, [2018-03-31T10:21:08.737021 #7576] DEBUG -- : Saving scored selections...
D, [2018-03-31T10:21:08.740174 #7576] DEBUG -- : State Score successfully calculated


D, [2018-03-31T10:21:08.740259 #7576] DEBUG -- : Scoring new state: {:rating=>9, :state=>{:unknown=>0, :possibly_lighter=>1, :possibly_heavier=>1, :normal=>1}}
D, [2018-03-31T10:21:08.742747 #7576] DEBUG -- : calculating updated score for older state...
D, [2018-03-31T10:21:08.746220 #7576] DEBUG -- : generating weighed rated selections...
D, [2018-03-31T10:21:08.777154 #7576] DEBUG -- : scoring weighed rated selections...
D, [2018-03-31T10:21:08.777246 #7576] DEBUG -- : Saving scored selections...
D, [2018-03-31T10:21:08.781939 #7576] DEBUG -- : State Score successfully calculated


D, [2018-03-31T10:21:08.782019 #7576] DEBUG -- : Saving scored selections...
D, [2018-03-31T10:21:08.786890 #7576] DEBUG -- : -------> building selection...
D, [2018-03-31T10:21:08.787782 #7576] DEBUG -- : -------> building new state...
D, [2018-03-31T10:21:08.788035 #7576] DEBUG -- : -------> building new state...
D, [2018-03-31T10:21:08.788247 #7576] DEBUG -- : -------> building selection...
D, [2018-03-31T10:21:08.788558 #7576] DEBUG -- : -------> building new state...
D, [2018-03-31T10:21:08.788683 #7576] DEBUG -- : -------> building new state...
D, [2018-03-31T10:21:08.788869 #7576] DEBUG -- : -------> building selection...
D, [2018-03-31T10:21:08.789164 #7576] DEBUG -- : -------> building new state...
D, [2018-03-31T10:21:08.789266 #7576] DEBUG -- : -------> building new state...
D, [2018-03-31T10:21:08.789473 #7576] DEBUG -- : -------> building selection...
D, [2018-03-31T10:21:08.789773 #7576] DEBUG -- : -------> building new state...
D, [2018-03-31T10:21:08.789876 #7576] DEBUG -- : -------> building new state...
D, [2018-03-31T10:21:08.860324 #7576] DEBUG -- : calculating updated score for older state...
D, [2018-03-31T10:21:08.863827 #7576] DEBUG -- : generating weighed rated selections...
D, [2018-03-31T10:21:08.876645 #7576] DEBUG -- : scoring weighed rated selections...
D, [2018-03-31T10:21:08.876741 #7576] DEBUG -- : Scoring new state: {:rating=>10, :state=>{:unknown=>1, :possibly_lighter=>0, :possibly_heavier=>0, :normal=>2}}
D, [2018-03-31T10:21:08.879478 #7576] DEBUG -- : calculating updated score for older state...
D, [2018-03-31T10:21:08.882909 #7576] DEBUG -- : generating weighed rated selections...
D, [2018-03-31T10:21:08.902549 #7576] DEBUG -- : scoring weighed rated selections...
D, [2018-03-31T10:21:08.902639 #7576] DEBUG -- : Saving scored selections...
D, [2018-03-31T10:21:08.905850 #7576] DEBUG -- : State Score successfully calculated


D, [2018-03-31T10:21:08.905936 #7576] DEBUG -- : Scoring new state: {:rating=>9, :state=>{:unknown=>0, :possibly_lighter=>1, :possibly_heavier=>1, :normal=>1}}
D, [2018-03-31T10:21:08.908540 #7576] DEBUG -- : calculating updated score for older state...
D, [2018-03-31T10:21:08.911972 #7576] DEBUG -- : generating weighed rated selections...
D, [2018-03-31T10:21:08.942136 #7576] DEBUG -- : scoring weighed rated selections...
D, [2018-03-31T10:21:08.942228 #7576] DEBUG -- : Saving scored selections...
D, [2018-03-31T10:21:08.947435 #7576] DEBUG -- : State Score successfully calculated


D, [2018-03-31T10:21:08.947513 #7576] DEBUG -- : Saving scored selections...
D, [2018-03-31T10:21:17.235440 #7680] DEBUG -- : calculating updated score for older state...
D, [2018-03-31T10:21:17.238895 #7680] DEBUG -- : generating weighed rated selections...
D, [2018-03-31T10:21:17.251757 #7680] DEBUG -- : scoring weighed rated selections...
D, [2018-03-31T10:21:17.251856 #7680] DEBUG -- : Scoring new state: {:rating=>10, :state=>{:unknown=>1, :possibly_lighter=>0, :possibly_heavier=>0, :normal=>2}}
D, [2018-03-31T10:21:17.254494 #7680] DEBUG -- : calculating updated score for older state...
D, [2018-03-31T10:21:17.257922 #7680] DEBUG -- : generating weighed rated selections...
D, [2018-03-31T10:21:17.277688 #7680] DEBUG -- : scoring weighed rated selections...
D, [2018-03-31T10:21:17.277781 #7680] DEBUG -- : Saving scored selections...
D, [2018-03-31T10:21:17.282773 #7680] DEBUG -- : State Score successfully calculated


D, [2018-03-31T10:21:17.282861 #7680] DEBUG -- : Scoring new state: {:rating=>9, :state=>{:unknown=>0, :possibly_lighter=>1, :possibly_heavier=>1, :normal=>1}}
D, [2018-03-31T10:21:17.285380 #7680] DEBUG -- : calculating updated score for older state...
D, [2018-03-31T10:21:17.288735 #7680] DEBUG -- : generating weighed rated selections...
D, [2018-03-31T10:21:17.318175 #7680] DEBUG -- : scoring weighed rated selections...
D, [2018-03-31T10:21:17.318269 #7680] DEBUG -- : Saving scored selections...
D, [2018-03-31T10:21:17.323125 #7680] DEBUG -- : State Score successfully calculated


D, [2018-03-31T10:21:17.323214 #7680] DEBUG -- : Saving scored selections...
D, [2018-03-31T10:21:17.397139 #7680] DEBUG -- : calculating updated score for older state...
D, [2018-03-31T10:21:17.400584 #7680] DEBUG -- : generating weighed rated selections...
D, [2018-03-31T10:21:17.413368 #7680] DEBUG -- : scoring weighed rated selections...
D, [2018-03-31T10:21:17.413468 #7680] DEBUG -- : Scoring new state: {:rating=>10, :state=>{:unknown=>1, :possibly_lighter=>0, :possibly_heavier=>0, :normal=>2}}
D, [2018-03-31T10:21:17.416191 #7680] DEBUG -- : calculating updated score for older state...
D, [2018-03-31T10:21:17.419624 #7680] DEBUG -- : generating weighed rated selections...
D, [2018-03-31T10:21:17.439199 #7680] DEBUG -- : scoring weighed rated selections...
D, [2018-03-31T10:21:17.439296 #7680] DEBUG -- : Saving scored selections...
D, [2018-03-31T10:21:17.442668 #7680] DEBUG -- : State Score successfully calculated


D, [2018-03-31T10:21:17.442757 #7680] DEBUG -- : Scoring new state: {:rating=>9, :state=>{:unknown=>0, :possibly_lighter=>1, :possibly_heavier=>1, :normal=>1}}
D, [2018-03-31T10:21:17.445330 #7680] DEBUG -- : calculating updated score for older state...
D, [2018-03-31T10:21:17.448738 #7680] DEBUG -- : generating weighed rated selections...
D, [2018-03-31T10:21:17.478432 #7680] DEBUG -- : scoring weighed rated selections...
D, [2018-03-31T10:21:17.478544 #7680] DEBUG -- : Saving scored selections...
D, [2018-03-31T10:21:17.483394 #7680] DEBUG -- : State Score successfully calculated


D, [2018-03-31T10:21:17.483480 #7680] DEBUG -- : Saving scored selections...
D, [2018-03-31T10:21:17.488254 #7680] DEBUG -- : -------> building selection...
D, [2018-03-31T10:21:17.489095 #7680] DEBUG -- : -------> building new state...
D, [2018-03-31T10:21:17.489458 #7680] DEBUG -- : -------> building new state...
D, [2018-03-31T10:21:17.489814 #7680] DEBUG -- : -------> building selection...
D, [2018-03-31T10:21:17.490173 #7680] DEBUG -- : -------> building new state...
D, [2018-03-31T10:21:17.490318 #7680] DEBUG -- : -------> building new state...
D, [2018-03-31T10:21:17.490499 #7680] DEBUG -- : -------> building selection...
D, [2018-03-31T10:21:17.490862 #7680] DEBUG -- : -------> building new state...
D, [2018-03-31T10:21:17.490974 #7680] DEBUG -- : -------> building new state...
D, [2018-03-31T10:21:17.491151 #7680] DEBUG -- : -------> building selection...
D, [2018-03-31T10:21:17.491500 #7680] DEBUG -- : -------> building new state...
D, [2018-03-31T10:21:17.491616 #7680] DEBUG -- : -------> building new state...
D, [2018-03-31T10:21:17.491794 #7680] DEBUG -- : -------> building selection...
D, [2018-03-31T10:21:17.492103 #7680] DEBUG -- : -------> building new state...
D, [2018-03-31T10:21:17.492214 #7680] DEBUG -- : -------> building new state...
D, [2018-03-31T10:21:17.561517 #7680] DEBUG -- : calculating updated score for older state...
D, [2018-03-31T10:21:17.564972 #7680] DEBUG -- : generating weighed rated selections...
D, [2018-03-31T10:21:17.577809 #7680] DEBUG -- : scoring weighed rated selections...
D, [2018-03-31T10:21:17.577913 #7680] DEBUG -- : Scoring new state: {:rating=>10, :state=>{:unknown=>1, :possibly_lighter=>0, :possibly_heavier=>0, :normal=>2}}
D, [2018-03-31T10:21:17.580653 #7680] DEBUG -- : calculating updated score for older state...
D, [2018-03-31T10:21:17.584059 #7680] DEBUG -- : generating weighed rated selections...
D, [2018-03-31T10:21:17.604435 #7680] DEBUG -- : scoring weighed rated selections...
D, [2018-03-31T10:21:17.604522 #7680] DEBUG -- : Saving scored selections...
D, [2018-03-31T10:21:17.607874 #7680] DEBUG -- : State Score successfully calculated


D, [2018-03-31T10:21:17.608018 #7680] DEBUG -- : Scoring new state: {:rating=>9, :state=>{:unknown=>0, :possibly_lighter=>1, :possibly_heavier=>1, :normal=>1}}
D, [2018-03-31T10:21:17.610496 #7680] DEBUG -- : calculating updated score for older state...
D, [2018-03-31T10:21:17.613974 #7680] DEBUG -- : generating weighed rated selections...
D, [2018-03-31T10:21:17.649745 #7680] DEBUG -- : scoring weighed rated selections...
D, [2018-03-31T10:21:17.649841 #7680] DEBUG -- : Saving scored selections...
D, [2018-03-31T10:21:17.654508 #7680] DEBUG -- : State Score successfully calculated


D, [2018-03-31T10:21:17.654587 #7680] DEBUG -- : Saving scored selections...
D, [2018-03-31T10:21:17.659396 #7680] DEBUG -- : -------> building selection...
D, [2018-03-31T10:21:17.660197 #7680] DEBUG -- : -------> building new state...
D, [2018-03-31T10:21:17.660572 #7680] DEBUG -- : -------> building new state...
D, [2018-03-31T10:21:17.730153 #7680] DEBUG -- : calculating updated score for older state...
D, [2018-03-31T10:21:17.733640 #7680] DEBUG -- : generating weighed rated selections...
D, [2018-03-31T10:21:17.746256 #7680] DEBUG -- : scoring weighed rated selections...
D, [2018-03-31T10:21:17.746355 #7680] DEBUG -- : Scoring new state: {:rating=>10, :state=>{:unknown=>1, :possibly_lighter=>0, :possibly_heavier=>0, :normal=>2}}
D, [2018-03-31T10:21:17.749093 #7680] DEBUG -- : calculating updated score for older state...
D, [2018-03-31T10:21:17.752551 #7680] DEBUG -- : generating weighed rated selections...
D, [2018-03-31T10:21:17.772408 #7680] DEBUG -- : scoring weighed rated selections...
D, [2018-03-31T10:21:17.772498 #7680] DEBUG -- : Saving scored selections...
D, [2018-03-31T10:21:17.775784 #7680] DEBUG -- : State Score successfully calculated


D, [2018-03-31T10:21:17.775901 #7680] DEBUG -- : Scoring new state: {:rating=>9, :state=>{:unknown=>0, :possibly_lighter=>1, :possibly_heavier=>1, :normal=>1}}
D, [2018-03-31T10:21:17.778408 #7680] DEBUG -- : calculating updated score for older state...
D, [2018-03-31T10:21:17.781772 #7680] DEBUG -- : generating weighed rated selections...
D, [2018-03-31T10:21:17.811935 #7680] DEBUG -- : scoring weighed rated selections...
D, [2018-03-31T10:21:17.812028 #7680] DEBUG -- : Saving scored selections...
D, [2018-03-31T10:21:17.816730 #7680] DEBUG -- : State Score successfully calculated


D, [2018-03-31T10:21:17.816808 #7680] DEBUG -- : Saving scored selections...
D, [2018-03-31T10:21:17.821019 #7680] DEBUG -- : -------> building new state...
D, [2018-03-31T10:21:17.821776 #7680] DEBUG -- : -------> building new state...
D, [2018-03-31T10:21:51.579054 #7790] DEBUG -- : calculating updated score for older state...
D, [2018-03-31T10:21:51.582489 #7790] DEBUG -- : generating weighed rated selections...
D, [2018-03-31T10:21:51.595390 #7790] DEBUG -- : scoring weighed rated selections...
D, [2018-03-31T10:21:51.595495 #7790] DEBUG -- : Scoring new state: {:rating=>10, :state=>{:unknown=>1, :possibly_lighter=>0, :possibly_heavier=>0, :normal=>2}}
D, [2018-03-31T10:21:51.598199 #7790] DEBUG -- : calculating updated score for older state...
D, [2018-03-31T10:21:51.601587 #7790] DEBUG -- : generating weighed rated selections...
D, [2018-03-31T10:21:51.621087 #7790] DEBUG -- : scoring weighed rated selections...
D, [2018-03-31T10:21:51.621178 #7790] DEBUG -- : Saving scored selections...
D, [2018-03-31T10:21:51.624464 #7790] DEBUG -- : State Score successfully calculated


D, [2018-03-31T10:21:51.624555 #7790] DEBUG -- : Scoring new state: {:rating=>9, :state=>{:unknown=>0, :possibly_lighter=>1, :possibly_heavier=>1, :normal=>1}}
D, [2018-03-31T10:21:51.627028 #7790] DEBUG -- : calculating updated score for older state...
D, [2018-03-31T10:21:51.630447 #7790] DEBUG -- : generating weighed rated selections...
D, [2018-03-31T10:21:51.659930 #7790] DEBUG -- : scoring weighed rated selections...
D, [2018-03-31T10:21:51.660026 #7790] DEBUG -- : Saving scored selections...
D, [2018-03-31T10:21:51.664885 #7790] DEBUG -- : State Score successfully calculated


D, [2018-03-31T10:21:51.664967 #7790] DEBUG -- : Saving scored selections...
D, [2018-03-31T10:21:51.669303 #7790] DEBUG -- : -------> building new state...
D, [2018-03-31T10:21:51.670070 #7790] DEBUG -- : -------> building new state...
D, [2018-03-31T10:21:51.738029 #7790] DEBUG -- : calculating updated score for older state...
D, [2018-03-31T10:21:51.741469 #7790] DEBUG -- : generating weighed rated selections...
D, [2018-03-31T10:21:51.754205 #7790] DEBUG -- : scoring weighed rated selections...
D, [2018-03-31T10:21:51.754307 #7790] DEBUG -- : Scoring new state: {:rating=>10, :state=>{:unknown=>1, :possibly_lighter=>0, :possibly_heavier=>0, :normal=>2}}
D, [2018-03-31T10:21:51.756936 #7790] DEBUG -- : calculating updated score for older state...
D, [2018-03-31T10:21:51.760619 #7790] DEBUG -- : generating weighed rated selections...
D, [2018-03-31T10:21:51.779873 #7790] DEBUG -- : scoring weighed rated selections...
D, [2018-03-31T10:21:51.779964 #7790] DEBUG -- : Saving scored selections...
D, [2018-03-31T10:21:51.783188 #7790] DEBUG -- : State Score successfully calculated


D, [2018-03-31T10:21:51.783269 #7790] DEBUG -- : Scoring new state: {:rating=>9, :state=>{:unknown=>0, :possibly_lighter=>1, :possibly_heavier=>1, :normal=>1}}
D, [2018-03-31T10:21:51.785693 #7790] DEBUG -- : calculating updated score for older state...
D, [2018-03-31T10:21:51.789112 #7790] DEBUG -- : generating weighed rated selections...
D, [2018-03-31T10:21:51.818499 #7790] DEBUG -- : scoring weighed rated selections...
D, [2018-03-31T10:21:51.818604 #7790] DEBUG -- : Saving scored selections...
D, [2018-03-31T10:21:51.823503 #7790] DEBUG -- : State Score successfully calculated


D, [2018-03-31T10:21:51.823586 #7790] DEBUG -- : Saving scored selections...
D, [2018-03-31T10:21:51.895316 #7790] DEBUG -- : calculating updated score for older state...
D, [2018-03-31T10:21:51.898882 #7790] DEBUG -- : generating weighed rated selections...
D, [2018-03-31T10:21:51.911712 #7790] DEBUG -- : scoring weighed rated selections...
D, [2018-03-31T10:21:51.911832 #7790] DEBUG -- : Scoring new state: {:rating=>10, :state=>{:unknown=>1, :possibly_lighter=>0, :possibly_heavier=>0, :normal=>2}}
D, [2018-03-31T10:21:51.914542 #7790] DEBUG -- : calculating updated score for older state...
D, [2018-03-31T10:21:51.917920 #7790] DEBUG -- : generating weighed rated selections...
D, [2018-03-31T10:21:51.937442 #7790] DEBUG -- : scoring weighed rated selections...
D, [2018-03-31T10:21:51.937547 #7790] DEBUG -- : Saving scored selections...
D, [2018-03-31T10:21:51.941722 #7790] DEBUG -- : State Score successfully calculated


D, [2018-03-31T10:21:51.941806 #7790] DEBUG -- : Scoring new state: {:rating=>9, :state=>{:unknown=>0, :possibly_lighter=>1, :possibly_heavier=>1, :normal=>1}}
D, [2018-03-31T10:21:51.944376 #7790] DEBUG -- : calculating updated score for older state...
D, [2018-03-31T10:21:51.947955 #7790] DEBUG -- : generating weighed rated selections...
D, [2018-03-31T10:21:51.982757 #7790] DEBUG -- : scoring weighed rated selections...
D, [2018-03-31T10:21:51.982900 #7790] DEBUG -- : Saving scored selections...
D, [2018-03-31T10:21:51.987861 #7790] DEBUG -- : State Score successfully calculated


D, [2018-03-31T10:21:51.987940 #7790] DEBUG -- : Saving scored selections...
D, [2018-03-31T10:21:51.992909 #7790] DEBUG -- : -------> building selection...
D, [2018-03-31T10:21:51.993793 #7790] DEBUG -- : -------> building new state...
D, [2018-03-31T10:21:51.994149 #7790] DEBUG -- : -------> building new state...
D, [2018-03-31T10:21:51.994490 #7790] DEBUG -- : -------> building selection...
D, [2018-03-31T10:21:51.994834 #7790] DEBUG -- : -------> building new state...
D, [2018-03-31T10:21:51.994947 #7790] DEBUG -- : -------> building new state...
D, [2018-03-31T10:21:51.995135 #7790] DEBUG -- : -------> building selection...
D, [2018-03-31T10:21:51.995437 #7790] DEBUG -- : -------> building new state...
D, [2018-03-31T10:21:51.995557 #7790] DEBUG -- : -------> building new state...
D, [2018-03-31T10:21:51.995726 #7790] DEBUG -- : -------> building selection...
D, [2018-03-31T10:21:51.996022 #7790] DEBUG -- : -------> building new state...
D, [2018-03-31T10:21:51.996133 #7790] DEBUG -- : -------> building new state...
D, [2018-03-31T10:21:51.996309 #7790] DEBUG -- : -------> building selection...
D, [2018-03-31T10:21:51.996610 #7790] DEBUG -- : -------> building new state...
D, [2018-03-31T10:21:51.996724 #7790] DEBUG -- : -------> building new state...
D, [2018-03-31T10:21:52.065428 #7790] DEBUG -- : calculating updated score for older state...
D, [2018-03-31T10:21:52.068936 #7790] DEBUG -- : generating weighed rated selections...
D, [2018-03-31T10:21:52.081790 #7790] DEBUG -- : scoring weighed rated selections...
D, [2018-03-31T10:21:52.082719 #7790] DEBUG -- : Scoring new state: {:rating=>10, :state=>{:unknown=>1, :possibly_lighter=>0, :possibly_heavier=>0, :normal=>2}}
D, [2018-03-31T10:21:52.085489 #7790] DEBUG -- : calculating updated score for older state...
D, [2018-03-31T10:21:52.088925 #7790] DEBUG -- : generating weighed rated selections...
D, [2018-03-31T10:21:52.108041 #7790] DEBUG -- : scoring weighed rated selections...
D, [2018-03-31T10:21:52.108131 #7790] DEBUG -- : Saving scored selections...
D, [2018-03-31T10:21:52.111302 #7790] DEBUG -- : State Score successfully calculated


D, [2018-03-31T10:21:52.111384 #7790] DEBUG -- : Scoring new state: {:rating=>9, :state=>{:unknown=>0, :possibly_lighter=>1, :possibly_heavier=>1, :normal=>1}}
D, [2018-03-31T10:21:52.113911 #7790] DEBUG -- : calculating updated score for older state...
D, [2018-03-31T10:21:52.117314 #7790] DEBUG -- : generating weighed rated selections...
D, [2018-03-31T10:21:52.146842 #7790] DEBUG -- : scoring weighed rated selections...
D, [2018-03-31T10:21:52.146939 #7790] DEBUG -- : Saving scored selections...
D, [2018-03-31T10:21:52.151766 #7790] DEBUG -- : State Score successfully calculated


D, [2018-03-31T10:21:52.151873 #7790] DEBUG -- : Saving scored selections...
D, [2018-03-31T10:21:52.156721 #7790] DEBUG -- : -------> building selection...
D, [2018-03-31T10:21:52.157702 #7790] DEBUG -- : -------> building new state...
D, [2018-03-31T10:21:52.157953 #7790] DEBUG -- : -------> building new state...
D, [2018-03-31T10:22:01.178645 #7892] DEBUG -- : calculating updated score for older state...
D, [2018-03-31T10:22:01.182157 #7892] DEBUG -- : generating weighed rated selections...
D, [2018-03-31T10:22:01.195035 #7892] DEBUG -- : scoring weighed rated selections...
D, [2018-03-31T10:22:01.195161 #7892] DEBUG -- : Scoring new state: {:rating=>10, :state=>{:unknown=>1, :possibly_lighter=>0, :possibly_heavier=>0, :normal=>2}}
D, [2018-03-31T10:22:01.197922 #7892] DEBUG -- : calculating updated score for older state...
D, [2018-03-31T10:22:01.201301 #7892] DEBUG -- : generating weighed rated selections...
D, [2018-03-31T10:22:01.221065 #7892] DEBUG -- : scoring weighed rated selections...
D, [2018-03-31T10:22:01.221161 #7892] DEBUG -- : Saving scored selections...
D, [2018-03-31T10:22:01.224403 #7892] DEBUG -- : State Score successfully calculated


D, [2018-03-31T10:22:01.224488 #7892] DEBUG -- : Scoring new state: {:rating=>9, :state=>{:unknown=>0, :possibly_lighter=>1, :possibly_heavier=>1, :normal=>1}}
D, [2018-03-31T10:22:01.226970 #7892] DEBUG -- : calculating updated score for older state...
D, [2018-03-31T10:22:01.230358 #7892] DEBUG -- : generating weighed rated selections...
D, [2018-03-31T10:22:01.259821 #7892] DEBUG -- : scoring weighed rated selections...
D, [2018-03-31T10:22:01.259914 #7892] DEBUG -- : Saving scored selections...
D, [2018-03-31T10:22:01.264590 #7892] DEBUG -- : State Score successfully calculated


D, [2018-03-31T10:22:01.264677 #7892] DEBUG -- : Saving scored selections...
D, [2018-03-31T10:22:01.269588 #7892] DEBUG -- : -------> building selection...
D, [2018-03-31T10:22:01.270448 #7892] DEBUG -- : -------> building new state...
D, [2018-03-31T10:22:01.270719 #7892] DEBUG -- : -------> building new state...
D, [2018-03-31T10:22:01.271055 #7892] DEBUG -- : -------> building selection...
D, [2018-03-31T10:22:01.271377 #7892] DEBUG -- : -------> building new state...
D, [2018-03-31T10:22:01.271487 #7892] DEBUG -- : -------> building new state...
D, [2018-03-31T10:22:01.271656 #7892] DEBUG -- : -------> building selection...
D, [2018-03-31T10:22:01.271968 #7892] DEBUG -- : -------> building new state...
D, [2018-03-31T10:22:01.272077 #7892] DEBUG -- : -------> building new state...
D, [2018-03-31T10:22:01.272249 #7892] DEBUG -- : -------> building selection...
D, [2018-03-31T10:22:01.272559 #7892] DEBUG -- : -------> building new state...
D, [2018-03-31T10:22:01.272661 #7892] DEBUG -- : -------> building new state...
D, [2018-03-31T10:22:01.341867 #7892] DEBUG -- : calculating updated score for older state...
D, [2018-03-31T10:22:01.345352 #7892] DEBUG -- : generating weighed rated selections...
D, [2018-03-31T10:22:01.358666 #7892] DEBUG -- : scoring weighed rated selections...
D, [2018-03-31T10:22:01.358768 #7892] DEBUG -- : Scoring new state: {:rating=>10, :state=>{:unknown=>1, :possibly_lighter=>0, :possibly_heavier=>0, :normal=>2}}
D, [2018-03-31T10:22:01.361502 #7892] DEBUG -- : calculating updated score for older state...
D, [2018-03-31T10:22:01.364936 #7892] DEBUG -- : generating weighed rated selections...
D, [2018-03-31T10:22:01.384543 #7892] DEBUG -- : scoring weighed rated selections...
D, [2018-03-31T10:22:01.384640 #7892] DEBUG -- : Saving scored selections...
D, [2018-03-31T10:22:01.387892 #7892] DEBUG -- : State Score successfully calculated


D, [2018-03-31T10:22:01.388001 #7892] DEBUG -- : Scoring new state: {:rating=>9, :state=>{:unknown=>0, :possibly_lighter=>1, :possibly_heavier=>1, :normal=>1}}
D, [2018-03-31T10:22:01.390469 #7892] DEBUG -- : calculating updated score for older state...
D, [2018-03-31T10:22:01.393868 #7892] DEBUG -- : generating weighed rated selections...
D, [2018-03-31T10:22:01.423946 #7892] DEBUG -- : scoring weighed rated selections...
D, [2018-03-31T10:22:01.424063 #7892] DEBUG -- : Saving scored selections...
D, [2018-03-31T10:22:01.428865 #7892] DEBUG -- : State Score successfully calculated


D, [2018-03-31T10:22:01.428956 #7892] DEBUG -- : Saving scored selections...
D, [2018-03-31T10:22:01.433112 #7892] DEBUG -- : -------> building new state...
D, [2018-03-31T10:22:01.433877 #7892] DEBUG -- : -------> building new state...
D, [2018-03-31T10:22:01.503919 #7892] DEBUG -- : calculating updated score for older state...
D, [2018-03-31T10:22:01.507522 #7892] DEBUG -- : generating weighed rated selections...
D, [2018-03-31T10:22:01.520360 #7892] DEBUG -- : scoring weighed rated selections...
D, [2018-03-31T10:22:01.520482 #7892] DEBUG -- : Scoring new state: {:rating=>10, :state=>{:unknown=>1, :possibly_lighter=>0, :possibly_heavier=>0, :normal=>2}}
D, [2018-03-31T10:22:01.523259 #7892] DEBUG -- : calculating updated score for older state...
D, [2018-03-31T10:22:01.526692 #7892] DEBUG -- : generating weighed rated selections...
D, [2018-03-31T10:22:01.546234 #7892] DEBUG -- : scoring weighed rated selections...
D, [2018-03-31T10:22:01.546328 #7892] DEBUG -- : Saving scored selections...
D, [2018-03-31T10:22:01.549696 #7892] DEBUG -- : State Score successfully calculated


D, [2018-03-31T10:22:01.549795 #7892] DEBUG -- : Scoring new state: {:rating=>9, :state=>{:unknown=>0, :possibly_lighter=>1, :possibly_heavier=>1, :normal=>1}}
D, [2018-03-31T10:22:01.552311 #7892] DEBUG -- : calculating updated score for older state...
D, [2018-03-31T10:22:01.555790 #7892] DEBUG -- : generating weighed rated selections...
D, [2018-03-31T10:22:01.585395 #7892] DEBUG -- : scoring weighed rated selections...
D, [2018-03-31T10:22:01.585496 #7892] DEBUG -- : Saving scored selections...
D, [2018-03-31T10:22:01.590207 #7892] DEBUG -- : State Score successfully calculated


D, [2018-03-31T10:22:01.590299 #7892] DEBUG -- : Saving scored selections...
D, [2018-03-31T10:22:01.595169 #7892] DEBUG -- : -------> building selection...
D, [2018-03-31T10:22:01.596088 #7892] DEBUG -- : -------> building new state...
D, [2018-03-31T10:22:01.596366 #7892] DEBUG -- : -------> building new state...
D, [2018-03-31T10:22:01.596773 #7892] DEBUG -- : -------> building selection...
D, [2018-03-31T10:22:01.597106 #7892] DEBUG -- : -------> building new state...
D, [2018-03-31T10:22:01.597220 #7892] DEBUG -- : -------> building new state...
D, [2018-03-31T10:22:01.597398 #7892] DEBUG -- : -------> building selection...
D, [2018-03-31T10:22:01.597701 #7892] DEBUG -- : -------> building new state...
D, [2018-03-31T10:22:01.597820 #7892] DEBUG -- : -------> building new state...
D, [2018-03-31T10:22:01.597995 #7892] DEBUG -- : -------> building selection...
D, [2018-03-31T10:22:01.599103 #7892] DEBUG -- : -------> building new state...
D, [2018-03-31T10:22:01.599233 #7892] DEBUG -- : -------> building new state...
D, [2018-03-31T10:22:01.599408 #7892] DEBUG -- : -------> building selection...
D, [2018-03-31T10:22:01.599695 #7892] DEBUG -- : -------> building new state...
D, [2018-03-31T10:22:01.599815 #7892] DEBUG -- : -------> building new state...
D, [2018-03-31T10:22:01.668271 #7892] DEBUG -- : calculating updated score for older state...
D, [2018-03-31T10:22:01.671767 #7892] DEBUG -- : generating weighed rated selections...
D, [2018-03-31T10:22:01.684420 #7892] DEBUG -- : scoring weighed rated selections...
D, [2018-03-31T10:22:01.684518 #7892] DEBUG -- : Scoring new state: {:rating=>10, :state=>{:unknown=>1, :possibly_lighter=>0, :possibly_heavier=>0, :normal=>2}}
D, [2018-03-31T10:22:01.687254 #7892] DEBUG -- : calculating updated score for older state...
D, [2018-03-31T10:22:01.690683 #7892] DEBUG -- : generating weighed rated selections...
D, [2018-03-31T10:22:01.710600 #7892] DEBUG -- : scoring weighed rated selections...
D, [2018-03-31T10:22:01.710688 #7892] DEBUG -- : Saving scored selections...
D, [2018-03-31T10:22:01.713977 #7892] DEBUG -- : State Score successfully calculated


D, [2018-03-31T10:22:01.714064 #7892] DEBUG -- : Scoring new state: {:rating=>9, :state=>{:unknown=>0, :possibly_lighter=>1, :possibly_heavier=>1, :normal=>1}}
D, [2018-03-31T10:22:01.716568 #7892] DEBUG -- : calculating updated score for older state...
D, [2018-03-31T10:22:01.720039 #7892] DEBUG -- : generating weighed rated selections...
D, [2018-03-31T10:22:01.750086 #7892] DEBUG -- : scoring weighed rated selections...
D, [2018-03-31T10:22:01.750184 #7892] DEBUG -- : Saving scored selections...
D, [2018-03-31T10:22:01.755102 #7892] DEBUG -- : State Score successfully calculated


D, [2018-03-31T10:22:01.755178 #7892] DEBUG -- : Saving scored selections...
D, [2018-03-31T10:22:32.183201 #8006] DEBUG -- : calculating updated score for older state...
D, [2018-03-31T10:22:32.186660 #8006] DEBUG -- : generating weighed rated selections...
D, [2018-03-31T10:22:32.199685 #8006] DEBUG -- : scoring weighed rated selections...
D, [2018-03-31T10:22:32.199804 #8006] DEBUG -- : Scoring new state: {:rating=>10, :state=>{:unknown=>1, :possibly_lighter=>0, :possibly_heavier=>0, :normal=>2}}
D, [2018-03-31T10:22:32.202557 #8006] DEBUG -- : calculating updated score for older state...
D, [2018-03-31T10:22:32.205958 #8006] DEBUG -- : generating weighed rated selections...
D, [2018-03-31T10:22:32.225321 #8006] DEBUG -- : scoring weighed rated selections...
D, [2018-03-31T10:22:32.225440 #8006] DEBUG -- : Saving scored selections...
D, [2018-03-31T10:22:32.228742 #8006] DEBUG -- : State Score successfully calculated


D, [2018-03-31T10:22:32.228842 #8006] DEBUG -- : Scoring new state: {:rating=>9, :state=>{:unknown=>0, :possibly_lighter=>1, :possibly_heavier=>1, :normal=>1}}
D, [2018-03-31T10:22:32.231341 #8006] DEBUG -- : calculating updated score for older state...
D, [2018-03-31T10:22:32.234782 #8006] DEBUG -- : generating weighed rated selections...
D, [2018-03-31T10:22:32.263675 #8006] DEBUG -- : scoring weighed rated selections...
D, [2018-03-31T10:22:32.263768 #8006] DEBUG -- : Saving scored selections...
D, [2018-03-31T10:22:32.268585 #8006] DEBUG -- : State Score successfully calculated


D, [2018-03-31T10:22:32.268673 #8006] DEBUG -- : Saving scored selections...
D, [2018-03-31T10:22:32.341017 #8006] DEBUG -- : calculating updated score for older state...
D, [2018-03-31T10:22:32.345418 #8006] DEBUG -- : generating weighed rated selections...
D, [2018-03-31T10:22:32.358014 #8006] DEBUG -- : scoring weighed rated selections...
D, [2018-03-31T10:22:32.358114 #8006] DEBUG -- : Scoring new state: {:rating=>10, :state=>{:unknown=>1, :possibly_lighter=>0, :possibly_heavier=>0, :normal=>2}}
D, [2018-03-31T10:22:32.360806 #8006] DEBUG -- : calculating updated score for older state...
D, [2018-03-31T10:22:32.364227 #8006] DEBUG -- : generating weighed rated selections...
D, [2018-03-31T10:22:32.383515 #8006] DEBUG -- : scoring weighed rated selections...
D, [2018-03-31T10:22:32.383626 #8006] DEBUG -- : Saving scored selections...
D, [2018-03-31T10:22:32.386967 #8006] DEBUG -- : State Score successfully calculated


D, [2018-03-31T10:22:32.387046 #8006] DEBUG -- : Scoring new state: {:rating=>9, :state=>{:unknown=>0, :possibly_lighter=>1, :possibly_heavier=>1, :normal=>1}}
D, [2018-03-31T10:22:32.389497 #8006] DEBUG -- : calculating updated score for older state...
D, [2018-03-31T10:22:32.392856 #8006] DEBUG -- : generating weighed rated selections...
D, [2018-03-31T10:22:32.422514 #8006] DEBUG -- : scoring weighed rated selections...
D, [2018-03-31T10:22:32.422608 #8006] DEBUG -- : Saving scored selections...
D, [2018-03-31T10:22:32.427505 #8006] DEBUG -- : State Score successfully calculated


D, [2018-03-31T10:22:32.427582 #8006] DEBUG -- : Saving scored selections...
D, [2018-03-31T10:22:32.432360 #8006] DEBUG -- : -------> building selection...
D, [2018-03-31T10:22:32.433200 #8006] DEBUG -- : -------> building new state...
D, [2018-03-31T10:22:32.433535 #8006] DEBUG -- : -------> building new state...
D, [2018-03-31T10:22:32.433772 #8006] DEBUG -- : -------> building selection...
D, [2018-03-31T10:22:32.434153 #8006] DEBUG -- : -------> building new state...
D, [2018-03-31T10:22:32.434274 #8006] DEBUG -- : -------> building new state...
D, [2018-03-31T10:22:32.434471 #8006] DEBUG -- : -------> building selection...
D, [2018-03-31T10:22:32.434796 #8006] DEBUG -- : -------> building new state...
D, [2018-03-31T10:22:32.434937 #8006] DEBUG -- : -------> building new state...
D, [2018-03-31T10:22:32.435116 #8006] DEBUG -- : -------> building selection...
D, [2018-03-31T10:22:32.435434 #8006] DEBUG -- : -------> building new state...
D, [2018-03-31T10:22:32.435533 #8006] DEBUG -- : -------> building new state...
D, [2018-03-31T10:22:32.435790 #8006] DEBUG -- : -------> building selection...
D, [2018-03-31T10:22:32.436102 #8006] DEBUG -- : -------> building new state...
D, [2018-03-31T10:22:32.436203 #8006] DEBUG -- : -------> building new state...
D, [2018-03-31T10:22:32.436404 #8006] DEBUG -- : -------> building selection...
D, [2018-03-31T10:22:32.436698 #8006] DEBUG -- : -------> building new state...
D, [2018-03-31T10:22:32.436819 #8006] DEBUG -- : -------> building new state...
D, [2018-03-31T10:22:32.436987 #8006] DEBUG -- : -------> building selection...
D, [2018-03-31T10:22:32.437284 #8006] DEBUG -- : -------> building new state...
D, [2018-03-31T10:22:32.437408 #8006] DEBUG -- : -------> building new state...
D, [2018-03-31T10:22:32.507375 #8006] DEBUG -- : calculating updated score for older state...
D, [2018-03-31T10:22:32.510766 #8006] DEBUG -- : generating weighed rated selections...
D, [2018-03-31T10:22:32.523980 #8006] DEBUG -- : scoring weighed rated selections...
D, [2018-03-31T10:22:32.524100 #8006] DEBUG -- : Scoring new state: {:rating=>10, :state=>{:unknown=>1, :possibly_lighter=>0, :possibly_heavier=>0, :normal=>2}}
D, [2018-03-31T10:22:32.526887 #8006] DEBUG -- : calculating updated score for older state...
D, [2018-03-31T10:22:32.530373 #8006] DEBUG -- : generating weighed rated selections...
D, [2018-03-31T10:22:32.550057 #8006] DEBUG -- : scoring weighed rated selections...
D, [2018-03-31T10:22:32.550148 #8006] DEBUG -- : Saving scored selections...
D, [2018-03-31T10:22:32.553486 #8006] DEBUG -- : State Score successfully calculated


D, [2018-03-31T10:22:32.553576 #8006] DEBUG -- : Scoring new state: {:rating=>9, :state=>{:unknown=>0, :possibly_lighter=>1, :possibly_heavier=>1, :normal=>1}}
D, [2018-03-31T10:22:32.556026 #8006] DEBUG -- : calculating updated score for older state...
D, [2018-03-31T10:22:32.559453 #8006] DEBUG -- : generating weighed rated selections...
D, [2018-03-31T10:22:32.589387 #8006] DEBUG -- : scoring weighed rated selections...
D, [2018-03-31T10:22:32.589499 #8006] DEBUG -- : Saving scored selections...
D, [2018-03-31T10:22:32.594281 #8006] DEBUG -- : State Score successfully calculated


D, [2018-03-31T10:22:32.594363 #8006] DEBUG -- : Saving scored selections...
D, [2018-03-31T10:22:32.599210 #8006] DEBUG -- : -------> building selection...
D, [2018-03-31T10:22:32.600082 #8006] DEBUG -- : -------> building new state...
D, [2018-03-31T10:22:32.600334 #8006] DEBUG -- : -------> building new state...
D, [2018-03-31T10:22:32.600688 #8006] DEBUG -- : -------> building selection...
D, [2018-03-31T10:22:32.600991 #8006] DEBUG -- : -------> building new state...
D, [2018-03-31T10:22:32.601095 #8006] DEBUG -- : -------> building new state...
D, [2018-03-31T10:22:32.601266 #8006] DEBUG -- : -------> building selection...
D, [2018-03-31T10:22:32.601582 #8006] DEBUG -- : -------> building new state...
D, [2018-03-31T10:22:32.601682 #8006] DEBUG -- : -------> building new state...
D, [2018-03-31T10:22:32.601896 #8006] DEBUG -- : -------> building selection...
D, [2018-03-31T10:22:32.602268 #8006] DEBUG -- : -------> building new state...
D, [2018-03-31T10:22:32.602453 #8006] DEBUG -- : -------> building new state...
D, [2018-03-31T10:22:32.602651 #8006] DEBUG -- : -------> building selection...
D, [2018-03-31T10:22:32.602979 #8006] DEBUG -- : -------> building new state...
D, [2018-03-31T10:22:32.603082 #8006] DEBUG -- : -------> building new state...
D, [2018-03-31T10:22:32.672165 #8006] DEBUG -- : calculating updated score for older state...
D, [2018-03-31T10:22:32.675629 #8006] DEBUG -- : generating weighed rated selections...
D, [2018-03-31T10:22:32.688324 #8006] DEBUG -- : scoring weighed rated selections...
D, [2018-03-31T10:22:32.688421 #8006] DEBUG -- : Scoring new state: {:rating=>10, :state=>{:unknown=>1, :possibly_lighter=>0, :possibly_heavier=>0, :normal=>2}}
D, [2018-03-31T10:22:32.691146 #8006] DEBUG -- : calculating updated score for older state...
D, [2018-03-31T10:22:32.694444 #8006] DEBUG -- : generating weighed rated selections...
D, [2018-03-31T10:22:32.714144 #8006] DEBUG -- : scoring weighed rated selections...
D, [2018-03-31T10:22:32.714241 #8006] DEBUG -- : Saving scored selections...
D, [2018-03-31T10:22:32.717660 #8006] DEBUG -- : State Score successfully calculated


D, [2018-03-31T10:22:32.717747 #8006] DEBUG -- : Scoring new state: {:rating=>9, :state=>{:unknown=>0, :possibly_lighter=>1, :possibly_heavier=>1, :normal=>1}}
D, [2018-03-31T10:22:32.720327 #8006] DEBUG -- : calculating updated score for older state...
D, [2018-03-31T10:22:32.723775 #8006] DEBUG -- : generating weighed rated selections...
D, [2018-03-31T10:22:32.753731 #8006] DEBUG -- : scoring weighed rated selections...
D, [2018-03-31T10:22:32.753834 #8006] DEBUG -- : Saving scored selections...
D, [2018-03-31T10:22:32.758579 #8006] DEBUG -- : State Score successfully calculated


D, [2018-03-31T10:22:32.758661 #8006] DEBUG -- : Saving scored selections...
D, [2018-03-31T10:22:32.762978 #8006] DEBUG -- : -------> building new state...
D, [2018-03-31T10:22:32.763767 #8006] DEBUG -- : -------> building new state...
D, [2018-03-31T10:22:47.597206 #8108] DEBUG -- : calculating updated score for older state...
D, [2018-03-31T10:22:47.600679 #8108] DEBUG -- : generating weighed rated selections...
D, [2018-03-31T10:22:47.613152 #8108] DEBUG -- : scoring weighed rated selections...
D, [2018-03-31T10:22:47.613291 #8108] DEBUG -- : Scoring new state: {:rating=>10, :state=>{:unknown=>1, :possibly_lighter=>0, :possibly_heavier=>0, :normal=>2}}
D, [2018-03-31T10:22:47.616064 #8108] DEBUG -- : calculating updated score for older state...
D, [2018-03-31T10:22:47.619595 #8108] DEBUG -- : generating weighed rated selections...
D, [2018-03-31T10:22:47.639013 #8108] DEBUG -- : scoring weighed rated selections...
D, [2018-03-31T10:22:47.639130 #8108] DEBUG -- : Saving scored selections...
D, [2018-03-31T10:22:47.642510 #8108] DEBUG -- : State Score successfully calculated


D, [2018-03-31T10:22:47.642602 #8108] DEBUG -- : Scoring new state: {:rating=>9, :state=>{:unknown=>0, :possibly_lighter=>1, :possibly_heavier=>1, :normal=>1}}
D, [2018-03-31T10:22:47.645053 #8108] DEBUG -- : calculating updated score for older state...
D, [2018-03-31T10:22:47.648512 #8108] DEBUG -- : generating weighed rated selections...
D, [2018-03-31T10:22:47.678248 #8108] DEBUG -- : scoring weighed rated selections...
D, [2018-03-31T10:22:47.678369 #8108] DEBUG -- : Saving scored selections...
D, [2018-03-31T10:22:47.683311 #8108] DEBUG -- : State Score successfully calculated


D, [2018-03-31T10:22:47.683401 #8108] DEBUG -- : Saving scored selections...
D, [2018-03-31T10:22:47.687726 #8108] DEBUG -- : -------> building new state...
D, [2018-03-31T10:22:47.688485 #8108] DEBUG -- : -------> building new state...
D, [2018-03-31T10:22:47.759669 #8108] DEBUG -- : calculating updated score for older state...
D, [2018-03-31T10:22:47.763550 #8108] DEBUG -- : generating weighed rated selections...
D, [2018-03-31T10:22:47.776347 #8108] DEBUG -- : scoring weighed rated selections...
D, [2018-03-31T10:22:47.776455 #8108] DEBUG -- : Scoring new state: {:rating=>10, :state=>{:unknown=>1, :possibly_lighter=>0, :possibly_heavier=>0, :normal=>2}}
D, [2018-03-31T10:22:47.779201 #8108] DEBUG -- : calculating updated score for older state...
D, [2018-03-31T10:22:47.782610 #8108] DEBUG -- : generating weighed rated selections...
D, [2018-03-31T10:22:47.803339 #8108] DEBUG -- : scoring weighed rated selections...
D, [2018-03-31T10:22:47.803438 #8108] DEBUG -- : Saving scored selections...
D, [2018-03-31T10:22:47.806868 #8108] DEBUG -- : State Score successfully calculated


D, [2018-03-31T10:22:47.806956 #8108] DEBUG -- : Scoring new state: {:rating=>9, :state=>{:unknown=>0, :possibly_lighter=>1, :possibly_heavier=>1, :normal=>1}}
D, [2018-03-31T10:22:47.810361 #8108] DEBUG -- : calculating updated score for older state...
D, [2018-03-31T10:22:47.813835 #8108] DEBUG -- : generating weighed rated selections...
D, [2018-03-31T10:22:47.843277 #8108] DEBUG -- : scoring weighed rated selections...
D, [2018-03-31T10:22:47.843370 #8108] DEBUG -- : Saving scored selections...
D, [2018-03-31T10:22:47.848176 #8108] DEBUG -- : State Score successfully calculated


D, [2018-03-31T10:22:47.848250 #8108] DEBUG -- : Saving scored selections...
D, [2018-03-31T10:22:47.921734 #8108] DEBUG -- : calculating updated score for older state...
D, [2018-03-31T10:22:47.925221 #8108] DEBUG -- : generating weighed rated selections...
D, [2018-03-31T10:22:47.937883 #8108] DEBUG -- : scoring weighed rated selections...
D, [2018-03-31T10:22:47.937985 #8108] DEBUG -- : Scoring new state: {:rating=>10, :state=>{:unknown=>1, :possibly_lighter=>0, :possibly_heavier=>0, :normal=>2}}
D, [2018-03-31T10:22:47.940743 #8108] DEBUG -- : calculating updated score for older state...
D, [2018-03-31T10:22:47.944198 #8108] DEBUG -- : generating weighed rated selections...
D, [2018-03-31T10:22:47.963676 #8108] DEBUG -- : scoring weighed rated selections...
D, [2018-03-31T10:22:47.963770 #8108] DEBUG -- : Saving scored selections...
D, [2018-03-31T10:22:47.966974 #8108] DEBUG -- : State Score successfully calculated


D, [2018-03-31T10:22:47.967051 #8108] DEBUG -- : Scoring new state: {:rating=>9, :state=>{:unknown=>0, :possibly_lighter=>1, :possibly_heavier=>1, :normal=>1}}
D, [2018-03-31T10:22:47.969512 #8108] DEBUG -- : calculating updated score for older state...
D, [2018-03-31T10:22:47.972929 #8108] DEBUG -- : generating weighed rated selections...
D, [2018-03-31T10:22:48.002300 #8108] DEBUG -- : scoring weighed rated selections...
D, [2018-03-31T10:22:48.002411 #8108] DEBUG -- : Saving scored selections...
D, [2018-03-31T10:22:48.007125 #8108] DEBUG -- : State Score successfully calculated


D, [2018-03-31T10:22:48.007196 #8108] DEBUG -- : Saving scored selections...
D, [2018-03-31T10:22:48.012000 #8108] DEBUG -- : -------> building selection...
D, [2018-03-31T10:22:48.012837 #8108] DEBUG -- : -------> building new state...
D, [2018-03-31T10:22:48.013227 #8108] DEBUG -- : -------> building new state...
D, [2018-03-31T10:22:48.013483 #8108] DEBUG -- : -------> building selection...
D, [2018-03-31T10:22:48.013819 #8108] DEBUG -- : -------> building new state...
D, [2018-03-31T10:22:48.013926 #8108] DEBUG -- : -------> building new state...
D, [2018-03-31T10:22:48.014096 #8108] DEBUG -- : -------> building selection...
D, [2018-03-31T10:22:48.014408 #8108] DEBUG -- : -------> building new state...
D, [2018-03-31T10:22:48.014543 #8108] DEBUG -- : -------> building new state...
D, [2018-03-31T10:22:48.014860 #8108] DEBUG -- : -------> building selection...
D, [2018-03-31T10:22:48.015207 #8108] DEBUG -- : -------> building new state...
D, [2018-03-31T10:22:48.015316 #8108] DEBUG -- : -------> building new state...
D, [2018-03-31T10:22:48.015569 #8108] DEBUG -- : -------> building selection...
D, [2018-03-31T10:22:48.015896 #8108] DEBUG -- : -------> building new state...
D, [2018-03-31T10:22:48.015998 #8108] DEBUG -- : -------> building new state...
D, [2018-03-31T10:22:48.016177 #8108] DEBUG -- : -------> building selection...
D, [2018-03-31T10:22:48.016478 #8108] DEBUG -- : -------> building new state...
D, [2018-03-31T10:22:48.016605 #8108] DEBUG -- : -------> building new state...
D, [2018-03-31T10:22:48.085354 #8108] DEBUG -- : calculating updated score for older state...
D, [2018-03-31T10:22:48.088857 #8108] DEBUG -- : generating weighed rated selections...
D, [2018-03-31T10:22:48.101648 #8108] DEBUG -- : scoring weighed rated selections...
D, [2018-03-31T10:22:48.101747 #8108] DEBUG -- : Scoring new state: {:rating=>10, :state=>{:unknown=>1, :possibly_lighter=>0, :possibly_heavier=>0, :normal=>2}}
D, [2018-03-31T10:22:48.104493 #8108] DEBUG -- : calculating updated score for older state...
D, [2018-03-31T10:22:48.107961 #8108] DEBUG -- : generating weighed rated selections...
D, [2018-03-31T10:22:48.127659 #8108] DEBUG -- : scoring weighed rated selections...
D, [2018-03-31T10:22:48.127749 #8108] DEBUG -- : Saving scored selections...
D, [2018-03-31T10:22:48.130946 #8108] DEBUG -- : State Score successfully calculated


D, [2018-03-31T10:22:48.131026 #8108] DEBUG -- : Scoring new state: {:rating=>9, :state=>{:unknown=>0, :possibly_lighter=>1, :possibly_heavier=>1, :normal=>1}}
D, [2018-03-31T10:22:48.133600 #8108] DEBUG -- : calculating updated score for older state...
D, [2018-03-31T10:22:48.137033 #8108] DEBUG -- : generating weighed rated selections...
D, [2018-03-31T10:22:48.166888 #8108] DEBUG -- : scoring weighed rated selections...
D, [2018-03-31T10:22:48.166988 #8108] DEBUG -- : Saving scored selections...
D, [2018-03-31T10:22:48.171944 #8108] DEBUG -- : State Score successfully calculated


D, [2018-03-31T10:22:48.172028 #8108] DEBUG -- : Saving scored selections...
D, [2018-03-31T10:22:48.176919 #8108] DEBUG -- : -------> building selection...
D, [2018-03-31T10:22:48.177793 #8108] DEBUG -- : -------> building new state...
D, [2018-03-31T10:22:48.178106 #8108] DEBUG -- : -------> building new state...
D, [2018-03-31T10:22:48.178465 #8108] DEBUG -- : -------> building selection...
D, [2018-03-31T10:22:48.178787 #8108] DEBUG -- : -------> building new state...
D, [2018-03-31T10:22:48.178921 #8108] DEBUG -- : -------> building new state...
D, [2018-03-31T10:22:48.179096 #8108] DEBUG -- : -------> building selection...
D, [2018-03-31T10:22:48.179405 #8108] DEBUG -- : -------> building new state...
D, [2018-03-31T10:22:48.179524 #8108] DEBUG -- : -------> building new state...
D, [2018-03-31T10:22:48.179709 #8108] DEBUG -- : -------> building selection...
D, [2018-03-31T10:22:48.180054 #8108] DEBUG -- : -------> building new state...
D, [2018-03-31T10:22:48.180155 #8108] DEBUG -- : -------> building new state...
D, [2018-03-31T10:22:48.180439 #8108] DEBUG -- : -------> building selection...
D, [2018-03-31T10:22:48.180759 #8108] DEBUG -- : -------> building new state...
D, [2018-03-31T10:22:48.180868 #8108] DEBUG -- : -------> building new state...
D, [2018-03-31T10:51:10.089743 #9547] DEBUG -- : generating weighed rated selections...
D, [2018-03-31T10:51:10.205998 #9547] DEBUG -- : scoring weighed rated selections...
D, [2018-03-31T10:51:10.206132 #9547] DEBUG -- : Saving scored selections...
D, [2018-03-31T10:51:10.225396 #9547] DEBUG -- : generating weighed rated selections...
D, [2018-03-31T10:51:10.440990 #9547] DEBUG -- : scoring weighed rated selections...
D, [2018-03-31T10:51:10.441142 #9547] DEBUG -- : Saving scored selections...
D, [2018-03-31T10:51:11.019505 #9547] DEBUG -- : calculating updated score for older state...
D, [2018-03-31T10:51:11.023058 #9547] DEBUG -- : generating weighed rated selections...
D, [2018-03-31T10:51:11.036024 #9547] DEBUG -- : scoring weighed rated selections...
D, [2018-03-31T10:51:11.036132 #9547] DEBUG -- : Scoring new state: {:rating=>10, :state=>{:unknown=>1, :possibly_lighter=>0, :possibly_heavier=>0, :normal=>2}}
D, [2018-03-31T10:51:11.038997 #9547] DEBUG -- : calculating updated score for older state...
D, [2018-03-31T10:51:11.042491 #9547] DEBUG -- : generating weighed rated selections...
D, [2018-03-31T10:51:11.062173 #9547] DEBUG -- : scoring weighed rated selections...
D, [2018-03-31T10:51:11.062271 #9547] DEBUG -- : Saving scored selections...
D, [2018-03-31T10:51:11.065633 #9547] DEBUG -- : State Score successfully calculated


D, [2018-03-31T10:51:11.065726 #9547] DEBUG -- : Scoring new state: {:rating=>9, :state=>{:unknown=>0, :possibly_lighter=>1, :possibly_heavier=>1, :normal=>1}}
D, [2018-03-31T10:51:11.068288 #9547] DEBUG -- : calculating updated score for older state...
D, [2018-03-31T10:51:11.072033 #9547] DEBUG -- : generating weighed rated selections...
D, [2018-03-31T10:51:11.102129 #9547] DEBUG -- : scoring weighed rated selections...
D, [2018-03-31T10:51:11.102255 #9547] DEBUG -- : Saving scored selections...
D, [2018-03-31T10:51:11.108015 #9547] DEBUG -- : State Score successfully calculated


D, [2018-03-31T10:51:11.108103 #9547] DEBUG -- : Saving scored selections...
D, [2018-03-31T10:51:11.112510 #9547] DEBUG -- : -------> building new state...
D, [2018-03-31T10:51:11.113278 #9547] DEBUG -- : -------> building new state...
D, [2018-03-31T10:51:11.183165 #9547] DEBUG -- : calculating updated score for older state...
D, [2018-03-31T10:51:11.186653 #9547] DEBUG -- : generating weighed rated selections...
D, [2018-03-31T10:51:11.199542 #9547] DEBUG -- : scoring weighed rated selections...
D, [2018-03-31T10:51:11.199643 #9547] DEBUG -- : Scoring new state: {:rating=>10, :state=>{:unknown=>1, :possibly_lighter=>0, :possibly_heavier=>0, :normal=>2}}
D, [2018-03-31T10:51:11.202391 #9547] DEBUG -- : calculating updated score for older state...
D, [2018-03-31T10:51:11.206045 #9547] DEBUG -- : generating weighed rated selections...
D, [2018-03-31T10:51:11.226067 #9547] DEBUG -- : scoring weighed rated selections...
D, [2018-03-31T10:51:11.226175 #9547] DEBUG -- : Saving scored selections...
D, [2018-03-31T10:51:11.229544 #9547] DEBUG -- : State Score successfully calculated


D, [2018-03-31T10:51:11.229633 #9547] DEBUG -- : Scoring new state: {:rating=>9, :state=>{:unknown=>0, :possibly_lighter=>1, :possibly_heavier=>1, :normal=>1}}
D, [2018-03-31T10:51:11.232193 #9547] DEBUG -- : calculating updated score for older state...
D, [2018-03-31T10:51:11.235607 #9547] DEBUG -- : generating weighed rated selections...
D, [2018-03-31T10:51:11.265541 #9547] DEBUG -- : scoring weighed rated selections...
D, [2018-03-31T10:51:11.265661 #9547] DEBUG -- : Saving scored selections...
D, [2018-03-31T10:51:11.270360 #9547] DEBUG -- : State Score successfully calculated


D, [2018-03-31T10:51:11.270441 #9547] DEBUG -- : Saving scored selections...
D, [2018-03-31T10:51:11.344753 #9547] DEBUG -- : calculating updated score for older state...
D, [2018-03-31T10:51:11.348550 #9547] DEBUG -- : generating weighed rated selections...
D, [2018-03-31T10:51:11.361531 #9547] DEBUG -- : scoring weighed rated selections...
D, [2018-03-31T10:51:11.361640 #9547] DEBUG -- : Scoring new state: {:rating=>10, :state=>{:unknown=>1, :possibly_lighter=>0, :possibly_heavier=>0, :normal=>2}}
D, [2018-03-31T10:51:11.364832 #9547] DEBUG -- : calculating updated score for older state...
D, [2018-03-31T10:51:11.368928 #9547] DEBUG -- : generating weighed rated selections...
D, [2018-03-31T10:51:11.388317 #9547] DEBUG -- : scoring weighed rated selections...
D, [2018-03-31T10:51:11.388410 #9547] DEBUG -- : Saving scored selections...
D, [2018-03-31T10:51:11.391715 #9547] DEBUG -- : State Score successfully calculated


D, [2018-03-31T10:51:11.391808 #9547] DEBUG -- : Scoring new state: {:rating=>9, :state=>{:unknown=>0, :possibly_lighter=>1, :possibly_heavier=>1, :normal=>1}}
D, [2018-03-31T10:51:11.394351 #9547] DEBUG -- : calculating updated score for older state...
D, [2018-03-31T10:51:11.397916 #9547] DEBUG -- : generating weighed rated selections...
D, [2018-03-31T10:51:11.427880 #9547] DEBUG -- : scoring weighed rated selections...
D, [2018-03-31T10:51:11.427979 #9547] DEBUG -- : Saving scored selections...
D, [2018-03-31T10:51:11.432800 #9547] DEBUG -- : State Score successfully calculated


D, [2018-03-31T10:51:11.432890 #9547] DEBUG -- : Saving scored selections...
D, [2018-03-31T10:51:11.438086 #9547] DEBUG -- : -------> building selection...
D, [2018-03-31T10:51:11.438968 #9547] DEBUG -- : -------> building new state...
D, [2018-03-31T10:51:11.439209 #9547] DEBUG -- : -------> building new state...
D, [2018-03-31T10:51:11.439542 #9547] DEBUG -- : -------> building selection...
D, [2018-03-31T10:51:11.439849 #9547] DEBUG -- : -------> building new state...
D, [2018-03-31T10:51:11.439965 #9547] DEBUG -- : -------> building new state...
D, [2018-03-31T10:51:11.440156 #9547] DEBUG -- : -------> building selection...
D, [2018-03-31T10:51:11.440449 #9547] DEBUG -- : -------> building new state...
D, [2018-03-31T10:51:11.440554 #9547] DEBUG -- : -------> building new state...
D, [2018-03-31T10:51:11.440725 #9547] DEBUG -- : -------> building selection...
D, [2018-03-31T10:51:11.441089 #9547] DEBUG -- : -------> building new state...
D, [2018-03-31T10:51:11.441320 #9547] DEBUG -- : -------> building new state...
D, [2018-03-31T10:51:11.441511 #9547] DEBUG -- : -------> building selection...
D, [2018-03-31T10:51:11.441849 #9547] DEBUG -- : -------> building new state...
D, [2018-03-31T10:51:11.441955 #9547] DEBUG -- : -------> building new state...
D, [2018-03-31T10:51:11.511310 #9547] DEBUG -- : calculating updated score for older state...
D, [2018-03-31T10:51:11.514819 #9547] DEBUG -- : generating weighed rated selections...
D, [2018-03-31T10:51:11.527488 #9547] DEBUG -- : scoring weighed rated selections...
D, [2018-03-31T10:51:11.527591 #9547] DEBUG -- : Scoring new state: {:rating=>10, :state=>{:unknown=>1, :possibly_lighter=>0, :possibly_heavier=>0, :normal=>2}}
D, [2018-03-31T10:51:11.530389 #9547] DEBUG -- : calculating updated score for older state...
D, [2018-03-31T10:51:11.534027 #9547] DEBUG -- : generating weighed rated selections...
D, [2018-03-31T10:51:11.553514 #9547] DEBUG -- : scoring weighed rated selections...
D, [2018-03-31T10:51:11.553609 #9547] DEBUG -- : Saving scored selections...
D, [2018-03-31T10:51:11.556890 #9547] DEBUG -- : State Score successfully calculated


D, [2018-03-31T10:51:11.556987 #9547] DEBUG -- : Scoring new state: {:rating=>9, :state=>{:unknown=>0, :possibly_lighter=>1, :possibly_heavier=>1, :normal=>1}}
D, [2018-03-31T10:51:11.559795 #9547] DEBUG -- : calculating updated score for older state...
D, [2018-03-31T10:51:11.563423 #9547] DEBUG -- : generating weighed rated selections...
D, [2018-03-31T10:51:11.592823 #9547] DEBUG -- : scoring weighed rated selections...
D, [2018-03-31T10:51:11.592943 #9547] DEBUG -- : Saving scored selections...
D, [2018-03-31T10:51:11.597733 #9547] DEBUG -- : State Score successfully calculated


D, [2018-03-31T10:51:11.597829 #9547] DEBUG -- : Saving scored selections...
D, [2018-03-31T10:51:11.602865 #9547] DEBUG -- : -------> building selection...
D, [2018-03-31T10:51:11.603672 #9547] DEBUG -- : -------> building new state...
D, [2018-03-31T10:51:11.603932 #9547] DEBUG -- : -------> building new state...
D, [2018-03-31T10:51:11.604141 #9547] DEBUG -- : -------> building selection...
D, [2018-03-31T10:51:11.604455 #9547] DEBUG -- : -------> building new state...
D, [2018-03-31T10:51:11.604607 #9547] DEBUG -- : -------> building new state...
D, [2018-03-31T10:51:11.604858 #9547] DEBUG -- : -------> building selection...
D, [2018-03-31T10:51:11.605281 #9547] DEBUG -- : -------> building new state...
D, [2018-03-31T10:51:11.605428 #9547] DEBUG -- : -------> building new state...
D, [2018-03-31T10:51:11.605638 #9547] DEBUG -- : -------> building selection...
D, [2018-03-31T10:51:11.605974 #9547] DEBUG -- : -------> building new state...
D, [2018-03-31T10:51:11.606091 #9547] DEBUG -- : -------> building new state...
D, [2018-03-31T10:51:11.608075 #9547] DEBUG -- : -------> building selection...
D, [2018-03-31T10:51:11.608466 #9547] DEBUG -- : -------> building new state...
D, [2018-03-31T10:51:11.608573 #9547] DEBUG -- : -------> building new state...
D, [2018-03-31T10:51:11.608753 #9547] DEBUG -- : -------> building selection...
D, [2018-03-31T10:51:11.609052 #9547] DEBUG -- : -------> building new state...
D, [2018-03-31T10:51:11.609170 #9547] DEBUG -- : -------> building new state...
D, [2018-03-31T10:51:11.915256 #9547] DEBUG -- : Scoring new state: {:rating=>29, :state=>{:unknown=>1, :possibly_lighter=>2, :possibly_heavier=>0, :normal=>5}}
D, [2018-03-31T10:51:11.918079 #9547] DEBUG -- : generating score for new state...
D, [2018-03-31T10:51:11.921653 #9547] DEBUG -- : new state info recorded
D, [2018-03-31T10:51:11.925101 #9547] DEBUG -- : generating weighed rated selections...
D, [2018-03-31T10:51:12.170236 #9547] DEBUG -- : scoring weighed rated selections...
D, [2018-03-31T10:51:12.170429 #9547] DEBUG -- : Scoring new state: {:rating=>35, :state=>{:unknown=>1, :possibly_lighter=>0, :possibly_heavier=>0, :normal=>7}}
D, [2018-03-31T10:51:12.173989 #9547] DEBUG -- : calculating updated score for older state...
D, [2018-03-31T10:51:12.178177 #9547] DEBUG -- : generating weighed rated selections...
D, [2018-03-31T10:51:12.227465 #9547] DEBUG -- : scoring weighed rated selections...
D, [2018-03-31T10:51:12.227597 #9547] DEBUG -- : Saving scored selections...
D, [2018-03-31T10:51:12.235286 #9547] DEBUG -- : State Score successfully calculated


D, [2018-03-31T10:51:12.235377 #9547] DEBUG -- : Scoring new state: {:rating=>37, :state=>{:unknown=>0, :possibly_lighter=>1, :possibly_heavier=>0, :normal=>7}}
D, [2018-03-31T10:51:12.235404 #9547] DEBUG -- : State Score successfully calculated


D, [2018-03-31T10:51:12.235460 #9547] DEBUG -- : Scoring new state: {:rating=>35, :state=>{:unknown=>1, :possibly_lighter=>0, :possibly_heavier=>0, :normal=>7}}
D, [2018-03-31T10:51:12.238155 #9547] DEBUG -- : returning fully calculated score...
D, [2018-03-31T10:51:12.238224 #9547] DEBUG -- : State Score successfully calculated


D, [2018-03-31T10:51:12.238279 #9547] DEBUG -- : Scoring new state: {:rating=>37, :state=>{:unknown=>0, :possibly_lighter=>1, :possibly_heavier=>0, :normal=>7}}
D, [2018-03-31T10:51:12.238304 #9547] DEBUG -- : State Score successfully calculated


D, [2018-03-31T10:51:12.238340 #9547] DEBUG -- : Scoring new state: {:rating=>35, :state=>{:unknown=>1, :possibly_lighter=>0, :possibly_heavier=>0, :normal=>7}}
D, [2018-03-31T10:51:12.241041 #9547] DEBUG -- : returning fully calculated score...
D, [2018-03-31T10:51:12.241122 #9547] DEBUG -- : State Score successfully calculated


D, [2018-03-31T10:51:12.241177 #9547] DEBUG -- : Scoring new state: {:rating=>37, :state=>{:unknown=>0, :possibly_lighter=>1, :possibly_heavier=>0, :normal=>7}}
D, [2018-03-31T10:51:12.241204 #9547] DEBUG -- : State Score successfully calculated


D, [2018-03-31T10:51:12.241242 #9547] DEBUG -- : Scoring new state: {:rating=>37, :state=>{:unknown=>0, :possibly_lighter=>0, :possibly_heavier=>1, :normal=>7}}
D, [2018-03-31T10:51:12.241263 #9547] DEBUG -- : State Score successfully calculated


D, [2018-03-31T10:51:12.241290 #9547] DEBUG -- : Scoring new state: {:rating=>37, :state=>{:unknown=>0, :possibly_lighter=>1, :possibly_heavier=>0, :normal=>7}}
D, [2018-03-31T10:51:12.241309 #9547] DEBUG -- : State Score successfully calculated


D, [2018-03-31T10:51:12.241335 #9547] DEBUG -- : Scoring new state: {:rating=>34, :state=>{:unknown=>0, :possibly_lighter=>2, :possibly_heavier=>0, :normal=>6}}
D, [2018-03-31T10:51:12.244059 #9547] DEBUG -- : calculating updated score for older state...
D, [2018-03-31T10:51:12.247570 #9547] DEBUG -- : generating weighed rated selections...
D, [2018-03-31T10:51:12.294245 #9547] DEBUG -- : scoring weighed rated selections...
D, [2018-03-31T10:51:12.294374 #9547] DEBUG -- : Saving scored selections...
D, [2018-03-31T10:51:12.304033 #9547] DEBUG -- : State Score successfully calculated


D, [2018-03-31T10:51:12.304146 #9547] DEBUG -- : Scoring new state: {:rating=>34, :state=>{:unknown=>0, :possibly_lighter=>1, :possibly_heavier=>1, :normal=>6}}
D, [2018-03-31T10:51:12.306846 #9547] DEBUG -- : calculating updated score for older state...
D, [2018-03-31T10:51:12.310728 #9547] DEBUG -- : generating weighed rated selections...
D, [2018-03-31T10:51:12.421083 #9547] DEBUG -- : scoring weighed rated selections...
D, [2018-03-31T10:51:12.421224 #9547] DEBUG -- : Saving scored selections...
D, [2018-03-31T10:51:12.438422 #9547] DEBUG -- : State Score successfully calculated


D, [2018-03-31T10:51:12.438523 #9547] DEBUG -- : Scoring new state: {:rating=>37, :state=>{:unknown=>0, :possibly_lighter=>1, :possibly_heavier=>0, :normal=>7}}
D, [2018-03-31T10:51:12.438554 #9547] DEBUG -- : State Score successfully calculated


D, [2018-03-31T10:51:12.438591 #9547] DEBUG -- : Scoring new state: {:rating=>37, :state=>{:unknown=>0, :possibly_lighter=>0, :possibly_heavier=>1, :normal=>7}}
D, [2018-03-31T10:51:12.438619 #9547] DEBUG -- : State Score successfully calculated


D, [2018-03-31T10:51:12.438645 #9547] DEBUG -- : Scoring new state: {:rating=>37, :state=>{:unknown=>0, :possibly_lighter=>1, :possibly_heavier=>0, :normal=>7}}
D, [2018-03-31T10:51:12.438664 #9547] DEBUG -- : State Score successfully calculated


D, [2018-03-31T10:51:12.438698 #9547] DEBUG -- : Scoring new state: {:rating=>34, :state=>{:unknown=>0, :possibly_lighter=>2, :possibly_heavier=>0, :normal=>6}}
D, [2018-03-31T10:51:12.441399 #9547] DEBUG -- : returning fully calculated score...
D, [2018-03-31T10:51:12.441469 #9547] DEBUG -- : State Score successfully calculated


D, [2018-03-31T10:51:12.441528 #9547] DEBUG -- : Scoring new state: {:rating=>34, :state=>{:unknown=>0, :possibly_lighter=>1, :possibly_heavier=>1, :normal=>6}}
D, [2018-03-31T10:51:12.444332 #9547] DEBUG -- : returning fully calculated score...
D, [2018-03-31T10:51:12.444442 #9547] DEBUG -- : State Score successfully calculated


D, [2018-03-31T10:51:12.444491 #9547] DEBUG -- : Scoring new state: {:rating=>37, :state=>{:unknown=>0, :possibly_lighter=>1, :possibly_heavier=>0, :normal=>7}}
D, [2018-03-31T10:51:12.444525 #9547] DEBUG -- : State Score successfully calculated


D, [2018-03-31T10:51:12.444587 #9547] DEBUG -- : Scoring new state: {:rating=>37, :state=>{:unknown=>0, :possibly_lighter=>0, :possibly_heavier=>1, :normal=>7}}
D, [2018-03-31T10:51:12.444616 #9547] DEBUG -- : State Score successfully calculated


D, [2018-03-31T10:51:12.444651 #9547] DEBUG -- : Scoring new state: {:rating=>37, :state=>{:unknown=>0, :possibly_lighter=>1, :possibly_heavier=>0, :normal=>7}}
D, [2018-03-31T10:51:12.444678 #9547] DEBUG -- : State Score successfully calculated


D, [2018-03-31T10:51:12.444718 #9547] DEBUG -- : Scoring new state: {:rating=>34, :state=>{:unknown=>0, :possibly_lighter=>2, :possibly_heavier=>0, :normal=>6}}
D, [2018-03-31T10:51:12.448007 #9547] DEBUG -- : returning fully calculated score...
D, [2018-03-31T10:51:12.448141 #9547] DEBUG -- : State Score successfully calculated


D, [2018-03-31T10:51:12.448198 #9547] DEBUG -- : Scoring new state: {:rating=>35, :state=>{:unknown=>1, :possibly_lighter=>0, :possibly_heavier=>0, :normal=>7}}
D, [2018-03-31T10:51:12.451160 #9547] DEBUG -- : returning fully calculated score...
D, [2018-03-31T10:51:12.451261 #9547] DEBUG -- : State Score successfully calculated


D, [2018-03-31T10:51:12.451310 #9547] DEBUG -- : Scoring new state: {:rating=>34, :state=>{:unknown=>0, :possibly_lighter=>2, :possibly_heavier=>0, :normal=>6}}
D, [2018-03-31T10:51:12.453988 #9547] DEBUG -- : returning fully calculated score...
D, [2018-03-31T10:51:12.454077 #9547] DEBUG -- : State Score successfully calculated


D, [2018-03-31T10:51:12.454141 #9547] DEBUG -- : Scoring new state: {:rating=>37, :state=>{:unknown=>0, :possibly_lighter=>0, :possibly_heavier=>1, :normal=>7}}
D, [2018-03-31T10:51:12.454174 #9547] DEBUG -- : State Score successfully calculated


D, [2018-03-31T10:51:12.454211 #9547] DEBUG -- : Scoring new state: {:rating=>34, :state=>{:unknown=>0, :possibly_lighter=>2, :possibly_heavier=>0, :normal=>6}}
D, [2018-03-31T10:51:12.456908 #9547] DEBUG -- : returning fully calculated score...
D, [2018-03-31T10:51:12.456981 #9547] DEBUG -- : State Score successfully calculated


D, [2018-03-31T10:51:12.457022 #9547] DEBUG -- : Scoring new state: {:rating=>37, :state=>{:unknown=>0, :possibly_lighter=>1, :possibly_heavier=>0, :normal=>7}}
D, [2018-03-31T10:51:12.457062 #9547] DEBUG -- : State Score successfully calculated


D, [2018-03-31T10:51:12.457103 #9547] DEBUG -- : Scoring new state: {:rating=>34, :state=>{:unknown=>0, :possibly_lighter=>1, :possibly_heavier=>1, :normal=>6}}
D, [2018-03-31T10:51:12.460199 #9547] DEBUG -- : returning fully calculated score...
D, [2018-03-31T10:51:12.460329 #9547] DEBUG -- : State Score successfully calculated


D, [2018-03-31T10:51:12.460380 #9547] DEBUG -- : Scoring new state: {:rating=>37, :state=>{:unknown=>0, :possibly_lighter=>1, :possibly_heavier=>0, :normal=>7}}
D, [2018-03-31T10:51:12.460413 #9547] DEBUG -- : State Score successfully calculated


D, [2018-03-31T10:51:12.460461 #9547] DEBUG -- : Scoring new state: {:rating=>34, :state=>{:unknown=>0, :possibly_lighter=>1, :possibly_heavier=>1, :normal=>6}}
D, [2018-03-31T10:51:12.463703 #9547] DEBUG -- : returning fully calculated score...
D, [2018-03-31T10:51:12.463818 #9547] DEBUG -- : State Score successfully calculated


D, [2018-03-31T10:51:12.463870 #9547] DEBUG -- : Scoring new state: {:rating=>34, :state=>{:unknown=>0, :possibly_lighter=>2, :possibly_heavier=>0, :normal=>6}}
D, [2018-03-31T10:51:12.466542 #9547] DEBUG -- : returning fully calculated score...
D, [2018-03-31T10:51:12.466615 #9547] DEBUG -- : State Score successfully calculated


D, [2018-03-31T10:51:12.466682 #9547] DEBUG -- : Scoring new state: {:rating=>37, :state=>{:unknown=>0, :possibly_lighter=>0, :possibly_heavier=>1, :normal=>7}}
D, [2018-03-31T10:51:12.466712 #9547] DEBUG -- : State Score successfully calculated


D, [2018-03-31T10:51:12.466742 #9547] DEBUG -- : Scoring new state: {:rating=>37, :state=>{:unknown=>0, :possibly_lighter=>1, :possibly_heavier=>0, :normal=>7}}
D, [2018-03-31T10:51:12.466764 #9547] DEBUG -- : State Score successfully calculated


D, [2018-03-31T10:51:12.466792 #9547] DEBUG -- : Scoring new state: {:rating=>34, :state=>{:unknown=>0, :possibly_lighter=>2, :possibly_heavier=>0, :normal=>6}}
D, [2018-03-31T10:51:12.469335 #9547] DEBUG -- : returning fully calculated score...
D, [2018-03-31T10:51:12.469481 #9547] DEBUG -- : State Score successfully calculated


D, [2018-03-31T10:51:12.469531 #9547] DEBUG -- : Scoring new state: {:rating=>34, :state=>{:unknown=>0, :possibly_lighter=>1, :possibly_heavier=>1, :normal=>6}}
D, [2018-03-31T10:51:12.472016 #9547] DEBUG -- : returning fully calculated score...
D, [2018-03-31T10:51:12.472082 #9547] DEBUG -- : State Score successfully calculated


D, [2018-03-31T10:51:12.472134 #9547] DEBUG -- : Scoring new state: {:rating=>37, :state=>{:unknown=>0, :possibly_lighter=>1, :possibly_heavier=>0, :normal=>7}}
D, [2018-03-31T10:51:12.472163 #9547] DEBUG -- : State Score successfully calculated


D, [2018-03-31T10:51:12.472200 #9547] DEBUG -- : Scoring new state: {:rating=>35, :state=>{:unknown=>1, :possibly_lighter=>0, :possibly_heavier=>0, :normal=>7}}
D, [2018-03-31T10:51:12.474640 #9547] DEBUG -- : returning fully calculated score...
D, [2018-03-31T10:51:12.474704 #9547] DEBUG -- : State Score successfully calculated


D, [2018-03-31T10:51:12.474756 #9547] DEBUG -- : Scoring new state: {:rating=>34, :state=>{:unknown=>0, :possibly_lighter=>2, :possibly_heavier=>0, :normal=>6}}
D, [2018-03-31T10:51:12.477328 #9547] DEBUG -- : returning fully calculated score...
D, [2018-03-31T10:51:12.477413 #9547] DEBUG -- : State Score successfully calculated


D, [2018-03-31T10:51:12.477473 #9547] DEBUG -- : Scoring new state: {:rating=>37, :state=>{:unknown=>0, :possibly_lighter=>0, :possibly_heavier=>1, :normal=>7}}
D, [2018-03-31T10:51:12.477511 #9547] DEBUG -- : State Score successfully calculated


D, [2018-03-31T10:51:12.477553 #9547] DEBUG -- : Scoring new state: {:rating=>34, :state=>{:unknown=>0, :possibly_lighter=>2, :possibly_heavier=>0, :normal=>6}}
D, [2018-03-31T10:51:12.480908 #9547] DEBUG -- : returning fully calculated score...
D, [2018-03-31T10:51:12.481006 #9547] DEBUG -- : State Score successfully calculated


D, [2018-03-31T10:51:12.481053 #9547] DEBUG -- : Scoring new state: {:rating=>37, :state=>{:unknown=>0, :possibly_lighter=>1, :possibly_heavier=>0, :normal=>7}}
D, [2018-03-31T10:51:12.481084 #9547] DEBUG -- : State Score successfully calculated


D, [2018-03-31T10:51:12.481122 #9547] DEBUG -- : Scoring new state: {:rating=>34, :state=>{:unknown=>0, :possibly_lighter=>1, :possibly_heavier=>1, :normal=>6}}
D, [2018-03-31T10:51:12.483820 #9547] DEBUG -- : returning fully calculated score...
D, [2018-03-31T10:51:12.483897 #9547] DEBUG -- : State Score successfully calculated


D, [2018-03-31T10:51:12.483936 #9547] DEBUG -- : Scoring new state: {:rating=>34, :state=>{:unknown=>0, :possibly_lighter=>2, :possibly_heavier=>0, :normal=>6}}
D, [2018-03-31T10:51:12.486577 #9547] DEBUG -- : returning fully calculated score...
D, [2018-03-31T10:51:12.486668 #9547] DEBUG -- : State Score successfully calculated


D, [2018-03-31T10:51:12.486727 #9547] DEBUG -- : Scoring new state: {:rating=>37, :state=>{:unknown=>0, :possibly_lighter=>0, :possibly_heavier=>1, :normal=>7}}
D, [2018-03-31T10:51:12.486770 #9547] DEBUG -- : State Score successfully calculated


D, [2018-03-31T10:51:12.486832 #9547] DEBUG -- : Scoring new state: {:rating=>37, :state=>{:unknown=>0, :possibly_lighter=>1, :possibly_heavier=>0, :normal=>7}}
D, [2018-03-31T10:51:12.486863 #9547] DEBUG -- : State Score successfully calculated


D, [2018-03-31T10:51:12.486898 #9547] DEBUG -- : Scoring new state: {:rating=>34, :state=>{:unknown=>0, :possibly_lighter=>2, :possibly_heavier=>0, :normal=>6}}
D, [2018-03-31T10:51:12.489571 #9547] DEBUG -- : returning fully calculated score...
D, [2018-03-31T10:51:12.489644 #9547] DEBUG -- : State Score successfully calculated


D, [2018-03-31T10:51:12.489706 #9547] DEBUG -- : Scoring new state: {:rating=>35, :state=>{:unknown=>1, :possibly_lighter=>0, :possibly_heavier=>0, :normal=>7}}
D, [2018-03-31T10:51:12.492252 #9547] DEBUG -- : returning fully calculated score...
D, [2018-03-31T10:51:12.492326 #9547] DEBUG -- : State Score successfully calculated


D, [2018-03-31T10:51:12.492363 #9547] DEBUG -- : Scoring new state: {:rating=>34, :state=>{:unknown=>0, :possibly_lighter=>2, :possibly_heavier=>0, :normal=>6}}
D, [2018-03-31T10:51:12.495797 #9547] DEBUG -- : returning fully calculated score...
D, [2018-03-31T10:51:12.495885 #9547] DEBUG -- : State Score successfully calculated


D, [2018-03-31T10:51:12.495937 #9547] DEBUG -- : Scoring new state: {:rating=>37, :state=>{:unknown=>0, :possibly_lighter=>0, :possibly_heavier=>1, :normal=>7}}
D, [2018-03-31T10:51:12.495962 #9547] DEBUG -- : State Score successfully calculated


D, [2018-03-31T10:51:12.495990 #9547] DEBUG -- : Scoring new state: {:rating=>34, :state=>{:unknown=>0, :possibly_lighter=>2, :possibly_heavier=>0, :normal=>6}}
D, [2018-03-31T10:51:12.498726 #9547] DEBUG -- : returning fully calculated score...
D, [2018-03-31T10:51:12.498827 #9547] DEBUG -- : State Score successfully calculated


D, [2018-03-31T10:51:12.498866 #9547] DEBUG -- : Scoring new state: {:rating=>37, :state=>{:unknown=>0, :possibly_lighter=>1, :possibly_heavier=>0, :normal=>7}}
D, [2018-03-31T10:51:12.498891 #9547] DEBUG -- : State Score successfully calculated


D, [2018-03-31T10:51:12.498927 #9547] DEBUG -- : Scoring new state: {:rating=>34, :state=>{:unknown=>0, :possibly_lighter=>1, :possibly_heavier=>1, :normal=>6}}
D, [2018-03-31T10:51:12.501494 #9547] DEBUG -- : returning fully calculated score...
D, [2018-03-31T10:51:12.501567 #9547] DEBUG -- : State Score successfully calculated


D, [2018-03-31T10:51:12.501603 #9547] DEBUG -- : Scoring new state: {:rating=>37, :state=>{:unknown=>0, :possibly_lighter=>1, :possibly_heavier=>0, :normal=>7}}
D, [2018-03-31T10:51:12.501627 #9547] DEBUG -- : State Score successfully calculated


D, [2018-03-31T10:51:12.501662 #9547] DEBUG -- : Scoring new state: {:rating=>34, :state=>{:unknown=>0, :possibly_lighter=>1, :possibly_heavier=>1, :normal=>6}}
D, [2018-03-31T10:51:12.504143 #9547] DEBUG -- : returning fully calculated score...
D, [2018-03-31T10:51:12.504212 #9547] DEBUG -- : State Score successfully calculated


D, [2018-03-31T10:51:12.504263 #9547] DEBUG -- : Scoring new state: {:rating=>34, :state=>{:unknown=>0, :possibly_lighter=>2, :possibly_heavier=>0, :normal=>6}}
D, [2018-03-31T10:51:12.506727 #9547] DEBUG -- : returning fully calculated score...
D, [2018-03-31T10:51:12.506791 #9547] DEBUG -- : State Score successfully calculated


D, [2018-03-31T10:51:12.506860 #9547] DEBUG -- : Scoring new state: {:rating=>37, :state=>{:unknown=>0, :possibly_lighter=>0, :possibly_heavier=>1, :normal=>7}}
D, [2018-03-31T10:51:12.506884 #9547] DEBUG -- : State Score successfully calculated


D, [2018-03-31T10:51:12.506912 #9547] DEBUG -- : Scoring new state: {:rating=>37, :state=>{:unknown=>0, :possibly_lighter=>1, :possibly_heavier=>0, :normal=>7}}
D, [2018-03-31T10:51:12.506932 #9547] DEBUG -- : State Score successfully calculated


D, [2018-03-31T10:51:12.506959 #9547] DEBUG -- : Scoring new state: {:rating=>34, :state=>{:unknown=>0, :possibly_lighter=>2, :possibly_heavier=>0, :normal=>6}}
D, [2018-03-31T10:51:12.509429 #9547] DEBUG -- : returning fully calculated score...
D, [2018-03-31T10:51:12.509513 #9547] DEBUG -- : State Score successfully calculated


D, [2018-03-31T10:51:12.509562 #9547] DEBUG -- : Scoring new state: {:rating=>34, :state=>{:unknown=>0, :possibly_lighter=>1, :possibly_heavier=>1, :normal=>6}}
D, [2018-03-31T10:51:12.513307 #9547] DEBUG -- : returning fully calculated score...
D, [2018-03-31T10:51:12.513417 #9547] DEBUG -- : State Score successfully calculated


D, [2018-03-31T10:51:12.513460 #9547] DEBUG -- : Scoring new state: {:rating=>37, :state=>{:unknown=>0, :possibly_lighter=>1, :possibly_heavier=>0, :normal=>7}}
D, [2018-03-31T10:51:12.513485 #9547] DEBUG -- : State Score successfully calculated


D, [2018-03-31T10:51:12.513556 #9547] DEBUG -- : Scoring new state: {:rating=>35, :state=>{:unknown=>1, :possibly_lighter=>0, :possibly_heavier=>0, :normal=>7}}
D, [2018-03-31T10:51:12.516278 #9547] DEBUG -- : returning fully calculated score...
D, [2018-03-31T10:51:12.516356 #9547] DEBUG -- : State Score successfully calculated


D, [2018-03-31T10:51:12.516408 #9547] DEBUG -- : Scoring new state: {:rating=>34, :state=>{:unknown=>0, :possibly_lighter=>2, :possibly_heavier=>0, :normal=>6}}
D, [2018-03-31T10:51:12.518991 #9547] DEBUG -- : returning fully calculated score...
D, [2018-03-31T10:51:12.519063 #9547] DEBUG -- : State Score successfully calculated


D, [2018-03-31T10:51:12.519113 #9547] DEBUG -- : Scoring new state: {:rating=>37, :state=>{:unknown=>0, :possibly_lighter=>0, :possibly_heavier=>1, :normal=>7}}
D, [2018-03-31T10:51:12.519139 #9547] DEBUG -- : State Score successfully calculated


D, [2018-03-31T10:51:12.519167 #9547] DEBUG -- : Scoring new state: {:rating=>34, :state=>{:unknown=>0, :possibly_lighter=>2, :possibly_heavier=>0, :normal=>6}}
D, [2018-03-31T10:51:12.521686 #9547] DEBUG -- : returning fully calculated score...
D, [2018-03-31T10:51:12.521754 #9547] DEBUG -- : State Score successfully calculated


D, [2018-03-31T10:51:12.521804 #9547] DEBUG -- : Scoring new state: {:rating=>37, :state=>{:unknown=>0, :possibly_lighter=>1, :possibly_heavier=>0, :normal=>7}}
D, [2018-03-31T10:51:12.521866 #9547] DEBUG -- : State Score successfully calculated


D, [2018-03-31T10:51:12.521902 #9547] DEBUG -- : Scoring new state: {:rating=>34, :state=>{:unknown=>0, :possibly_lighter=>1, :possibly_heavier=>1, :normal=>6}}
D, [2018-03-31T10:51:12.524357 #9547] DEBUG -- : returning fully calculated score...
D, [2018-03-31T10:51:12.524424 #9547] DEBUG -- : State Score successfully calculated


D, [2018-03-31T10:51:12.524474 #9547] DEBUG -- : Scoring new state: {:rating=>34, :state=>{:unknown=>0, :possibly_lighter=>2, :possibly_heavier=>0, :normal=>6}}
D, [2018-03-31T10:51:12.527068 #9547] DEBUG -- : returning fully calculated score...
D, [2018-03-31T10:51:12.527192 #9547] DEBUG -- : State Score successfully calculated


D, [2018-03-31T10:51:12.527257 #9547] DEBUG -- : Scoring new state: {:rating=>34, :state=>{:unknown=>0, :possibly_lighter=>1, :possibly_heavier=>1, :normal=>6}}
D, [2018-03-31T10:51:12.530724 #9547] DEBUG -- : returning fully calculated score...
D, [2018-03-31T10:51:12.530855 #9547] DEBUG -- : State Score successfully calculated


D, [2018-03-31T10:51:12.530898 #9547] DEBUG -- : Scoring new state: {:rating=>34, :state=>{:unknown=>0, :possibly_lighter=>2, :possibly_heavier=>0, :normal=>6}}
D, [2018-03-31T10:51:12.533672 #9547] DEBUG -- : returning fully calculated score...
D, [2018-03-31T10:51:12.533761 #9547] DEBUG -- : State Score successfully calculated


D, [2018-03-31T10:51:12.533811 #9547] DEBUG -- : Scoring new state: {:rating=>34, :state=>{:unknown=>0, :possibly_lighter=>1, :possibly_heavier=>1, :normal=>6}}
D, [2018-03-31T10:51:12.536419 #9547] DEBUG -- : returning fully calculated score...
D, [2018-03-31T10:51:12.536490 #9547] DEBUG -- : State Score successfully calculated


D, [2018-03-31T10:51:12.536528 #9547] DEBUG -- : Scoring new state: {:rating=>34, :state=>{:unknown=>0, :possibly_lighter=>2, :possibly_heavier=>0, :normal=>6}}
D, [2018-03-31T10:51:12.538996 #9547] DEBUG -- : returning fully calculated score...
D, [2018-03-31T10:51:12.539061 #9547] DEBUG -- : State Score successfully calculated


D, [2018-03-31T10:51:12.539123 #9547] DEBUG -- : Scoring new state: {:rating=>32, :state=>{:unknown=>1, :possibly_lighter=>1, :possibly_heavier=>0, :normal=>6}}
D, [2018-03-31T10:51:12.541621 #9547] DEBUG -- : calculating updated score for older state...
D, [2018-03-31T10:51:12.545315 #9547] DEBUG -- : generating weighed rated selections...
D, [2018-03-31T10:51:12.677205 #9547] DEBUG -- : scoring weighed rated selections...
D, [2018-03-31T10:51:12.677377 #9547] DEBUG -- : Saving scored selections...
D, [2018-03-31T10:51:12.683907 #9547] DEBUG -- : State Score successfully calculated


D, [2018-03-31T10:51:12.683997 #9547] DEBUG -- : Scoring new state: {:rating=>37, :state=>{:unknown=>0, :possibly_lighter=>1, :possibly_heavier=>0, :normal=>7}}
D, [2018-03-31T10:51:12.684025 #9547] DEBUG -- : State Score successfully calculated


D, [2018-03-31T10:51:12.684061 #9547] DEBUG -- : Scoring new state: {:rating=>32, :state=>{:unknown=>1, :possibly_lighter=>1, :possibly_heavier=>0, :normal=>6}}
D, [2018-03-31T10:51:12.686640 #9547] DEBUG -- : calculating updated score for older state...
D, [2018-03-31T10:51:12.690135 #9547] DEBUG -- : generating weighed rated selections...
D, [2018-03-31T10:51:12.691193 #9547] DEBUG -- : -------> building selection...
D, [2018-03-31T10:51:12.692083 #9547] DEBUG -- : -------> building new state...
D, [2018-03-31T10:51:12.692388 #9547] DEBUG -- : -------> building new state...
D, [2018-03-31T10:51:12.692712 #9547] DEBUG -- : -------> building selection...
D, [2018-03-31T10:51:12.693129 #9547] DEBUG -- : -------> building new state...
D, [2018-03-31T10:51:12.693244 #9547] DEBUG -- : -------> building new state...
D, [2018-03-31T10:51:12.693437 #9547] DEBUG -- : -------> building selection...
D, [2018-03-31T10:51:12.693774 #9547] DEBUG -- : -------> building new state...
D, [2018-03-31T10:51:12.693912 #9547] DEBUG -- : -------> building new state...
D, [2018-03-31T10:51:12.694108 #9547] DEBUG -- : -------> building selection...
D, [2018-03-31T10:51:12.694426 #9547] DEBUG -- : -------> building new state...
D, [2018-03-31T10:51:12.694534 #9547] DEBUG -- : -------> building new state...
D, [2018-03-31T10:51:12.694723 #9547] DEBUG -- : -------> building selection...
D, [2018-03-31T10:51:12.695072 #9547] DEBUG -- : -------> building new state...
D, [2018-03-31T10:51:12.695200 #9547] DEBUG -- : -------> building new state...
D, [2018-03-31T10:51:12.695381 #9547] DEBUG -- : -------> building selection...
D, [2018-03-31T10:51:12.695695 #9547] DEBUG -- : -------> building new state...
D, [2018-03-31T10:51:12.695799 #9547] DEBUG -- : -------> building new state...
D, [2018-03-31T10:51:12.695979 #9547] DEBUG -- : -------> building selection...
D, [2018-03-31T10:51:12.696318 #9547] DEBUG -- : -------> building new state...
D, [2018-03-31T10:51:12.696416 #9547] DEBUG -- : -------> building new state...
D, [2018-03-31T10:51:12.696600 #9547] DEBUG -- : -------> building selection...
D, [2018-03-31T10:51:12.696911 #9547] DEBUG -- : -------> building new state...
D, [2018-03-31T10:51:12.697009 #9547] DEBUG -- : -------> building new state...
D, [2018-03-31T10:51:12.697209 #9547] DEBUG -- : -------> building selection...
D, [2018-03-31T10:51:12.697541 #9547] DEBUG -- : -------> building new state...
D, [2018-03-31T10:51:12.697639 #9547] DEBUG -- : -------> building new state...
D, [2018-03-31T10:51:12.697821 #9547] DEBUG -- : -------> building selection...
D, [2018-03-31T10:51:12.698132 #9547] DEBUG -- : -------> building new state...
D, [2018-03-31T10:51:12.698230 #9547] DEBUG -- : -------> building new state...
D, [2018-03-31T10:51:12.698408 #9547] DEBUG -- : -------> building selection...
D, [2018-03-31T10:51:12.698747 #9547] DEBUG -- : -------> building new state...
D, [2018-03-31T10:51:12.698860 #9547] DEBUG -- : -------> building new state...
D, [2018-03-31T10:51:12.699041 #9547] DEBUG -- : -------> building selection...
D, [2018-03-31T10:51:12.699411 #9547] DEBUG -- : -------> building new state...
D, [2018-03-31T10:51:12.699623 #9547] DEBUG -- : -------> building new state...
D, [2018-03-31T10:51:12.699859 #9547] DEBUG -- : -------> building selection...
D, [2018-03-31T10:51:12.700196 #9547] DEBUG -- : -------> building new state...
D, [2018-03-31T10:51:12.700298 #9547] DEBUG -- : -------> building new state...
D, [2018-03-31T10:51:12.700479 #9547] DEBUG -- : -------> building selection...
D, [2018-03-31T10:51:12.700793 #9547] DEBUG -- : -------> building new state...
D, [2018-03-31T10:51:12.700915 #9547] DEBUG -- : -------> building new state...
D, [2018-03-31T10:51:12.701098 #9547] DEBUG -- : -------> building selection...
D, [2018-03-31T10:51:12.701406 #9547] DEBUG -- : -------> building new state...
D, [2018-03-31T10:51:12.701508 #9547] DEBUG -- : -------> building new state...
D, [2018-03-31T10:51:12.701689 #9547] DEBUG -- : -------> building selection...
D, [2018-03-31T10:51:12.702026 #9547] DEBUG -- : -------> building new state...
D, [2018-03-31T10:51:12.702126 #9547] DEBUG -- : -------> building new state...
D, [2018-03-31T10:51:12.702336 #9547] DEBUG -- : -------> building selection...
D, [2018-03-31T10:51:12.702783 #9547] DEBUG -- : -------> building new state...
D, [2018-03-31T10:51:12.702933 #9547] DEBUG -- : -------> building new state...
D, [2018-03-31T10:51:12.703145 #9547] DEBUG -- : -------> building selection...
D, [2018-03-31T10:51:12.703494 #9547] DEBUG -- : -------> building new state...
D, [2018-03-31T10:51:12.703595 #9547] DEBUG -- : -------> building new state...
D, [2018-03-31T10:51:12.703788 #9547] DEBUG -- : -------> building selection...
D, [2018-03-31T10:51:12.704112 #9547] DEBUG -- : -------> building new state...
D, [2018-03-31T10:51:12.704211 #9547] DEBUG -- : -------> building new state...
D, [2018-03-31T10:51:12.704388 #9547] DEBUG -- : -------> building selection...
D, [2018-03-31T10:51:12.704737 #9547] DEBUG -- : -------> building new state...
D, [2018-03-31T10:51:12.704839 #9547] DEBUG -- : -------> building new state...
D, [2018-03-31T10:51:12.705018 #9547] DEBUG -- : -------> building selection...
D, [2018-03-31T10:51:12.705325 #9547] DEBUG -- : -------> building new state...
D, [2018-03-31T10:51:12.705423 #9547] DEBUG -- : -------> building new state...
D, [2018-03-31T10:51:12.705620 #9547] DEBUG -- : -------> building selection...
D, [2018-03-31T10:51:12.705930 #9547] DEBUG -- : -------> building new state...
D, [2018-03-31T10:51:12.706029 #9547] DEBUG -- : -------> building new state...
D, [2018-03-31T10:51:12.706209 #9547] DEBUG -- : -------> building selection...
D, [2018-03-31T10:51:12.706542 #9547] DEBUG -- : -------> building new state...
D, [2018-03-31T10:51:12.706640 #9547] DEBUG -- : -------> building new state...
D, [2018-03-31T10:51:12.706850 #9547] DEBUG -- : -------> building selection...
D, [2018-03-31T10:51:12.707225 #9547] DEBUG -- : -------> building new state...
D, [2018-03-31T10:51:12.707404 #9547] DEBUG -- : -------> building new state...
D, [2018-03-31T10:51:12.707633 #9547] DEBUG -- : -------> building selection...
D, [2018-03-31T10:51:12.707957 #9547] DEBUG -- : -------> building new state...
D, [2018-03-31T10:51:12.708056 #9547] DEBUG -- : -------> building new state...
D, [2018-03-31T10:51:12.708238 #9547] DEBUG -- : -------> building selection...
D, [2018-03-31T10:51:12.708669 #9547] DEBUG -- : -------> building new state...
D, [2018-03-31T10:51:12.708797 #9547] DEBUG -- : -------> building new state...
D, [2018-03-31T10:51:12.709023 #9547] DEBUG -- : scoring weighed rated selections...
D, [2018-03-31T10:51:12.709086 #9547] DEBUG -- : Saving scored selections...
D, [2018-03-31T10:51:12.715636 #9547] DEBUG -- : State Score successfully calculated


D, [2018-03-31T10:51:12.715705 #9547] DEBUG -- : Scoring new state: {:rating=>37, :state=>{:unknown=>0, :possibly_lighter=>1, :possibly_heavier=>0, :normal=>7}}
D, [2018-03-31T10:51:12.715730 #9547] DEBUG -- : State Score successfully calculated


D, [2018-03-31T10:51:12.715766 #9547] DEBUG -- : Scoring new state: {:rating=>32, :state=>{:unknown=>1, :possibly_lighter=>1, :possibly_heavier=>0, :normal=>6}}
D, [2018-03-31T10:51:12.718485 #9547] DEBUG -- : calculating updated score for older state...
D, [2018-03-31T10:51:12.721970 #9547] DEBUG -- : generating weighed rated selections...
D, [2018-03-31T10:51:12.722996 #9547] DEBUG -- : -------> building selection...
D, [2018-03-31T10:51:12.723829 #9547] DEBUG -- : -------> building new state...
D, [2018-03-31T10:51:12.724159 #9547] DEBUG -- : -------> building new state...
D, [2018-03-31T10:51:12.724401 #9547] DEBUG -- : -------> building selection...
D, [2018-03-31T10:51:12.724773 #9547] DEBUG -- : -------> building new state...
D, [2018-03-31T10:51:12.724999 #9547] DEBUG -- : -------> building new state...
D, [2018-03-31T10:51:12.725204 #9547] DEBUG -- : -------> building selection...
D, [2018-03-31T10:51:12.725551 #9547] DEBUG -- : -------> building new state...
D, [2018-03-31T10:51:12.725656 #9547] DEBUG -- : -------> building new state...
D, [2018-03-31T10:51:12.725836 #9547] DEBUG -- : -------> building selection...
D, [2018-03-31T10:51:12.726213 #9547] DEBUG -- : -------> building new state...
D, [2018-03-31T10:51:12.726316 #9547] DEBUG -- : -------> building new state...
D, [2018-03-31T10:51:12.726497 #9547] DEBUG -- : -------> building selection...
D, [2018-03-31T10:51:12.726819 #9547] DEBUG -- : -------> building new state...
D, [2018-03-31T10:51:12.726923 #9547] DEBUG -- : -------> building new state...
D, [2018-03-31T10:51:12.727132 #9547] DEBUG -- : -------> building selection...
D, [2018-03-31T10:51:12.727478 #9547] DEBUG -- : -------> building new state...
D, [2018-03-31T10:51:12.727684 #9547] DEBUG -- : -------> building new state...
D, [2018-03-31T10:51:12.727890 #9547] DEBUG -- : -------> building selection...
D, [2018-03-31T10:51:12.728217 #9547] DEBUG -- : -------> building new state...
D, [2018-03-31T10:51:12.728316 #9547] DEBUG -- : -------> building new state...
D, [2018-03-31T10:51:12.728553 #9547] DEBUG -- : -------> building selection...
D, [2018-03-31T10:51:12.728975 #9547] DEBUG -- : -------> building new state...
D, [2018-03-31T10:51:12.729082 #9547] DEBUG -- : -------> building new state...
D, [2018-03-31T10:51:12.729274 #9547] DEBUG -- : -------> building selection...
D, [2018-03-31T10:51:12.729617 #9547] DEBUG -- : -------> building new state...
D, [2018-03-31T10:51:12.729716 #9547] DEBUG -- : -------> building new state...
D, [2018-03-31T10:51:12.729904 #9547] DEBUG -- : -------> building selection...
D, [2018-03-31T10:51:12.730221 #9547] DEBUG -- : -------> building new state...
D, [2018-03-31T10:51:12.730319 #9547] DEBUG -- : -------> building new state...
D, [2018-03-31T10:51:12.730500 #9547] DEBUG -- : -------> building selection...
D, [2018-03-31T10:51:12.730845 #9547] DEBUG -- : -------> building new state...
D, [2018-03-31T10:51:12.730947 #9547] DEBUG -- : -------> building new state...
D, [2018-03-31T10:51:12.731129 #9547] DEBUG -- : -------> building selection...
D, [2018-03-31T10:51:12.731476 #9547] DEBUG -- : -------> building new state...
D, [2018-03-31T10:51:12.731670 #9547] DEBUG -- : -------> building new state...
D, [2018-03-31T10:51:12.731867 #9547] DEBUG -- : -------> building selection...
D, [2018-03-31T10:51:12.732208 #9547] DEBUG -- : -------> building new state...
D, [2018-03-31T10:51:12.732309 #9547] DEBUG -- : -------> building new state...
D, [2018-03-31T10:51:12.732488 #9547] DEBUG -- : -------> building selection...
D, [2018-03-31T10:51:12.732855 #9547] DEBUG -- : -------> building new state...
D, [2018-03-31T10:51:12.733054 #9547] DEBUG -- : -------> building new state...
D, [2018-03-31T10:51:12.733257 #9547] DEBUG -- : -------> building selection...
D, [2018-03-31T10:51:12.733582 #9547] DEBUG -- : -------> building new state...
D, [2018-03-31T10:51:12.733681 #9547] DEBUG -- : -------> building new state...
D, [2018-03-31T10:51:12.733860 #9547] DEBUG -- : -------> building selection...
D, [2018-03-31T10:51:12.734204 #9547] DEBUG -- : -------> building new state...
D, [2018-03-31T10:51:12.734304 #9547] DEBUG -- : -------> building new state...
D, [2018-03-31T10:51:12.734492 #9547] DEBUG -- : -------> building selection...
D, [2018-03-31T10:51:12.734813 #9547] DEBUG -- : -------> building new state...
D, [2018-03-31T10:51:12.734913 #9547] DEBUG -- : -------> building new state...
D, [2018-03-31T10:51:12.735095 #9547] DEBUG -- : -------> building selection...
D, [2018-03-31T10:51:12.735435 #9547] DEBUG -- : -------> building new state...
D, [2018-03-31T10:51:12.735533 #9547] DEBUG -- : -------> building new state...
D, [2018-03-31T10:51:12.735710 #9547] DEBUG -- : -------> building selection...
D, [2018-03-31T10:51:12.736018 #9547] DEBUG -- : -------> building new state...
D, [2018-03-31T10:51:12.736116 #9547] DEBUG -- : -------> building new state...
D, [2018-03-31T10:51:12.736323 #9547] DEBUG -- : -------> building selection...
D, [2018-03-31T10:51:12.736639 #9547] DEBUG -- : -------> building new state...
D, [2018-03-31T10:51:12.736741 #9547] DEBUG -- : -------> building new state...
D, [2018-03-31T10:51:12.736918 #9547] DEBUG -- : -------> building selection...
D, [2018-03-31T10:51:12.737227 #9547] DEBUG -- : -------> building new state...
D, [2018-03-31T10:51:12.737324 #9547] DEBUG -- : -------> building new state...
D, [2018-03-31T10:51:12.737519 #9547] DEBUG -- : -------> building selection...
D, [2018-03-31T10:51:12.737833 #9547] DEBUG -- : -------> building new state...
D, [2018-03-31T10:51:12.737931 #9547] DEBUG -- : -------> building new state...
D, [2018-03-31T10:51:12.738136 #9547] DEBUG -- : -------> building selection...
D, [2018-03-31T10:51:12.738446 #9547] DEBUG -- : -------> building new state...
D, [2018-03-31T10:51:12.738551 #9547] DEBUG -- : -------> building new state...
D, [2018-03-31T10:51:12.738731 #9547] DEBUG -- : -------> building selection...
D, [2018-03-31T10:51:12.739065 #9547] DEBUG -- : -------> building new state...
D, [2018-03-31T10:51:12.739167 #9547] DEBUG -- : -------> building new state...
D, [2018-03-31T10:51:12.739360 #9547] DEBUG -- : -------> building selection...
D, [2018-03-31T10:51:12.739676 #9547] DEBUG -- : -------> building new state...
D, [2018-03-31T10:51:12.739776 #9547] DEBUG -- : -------> building new state...
D, [2018-03-31T10:51:12.739956 #9547] DEBUG -- : -------> building selection...
D, [2018-03-31T10:51:12.740277 #9547] DEBUG -- : -------> building new state...
D, [2018-03-31T10:51:12.740379 #9547] DEBUG -- : -------> building new state...
D, [2018-03-31T10:51:12.740560 #9547] DEBUG -- : scoring weighed rated selections...
D, [2018-03-31T10:51:12.740620 #9547] DEBUG -- : Saving scored selections...
D, [2018-03-31T10:51:12.747095 #9547] DEBUG -- : State Score successfully calculated


D, [2018-03-31T10:51:12.747164 #9547] DEBUG -- : Scoring new state: {:rating=>37, :state=>{:unknown=>0, :possibly_lighter=>1, :possibly_heavier=>0, :normal=>7}}
D, [2018-03-31T10:51:12.747190 #9547] DEBUG -- : State Score successfully calculated


D, [2018-03-31T10:51:12.747225 #9547] DEBUG -- : Scoring new state: {:rating=>32, :state=>{:unknown=>1, :possibly_lighter=>1, :possibly_heavier=>0, :normal=>6}}
D, [2018-03-31T10:51:12.749883 #9547] DEBUG -- : calculating updated score for older state...
D, [2018-03-31T10:51:12.753537 #9547] DEBUG -- : generating weighed rated selections...
D, [2018-03-31T10:51:12.754606 #9547] DEBUG -- : -------> building selection...
D, [2018-03-31T10:51:12.755588 #9547] DEBUG -- : -------> building new state...
D, [2018-03-31T10:51:12.755926 #9547] DEBUG -- : -------> building new state...
D, [2018-03-31T10:51:12.756155 #9547] DEBUG -- : -------> building selection...
D, [2018-03-31T10:51:12.756480 #9547] DEBUG -- : -------> building new state...
D, [2018-03-31T10:51:12.756581 #9547] DEBUG -- : -------> building new state...
D, [2018-03-31T10:51:12.756761 #9547] DEBUG -- : -------> building selection...
D, [2018-03-31T10:51:12.757134 #9547] DEBUG -- : -------> building new state...
D, [2018-03-31T10:51:12.757236 #9547] DEBUG -- : -------> building new state...
D, [2018-03-31T10:51:12.757414 #9547] DEBUG -- : -------> building selection...
D, [2018-03-31T10:51:12.757726 #9547] DEBUG -- : -------> building new state...
D, [2018-03-31T10:51:12.757837 #9547] DEBUG -- : -------> building new state...
D, [2018-03-31T10:51:12.758089 #9547] DEBUG -- : -------> building selection...
D, [2018-03-31T10:51:12.758405 #9547] DEBUG -- : -------> building new state...
D, [2018-03-31T10:51:12.758505 #9547] DEBUG -- : -------> building new state...
D, [2018-03-31T10:51:12.758684 #9547] DEBUG -- : -------> building selection...
D, [2018-03-31T10:51:12.759011 #9547] DEBUG -- : -------> building new state...
D, [2018-03-31T10:51:12.759174 #9547] DEBUG -- : -------> building new state...
D, [2018-03-31T10:51:12.759369 #9547] DEBUG -- : -------> building selection...
D, [2018-03-31T10:51:12.759682 #9547] DEBUG -- : -------> building new state...
D, [2018-03-31T10:51:12.759781 #9547] DEBUG -- : -------> building new state...
D, [2018-03-31T10:51:12.759957 #9547] DEBUG -- : -------> building selection...
D, [2018-03-31T10:51:12.760339 #9547] DEBUG -- : -------> building new state...
D, [2018-03-31T10:51:12.760442 #9547] DEBUG -- : -------> building new state...
D, [2018-03-31T10:51:12.760621 #9547] DEBUG -- : -------> building selection...
D, [2018-03-31T10:51:12.760930 #9547] DEBUG -- : -------> building new state...
D, [2018-03-31T10:51:12.761028 #9547] DEBUG -- : -------> building new state...
D, [2018-03-31T10:51:12.761273 #9547] DEBUG -- : -------> building selection...
D, [2018-03-31T10:51:12.761587 #9547] DEBUG -- : -------> building new state...
D, [2018-03-31T10:51:12.761686 #9547] DEBUG -- : -------> building new state...
D, [2018-03-31T10:51:12.761865 #9547] DEBUG -- : -------> building selection...
D, [2018-03-31T10:51:12.762243 #9547] DEBUG -- : -------> building new state...
D, [2018-03-31T10:51:12.762345 #9547] DEBUG -- : -------> building new state...
D, [2018-03-31T10:51:12.762524 #9547] DEBUG -- : -------> building selection...
D, [2018-03-31T10:51:12.762847 #9547] DEBUG -- : -------> building new state...
D, [2018-03-31T10:51:12.762949 #9547] DEBUG -- : -------> building new state...
D, [2018-03-31T10:51:12.763195 #9547] DEBUG -- : -------> building selection...
D, [2018-03-31T10:51:12.763511 #9547] DEBUG -- : -------> building new state...
D, [2018-03-31T10:51:12.763611 #9547] DEBUG -- : -------> building new state...
D, [2018-03-31T10:51:12.763789 #9547] DEBUG -- : -------> building selection...
D, [2018-03-31T10:51:12.764100 #9547] DEBUG -- : -------> building new state...
D, [2018-03-31T10:51:12.764264 #9547] DEBUG -- : -------> building new state...
D, [2018-03-31T10:51:12.764586 #9547] DEBUG -- : -------> building selection...
D, [2018-03-31T10:51:12.764934 #9547] DEBUG -- : -------> building new state...
D, [2018-03-31T10:51:12.765046 #9547] DEBUG -- : -------> building new state...
D, [2018-03-31T10:51:12.765239 #9547] DEBUG -- : -------> building selection...
D, [2018-03-31T10:51:12.767114 #9547] DEBUG -- : -------> building new state...
D, [2018-03-31T10:51:12.767333 #9547] DEBUG -- : -------> building new state...
D, [2018-03-31T10:51:12.767603 #9547] DEBUG -- : -------> building selection...
D, [2018-03-31T10:51:12.767931 #9547] DEBUG -- : -------> building new state...
D, [2018-03-31T10:51:12.768039 #9547] DEBUG -- : -------> building new state...
D, [2018-03-31T10:51:12.768223 #9547] DEBUG -- : -------> building selection...
D, [2018-03-31T10:51:12.768565 #9547] DEBUG -- : -------> building new state...
D, [2018-03-31T10:51:12.768667 #9547] DEBUG -- : -------> building new state...
D, [2018-03-31T10:51:12.768851 #9547] DEBUG -- : -------> building selection...
D, [2018-03-31T10:51:12.769164 #9547] DEBUG -- : -------> building new state...
D, [2018-03-31T10:51:12.769262 #9547] DEBUG -- : -------> building new state...
D, [2018-03-31T10:51:12.769499 #9547] DEBUG -- : -------> building selection...
D, [2018-03-31T10:51:12.769880 #9547] DEBUG -- : -------> building new state...
D, [2018-03-31T10:51:12.770068 #9547] DEBUG -- : -------> building new state...
D, [2018-03-31T10:51:12.770303 #9547] DEBUG -- : -------> building selection...
D, [2018-03-31T10:51:12.770740 #9547] DEBUG -- : -------> building new state...
D, [2018-03-31T10:51:12.770878 #9547] DEBUG -- : -------> building new state...
D, [2018-03-31T10:51:12.771131 #9547] DEBUG -- : -------> building selection...
D, [2018-03-31T10:51:12.771457 #9547] DEBUG -- : -------> building new state...
D, [2018-03-31T10:51:12.771557 #9547] DEBUG -- : -------> building new state...
D, [2018-03-31T10:51:12.771746 #9547] DEBUG -- : -------> building selection...
D, [2018-03-31T10:51:12.772060 #9547] DEBUG -- : -------> building new state...
D, [2018-03-31T10:51:12.772184 #9547] DEBUG -- : -------> building new state...
D, [2018-03-31T10:51:12.772367 #9547] DEBUG -- : -------> building selection...
D, [2018-03-31T10:51:12.772705 #9547] DEBUG -- : -------> building new state...
D, [2018-03-31T10:51:12.772807 #9547] DEBUG -- : -------> building new state...
D, [2018-03-31T10:51:12.772985 #9547] DEBUG -- : -------> building selection...
D, [2018-03-31T10:51:12.773295 #9547] DEBUG -- : -------> building new state...
D, [2018-03-31T10:51:12.773442 #9547] DEBUG -- : -------> building new state...
D, [2018-03-31T10:51:12.773623 #9547] DEBUG -- : -------> building selection...
D, [2018-03-31T10:51:12.773953 #9547] DEBUG -- : -------> building new state...
D, [2018-03-31T10:51:12.774054 #9547] DEBUG -- : -------> building new state...
D, [2018-03-31T10:51:12.774233 #9547] DEBUG -- : scoring weighed rated selections...
D, [2018-03-31T10:51:12.774295 #9547] DEBUG -- : Saving scored selections...
D, [2018-03-31T10:51:12.780673 #9547] DEBUG -- : State Score successfully calculated


D, [2018-03-31T10:51:12.780743 #9547] DEBUG -- : Scoring new state: {:rating=>37, :state=>{:unknown=>0, :possibly_lighter=>1, :possibly_heavier=>0, :normal=>7}}
D, [2018-03-31T10:51:12.780769 #9547] DEBUG -- : State Score successfully calculated


D, [2018-03-31T10:51:12.780805 #9547] DEBUG -- : Scoring new state: {:rating=>32, :state=>{:unknown=>1, :possibly_lighter=>1, :possibly_heavier=>0, :normal=>6}}
D, [2018-03-31T10:51:12.783546 #9547] DEBUG -- : calculating updated score for older state...
D, [2018-03-31T10:51:12.787093 #9547] DEBUG -- : generating weighed rated selections...
D, [2018-03-31T10:51:12.788110 #9547] DEBUG -- : -------> building selection...
D, [2018-03-31T10:51:12.788943 #9547] DEBUG -- : -------> building new state...
D, [2018-03-31T10:51:12.789249 #9547] DEBUG -- : -------> building new state...
D, [2018-03-31T10:51:12.789531 #9547] DEBUG -- : -------> building selection...
D, [2018-03-31T10:51:12.789869 #9547] DEBUG -- : -------> building new state...
D, [2018-03-31T10:51:12.789994 #9547] DEBUG -- : -------> building new state...
D, [2018-03-31T10:51:12.790179 #9547] DEBUG -- : -------> building selection...
D, [2018-03-31T10:51:12.790493 #9547] DEBUG -- : -------> building new state...
D, [2018-03-31T10:51:12.790643 #9547] DEBUG -- : -------> building new state...
D, [2018-03-31T10:51:12.792397 #9547] DEBUG -- : -------> building selection...
D, [2018-03-31T10:51:12.792808 #9547] DEBUG -- : -------> building new state...
D, [2018-03-31T10:51:12.792953 #9547] DEBUG -- : -------> building new state...
D, [2018-03-31T10:51:12.793144 #9547] DEBUG -- : -------> building selection...
D, [2018-03-31T10:51:12.793478 #9547] DEBUG -- : -------> building new state...
D, [2018-03-31T10:51:12.793578 #9547] DEBUG -- : -------> building new state...
D, [2018-03-31T10:51:12.793789 #9547] DEBUG -- : -------> building selection...
D, [2018-03-31T10:51:12.794100 #9547] DEBUG -- : -------> building new state...
D, [2018-03-31T10:51:12.794204 #9547] DEBUG -- : -------> building new state...
D, [2018-03-31T10:51:12.794387 #9547] DEBUG -- : -------> building selection...
D, [2018-03-31T10:51:12.794716 #9547] DEBUG -- : -------> building new state...
D, [2018-03-31T10:51:12.794840 #9547] DEBUG -- : -------> building new state...
D, [2018-03-31T10:51:12.795073 #9547] DEBUG -- : -------> building selection...
D, [2018-03-31T10:51:12.795532 #9547] DEBUG -- : -------> building new state...
D, [2018-03-31T10:51:12.795641 #9547] DEBUG -- : -------> building new state...
D, [2018-03-31T10:51:12.795833 #9547] DEBUG -- : -------> building selection...
D, [2018-03-31T10:51:12.796165 #9547] DEBUG -- : -------> building new state...
D, [2018-03-31T10:51:12.796277 #9547] DEBUG -- : -------> building new state...
D, [2018-03-31T10:51:12.796458 #9547] DEBUG -- : -------> building selection...
D, [2018-03-31T10:51:12.796817 #9547] DEBUG -- : -------> building new state...
D, [2018-03-31T10:51:12.797015 #9547] DEBUG -- : -------> building new state...
D, [2018-03-31T10:51:12.797235 #9547] DEBUG -- : -------> building selection...
D, [2018-03-31T10:51:12.797586 #9547] DEBUG -- : -------> building new state...
D, [2018-03-31T10:51:12.797708 #9547] DEBUG -- : -------> building new state...
D, [2018-03-31T10:51:12.797892 #9547] DEBUG -- : -------> building selection...
D, [2018-03-31T10:51:12.798210 #9547] DEBUG -- : -------> building new state...
D, [2018-03-31T10:51:12.798311 #9547] DEBUG -- : -------> building new state...
D, [2018-03-31T10:51:12.798507 #9547] DEBUG -- : -------> building selection...
D, [2018-03-31T10:51:12.798845 #9547] DEBUG -- : -------> building new state...
D, [2018-03-31T10:51:12.799066 #9547] DEBUG -- : -------> building new state...
D, [2018-03-31T10:51:12.799271 #9547] DEBUG -- : -------> building selection...
D, [2018-03-31T10:51:12.799602 #9547] DEBUG -- : -------> building new state...
D, [2018-03-31T10:51:12.799721 #9547] DEBUG -- : -------> building new state...
D, [2018-03-31T10:51:12.799903 #9547] DEBUG -- : -------> building selection...
D, [2018-03-31T10:51:12.800216 #9547] DEBUG -- : -------> building new state...
D, [2018-03-31T10:51:12.800325 #9547] DEBUG -- : -------> building new state...
D, [2018-03-31T10:51:12.800527 #9547] DEBUG -- : -------> building selection...
D, [2018-03-31T10:51:12.800836 #9547] DEBUG -- : -------> building new state...
D, [2018-03-31T10:51:12.800936 #9547] DEBUG -- : -------> building new state...
D, [2018-03-31T10:51:12.801144 #9547] DEBUG -- : -------> building selection...
D, [2018-03-31T10:51:12.801493 #9547] DEBUG -- : -------> building new state...
D, [2018-03-31T10:51:12.801592 #9547] DEBUG -- : -------> building new state...
D, [2018-03-31T10:51:12.801785 #9547] DEBUG -- : -------> building selection...
D, [2018-03-31T10:51:12.802130 #9547] DEBUG -- : -------> building new state...
D, [2018-03-31T10:51:12.802228 #9547] DEBUG -- : -------> building new state...
D, [2018-03-31T10:51:12.802441 #9547] DEBUG -- : -------> building selection...
D, [2018-03-31T10:51:12.802767 #9547] DEBUG -- : -------> building new state...
D, [2018-03-31T10:51:12.802915 #9547] DEBUG -- : -------> building new state...
D, [2018-03-31T10:51:12.803104 #9547] DEBUG -- : -------> building selection...
D, [2018-03-31T10:51:12.803435 #9547] DEBUG -- : -------> building new state...
D, [2018-03-31T10:51:12.803569 #9547] DEBUG -- : -------> building new state...
D, [2018-03-31T10:51:12.803754 #9547] DEBUG -- : -------> building selection...
D, [2018-03-31T10:51:12.804064 #9547] DEBUG -- : -------> building new state...
D, [2018-03-31T10:51:12.804233 #9547] DEBUG -- : -------> building new state...
D, [2018-03-31T10:51:12.804426 #9547] DEBUG -- : -------> building selection...
D, [2018-03-31T10:51:12.804747 #9547] DEBUG -- : -------> building new state...
D, [2018-03-31T10:51:12.804890 #9547] DEBUG -- : -------> building new state...
D, [2018-03-31T10:51:12.806618 #9547] DEBUG -- : -------> building selection...
D, [2018-03-31T10:51:12.806992 #9547] DEBUG -- : -------> building new state...
D, [2018-03-31T10:51:12.807122 #9547] DEBUG -- : -------> building new state...
D, [2018-03-31T10:51:12.807311 #9547] DEBUG -- : -------> building selection...
D, [2018-03-31T10:51:12.807652 #9547] DEBUG -- : -------> building new state...
D, [2018-03-31T10:51:12.807751 #9547] DEBUG -- : -------> building new state...
D, [2018-03-31T10:51:12.807932 #9547] DEBUG -- : -------> building selection...
D, [2018-03-31T10:51:12.808263 #9547] DEBUG -- : -------> building new state...
D, [2018-03-31T10:51:12.808369 #9547] DEBUG -- : -------> building new state...
D, [2018-03-31T10:51:12.808548 #9547] DEBUG -- : -------> building selection...
D, [2018-03-31T10:51:12.808893 #9547] DEBUG -- : -------> building new state...
D, [2018-03-31T10:51:12.808995 #9547] DEBUG -- : -------> building new state...
D, [2018-03-31T10:51:12.809174 #9547] DEBUG -- : scoring weighed rated selections...
D, [2018-03-31T10:51:12.809237 #9547] DEBUG -- : Saving scored selections...
D, [2018-03-31T10:51:12.815754 #9547] DEBUG -- : State Score successfully calculated


D, [2018-03-31T10:51:12.815842 #9547] DEBUG -- : Scoring new state: {:rating=>37, :state=>{:unknown=>0, :possibly_lighter=>1, :possibly_heavier=>0, :normal=>7}}
D, [2018-03-31T10:51:12.815867 #9547] DEBUG -- : State Score successfully calculated


D, [2018-03-31T10:51:12.815901 #9547] DEBUG -- : Scoring new state: {:rating=>32, :state=>{:unknown=>1, :possibly_lighter=>1, :possibly_heavier=>0, :normal=>6}}
D, [2018-03-31T10:51:12.818535 #9547] DEBUG -- : calculating updated score for older state...
D, [2018-03-31T10:51:12.822086 #9547] DEBUG -- : generating weighed rated selections...
D, [2018-03-31T10:51:12.823127 #9547] DEBUG -- : -------> building selection...
D, [2018-03-31T10:51:12.823988 #9547] DEBUG -- : -------> building new state...
D, [2018-03-31T10:51:12.824362 #9547] DEBUG -- : -------> building new state...
D, [2018-03-31T10:51:12.824615 #9547] DEBUG -- : -------> building selection...
D, [2018-03-31T10:51:12.824978 #9547] DEBUG -- : -------> building new state...
D, [2018-03-31T10:51:12.825085 #9547] DEBUG -- : -------> building new state...
D, [2018-03-31T10:51:12.825268 #9547] DEBUG -- : -------> building selection...
D, [2018-03-31T10:51:12.825602 #9547] DEBUG -- : -------> building new state...
D, [2018-03-31T10:51:12.825705 #9547] DEBUG -- : -------> building new state...
D, [2018-03-31T10:51:12.825904 #9547] DEBUG -- : -------> building selection...
D, [2018-03-31T10:51:12.826239 #9547] DEBUG -- : -------> building new state...
D, [2018-03-31T10:51:12.826361 #9547] DEBUG -- : -------> building new state...
D, [2018-03-31T10:51:12.826553 #9547] DEBUG -- : -------> building selection...
D, [2018-03-31T10:51:12.826902 #9547] DEBUG -- : -------> building new state...
D, [2018-03-31T10:51:12.827015 #9547] DEBUG -- : -------> building new state...
D, [2018-03-31T10:51:12.827227 #9547] DEBUG -- : -------> building selection...
D, [2018-03-31T10:51:12.827566 #9547] DEBUG -- : -------> building new state...
D, [2018-03-31T10:51:12.827689 #9547] DEBUG -- : -------> building new state...
D, [2018-03-31T10:51:12.827880 #9547] DEBUG -- : -------> building selection...
D, [2018-03-31T10:51:12.828224 #9547] DEBUG -- : -------> building new state...
D, [2018-03-31T10:51:12.828335 #9547] DEBUG -- : -------> building new state...
D, [2018-03-31T10:51:12.828525 #9547] DEBUG -- : -------> building selection...
D, [2018-03-31T10:51:12.828877 #9547] DEBUG -- : -------> building new state...
D, [2018-03-31T10:51:12.828986 #9547] DEBUG -- : -------> building new state...
D, [2018-03-31T10:51:12.829173 #9547] DEBUG -- : -------> building selection...
D, [2018-03-31T10:51:12.829517 #9547] DEBUG -- : -------> building new state...
D, [2018-03-31T10:51:12.829630 #9547] DEBUG -- : -------> building new state...
D, [2018-03-31T10:51:12.829819 #9547] DEBUG -- : -------> building selection...
D, [2018-03-31T10:51:12.830152 #9547] DEBUG -- : -------> building new state...
D, [2018-03-31T10:51:12.830268 #9547] DEBUG -- : -------> building new state...
D, [2018-03-31T10:51:12.830460 #9547] DEBUG -- : -------> building selection...
D, [2018-03-31T10:51:12.830796 #9547] DEBUG -- : -------> building new state...
D, [2018-03-31T10:51:12.830936 #9547] DEBUG -- : -------> building new state...
D, [2018-03-31T10:51:12.831127 #9547] DEBUG -- : -------> building selection...
D, [2018-03-31T10:51:12.831467 #9547] DEBUG -- : -------> building new state...
D, [2018-03-31T10:51:12.831573 #9547] DEBUG -- : -------> building new state...
D, [2018-03-31T10:51:12.831768 #9547] DEBUG -- : -------> building selection...
D, [2018-03-31T10:51:12.832100 #9547] DEBUG -- : -------> building new state...
D, [2018-03-31T10:51:12.832208 #9547] DEBUG -- : -------> building new state...
D, [2018-03-31T10:51:12.832413 #9547] DEBUG -- : -------> building selection...
D, [2018-03-31T10:51:12.832752 #9547] DEBUG -- : -------> building new state...
D, [2018-03-31T10:51:12.832872 #9547] DEBUG -- : -------> building new state...
D, [2018-03-31T10:51:12.833068 #9547] DEBUG -- : -------> building selection...
D, [2018-03-31T10:51:12.833410 #9547] DEBUG -- : -------> building new state...
D, [2018-03-31T10:51:12.833527 #9547] DEBUG -- : -------> building new state...
D, [2018-03-31T10:51:12.833731 #9547] DEBUG -- : -------> building selection...
D, [2018-03-31T10:51:12.834071 #9547] DEBUG -- : -------> building new state...
D, [2018-03-31T10:51:12.834185 #9547] DEBUG -- : -------> building new state...
D, [2018-03-31T10:51:12.834384 #9547] DEBUG -- : -------> building selection...
D, [2018-03-31T10:51:12.834767 #9547] DEBUG -- : -------> building new state...
D, [2018-03-31T10:51:12.834943 #9547] DEBUG -- : -------> building new state...
D, [2018-03-31T10:51:12.835246 #9547] DEBUG -- : -------> building selection...
D, [2018-03-31T10:51:12.835599 #9547] DEBUG -- : -------> building new state...
D, [2018-03-31T10:51:12.835727 #9547] DEBUG -- : -------> building new state...
D, [2018-03-31T10:51:12.835973 #9547] DEBUG -- : -------> building selection...
D, [2018-03-31T10:51:12.836322 #9547] DEBUG -- : -------> building new state...
D, [2018-03-31T10:51:12.836545 #9547] DEBUG -- : -------> building new state...
D, [2018-03-31T10:51:12.836771 #9547] DEBUG -- : -------> building selection...
D, [2018-03-31T10:51:12.837124 #9547] DEBUG -- : -------> building new state...
D, [2018-03-31T10:51:12.837247 #9547] DEBUG -- : -------> building new state...
D, [2018-03-31T10:51:12.837434 #9547] DEBUG -- : -------> building selection...
D, [2018-03-31T10:51:12.837764 #9547] DEBUG -- : -------> building new state...
D, [2018-03-31T10:51:12.837900 #9547] DEBUG -- : -------> building new state...
D, [2018-03-31T10:51:12.838087 #9547] DEBUG -- : -------> building selection...
D, [2018-03-31T10:51:12.838408 #9547] DEBUG -- : -------> building new state...
D, [2018-03-31T10:51:12.838508 #9547] DEBUG -- : -------> building new state...
D, [2018-03-31T10:51:12.838691 #9547] DEBUG -- : -------> building selection...
D, [2018-03-31T10:51:12.839045 #9547] DEBUG -- : -------> building new state...
D, [2018-03-31T10:51:12.839163 #9547] DEBUG -- : -------> building new state...
D, [2018-03-31T10:51:12.839387 #9547] DEBUG -- : -------> building selection...
D, [2018-03-31T10:51:12.839719 #9547] DEBUG -- : -------> building new state...
D, [2018-03-31T10:51:12.839846 #9547] DEBUG -- : -------> building new state...
D, [2018-03-31T10:51:12.840033 #9547] DEBUG -- : -------> building selection...
D, [2018-03-31T10:51:12.841906 #9547] DEBUG -- : -------> building new state...
D, [2018-03-31T10:51:12.842049 #9547] DEBUG -- : -------> building new state...
D, [2018-03-31T10:51:12.842271 #9547] DEBUG -- : -------> building selection...
D, [2018-03-31T10:51:12.842603 #9547] DEBUG -- : -------> building new state...
D, [2018-03-31T10:51:12.842719 #9547] DEBUG -- : -------> building new state...
D, [2018-03-31T10:51:12.842996 #9547] DEBUG -- : scoring weighed rated selections...
D, [2018-03-31T10:51:12.843090 #9547] DEBUG -- : Saving scored selections...
D, [2018-03-31T10:51:12.849513 #9547] DEBUG -- : State Score successfully calculated


D, [2018-03-31T10:51:12.849586 #9547] DEBUG -- : Scoring new state: {:rating=>37, :state=>{:unknown=>0, :possibly_lighter=>1, :possibly_heavier=>0, :normal=>7}}
D, [2018-03-31T10:51:12.849610 #9547] DEBUG -- : State Score successfully calculated


D, [2018-03-31T10:51:12.849655 #9547] DEBUG -- : Scoring new state: {:rating=>31, :state=>{:unknown=>0, :possibly_lighter=>2, :possibly_heavier=>1, :normal=>5}}
D, [2018-03-31T10:51:12.852313 #9547] DEBUG -- : calculating updated score for older state...
D, [2018-03-31T10:51:12.855957 #9547] DEBUG -- : generating weighed rated selections...
D, [2018-03-31T10:51:13.050312 #9547] DEBUG -- : scoring weighed rated selections...
D, [2018-03-31T10:51:13.050481 #9547] DEBUG -- : Saving scored selections...
D, [2018-03-31T10:51:13.057769 #9547] DEBUG -- : State Score successfully calculated


D, [2018-03-31T10:51:13.057861 #9547] DEBUG -- : Scoring new state: {:rating=>37, :state=>{:unknown=>0, :possibly_lighter=>1, :possibly_heavier=>0, :normal=>7}}
D, [2018-03-31T10:51:13.057888 #9547] DEBUG -- : State Score successfully calculated


D, [2018-03-31T10:51:13.057926 #9547] DEBUG -- : Scoring new state: {:rating=>31, :state=>{:unknown=>0, :possibly_lighter=>2, :possibly_heavier=>1, :normal=>5}}
D, [2018-03-31T10:51:13.060547 #9547] DEBUG -- : calculating updated score for older state...
D, [2018-03-31T10:51:13.065503 #9547] DEBUG -- : generating weighed rated selections...
D, [2018-03-31T10:51:13.066604 #9547] DEBUG -- : -------> building selection...
D, [2018-03-31T10:51:13.067512 #9547] DEBUG -- : -------> building new state...
D, [2018-03-31T10:51:13.067793 #9547] DEBUG -- : -------> building new state...
D, [2018-03-31T10:51:13.068044 #9547] DEBUG -- : -------> building selection...
D, [2018-03-31T10:51:13.068384 #9547] DEBUG -- : -------> building new state...
D, [2018-03-31T10:51:13.068490 #9547] DEBUG -- : -------> building new state...
D, [2018-03-31T10:51:13.068734 #9547] DEBUG -- : -------> building selection...
D, [2018-03-31T10:51:13.069325 #9547] DEBUG -- : -------> building new state...
D, [2018-03-31T10:51:13.069474 #9547] DEBUG -- : -------> building new state...
D, [2018-03-31T10:51:13.069676 #9547] DEBUG -- : -------> building selection...
D, [2018-03-31T10:51:13.070134 #9547] DEBUG -- : -------> building new state...
D, [2018-03-31T10:51:13.070271 #9547] DEBUG -- : -------> building new state...
D, [2018-03-31T10:51:13.070469 #9547] DEBUG -- : -------> building selection...
D, [2018-03-31T10:51:13.070872 #9547] DEBUG -- : -------> building new state...
D, [2018-03-31T10:51:13.070980 #9547] DEBUG -- : -------> building new state...
D, [2018-03-31T10:51:13.071169 #9547] DEBUG -- : -------> building selection...
D, [2018-03-31T10:51:13.071512 #9547] DEBUG -- : -------> building new state...
D, [2018-03-31T10:51:13.071616 #9547] DEBUG -- : -------> building new state...
D, [2018-03-31T10:51:13.071803 #9547] DEBUG -- : -------> building selection...
D, [2018-03-31T10:51:13.072203 #9547] DEBUG -- : -------> building new state...
D, [2018-03-31T10:51:13.072344 #9547] DEBUG -- : -------> building new state...
D, [2018-03-31T10:51:13.072546 #9547] DEBUG -- : -------> building selection...
D, [2018-03-31T10:51:13.072890 #9547] DEBUG -- : -------> building new state...
D, [2018-03-31T10:51:13.073002 #9547] DEBUG -- : -------> building new state...
D, [2018-03-31T10:51:13.073237 #9547] DEBUG -- : -------> building selection...
D, [2018-03-31T10:51:13.073652 #9547] DEBUG -- : -------> building new state...
D, [2018-03-31T10:51:13.073756 #9547] DEBUG -- : -------> building new state...
D, [2018-03-31T10:51:13.073955 #9547] DEBUG -- : -------> building selection...
D, [2018-03-31T10:51:13.074277 #9547] DEBUG -- : -------> building new state...
D, [2018-03-31T10:51:13.074403 #9547] DEBUG -- : -------> building new state...
D, [2018-03-31T10:51:13.074592 #9547] DEBUG -- : -------> building selection...
D, [2018-03-31T10:51:13.074957 #9547] DEBUG -- : -------> building new state...
D, [2018-03-31T10:51:13.075061 #9547] DEBUG -- : -------> building new state...
D, [2018-03-31T10:51:13.075245 #9547] DEBUG -- : -------> building selection...
D, [2018-03-31T10:51:13.075607 #9547] DEBUG -- : -------> building new state...
D, [2018-03-31T10:51:13.075710 #9547] DEBUG -- : -------> building new state...
D, [2018-03-31T10:51:13.075894 #9547] DEBUG -- : -------> building selection...
D, [2018-03-31T10:51:13.076241 #9547] DEBUG -- : -------> building new state...
D, [2018-03-31T10:51:13.076360 #9547] DEBUG -- : -------> building new state...
D, [2018-03-31T10:51:13.076620 #9547] DEBUG -- : -------> building selection...
D, [2018-03-31T10:51:13.077113 #9547] DEBUG -- : -------> building new state...
D, [2018-03-31T10:51:13.077259 #9547] DEBUG -- : -------> building new state...
D, [2018-03-31T10:51:13.077462 #9547] DEBUG -- : -------> building selection...
D, [2018-03-31T10:51:13.077828 #9547] DEBUG -- : -------> building new state...
D, [2018-03-31T10:51:13.078053 #9547] DEBUG -- : -------> building new state...
D, [2018-03-31T10:51:13.078277 #9547] DEBUG -- : -------> building selection...
D, [2018-03-31T10:51:13.078637 #9547] DEBUG -- : -------> building new state...
D, [2018-03-31T10:51:13.078745 #9547] DEBUG -- : -------> building new state...
D, [2018-03-31T10:51:13.078952 #9547] DEBUG -- : -------> building selection...
D, [2018-03-31T10:51:13.079315 #9547] DEBUG -- : -------> building new state...
D, [2018-03-31T10:51:13.079433 #9547] DEBUG -- : -------> building new state...
D, [2018-03-31T10:51:13.079623 #9547] DEBUG -- : -------> building selection...
D, [2018-03-31T10:51:13.079944 #9547] DEBUG -- : -------> building new state...
D, [2018-03-31T10:51:13.080041 #9547] DEBUG -- : -------> building new state...
D, [2018-03-31T10:51:13.080261 #9547] DEBUG -- : -------> building selection...
D, [2018-03-31T10:51:13.080732 #9547] DEBUG -- : -------> building new state...
D, [2018-03-31T10:51:13.080840 #9547] DEBUG -- : -------> building new state...
D, [2018-03-31T10:51:13.081033 #9547] DEBUG -- : -------> building selection...
D, [2018-03-31T10:51:13.081357 #9547] DEBUG -- : -------> building new state...
D, [2018-03-31T10:51:13.081455 #9547] DEBUG -- : -------> building new state...
D, [2018-03-31T10:51:13.081638 #9547] DEBUG -- : -------> building selection...
D, [2018-03-31T10:51:13.081984 #9547] DEBUG -- : -------> building new state...
D, [2018-03-31T10:51:13.082084 #9547] DEBUG -- : -------> building new state...
D, [2018-03-31T10:51:13.082267 #9547] DEBUG -- : -------> building selection...
D, [2018-03-31T10:51:13.082618 #9547] DEBUG -- : -------> building new state...
D, [2018-03-31T10:51:13.082717 #9547] DEBUG -- : -------> building new state...
D, [2018-03-31T10:51:13.082913 #9547] DEBUG -- : -------> building selection...
D, [2018-03-31T10:51:13.083232 #9547] DEBUG -- : -------> building new state...
D, [2018-03-31T10:51:13.083333 #9547] DEBUG -- : -------> building new state...
D, [2018-03-31T10:51:13.083551 #9547] DEBUG -- : -------> building selection...
D, [2018-03-31T10:51:13.083868 #9547] DEBUG -- : -------> building new state...
D, [2018-03-31T10:51:13.083967 #9547] DEBUG -- : -------> building new state...
D, [2018-03-31T10:51:13.084176 #9547] DEBUG -- : -------> building selection...
D, [2018-03-31T10:51:13.084542 #9547] DEBUG -- : -------> building new state...
D, [2018-03-31T10:51:13.084711 #9547] DEBUG -- : -------> building new state...
D, [2018-03-31T10:51:13.086859 #9547] DEBUG -- : -------> building selection...
D, [2018-03-31T10:51:13.087298 #9547] DEBUG -- : -------> building new state...
D, [2018-03-31T10:51:13.087403 #9547] DEBUG -- : -------> building new state...
D, [2018-03-31T10:51:13.087641 #9547] DEBUG -- : -------> building selection...
D, [2018-03-31T10:51:13.088017 #9547] DEBUG -- : -------> building new state...
D, [2018-03-31T10:51:13.088155 #9547] DEBUG -- : -------> building new state...
D, [2018-03-31T10:51:13.088357 #9547] DEBUG -- : -------> building selection...
D, [2018-03-31T10:51:13.088681 #9547] DEBUG -- : -------> building new state...
D, [2018-03-31T10:51:13.088778 #9547] DEBUG -- : -------> building new state...
D, [2018-03-31T10:51:13.088961 #9547] DEBUG -- : -------> building selection...
D, [2018-03-31T10:51:13.089282 #9547] DEBUG -- : -------> building new state...
D, [2018-03-31T10:51:13.089413 #9547] DEBUG -- : -------> building new state...
D, [2018-03-31T10:51:13.089597 #9547] DEBUG -- : -------> building selection...
D, [2018-03-31T10:51:13.089918 #9547] DEBUG -- : -------> building new state...
D, [2018-03-31T10:51:13.090020 #9547] DEBUG -- : -------> building new state...
D, [2018-03-31T10:51:13.090201 #9547] DEBUG -- : -------> building selection...
D, [2018-03-31T10:51:13.090551 #9547] DEBUG -- : -------> building new state...
D, [2018-03-31T10:51:13.090651 #9547] DEBUG -- : -------> building new state...
D, [2018-03-31T10:51:13.090866 #9547] DEBUG -- : -------> building selection...
D, [2018-03-31T10:51:13.091191 #9547] DEBUG -- : -------> building new state...
D, [2018-03-31T10:51:13.091310 #9547] DEBUG -- : -------> building new state...
D, [2018-03-31T10:51:13.091510 #9547] DEBUG -- : -------> building selection...
D, [2018-03-31T10:51:13.091833 #9547] DEBUG -- : -------> building new state...
D, [2018-03-31T10:51:13.091931 #9547] DEBUG -- : -------> building new state...
D, [2018-03-31T10:51:13.092113 #9547] DEBUG -- : -------> building selection...
D, [2018-03-31T10:51:13.092433 #9547] DEBUG -- : -------> building new state...
D, [2018-03-31T10:51:13.092554 #9547] DEBUG -- : -------> building new state...
D, [2018-03-31T10:51:13.092742 #9547] DEBUG -- : -------> building selection...
D, [2018-03-31T10:51:13.093061 #9547] DEBUG -- : -------> building new state...
D, [2018-03-31T10:51:13.093160 #9547] DEBUG -- : -------> building new state...
D, [2018-03-31T10:51:13.093372 #9547] DEBUG -- : -------> building selection...
D, [2018-03-31T10:51:13.093692 #9547] DEBUG -- : -------> building new state...
D, [2018-03-31T10:51:13.093795 #9547] DEBUG -- : -------> building new state...
D, [2018-03-31T10:51:13.093982 #9547] DEBUG -- : -------> building selection...
D, [2018-03-31T10:51:13.094301 #9547] DEBUG -- : -------> building new state...
D, [2018-03-31T10:51:13.094397 #9547] DEBUG -- : -------> building new state...
D, [2018-03-31T10:51:13.094611 #9547] DEBUG -- : -------> building selection...
D, [2018-03-31T10:51:13.094955 #9547] DEBUG -- : -------> building new state...
D, [2018-03-31T10:51:13.095056 #9547] DEBUG -- : -------> building new state...
D, [2018-03-31T10:51:13.095238 #9547] DEBUG -- : -------> building selection...
D, [2018-03-31T10:51:13.095596 #9547] DEBUG -- : -------> building new state...
D, [2018-03-31T10:51:13.095822 #9547] DEBUG -- : -------> building new state...
D, [2018-03-31T10:51:13.096032 #9547] DEBUG -- : scoring weighed rated selections...
D, [2018-03-31T10:51:13.096109 #9547] DEBUG -- : Saving scored selections...
D, [2018-03-31T10:51:13.103307 #9547] DEBUG -- : State Score successfully calculated


D, [2018-03-31T10:51:13.103376 #9547] DEBUG -- : Scoring new state: {:rating=>37, :state=>{:unknown=>0, :possibly_lighter=>1, :possibly_heavier=>0, :normal=>7}}
D, [2018-03-31T10:51:13.103401 #9547] DEBUG -- : State Score successfully calculated


D, [2018-03-31T10:51:13.103437 #9547] DEBUG -- : Scoring new state: {:rating=>37, :state=>{:unknown=>0, :possibly_lighter=>0, :possibly_heavier=>1, :normal=>7}}
D, [2018-03-31T10:51:13.103488 #9547] DEBUG -- : State Score successfully calculated


D, [2018-03-31T10:51:13.103514 #9547] DEBUG -- : Scoring new state: {:rating=>31, :state=>{:unknown=>0, :possibly_lighter=>3, :possibly_heavier=>0, :normal=>5}}
D, [2018-03-31T10:51:13.106198 #9547] DEBUG -- : calculating updated score for older state...
D, [2018-03-31T10:51:13.109695 #9547] DEBUG -- : generating weighed rated selections...
D, [2018-03-31T10:51:13.202242 #9547] DEBUG -- : scoring weighed rated selections...
D, [2018-03-31T10:51:13.202363 #9547] DEBUG -- : Saving scored selections...
D, [2018-03-31T10:51:13.206564 #9547] DEBUG -- : State Score successfully calculated


D, [2018-03-31T10:51:13.206669 #9547] DEBUG -- : Scoring new state: {:rating=>31, :state=>{:unknown=>0, :possibly_lighter=>2, :possibly_heavier=>1, :normal=>5}}
D, [2018-03-31T10:51:13.209294 #9547] DEBUG -- : calculating updated score for older state...
D, [2018-03-31T10:51:13.212763 #9547] DEBUG -- : generating weighed rated selections...
D, [2018-03-31T10:51:13.213866 #9547] DEBUG -- : -------> building selection...
D, [2018-03-31T10:51:13.214708 #9547] DEBUG -- : -------> building new state...
D, [2018-03-31T10:51:13.215086 #9547] DEBUG -- : -------> building new state...
D, [2018-03-31T10:51:13.215395 #9547] DEBUG -- : -------> building selection...
D, [2018-03-31T10:51:13.215780 #9547] DEBUG -- : -------> building new state...
D, [2018-03-31T10:51:13.215958 #9547] DEBUG -- : -------> building new state...
D, [2018-03-31T10:51:13.216174 #9547] DEBUG -- : -------> building selection...
D, [2018-03-31T10:51:13.216558 #9547] DEBUG -- : -------> building new state...
D, [2018-03-31T10:51:13.216663 #9547] DEBUG -- : -------> building new state...
D, [2018-03-31T10:51:13.216854 #9547] DEBUG -- : -------> building selection...
D, [2018-03-31T10:51:13.217180 #9547] DEBUG -- : -------> building new state...
D, [2018-03-31T10:51:13.217295 #9547] DEBUG -- : -------> building new state...
D, [2018-03-31T10:51:13.217489 #9547] DEBUG -- : -------> building selection...
D, [2018-03-31T10:51:13.217854 #9547] DEBUG -- : -------> building new state...
D, [2018-03-31T10:51:13.217955 #9547] DEBUG -- : -------> building new state...
D, [2018-03-31T10:51:13.218143 #9547] DEBUG -- : -------> building selection...
D, [2018-03-31T10:51:13.218466 #9547] DEBUG -- : -------> building new state...
D, [2018-03-31T10:51:13.218568 #9547] DEBUG -- : -------> building new state...
D, [2018-03-31T10:51:13.218795 #9547] DEBUG -- : -------> building selection...
D, [2018-03-31T10:51:13.219144 #9547] DEBUG -- : -------> building new state...
D, [2018-03-31T10:51:13.219247 #9547] DEBUG -- : -------> building new state...
D, [2018-03-31T10:51:13.219436 #9547] DEBUG -- : -------> building selection...
D, [2018-03-31T10:51:13.219790 #9547] DEBUG -- : -------> building new state...
D, [2018-03-31T10:51:13.219908 #9547] DEBUG -- : -------> building new state...
D, [2018-03-31T10:51:13.220102 #9547] DEBUG -- : -------> building selection...
D, [2018-03-31T10:51:13.220427 #9547] DEBUG -- : -------> building new state...
D, [2018-03-31T10:51:13.220656 #9547] DEBUG -- : -------> building new state...
D, [2018-03-31T10:51:13.221148 #9547] DEBUG -- : -------> building selection...
D, [2018-03-31T10:51:13.223111 #9547] DEBUG -- : -------> building new state...
D, [2018-03-31T10:51:13.223278 #9547] DEBUG -- : -------> building new state...
D, [2018-03-31T10:51:13.223567 #9547] DEBUG -- : -------> building selection...
D, [2018-03-31T10:51:13.223932 #9547] DEBUG -- : -------> building new state...
D, [2018-03-31T10:51:13.224056 #9547] DEBUG -- : -------> building new state...
D, [2018-03-31T10:51:13.224271 #9547] DEBUG -- : -------> building selection...
D, [2018-03-31T10:51:13.224622 #9547] DEBUG -- : -------> building new state...
D, [2018-03-31T10:51:13.224754 #9547] DEBUG -- : -------> building new state...
D, [2018-03-31T10:51:13.224998 #9547] DEBUG -- : -------> building selection...
D, [2018-03-31T10:51:13.225460 #9547] DEBUG -- : -------> building new state...
D, [2018-03-31T10:51:13.225639 #9547] DEBUG -- : -------> building new state...
D, [2018-03-31T10:51:13.225904 #9547] DEBUG -- : -------> building selection...
D, [2018-03-31T10:51:13.226266 #9547] DEBUG -- : -------> building new state...
D, [2018-03-31T10:51:13.226373 #9547] DEBUG -- : -------> building new state...
D, [2018-03-31T10:51:13.226562 #9547] DEBUG -- : -------> building selection...
D, [2018-03-31T10:51:13.226923 #9547] DEBUG -- : -------> building new state...
D, [2018-03-31T10:51:13.227050 #9547] DEBUG -- : -------> building new state...
D, [2018-03-31T10:51:13.227245 #9547] DEBUG -- : -------> building selection...
D, [2018-03-31T10:51:13.227570 #9547] DEBUG -- : -------> building new state...
D, [2018-03-31T10:51:13.227669 #9547] DEBUG -- : -------> building new state...
D, [2018-03-31T10:51:13.227888 #9547] DEBUG -- : -------> building selection...
D, [2018-03-31T10:51:13.228213 #9547] DEBUG -- : -------> building new state...
D, [2018-03-31T10:51:13.228314 #9547] DEBUG -- : -------> building new state...
D, [2018-03-31T10:51:13.228548 #9547] DEBUG -- : -------> building selection...
D, [2018-03-31T10:51:13.229023 #9547] DEBUG -- : -------> building new state...
D, [2018-03-31T10:51:13.229203 #9547] DEBUG -- : -------> building new state...
D, [2018-03-31T10:51:13.229411 #9547] DEBUG -- : -------> building selection...
D, [2018-03-31T10:51:13.229762 #9547] DEBUG -- : -------> building new state...
D, [2018-03-31T10:51:13.229865 #9547] DEBUG -- : -------> building new state...
D, [2018-03-31T10:51:13.230077 #9547] DEBUG -- : -------> building selection...
D, [2018-03-31T10:51:13.230426 #9547] DEBUG -- : -------> building new state...
D, [2018-03-31T10:51:13.230525 #9547] DEBUG -- : -------> building new state...
D, [2018-03-31T10:51:13.230717 #9547] DEBUG -- : -------> building selection...
D, [2018-03-31T10:51:13.231091 #9547] DEBUG -- : -------> building new state...
D, [2018-03-31T10:51:13.231192 #9547] DEBUG -- : -------> building new state...
D, [2018-03-31T10:51:13.231382 #9547] DEBUG -- : -------> building selection...
D, [2018-03-31T10:51:13.231717 #9547] DEBUG -- : -------> building new state...
D, [2018-03-31T10:51:13.231834 #9547] DEBUG -- : -------> building new state...
D, [2018-03-31T10:51:13.232022 #9547] DEBUG -- : -------> building selection...
D, [2018-03-31T10:51:13.232372 #9547] DEBUG -- : -------> building new state...
D, [2018-03-31T10:51:13.232472 #9547] DEBUG -- : -------> building new state...
D, [2018-03-31T10:51:13.232657 #9547] DEBUG -- : -------> building selection...
D, [2018-03-31T10:51:13.233007 #9547] DEBUG -- : -------> building new state...
D, [2018-03-31T10:51:13.233111 #9547] DEBUG -- : -------> building new state...
D, [2018-03-31T10:51:13.233295 #9547] DEBUG -- : -------> building selection...
D, [2018-03-31T10:51:13.233644 #9547] DEBUG -- : -------> building new state...
D, [2018-03-31T10:51:13.233746 #9547] DEBUG -- : -------> building new state...
D, [2018-03-31T10:51:13.233935 #9547] DEBUG -- : -------> building selection...
D, [2018-03-31T10:51:13.234255 #9547] DEBUG -- : -------> building new state...
D, [2018-03-31T10:51:13.234375 #9547] DEBUG -- : -------> building new state...
D, [2018-03-31T10:51:13.234567 #9547] DEBUG -- : -------> building selection...
D, [2018-03-31T10:51:13.234896 #9547] DEBUG -- : -------> building new state...
D, [2018-03-31T10:51:13.235014 #9547] DEBUG -- : -------> building new state...
D, [2018-03-31T10:51:13.235206 #9547] DEBUG -- : -------> building selection...
D, [2018-03-31T10:51:13.235546 #9547] DEBUG -- : -------> building new state...
D, [2018-03-31T10:51:13.235643 #9547] DEBUG -- : -------> building new state...
D, [2018-03-31T10:51:13.235831 #9547] DEBUG -- : -------> building selection...
D, [2018-03-31T10:51:13.236169 #9547] DEBUG -- : -------> building new state...
D, [2018-03-31T10:51:13.236274 #9547] DEBUG -- : -------> building new state...
D, [2018-03-31T10:51:13.236463 #9547] DEBUG -- : -------> building selection...
D, [2018-03-31T10:51:13.236879 #9547] DEBUG -- : -------> building new state...
D, [2018-03-31T10:51:13.237010 #9547] DEBUG -- : -------> building new state...
D, [2018-03-31T10:51:13.237200 #9547] DEBUG -- : -------> building selection...
D, [2018-03-31T10:51:13.237570 #9547] DEBUG -- : -------> building new state...
D, [2018-03-31T10:51:13.237670 #9547] DEBUG -- : -------> building new state...
D, [2018-03-31T10:51:13.237865 #9547] DEBUG -- : -------> building selection...
D, [2018-03-31T10:51:13.238304 #9547] DEBUG -- : -------> building new state...
D, [2018-03-31T10:51:13.238424 #9547] DEBUG -- : -------> building new state...
D, [2018-03-31T10:51:13.238630 #9547] DEBUG -- : -------> building selection...
D, [2018-03-31T10:51:13.239032 #9547] DEBUG -- : -------> building new state...
D, [2018-03-31T10:51:13.239149 #9547] DEBUG -- : -------> building new state...
D, [2018-03-31T10:51:13.239369 #9547] DEBUG -- : -------> building selection...
D, [2018-03-31T10:51:13.239707 #9547] DEBUG -- : -------> building new state...
D, [2018-03-31T10:51:13.239835 #9547] DEBUG -- : -------> building new state...
D, [2018-03-31T10:51:13.240036 #9547] DEBUG -- : -------> building selection...
D, [2018-03-31T10:51:13.240390 #9547] DEBUG -- : -------> building new state...
D, [2018-03-31T10:51:13.240527 #9547] DEBUG -- : -------> building new state...
D, [2018-03-31T10:51:13.240787 #9547] DEBUG -- : -------> building selection...
D, [2018-03-31T10:51:13.241123 #9547] DEBUG -- : -------> building new state...
D, [2018-03-31T10:51:13.241311 #9547] DEBUG -- : -------> building new state...
D, [2018-03-31T10:51:13.241532 #9547] DEBUG -- : -------> building selection...
D, [2018-03-31T10:51:13.241877 #9547] DEBUG -- : -------> building new state...
D, [2018-03-31T10:51:13.242039 #9547] DEBUG -- : -------> building new state...
D, [2018-03-31T10:51:13.242258 #9547] DEBUG -- : -------> building selection...
D, [2018-03-31T10:51:13.242620 #9547] DEBUG -- : -------> building new state...
D, [2018-03-31T10:51:13.242733 #9547] DEBUG -- : -------> building new state...
D, [2018-03-31T10:51:13.242945 #9547] DEBUG -- : -------> building selection...
D, [2018-03-31T10:51:13.243301 #9547] DEBUG -- : -------> building new state...
D, [2018-03-31T10:51:13.243430 #9547] DEBUG -- : -------> building new state...
D, [2018-03-31T10:51:13.243635 #9547] DEBUG -- : scoring weighed rated selections...
D, [2018-03-31T10:51:13.243714 #9547] DEBUG -- : Saving scored selections...
D, [2018-03-31T10:51:13.251138 #9547] DEBUG -- : State Score successfully calculated


D, [2018-03-31T10:51:13.251224 #9547] DEBUG -- : Scoring new state: {:rating=>37, :state=>{:unknown=>0, :possibly_lighter=>1, :possibly_heavier=>0, :normal=>7}}
D, [2018-03-31T10:51:13.251250 #9547] DEBUG -- : State Score successfully calculated


D, [2018-03-31T10:51:13.251285 #9547] DEBUG -- : Scoring new state: {:rating=>31, :state=>{:unknown=>0, :possibly_lighter=>2, :possibly_heavier=>1, :normal=>5}}
D, [2018-03-31T10:51:13.253914 #9547] DEBUG -- : calculating updated score for older state...
D, [2018-03-31T10:51:13.257487 #9547] DEBUG -- : generating weighed rated selections...
D, [2018-03-31T10:51:13.258569 #9547] DEBUG -- : -------> building selection...
D, [2018-03-31T10:51:13.259421 #9547] DEBUG -- : -------> building new state...
D, [2018-03-31T10:51:13.259763 #9547] DEBUG -- : -------> building new state...
D, [2018-03-31T10:51:13.260026 #9547] DEBUG -- : -------> building selection...
D, [2018-03-31T10:51:13.260375 #9547] DEBUG -- : -------> building new state...
D, [2018-03-31T10:51:13.260522 #9547] DEBUG -- : -------> building new state...
D, [2018-03-31T10:51:13.260921 #9547] DEBUG -- : -------> building selection...
D, [2018-03-31T10:51:13.261392 #9547] DEBUG -- : -------> building new state...
D, [2018-03-31T10:51:13.261504 #9547] DEBUG -- : -------> building new state...
D, [2018-03-31T10:51:13.261700 #9547] DEBUG -- : -------> building selection...
D, [2018-03-31T10:51:13.262106 #9547] DEBUG -- : -------> building new state...
D, [2018-03-31T10:51:13.262301 #9547] DEBUG -- : -------> building new state...
D, [2018-03-31T10:51:13.262510 #9547] DEBUG -- : -------> building selection...
D, [2018-03-31T10:51:13.262879 #9547] DEBUG -- : -------> building new state...
D, [2018-03-31T10:51:13.262997 #9547] DEBUG -- : -------> building new state...
D, [2018-03-31T10:51:13.263190 #9547] DEBUG -- : -------> building selection...
D, [2018-03-31T10:51:13.263536 #9547] DEBUG -- : -------> building new state...
D, [2018-03-31T10:51:13.263637 #9547] DEBUG -- : -------> building new state...
D, [2018-03-31T10:51:13.263836 #9547] DEBUG -- : -------> building selection...
D, [2018-03-31T10:51:13.264178 #9547] DEBUG -- : -------> building new state...
D, [2018-03-31T10:51:13.264278 #9547] DEBUG -- : -------> building new state...
D, [2018-03-31T10:51:13.264465 #9547] DEBUG -- : -------> building selection...
D, [2018-03-31T10:51:13.264808 #9547] DEBUG -- : -------> building new state...
D, [2018-03-31T10:51:13.264905 #9547] DEBUG -- : -------> building new state...
D, [2018-03-31T10:51:13.265092 #9547] DEBUG -- : -------> building selection...
D, [2018-03-31T10:51:13.265437 #9547] DEBUG -- : -------> building new state...
D, [2018-03-31T10:51:13.265545 #9547] DEBUG -- : -------> building new state...
D, [2018-03-31T10:51:13.265746 #9547] DEBUG -- : -------> building selection...
D, [2018-03-31T10:51:13.266076 #9547] DEBUG -- : -------> building new state...
D, [2018-03-31T10:51:13.266174 #9547] DEBUG -- : -------> building new state...
D, [2018-03-31T10:51:13.266371 #9547] DEBUG -- : -------> building selection...
D, [2018-03-31T10:51:13.266705 #9547] DEBUG -- : -------> building new state...
D, [2018-03-31T10:51:13.266840 #9547] DEBUG -- : -------> building new state...
D, [2018-03-31T10:51:13.267035 #9547] DEBUG -- : -------> building selection...
D, [2018-03-31T10:51:13.267374 #9547] DEBUG -- : -------> building new state...
D, [2018-03-31T10:51:13.267484 #9547] DEBUG -- : -------> building new state...
D, [2018-03-31T10:51:13.267676 #9547] DEBUG -- : -------> building selection...
D, [2018-03-31T10:51:13.268015 #9547] DEBUG -- : -------> building new state...
D, [2018-03-31T10:51:13.268125 #9547] DEBUG -- : -------> building new state...
D, [2018-03-31T10:51:13.268320 #9547] DEBUG -- : -------> building selection...
D, [2018-03-31T10:51:13.268760 #9547] DEBUG -- : -------> building new state...
D, [2018-03-31T10:51:13.268912 #9547] DEBUG -- : -------> building new state...
D, [2018-03-31T10:51:13.269169 #9547] DEBUG -- : -------> building selection...
D, [2018-03-31T10:51:13.269502 #9547] DEBUG -- : -------> building new state...
D, [2018-03-31T10:51:13.269614 #9547] DEBUG -- : -------> building new state...
D, [2018-03-31T10:51:13.269824 #9547] DEBUG -- : -------> building selection...
D, [2018-03-31T10:51:13.270164 #9547] DEBUG -- : -------> building new state...
D, [2018-03-31T10:51:13.270275 #9547] DEBUG -- : -------> building new state...
D, [2018-03-31T10:51:13.270485 #9547] DEBUG -- : -------> building selection...
D, [2018-03-31T10:51:13.270845 #9547] DEBUG -- : -------> building new state...
D, [2018-03-31T10:51:13.270967 #9547] DEBUG -- : -------> building new state...
D, [2018-03-31T10:51:13.271221 #9547] DEBUG -- : -------> building selection...
D, [2018-03-31T10:51:13.271584 #9547] DEBUG -- : -------> building new state...
D, [2018-03-31T10:51:13.271777 #9547] DEBUG -- : -------> building new state...
D, [2018-03-31T10:51:13.271991 #9547] DEBUG -- : -------> building selection...
D, [2018-03-31T10:51:13.272346 #9547] DEBUG -- : -------> building new state...
D, [2018-03-31T10:51:13.272449 #9547] DEBUG -- : -------> building new state...
D, [2018-03-31T10:51:13.272646 #9547] DEBUG -- : -------> building selection...
D, [2018-03-31T10:51:13.272983 #9547] DEBUG -- : -------> building new state...
D, [2018-03-31T10:51:13.273093 #9547] DEBUG -- : -------> building new state...
D, [2018-03-31T10:51:13.273297 #9547] DEBUG -- : -------> building selection...
D, [2018-03-31T10:51:13.273632 #9547] DEBUG -- : -------> building new state...
D, [2018-03-31T10:51:13.273736 #9547] DEBUG -- : -------> building new state...
D, [2018-03-31T10:51:13.273939 #9547] DEBUG -- : -------> building selection...
D, [2018-03-31T10:51:13.274291 #9547] DEBUG -- : -------> building new state...
D, [2018-03-31T10:51:13.274401 #9547] DEBUG -- : -------> building new state...
D, [2018-03-31T10:51:13.274590 #9547] DEBUG -- : -------> building selection...
D, [2018-03-31T10:51:13.274987 #9547] DEBUG -- : -------> building new state...
D, [2018-03-31T10:51:13.275194 #9547] DEBUG -- : -------> building new state...
D, [2018-03-31T10:51:13.275416 #9547] DEBUG -- : -------> building selection...
D, [2018-03-31T10:51:13.275789 #9547] DEBUG -- : -------> building new state...
D, [2018-03-31T10:51:13.275894 #9547] DEBUG -- : -------> building new state...
D, [2018-03-31T10:51:13.276090 #9547] DEBUG -- : -------> building selection...
D, [2018-03-31T10:51:13.276424 #9547] DEBUG -- : -------> building new state...
D, [2018-03-31T10:51:13.276529 #9547] DEBUG -- : -------> building new state...
D, [2018-03-31T10:51:13.276863 #9547] DEBUG -- : -------> building selection...
D, [2018-03-31T10:51:13.277265 #9547] DEBUG -- : -------> building new state...
D, [2018-03-31T10:51:13.277372 #9547] DEBUG -- : -------> building new state...
D, [2018-03-31T10:51:13.277573 #9547] DEBUG -- : -------> building selection...
D, [2018-03-31T10:51:13.277943 #9547] DEBUG -- : -------> building new state...
D, [2018-03-31T10:51:13.278056 #9547] DEBUG -- : -------> building new state...
D, [2018-03-31T10:51:13.278266 #9547] DEBUG -- : -------> building selection...
D, [2018-03-31T10:51:13.279292 #9547] DEBUG -- : -------> building new state...
D, [2018-03-31T10:51:13.279420 #9547] DEBUG -- : -------> building new state...
D, [2018-03-31T10:51:13.279626 #9547] DEBUG -- : -------> building selection...
D, [2018-03-31T10:51:13.279960 #9547] DEBUG -- : -------> building new state...
D, [2018-03-31T10:51:13.280060 #9547] DEBUG -- : -------> building new state...
D, [2018-03-31T10:51:13.280248 #9547] DEBUG -- : -------> building selection...
D, [2018-03-31T10:51:13.280621 #9547] DEBUG -- : -------> building new state...
D, [2018-03-31T10:51:13.280724 #9547] DEBUG -- : -------> building new state...
D, [2018-03-31T10:51:13.280913 #9547] DEBUG -- : -------> building selection...
D, [2018-03-31T10:51:13.281245 #9547] DEBUG -- : -------> building new state...
D, [2018-03-31T10:51:13.281348 #9547] DEBUG -- : -------> building new state...
D, [2018-03-31T10:51:13.281569 #9547] DEBUG -- : -------> building selection...
D, [2018-03-31T10:51:13.281901 #9547] DEBUG -- : -------> building new state...
D, [2018-03-31T10:51:13.282010 #9547] DEBUG -- : -------> building new state...
D, [2018-03-31T10:51:13.282202 #9547] DEBUG -- : -------> building selection...
D, [2018-03-31T10:51:13.282530 #9547] DEBUG -- : -------> building new state...
D, [2018-03-31T10:51:13.282628 #9547] DEBUG -- : -------> building new state...
D, [2018-03-31T10:51:13.282949 #9547] DEBUG -- : -------> building selection...
D, [2018-03-31T10:51:13.283302 #9547] DEBUG -- : -------> building new state...
D, [2018-03-31T10:51:13.283411 #9547] DEBUG -- : -------> building new state...
D, [2018-03-31T10:51:13.283613 #9547] DEBUG -- : -------> building selection...
D, [2018-03-31T10:51:13.283946 #9547] DEBUG -- : -------> building new state...
D, [2018-03-31T10:51:13.284053 #9547] DEBUG -- : -------> building new state...
D, [2018-03-31T10:51:13.284285 #9547] DEBUG -- : -------> building selection...
D, [2018-03-31T10:51:13.284618 #9547] DEBUG -- : -------> building new state...
D, [2018-03-31T10:51:13.284727 #9547] DEBUG -- : -------> building new state...
D, [2018-03-31T10:51:13.284953 #9547] DEBUG -- : -------> building selection...
D, [2018-03-31T10:51:13.285334 #9547] DEBUG -- : -------> building new state...
D, [2018-03-31T10:51:13.285447 #9547] DEBUG -- : -------> building new state...
D, [2018-03-31T10:51:13.285685 #9547] DEBUG -- : -------> building selection...
D, [2018-03-31T10:51:13.286129 #9547] DEBUG -- : -------> building new state...
D, [2018-03-31T10:51:13.286235 #9547] DEBUG -- : -------> building new state...
D, [2018-03-31T10:51:13.286430 #9547] DEBUG -- : -------> building selection...
D, [2018-03-31T10:51:13.286762 #9547] DEBUG -- : -------> building new state...
D, [2018-03-31T10:51:13.286876 #9547] DEBUG -- : -------> building new state...
D, [2018-03-31T10:51:13.287116 #9547] DEBUG -- : scoring weighed rated selections...
D, [2018-03-31T10:51:13.287188 #9547] DEBUG -- : Saving scored selections...
D, [2018-03-31T10:51:13.294414 #9547] DEBUG -- : State Score successfully calculated


D, [2018-03-31T10:51:13.294489 #9547] DEBUG -- : Scoring new state: {:rating=>37, :state=>{:unknown=>0, :possibly_lighter=>1, :possibly_heavier=>0, :normal=>7}}
D, [2018-03-31T10:51:13.294512 #9547] DEBUG -- : State Score successfully calculated


D, [2018-03-31T10:51:13.294548 #9547] DEBUG -- : Scoring new state: {:rating=>37, :state=>{:unknown=>0, :possibly_lighter=>0, :possibly_heavier=>1, :normal=>7}}
D, [2018-03-31T10:51:13.294568 #9547] DEBUG -- : State Score successfully calculated


D, [2018-03-31T10:51:13.294594 #9547] DEBUG -- : Scoring new state: {:rating=>31, :state=>{:unknown=>0, :possibly_lighter=>3, :possibly_heavier=>0, :normal=>5}}
D, [2018-03-31T10:51:13.297302 #9547] DEBUG -- : calculating updated score for older state...
D, [2018-03-31T10:51:13.300778 #9547] DEBUG -- : generating weighed rated selections...
D, [2018-03-31T10:51:13.301815 #9547] DEBUG -- : -------> building selection...
D, [2018-03-31T10:51:13.302624 #9547] DEBUG -- : -------> building new state...
D, [2018-03-31T10:51:13.303063 #9547] DEBUG -- : -------> building selection...
D, [2018-03-31T10:51:13.303526 #9547] DEBUG -- : -------> building new state...
D, [2018-03-31T10:51:13.303784 #9547] DEBUG -- : -------> building selection...
D, [2018-03-31T10:51:13.304119 #9547] DEBUG -- : -------> building new state...
D, [2018-03-31T10:51:13.304309 #9547] DEBUG -- : -------> building selection...
D, [2018-03-31T10:51:13.304632 #9547] DEBUG -- : -------> building new state...
D, [2018-03-31T10:51:13.304732 #9547] DEBUG -- : -------> building new state...
D, [2018-03-31T10:51:13.304917 #9547] DEBUG -- : -------> building selection...
D, [2018-03-31T10:51:13.305307 #9547] DEBUG -- : -------> building new state...
D, [2018-03-31T10:51:13.305508 #9547] DEBUG -- : -------> building new state...
D, [2018-03-31T10:51:13.305718 #9547] DEBUG -- : -------> building selection...
D, [2018-03-31T10:51:13.306088 #9547] DEBUG -- : -------> building new state...
D, [2018-03-31T10:51:13.306193 #9547] DEBUG -- : -------> building new state...
D, [2018-03-31T10:51:13.306412 #9547] DEBUG -- : -------> building selection...
D, [2018-03-31T10:51:13.306757 #9547] DEBUG -- : -------> building new state...
D, [2018-03-31T10:51:13.306877 #9547] DEBUG -- : -------> building new state...
D, [2018-03-31T10:51:13.307071 #9547] DEBUG -- : -------> building selection...
D, [2018-03-31T10:51:13.307408 #9547] DEBUG -- : -------> building new state...
D, [2018-03-31T10:51:13.307513 #9547] DEBUG -- : -------> building new state...
D, [2018-03-31T10:51:13.307727 #9547] DEBUG -- : -------> building selection...
D, [2018-03-31T10:51:13.308064 #9547] DEBUG -- : -------> building new state...
D, [2018-03-31T10:51:13.308166 #9547] DEBUG -- : -------> building new state...
D, [2018-03-31T10:51:13.308359 #9547] DEBUG -- : -------> building selection...
D, [2018-03-31T10:51:13.308694 #9547] DEBUG -- : -------> building new state...
D, [2018-03-31T10:51:13.308798 #9547] DEBUG -- : -------> building new state...
D, [2018-03-31T10:51:13.309020 #9547] DEBUG -- : -------> building selection...
D, [2018-03-31T10:51:13.309381 #9547] DEBUG -- : -------> building new state...
D, [2018-03-31T10:51:13.309494 #9547] DEBUG -- : -------> building new state...
D, [2018-03-31T10:51:13.309690 #9547] DEBUG -- : -------> building selection...
D, [2018-03-31T10:51:13.310024 #9547] DEBUG -- : -------> building new state...
D, [2018-03-31T10:51:13.310125 #9547] DEBUG -- : -------> building new state...
D, [2018-03-31T10:51:13.310346 #9547] DEBUG -- : -------> building selection...
D, [2018-03-31T10:51:13.310680 #9547] DEBUG -- : -------> building new state...
D, [2018-03-31T10:51:13.310783 #9547] DEBUG -- : -------> building new state...
D, [2018-03-31T10:51:13.310998 #9547] DEBUG -- : -------> building selection...
D, [2018-03-31T10:51:13.311349 #9547] DEBUG -- : -------> building new state...
D, [2018-03-31T10:51:13.311452 #9547] DEBUG -- : -------> building new state...
D, [2018-03-31T10:51:13.311673 #9547] DEBUG -- : -------> building selection...
D, [2018-03-31T10:51:13.312011 #9547] DEBUG -- : -------> building new state...
D, [2018-03-31T10:51:13.312113 #9547] DEBUG -- : -------> building new state...
D, [2018-03-31T10:51:13.312305 #9547] DEBUG -- : -------> building selection...
D, [2018-03-31T10:51:13.312641 #9547] DEBUG -- : -------> building new state...
D, [2018-03-31T10:51:13.312745 #9547] DEBUG -- : -------> building new state...
D, [2018-03-31T10:51:13.312964 #9547] DEBUG -- : -------> building selection...
D, [2018-03-31T10:51:13.313301 #9547] DEBUG -- : -------> building new state...
D, [2018-03-31T10:51:13.313401 #9547] DEBUG -- : -------> building new state...
D, [2018-03-31T10:51:13.313595 #9547] DEBUG -- : -------> building selection...
D, [2018-03-31T10:51:13.313933 #9547] DEBUG -- : -------> building new state...
D, [2018-03-31T10:51:13.314068 #9547] DEBUG -- : -------> building new state...
D, [2018-03-31T10:51:13.314264 #9547] DEBUG -- : -------> building selection...
D, [2018-03-31T10:51:13.314598 #9547] DEBUG -- : -------> building new state...
D, [2018-03-31T10:51:13.314714 #9547] DEBUG -- : -------> building new state...
D, [2018-03-31T10:51:13.314924 #9547] DEBUG -- : scoring weighed rated selections...
D, [2018-03-31T10:51:13.314983 #9547] DEBUG -- : Saving scored selections...
D, [2018-03-31T10:51:13.319191 #9547] DEBUG -- : State Score successfully calculated


D, [2018-03-31T10:51:13.319266 #9547] DEBUG -- : Scoring new state: {:rating=>37, :state=>{:unknown=>0, :possibly_lighter=>0, :possibly_heavier=>1, :normal=>7}}
D, [2018-03-31T10:51:13.319291 #9547] DEBUG -- : State Score successfully calculated


D, [2018-03-31T10:51:13.319319 #9547] DEBUG -- : Scoring new state: {:rating=>31, :state=>{:unknown=>0, :possibly_lighter=>3, :possibly_heavier=>0, :normal=>5}}
D, [2018-03-31T10:51:13.322006 #9547] DEBUG -- : calculating updated score for older state...
D, [2018-03-31T10:51:13.325503 #9547] DEBUG -- : generating weighed rated selections...
D, [2018-03-31T10:51:13.326541 #9547] DEBUG -- : -------> building selection...
D, [2018-03-31T10:51:13.327413 #9547] DEBUG -- : -------> building new state...
D, [2018-03-31T10:51:13.327841 #9547] DEBUG -- : -------> building selection...
D, [2018-03-31T10:51:13.328214 #9547] DEBUG -- : -------> building new state...
D, [2018-03-31T10:51:13.328420 #9547] DEBUG -- : -------> building selection...
D, [2018-03-31T10:51:13.328758 #9547] DEBUG -- : -------> building new state...
D, [2018-03-31T10:51:13.328951 #9547] DEBUG -- : -------> building selection...
D, [2018-03-31T10:51:13.329330 #9547] DEBUG -- : -------> building new state...
D, [2018-03-31T10:51:13.329440 #9547] DEBUG -- : -------> building new state...
D, [2018-03-31T10:51:13.329631 #9547] DEBUG -- : -------> building selection...
D, [2018-03-31T10:51:13.329967 #9547] DEBUG -- : -------> building new state...
D, [2018-03-31T10:51:13.330069 #9547] DEBUG -- : -------> building new state...
D, [2018-03-31T10:51:13.330315 #9547] DEBUG -- : -------> building selection...
D, [2018-03-31T10:51:13.330662 #9547] DEBUG -- : -------> building new state...
D, [2018-03-31T10:51:13.330762 #9547] DEBUG -- : -------> building new state...
D, [2018-03-31T10:51:13.330966 #9547] DEBUG -- : -------> building selection...
D, [2018-03-31T10:51:13.331305 #9547] DEBUG -- : -------> building new state...
D, [2018-03-31T10:51:13.331467 #9547] DEBUG -- : -------> building new state...
D, [2018-03-31T10:51:13.331670 #9547] DEBUG -- : -------> building selection...
D, [2018-03-31T10:51:13.331997 #9547] DEBUG -- : -------> building new state...
D, [2018-03-31T10:51:13.332101 #9547] DEBUG -- : -------> building new state...
D, [2018-03-31T10:51:13.332285 #9547] DEBUG -- : -------> building selection...
D, [2018-03-31T10:51:13.332691 #9547] DEBUG -- : -------> building new state...
D, [2018-03-31T10:51:13.332795 #9547] DEBUG -- : -------> building new state...
D, [2018-03-31T10:51:13.332983 #9547] DEBUG -- : -------> building selection...
D, [2018-03-31T10:51:13.333305 #9547] DEBUG -- : -------> building new state...
D, [2018-03-31T10:51:13.333464 #9547] DEBUG -- : -------> building new state...
D, [2018-03-31T10:51:13.333681 #9547] DEBUG -- : -------> building selection...
D, [2018-03-31T10:51:13.334009 #9547] DEBUG -- : -------> building new state...
D, [2018-03-31T10:51:13.334107 #9547] DEBUG -- : -------> building new state...
D, [2018-03-31T10:51:13.334411 #9547] DEBUG -- : -------> building selection...
D, [2018-03-31T10:51:13.334873 #9547] DEBUG -- : -------> building new state...
D, [2018-03-31T10:51:13.335091 #9547] DEBUG -- : -------> building new state...
D, [2018-03-31T10:51:13.335307 #9547] DEBUG -- : -------> building selection...
D, [2018-03-31T10:51:13.335655 #9547] DEBUG -- : -------> building new state...
D, [2018-03-31T10:51:13.335764 #9547] DEBUG -- : -------> building new state...
D, [2018-03-31T10:51:13.335959 #9547] DEBUG -- : -------> building selection...
D, [2018-03-31T10:51:13.336351 #9547] DEBUG -- : -------> building new state...
D, [2018-03-31T10:51:13.336455 #9547] DEBUG -- : -------> building new state...
D, [2018-03-31T10:51:13.336666 #9547] DEBUG -- : -------> building selection...
D, [2018-03-31T10:51:13.336994 #9547] DEBUG -- : -------> building new state...
D, [2018-03-31T10:51:13.337127 #9547] DEBUG -- : -------> building new state...
D, [2018-03-31T10:51:13.337336 #9547] DEBUG -- : -------> building selection...
D, [2018-03-31T10:51:13.337664 #9547] DEBUG -- : -------> building new state...
D, [2018-03-31T10:51:13.337798 #9547] DEBUG -- : -------> building new state...
D, [2018-03-31T10:51:13.337994 #9547] DEBUG -- : -------> building selection...
D, [2018-03-31T10:51:13.338350 #9547] DEBUG -- : -------> building new state...
D, [2018-03-31T10:51:13.338451 #9547] DEBUG -- : -------> building new state...
D, [2018-03-31T10:51:13.338699 #9547] DEBUG -- : -------> building selection...
D, [2018-03-31T10:51:13.339047 #9547] DEBUG -- : -------> building new state...
D, [2018-03-31T10:51:13.339148 #9547] DEBUG -- : -------> building new state...
D, [2018-03-31T10:51:13.339337 #9547] DEBUG -- : -------> building selection...
D, [2018-03-31T10:51:13.339747 #9547] DEBUG -- : -------> building new state...
D, [2018-03-31T10:51:13.339877 #9547] DEBUG -- : -------> building new state...
D, [2018-03-31T10:51:13.340081 #9547] DEBUG -- : scoring weighed rated selections...
D, [2018-03-31T10:51:13.340142 #9547] DEBUG -- : Saving scored selections...
D, [2018-03-31T10:51:13.344302 #9547] DEBUG -- : State Score successfully calculated


D, [2018-03-31T10:51:13.344386 #9547] DEBUG -- : Scoring new state: {:rating=>31, :state=>{:unknown=>0, :possibly_lighter=>2, :possibly_heavier=>1, :normal=>5}}
D, [2018-03-31T10:51:13.346939 #9547] DEBUG -- : calculating updated score for older state...
D, [2018-03-31T10:51:13.351547 #9547] DEBUG -- : generating weighed rated selections...
D, [2018-03-31T10:51:13.352634 #9547] DEBUG -- : -------> building selection...
D, [2018-03-31T10:51:13.353991 #9547] DEBUG -- : -------> building new state...
D, [2018-03-31T10:51:13.354352 #9547] DEBUG -- : -------> building new state...
D, [2018-03-31T10:51:13.354644 #9547] DEBUG -- : -------> building selection...
D, [2018-03-31T10:51:13.355382 #9547] DEBUG -- : -------> building new state...
D, [2018-03-31T10:51:13.355507 #9547] DEBUG -- : -------> building new state...
D, [2018-03-31T10:51:13.355733 #9547] DEBUG -- : -------> building selection...
D, [2018-03-31T10:51:13.356240 #9547] DEBUG -- : -------> building new state...
D, [2018-03-31T10:51:13.356416 #9547] DEBUG -- : -------> building new state...
D, [2018-03-31T10:51:13.356638 #9547] DEBUG -- : -------> building selection...
D, [2018-03-31T10:51:13.356993 #9547] DEBUG -- : -------> building new state...
D, [2018-03-31T10:51:13.357107 #9547] DEBUG -- : -------> building new state...
D, [2018-03-31T10:51:13.357309 #9547] DEBUG -- : -------> building selection...
D, [2018-03-31T10:51:13.357697 #9547] DEBUG -- : -------> building new state...
D, [2018-03-31T10:51:13.357810 #9547] DEBUG -- : -------> building new state...
D, [2018-03-31T10:51:13.358010 #9547] DEBUG -- : -------> building selection...
D, [2018-03-31T10:51:13.358353 #9547] DEBUG -- : -------> building new state...
D, [2018-03-31T10:51:13.358470 #9547] DEBUG -- : -------> building new state...
D, [2018-03-31T10:51:13.358661 #9547] DEBUG -- : -------> building selection...
D, [2018-03-31T10:51:13.359069 #9547] DEBUG -- : -------> building new state...
D, [2018-03-31T10:51:13.359180 #9547] DEBUG -- : -------> building new state...
D, [2018-03-31T10:51:13.359373 #9547] DEBUG -- : -------> building selection...
D, [2018-03-31T10:51:13.359693 #9547] DEBUG -- : -------> building new state...
D, [2018-03-31T10:51:13.359790 #9547] DEBUG -- : -------> building new state...
D, [2018-03-31T10:51:13.360014 #9547] DEBUG -- : -------> building selection...
D, [2018-03-31T10:51:13.360348 #9547] DEBUG -- : -------> building new state...
D, [2018-03-31T10:51:13.360446 #9547] DEBUG -- : -------> building new state...
D, [2018-03-31T10:51:13.360632 #9547] DEBUG -- : -------> building selection...
D, [2018-03-31T10:51:13.360962 #9547] DEBUG -- : -------> building new state...
D, [2018-03-31T10:51:13.361091 #9547] DEBUG -- : -------> building new state...
D, [2018-03-31T10:51:13.361284 #9547] DEBUG -- : -------> building selection...
D, [2018-03-31T10:51:13.361606 #9547] DEBUG -- : -------> building new state...
D, [2018-03-31T10:51:13.361717 #9547] DEBUG -- : -------> building new state...
D, [2018-03-31T10:51:13.361903 #9547] DEBUG -- : -------> building selection...
D, [2018-03-31T10:51:13.362267 #9547] DEBUG -- : -------> building new state...
D, [2018-03-31T10:51:13.362372 #9547] DEBUG -- : -------> building new state...
D, [2018-03-31T10:51:13.362561 #9547] DEBUG -- : -------> building selection...
D, [2018-03-31T10:51:13.362897 #9547] DEBUG -- : -------> building new state...
D, [2018-03-31T10:51:13.363006 #9547] DEBUG -- : -------> building new state...
D, [2018-03-31T10:51:13.363198 #9547] DEBUG -- : -------> building selection...
D, [2018-03-31T10:51:13.363554 #9547] DEBUG -- : -------> building new state...
D, [2018-03-31T10:51:13.363655 #9547] DEBUG -- : -------> building new state...
D, [2018-03-31T10:51:13.363842 #9547] DEBUG -- : -------> building selection...
D, [2018-03-31T10:51:13.364167 #9547] DEBUG -- : -------> building new state...
D, [2018-03-31T10:51:13.364265 #9547] DEBUG -- : -------> building new state...
D, [2018-03-31T10:51:13.364483 #9547] DEBUG -- : -------> building selection...
D, [2018-03-31T10:51:13.364804 #9547] DEBUG -- : -------> building new state...
D, [2018-03-31T10:51:13.364902 #9547] DEBUG -- : -------> building new state...
D, [2018-03-31T10:51:13.365088 #9547] DEBUG -- : -------> building selection...
D, [2018-03-31T10:51:13.365448 #9547] DEBUG -- : -------> building new state...
D, [2018-03-31T10:51:13.365558 #9547] DEBUG -- : -------> building new state...
D, [2018-03-31T10:51:13.365744 #9547] DEBUG -- : -------> building selection...
D, [2018-03-31T10:51:13.366073 #9547] DEBUG -- : -------> building new state...
D, [2018-03-31T10:51:13.366172 #9547] DEBUG -- : -------> building new state...
D, [2018-03-31T10:51:13.366359 #9547] DEBUG -- : -------> building selection...
D, [2018-03-31T10:51:13.366712 #9547] DEBUG -- : -------> building new state...
D, [2018-03-31T10:51:13.366835 #9547] DEBUG -- : -------> building new state...
D, [2018-03-31T10:51:13.367028 #9547] DEBUG -- : -------> building selection...
D, [2018-03-31T10:51:13.367351 #9547] DEBUG -- : -------> building new state...
D, [2018-03-31T10:51:13.367448 #9547] DEBUG -- : -------> building new state...
D, [2018-03-31T10:51:13.367634 #9547] DEBUG -- : -------> building selection...
D, [2018-03-31T10:51:13.367985 #9547] DEBUG -- : -------> building new state...
D, [2018-03-31T10:51:13.368083 #9547] DEBUG -- : -------> building new state...
D, [2018-03-31T10:51:13.368269 #9547] DEBUG -- : -------> building selection...
D, [2018-03-31T10:51:13.368621 #9547] DEBUG -- : -------> building new state...
D, [2018-03-31T10:51:13.368720 #9547] DEBUG -- : -------> building new state...
D, [2018-03-31T10:51:13.368909 #9547] DEBUG -- : -------> building selection...
D, [2018-03-31T10:51:13.369243 #9547] DEBUG -- : -------> building new state...
D, [2018-03-31T10:51:13.369347 #9547] DEBUG -- : -------> building new state...
D, [2018-03-31T10:51:13.369535 #9547] DEBUG -- : -------> building selection...
D, [2018-03-31T10:51:13.369945 #9547] DEBUG -- : -------> building new state...
D, [2018-03-31T10:51:13.370158 #9547] DEBUG -- : -------> building new state...
D, [2018-03-31T10:51:13.370392 #9547] DEBUG -- : -------> building selection...
D, [2018-03-31T10:51:13.370863 #9547] DEBUG -- : -------> building new state...
D, [2018-03-31T10:51:13.370975 #9547] DEBUG -- : -------> building new state...
D, [2018-03-31T10:51:13.371227 #9547] DEBUG -- : -------> building selection...
D, [2018-03-31T10:51:13.371559 #9547] DEBUG -- : -------> building new state...
D, [2018-03-31T10:51:13.371659 #9547] DEBUG -- : -------> building new state...
D, [2018-03-31T10:51:13.371849 #9547] DEBUG -- : -------> building selection...
D, [2018-03-31T10:51:13.372174 #9547] DEBUG -- : -------> building new state...
D, [2018-03-31T10:51:13.372271 #9547] DEBUG -- : -------> building new state...
D, [2018-03-31T10:51:13.372504 #9547] DEBUG -- : -------> building selection...
D, [2018-03-31T10:51:13.373012 #9547] DEBUG -- : -------> building new state...
D, [2018-03-31T10:51:13.373147 #9547] DEBUG -- : -------> building new state...
D, [2018-03-31T10:51:13.373346 #9547] DEBUG -- : -------> building selection...
D, [2018-03-31T10:51:13.373679 #9547] DEBUG -- : -------> building new state...
D, [2018-03-31T10:51:13.373806 #9547] DEBUG -- : -------> building new state...
D, [2018-03-31T10:51:13.374087 #9547] DEBUG -- : -------> building selection...
D, [2018-03-31T10:51:13.374439 #9547] DEBUG -- : -------> building new state...
D, [2018-03-31T10:51:13.374554 #9547] DEBUG -- : -------> building new state...
D, [2018-03-31T10:51:13.374752 #9547] DEBUG -- : -------> building selection...
D, [2018-03-31T10:51:13.375151 #9547] DEBUG -- : -------> building new state...
D, [2018-03-31T10:51:13.375267 #9547] DEBUG -- : -------> building new state...
D, [2018-03-31T10:51:13.375472 #9547] DEBUG -- : -------> building selection...
D, [2018-03-31T10:51:13.375818 #9547] DEBUG -- : -------> building new state...
D, [2018-03-31T10:51:13.375926 #9547] DEBUG -- : -------> building new state...
D, [2018-03-31T10:51:13.376161 #9547] DEBUG -- : -------> building selection...
D, [2018-03-31T10:51:13.376513 #9547] DEBUG -- : -------> building new state...
D, [2018-03-31T10:51:13.376624 #9547] DEBUG -- : -------> building new state...
D, [2018-03-31T10:51:13.376826 #9547] DEBUG -- : -------> building selection...
D, [2018-03-31T10:51:13.377166 #9547] DEBUG -- : -------> building new state...
D, [2018-03-31T10:51:13.377300 #9547] DEBUG -- : -------> building new state...
D, [2018-03-31T10:51:13.377504 #9547] DEBUG -- : -------> building selection...
D, [2018-03-31T10:51:13.377841 #9547] DEBUG -- : -------> building new state...
D, [2018-03-31T10:51:13.378015 #9547] DEBUG -- : -------> building new state...
D, [2018-03-31T10:51:13.378287 #9547] DEBUG -- : -------> building selection...
D, [2018-03-31T10:51:13.378673 #9547] DEBUG -- : -------> building new state...
D, [2018-03-31T10:51:13.378794 #9547] DEBUG -- : -------> building new state...
D, [2018-03-31T10:51:13.379008 #9547] DEBUG -- : -------> building selection...
D, [2018-03-31T10:51:13.379336 #9547] DEBUG -- : -------> building new state...
D, [2018-03-31T10:51:13.379435 #9547] DEBUG -- : -------> building new state...
D, [2018-03-31T10:51:13.379655 #9547] DEBUG -- : -------> building selection...
D, [2018-03-31T10:51:13.379983 #9547] DEBUG -- : -------> building new state...
D, [2018-03-31T10:51:13.380084 #9547] DEBUG -- : -------> building new state...
D, [2018-03-31T10:51:13.380366 #9547] DEBUG -- : -------> building selection...
D, [2018-03-31T10:51:13.380952 #9547] DEBUG -- : -------> building new state...
D, [2018-03-31T10:51:13.381064 #9547] DEBUG -- : -------> building new state...
D, [2018-03-31T10:51:13.381284 #9547] DEBUG -- : scoring weighed rated selections...
D, [2018-03-31T10:51:13.381359 #9547] DEBUG -- : Saving scored selections...
D, [2018-03-31T10:51:13.388756 #9547] DEBUG -- : State Score successfully calculated


D, [2018-03-31T10:51:13.388821 #9547] DEBUG -- : Scoring new state: {:rating=>37, :state=>{:unknown=>0, :possibly_lighter=>1, :possibly_heavier=>0, :normal=>7}}
D, [2018-03-31T10:51:13.388847 #9547] DEBUG -- : State Score successfully calculated


D, [2018-03-31T10:51:13.388883 #9547] DEBUG -- : Scoring new state: {:rating=>31, :state=>{:unknown=>0, :possibly_lighter=>2, :possibly_heavier=>1, :normal=>5}}
D, [2018-03-31T10:51:13.391919 #9547] DEBUG -- : calculating updated score for older state...
D, [2018-03-31T10:51:13.395606 #9547] DEBUG -- : generating weighed rated selections...
D, [2018-03-31T10:51:13.396729 #9547] DEBUG -- : -------> building selection...
D, [2018-03-31T10:51:13.397599 #9547] DEBUG -- : -------> building new state...
D, [2018-03-31T10:51:13.397918 #9547] DEBUG -- : -------> building new state...
D, [2018-03-31T10:51:13.398187 #9547] DEBUG -- : -------> building selection...
D, [2018-03-31T10:51:13.398531 #9547] DEBUG -- : -------> building new state...
D, [2018-03-31T10:51:13.398637 #9547] DEBUG -- : -------> building new state...
D, [2018-03-31T10:51:13.398847 #9547] DEBUG -- : -------> building selection...
D, [2018-03-31T10:51:13.399210 #9547] DEBUG -- : -------> building new state...
D, [2018-03-31T10:51:13.399324 #9547] DEBUG -- : -------> building new state...
D, [2018-03-31T10:51:13.399517 #9547] DEBUG -- : -------> building selection...
D, [2018-03-31T10:51:13.399842 #9547] DEBUG -- : -------> building new state...
D, [2018-03-31T10:51:13.399944 #9547] DEBUG -- : -------> building new state...
D, [2018-03-31T10:51:13.400143 #9547] DEBUG -- : -------> building selection...
D, [2018-03-31T10:51:13.400501 #9547] DEBUG -- : -------> building new state...
D, [2018-03-31T10:51:13.400603 #9547] DEBUG -- : -------> building new state...
D, [2018-03-31T10:51:13.400798 #9547] DEBUG -- : -------> building selection...
D, [2018-03-31T10:51:13.401126 #9547] DEBUG -- : -------> building new state...
D, [2018-03-31T10:51:13.401226 #9547] DEBUG -- : -------> building new state...
D, [2018-03-31T10:51:13.401417 #9547] DEBUG -- : -------> building selection...
D, [2018-03-31T10:51:13.401763 #9547] DEBUG -- : -------> building new state...
D, [2018-03-31T10:51:13.401864 #9547] DEBUG -- : -------> building new state...
D, [2018-03-31T10:51:13.402052 #9547] DEBUG -- : -------> building selection...
D, [2018-03-31T10:51:13.402417 #9547] DEBUG -- : -------> building new state...
D, [2018-03-31T10:51:13.402547 #9547] DEBUG -- : -------> building new state...
D, [2018-03-31T10:51:13.402738 #9547] DEBUG -- : -------> building selection...
D, [2018-03-31T10:51:13.403082 #9547] DEBUG -- : -------> building new state...
D, [2018-03-31T10:51:13.403184 #9547] DEBUG -- : -------> building new state...
D, [2018-03-31T10:51:13.403374 #9547] DEBUG -- : -------> building selection...
D, [2018-03-31T10:51:13.403734 #9547] DEBUG -- : -------> building new state...
D, [2018-03-31T10:51:13.403835 #9547] DEBUG -- : -------> building new state...
D, [2018-03-31T10:51:13.404023 #9547] DEBUG -- : -------> building selection...
D, [2018-03-31T10:51:13.404350 #9547] DEBUG -- : -------> building new state...
D, [2018-03-31T10:51:13.404453 #9547] DEBUG -- : -------> building new state...
D, [2018-03-31T10:51:13.404841 #9547] DEBUG -- : -------> building selection...
D, [2018-03-31T10:51:13.405199 #9547] DEBUG -- : -------> building new state...
D, [2018-03-31T10:51:13.405301 #9547] DEBUG -- : -------> building new state...
D, [2018-03-31T10:51:13.405493 #9547] DEBUG -- : -------> building selection...
D, [2018-03-31T10:51:13.405858 #9547] DEBUG -- : -------> building new state...
D, [2018-03-31T10:51:13.405961 #9547] DEBUG -- : -------> building new state...
D, [2018-03-31T10:51:13.406148 #9547] DEBUG -- : -------> building selection...
D, [2018-03-31T10:51:13.406472 #9547] DEBUG -- : -------> building new state...
D, [2018-03-31T10:51:13.406574 #9547] DEBUG -- : -------> building new state...
D, [2018-03-31T10:51:13.406773 #9547] DEBUG -- : -------> building selection...
D, [2018-03-31T10:51:13.407155 #9547] DEBUG -- : -------> building new state...
D, [2018-03-31T10:51:13.407259 #9547] DEBUG -- : -------> building new state...
D, [2018-03-31T10:51:13.407494 #9547] DEBUG -- : -------> building selection...
D, [2018-03-31T10:51:13.407988 #9547] DEBUG -- : -------> building new state...
D, [2018-03-31T10:51:13.408126 #9547] DEBUG -- : -------> building new state...
D, [2018-03-31T10:51:13.408369 #9547] DEBUG -- : -------> building selection...
D, [2018-03-31T10:51:13.408750 #9547] DEBUG -- : -------> building new state...
D, [2018-03-31T10:51:13.408939 #9547] DEBUG -- : -------> building new state...
D, [2018-03-31T10:51:13.409146 #9547] DEBUG -- : -------> building selection...
D, [2018-03-31T10:51:13.409480 #9547] DEBUG -- : -------> building new state...
D, [2018-03-31T10:51:13.409583 #9547] DEBUG -- : -------> building new state...
D, [2018-03-31T10:51:13.409809 #9547] DEBUG -- : -------> building selection...
D, [2018-03-31T10:51:13.410132 #9547] DEBUG -- : -------> building new state...
D, [2018-03-31T10:51:13.410233 #9547] DEBUG -- : -------> building new state...
D, [2018-03-31T10:51:13.410435 #9547] DEBUG -- : -------> building selection...
D, [2018-03-31T10:51:13.410778 #9547] DEBUG -- : -------> building new state...
D, [2018-03-31T10:51:13.410913 #9547] DEBUG -- : -------> building new state...
D, [2018-03-31T10:51:13.411164 #9547] DEBUG -- : -------> building selection...
D, [2018-03-31T10:51:13.411504 #9547] DEBUG -- : -------> building new state...
D, [2018-03-31T10:51:13.411612 #9547] DEBUG -- : -------> building new state...
D, [2018-03-31T10:51:13.411813 #9547] DEBUG -- : -------> building selection...
D, [2018-03-31T10:51:13.412152 #9547] DEBUG -- : -------> building new state...
D, [2018-03-31T10:51:13.412260 #9547] DEBUG -- : -------> building new state...
D, [2018-03-31T10:51:13.412551 #9547] DEBUG -- : -------> building selection...
D, [2018-03-31T10:51:13.412938 #9547] DEBUG -- : -------> building new state...
D, [2018-03-31T10:51:13.413057 #9547] DEBUG -- : -------> building new state...
D, [2018-03-31T10:51:13.413291 #9547] DEBUG -- : -------> building selection...
D, [2018-03-31T10:51:13.413675 #9547] DEBUG -- : -------> building new state...
D, [2018-03-31T10:51:13.413860 #9547] DEBUG -- : -------> building new state...
D, [2018-03-31T10:51:13.414112 #9547] DEBUG -- : -------> building selection...
D, [2018-03-31T10:51:13.414453 #9547] DEBUG -- : -------> building new state...
D, [2018-03-31T10:51:13.414554 #9547] DEBUG -- : -------> building new state...
D, [2018-03-31T10:51:13.414749 #9547] DEBUG -- : -------> building selection...
D, [2018-03-31T10:51:13.415218 #9547] DEBUG -- : -------> building new state...
D, [2018-03-31T10:51:13.415332 #9547] DEBUG -- : -------> building new state...
D, [2018-03-31T10:51:13.415530 #9547] DEBUG -- : -------> building selection...
D, [2018-03-31T10:51:13.415861 #9547] DEBUG -- : -------> building new state...
D, [2018-03-31T10:51:13.415959 #9547] DEBUG -- : -------> building new state...
D, [2018-03-31T10:51:13.416148 #9547] DEBUG -- : -------> building selection...
D, [2018-03-31T10:51:13.416564 #9547] DEBUG -- : -------> building new state...
D, [2018-03-31T10:51:13.416666 #9547] DEBUG -- : -------> building new state...
D, [2018-03-31T10:51:13.416856 #9547] DEBUG -- : -------> building selection...
D, [2018-03-31T10:51:13.417187 #9547] DEBUG -- : -------> building new state...
D, [2018-03-31T10:51:13.417287 #9547] DEBUG -- : -------> building new state...
D, [2018-03-31T10:51:13.417548 #9547] DEBUG -- : -------> building selection...
D, [2018-03-31T10:51:13.417881 #9547] DEBUG -- : -------> building new state...
D, [2018-03-31T10:51:13.417984 #9547] DEBUG -- : -------> building new state...
D, [2018-03-31T10:51:13.418172 #9547] DEBUG -- : -------> building selection...
D, [2018-03-31T10:51:13.418559 #9547] DEBUG -- : -------> building new state...
D, [2018-03-31T10:51:13.418661 #9547] DEBUG -- : -------> building new state...
D, [2018-03-31T10:51:13.418866 #9547] DEBUG -- : -------> building selection...
D, [2018-03-31T10:51:13.419225 #9547] DEBUG -- : -------> building new state...
D, [2018-03-31T10:51:13.419328 #9547] DEBUG -- : -------> building new state...
D, [2018-03-31T10:51:13.421681 #9547] DEBUG -- : -------> building selection...
D, [2018-03-31T10:51:13.422154 #9547] DEBUG -- : -------> building new state...
D, [2018-03-31T10:51:13.422285 #9547] DEBUG -- : -------> building new state...
D, [2018-03-31T10:51:13.422483 #9547] DEBUG -- : -------> building selection...
D, [2018-03-31T10:51:13.422865 #9547] DEBUG -- : -------> building new state...
D, [2018-03-31T10:51:13.422973 #9547] DEBUG -- : -------> building new state...
D, [2018-03-31T10:51:13.423210 #9547] DEBUG -- : -------> building selection...
D, [2018-03-31T10:51:13.423561 #9547] DEBUG -- : -------> building new state...
D, [2018-03-31T10:51:13.423664 #9547] DEBUG -- : -------> building new state...
D, [2018-03-31T10:51:13.423854 #9547] DEBUG -- : -------> building selection...
D, [2018-03-31T10:51:13.424222 #9547] DEBUG -- : -------> building new state...
D, [2018-03-31T10:51:13.424354 #9547] DEBUG -- : -------> building new state...
D, [2018-03-31T10:51:13.424544 #9547] DEBUG -- : -------> building selection...
D, [2018-03-31T10:51:13.424881 #9547] DEBUG -- : -------> building new state...
D, [2018-03-31T10:51:13.424985 #9547] DEBUG -- : -------> building new state...
D, [2018-03-31T10:51:13.425173 #9547] DEBUG -- : -------> building selection...
D, [2018-03-31T10:51:13.425534 #9547] DEBUG -- : -------> building new state...
D, [2018-03-31T10:51:13.425638 #9547] DEBUG -- : -------> building new state...
D, [2018-03-31T10:51:13.425823 #9547] DEBUG -- : -------> building selection...
D, [2018-03-31T10:51:13.426140 #9547] DEBUG -- : -------> building new state...
D, [2018-03-31T10:51:13.426238 #9547] DEBUG -- : -------> building new state...
D, [2018-03-31T10:51:13.426465 #9547] DEBUG -- : scoring weighed rated selections...
D, [2018-03-31T10:51:13.426609 #9547] DEBUG -- : Saving scored selections...
D, [2018-03-31T10:51:13.434030 #9547] DEBUG -- : State Score successfully calculated


D, [2018-03-31T10:51:13.434103 #9547] DEBUG -- : Scoring new state: {:rating=>37, :state=>{:unknown=>0, :possibly_lighter=>1, :possibly_heavier=>0, :normal=>7}}
D, [2018-03-31T10:51:13.434128 #9547] DEBUG -- : State Score successfully calculated


D, [2018-03-31T10:51:13.434164 #9547] DEBUG -- : Scoring new state: {:rating=>37, :state=>{:unknown=>0, :possibly_lighter=>0, :possibly_heavier=>1, :normal=>7}}
D, [2018-03-31T10:51:13.434185 #9547] DEBUG -- : State Score successfully calculated


D, [2018-03-31T10:51:13.434211 #9547] DEBUG -- : Scoring new state: {:rating=>31, :state=>{:unknown=>0, :possibly_lighter=>3, :possibly_heavier=>0, :normal=>5}}
D, [2018-03-31T10:51:13.436896 #9547] DEBUG -- : calculating updated score for older state...
D, [2018-03-31T10:51:13.440440 #9547] DEBUG -- : generating weighed rated selections...
D, [2018-03-31T10:51:13.441498 #9547] DEBUG -- : -------> building selection...
D, [2018-03-31T10:51:13.442378 #9547] DEBUG -- : -------> building new state...
D, [2018-03-31T10:51:13.442781 #9547] DEBUG -- : -------> building selection...
D, [2018-03-31T10:51:13.443254 #9547] DEBUG -- : -------> building new state...
D, [2018-03-31T10:51:13.443493 #9547] DEBUG -- : -------> building selection...
D, [2018-03-31T10:51:13.443853 #9547] DEBUG -- : -------> building new state...
D, [2018-03-31T10:51:13.444048 #9547] DEBUG -- : -------> building selection...
D, [2018-03-31T10:51:13.444406 #9547] DEBUG -- : -------> building new state...
D, [2018-03-31T10:51:13.444511 #9547] DEBUG -- : -------> building new state...
D, [2018-03-31T10:51:13.444901 #9547] DEBUG -- : -------> building selection...
D, [2018-03-31T10:51:13.445303 #9547] DEBUG -- : -------> building new state...
D, [2018-03-31T10:51:13.445407 #9547] DEBUG -- : -------> building new state...
D, [2018-03-31T10:51:13.445597 #9547] DEBUG -- : -------> building selection...
D, [2018-03-31T10:51:13.446074 #9547] DEBUG -- : -------> building new state...
D, [2018-03-31T10:51:13.446208 #9547] DEBUG -- : -------> building new state...
D, [2018-03-31T10:51:13.446430 #9547] DEBUG -- : -------> building selection...
D, [2018-03-31T10:51:13.446886 #9547] DEBUG -- : -------> building new state...
D, [2018-03-31T10:51:13.447103 #9547] DEBUG -- : -------> building new state...
D, [2018-03-31T10:51:13.447335 #9547] DEBUG -- : -------> building selection...
D, [2018-03-31T10:51:13.447721 #9547] DEBUG -- : -------> building new state...
D, [2018-03-31T10:51:13.447836 #9547] DEBUG -- : -------> building new state...
D, [2018-03-31T10:51:13.448043 #9547] DEBUG -- : -------> building selection...
D, [2018-03-31T10:51:13.448411 #9547] DEBUG -- : -------> building new state...
D, [2018-03-31T10:51:13.448527 #9547] DEBUG -- : -------> building new state...
D, [2018-03-31T10:51:13.448731 #9547] DEBUG -- : -------> building selection...
D, [2018-03-31T10:51:13.449071 #9547] DEBUG -- : -------> building new state...
D, [2018-03-31T10:51:13.449182 #9547] DEBUG -- : -------> building new state...
D, [2018-03-31T10:51:13.449405 #9547] DEBUG -- : -------> building selection...
D, [2018-03-31T10:51:13.449743 #9547] DEBUG -- : -------> building new state...
D, [2018-03-31T10:51:13.449852 #9547] DEBUG -- : -------> building new state...
D, [2018-03-31T10:51:13.450081 #9547] DEBUG -- : -------> building selection...
D, [2018-03-31T10:51:13.450427 #9547] DEBUG -- : -------> building new state...
D, [2018-03-31T10:51:13.450549 #9547] DEBUG -- : -------> building new state...
D, [2018-03-31T10:51:13.450752 #9547] DEBUG -- : -------> building selection...
D, [2018-03-31T10:51:13.451134 #9547] DEBUG -- : -------> building new state...
D, [2018-03-31T10:51:13.451250 #9547] DEBUG -- : -------> building new state...
D, [2018-03-31T10:51:13.451475 #9547] DEBUG -- : -------> building selection...
D, [2018-03-31T10:51:13.451820 #9547] DEBUG -- : -------> building new state...
D, [2018-03-31T10:51:13.451933 #9547] DEBUG -- : -------> building new state...
D, [2018-03-31T10:51:13.452127 #9547] DEBUG -- : -------> building selection...
D, [2018-03-31T10:51:13.452533 #9547] DEBUG -- : -------> building new state...
D, [2018-03-31T10:51:13.452711 #9547] DEBUG -- : -------> building new state...
D, [2018-03-31T10:51:13.453014 #9547] DEBUG -- : -------> building selection...
D, [2018-03-31T10:51:13.453376 #9547] DEBUG -- : -------> building new state...
D, [2018-03-31T10:51:13.453483 #9547] DEBUG -- : -------> building new state...
D, [2018-03-31T10:51:13.453698 #9547] DEBUG -- : -------> building selection...
D, [2018-03-31T10:51:13.454075 #9547] DEBUG -- : -------> building new state...
D, [2018-03-31T10:51:13.454244 #9547] DEBUG -- : -------> building new state...
D, [2018-03-31T10:51:13.454469 #9547] DEBUG -- : -------> building selection...
D, [2018-03-31T10:51:13.454816 #9547] DEBUG -- : -------> building new state...
D, [2018-03-31T10:51:13.454924 #9547] DEBUG -- : -------> building new state...
D, [2018-03-31T10:51:13.455118 #9547] DEBUG -- : -------> building selection...
D, [2018-03-31T10:51:13.455476 #9547] DEBUG -- : -------> building new state...
D, [2018-03-31T10:51:13.455578 #9547] DEBUG -- : -------> building new state...
D, [2018-03-31T10:51:13.455771 #9547] DEBUG -- : scoring weighed rated selections...
D, [2018-03-31T10:51:13.455823 #9547] DEBUG -- : Saving scored selections...
D, [2018-03-31T10:51:13.459889 #9547] DEBUG -- : State Score successfully calculated


D, [2018-03-31T10:51:13.459985 #9547] DEBUG -- : Saving scored selections...
D, [2018-03-31T10:51:13.497488 #9547] DEBUG -- : State Score successfully calculated


D, [2018-03-31T10:51:13.497589 #9547] DEBUG -- : Scoring new state: {:rating=>37, :state=>{:unknown=>0, :possibly_lighter=>0, :possibly_heavier=>1, :normal=>7}}
D, [2018-03-31T10:51:13.497616 #9547] DEBUG -- : State Score successfully calculated


D, [2018-03-31T10:51:13.497644 #9547] DEBUG -- : Scoring new state: {:rating=>31, :state=>{:unknown=>0, :possibly_lighter=>1, :possibly_heavier=>2, :normal=>5}}
D, [2018-03-31T10:51:13.500373 #9547] DEBUG -- : generating score for new state...
D, [2018-03-31T10:51:13.504106 #9547] DEBUG -- : new state info recorded
D, [2018-03-31T10:51:13.507627 #9547] DEBUG -- : generating weighed rated selections...
D, [2018-03-31T10:51:13.719390 #9547] DEBUG -- : scoring weighed rated selections...
D, [2018-03-31T10:51:13.719551 #9547] DEBUG -- : Saving scored selections...
D, [2018-03-31T10:51:13.726886 #9547] DEBUG -- : State Score successfully calculated


D, [2018-03-31T10:51:13.792297 #9547] DEBUG -- : Scoring new state: {:rating=>34, :state=>{:unknown=>0, :possibly_lighter=>1, :possibly_heavier=>1, :normal=>6}}
D, [2018-03-31T10:51:13.795149 #9547] DEBUG -- : generating score for new state...
D, [2018-03-31T10:51:13.798716 #9547] DEBUG -- : new state info recorded
D, [2018-03-31T10:51:13.802164 #9547] DEBUG -- : generating weighed rated selections...
D, [2018-03-31T10:51:13.914510 #9547] DEBUG -- : scoring weighed rated selections...
D, [2018-03-31T10:51:13.914657 #9547] DEBUG -- : Saving scored selections...
D, [2018-03-31T10:51:13.930505 #9547] DEBUG -- : State Score successfully calculated


D, [2018-03-31T10:51:13.930620 #9547] DEBUG -- : Scoring new state: {:rating=>31, :state=>{:unknown=>0, :possibly_lighter=>1, :possibly_heavier=>2, :normal=>5}}
D, [2018-03-31T10:51:13.933361 #9547] DEBUG -- : generating score for new state...
D, [2018-03-31T10:51:13.936879 #9547] DEBUG -- : new state info recorded
D, [2018-03-31T10:51:13.940268 #9547] DEBUG -- : generating weighed rated selections...
D, [2018-03-31T10:51:14.155570 #9547] DEBUG -- : scoring weighed rated selections...
D, [2018-03-31T10:51:14.155730 #9547] DEBUG -- : Saving scored selections...
D, [2018-03-31T10:51:14.162704 #9547] DEBUG -- : State Score successfully calculated


D, [2018-03-31T10:51:14.162795 #9547] DEBUG -- : Scoring new state: {:rating=>34, :state=>{:unknown=>0, :possibly_lighter=>1, :possibly_heavier=>1, :normal=>6}}
D, [2018-03-31T10:51:14.165415 #9547] DEBUG -- : returning fully calculated score...
D, [2018-03-31T10:51:14.165483 #9547] DEBUG -- : State Score successfully calculated


D, [2018-03-31T10:51:14.165535 #9547] DEBUG -- : Scoring new state: {:rating=>31, :state=>{:unknown=>0, :possibly_lighter=>2, :possibly_heavier=>1, :normal=>5}}
D, [2018-03-31T10:51:14.168043 #9547] DEBUG -- : generating score for new state...
D, [2018-03-31T10:51:14.171604 #9547] DEBUG -- : new state info recorded
D, [2018-03-31T10:51:14.175096 #9547] DEBUG -- : generating weighed rated selections...
D, [2018-03-31T10:51:14.396194 #9547] DEBUG -- : scoring weighed rated selections...
D, [2018-03-31T10:51:14.396352 #9547] DEBUG -- : Saving scored selections...
D, [2018-03-31T10:51:14.407369 #9547] DEBUG -- : State Score successfully calculated


D, [2018-03-31T10:51:14.479040 #9547] DEBUG -- : Scoring new state: {:rating=>31, :state=>{:unknown=>0, :possibly_lighter=>1, :possibly_heavier=>2, :normal=>5}}
D, [2018-03-31T10:51:14.481832 #9547] DEBUG -- : generating score for new state...
D, [2018-03-31T10:51:14.485402 #9547] DEBUG -- : new state info recorded
D, [2018-03-31T10:51:14.488824 #9547] DEBUG -- : generating weighed rated selections...
D, [2018-03-31T10:51:14.738867 #9547] DEBUG -- : scoring weighed rated selections...
D, [2018-03-31T10:51:14.739028 #9547] DEBUG -- : Saving scored selections...
D, [2018-03-31T10:51:14.750294 #9547] DEBUG -- : State Score successfully calculated


D, [2018-03-31T10:51:14.750382 #9547] DEBUG -- : Scoring new state: {:rating=>34, :state=>{:unknown=>0, :possibly_lighter=>1, :possibly_heavier=>1, :normal=>6}}
D, [2018-03-31T10:51:14.752929 #9547] DEBUG -- : calculating updated score for older state...
D, [2018-03-31T10:51:14.756421 #9547] DEBUG -- : generating weighed rated selections...
D, [2018-03-31T10:51:14.866377 #9547] DEBUG -- : scoring weighed rated selections...
D, [2018-03-31T10:51:14.866551 #9547] DEBUG -- : Saving scored selections...
D, [2018-03-31T10:51:14.881584 #9547] DEBUG -- : State Score successfully calculated


D, [2018-03-31T10:51:14.881674 #9547] DEBUG -- : Scoring new state: {:rating=>31, :state=>{:unknown=>0, :possibly_lighter=>2, :possibly_heavier=>1, :normal=>5}}
D, [2018-03-31T10:51:14.884221 #9547] DEBUG -- : generating score for new state...
D, [2018-03-31T10:51:14.887633 #9547] DEBUG -- : new state info recorded
D, [2018-03-31T10:51:14.891037 #9547] DEBUG -- : generating weighed rated selections...
D, [2018-03-31T10:51:15.080091 #9547] DEBUG -- : scoring weighed rated selections...
D, [2018-03-31T10:51:15.080275 #9547] DEBUG -- : Saving scored selections...
D, [2018-03-31T10:51:15.087329 #9547] DEBUG -- : State Score successfully calculated


D, [2018-03-31T10:51:15.087432 #9547] DEBUG -- : Scoring new state: {:rating=>34, :state=>{:unknown=>0, :possibly_lighter=>1, :possibly_heavier=>1, :normal=>6}}
D, [2018-03-31T10:51:15.089961 #9547] DEBUG -- : returning fully calculated score...
D, [2018-03-31T10:51:15.090028 #9547] DEBUG -- : State Score successfully calculated


D, [2018-03-31T10:51:15.155987 #9547] DEBUG -- : Scoring new state: {:rating=>31, :state=>{:unknown=>0, :possibly_lighter=>1, :possibly_heavier=>2, :normal=>5}}
D, [2018-03-31T10:51:15.158950 #9547] DEBUG -- : generating score for new state...
D, [2018-03-31T10:51:15.162769 #9547] DEBUG -- : new state info recorded
D, [2018-03-31T10:51:15.166217 #9547] DEBUG -- : generating weighed rated selections...
D, [2018-03-31T10:51:15.374521 #9547] DEBUG -- : scoring weighed rated selections...
D, [2018-03-31T10:51:15.374678 #9547] DEBUG -- : Saving scored selections...
D, [2018-03-31T10:51:15.381803 #9547] DEBUG -- : State Score successfully calculated


D, [2018-03-31T10:51:15.381898 #9547] DEBUG -- : Scoring new state: {:rating=>34, :state=>{:unknown=>0, :possibly_lighter=>1, :possibly_heavier=>1, :normal=>6}}
D, [2018-03-31T10:51:15.384491 #9547] DEBUG -- : calculating updated score for older state...
D, [2018-03-31T10:51:15.388010 #9547] DEBUG -- : generating weighed rated selections...
D, [2018-03-31T10:51:15.491250 #9547] DEBUG -- : scoring weighed rated selections...
D, [2018-03-31T10:51:15.491463 #9547] DEBUG -- : Saving scored selections...
D, [2018-03-31T10:51:15.507192 #9547] DEBUG -- : State Score successfully calculated


D, [2018-03-31T10:51:15.507279 #9547] DEBUG -- : Scoring new state: {:rating=>31, :state=>{:unknown=>0, :possibly_lighter=>2, :possibly_heavier=>1, :normal=>5}}
D, [2018-03-31T10:51:15.509835 #9547] DEBUG -- : generating score for new state...
D, [2018-03-31T10:51:15.513259 #9547] DEBUG -- : new state info recorded
D, [2018-03-31T10:51:15.516704 #9547] DEBUG -- : generating weighed rated selections...
D, [2018-03-31T10:51:15.709303 #9547] DEBUG -- : scoring weighed rated selections...
D, [2018-03-31T10:51:15.709486 #9547] DEBUG -- : Saving scored selections...
D, [2018-03-31T10:51:15.716551 #9547] DEBUG -- : State Score successfully calculated


D, [2018-03-31T10:51:15.789868 #9547] DEBUG -- : calculating updated score for older state...
D, [2018-03-31T10:51:15.793650 #9547] DEBUG -- : generating weighed rated selections...
D, [2018-03-31T10:51:15.806750 #9547] DEBUG -- : scoring weighed rated selections...
D, [2018-03-31T10:51:15.806881 #9547] DEBUG -- : Scoring new state: {:rating=>10, :state=>{:unknown=>1, :possibly_lighter=>0, :possibly_heavier=>0, :normal=>2}}
D, [2018-03-31T10:51:15.809634 #9547] DEBUG -- : calculating updated score for older state...
D, [2018-03-31T10:51:15.813107 #9547] DEBUG -- : generating weighed rated selections...
D, [2018-03-31T10:51:15.832681 #9547] DEBUG -- : scoring weighed rated selections...
D, [2018-03-31T10:51:15.832790 #9547] DEBUG -- : Saving scored selections...
D, [2018-03-31T10:51:15.835961 #9547] DEBUG -- : State Score successfully calculated


D, [2018-03-31T10:51:15.836050 #9547] DEBUG -- : Scoring new state: {:rating=>9, :state=>{:unknown=>0, :possibly_lighter=>1, :possibly_heavier=>1, :normal=>1}}
D, [2018-03-31T10:51:15.838584 #9547] DEBUG -- : calculating updated score for older state...
D, [2018-03-31T10:51:15.841953 #9547] DEBUG -- : generating weighed rated selections...
D, [2018-03-31T10:51:15.871996 #9547] DEBUG -- : scoring weighed rated selections...
D, [2018-03-31T10:51:15.872109 #9547] DEBUG -- : Saving scored selections...
D, [2018-03-31T10:51:15.876873 #9547] DEBUG -- : State Score successfully calculated


D, [2018-03-31T10:51:15.876957 #9547] DEBUG -- : Saving scored selections...
D, [2018-03-31T10:51:15.958158 #9547] DEBUG -- : calculating updated score for older state...
D, [2018-03-31T10:51:15.961834 #9547] DEBUG -- : generating weighed rated selections...
D, [2018-03-31T10:51:15.974628 #9547] DEBUG -- : scoring weighed rated selections...
D, [2018-03-31T10:51:15.974753 #9547] DEBUG -- : Scoring new state: {:rating=>10, :state=>{:unknown=>1, :possibly_lighter=>0, :possibly_heavier=>0, :normal=>2}}
D, [2018-03-31T10:51:15.977486 #9547] DEBUG -- : calculating updated score for older state...
D, [2018-03-31T10:51:15.981049 #9547] DEBUG -- : generating weighed rated selections...
D, [2018-03-31T10:51:16.000485 #9547] DEBUG -- : scoring weighed rated selections...
D, [2018-03-31T10:51:16.000599 #9547] DEBUG -- : Saving scored selections...
D, [2018-03-31T10:51:16.003812 #9547] DEBUG -- : State Score successfully calculated


D, [2018-03-31T10:51:16.003899 #9547] DEBUG -- : Scoring new state: {:rating=>9, :state=>{:unknown=>0, :possibly_lighter=>1, :possibly_heavier=>1, :normal=>1}}
D, [2018-03-31T10:51:16.006403 #9547] DEBUG -- : calculating updated score for older state...
D, [2018-03-31T10:51:16.009880 #9547] DEBUG -- : generating weighed rated selections...
D, [2018-03-31T10:51:16.039868 #9547] DEBUG -- : scoring weighed rated selections...
D, [2018-03-31T10:51:16.039986 #9547] DEBUG -- : Saving scored selections...
D, [2018-03-31T10:51:16.044662 #9547] DEBUG -- : State Score successfully calculated


D, [2018-03-31T10:51:16.044742 #9547] DEBUG -- : Saving scored selections...
D, [2018-03-31T10:51:16.117822 #9547] DEBUG -- : calculating updated score for older state...
D, [2018-03-31T10:51:16.121645 #9547] DEBUG -- : generating weighed rated selections...
D, [2018-03-31T10:51:16.135015 #9547] DEBUG -- : scoring weighed rated selections...
D, [2018-03-31T10:51:16.135139 #9547] DEBUG -- : Scoring new state: {:rating=>10, :state=>{:unknown=>1, :possibly_lighter=>0, :possibly_heavier=>0, :normal=>2}}
D, [2018-03-31T10:51:16.138065 #9547] DEBUG -- : calculating updated score for older state...
D, [2018-03-31T10:51:16.141550 #9547] DEBUG -- : generating weighed rated selections...
D, [2018-03-31T10:51:16.160875 #9547] DEBUG -- : scoring weighed rated selections...
D, [2018-03-31T10:51:16.160991 #9547] DEBUG -- : Saving scored selections...
D, [2018-03-31T10:51:16.164343 #9547] DEBUG -- : State Score successfully calculated


D, [2018-03-31T10:51:16.164431 #9547] DEBUG -- : Scoring new state: {:rating=>9, :state=>{:unknown=>0, :possibly_lighter=>1, :possibly_heavier=>1, :normal=>1}}
D, [2018-03-31T10:51:16.166991 #9547] DEBUG -- : calculating updated score for older state...
D, [2018-03-31T10:51:16.170431 #9547] DEBUG -- : generating weighed rated selections...
D, [2018-03-31T10:51:16.200367 #9547] DEBUG -- : scoring weighed rated selections...
D, [2018-03-31T10:51:16.200495 #9547] DEBUG -- : Saving scored selections...
D, [2018-03-31T10:51:16.205259 #9547] DEBUG -- : State Score successfully calculated


D, [2018-03-31T10:51:16.205342 #9547] DEBUG -- : Saving scored selections...
D, [2018-03-31T10:51:16.279842 #9547] DEBUG -- : calculating updated score for older state...
D, [2018-03-31T10:51:16.283384 #9547] DEBUG -- : generating weighed rated selections...
D, [2018-03-31T10:51:16.296324 #9547] DEBUG -- : scoring weighed rated selections...
D, [2018-03-31T10:51:16.296446 #9547] DEBUG -- : Scoring new state: {:rating=>10, :state=>{:unknown=>1, :possibly_lighter=>0, :possibly_heavier=>0, :normal=>2}}
D, [2018-03-31T10:51:16.299328 #9547] DEBUG -- : calculating updated score for older state...
D, [2018-03-31T10:51:16.302759 #9547] DEBUG -- : generating weighed rated selections...
D, [2018-03-31T10:51:16.322160 #9547] DEBUG -- : scoring weighed rated selections...
D, [2018-03-31T10:51:16.322270 #9547] DEBUG -- : Saving scored selections...
D, [2018-03-31T10:51:16.325540 #9547] DEBUG -- : State Score successfully calculated


D, [2018-03-31T10:51:16.325632 #9547] DEBUG -- : Scoring new state: {:rating=>9, :state=>{:unknown=>0, :possibly_lighter=>1, :possibly_heavier=>1, :normal=>1}}
D, [2018-03-31T10:51:16.328282 #9547] DEBUG -- : calculating updated score for older state...
D, [2018-03-31T10:51:16.331910 #9547] DEBUG -- : generating weighed rated selections...
D, [2018-03-31T10:51:16.361837 #9547] DEBUG -- : scoring weighed rated selections...
D, [2018-03-31T10:51:16.361970 #9547] DEBUG -- : Saving scored selections...
D, [2018-03-31T10:51:16.366996 #9547] DEBUG -- : State Score successfully calculated


D, [2018-03-31T10:51:16.367074 #9547] DEBUG -- : Saving scored selections...
D, [2018-03-31T10:51:16.445719 #9547] DEBUG -- : calculating updated score for older state...
D, [2018-03-31T10:51:16.449255 #9547] DEBUG -- : generating weighed rated selections...
D, [2018-03-31T10:51:16.462222 #9547] DEBUG -- : scoring weighed rated selections...
D, [2018-03-31T10:51:16.462343 #9547] DEBUG -- : Scoring new state: {:rating=>10, :state=>{:unknown=>1, :possibly_lighter=>0, :possibly_heavier=>0, :normal=>2}}
D, [2018-03-31T10:51:16.465161 #9547] DEBUG -- : calculating updated score for older state...
D, [2018-03-31T10:51:16.468624 #9547] DEBUG -- : generating weighed rated selections...
D, [2018-03-31T10:51:16.488640 #9547] DEBUG -- : scoring weighed rated selections...
D, [2018-03-31T10:51:16.488749 #9547] DEBUG -- : Saving scored selections...
D, [2018-03-31T10:51:16.492122 #9547] DEBUG -- : State Score successfully calculated


D, [2018-03-31T10:51:16.492214 #9547] DEBUG -- : Scoring new state: {:rating=>9, :state=>{:unknown=>0, :possibly_lighter=>1, :possibly_heavier=>1, :normal=>1}}
D, [2018-03-31T10:51:16.494762 #9547] DEBUG -- : calculating updated score for older state...
D, [2018-03-31T10:51:16.499696 #9547] DEBUG -- : generating weighed rated selections...
D, [2018-03-31T10:51:16.528851 #9547] DEBUG -- : scoring weighed rated selections...
D, [2018-03-31T10:51:16.528968 #9547] DEBUG -- : Saving scored selections...
D, [2018-03-31T10:51:16.533827 #9547] DEBUG -- : State Score successfully calculated


D, [2018-03-31T10:51:16.533911 #9547] DEBUG -- : Saving scored selections...
D, [2018-03-31T10:51:16.613034 #9547] DEBUG -- : calculating updated score for older state...
D, [2018-03-31T10:51:16.616612 #9547] DEBUG -- : generating weighed rated selections...
D, [2018-03-31T10:51:16.629564 #9547] DEBUG -- : scoring weighed rated selections...
D, [2018-03-31T10:51:16.629685 #9547] DEBUG -- : Scoring new state: {:rating=>10, :state=>{:unknown=>1, :possibly_lighter=>0, :possibly_heavier=>0, :normal=>2}}
D, [2018-03-31T10:51:16.632493 #9547] DEBUG -- : calculating updated score for older state...
D, [2018-03-31T10:51:16.636079 #9547] DEBUG -- : generating weighed rated selections...
D, [2018-03-31T10:51:16.655451 #9547] DEBUG -- : scoring weighed rated selections...
D, [2018-03-31T10:51:16.655562 #9547] DEBUG -- : Saving scored selections...
D, [2018-03-31T10:51:16.659795 #9547] DEBUG -- : State Score successfully calculated


D, [2018-03-31T10:51:16.659880 #9547] DEBUG -- : Scoring new state: {:rating=>9, :state=>{:unknown=>0, :possibly_lighter=>1, :possibly_heavier=>1, :normal=>1}}
D, [2018-03-31T10:51:16.662439 #9547] DEBUG -- : calculating updated score for older state...
D, [2018-03-31T10:51:16.666043 #9547] DEBUG -- : generating weighed rated selections...
D, [2018-03-31T10:51:16.696097 #9547] DEBUG -- : scoring weighed rated selections...
D, [2018-03-31T10:51:16.696212 #9547] DEBUG -- : Saving scored selections...
D, [2018-03-31T10:51:16.701252 #9547] DEBUG -- : State Score successfully calculated


D, [2018-03-31T10:51:16.701328 #9547] DEBUG -- : Saving scored selections...
D, [2018-03-31T10:51:16.777866 #9547] DEBUG -- : calculating updated score for older state...
D, [2018-03-31T10:51:16.781712 #9547] DEBUG -- : generating weighed rated selections...
D, [2018-03-31T10:51:16.794694 #9547] DEBUG -- : scoring weighed rated selections...
D, [2018-03-31T10:51:16.794846 #9547] DEBUG -- : Scoring new state: {:rating=>10, :state=>{:unknown=>1, :possibly_lighter=>0, :possibly_heavier=>0, :normal=>2}}
D, [2018-03-31T10:51:16.797689 #9547] DEBUG -- : calculating updated score for older state...
D, [2018-03-31T10:51:16.801229 #9547] DEBUG -- : generating weighed rated selections...
D, [2018-03-31T10:51:16.820464 #9547] DEBUG -- : scoring weighed rated selections...
D, [2018-03-31T10:51:16.820611 #9547] DEBUG -- : Saving scored selections...
D, [2018-03-31T10:51:16.823921 #9547] DEBUG -- : State Score successfully calculated


D, [2018-03-31T10:51:16.824010 #9547] DEBUG -- : Scoring new state: {:rating=>9, :state=>{:unknown=>0, :possibly_lighter=>1, :possibly_heavier=>1, :normal=>1}}
D, [2018-03-31T10:51:16.826588 #9547] DEBUG -- : calculating updated score for older state...
D, [2018-03-31T10:51:16.830095 #9547] DEBUG -- : generating weighed rated selections...
D, [2018-03-31T10:51:16.878231 #9547] DEBUG -- : scoring weighed rated selections...
D, [2018-03-31T10:51:16.878349 #9547] DEBUG -- : Saving scored selections...
D, [2018-03-31T10:51:16.883071 #9547] DEBUG -- : State Score successfully calculated


D, [2018-03-31T10:51:16.883151 #9547] DEBUG -- : Saving scored selections...
D, [2018-03-31T10:51:16.957662 #9547] DEBUG -- : calculating updated score for older state...
D, [2018-03-31T10:51:16.961454 #9547] DEBUG -- : generating weighed rated selections...
D, [2018-03-31T10:51:16.974325 #9547] DEBUG -- : scoring weighed rated selections...
D, [2018-03-31T10:51:16.974450 #9547] DEBUG -- : Scoring new state: {:rating=>10, :state=>{:unknown=>1, :possibly_lighter=>0, :possibly_heavier=>0, :normal=>2}}
D, [2018-03-31T10:51:16.977230 #9547] DEBUG -- : calculating updated score for older state...
D, [2018-03-31T10:51:16.980674 #9547] DEBUG -- : generating weighed rated selections...
D, [2018-03-31T10:51:16.999975 #9547] DEBUG -- : scoring weighed rated selections...
D, [2018-03-31T10:51:17.000121 #9547] DEBUG -- : Saving scored selections...
D, [2018-03-31T10:51:17.003334 #9547] DEBUG -- : State Score successfully calculated


D, [2018-03-31T10:51:17.003424 #9547] DEBUG -- : Scoring new state: {:rating=>9, :state=>{:unknown=>0, :possibly_lighter=>1, :possibly_heavier=>1, :normal=>1}}
D, [2018-03-31T10:51:17.005963 #9547] DEBUG -- : calculating updated score for older state...
D, [2018-03-31T10:51:17.009470 #9547] DEBUG -- : generating weighed rated selections...
D, [2018-03-31T10:51:17.039696 #9547] DEBUG -- : scoring weighed rated selections...
D, [2018-03-31T10:51:17.039794 #9547] DEBUG -- : Saving scored selections...
D, [2018-03-31T10:51:17.044577 #9547] DEBUG -- : State Score successfully calculated


D, [2018-03-31T10:51:17.044653 #9547] DEBUG -- : Saving scored selections...
D, [2018-03-31T10:51:17.134025 #9547] DEBUG -- : calculating updated score for older state...
D, [2018-03-31T10:51:17.138052 #9547] DEBUG -- : generating weighed rated selections...
D, [2018-03-31T10:51:17.150999 #9547] DEBUG -- : scoring weighed rated selections...
D, [2018-03-31T10:51:17.151120 #9547] DEBUG -- : Scoring new state: {:rating=>10, :state=>{:unknown=>1, :possibly_lighter=>0, :possibly_heavier=>0, :normal=>2}}
D, [2018-03-31T10:51:17.153864 #9547] DEBUG -- : calculating updated score for older state...
D, [2018-03-31T10:51:17.157338 #9547] DEBUG -- : generating weighed rated selections...
D, [2018-03-31T10:51:17.177304 #9547] DEBUG -- : scoring weighed rated selections...
D, [2018-03-31T10:51:17.177412 #9547] DEBUG -- : Saving scored selections...
D, [2018-03-31T10:51:17.180691 #9547] DEBUG -- : State Score successfully calculated


D, [2018-03-31T10:51:17.180775 #9547] DEBUG -- : Scoring new state: {:rating=>9, :state=>{:unknown=>0, :possibly_lighter=>1, :possibly_heavier=>1, :normal=>1}}
D, [2018-03-31T10:51:17.183444 #9547] DEBUG -- : calculating updated score for older state...
D, [2018-03-31T10:51:17.186886 #9547] DEBUG -- : generating weighed rated selections...
D, [2018-03-31T10:51:17.217222 #9547] DEBUG -- : scoring weighed rated selections...
D, [2018-03-31T10:51:17.217334 #9547] DEBUG -- : Saving scored selections...
D, [2018-03-31T10:51:17.222151 #9547] DEBUG -- : State Score successfully calculated


D, [2018-03-31T10:51:17.222231 #9547] DEBUG -- : Saving scored selections...
D, [2018-03-31T10:51:17.298003 #9547] DEBUG -- : calculating updated score for older state...
D, [2018-03-31T10:51:17.301975 #9547] DEBUG -- : generating weighed rated selections...
D, [2018-03-31T10:51:17.314939 #9547] DEBUG -- : scoring weighed rated selections...
D, [2018-03-31T10:51:17.315061 #9547] DEBUG -- : Scoring new state: {:rating=>10, :state=>{:unknown=>1, :possibly_lighter=>0, :possibly_heavier=>0, :normal=>2}}
D, [2018-03-31T10:51:17.317838 #9547] DEBUG -- : calculating updated score for older state...
D, [2018-03-31T10:51:17.321389 #9547] DEBUG -- : generating weighed rated selections...
D, [2018-03-31T10:51:17.340562 #9547] DEBUG -- : scoring weighed rated selections...
D, [2018-03-31T10:51:17.340654 #9547] DEBUG -- : Saving scored selections...
D, [2018-03-31T10:51:17.343859 #9547] DEBUG -- : State Score successfully calculated


D, [2018-03-31T10:51:17.343947 #9547] DEBUG -- : Scoring new state: {:rating=>9, :state=>{:unknown=>0, :possibly_lighter=>1, :possibly_heavier=>1, :normal=>1}}
D, [2018-03-31T10:51:17.346525 #9547] DEBUG -- : calculating updated score for older state...
D, [2018-03-31T10:51:17.349960 #9547] DEBUG -- : generating weighed rated selections...
D, [2018-03-31T10:51:17.381558 #9547] DEBUG -- : scoring weighed rated selections...
D, [2018-03-31T10:51:17.381690 #9547] DEBUG -- : Saving scored selections...
D, [2018-03-31T10:51:17.386452 #9547] DEBUG -- : State Score successfully calculated


D, [2018-03-31T10:51:17.386536 #9547] DEBUG -- : Saving scored selections...
D, [2018-03-31T10:51:17.462160 #9547] DEBUG -- : calculating updated score for older state...
D, [2018-03-31T10:51:17.468609 #9547] DEBUG -- : generating weighed rated selections...
D, [2018-03-31T10:51:17.481568 #9547] DEBUG -- : scoring weighed rated selections...
D, [2018-03-31T10:51:17.481669 #9547] DEBUG -- : Scoring new state: {:rating=>10, :state=>{:unknown=>1, :possibly_lighter=>0, :possibly_heavier=>0, :normal=>2}}
D, [2018-03-31T10:51:17.484615 #9547] DEBUG -- : calculating updated score for older state...
D, [2018-03-31T10:51:17.488162 #9547] DEBUG -- : generating weighed rated selections...
D, [2018-03-31T10:51:17.508308 #9547] DEBUG -- : scoring weighed rated selections...
D, [2018-03-31T10:51:17.508422 #9547] DEBUG -- : Saving scored selections...
D, [2018-03-31T10:51:17.511888 #9547] DEBUG -- : State Score successfully calculated


D, [2018-03-31T10:51:17.511974 #9547] DEBUG -- : Scoring new state: {:rating=>9, :state=>{:unknown=>0, :possibly_lighter=>1, :possibly_heavier=>1, :normal=>1}}
D, [2018-03-31T10:51:17.514600 #9547] DEBUG -- : calculating updated score for older state...
D, [2018-03-31T10:51:17.518137 #9547] DEBUG -- : generating weighed rated selections...
D, [2018-03-31T10:51:17.548501 #9547] DEBUG -- : scoring weighed rated selections...
D, [2018-03-31T10:51:17.548627 #9547] DEBUG -- : Saving scored selections...
D, [2018-03-31T10:51:17.553589 #9547] DEBUG -- : State Score successfully calculated


D, [2018-03-31T10:51:17.553674 #9547] DEBUG -- : Saving scored selections...
D, [2018-03-31T10:51:17.633531 #9547] DEBUG -- : calculating updated score for older state...
D, [2018-03-31T10:51:17.637273 #9547] DEBUG -- : generating weighed rated selections...
D, [2018-03-31T10:51:17.650078 #9547] DEBUG -- : scoring weighed rated selections...
D, [2018-03-31T10:51:17.650205 #9547] DEBUG -- : Scoring new state: {:rating=>10, :state=>{:unknown=>1, :possibly_lighter=>0, :possibly_heavier=>0, :normal=>2}}
D, [2018-03-31T10:51:17.653100 #9547] DEBUG -- : calculating updated score for older state...
D, [2018-03-31T10:51:17.656563 #9547] DEBUG -- : generating weighed rated selections...
D, [2018-03-31T10:51:17.677487 #9547] DEBUG -- : scoring weighed rated selections...
D, [2018-03-31T10:51:17.677609 #9547] DEBUG -- : Saving scored selections...
D, [2018-03-31T10:51:17.682447 #9547] DEBUG -- : State Score successfully calculated


D, [2018-03-31T10:51:17.682532 #9547] DEBUG -- : Scoring new state: {:rating=>9, :state=>{:unknown=>0, :possibly_lighter=>1, :possibly_heavier=>1, :normal=>1}}
D, [2018-03-31T10:51:17.685220 #9547] DEBUG -- : calculating updated score for older state...
D, [2018-03-31T10:51:17.688747 #9547] DEBUG -- : generating weighed rated selections...
D, [2018-03-31T10:51:17.718681 #9547] DEBUG -- : scoring weighed rated selections...
D, [2018-03-31T10:51:17.718799 #9547] DEBUG -- : Saving scored selections...
D, [2018-03-31T10:51:17.723472 #9547] DEBUG -- : State Score successfully calculated


D, [2018-03-31T10:51:17.723559 #9547] DEBUG -- : Saving scored selections...
D, [2018-03-31T10:51:17.800039 #9547] DEBUG -- : calculating updated score for older state...
D, [2018-03-31T10:51:17.803641 #9547] DEBUG -- : generating weighed rated selections...
D, [2018-03-31T10:51:17.816692 #9547] DEBUG -- : scoring weighed rated selections...
D, [2018-03-31T10:51:17.816823 #9547] DEBUG -- : Scoring new state: {:rating=>10, :state=>{:unknown=>1, :possibly_lighter=>0, :possibly_heavier=>0, :normal=>2}}
D, [2018-03-31T10:51:17.819751 #9547] DEBUG -- : calculating updated score for older state...
D, [2018-03-31T10:51:17.823281 #9547] DEBUG -- : generating weighed rated selections...
D, [2018-03-31T10:51:17.843016 #9547] DEBUG -- : scoring weighed rated selections...
D, [2018-03-31T10:51:17.843126 #9547] DEBUG -- : Saving scored selections...
D, [2018-03-31T10:51:17.847465 #9547] DEBUG -- : State Score successfully calculated


D, [2018-03-31T10:51:17.847556 #9547] DEBUG -- : Scoring new state: {:rating=>9, :state=>{:unknown=>0, :possibly_lighter=>1, :possibly_heavier=>1, :normal=>1}}
D, [2018-03-31T10:51:17.850183 #9547] DEBUG -- : calculating updated score for older state...
D, [2018-03-31T10:51:17.853737 #9547] DEBUG -- : generating weighed rated selections...
D, [2018-03-31T10:51:17.883445 #9547] DEBUG -- : scoring weighed rated selections...
D, [2018-03-31T10:51:17.883571 #9547] DEBUG -- : Saving scored selections...
D, [2018-03-31T10:51:17.888529 #9547] DEBUG -- : State Score successfully calculated


D, [2018-03-31T10:51:17.888600 #9547] DEBUG -- : Saving scored selections...
D, [2018-03-31T10:51:17.965704 #9547] DEBUG -- : calculating updated score for older state...
D, [2018-03-31T10:51:17.969364 #9547] DEBUG -- : generating weighed rated selections...
D, [2018-03-31T10:51:17.983733 #9547] DEBUG -- : scoring weighed rated selections...
D, [2018-03-31T10:51:17.983870 #9547] DEBUG -- : Scoring new state: {:rating=>10, :state=>{:unknown=>1, :possibly_lighter=>0, :possibly_heavier=>0, :normal=>2}}
D, [2018-03-31T10:51:17.986748 #9547] DEBUG -- : calculating updated score for older state...
D, [2018-03-31T10:51:17.990355 #9547] DEBUG -- : generating weighed rated selections...
D, [2018-03-31T10:51:18.010274 #9547] DEBUG -- : scoring weighed rated selections...
D, [2018-03-31T10:51:18.010385 #9547] DEBUG -- : Saving scored selections...
D, [2018-03-31T10:51:18.015396 #9547] DEBUG -- : State Score successfully calculated


D, [2018-03-31T10:51:18.015483 #9547] DEBUG -- : Scoring new state: {:rating=>9, :state=>{:unknown=>0, :possibly_lighter=>1, :possibly_heavier=>1, :normal=>1}}
D, [2018-03-31T10:51:18.018341 #9547] DEBUG -- : calculating updated score for older state...
D, [2018-03-31T10:51:18.021936 #9547] DEBUG -- : generating weighed rated selections...
D, [2018-03-31T10:51:18.052010 #9547] DEBUG -- : scoring weighed rated selections...
D, [2018-03-31T10:51:18.052136 #9547] DEBUG -- : Saving scored selections...
D, [2018-03-31T10:51:18.058873 #9547] DEBUG -- : State Score successfully calculated


D, [2018-03-31T10:51:18.058954 #9547] DEBUG -- : Saving scored selections...
D, [2018-03-31T10:55:12.728057 #10414] DEBUG -- : Scoring new state: {:rating=>34, :state=>{:unknown=>0, :possibly_lighter=>1, :possibly_heavier=>1, :normal=>6}}
D, [2018-03-31T10:55:12.730887 #10414] DEBUG -- : generating score for new state...
D, [2018-03-31T10:55:12.734536 #10414] DEBUG -- : new state info recorded
D, [2018-03-31T10:55:12.737899 #10414] DEBUG -- : generating weighed rated selections...
D, [2018-03-31T10:55:12.851911 #10414] DEBUG -- : scoring weighed rated selections...
D, [2018-03-31T10:55:12.852058 #10414] DEBUG -- : Saving scored selections...
D, [2018-03-31T10:55:12.867499 #10414] DEBUG -- : State Score successfully calculated


D, [2018-03-31T10:55:12.867620 #10414] DEBUG -- : Scoring new state: {:rating=>31, :state=>{:unknown=>0, :possibly_lighter=>1, :possibly_heavier=>2, :normal=>5}}
D, [2018-03-31T10:55:12.870105 #10414] DEBUG -- : generating score for new state...
D, [2018-03-31T10:55:12.873476 #10414] DEBUG -- : new state info recorded
D, [2018-03-31T10:55:12.876872 #10414] DEBUG -- : generating weighed rated selections...
D, [2018-03-31T10:55:13.069486 #10414] DEBUG -- : scoring weighed rated selections...
D, [2018-03-31T10:55:13.069667 #10414] DEBUG -- : Saving scored selections...
D, [2018-03-31T10:55:13.076717 #10414] DEBUG -- : State Score successfully calculated


D, [2018-03-31T10:55:13.076808 #10414] DEBUG -- : Scoring new state: {:rating=>34, :state=>{:unknown=>0, :possibly_lighter=>1, :possibly_heavier=>1, :normal=>6}}
D, [2018-03-31T10:55:13.079391 #10414] DEBUG -- : returning fully calculated score...
D, [2018-03-31T10:55:13.079456 #10414] DEBUG -- : State Score successfully calculated


D, [2018-03-31T10:55:13.079493 #10414] DEBUG -- : Scoring new state: {:rating=>31, :state=>{:unknown=>0, :possibly_lighter=>2, :possibly_heavier=>1, :normal=>5}}
D, [2018-03-31T10:55:13.082110 #10414] DEBUG -- : generating score for new state...
D, [2018-03-31T10:55:13.085651 #10414] DEBUG -- : new state info recorded
D, [2018-03-31T10:55:13.089041 #10414] DEBUG -- : generating weighed rated selections...
D, [2018-03-31T10:55:13.280898 #10414] DEBUG -- : scoring weighed rated selections...
D, [2018-03-31T10:55:13.281059 #10414] DEBUG -- : Saving scored selections...
D, [2018-03-31T10:55:13.287867 #10414] DEBUG -- : State Score successfully calculated


D, [2018-03-31T10:55:13.354420 #10414] DEBUG -- : Scoring new state: {:rating=>31, :state=>{:unknown=>0, :possibly_lighter=>1, :possibly_heavier=>2, :normal=>5}}
D, [2018-03-31T10:55:13.357230 #10414] DEBUG -- : generating score for new state...
D, [2018-03-31T10:55:13.360867 #10414] DEBUG -- : new state info recorded
D, [2018-03-31T10:55:13.364322 #10414] DEBUG -- : generating weighed rated selections...
D, [2018-03-31T10:55:13.575901 #10414] DEBUG -- : scoring weighed rated selections...
D, [2018-03-31T10:55:13.576125 #10414] DEBUG -- : Saving scored selections...
D, [2018-03-31T10:55:13.587866 #10414] DEBUG -- : State Score successfully calculated


D, [2018-03-31T10:55:13.587982 #10414] DEBUG -- : Scoring new state: {:rating=>34, :state=>{:unknown=>0, :possibly_lighter=>1, :possibly_heavier=>1, :normal=>6}}
D, [2018-03-31T10:55:13.590786 #10414] DEBUG -- : calculating updated score for older state...
D, [2018-03-31T10:55:13.594739 #10414] DEBUG -- : generating weighed rated selections...
D, [2018-03-31T10:55:13.704407 #10414] DEBUG -- : scoring weighed rated selections...
D, [2018-03-31T10:55:13.704574 #10414] DEBUG -- : Saving scored selections...
D, [2018-03-31T10:55:13.719869 #10414] DEBUG -- : State Score successfully calculated


D, [2018-03-31T10:55:13.719971 #10414] DEBUG -- : Scoring new state: {:rating=>31, :state=>{:unknown=>0, :possibly_lighter=>2, :possibly_heavier=>1, :normal=>5}}
D, [2018-03-31T10:55:13.722564 #10414] DEBUG -- : generating score for new state...
D, [2018-03-31T10:55:13.726327 #10414] DEBUG -- : new state info recorded
D, [2018-03-31T10:55:13.730584 #10414] DEBUG -- : generating weighed rated selections...
D, [2018-03-31T10:55:13.929240 #10414] DEBUG -- : scoring weighed rated selections...
D, [2018-03-31T10:55:13.929429 #10414] DEBUG -- : Saving scored selections...
D, [2018-03-31T10:55:13.936540 #10414] DEBUG -- : State Score successfully calculated


D, [2018-03-31T10:55:13.936646 #10414] DEBUG -- : Scoring new state: {:rating=>34, :state=>{:unknown=>0, :possibly_lighter=>1, :possibly_heavier=>1, :normal=>6}}
D, [2018-03-31T10:55:13.939455 #10414] DEBUG -- : returning fully calculated score...
D, [2018-03-31T10:55:13.939559 #10414] DEBUG -- : State Score successfully calculated


D, [2018-03-31T10:55:14.008205 #10414] DEBUG -- : Scoring new state: {:rating=>29, :state=>{:unknown=>1, :possibly_lighter=>2, :possibly_heavier=>0, :normal=>5}}
D, [2018-03-31T10:55:14.011030 #10414] DEBUG -- : generating score for new state...
D, [2018-03-31T10:55:14.014615 #10414] DEBUG -- : new state info recorded
D, [2018-03-31T10:55:14.018492 #10414] DEBUG -- : generating weighed rated selections...
D, [2018-03-31T10:55:14.265147 #10414] DEBUG -- : scoring weighed rated selections...
D, [2018-03-31T10:55:14.265339 #10414] DEBUG -- : Scoring new state: {:rating=>35, :state=>{:unknown=>1, :possibly_lighter=>0, :possibly_heavier=>0, :normal=>7}}
D, [2018-03-31T10:55:14.268929 #10414] DEBUG -- : calculating updated score for older state...
D, [2018-03-31T10:55:14.272494 #10414] DEBUG -- : generating weighed rated selections...
D, [2018-03-31T10:55:14.322710 #10414] DEBUG -- : scoring weighed rated selections...
D, [2018-03-31T10:55:14.322842 #10414] DEBUG -- : Saving scored selections...
D, [2018-03-31T10:55:14.330975 #10414] DEBUG -- : State Score successfully calculated


D, [2018-03-31T10:55:14.331069 #10414] DEBUG -- : Scoring new state: {:rating=>37, :state=>{:unknown=>0, :possibly_lighter=>1, :possibly_heavier=>0, :normal=>7}}
D, [2018-03-31T10:55:14.331108 #10414] DEBUG -- : State Score successfully calculated


D, [2018-03-31T10:55:14.331144 #10414] DEBUG -- : Scoring new state: {:rating=>35, :state=>{:unknown=>1, :possibly_lighter=>0, :possibly_heavier=>0, :normal=>7}}
D, [2018-03-31T10:55:14.333740 #10414] DEBUG -- : returning fully calculated score...
D, [2018-03-31T10:55:14.333818 #10414] DEBUG -- : State Score successfully calculated


D, [2018-03-31T10:55:14.333862 #10414] DEBUG -- : Scoring new state: {:rating=>37, :state=>{:unknown=>0, :possibly_lighter=>1, :possibly_heavier=>0, :normal=>7}}
D, [2018-03-31T10:55:14.333887 #10414] DEBUG -- : State Score successfully calculated


D, [2018-03-31T10:55:14.333919 #10414] DEBUG -- : Scoring new state: {:rating=>35, :state=>{:unknown=>1, :possibly_lighter=>0, :possibly_heavier=>0, :normal=>7}}
D, [2018-03-31T10:55:14.336516 #10414] DEBUG -- : returning fully calculated score...
D, [2018-03-31T10:55:14.336603 #10414] DEBUG -- : State Score successfully calculated


D, [2018-03-31T10:55:14.336644 #10414] DEBUG -- : Scoring new state: {:rating=>37, :state=>{:unknown=>0, :possibly_lighter=>1, :possibly_heavier=>0, :normal=>7}}
D, [2018-03-31T10:55:14.336669 #10414] DEBUG -- : State Score successfully calculated


D, [2018-03-31T10:55:14.336715 #10414] DEBUG -- : Scoring new state: {:rating=>37, :state=>{:unknown=>0, :possibly_lighter=>0, :possibly_heavier=>1, :normal=>7}}
D, [2018-03-31T10:55:14.336736 #10414] DEBUG -- : State Score successfully calculated


D, [2018-03-31T10:55:14.336761 #10414] DEBUG -- : Scoring new state: {:rating=>37, :state=>{:unknown=>0, :possibly_lighter=>1, :possibly_heavier=>0, :normal=>7}}
D, [2018-03-31T10:55:14.336781 #10414] DEBUG -- : State Score successfully calculated


D, [2018-03-31T10:55:14.336805 #10414] DEBUG -- : Scoring new state: {:rating=>34, :state=>{:unknown=>0, :possibly_lighter=>2, :possibly_heavier=>0, :normal=>6}}
D, [2018-03-31T10:55:14.339467 #10414] DEBUG -- : calculating updated score for older state...
D, [2018-03-31T10:55:14.342954 #10414] DEBUG -- : generating weighed rated selections...
D, [2018-03-31T10:55:14.387972 #10414] DEBUG -- : scoring weighed rated selections...
D, [2018-03-31T10:55:14.388112 #10414] DEBUG -- : Saving scored selections...
D, [2018-03-31T10:55:14.397437 #10414] DEBUG -- : State Score successfully calculated


D, [2018-03-31T10:55:14.397560 #10414] DEBUG -- : Scoring new state: {:rating=>34, :state=>{:unknown=>0, :possibly_lighter=>1, :possibly_heavier=>1, :normal=>6}}
D, [2018-03-31T10:55:14.400137 #10414] DEBUG -- : calculating updated score for older state...
D, [2018-03-31T10:55:14.403792 #10414] DEBUG -- : generating weighed rated selections...
D, [2018-03-31T10:55:14.512495 #10414] DEBUG -- : scoring weighed rated selections...
D, [2018-03-31T10:55:14.512660 #10414] DEBUG -- : Saving scored selections...
D, [2018-03-31T10:55:14.528401 #10414] DEBUG -- : State Score successfully calculated


D, [2018-03-31T10:55:14.528494 #10414] DEBUG -- : Scoring new state: {:rating=>37, :state=>{:unknown=>0, :possibly_lighter=>1, :possibly_heavier=>0, :normal=>7}}
D, [2018-03-31T10:55:14.528525 #10414] DEBUG -- : State Score successfully calculated


D, [2018-03-31T10:55:14.529145 #10414] DEBUG -- : Scoring new state: {:rating=>37, :state=>{:unknown=>0, :possibly_lighter=>0, :possibly_heavier=>1, :normal=>7}}
D, [2018-03-31T10:55:14.529189 #10414] DEBUG -- : State Score successfully calculated


D, [2018-03-31T10:55:14.529217 #10414] DEBUG -- : Scoring new state: {:rating=>37, :state=>{:unknown=>0, :possibly_lighter=>1, :possibly_heavier=>0, :normal=>7}}
D, [2018-03-31T10:55:14.529238 #10414] DEBUG -- : State Score successfully calculated


D, [2018-03-31T10:55:14.529262 #10414] DEBUG -- : Scoring new state: {:rating=>34, :state=>{:unknown=>0, :possibly_lighter=>2, :possibly_heavier=>0, :normal=>6}}
D, [2018-03-31T10:55:14.531902 #10414] DEBUG -- : returning fully calculated score...
D, [2018-03-31T10:55:14.531968 #10414] DEBUG -- : State Score successfully calculated


D, [2018-03-31T10:55:14.532025 #10414] DEBUG -- : Scoring new state: {:rating=>34, :state=>{:unknown=>0, :possibly_lighter=>1, :possibly_heavier=>1, :normal=>6}}
D, [2018-03-31T10:55:14.534597 #10414] DEBUG -- : returning fully calculated score...
D, [2018-03-31T10:55:14.534668 #10414] DEBUG -- : State Score successfully calculated


D, [2018-03-31T10:55:14.534704 #10414] DEBUG -- : Scoring new state: {:rating=>37, :state=>{:unknown=>0, :possibly_lighter=>1, :possibly_heavier=>0, :normal=>7}}
D, [2018-03-31T10:55:14.534729 #10414] DEBUG -- : State Score successfully calculated


D, [2018-03-31T10:55:14.534764 #10414] DEBUG -- : Scoring new state: {:rating=>37, :state=>{:unknown=>0, :possibly_lighter=>0, :possibly_heavier=>1, :normal=>7}}
D, [2018-03-31T10:55:14.534785 #10414] DEBUG -- : State Score successfully calculated


D, [2018-03-31T10:55:14.534820 #10414] DEBUG -- : Scoring new state: {:rating=>37, :state=>{:unknown=>0, :possibly_lighter=>1, :possibly_heavier=>0, :normal=>7}}
D, [2018-03-31T10:55:14.534840 #10414] DEBUG -- : State Score successfully calculated


D, [2018-03-31T10:55:14.534879 #10414] DEBUG -- : Scoring new state: {:rating=>34, :state=>{:unknown=>0, :possibly_lighter=>2, :possibly_heavier=>0, :normal=>6}}
D, [2018-03-31T10:55:14.537417 #10414] DEBUG -- : returning fully calculated score...
D, [2018-03-31T10:55:14.537505 #10414] DEBUG -- : State Score successfully calculated


D, [2018-03-31T10:55:14.537561 #10414] DEBUG -- : Scoring new state: {:rating=>35, :state=>{:unknown=>1, :possibly_lighter=>0, :possibly_heavier=>0, :normal=>7}}
D, [2018-03-31T10:55:14.540082 #10414] DEBUG -- : returning fully calculated score...
D, [2018-03-31T10:55:14.540154 #10414] DEBUG -- : State Score successfully calculated


D, [2018-03-31T10:55:14.540191 #10414] DEBUG -- : Scoring new state: {:rating=>34, :state=>{:unknown=>0, :possibly_lighter=>2, :possibly_heavier=>0, :normal=>6}}
D, [2018-03-31T10:55:14.542661 #10414] DEBUG -- : returning fully calculated score...
D, [2018-03-31T10:55:14.542733 #10414] DEBUG -- : State Score successfully calculated


D, [2018-03-31T10:55:14.542794 #10414] DEBUG -- : Scoring new state: {:rating=>37, :state=>{:unknown=>0, :possibly_lighter=>0, :possibly_heavier=>1, :normal=>7}}
D, [2018-03-31T10:55:14.542835 #10414] DEBUG -- : State Score successfully calculated


D, [2018-03-31T10:55:14.542871 #10414] DEBUG -- : Scoring new state: {:rating=>34, :state=>{:unknown=>0, :possibly_lighter=>2, :possibly_heavier=>0, :normal=>6}}
D, [2018-03-31T10:55:14.545410 #10414] DEBUG -- : returning fully calculated score...
D, [2018-03-31T10:55:14.545500 #10414] DEBUG -- : State Score successfully calculated


D, [2018-03-31T10:55:14.545538 #10414] DEBUG -- : Scoring new state: {:rating=>37, :state=>{:unknown=>0, :possibly_lighter=>1, :possibly_heavier=>0, :normal=>7}}
D, [2018-03-31T10:55:14.545562 #10414] DEBUG -- : State Score successfully calculated


D, [2018-03-31T10:55:14.545599 #10414] DEBUG -- : Scoring new state: {:rating=>34, :state=>{:unknown=>0, :possibly_lighter=>1, :possibly_heavier=>1, :normal=>6}}
D, [2018-03-31T10:55:14.548199 #10414] DEBUG -- : returning fully calculated score...
D, [2018-03-31T10:55:14.548273 #10414] DEBUG -- : State Score successfully calculated


D, [2018-03-31T10:55:14.548330 #10414] DEBUG -- : Scoring new state: {:rating=>37, :state=>{:unknown=>0, :possibly_lighter=>1, :possibly_heavier=>0, :normal=>7}}
D, [2018-03-31T10:55:14.548357 #10414] DEBUG -- : State Score successfully calculated


D, [2018-03-31T10:55:14.548392 #10414] DEBUG -- : Scoring new state: {:rating=>34, :state=>{:unknown=>0, :possibly_lighter=>1, :possibly_heavier=>1, :normal=>6}}
D, [2018-03-31T10:55:14.550798 #10414] DEBUG -- : returning fully calculated score...
D, [2018-03-31T10:55:14.550884 #10414] DEBUG -- : State Score successfully calculated


D, [2018-03-31T10:55:14.550967 #10414] DEBUG -- : Scoring new state: {:rating=>34, :state=>{:unknown=>0, :possibly_lighter=>2, :possibly_heavier=>0, :normal=>6}}
D, [2018-03-31T10:55:14.553388 #10414] DEBUG -- : returning fully calculated score...
D, [2018-03-31T10:55:14.553463 #10414] DEBUG -- : State Score successfully calculated


D, [2018-03-31T10:55:14.553509 #10414] DEBUG -- : Scoring new state: {:rating=>37, :state=>{:unknown=>0, :possibly_lighter=>0, :possibly_heavier=>1, :normal=>7}}
D, [2018-03-31T10:55:14.553532 #10414] DEBUG -- : State Score successfully calculated


D, [2018-03-31T10:55:14.553559 #10414] DEBUG -- : Scoring new state: {:rating=>37, :state=>{:unknown=>0, :possibly_lighter=>1, :possibly_heavier=>0, :normal=>7}}
D, [2018-03-31T10:55:14.553579 #10414] DEBUG -- : State Score successfully calculated


D, [2018-03-31T10:55:14.553605 #10414] DEBUG -- : Scoring new state: {:rating=>34, :state=>{:unknown=>0, :possibly_lighter=>2, :possibly_heavier=>0, :normal=>6}}
D, [2018-03-31T10:55:14.556017 #10414] DEBUG -- : returning fully calculated score...
D, [2018-03-31T10:55:14.556082 #10414] DEBUG -- : State Score successfully calculated


D, [2018-03-31T10:55:14.556139 #10414] DEBUG -- : Scoring new state: {:rating=>34, :state=>{:unknown=>0, :possibly_lighter=>1, :possibly_heavier=>1, :normal=>6}}
D, [2018-03-31T10:55:14.558518 #10414] DEBUG -- : returning fully calculated score...
D, [2018-03-31T10:55:14.558581 #10414] DEBUG -- : State Score successfully calculated


D, [2018-03-31T10:55:14.558647 #10414] DEBUG -- : Scoring new state: {:rating=>37, :state=>{:unknown=>0, :possibly_lighter=>1, :possibly_heavier=>0, :normal=>7}}
D, [2018-03-31T10:55:14.558669 #10414] DEBUG -- : State Score successfully calculated


D, [2018-03-31T10:55:14.558702 #10414] DEBUG -- : Scoring new state: {:rating=>35, :state=>{:unknown=>1, :possibly_lighter=>0, :possibly_heavier=>0, :normal=>7}}
D, [2018-03-31T10:55:14.561224 #10414] DEBUG -- : returning fully calculated score...
D, [2018-03-31T10:55:14.561306 #10414] DEBUG -- : State Score successfully calculated


D, [2018-03-31T10:55:14.561344 #10414] DEBUG -- : Scoring new state: {:rating=>34, :state=>{:unknown=>0, :possibly_lighter=>2, :possibly_heavier=>0, :normal=>6}}
D, [2018-03-31T10:55:14.563949 #10414] DEBUG -- : returning fully calculated score...
D, [2018-03-31T10:55:14.564020 #10414] DEBUG -- : State Score successfully calculated


D, [2018-03-31T10:55:14.564080 #10414] DEBUG -- : Scoring new state: {:rating=>37, :state=>{:unknown=>0, :possibly_lighter=>0, :possibly_heavier=>1, :normal=>7}}
D, [2018-03-31T10:55:14.564106 #10414] DEBUG -- : State Score successfully calculated


D, [2018-03-31T10:55:14.564134 #10414] DEBUG -- : Scoring new state: {:rating=>34, :state=>{:unknown=>0, :possibly_lighter=>2, :possibly_heavier=>0, :normal=>6}}
D, [2018-03-31T10:55:14.566584 #10414] DEBUG -- : returning fully calculated score...
D, [2018-03-31T10:55:14.566650 #10414] DEBUG -- : State Score successfully calculated


D, [2018-03-31T10:55:14.566699 #10414] DEBUG -- : Scoring new state: {:rating=>37, :state=>{:unknown=>0, :possibly_lighter=>1, :possibly_heavier=>0, :normal=>7}}
D, [2018-03-31T10:55:14.566723 #10414] DEBUG -- : State Score successfully calculated


D, [2018-03-31T10:55:14.566757 #10414] DEBUG -- : Scoring new state: {:rating=>34, :state=>{:unknown=>0, :possibly_lighter=>1, :possibly_heavier=>1, :normal=>6}}
D, [2018-03-31T10:55:14.569318 #10414] DEBUG -- : returning fully calculated score...
D, [2018-03-31T10:55:14.569382 #10414] DEBUG -- : State Score successfully calculated


D, [2018-03-31T10:55:14.569417 #10414] DEBUG -- : Scoring new state: {:rating=>34, :state=>{:unknown=>0, :possibly_lighter=>2, :possibly_heavier=>0, :normal=>6}}
D, [2018-03-31T10:55:14.572049 #10414] DEBUG -- : returning fully calculated score...
D, [2018-03-31T10:55:14.572125 #10414] DEBUG -- : State Score successfully calculated


D, [2018-03-31T10:55:14.572175 #10414] DEBUG -- : Scoring new state: {:rating=>37, :state=>{:unknown=>0, :possibly_lighter=>0, :possibly_heavier=>1, :normal=>7}}
D, [2018-03-31T10:55:14.572200 #10414] DEBUG -- : State Score successfully calculated


D, [2018-03-31T10:55:14.572227 #10414] DEBUG -- : Scoring new state: {:rating=>37, :state=>{:unknown=>0, :possibly_lighter=>1, :possibly_heavier=>0, :normal=>7}}
D, [2018-03-31T10:55:14.572258 #10414] DEBUG -- : State Score successfully calculated


D, [2018-03-31T10:55:14.572283 #10414] DEBUG -- : Scoring new state: {:rating=>34, :state=>{:unknown=>0, :possibly_lighter=>2, :possibly_heavier=>0, :normal=>6}}
D, [2018-03-31T10:55:14.574874 #10414] DEBUG -- : returning fully calculated score...
D, [2018-03-31T10:55:14.574936 #10414] DEBUG -- : State Score successfully calculated


D, [2018-03-31T10:55:14.574980 #10414] DEBUG -- : Scoring new state: {:rating=>35, :state=>{:unknown=>1, :possibly_lighter=>0, :possibly_heavier=>0, :normal=>7}}
D, [2018-03-31T10:55:14.577414 #10414] DEBUG -- : returning fully calculated score...
D, [2018-03-31T10:55:14.577483 #10414] DEBUG -- : State Score successfully calculated


D, [2018-03-31T10:55:14.577535 #10414] DEBUG -- : Scoring new state: {:rating=>34, :state=>{:unknown=>0, :possibly_lighter=>2, :possibly_heavier=>0, :normal=>6}}
D, [2018-03-31T10:55:14.580095 #10414] DEBUG -- : returning fully calculated score...
D, [2018-03-31T10:55:14.580165 #10414] DEBUG -- : State Score successfully calculated


D, [2018-03-31T10:55:14.580212 #10414] DEBUG -- : Scoring new state: {:rating=>37, :state=>{:unknown=>0, :possibly_lighter=>0, :possibly_heavier=>1, :normal=>7}}
D, [2018-03-31T10:55:14.580236 #10414] DEBUG -- : State Score successfully calculated


D, [2018-03-31T10:55:14.580264 #10414] DEBUG -- : Scoring new state: {:rating=>34, :state=>{:unknown=>0, :possibly_lighter=>2, :possibly_heavier=>0, :normal=>6}}
D, [2018-03-31T10:55:14.582743 #10414] DEBUG -- : returning fully calculated score...
D, [2018-03-31T10:55:14.582835 #10414] DEBUG -- : State Score successfully calculated


D, [2018-03-31T10:55:14.582870 #10414] DEBUG -- : Scoring new state: {:rating=>37, :state=>{:unknown=>0, :possibly_lighter=>1, :possibly_heavier=>0, :normal=>7}}
D, [2018-03-31T10:55:14.582892 #10414] DEBUG -- : State Score successfully calculated


D, [2018-03-31T10:55:14.582928 #10414] DEBUG -- : Scoring new state: {:rating=>34, :state=>{:unknown=>0, :possibly_lighter=>1, :possibly_heavier=>1, :normal=>6}}
D, [2018-03-31T10:55:14.585340 #10414] DEBUG -- : returning fully calculated score...
D, [2018-03-31T10:55:14.585405 #10414] DEBUG -- : State Score successfully calculated


D, [2018-03-31T10:55:14.585440 #10414] DEBUG -- : Scoring new state: {:rating=>37, :state=>{:unknown=>0, :possibly_lighter=>1, :possibly_heavier=>0, :normal=>7}}
D, [2018-03-31T10:55:14.585463 #10414] DEBUG -- : State Score successfully calculated


D, [2018-03-31T10:55:14.585500 #10414] DEBUG -- : Scoring new state: {:rating=>34, :state=>{:unknown=>0, :possibly_lighter=>1, :possibly_heavier=>1, :normal=>6}}
D, [2018-03-31T10:55:14.587965 #10414] DEBUG -- : returning fully calculated score...
D, [2018-03-31T10:55:14.588033 #10414] DEBUG -- : State Score successfully calculated


D, [2018-03-31T10:55:14.588085 #10414] DEBUG -- : Scoring new state: {:rating=>34, :state=>{:unknown=>0, :possibly_lighter=>2, :possibly_heavier=>0, :normal=>6}}
D, [2018-03-31T10:55:14.590498 #10414] DEBUG -- : returning fully calculated score...
D, [2018-03-31T10:55:14.590563 #10414] DEBUG -- : State Score successfully calculated


D, [2018-03-31T10:55:14.590620 #10414] DEBUG -- : Scoring new state: {:rating=>37, :state=>{:unknown=>0, :possibly_lighter=>0, :possibly_heavier=>1, :normal=>7}}
D, [2018-03-31T10:55:14.590645 #10414] DEBUG -- : State Score successfully calculated


D, [2018-03-31T10:55:14.590672 #10414] DEBUG -- : Scoring new state: {:rating=>37, :state=>{:unknown=>0, :possibly_lighter=>1, :possibly_heavier=>0, :normal=>7}}
D, [2018-03-31T10:55:14.590692 #10414] DEBUG -- : State Score successfully calculated


D, [2018-03-31T10:55:14.590717 #10414] DEBUG -- : Scoring new state: {:rating=>34, :state=>{:unknown=>0, :possibly_lighter=>2, :possibly_heavier=>0, :normal=>6}}
D, [2018-03-31T10:55:14.593158 #10414] DEBUG -- : returning fully calculated score...
D, [2018-03-31T10:55:14.593263 #10414] DEBUG -- : State Score successfully calculated


D, [2018-03-31T10:55:14.593317 #10414] DEBUG -- : Scoring new state: {:rating=>34, :state=>{:unknown=>0, :possibly_lighter=>1, :possibly_heavier=>1, :normal=>6}}
D, [2018-03-31T10:55:14.595823 #10414] DEBUG -- : returning fully calculated score...
D, [2018-03-31T10:55:14.595890 #10414] DEBUG -- : State Score successfully calculated


D, [2018-03-31T10:55:14.595940 #10414] DEBUG -- : Scoring new state: {:rating=>37, :state=>{:unknown=>0, :possibly_lighter=>1, :possibly_heavier=>0, :normal=>7}}
D, [2018-03-31T10:55:14.595966 #10414] DEBUG -- : State Score successfully calculated


D, [2018-03-31T10:55:14.596027 #10414] DEBUG -- : Scoring new state: {:rating=>35, :state=>{:unknown=>1, :possibly_lighter=>0, :possibly_heavier=>0, :normal=>7}}
D, [2018-03-31T10:55:14.598530 #10414] DEBUG -- : returning fully calculated score...
D, [2018-03-31T10:55:14.598595 #10414] DEBUG -- : State Score successfully calculated


D, [2018-03-31T10:55:14.598644 #10414] DEBUG -- : Scoring new state: {:rating=>34, :state=>{:unknown=>0, :possibly_lighter=>2, :possibly_heavier=>0, :normal=>6}}
D, [2018-03-31T10:55:14.601168 #10414] DEBUG -- : returning fully calculated score...
D, [2018-03-31T10:55:14.601251 #10414] DEBUG -- : State Score successfully calculated


D, [2018-03-31T10:55:14.601297 #10414] DEBUG -- : Scoring new state: {:rating=>37, :state=>{:unknown=>0, :possibly_lighter=>0, :possibly_heavier=>1, :normal=>7}}
D, [2018-03-31T10:55:14.601320 #10414] DEBUG -- : State Score successfully calculated


D, [2018-03-31T10:55:14.601347 #10414] DEBUG -- : Scoring new state: {:rating=>34, :state=>{:unknown=>0, :possibly_lighter=>2, :possibly_heavier=>0, :normal=>6}}
D, [2018-03-31T10:55:14.603881 #10414] DEBUG -- : returning fully calculated score...
D, [2018-03-31T10:55:14.603956 #10414] DEBUG -- : State Score successfully calculated


D, [2018-03-31T10:55:14.604006 #10414] DEBUG -- : Scoring new state: {:rating=>37, :state=>{:unknown=>0, :possibly_lighter=>1, :possibly_heavier=>0, :normal=>7}}
D, [2018-03-31T10:55:14.604032 #10414] DEBUG -- : State Score successfully calculated


D, [2018-03-31T10:55:14.604096 #10414] DEBUG -- : Scoring new state: {:rating=>34, :state=>{:unknown=>0, :possibly_lighter=>1, :possibly_heavier=>1, :normal=>6}}
D, [2018-03-31T10:55:14.606510 #10414] DEBUG -- : returning fully calculated score...
D, [2018-03-31T10:55:14.606577 #10414] DEBUG -- : State Score successfully calculated


D, [2018-03-31T10:55:14.606612 #10414] DEBUG -- : Scoring new state: {:rating=>34, :state=>{:unknown=>0, :possibly_lighter=>2, :possibly_heavier=>0, :normal=>6}}
D, [2018-03-31T10:55:14.609066 #10414] DEBUG -- : returning fully calculated score...
D, [2018-03-31T10:55:14.609151 #10414] DEBUG -- : State Score successfully calculated


D, [2018-03-31T10:55:14.609200 #10414] DEBUG -- : Scoring new state: {:rating=>34, :state=>{:unknown=>0, :possibly_lighter=>1, :possibly_heavier=>1, :normal=>6}}
D, [2018-03-31T10:55:14.611723 #10414] DEBUG -- : returning fully calculated score...
D, [2018-03-31T10:55:14.611788 #10414] DEBUG -- : State Score successfully calculated


D, [2018-03-31T10:55:14.611823 #10414] DEBUG -- : Scoring new state: {:rating=>34, :state=>{:unknown=>0, :possibly_lighter=>2, :possibly_heavier=>0, :normal=>6}}
D, [2018-03-31T10:55:14.614274 #10414] DEBUG -- : returning fully calculated score...
D, [2018-03-31T10:55:14.614341 #10414] DEBUG -- : State Score successfully calculated


D, [2018-03-31T10:55:14.614386 #10414] DEBUG -- : Scoring new state: {:rating=>34, :state=>{:unknown=>0, :possibly_lighter=>1, :possibly_heavier=>1, :normal=>6}}
D, [2018-03-31T10:55:14.616795 #10414] DEBUG -- : returning fully calculated score...
D, [2018-03-31T10:55:14.616871 #10414] DEBUG -- : State Score successfully calculated


D, [2018-03-31T10:55:14.616908 #10414] DEBUG -- : Scoring new state: {:rating=>34, :state=>{:unknown=>0, :possibly_lighter=>2, :possibly_heavier=>0, :normal=>6}}
D, [2018-03-31T10:55:14.619445 #10414] DEBUG -- : returning fully calculated score...
D, [2018-03-31T10:55:14.619512 #10414] DEBUG -- : State Score successfully calculated


D, [2018-03-31T10:55:14.619572 #10414] DEBUG -- : Scoring new state: {:rating=>32, :state=>{:unknown=>1, :possibly_lighter=>1, :possibly_heavier=>0, :normal=>6}}
D, [2018-03-31T10:55:14.622038 #10414] DEBUG -- : calculating updated score for older state...
D, [2018-03-31T10:55:14.625412 #10414] DEBUG -- : generating weighed rated selections...
D, [2018-03-31T10:55:14.757302 #10414] DEBUG -- : scoring weighed rated selections...
D, [2018-03-31T10:55:14.757452 #10414] DEBUG -- : Saving scored selections...
D, [2018-03-31T10:55:14.763786 #10414] DEBUG -- : State Score successfully calculated


D, [2018-03-31T10:55:14.763913 #10414] DEBUG -- : Scoring new state: {:rating=>37, :state=>{:unknown=>0, :possibly_lighter=>1, :possibly_heavier=>0, :normal=>7}}
D, [2018-03-31T10:55:14.763939 #10414] DEBUG -- : State Score successfully calculated


D, [2018-03-31T10:55:14.763976 #10414] DEBUG -- : Scoring new state: {:rating=>32, :state=>{:unknown=>1, :possibly_lighter=>1, :possibly_heavier=>0, :normal=>6}}
D, [2018-03-31T10:55:14.766603 #10414] DEBUG -- : calculating updated score for older state...
D, [2018-03-31T10:55:14.770189 #10414] DEBUG -- : generating weighed rated selections...
D, [2018-03-31T10:55:14.771276 #10414] DEBUG -- : -------> building selection...
D, [2018-03-31T10:55:14.772169 #10414] DEBUG -- : -------> building new state...
D, [2018-03-31T10:55:14.772424 #10414] DEBUG -- : -------> building new state...
D, [2018-03-31T10:55:14.772705 #10414] DEBUG -- : -------> building selection...
D, [2018-03-31T10:55:14.773035 #10414] DEBUG -- : -------> building new state...
D, [2018-03-31T10:55:14.773153 #10414] DEBUG -- : -------> building new state...
D, [2018-03-31T10:55:14.773364 #10414] DEBUG -- : -------> building selection...
D, [2018-03-31T10:55:14.773677 #10414] DEBUG -- : -------> building new state...
D, [2018-03-31T10:55:14.773776 #10414] DEBUG -- : -------> building new state...
D, [2018-03-31T10:55:14.773956 #10414] DEBUG -- : -------> building selection...
D, [2018-03-31T10:55:14.774267 #10414] DEBUG -- : -------> building new state...
D, [2018-03-31T10:55:14.774389 #10414] DEBUG -- : -------> building new state...
D, [2018-03-31T10:55:14.774569 #10414] DEBUG -- : -------> building selection...
D, [2018-03-31T10:55:14.774935 #10414] DEBUG -- : -------> building new state...
D, [2018-03-31T10:55:14.775037 #10414] DEBUG -- : -------> building new state...
D, [2018-03-31T10:55:14.775214 #10414] DEBUG -- : -------> building selection...
D, [2018-03-31T10:55:14.775591 #10414] DEBUG -- : -------> building new state...
D, [2018-03-31T10:55:14.775792 #10414] DEBUG -- : -------> building new state...
D, [2018-03-31T10:55:14.776019 #10414] DEBUG -- : -------> building selection...
D, [2018-03-31T10:55:14.776524 #10414] DEBUG -- : -------> building new state...
D, [2018-03-31T10:55:14.776650 #10414] DEBUG -- : -------> building new state...
D, [2018-03-31T10:55:14.776862 #10414] DEBUG -- : -------> building selection...
D, [2018-03-31T10:55:14.777179 #10414] DEBUG -- : -------> building new state...
D, [2018-03-31T10:55:14.777297 #10414] DEBUG -- : -------> building new state...
D, [2018-03-31T10:55:14.777487 #10414] DEBUG -- : -------> building selection...
D, [2018-03-31T10:55:14.777797 #10414] DEBUG -- : -------> building new state...
D, [2018-03-31T10:55:14.777895 #10414] DEBUG -- : -------> building new state...
D, [2018-03-31T10:55:14.778107 #10414] DEBUG -- : -------> building selection...
D, [2018-03-31T10:55:14.778439 #10414] DEBUG -- : -------> building new state...
D, [2018-03-31T10:55:14.778537 #10414] DEBUG -- : -------> building new state...
D, [2018-03-31T10:55:14.778713 #10414] DEBUG -- : -------> building selection...
D, [2018-03-31T10:55:14.779130 #10414] DEBUG -- : -------> building new state...
D, [2018-03-31T10:55:14.779248 #10414] DEBUG -- : -------> building new state...
D, [2018-03-31T10:55:14.779461 #10414] DEBUG -- : -------> building selection...
D, [2018-03-31T10:55:14.779791 #10414] DEBUG -- : -------> building new state...
D, [2018-03-31T10:55:14.779898 #10414] DEBUG -- : -------> building new state...
D, [2018-03-31T10:55:14.780111 #10414] DEBUG -- : -------> building selection...
D, [2018-03-31T10:55:14.780474 #10414] DEBUG -- : -------> building new state...
D, [2018-03-31T10:55:14.780586 #10414] DEBUG -- : -------> building new state...
D, [2018-03-31T10:55:14.780772 #10414] DEBUG -- : -------> building selection...
D, [2018-03-31T10:55:14.781115 #10414] DEBUG -- : -------> building new state...
D, [2018-03-31T10:55:14.781245 #10414] DEBUG -- : -------> building new state...
D, [2018-03-31T10:55:14.781460 #10414] DEBUG -- : -------> building selection...
D, [2018-03-31T10:55:14.781770 #10414] DEBUG -- : -------> building new state...
D, [2018-03-31T10:55:14.781868 #10414] DEBUG -- : -------> building new state...
D, [2018-03-31T10:55:14.782073 #10414] DEBUG -- : -------> building selection...
D, [2018-03-31T10:55:14.782412 #10414] DEBUG -- : -------> building new state...
D, [2018-03-31T10:55:14.782510 #10414] DEBUG -- : -------> building new state...
D, [2018-03-31T10:55:14.782686 #10414] DEBUG -- : -------> building selection...
D, [2018-03-31T10:55:14.783003 #10414] DEBUG -- : -------> building new state...
D, [2018-03-31T10:55:14.783103 #10414] DEBUG -- : -------> building new state...
D, [2018-03-31T10:55:14.783279 #10414] DEBUG -- : -------> building selection...
D, [2018-03-31T10:55:14.783612 #10414] DEBUG -- : -------> building new state...
D, [2018-03-31T10:55:14.783710 #10414] DEBUG -- : -------> building new state...
D, [2018-03-31T10:55:14.783886 #10414] DEBUG -- : -------> building selection...
D, [2018-03-31T10:55:14.784401 #10414] DEBUG -- : -------> building new state...
D, [2018-03-31T10:55:14.784553 #10414] DEBUG -- : -------> building new state...
D, [2018-03-31T10:55:14.784741 #10414] DEBUG -- : -------> building selection...
D, [2018-03-31T10:55:14.785113 #10414] DEBUG -- : -------> building new state...
D, [2018-03-31T10:55:14.785214 #10414] DEBUG -- : -------> building new state...
D, [2018-03-31T10:55:14.785444 #10414] DEBUG -- : -------> building selection...
D, [2018-03-31T10:55:14.785797 #10414] DEBUG -- : -------> building new state...
D, [2018-03-31T10:55:14.785981 #10414] DEBUG -- : -------> building new state...
D, [2018-03-31T10:55:14.786199 #10414] DEBUG -- : -------> building selection...
D, [2018-03-31T10:55:14.786538 #10414] DEBUG -- : -------> building new state...
D, [2018-03-31T10:55:14.786658 #10414] DEBUG -- : -------> building new state...
D, [2018-03-31T10:55:14.786872 #10414] DEBUG -- : -------> building selection...
D, [2018-03-31T10:55:14.787195 #10414] DEBUG -- : -------> building new state...
D, [2018-03-31T10:55:14.787319 #10414] DEBUG -- : -------> building new state...
D, [2018-03-31T10:55:14.787499 #10414] DEBUG -- : -------> building selection...
D, [2018-03-31T10:55:14.787931 #10414] DEBUG -- : -------> building new state...
D, [2018-03-31T10:55:14.788030 #10414] DEBUG -- : -------> building new state...
D, [2018-03-31T10:55:14.788207 #10414] DEBUG -- : -------> building selection...
D, [2018-03-31T10:55:14.788517 #10414] DEBUG -- : -------> building new state...
D, [2018-03-31T10:55:14.788647 #10414] DEBUG -- : -------> building new state...
D, [2018-03-31T10:55:14.788827 #10414] DEBUG -- : -------> building selection...
D, [2018-03-31T10:55:14.789136 #10414] DEBUG -- : -------> building new state...
D, [2018-03-31T10:55:14.789234 #10414] DEBUG -- : -------> building new state...
D, [2018-03-31T10:55:14.789463 #10414] DEBUG -- : scoring weighed rated selections...
D, [2018-03-31T10:55:14.789523 #10414] DEBUG -- : Saving scored selections...
D, [2018-03-31T10:55:14.795937 #10414] DEBUG -- : State Score successfully calculated


D, [2018-03-31T10:55:14.796013 #10414] DEBUG -- : Scoring new state: {:rating=>37, :state=>{:unknown=>0, :possibly_lighter=>1, :possibly_heavier=>0, :normal=>7}}
D, [2018-03-31T10:55:14.796038 #10414] DEBUG -- : State Score successfully calculated


D, [2018-03-31T10:55:14.796076 #10414] DEBUG -- : Scoring new state: {:rating=>32, :state=>{:unknown=>1, :possibly_lighter=>1, :possibly_heavier=>0, :normal=>6}}
D, [2018-03-31T10:55:14.798830 #10414] DEBUG -- : calculating updated score for older state...
D, [2018-03-31T10:55:14.802434 #10414] DEBUG -- : generating weighed rated selections...
D, [2018-03-31T10:55:14.803525 #10414] DEBUG -- : -------> building selection...
D, [2018-03-31T10:55:14.804442 #10414] DEBUG -- : -------> building new state...
D, [2018-03-31T10:55:14.804748 #10414] DEBUG -- : -------> building new state...
D, [2018-03-31T10:55:14.805000 #10414] DEBUG -- : -------> building selection...
D, [2018-03-31T10:55:14.805419 #10414] DEBUG -- : -------> building new state...
D, [2018-03-31T10:55:14.805551 #10414] DEBUG -- : -------> building new state...
D, [2018-03-31T10:55:14.805745 #10414] DEBUG -- : -------> building selection...
D, [2018-03-31T10:55:14.806064 #10414] DEBUG -- : -------> building new state...
D, [2018-03-31T10:55:14.806164 #10414] DEBUG -- : -------> building new state...
D, [2018-03-31T10:55:14.806378 #10414] DEBUG -- : -------> building selection...
D, [2018-03-31T10:55:14.806693 #10414] DEBUG -- : -------> building new state...
D, [2018-03-31T10:55:14.806791 #10414] DEBUG -- : -------> building new state...
D, [2018-03-31T10:55:14.807010 #10414] DEBUG -- : -------> building selection...
D, [2018-03-31T10:55:14.807324 #10414] DEBUG -- : -------> building new state...
D, [2018-03-31T10:55:14.807449 #10414] DEBUG -- : -------> building new state...
D, [2018-03-31T10:55:14.807641 #10414] DEBUG -- : -------> building selection...
D, [2018-03-31T10:55:14.807956 #10414] DEBUG -- : -------> building new state...
D, [2018-03-31T10:55:14.808085 #10414] DEBUG -- : -------> building new state...
D, [2018-03-31T10:55:14.808356 #10414] DEBUG -- : -------> building selection...
D, [2018-03-31T10:55:14.808736 #10414] DEBUG -- : -------> building new state...
D, [2018-03-31T10:55:14.808883 #10414] DEBUG -- : -------> building new state...
D, [2018-03-31T10:55:14.809124 #10414] DEBUG -- : -------> building selection...
D, [2018-03-31T10:55:14.809498 #10414] DEBUG -- : -------> building new state...
D, [2018-03-31T10:55:14.809603 #10414] DEBUG -- : -------> building new state...
D, [2018-03-31T10:55:14.809790 #10414] DEBUG -- : -------> building selection...
D, [2018-03-31T10:55:14.810118 #10414] DEBUG -- : -------> building new state...
D, [2018-03-31T10:55:14.810246 #10414] DEBUG -- : -------> building new state...
D, [2018-03-31T10:55:14.810432 #10414] DEBUG -- : -------> building selection...
D, [2018-03-31T10:55:14.810745 #10414] DEBUG -- : -------> building new state...
D, [2018-03-31T10:55:14.810856 #10414] DEBUG -- : -------> building new state...
D, [2018-03-31T10:55:14.811040 #10414] DEBUG -- : -------> building selection...
D, [2018-03-31T10:55:14.811444 #10414] DEBUG -- : -------> building new state...
D, [2018-03-31T10:55:14.811554 #10414] DEBUG -- : -------> building new state...
D, [2018-03-31T10:55:14.811739 #10414] DEBUG -- : -------> building selection...
D, [2018-03-31T10:55:14.812054 #10414] DEBUG -- : -------> building new state...
D, [2018-03-31T10:55:14.812177 #10414] DEBUG -- : -------> building new state...
D, [2018-03-31T10:55:14.812361 #10414] DEBUG -- : -------> building selection...
D, [2018-03-31T10:55:14.812675 #10414] DEBUG -- : -------> building new state...
D, [2018-03-31T10:55:14.812776 #10414] DEBUG -- : -------> building new state...
D, [2018-03-31T10:55:14.812953 #10414] DEBUG -- : -------> building selection...
D, [2018-03-31T10:55:14.813312 #10414] DEBUG -- : -------> building new state...
D, [2018-03-31T10:55:14.813424 #10414] DEBUG -- : -------> building new state...
D, [2018-03-31T10:55:14.813602 #10414] DEBUG -- : -------> building selection...
D, [2018-03-31T10:55:14.813913 #10414] DEBUG -- : -------> building new state...
D, [2018-03-31T10:55:14.814012 #10414] DEBUG -- : -------> building new state...
D, [2018-03-31T10:55:14.814191 #10414] DEBUG -- : -------> building selection...
D, [2018-03-31T10:55:14.814532 #10414] DEBUG -- : -------> building new state...
D, [2018-03-31T10:55:14.814633 #10414] DEBUG -- : -------> building new state...
D, [2018-03-31T10:55:14.814831 #10414] DEBUG -- : -------> building selection...
D, [2018-03-31T10:55:14.815151 #10414] DEBUG -- : -------> building new state...
D, [2018-03-31T10:55:14.815260 #10414] DEBUG -- : -------> building new state...
D, [2018-03-31T10:55:14.815439 #10414] DEBUG -- : -------> building selection...
D, [2018-03-31T10:55:14.815783 #10414] DEBUG -- : -------> building new state...
D, [2018-03-31T10:55:14.815881 #10414] DEBUG -- : -------> building new state...
D, [2018-03-31T10:55:14.816084 #10414] DEBUG -- : -------> building selection...
D, [2018-03-31T10:55:14.816608 #10414] DEBUG -- : -------> building new state...
D, [2018-03-31T10:55:14.816746 #10414] DEBUG -- : -------> building new state...
D, [2018-03-31T10:55:14.816953 #10414] DEBUG -- : -------> building selection...
D, [2018-03-31T10:55:14.817302 #10414] DEBUG -- : -------> building new state...
D, [2018-03-31T10:55:14.817425 #10414] DEBUG -- : -------> building new state...
D, [2018-03-31T10:55:14.817616 #10414] DEBUG -- : -------> building selection...
D, [2018-03-31T10:55:14.817930 #10414] DEBUG -- : -------> building new state...
D, [2018-03-31T10:55:14.818028 #10414] DEBUG -- : -------> building new state...
D, [2018-03-31T10:55:14.818211 #10414] DEBUG -- : -------> building selection...
D, [2018-03-31T10:55:14.818592 #10414] DEBUG -- : -------> building new state...
D, [2018-03-31T10:55:14.818796 #10414] DEBUG -- : -------> building new state...
D, [2018-03-31T10:55:14.819030 #10414] DEBUG -- : -------> building selection...
D, [2018-03-31T10:55:14.819370 #10414] DEBUG -- : -------> building new state...
D, [2018-03-31T10:55:14.819472 #10414] DEBUG -- : -------> building new state...
D, [2018-03-31T10:55:14.819656 #10414] DEBUG -- : -------> building selection...
D, [2018-03-31T10:55:14.820001 #10414] DEBUG -- : -------> building new state...
D, [2018-03-31T10:55:14.820102 #10414] DEBUG -- : -------> building new state...
D, [2018-03-31T10:55:14.820280 #10414] DEBUG -- : -------> building selection...
D, [2018-03-31T10:55:14.820600 #10414] DEBUG -- : -------> building new state...
D, [2018-03-31T10:55:14.820702 #10414] DEBUG -- : -------> building new state...
D, [2018-03-31T10:55:14.820891 #10414] DEBUG -- : -------> building selection...
D, [2018-03-31T10:55:14.821217 #10414] DEBUG -- : -------> building new state...
D, [2018-03-31T10:55:14.821319 #10414] DEBUG -- : -------> building new state...
D, [2018-03-31T10:55:14.821506 #10414] DEBUG -- : scoring weighed rated selections...
D, [2018-03-31T10:55:14.821568 #10414] DEBUG -- : Saving scored selections...
D, [2018-03-31T10:55:14.828079 #10414] DEBUG -- : State Score successfully calculated


D, [2018-03-31T10:55:14.828150 #10414] DEBUG -- : Scoring new state: {:rating=>37, :state=>{:unknown=>0, :possibly_lighter=>1, :possibly_heavier=>0, :normal=>7}}
D, [2018-03-31T10:55:14.828175 #10414] DEBUG -- : State Score successfully calculated


D, [2018-03-31T10:55:14.828217 #10414] DEBUG -- : Scoring new state: {:rating=>32, :state=>{:unknown=>1, :possibly_lighter=>1, :possibly_heavier=>0, :normal=>6}}
D, [2018-03-31T10:55:14.830943 #10414] DEBUG -- : calculating updated score for older state...
D, [2018-03-31T10:55:14.834475 #10414] DEBUG -- : generating weighed rated selections...
D, [2018-03-31T10:55:14.835553 #10414] DEBUG -- : -------> building selection...
D, [2018-03-31T10:55:14.836484 #10414] DEBUG -- : -------> building new state...
D, [2018-03-31T10:55:14.836742 #10414] DEBUG -- : -------> building new state...
D, [2018-03-31T10:55:14.836956 #10414] DEBUG -- : -------> building selection...
D, [2018-03-31T10:55:14.837448 #10414] DEBUG -- : -------> building new state...
D, [2018-03-31T10:55:14.837572 #10414] DEBUG -- : -------> building new state...
D, [2018-03-31T10:55:14.837768 #10414] DEBUG -- : -------> building selection...
D, [2018-03-31T10:55:14.838095 #10414] DEBUG -- : -------> building new state...
D, [2018-03-31T10:55:14.838271 #10414] DEBUG -- : -------> building new state...
D, [2018-03-31T10:55:14.838516 #10414] DEBUG -- : -------> building selection...
D, [2018-03-31T10:55:14.838900 #10414] DEBUG -- : -------> building new state...
D, [2018-03-31T10:55:14.839007 #10414] DEBUG -- : -------> building new state...
D, [2018-03-31T10:55:14.839198 #10414] DEBUG -- : -------> building selection...
D, [2018-03-31T10:55:14.839507 #10414] DEBUG -- : -------> building new state...
D, [2018-03-31T10:55:14.839661 #10414] DEBUG -- : -------> building new state...
D, [2018-03-31T10:55:14.839855 #10414] DEBUG -- : -------> building selection...
D, [2018-03-31T10:55:14.840164 #10414] DEBUG -- : -------> building new state...
D, [2018-03-31T10:55:14.840262 #10414] DEBUG -- : -------> building new state...
D, [2018-03-31T10:55:14.840438 #10414] DEBUG -- : -------> building selection...
D, [2018-03-31T10:55:14.840821 #10414] DEBUG -- : -------> building new state...
D, [2018-03-31T10:55:14.840925 #10414] DEBUG -- : -------> building new state...
D, [2018-03-31T10:55:14.841102 #10414] DEBUG -- : -------> building selection...
D, [2018-03-31T10:55:14.841409 #10414] DEBUG -- : -------> building new state...
D, [2018-03-31T10:55:14.841506 #10414] DEBUG -- : -------> building new state...
D, [2018-03-31T10:55:14.841741 #10414] DEBUG -- : -------> building selection...
D, [2018-03-31T10:55:14.842047 #10414] DEBUG -- : -------> building new state...
D, [2018-03-31T10:55:14.842145 #10414] DEBUG -- : -------> building new state...
D, [2018-03-31T10:55:14.842322 #10414] DEBUG -- : -------> building selection...
D, [2018-03-31T10:55:14.842657 #10414] DEBUG -- : -------> building new state...
D, [2018-03-31T10:55:14.842780 #10414] DEBUG -- : -------> building new state...
D, [2018-03-31T10:55:14.842976 #10414] DEBUG -- : -------> building selection...
D, [2018-03-31T10:55:14.843285 #10414] DEBUG -- : -------> building new state...
D, [2018-03-31T10:55:14.843384 #10414] DEBUG -- : -------> building new state...
D, [2018-03-31T10:55:14.843616 #10414] DEBUG -- : -------> building selection...
D, [2018-03-31T10:55:14.843924 #10414] DEBUG -- : -------> building new state...
D, [2018-03-31T10:55:14.844022 #10414] DEBUG -- : -------> building new state...
D, [2018-03-31T10:55:14.844197 #10414] DEBUG -- : -------> building selection...
D, [2018-03-31T10:55:14.844502 #10414] DEBUG -- : -------> building new state...
D, [2018-03-31T10:55:14.844651 #10414] DEBUG -- : -------> building new state...
D, [2018-03-31T10:55:14.844864 #10414] DEBUG -- : -------> building selection...
D, [2018-03-31T10:55:14.845172 #10414] DEBUG -- : -------> building new state...
D, [2018-03-31T10:55:14.845270 #10414] DEBUG -- : -------> building new state...
D, [2018-03-31T10:55:14.845447 #10414] DEBUG -- : -------> building selection...
D, [2018-03-31T10:55:14.847144 #10414] DEBUG -- : -------> building new state...
D, [2018-03-31T10:55:14.847377 #10414] DEBUG -- : -------> building new state...
D, [2018-03-31T10:55:14.847682 #10414] DEBUG -- : -------> building selection...
D, [2018-03-31T10:55:14.848090 #10414] DEBUG -- : -------> building new state...
D, [2018-03-31T10:55:14.848195 #10414] DEBUG -- : -------> building new state...
D, [2018-03-31T10:55:14.848399 #10414] DEBUG -- : -------> building selection...
D, [2018-03-31T10:55:14.848741 #10414] DEBUG -- : -------> building new state...
D, [2018-03-31T10:55:14.848842 #10414] DEBUG -- : -------> building new state...
D, [2018-03-31T10:55:14.849031 #10414] DEBUG -- : -------> building selection...
D, [2018-03-31T10:55:14.849360 #10414] DEBUG -- : -------> building new state...
D, [2018-03-31T10:55:14.849459 #10414] DEBUG -- : -------> building new state...
D, [2018-03-31T10:55:14.849647 #10414] DEBUG -- : -------> building selection...
D, [2018-03-31T10:55:14.849951 #10414] DEBUG -- : -------> building new state...
D, [2018-03-31T10:55:14.850062 #10414] DEBUG -- : -------> building new state...
D, [2018-03-31T10:55:14.850241 #10414] DEBUG -- : -------> building selection...
D, [2018-03-31T10:55:14.850546 #10414] DEBUG -- : -------> building new state...
D, [2018-03-31T10:55:14.850645 #10414] DEBUG -- : -------> building new state...
D, [2018-03-31T10:55:14.850860 #10414] DEBUG -- : -------> building selection...
D, [2018-03-31T10:55:14.851173 #10414] DEBUG -- : -------> building new state...
D, [2018-03-31T10:55:14.851283 #10414] DEBUG -- : -------> building new state...
D, [2018-03-31T10:55:14.851475 #10414] DEBUG -- : -------> building selection...
D, [2018-03-31T10:55:14.851843 #10414] DEBUG -- : -------> building new state...
D, [2018-03-31T10:55:14.851945 #10414] DEBUG -- : -------> building new state...
D, [2018-03-31T10:55:14.852137 #10414] DEBUG -- : -------> building selection...
D, [2018-03-31T10:55:14.852443 #10414] DEBUG -- : -------> building new state...
D, [2018-03-31T10:55:14.852550 #10414] DEBUG -- : -------> building new state...
D, [2018-03-31T10:55:14.852727 #10414] DEBUG -- : -------> building selection...
D, [2018-03-31T10:55:14.853050 #10414] DEBUG -- : -------> building new state...
D, [2018-03-31T10:55:14.853149 #10414] DEBUG -- : -------> building new state...
D, [2018-03-31T10:55:14.853325 #10414] DEBUG -- : -------> building selection...
D, [2018-03-31T10:55:14.853661 #10414] DEBUG -- : -------> building new state...
D, [2018-03-31T10:55:14.853760 #10414] DEBUG -- : -------> building new state...
D, [2018-03-31T10:55:14.853936 #10414] DEBUG -- : -------> building selection...
D, [2018-03-31T10:55:14.854242 #10414] DEBUG -- : -------> building new state...
D, [2018-03-31T10:55:14.854368 #10414] DEBUG -- : -------> building new state...
D, [2018-03-31T10:55:14.854551 #10414] DEBUG -- : scoring weighed rated selections...
D, [2018-03-31T10:55:14.854612 #10414] DEBUG -- : Saving scored selections...
D, [2018-03-31T10:55:14.861267 #10414] DEBUG -- : State Score successfully calculated


D, [2018-03-31T10:55:14.861338 #10414] DEBUG -- : Scoring new state: {:rating=>37, :state=>{:unknown=>0, :possibly_lighter=>1, :possibly_heavier=>0, :normal=>7}}
D, [2018-03-31T10:55:14.861364 #10414] DEBUG -- : State Score successfully calculated


D, [2018-03-31T10:55:14.861419 #10414] DEBUG -- : Scoring new state: {:rating=>32, :state=>{:unknown=>1, :possibly_lighter=>1, :possibly_heavier=>0, :normal=>6}}
D, [2018-03-31T10:55:14.864076 #10414] DEBUG -- : calculating updated score for older state...
D, [2018-03-31T10:55:14.867611 #10414] DEBUG -- : generating weighed rated selections...
D, [2018-03-31T10:55:14.868612 #10414] DEBUG -- : -------> building selection...
D, [2018-03-31T10:55:14.869518 #10414] DEBUG -- : -------> building new state...
D, [2018-03-31T10:55:14.869843 #10414] DEBUG -- : -------> building new state...
D, [2018-03-31T10:55:14.870077 #10414] DEBUG -- : -------> building selection...
D, [2018-03-31T10:55:14.870404 #10414] DEBUG -- : -------> building new state...
D, [2018-03-31T10:55:14.870519 #10414] DEBUG -- : -------> building new state...
D, [2018-03-31T10:55:14.870704 #10414] DEBUG -- : -------> building selection...
D, [2018-03-31T10:55:14.872795 #10414] DEBUG -- : -------> building new state...
D, [2018-03-31T10:55:14.873012 #10414] DEBUG -- : -------> building new state...
D, [2018-03-31T10:55:14.873210 #10414] DEBUG -- : -------> building selection...
D, [2018-03-31T10:55:14.873556 #10414] DEBUG -- : -------> building new state...
D, [2018-03-31T10:55:14.873657 #10414] DEBUG -- : -------> building new state...
D, [2018-03-31T10:55:14.873863 #10414] DEBUG -- : -------> building selection...
D, [2018-03-31T10:55:14.874224 #10414] DEBUG -- : -------> building new state...
D, [2018-03-31T10:55:14.874325 #10414] DEBUG -- : -------> building new state...
D, [2018-03-31T10:55:14.874504 #10414] DEBUG -- : -------> building selection...
D, [2018-03-31T10:55:14.874864 #10414] DEBUG -- : -------> building new state...
D, [2018-03-31T10:55:14.875036 #10414] DEBUG -- : -------> building new state...
D, [2018-03-31T10:55:14.875243 #10414] DEBUG -- : -------> building selection...
D, [2018-03-31T10:55:14.875572 #10414] DEBUG -- : -------> building new state...
D, [2018-03-31T10:55:14.875758 #10414] DEBUG -- : -------> building new state...
D, [2018-03-31T10:55:14.875962 #10414] DEBUG -- : -------> building selection...
D, [2018-03-31T10:55:14.876306 #10414] DEBUG -- : -------> building new state...
D, [2018-03-31T10:55:14.876406 #10414] DEBUG -- : -------> building new state...
D, [2018-03-31T10:55:14.876597 #10414] DEBUG -- : -------> building selection...
D, [2018-03-31T10:55:14.876926 #10414] DEBUG -- : -------> building new state...
D, [2018-03-31T10:55:14.877026 #10414] DEBUG -- : -------> building new state...
D, [2018-03-31T10:55:14.877213 #10414] DEBUG -- : -------> building selection...
D, [2018-03-31T10:55:14.877567 #10414] DEBUG -- : -------> building new state...
D, [2018-03-31T10:55:14.877667 #10414] DEBUG -- : -------> building new state...
D, [2018-03-31T10:55:14.877845 #10414] DEBUG -- : -------> building selection...
D, [2018-03-31T10:55:14.878208 #10414] DEBUG -- : -------> building new state...
D, [2018-03-31T10:55:14.878308 #10414] DEBUG -- : -------> building new state...
D, [2018-03-31T10:55:14.878486 #10414] DEBUG -- : -------> building selection...
D, [2018-03-31T10:55:14.878795 #10414] DEBUG -- : -------> building new state...
D, [2018-03-31T10:55:14.878930 #10414] DEBUG -- : -------> building new state...
D, [2018-03-31T10:55:14.879112 #10414] DEBUG -- : -------> building selection...
D, [2018-03-31T10:55:14.879442 #10414] DEBUG -- : -------> building new state...
D, [2018-03-31T10:55:14.879540 #10414] DEBUG -- : -------> building new state...
D, [2018-03-31T10:55:14.879717 #10414] DEBUG -- : -------> building selection...
D, [2018-03-31T10:55:14.880038 #10414] DEBUG -- : -------> building new state...
D, [2018-03-31T10:55:14.880137 #10414] DEBUG -- : -------> building new state...
D, [2018-03-31T10:55:14.880324 #10414] DEBUG -- : -------> building selection...
D, [2018-03-31T10:55:14.880633 #10414] DEBUG -- : -------> building new state...
D, [2018-03-31T10:55:14.880747 #10414] DEBUG -- : -------> building new state...
D, [2018-03-31T10:55:14.880925 #10414] DEBUG -- : -------> building selection...
D, [2018-03-31T10:55:14.881250 #10414] DEBUG -- : -------> building new state...
D, [2018-03-31T10:55:14.881356 #10414] DEBUG -- : -------> building new state...
D, [2018-03-31T10:55:14.881535 #10414] DEBUG -- : -------> building selection...
D, [2018-03-31T10:55:14.881859 #10414] DEBUG -- : -------> building new state...
D, [2018-03-31T10:55:14.881959 #10414] DEBUG -- : -------> building new state...
D, [2018-03-31T10:55:14.882150 #10414] DEBUG -- : -------> building selection...
D, [2018-03-31T10:55:14.882476 #10414] DEBUG -- : -------> building new state...
D, [2018-03-31T10:55:14.882573 #10414] DEBUG -- : -------> building new state...
D, [2018-03-31T10:55:14.882766 #10414] DEBUG -- : -------> building selection...
D, [2018-03-31T10:55:14.883091 #10414] DEBUG -- : -------> building new state...
D, [2018-03-31T10:55:14.883209 #10414] DEBUG -- : -------> building new state...
D, [2018-03-31T10:55:14.883390 #10414] DEBUG -- : -------> building selection...
D, [2018-03-31T10:55:14.883730 #10414] DEBUG -- : -------> building new state...
D, [2018-03-31T10:55:14.883831 #10414] DEBUG -- : -------> building new state...
D, [2018-03-31T10:55:14.884039 #10414] DEBUG -- : -------> building selection...
D, [2018-03-31T10:55:14.884347 #10414] DEBUG -- : -------> building new state...
D, [2018-03-31T10:55:14.884445 #10414] DEBUG -- : -------> building new state...
D, [2018-03-31T10:55:14.884644 #10414] DEBUG -- : -------> building selection...
D, [2018-03-31T10:55:14.884970 #10414] DEBUG -- : -------> building new state...
D, [2018-03-31T10:55:14.885096 #10414] DEBUG -- : -------> building new state...
D, [2018-03-31T10:55:14.886615 #10414] DEBUG -- : -------> building selection...
D, [2018-03-31T10:55:14.887028 #10414] DEBUG -- : -------> building new state...
D, [2018-03-31T10:55:14.887166 #10414] DEBUG -- : -------> building new state...
D, [2018-03-31T10:55:14.887391 #10414] DEBUG -- : -------> building selection...
D, [2018-03-31T10:55:14.887718 #10414] DEBUG -- : -------> building new state...
D, [2018-03-31T10:55:14.887851 #10414] DEBUG -- : -------> building new state...
D, [2018-03-31T10:55:14.888038 #10414] DEBUG -- : -------> building selection...
D, [2018-03-31T10:55:14.888398 #10414] DEBUG -- : -------> building new state...
D, [2018-03-31T10:55:14.888513 #10414] DEBUG -- : -------> building new state...
D, [2018-03-31T10:55:14.888712 #10414] DEBUG -- : -------> building selection...
D, [2018-03-31T10:55:14.889056 #10414] DEBUG -- : -------> building new state...
D, [2018-03-31T10:55:14.889161 #10414] DEBUG -- : -------> building new state...
D, [2018-03-31T10:55:14.889341 #10414] DEBUG -- : scoring weighed rated selections...
D, [2018-03-31T10:55:14.889403 #10414] DEBUG -- : Saving scored selections...
D, [2018-03-31T10:55:14.896008 #10414] DEBUG -- : State Score successfully calculated


D, [2018-03-31T10:55:14.896086 #10414] DEBUG -- : Scoring new state: {:rating=>37, :state=>{:unknown=>0, :possibly_lighter=>1, :possibly_heavier=>0, :normal=>7}}
D, [2018-03-31T10:55:14.896130 #10414] DEBUG -- : State Score successfully calculated


D, [2018-03-31T10:55:14.896166 #10414] DEBUG -- : Scoring new state: {:rating=>32, :state=>{:unknown=>1, :possibly_lighter=>1, :possibly_heavier=>0, :normal=>6}}
D, [2018-03-31T10:55:14.898823 #10414] DEBUG -- : calculating updated score for older state...
D, [2018-03-31T10:55:14.902288 #10414] DEBUG -- : generating weighed rated selections...
D, [2018-03-31T10:55:14.903379 #10414] DEBUG -- : -------> building selection...
D, [2018-03-31T10:55:14.904217 #10414] DEBUG -- : -------> building new state...
D, [2018-03-31T10:55:14.904487 #10414] DEBUG -- : -------> building new state...
D, [2018-03-31T10:55:14.904779 #10414] DEBUG -- : -------> building selection...
D, [2018-03-31T10:55:14.905135 #10414] DEBUG -- : -------> building new state...
D, [2018-03-31T10:55:14.905240 #10414] DEBUG -- : -------> building new state...
D, [2018-03-31T10:55:14.905419 #10414] DEBUG -- : -------> building selection...
D, [2018-03-31T10:55:14.905740 #10414] DEBUG -- : -------> building new state...
D, [2018-03-31T10:55:14.905886 #10414] DEBUG -- : -------> building new state...
D, [2018-03-31T10:55:14.906089 #10414] DEBUG -- : -------> building selection...
D, [2018-03-31T10:55:14.906410 #10414] DEBUG -- : -------> building new state...
D, [2018-03-31T10:55:14.906516 #10414] DEBUG -- : -------> building new state...
D, [2018-03-31T10:55:14.906703 #10414] DEBUG -- : -------> building selection...
D, [2018-03-31T10:55:14.907055 #10414] DEBUG -- : -------> building new state...
D, [2018-03-31T10:55:14.907158 #10414] DEBUG -- : -------> building new state...
D, [2018-03-31T10:55:14.907349 #10414] DEBUG -- : -------> building selection...
D, [2018-03-31T10:55:14.907671 #10414] DEBUG -- : -------> building new state...
D, [2018-03-31T10:55:14.907777 #10414] DEBUG -- : -------> building new state...
D, [2018-03-31T10:55:14.907964 #10414] DEBUG -- : -------> building selection...
D, [2018-03-31T10:55:14.908281 #10414] DEBUG -- : -------> building new state...
D, [2018-03-31T10:55:14.908388 #10414] DEBUG -- : -------> building new state...
D, [2018-03-31T10:55:14.908580 #10414] DEBUG -- : -------> building selection...
D, [2018-03-31T10:55:14.908898 #10414] DEBUG -- : -------> building new state...
D, [2018-03-31T10:55:14.909010 #10414] DEBUG -- : -------> building new state...
D, [2018-03-31T10:55:14.909191 #10414] DEBUG -- : -------> building selection...
D, [2018-03-31T10:55:14.909513 #10414] DEBUG -- : -------> building new state...
D, [2018-03-31T10:55:14.909610 #10414] DEBUG -- : -------> building new state...
D, [2018-03-31T10:55:14.909808 #10414] DEBUG -- : -------> building selection...
D, [2018-03-31T10:55:14.910131 #10414] DEBUG -- : -------> building new state...
D, [2018-03-31T10:55:14.910228 #10414] DEBUG -- : -------> building new state...
D, [2018-03-31T10:55:14.910414 #10414] DEBUG -- : -------> building selection...
D, [2018-03-31T10:55:14.910739 #10414] DEBUG -- : -------> building new state...
D, [2018-03-31T10:55:14.910861 #10414] DEBUG -- : -------> building new state...
D, [2018-03-31T10:55:14.911045 #10414] DEBUG -- : -------> building selection...
D, [2018-03-31T10:55:14.911391 #10414] DEBUG -- : -------> building new state...
D, [2018-03-31T10:55:14.911493 #10414] DEBUG -- : -------> building new state...
D, [2018-03-31T10:55:14.911675 #10414] DEBUG -- : -------> building selection...
D, [2018-03-31T10:55:14.912012 #10414] DEBUG -- : -------> building new state...
D, [2018-03-31T10:55:14.912211 #10414] DEBUG -- : -------> building new state...
D, [2018-03-31T10:55:14.912449 #10414] DEBUG -- : -------> building selection...
D, [2018-03-31T10:55:14.913155 #10414] DEBUG -- : -------> building new state...
D, [2018-03-31T10:55:14.913289 #10414] DEBUG -- : -------> building new state...
D, [2018-03-31T10:55:14.913654 #10414] DEBUG -- : -------> building selection...
D, [2018-03-31T10:55:14.914088 #10414] DEBUG -- : -------> building new state...
D, [2018-03-31T10:55:14.914380 #10414] DEBUG -- : -------> building new state...
D, [2018-03-31T10:55:14.914642 #10414] DEBUG -- : -------> building selection...
D, [2018-03-31T10:55:14.915002 #10414] DEBUG -- : -------> building new state...
D, [2018-03-31T10:55:14.915117 #10414] DEBUG -- : -------> building new state...
D, [2018-03-31T10:55:14.915316 #10414] DEBUG -- : -------> building selection...
D, [2018-03-31T10:55:14.915737 #10414] DEBUG -- : -------> building new state...
D, [2018-03-31T10:55:14.915934 #10414] DEBUG -- : -------> building new state...
D, [2018-03-31T10:55:14.916161 #10414] DEBUG -- : -------> building selection...
D, [2018-03-31T10:55:14.916502 #10414] DEBUG -- : -------> building new state...
D, [2018-03-31T10:55:14.916618 #10414] DEBUG -- : -------> building new state...
D, [2018-03-31T10:55:14.916815 #10414] DEBUG -- : -------> building selection...
D, [2018-03-31T10:55:14.917152 #10414] DEBUG -- : -------> building new state...
D, [2018-03-31T10:55:14.917265 #10414] DEBUG -- : -------> building new state...
D, [2018-03-31T10:55:14.917465 #10414] DEBUG -- : -------> building selection...
D, [2018-03-31T10:55:14.917791 #10414] DEBUG -- : -------> building new state...
D, [2018-03-31T10:55:14.917902 #10414] DEBUG -- : -------> building new state...
D, [2018-03-31T10:55:14.918104 #10414] DEBUG -- : -------> building selection...
D, [2018-03-31T10:55:14.918440 #10414] DEBUG -- : -------> building new state...
D, [2018-03-31T10:55:14.918540 #10414] DEBUG -- : -------> building new state...
D, [2018-03-31T10:55:14.918755 #10414] DEBUG -- : -------> building selection...
D, [2018-03-31T10:55:14.919079 #10414] DEBUG -- : -------> building new state...
D, [2018-03-31T10:55:14.919178 #10414] DEBUG -- : -------> building new state...
D, [2018-03-31T10:55:14.919375 #10414] DEBUG -- : -------> building selection...
D, [2018-03-31T10:55:14.919718 #10414] DEBUG -- : -------> building new state...
D, [2018-03-31T10:55:14.919837 #10414] DEBUG -- : -------> building new state...
D, [2018-03-31T10:55:14.921882 #10414] DEBUG -- : -------> building selection...
D, [2018-03-31T10:55:14.922335 #10414] DEBUG -- : -------> building new state...
D, [2018-03-31T10:55:14.922489 #10414] DEBUG -- : -------> building new state...
D, [2018-03-31T10:55:14.922712 #10414] DEBUG -- : -------> building selection...
D, [2018-03-31T10:55:14.923093 #10414] DEBUG -- : -------> building new state...
D, [2018-03-31T10:55:14.923282 #10414] DEBUG -- : -------> building new state...
D, [2018-03-31T10:55:14.924136 #10414] DEBUG -- : -------> building selection...
D, [2018-03-31T10:55:14.924498 #10414] DEBUG -- : -------> building new state...
D, [2018-03-31T10:55:14.924603 #10414] DEBUG -- : -------> building new state...
D, [2018-03-31T10:55:14.924783 #10414] DEBUG -- : scoring weighed rated selections...
D, [2018-03-31T10:55:14.924841 #10414] DEBUG -- : Saving scored selections...
D, [2018-03-31T10:55:14.931283 #10414] DEBUG -- : State Score successfully calculated


D, [2018-03-31T10:55:14.931354 #10414] DEBUG -- : Scoring new state: {:rating=>37, :state=>{:unknown=>0, :possibly_lighter=>1, :possibly_heavier=>0, :normal=>7}}
D, [2018-03-31T10:55:14.931379 #10414] DEBUG -- : State Score successfully calculated


D, [2018-03-31T10:55:14.931412 #10414] DEBUG -- : Scoring new state: {:rating=>31, :state=>{:unknown=>0, :possibly_lighter=>2, :possibly_heavier=>1, :normal=>5}}
D, [2018-03-31T10:55:14.934150 #10414] DEBUG -- : calculating updated score for older state...
D, [2018-03-31T10:55:14.937926 #10414] DEBUG -- : generating weighed rated selections...
D, [2018-03-31T10:55:15.155852 #10414] DEBUG -- : scoring weighed rated selections...
D, [2018-03-31T10:55:15.157191 #10414] DEBUG -- : Saving scored selections...
D, [2018-03-31T10:55:15.165043 #10414] DEBUG -- : State Score successfully calculated


D, [2018-03-31T10:55:15.165143 #10414] DEBUG -- : Scoring new state: {:rating=>37, :state=>{:unknown=>0, :possibly_lighter=>1, :possibly_heavier=>0, :normal=>7}}
D, [2018-03-31T10:55:15.165170 #10414] DEBUG -- : State Score successfully calculated


D, [2018-03-31T10:55:15.165209 #10414] DEBUG -- : Scoring new state: {:rating=>31, :state=>{:unknown=>0, :possibly_lighter=>2, :possibly_heavier=>1, :normal=>5}}
D, [2018-03-31T10:55:15.167898 #10414] DEBUG -- : calculating updated score for older state...
D, [2018-03-31T10:55:15.171895 #10414] DEBUG -- : generating weighed rated selections...
D, [2018-03-31T10:55:15.173138 #10414] DEBUG -- : -------> building selection...
D, [2018-03-31T10:55:15.174242 #10414] DEBUG -- : -------> building new state...
D, [2018-03-31T10:55:15.174594 #10414] DEBUG -- : -------> building new state...
D, [2018-03-31T10:55:15.176387 #10414] DEBUG -- : -------> building selection...
D, [2018-03-31T10:55:15.177186 #10414] DEBUG -- : -------> building new state...
D, [2018-03-31T10:55:15.177329 #10414] DEBUG -- : -------> building new state...
D, [2018-03-31T10:55:15.177539 #10414] DEBUG -- : -------> building selection...
D, [2018-03-31T10:55:15.177931 #10414] DEBUG -- : -------> building new state...
D, [2018-03-31T10:55:15.178035 #10414] DEBUG -- : -------> building new state...
D, [2018-03-31T10:55:15.178307 #10414] DEBUG -- : -------> building selection...
D, [2018-03-31T10:55:15.178639 #10414] DEBUG -- : -------> building new state...
D, [2018-03-31T10:55:15.178741 #10414] DEBUG -- : -------> building new state...
D, [2018-03-31T10:55:15.178991 #10414] DEBUG -- : -------> building selection...
D, [2018-03-31T10:55:15.179324 #10414] DEBUG -- : -------> building new state...
D, [2018-03-31T10:55:15.179426 #10414] DEBUG -- : -------> building new state...
D, [2018-03-31T10:55:15.179614 #10414] DEBUG -- : -------> building selection...
D, [2018-03-31T10:55:15.179940 #10414] DEBUG -- : -------> building new state...
D, [2018-03-31T10:55:15.180066 #10414] DEBUG -- : -------> building new state...
D, [2018-03-31T10:55:15.180257 #10414] DEBUG -- : -------> building selection...
D, [2018-03-31T10:55:15.180578 #10414] DEBUG -- : -------> building new state...
D, [2018-03-31T10:55:15.180680 #10414] DEBUG -- : -------> building new state...
D, [2018-03-31T10:55:15.180880 #10414] DEBUG -- : -------> building selection...
D, [2018-03-31T10:55:15.181239 #10414] DEBUG -- : -------> building new state...
D, [2018-03-31T10:55:15.181338 #10414] DEBUG -- : -------> building new state...
D, [2018-03-31T10:55:15.181525 #10414] DEBUG -- : -------> building selection...
D, [2018-03-31T10:55:15.181846 #10414] DEBUG -- : -------> building new state...
D, [2018-03-31T10:55:15.181952 #10414] DEBUG -- : -------> building new state...
D, [2018-03-31T10:55:15.182234 #10414] DEBUG -- : -------> building selection...
D, [2018-03-31T10:55:15.182622 #10414] DEBUG -- : -------> building new state...
D, [2018-03-31T10:55:15.182723 #10414] DEBUG -- : -------> building new state...
D, [2018-03-31T10:55:15.182927 #10414] DEBUG -- : -------> building selection...
D, [2018-03-31T10:55:15.183253 #10414] DEBUG -- : -------> building new state...
D, [2018-03-31T10:55:15.183355 #10414] DEBUG -- : -------> building new state...
D, [2018-03-31T10:55:15.183562 #10414] DEBUG -- : -------> building selection...
D, [2018-03-31T10:55:15.183884 #10414] DEBUG -- : -------> building new state...
D, [2018-03-31T10:55:15.183982 #10414] DEBUG -- : -------> building new state...
D, [2018-03-31T10:55:15.184199 #10414] DEBUG -- : -------> building selection...
D, [2018-03-31T10:55:15.184519 #10414] DEBUG -- : -------> building new state...
D, [2018-03-31T10:55:15.184619 #10414] DEBUG -- : -------> building new state...
D, [2018-03-31T10:55:15.184816 #10414] DEBUG -- : -------> building selection...
D, [2018-03-31T10:55:15.185205 #10414] DEBUG -- : -------> building new state...
D, [2018-03-31T10:55:15.185341 #10414] DEBUG -- : -------> building new state...
D, [2018-03-31T10:55:15.185528 #10414] DEBUG -- : -------> building selection...
D, [2018-03-31T10:55:15.185852 #10414] DEBUG -- : -------> building new state...
D, [2018-03-31T10:55:15.185970 #10414] DEBUG -- : -------> building new state...
D, [2018-03-31T10:55:15.187371 #10414] DEBUG -- : -------> building selection...
D, [2018-03-31T10:55:15.187883 #10414] DEBUG -- : -------> building new state...
D, [2018-03-31T10:55:15.188137 #10414] DEBUG -- : -------> building new state...
D, [2018-03-31T10:55:15.188427 #10414] DEBUG -- : -------> building selection...
D, [2018-03-31T10:55:15.188804 #10414] DEBUG -- : -------> building new state...
D, [2018-03-31T10:55:15.188922 #10414] DEBUG -- : -------> building new state...
D, [2018-03-31T10:55:15.189129 #10414] DEBUG -- : -------> building selection...
D, [2018-03-31T10:55:15.189509 #10414] DEBUG -- : -------> building new state...
D, [2018-03-31T10:55:15.189621 #10414] DEBUG -- : -------> building new state...
D, [2018-03-31T10:55:15.189822 #10414] DEBUG -- : -------> building selection...
D, [2018-03-31T10:55:15.190591 #10414] DEBUG -- : -------> building new state...
D, [2018-03-31T10:55:15.191165 #10414] DEBUG -- : -------> building new state...
D, [2018-03-31T10:55:15.191403 #10414] DEBUG -- : -------> building selection...
D, [2018-03-31T10:55:15.191804 #10414] DEBUG -- : -------> building new state...
D, [2018-03-31T10:55:15.191919 #10414] DEBUG -- : -------> building new state...
D, [2018-03-31T10:55:15.192189 #10414] DEBUG -- : -------> building selection...
D, [2018-03-31T10:55:15.192560 #10414] DEBUG -- : -------> building new state...
D, [2018-03-31T10:55:15.192787 #10414] DEBUG -- : -------> building new state...
D, [2018-03-31T10:55:15.192996 #10414] DEBUG -- : -------> building selection...
D, [2018-03-31T10:55:15.193328 #10414] DEBUG -- : -------> building new state...
D, [2018-03-31T10:55:15.193428 #10414] DEBUG -- : -------> building new state...
D, [2018-03-31T10:55:15.193615 #10414] DEBUG -- : -------> building selection...
D, [2018-03-31T10:55:15.193970 #10414] DEBUG -- : -------> building new state...
D, [2018-03-31T10:55:15.194070 #10414] DEBUG -- : -------> building new state...
D, [2018-03-31T10:55:15.194258 #10414] DEBUG -- : -------> building selection...
D, [2018-03-31T10:55:15.194583 #10414] DEBUG -- : -------> building new state...
D, [2018-03-31T10:55:15.194697 #10414] DEBUG -- : -------> building new state...
D, [2018-03-31T10:55:15.195031 #10414] DEBUG -- : -------> building selection...
D, [2018-03-31T10:55:15.195569 #10414] DEBUG -- : -------> building new state...
D, [2018-03-31T10:55:15.195680 #10414] DEBUG -- : -------> building new state...
D, [2018-03-31T10:55:15.195880 #10414] DEBUG -- : -------> building selection...
D, [2018-03-31T10:55:15.196211 #10414] DEBUG -- : -------> building new state...
D, [2018-03-31T10:55:15.196385 #10414] DEBUG -- : -------> building new state...
D, [2018-03-31T10:55:15.198527 #10414] DEBUG -- : -------> building selection...
D, [2018-03-31T10:55:15.198970 #10414] DEBUG -- : -------> building new state...
D, [2018-03-31T10:55:15.199184 #10414] DEBUG -- : -------> building new state...
D, [2018-03-31T10:55:15.199447 #10414] DEBUG -- : -------> building selection...
D, [2018-03-31T10:55:15.199894 #10414] DEBUG -- : -------> building new state...
D, [2018-03-31T10:55:15.200090 #10414] DEBUG -- : -------> building new state...
D, [2018-03-31T10:55:15.200296 #10414] DEBUG -- : -------> building selection...
D, [2018-03-31T10:55:15.200637 #10414] DEBUG -- : -------> building new state...
D, [2018-03-31T10:55:15.200738 #10414] DEBUG -- : -------> building new state...
D, [2018-03-31T10:55:15.200932 #10414] DEBUG -- : -------> building selection...
D, [2018-03-31T10:55:15.201284 #10414] DEBUG -- : -------> building new state...
D, [2018-03-31T10:55:15.201386 #10414] DEBUG -- : -------> building new state...
D, [2018-03-31T10:55:15.201585 #10414] DEBUG -- : -------> building selection...
D, [2018-03-31T10:55:15.201993 #10414] DEBUG -- : -------> building new state...
D, [2018-03-31T10:55:15.202099 #10414] DEBUG -- : -------> building new state...
D, [2018-03-31T10:55:15.202288 #10414] DEBUG -- : -------> building selection...
D, [2018-03-31T10:55:15.202612 #10414] DEBUG -- : -------> building new state...
D, [2018-03-31T10:55:15.202711 #10414] DEBUG -- : -------> building new state...
D, [2018-03-31T10:55:15.202915 #10414] DEBUG -- : -------> building selection...
D, [2018-03-31T10:55:15.203337 #10414] DEBUG -- : -------> building new state...
D, [2018-03-31T10:55:15.204628 #10414] DEBUG -- : -------> building new state...
D, [2018-03-31T10:55:15.204927 #10414] DEBUG -- : -------> building selection...
D, [2018-03-31T10:55:15.206881 #10414] DEBUG -- : -------> building new state...
D, [2018-03-31T10:55:15.207155 #10414] DEBUG -- : -------> building new state...
D, [2018-03-31T10:55:15.207690 #10414] DEBUG -- : -------> building selection...
D, [2018-03-31T10:55:15.208868 #10414] DEBUG -- : -------> building new state...
D, [2018-03-31T10:55:15.209031 #10414] DEBUG -- : -------> building new state...
D, [2018-03-31T10:55:15.209247 #10414] DEBUG -- : -------> building selection...
D, [2018-03-31T10:55:15.209599 #10414] DEBUG -- : -------> building new state...
D, [2018-03-31T10:55:15.209769 #10414] DEBUG -- : -------> building new state...
D, [2018-03-31T10:55:15.210037 #10414] DEBUG -- : -------> building selection...
D, [2018-03-31T10:55:15.210499 #10414] DEBUG -- : -------> building new state...
D, [2018-03-31T10:55:15.210662 #10414] DEBUG -- : -------> building new state...
D, [2018-03-31T10:55:15.210885 #10414] DEBUG -- : -------> building selection...
D, [2018-03-31T10:55:15.211251 #10414] DEBUG -- : -------> building new state...
D, [2018-03-31T10:55:15.211371 #10414] DEBUG -- : -------> building new state...
D, [2018-03-31T10:55:15.211692 #10414] DEBUG -- : -------> building selection...
D, [2018-03-31T10:55:15.212142 #10414] DEBUG -- : -------> building new state...
D, [2018-03-31T10:55:15.212249 #10414] DEBUG -- : -------> building new state...
D, [2018-03-31T10:55:15.212486 #10414] DEBUG -- : scoring weighed rated selections...
D, [2018-03-31T10:55:15.212563 #10414] DEBUG -- : Saving scored selections...
D, [2018-03-31T10:55:15.219664 #10414] DEBUG -- : State Score successfully calculated


D, [2018-03-31T10:55:15.219778 #10414] DEBUG -- : Scoring new state: {:rating=>37, :state=>{:unknown=>0, :possibly_lighter=>1, :possibly_heavier=>0, :normal=>7}}
D, [2018-03-31T10:55:15.219807 #10414] DEBUG -- : State Score successfully calculated


D, [2018-03-31T10:55:15.219844 #10414] DEBUG -- : Scoring new state: {:rating=>37, :state=>{:unknown=>0, :possibly_lighter=>0, :possibly_heavier=>1, :normal=>7}}
D, [2018-03-31T10:55:15.219866 #10414] DEBUG -- : State Score successfully calculated


D, [2018-03-31T10:55:15.219892 #10414] DEBUG -- : Scoring new state: {:rating=>31, :state=>{:unknown=>0, :possibly_lighter=>3, :possibly_heavier=>0, :normal=>5}}
D, [2018-03-31T10:55:15.222837 #10414] DEBUG -- : calculating updated score for older state...
D, [2018-03-31T10:55:15.227285 #10414] DEBUG -- : generating weighed rated selections...
D, [2018-03-31T10:55:15.320946 #10414] DEBUG -- : scoring weighed rated selections...
D, [2018-03-31T10:55:15.321088 #10414] DEBUG -- : Saving scored selections...
D, [2018-03-31T10:55:15.325366 #10414] DEBUG -- : State Score successfully calculated


D, [2018-03-31T10:55:15.325469 #10414] DEBUG -- : Scoring new state: {:rating=>31, :state=>{:unknown=>0, :possibly_lighter=>2, :possibly_heavier=>1, :normal=>5}}
D, [2018-03-31T10:55:15.328083 #10414] DEBUG -- : calculating updated score for older state...
D, [2018-03-31T10:55:15.331566 #10414] DEBUG -- : generating weighed rated selections...
D, [2018-03-31T10:55:15.332663 #10414] DEBUG -- : -------> building selection...
D, [2018-03-31T10:55:15.333555 #10414] DEBUG -- : -------> building new state...
D, [2018-03-31T10:55:15.333867 #10414] DEBUG -- : -------> building new state...
D, [2018-03-31T10:55:15.334126 #10414] DEBUG -- : -------> building selection...
D, [2018-03-31T10:55:15.334493 #10414] DEBUG -- : -------> building new state...
D, [2018-03-31T10:55:15.334601 #10414] DEBUG -- : -------> building new state...
D, [2018-03-31T10:55:15.334793 #10414] DEBUG -- : -------> building selection...
D, [2018-03-31T10:55:15.335171 #10414] DEBUG -- : -------> building new state...
D, [2018-03-31T10:55:15.335274 #10414] DEBUG -- : -------> building new state...
D, [2018-03-31T10:55:15.335492 #10414] DEBUG -- : -------> building selection...
D, [2018-03-31T10:55:15.335879 #10414] DEBUG -- : -------> building new state...
D, [2018-03-31T10:55:15.335985 #10414] DEBUG -- : -------> building new state...
D, [2018-03-31T10:55:15.336188 #10414] DEBUG -- : -------> building selection...
D, [2018-03-31T10:55:15.336543 #10414] DEBUG -- : -------> building new state...
D, [2018-03-31T10:55:15.336658 #10414] DEBUG -- : -------> building new state...
D, [2018-03-31T10:55:15.336848 #10414] DEBUG -- : -------> building selection...
D, [2018-03-31T10:55:15.337210 #10414] DEBUG -- : -------> building new state...
D, [2018-03-31T10:55:15.337313 #10414] DEBUG -- : -------> building new state...
D, [2018-03-31T10:55:15.337503 #10414] DEBUG -- : -------> building selection...
D, [2018-03-31T10:55:15.337862 #10414] DEBUG -- : -------> building new state...
D, [2018-03-31T10:55:15.337969 #10414] DEBUG -- : -------> building new state...
D, [2018-03-31T10:55:15.338158 #10414] DEBUG -- : -------> building selection...
D, [2018-03-31T10:55:15.338486 #10414] DEBUG -- : -------> building new state...
D, [2018-03-31T10:55:15.338588 #10414] DEBUG -- : -------> building new state...
D, [2018-03-31T10:55:15.338813 #10414] DEBUG -- : -------> building selection...
D, [2018-03-31T10:55:15.339144 #10414] DEBUG -- : -------> building new state...
D, [2018-03-31T10:55:15.339267 #10414] DEBUG -- : -------> building new state...
D, [2018-03-31T10:55:15.339584 #10414] DEBUG -- : -------> building selection...
D, [2018-03-31T10:55:15.339974 #10414] DEBUG -- : -------> building new state...
D, [2018-03-31T10:55:15.340115 #10414] DEBUG -- : -------> building new state...
D, [2018-03-31T10:55:15.341842 #10414] DEBUG -- : -------> building selection...
D, [2018-03-31T10:55:15.342254 #10414] DEBUG -- : -------> building new state...
D, [2018-03-31T10:55:15.342432 #10414] DEBUG -- : -------> building new state...
D, [2018-03-31T10:55:15.342657 #10414] DEBUG -- : -------> building selection...
D, [2018-03-31T10:55:15.343045 #10414] DEBUG -- : -------> building new state...
D, [2018-03-31T10:55:15.343172 #10414] DEBUG -- : -------> building new state...
D, [2018-03-31T10:55:15.343366 #10414] DEBUG -- : -------> building selection...
D, [2018-03-31T10:55:15.343737 #10414] DEBUG -- : -------> building new state...
D, [2018-03-31T10:55:15.343842 #10414] DEBUG -- : -------> building new state...
D, [2018-03-31T10:55:15.344050 #10414] DEBUG -- : -------> building selection...
D, [2018-03-31T10:55:15.344417 #10414] DEBUG -- : -------> building new state...
D, [2018-03-31T10:55:15.344650 #10414] DEBUG -- : -------> building new state...
D, [2018-03-31T10:55:15.344865 #10414] DEBUG -- : -------> building selection...
D, [2018-03-31T10:55:15.345220 #10414] DEBUG -- : -------> building new state...
D, [2018-03-31T10:55:15.345351 #10414] DEBUG -- : -------> building new state...
D, [2018-03-31T10:55:15.345548 #10414] DEBUG -- : -------> building selection...
D, [2018-03-31T10:55:15.345877 #10414] DEBUG -- : -------> building new state...
D, [2018-03-31T10:55:15.345976 #10414] DEBUG -- : -------> building new state...
D, [2018-03-31T10:55:15.346166 #10414] DEBUG -- : -------> building selection...
D, [2018-03-31T10:55:15.346514 #10414] DEBUG -- : -------> building new state...
D, [2018-03-31T10:55:15.346615 #10414] DEBUG -- : -------> building new state...
D, [2018-03-31T10:55:15.346829 #10414] DEBUG -- : -------> building selection...
D, [2018-03-31T10:55:15.347159 #10414] DEBUG -- : -------> building new state...
D, [2018-03-31T10:55:15.347297 #10414] DEBUG -- : -------> building new state...
D, [2018-03-31T10:55:15.347493 #10414] DEBUG -- : -------> building selection...
D, [2018-03-31T10:55:15.347815 #10414] DEBUG -- : -------> building new state...
D, [2018-03-31T10:55:15.347931 #10414] DEBUG -- : -------> building new state...
D, [2018-03-31T10:55:15.348153 #10414] DEBUG -- : -------> building selection...
D, [2018-03-31T10:55:15.348610 #10414] DEBUG -- : -------> building new state...
D, [2018-03-31T10:55:15.348744 #10414] DEBUG -- : -------> building new state...
D, [2018-03-31T10:55:15.348951 #10414] DEBUG -- : -------> building selection...
D, [2018-03-31T10:55:15.349277 #10414] DEBUG -- : -------> building new state...
D, [2018-03-31T10:55:15.349400 #10414] DEBUG -- : -------> building new state...
D, [2018-03-31T10:55:15.349603 #10414] DEBUG -- : -------> building selection...
D, [2018-03-31T10:55:15.349930 #10414] DEBUG -- : -------> building new state...
D, [2018-03-31T10:55:15.350045 #10414] DEBUG -- : -------> building new state...
D, [2018-03-31T10:55:15.350236 #10414] DEBUG -- : -------> building selection...
D, [2018-03-31T10:55:15.350570 #10414] DEBUG -- : -------> building new state...
D, [2018-03-31T10:55:15.350689 #10414] DEBUG -- : -------> building new state...
D, [2018-03-31T10:55:15.350898 #10414] DEBUG -- : -------> building selection...
D, [2018-03-31T10:55:15.351247 #10414] DEBUG -- : -------> building new state...
D, [2018-03-31T10:55:15.351353 #10414] DEBUG -- : -------> building new state...
D, [2018-03-31T10:55:15.351541 #10414] DEBUG -- : -------> building selection...
D, [2018-03-31T10:55:15.351879 #10414] DEBUG -- : -------> building new state...
D, [2018-03-31T10:55:15.351993 #10414] DEBUG -- : -------> building new state...
D, [2018-03-31T10:55:15.352182 #10414] DEBUG -- : -------> building selection...
D, [2018-03-31T10:55:15.352526 #10414] DEBUG -- : -------> building new state...
D, [2018-03-31T10:55:15.352625 #10414] DEBUG -- : -------> building new state...
D, [2018-03-31T10:55:15.352814 #10414] DEBUG -- : -------> building selection...
D, [2018-03-31T10:55:15.353152 #10414] DEBUG -- : -------> building new state...
D, [2018-03-31T10:55:15.353250 #10414] DEBUG -- : -------> building new state...
D, [2018-03-31T10:55:15.353445 #10414] DEBUG -- : -------> building selection...
D, [2018-03-31T10:55:15.353790 #10414] DEBUG -- : -------> building new state...
D, [2018-03-31T10:55:15.353888 #10414] DEBUG -- : -------> building new state...
D, [2018-03-31T10:55:15.354099 #10414] DEBUG -- : -------> building selection...
D, [2018-03-31T10:55:15.354426 #10414] DEBUG -- : -------> building new state...
D, [2018-03-31T10:55:15.354536 #10414] DEBUG -- : -------> building new state...
D, [2018-03-31T10:55:15.354724 #10414] DEBUG -- : -------> building selection...
D, [2018-03-31T10:55:15.355081 #10414] DEBUG -- : -------> building new state...
D, [2018-03-31T10:55:15.355186 #10414] DEBUG -- : -------> building new state...
D, [2018-03-31T10:55:15.355392 #10414] DEBUG -- : -------> building selection...
D, [2018-03-31T10:55:15.355737 #10414] DEBUG -- : -------> building new state...
D, [2018-03-31T10:55:15.355845 #10414] DEBUG -- : -------> building new state...
D, [2018-03-31T10:55:15.356058 #10414] DEBUG -- : -------> building selection...
D, [2018-03-31T10:55:15.356398 #10414] DEBUG -- : -------> building new state...
D, [2018-03-31T10:55:15.356520 #10414] DEBUG -- : -------> building new state...
D, [2018-03-31T10:55:15.356720 #10414] DEBUG -- : -------> building selection...
D, [2018-03-31T10:55:15.357073 #10414] DEBUG -- : -------> building new state...
D, [2018-03-31T10:55:15.357181 #10414] DEBUG -- : -------> building new state...
D, [2018-03-31T10:55:15.357406 #10414] DEBUG -- : -------> building selection...
D, [2018-03-31T10:55:15.357741 #10414] DEBUG -- : -------> building new state...
D, [2018-03-31T10:55:15.357860 #10414] DEBUG -- : -------> building new state...
D, [2018-03-31T10:55:15.358066 #10414] DEBUG -- : -------> building selection...
D, [2018-03-31T10:55:15.358423 #10414] DEBUG -- : -------> building new state...
D, [2018-03-31T10:55:15.358537 #10414] DEBUG -- : -------> building new state...
D, [2018-03-31T10:55:15.358739 #10414] DEBUG -- : -------> building selection...
D, [2018-03-31T10:55:15.359106 #10414] DEBUG -- : -------> building new state...
D, [2018-03-31T10:55:15.359243 #10414] DEBUG -- : -------> building new state...
D, [2018-03-31T10:55:15.359445 #10414] DEBUG -- : -------> building selection...
D, [2018-03-31T10:55:15.359783 #10414] DEBUG -- : -------> building new state...
D, [2018-03-31T10:55:15.359908 #10414] DEBUG -- : -------> building new state...
D, [2018-03-31T10:55:15.360108 #10414] DEBUG -- : -------> building selection...
D, [2018-03-31T10:55:15.360447 #10414] DEBUG -- : -------> building new state...
D, [2018-03-31T10:55:15.360581 #10414] DEBUG -- : -------> building new state...
D, [2018-03-31T10:55:15.360782 #10414] DEBUG -- : -------> building selection...
D, [2018-03-31T10:55:15.361144 #10414] DEBUG -- : -------> building new state...
D, [2018-03-31T10:55:15.361256 #10414] DEBUG -- : -------> building new state...
D, [2018-03-31T10:55:15.361455 #10414] DEBUG -- : scoring weighed rated selections...
D, [2018-03-31T10:55:15.361528 #10414] DEBUG -- : Saving scored selections...
D, [2018-03-31T10:55:15.368653 #10414] DEBUG -- : State Score successfully calculated


D, [2018-03-31T10:55:15.368728 #10414] DEBUG -- : Scoring new state: {:rating=>37, :state=>{:unknown=>0, :possibly_lighter=>1, :possibly_heavier=>0, :normal=>7}}
D, [2018-03-31T10:55:15.368752 #10414] DEBUG -- : State Score successfully calculated


D, [2018-03-31T10:55:15.368787 #10414] DEBUG -- : Scoring new state: {:rating=>31, :state=>{:unknown=>0, :possibly_lighter=>2, :possibly_heavier=>1, :normal=>5}}
D, [2018-03-31T10:55:15.371460 #10414] DEBUG -- : calculating updated score for older state...
D, [2018-03-31T10:55:15.374970 #10414] DEBUG -- : generating weighed rated selections...
D, [2018-03-31T10:55:15.376047 #10414] DEBUG -- : -------> building selection...
D, [2018-03-31T10:55:15.376975 #10414] DEBUG -- : -------> building new state...
D, [2018-03-31T10:55:15.377347 #10414] DEBUG -- : -------> building new state...
D, [2018-03-31T10:55:15.377614 #10414] DEBUG -- : -------> building selection...
D, [2018-03-31T10:55:15.377977 #10414] DEBUG -- : -------> building new state...
D, [2018-03-31T10:55:15.378122 #10414] DEBUG -- : -------> building new state...
D, [2018-03-31T10:55:15.378324 #10414] DEBUG -- : -------> building selection...
D, [2018-03-31T10:55:15.378667 #10414] DEBUG -- : -------> building new state...
D, [2018-03-31T10:55:15.378775 #10414] DEBUG -- : -------> building new state...
D, [2018-03-31T10:55:15.378990 #10414] DEBUG -- : -------> building selection...
D, [2018-03-31T10:55:15.379331 #10414] DEBUG -- : -------> building new state...
D, [2018-03-31T10:55:15.379446 #10414] DEBUG -- : -------> building new state...
D, [2018-03-31T10:55:15.379635 #10414] DEBUG -- : -------> building selection...
D, [2018-03-31T10:55:15.379975 #10414] DEBUG -- : -------> building new state...
D, [2018-03-31T10:55:15.380076 #10414] DEBUG -- : -------> building new state...
D, [2018-03-31T10:55:15.380277 #10414] DEBUG -- : -------> building selection...
D, [2018-03-31T10:55:15.380614 #10414] DEBUG -- : -------> building new state...
D, [2018-03-31T10:55:15.380724 #10414] DEBUG -- : -------> building new state...
D, [2018-03-31T10:55:15.380924 #10414] DEBUG -- : -------> building selection...
D, [2018-03-31T10:55:15.381267 #10414] DEBUG -- : -------> building new state...
D, [2018-03-31T10:55:15.381372 #10414] DEBUG -- : -------> building new state...
D, [2018-03-31T10:55:15.381568 #10414] DEBUG -- : -------> building selection...
D, [2018-03-31T10:55:15.381915 #10414] DEBUG -- : -------> building new state...
D, [2018-03-31T10:55:15.382015 #10414] DEBUG -- : -------> building new state...
D, [2018-03-31T10:55:15.382217 #10414] DEBUG -- : -------> building selection...
D, [2018-03-31T10:55:15.382605 #10414] DEBUG -- : -------> building new state...
D, [2018-03-31T10:55:15.382815 #10414] DEBUG -- : -------> building new state...
D, [2018-03-31T10:55:15.383058 #10414] DEBUG -- : -------> building selection...
D, [2018-03-31T10:55:15.383419 #10414] DEBUG -- : -------> building new state...
D, [2018-03-31T10:55:15.383530 #10414] DEBUG -- : -------> building new state...
D, [2018-03-31T10:55:15.383737 #10414] DEBUG -- : -------> building selection...
D, [2018-03-31T10:55:15.384067 #10414] DEBUG -- : -------> building new state...
D, [2018-03-31T10:55:15.384178 #10414] DEBUG -- : -------> building new state...
D, [2018-03-31T10:55:15.384382 #10414] DEBUG -- : -------> building selection...
D, [2018-03-31T10:55:15.384725 #10414] DEBUG -- : -------> building new state...
D, [2018-03-31T10:55:15.384837 #10414] DEBUG -- : -------> building new state...
D, [2018-03-31T10:55:15.385048 #10414] DEBUG -- : -------> building selection...
D, [2018-03-31T10:55:15.385386 #10414] DEBUG -- : -------> building new state...
D, [2018-03-31T10:55:15.385523 #10414] DEBUG -- : -------> building new state...
D, [2018-03-31T10:55:15.385741 #10414] DEBUG -- : -------> building selection...
D, [2018-03-31T10:55:15.386087 #10414] DEBUG -- : -------> building new state...
D, [2018-03-31T10:55:15.386193 #10414] DEBUG -- : -------> building new state...
D, [2018-03-31T10:55:15.386391 #10414] DEBUG -- : -------> building selection...
D, [2018-03-31T10:55:15.386723 #10414] DEBUG -- : -------> building new state...
D, [2018-03-31T10:55:15.386867 #10414] DEBUG -- : -------> building new state...
D, [2018-03-31T10:55:15.387123 #10414] DEBUG -- : -------> building selection...
D, [2018-03-31T10:55:15.387558 #10414] DEBUG -- : -------> building new state...
D, [2018-03-31T10:55:15.387663 #10414] DEBUG -- : -------> building new state...
D, [2018-03-31T10:55:15.387887 #10414] DEBUG -- : -------> building selection...
D, [2018-03-31T10:55:15.388242 #10414] DEBUG -- : -------> building new state...
D, [2018-03-31T10:55:15.388349 #10414] DEBUG -- : -------> building new state...
D, [2018-03-31T10:55:15.388538 #10414] DEBUG -- : -------> building selection...
D, [2018-03-31T10:55:15.388867 #10414] DEBUG -- : -------> building new state...
D, [2018-03-31T10:55:15.388982 #10414] DEBUG -- : -------> building new state...
D, [2018-03-31T10:55:15.389189 #10414] DEBUG -- : -------> building selection...
D, [2018-03-31T10:55:15.389533 #10414] DEBUG -- : -------> building new state...
D, [2018-03-31T10:55:15.389648 #10414] DEBUG -- : -------> building new state...
D, [2018-03-31T10:55:15.389847 #10414] DEBUG -- : -------> building selection...
D, [2018-03-31T10:55:15.390188 #10414] DEBUG -- : -------> building new state...
D, [2018-03-31T10:55:15.390302 #10414] DEBUG -- : -------> building new state...
D, [2018-03-31T10:55:15.390504 #10414] DEBUG -- : -------> building selection...
D, [2018-03-31T10:55:15.391547 #10414] DEBUG -- : -------> building new state...
D, [2018-03-31T10:55:15.391713 #10414] DEBUG -- : -------> building new state...
D, [2018-03-31T10:55:15.391914 #10414] DEBUG -- : -------> building selection...
D, [2018-03-31T10:55:15.392244 #10414] DEBUG -- : -------> building new state...
D, [2018-03-31T10:55:15.392343 #10414] DEBUG -- : -------> building new state...
D, [2018-03-31T10:55:15.392547 #10414] DEBUG -- : -------> building selection...
D, [2018-03-31T10:55:15.394788 #10414] DEBUG -- : -------> building new state...
D, [2018-03-31T10:55:15.395034 #10414] DEBUG -- : -------> building new state...
D, [2018-03-31T10:55:15.395283 #10414] DEBUG -- : -------> building selection...
D, [2018-03-31T10:55:15.395634 #10414] DEBUG -- : -------> building new state...
D, [2018-03-31T10:55:15.395743 #10414] DEBUG -- : -------> building new state...
D, [2018-03-31T10:55:15.395946 #10414] DEBUG -- : -------> building selection...
D, [2018-03-31T10:55:15.396369 #10414] DEBUG -- : -------> building new state...
D, [2018-03-31T10:55:15.396484 #10414] DEBUG -- : -------> building new state...
D, [2018-03-31T10:55:15.396681 #10414] DEBUG -- : -------> building selection...
D, [2018-03-31T10:55:15.397010 #10414] DEBUG -- : -------> building new state...
D, [2018-03-31T10:55:15.397119 #10414] DEBUG -- : -------> building new state...
D, [2018-03-31T10:55:15.397325 #10414] DEBUG -- : -------> building selection...
D, [2018-03-31T10:55:15.397672 #10414] DEBUG -- : -------> building new state...
D, [2018-03-31T10:55:15.397771 #10414] DEBUG -- : -------> building new state...
D, [2018-03-31T10:55:15.397970 #10414] DEBUG -- : -------> building selection...
D, [2018-03-31T10:55:15.398295 #10414] DEBUG -- : -------> building new state...
D, [2018-03-31T10:55:15.398393 #10414] DEBUG -- : -------> building new state...
D, [2018-03-31T10:55:15.398581 #10414] DEBUG -- : -------> building selection...
D, [2018-03-31T10:55:15.398957 #10414] DEBUG -- : -------> building new state...
D, [2018-03-31T10:55:15.399059 #10414] DEBUG -- : -------> building new state...
D, [2018-03-31T10:55:15.399249 #10414] DEBUG -- : -------> building selection...
D, [2018-03-31T10:55:15.399586 #10414] DEBUG -- : -------> building new state...
D, [2018-03-31T10:55:15.399688 #10414] DEBUG -- : -------> building new state...
D, [2018-03-31T10:55:15.399902 #10414] DEBUG -- : -------> building selection...
D, [2018-03-31T10:55:15.400232 #10414] DEBUG -- : -------> building new state...
D, [2018-03-31T10:55:15.400332 #10414] DEBUG -- : -------> building new state...
D, [2018-03-31T10:55:15.400521 #10414] DEBUG -- : -------> building selection...
D, [2018-03-31T10:55:15.400845 #10414] DEBUG -- : -------> building new state...
D, [2018-03-31T10:55:15.400947 #10414] DEBUG -- : -------> building new state...
D, [2018-03-31T10:55:15.401173 #10414] DEBUG -- : -------> building selection...
D, [2018-03-31T10:55:15.401497 #10414] DEBUG -- : -------> building new state...
D, [2018-03-31T10:55:15.401622 #10414] DEBUG -- : -------> building new state...
D, [2018-03-31T10:55:15.401823 #10414] DEBUG -- : -------> building selection...
D, [2018-03-31T10:55:15.402149 #10414] DEBUG -- : -------> building new state...
D, [2018-03-31T10:55:15.402247 #10414] DEBUG -- : -------> building new state...
D, [2018-03-31T10:55:15.402469 #10414] DEBUG -- : -------> building selection...
D, [2018-03-31T10:55:15.402792 #10414] DEBUG -- : -------> building new state...
D, [2018-03-31T10:55:15.402934 #10414] DEBUG -- : -------> building new state...
D, [2018-03-31T10:55:15.403129 #10414] DEBUG -- : -------> building selection...
D, [2018-03-31T10:55:15.403455 #10414] DEBUG -- : -------> building new state...
D, [2018-03-31T10:55:15.403558 #10414] DEBUG -- : -------> building new state...
D, [2018-03-31T10:55:15.403790 #10414] DEBUG -- : -------> building selection...
D, [2018-03-31T10:55:15.404116 #10414] DEBUG -- : -------> building new state...
D, [2018-03-31T10:55:15.404214 #10414] DEBUG -- : -------> building new state...
D, [2018-03-31T10:55:15.404422 #10414] DEBUG -- : -------> building selection...
D, [2018-03-31T10:55:15.404747 #10414] DEBUG -- : -------> building new state...
D, [2018-03-31T10:55:15.404848 #10414] DEBUG -- : -------> building new state...
D, [2018-03-31T10:55:15.405073 #10414] DEBUG -- : -------> building selection...
D, [2018-03-31T10:55:15.405406 #10414] DEBUG -- : -------> building new state...
D, [2018-03-31T10:55:15.405504 #10414] DEBUG -- : -------> building new state...
D, [2018-03-31T10:55:15.405695 #10414] DEBUG -- : scoring weighed rated selections...
D, [2018-03-31T10:55:15.405767 #10414] DEBUG -- : Saving scored selections...
D, [2018-03-31T10:55:15.413241 #10414] DEBUG -- : State Score successfully calculated


D, [2018-03-31T10:55:15.413312 #10414] DEBUG -- : Scoring new state: {:rating=>37, :state=>{:unknown=>0, :possibly_lighter=>1, :possibly_heavier=>0, :normal=>7}}
D, [2018-03-31T10:55:15.413338 #10414] DEBUG -- : State Score successfully calculated


D, [2018-03-31T10:55:15.413373 #10414] DEBUG -- : Scoring new state: {:rating=>37, :state=>{:unknown=>0, :possibly_lighter=>0, :possibly_heavier=>1, :normal=>7}}
D, [2018-03-31T10:55:15.413420 #10414] DEBUG -- : State Score successfully calculated


D, [2018-03-31T10:55:15.413447 #10414] DEBUG -- : Scoring new state: {:rating=>31, :state=>{:unknown=>0, :possibly_lighter=>3, :possibly_heavier=>0, :normal=>5}}
D, [2018-03-31T10:55:15.416146 #10414] DEBUG -- : calculating updated score for older state...
D, [2018-03-31T10:55:15.419548 #10414] DEBUG -- : generating weighed rated selections...
D, [2018-03-31T10:55:15.420598 #10414] DEBUG -- : -------> building selection...
D, [2018-03-31T10:55:15.421463 #10414] DEBUG -- : -------> building new state...
D, [2018-03-31T10:55:15.421930 #10414] DEBUG -- : -------> building selection...
D, [2018-03-31T10:55:15.422284 #10414] DEBUG -- : -------> building new state...
D, [2018-03-31T10:55:15.422478 #10414] DEBUG -- : -------> building selection...
D, [2018-03-31T10:55:15.422819 #10414] DEBUG -- : -------> building new state...
D, [2018-03-31T10:55:15.423021 #10414] DEBUG -- : -------> building selection...
D, [2018-03-31T10:55:15.423381 #10414] DEBUG -- : -------> building new state...
D, [2018-03-31T10:55:15.423498 #10414] DEBUG -- : -------> building new state...
D, [2018-03-31T10:55:15.423684 #10414] DEBUG -- : -------> building selection...
D, [2018-03-31T10:55:15.424007 #10414] DEBUG -- : -------> building new state...
D, [2018-03-31T10:55:15.424111 #10414] DEBUG -- : -------> building new state...
D, [2018-03-31T10:55:15.424329 #10414] DEBUG -- : -------> building selection...
D, [2018-03-31T10:55:15.424689 #10414] DEBUG -- : -------> building new state...
D, [2018-03-31T10:55:15.424789 #10414] DEBUG -- : -------> building new state...
D, [2018-03-31T10:55:15.425020 #10414] DEBUG -- : -------> building selection...
D, [2018-03-31T10:55:15.425403 #10414] DEBUG -- : -------> building new state...
D, [2018-03-31T10:55:15.425592 #10414] DEBUG -- : -------> building new state...
D, [2018-03-31T10:55:15.425809 #10414] DEBUG -- : -------> building selection...
D, [2018-03-31T10:55:15.426183 #10414] DEBUG -- : -------> building new state...
D, [2018-03-31T10:55:15.426288 #10414] DEBUG -- : -------> building new state...
D, [2018-03-31T10:55:15.426483 #10414] DEBUG -- : -------> building selection...
D, [2018-03-31T10:55:15.426835 #10414] DEBUG -- : -------> building new state...
D, [2018-03-31T10:55:15.426940 #10414] DEBUG -- : -------> building new state...
D, [2018-03-31T10:55:15.427137 #10414] DEBUG -- : -------> building selection...
D, [2018-03-31T10:55:15.427501 #10414] DEBUG -- : -------> building new state...
D, [2018-03-31T10:55:15.427605 #10414] DEBUG -- : -------> building new state...
D, [2018-03-31T10:55:15.427794 #10414] DEBUG -- : -------> building selection...
D, [2018-03-31T10:55:15.428123 #10414] DEBUG -- : -------> building new state...
D, [2018-03-31T10:55:15.428228 #10414] DEBUG -- : -------> building new state...
D, [2018-03-31T10:55:15.428452 #10414] DEBUG -- : -------> building selection...
D, [2018-03-31T10:55:15.428802 #10414] DEBUG -- : -------> building new state...
D, [2018-03-31T10:55:15.428923 #10414] DEBUG -- : -------> building new state...
D, [2018-03-31T10:55:15.429118 #10414] DEBUG -- : -------> building selection...
D, [2018-03-31T10:55:15.429452 #10414] DEBUG -- : -------> building new state...
D, [2018-03-31T10:55:15.429564 #10414] DEBUG -- : -------> building new state...
D, [2018-03-31T10:55:15.429788 #10414] DEBUG -- : -------> building selection...
D, [2018-03-31T10:55:15.430121 #10414] DEBUG -- : -------> building new state...
D, [2018-03-31T10:55:15.430251 #10414] DEBUG -- : -------> building new state...
D, [2018-03-31T10:55:15.430500 #10414] DEBUG -- : -------> building selection...
D, [2018-03-31T10:55:15.430971 #10414] DEBUG -- : -------> building new state...
D, [2018-03-31T10:55:15.431112 #10414] DEBUG -- : -------> building new state...
D, [2018-03-31T10:55:15.431316 #10414] DEBUG -- : -------> building selection...
D, [2018-03-31T10:55:15.431656 #10414] DEBUG -- : -------> building new state...
D, [2018-03-31T10:55:15.431760 #10414] DEBUG -- : -------> building new state...
D, [2018-03-31T10:55:15.431949 #10414] DEBUG -- : -------> building selection...
D, [2018-03-31T10:55:15.432278 #10414] DEBUG -- : -------> building new state...
D, [2018-03-31T10:55:15.432406 #10414] DEBUG -- : -------> building new state...
D, [2018-03-31T10:55:15.432636 #10414] DEBUG -- : -------> building selection...
D, [2018-03-31T10:55:15.432973 #10414] DEBUG -- : -------> building new state...
D, [2018-03-31T10:55:15.433075 #10414] DEBUG -- : -------> building new state...
D, [2018-03-31T10:55:15.433267 #10414] DEBUG -- : -------> building selection...
D, [2018-03-31T10:55:15.433626 #10414] DEBUG -- : -------> building new state...
D, [2018-03-31T10:55:15.433728 #10414] DEBUG -- : -------> building new state...
D, [2018-03-31T10:55:15.433919 #10414] DEBUG -- : scoring weighed rated selections...
D, [2018-03-31T10:55:15.433967 #10414] DEBUG -- : Saving scored selections...
D, [2018-03-31T10:55:15.438111 #10414] DEBUG -- : State Score successfully calculated


D, [2018-03-31T10:55:15.438189 #10414] DEBUG -- : Scoring new state: {:rating=>37, :state=>{:unknown=>0, :possibly_lighter=>0, :possibly_heavier=>1, :normal=>7}}
D, [2018-03-31T10:55:15.438213 #10414] DEBUG -- : State Score successfully calculated


D, [2018-03-31T10:55:15.438240 #10414] DEBUG -- : Scoring new state: {:rating=>31, :state=>{:unknown=>0, :possibly_lighter=>3, :possibly_heavier=>0, :normal=>5}}
D, [2018-03-31T10:55:15.440920 #10414] DEBUG -- : calculating updated score for older state...
D, [2018-03-31T10:55:15.444375 #10414] DEBUG -- : generating weighed rated selections...
D, [2018-03-31T10:55:15.445395 #10414] DEBUG -- : -------> building selection...
D, [2018-03-31T10:55:15.446307 #10414] DEBUG -- : -------> building new state...
D, [2018-03-31T10:55:15.446686 #10414] DEBUG -- : -------> building selection...
D, [2018-03-31T10:55:15.447081 #10414] DEBUG -- : -------> building new state...
D, [2018-03-31T10:55:15.447294 #10414] DEBUG -- : -------> building selection...
D, [2018-03-31T10:55:15.447625 #10414] DEBUG -- : -------> building new state...
D, [2018-03-31T10:55:15.447819 #10414] DEBUG -- : -------> building selection...
D, [2018-03-31T10:55:15.448156 #10414] DEBUG -- : -------> building new state...
D, [2018-03-31T10:55:15.448290 #10414] DEBUG -- : -------> building new state...
D, [2018-03-31T10:55:15.448483 #10414] DEBUG -- : -------> building selection...
D, [2018-03-31T10:55:15.448818 #10414] DEBUG -- : -------> building new state...
D, [2018-03-31T10:55:15.448920 #10414] DEBUG -- : -------> building new state...
D, [2018-03-31T10:55:15.449111 #10414] DEBUG -- : -------> building selection...
D, [2018-03-31T10:55:15.449534 #10414] DEBUG -- : -------> building new state...
D, [2018-03-31T10:55:15.449680 #10414] DEBUG -- : -------> building new state...
D, [2018-03-31T10:55:15.449895 #10414] DEBUG -- : -------> building selection...
D, [2018-03-31T10:55:15.450227 #10414] DEBUG -- : -------> building new state...
D, [2018-03-31T10:55:15.450357 #10414] DEBUG -- : -------> building new state...
D, [2018-03-31T10:55:15.450556 #10414] DEBUG -- : -------> building selection...
D, [2018-03-31T10:55:15.450939 #10414] DEBUG -- : -------> building new state...
D, [2018-03-31T10:55:15.451054 #10414] DEBUG -- : -------> building new state...
D, [2018-03-31T10:55:15.451248 #10414] DEBUG -- : -------> building selection...
D, [2018-03-31T10:55:15.451608 #10414] DEBUG -- : -------> building new state...
D, [2018-03-31T10:55:15.451709 #10414] DEBUG -- : -------> building new state...
D, [2018-03-31T10:55:15.451917 #10414] DEBUG -- : -------> building selection...
D, [2018-03-31T10:55:15.452325 #10414] DEBUG -- : -------> building new state...
D, [2018-03-31T10:55:15.452431 #10414] DEBUG -- : -------> building new state...
D, [2018-03-31T10:55:15.452628 #10414] DEBUG -- : -------> building selection...
D, [2018-03-31T10:55:15.452949 #10414] DEBUG -- : -------> building new state...
D, [2018-03-31T10:55:15.453095 #10414] DEBUG -- : -------> building new state...
D, [2018-03-31T10:55:15.453300 #10414] DEBUG -- : -------> building selection...
D, [2018-03-31T10:55:15.453634 #10414] DEBUG -- : -------> building new state...
D, [2018-03-31T10:55:15.453735 #10414] DEBUG -- : -------> building new state...
D, [2018-03-31T10:55:15.453999 #10414] DEBUG -- : -------> building selection...
D, [2018-03-31T10:55:15.454351 #10414] DEBUG -- : -------> building new state...
D, [2018-03-31T10:55:15.454453 #10414] DEBUG -- : -------> building new state...
D, [2018-03-31T10:55:15.454638 #10414] DEBUG -- : -------> building selection...
D, [2018-03-31T10:55:15.454988 #10414] DEBUG -- : -------> building new state...
D, [2018-03-31T10:55:15.455149 #10414] DEBUG -- : -------> building new state...
D, [2018-03-31T10:55:15.455354 #10414] DEBUG -- : -------> building selection...
D, [2018-03-31T10:55:15.455687 #10414] DEBUG -- : -------> building new state...
D, [2018-03-31T10:55:15.455787 #10414] DEBUG -- : -------> building new state...
D, [2018-03-31T10:55:15.455975 #10414] DEBUG -- : -------> building selection...
D, [2018-03-31T10:55:15.456369 #10414] DEBUG -- : -------> building new state...
D, [2018-03-31T10:55:15.456475 #10414] DEBUG -- : -------> building new state...
D, [2018-03-31T10:55:15.456660 #10414] DEBUG -- : -------> building selection...
D, [2018-03-31T10:55:15.456982 #10414] DEBUG -- : -------> building new state...
D, [2018-03-31T10:55:15.457079 #10414] DEBUG -- : -------> building new state...
D, [2018-03-31T10:55:15.457307 #10414] DEBUG -- : -------> building selection...
D, [2018-03-31T10:55:15.457647 #10414] DEBUG -- : -------> building new state...
D, [2018-03-31T10:55:15.457749 #10414] DEBUG -- : -------> building new state...
D, [2018-03-31T10:55:15.457936 #10414] DEBUG -- : -------> building selection...
D, [2018-03-31T10:55:15.458317 #10414] DEBUG -- : -------> building new state...
D, [2018-03-31T10:55:15.458422 #10414] DEBUG -- : -------> building new state...
D, [2018-03-31T10:55:15.458614 #10414] DEBUG -- : scoring weighed rated selections...
D, [2018-03-31T10:55:15.458663 #10414] DEBUG -- : Saving scored selections...
D, [2018-03-31T10:55:15.462794 #10414] DEBUG -- : State Score successfully calculated


D, [2018-03-31T10:55:15.462879 #10414] DEBUG -- : Scoring new state: {:rating=>31, :state=>{:unknown=>0, :possibly_lighter=>2, :possibly_heavier=>1, :normal=>5}}
D, [2018-03-31T10:55:15.465524 #10414] DEBUG -- : calculating updated score for older state...
D, [2018-03-31T10:55:15.469032 #10414] DEBUG -- : generating weighed rated selections...
D, [2018-03-31T10:55:15.470099 #10414] DEBUG -- : -------> building selection...
D, [2018-03-31T10:55:15.471047 #10414] DEBUG -- : -------> building new state...
D, [2018-03-31T10:55:15.471349 #10414] DEBUG -- : -------> building new state...
D, [2018-03-31T10:55:15.471613 #10414] DEBUG -- : -------> building selection...
D, [2018-03-31T10:55:15.472054 #10414] DEBUG -- : -------> building new state...
D, [2018-03-31T10:55:15.472166 #10414] DEBUG -- : -------> building new state...
D, [2018-03-31T10:55:15.472441 #10414] DEBUG -- : -------> building selection...
D, [2018-03-31T10:55:15.474737 #10414] DEBUG -- : -------> building new state...
D, [2018-03-31T10:55:15.474925 #10414] DEBUG -- : -------> building new state...
D, [2018-03-31T10:55:15.475158 #10414] DEBUG -- : -------> building selection...
D, [2018-03-31T10:55:15.475493 #10414] DEBUG -- : -------> building new state...
D, [2018-03-31T10:55:15.475630 #10414] DEBUG -- : -------> building new state...
D, [2018-03-31T10:55:15.475841 #10414] DEBUG -- : -------> building selection...
D, [2018-03-31T10:55:15.476165 #10414] DEBUG -- : -------> building new state...
D, [2018-03-31T10:55:15.476266 #10414] DEBUG -- : -------> building new state...
D, [2018-03-31T10:55:15.476454 #10414] DEBUG -- : -------> building selection...
D, [2018-03-31T10:55:15.476819 #10414] DEBUG -- : -------> building new state...
D, [2018-03-31T10:55:15.476920 #10414] DEBUG -- : -------> building new state...
D, [2018-03-31T10:55:15.477108 #10414] DEBUG -- : -------> building selection...
D, [2018-03-31T10:55:15.477431 #10414] DEBUG -- : -------> building new state...
D, [2018-03-31T10:55:15.477531 #10414] DEBUG -- : -------> building new state...
D, [2018-03-31T10:55:15.477718 #10414] DEBUG -- : -------> building selection...
D, [2018-03-31T10:55:15.478116 #10414] DEBUG -- : -------> building new state...
D, [2018-03-31T10:55:15.478232 #10414] DEBUG -- : -------> building new state...
D, [2018-03-31T10:55:15.478423 #10414] DEBUG -- : -------> building selection...
D, [2018-03-31T10:55:15.478748 #10414] DEBUG -- : -------> building new state...
D, [2018-03-31T10:55:15.478856 #10414] DEBUG -- : -------> building new state...
D, [2018-03-31T10:55:15.479084 #10414] DEBUG -- : -------> building selection...
D, [2018-03-31T10:55:15.479405 #10414] DEBUG -- : -------> building new state...
D, [2018-03-31T10:55:15.479507 #10414] DEBUG -- : -------> building new state...
D, [2018-03-31T10:55:15.479700 #10414] DEBUG -- : -------> building selection...
D, [2018-03-31T10:55:15.480057 #10414] DEBUG -- : -------> building new state...
D, [2018-03-31T10:55:15.480158 #10414] DEBUG -- : -------> building new state...
D, [2018-03-31T10:55:15.480453 #10414] DEBUG -- : -------> building selection...
D, [2018-03-31T10:55:15.480795 #10414] DEBUG -- : -------> building new state...
D, [2018-03-31T10:55:15.480893 #10414] DEBUG -- : -------> building new state...
D, [2018-03-31T10:55:15.481090 #10414] DEBUG -- : -------> building selection...
D, [2018-03-31T10:55:15.481453 #10414] DEBUG -- : -------> building new state...
D, [2018-03-31T10:55:15.481585 #10414] DEBUG -- : -------> building new state...
D, [2018-03-31T10:55:15.481798 #10414] DEBUG -- : -------> building selection...
D, [2018-03-31T10:55:15.482149 #10414] DEBUG -- : -------> building new state...
D, [2018-03-31T10:55:15.482253 #10414] DEBUG -- : -------> building new state...
D, [2018-03-31T10:55:15.482459 #10414] DEBUG -- : -------> building selection...
D, [2018-03-31T10:55:15.482798 #10414] DEBUG -- : -------> building new state...
D, [2018-03-31T10:55:15.482909 #10414] DEBUG -- : -------> building new state...
D, [2018-03-31T10:55:15.483099 #10414] DEBUG -- : -------> building selection...
D, [2018-03-31T10:55:15.483469 #10414] DEBUG -- : -------> building new state...
D, [2018-03-31T10:55:15.483569 #10414] DEBUG -- : -------> building new state...
D, [2018-03-31T10:55:15.483756 #10414] DEBUG -- : -------> building selection...
D, [2018-03-31T10:55:15.484079 #10414] DEBUG -- : -------> building new state...
D, [2018-03-31T10:55:15.484211 #10414] DEBUG -- : -------> building new state...
D, [2018-03-31T10:55:15.484403 #10414] DEBUG -- : -------> building selection...
D, [2018-03-31T10:55:15.484722 #10414] DEBUG -- : -------> building new state...
D, [2018-03-31T10:55:15.484819 #10414] DEBUG -- : -------> building new state...
D, [2018-03-31T10:55:15.485014 #10414] DEBUG -- : -------> building selection...
D, [2018-03-31T10:55:15.485365 #10414] DEBUG -- : -------> building new state...
D, [2018-03-31T10:55:15.485472 #10414] DEBUG -- : -------> building new state...
D, [2018-03-31T10:55:15.485684 #10414] DEBUG -- : -------> building selection...
D, [2018-03-31T10:55:15.486006 #10414] DEBUG -- : -------> building new state...
D, [2018-03-31T10:55:15.486104 #10414] DEBUG -- : -------> building new state...
D, [2018-03-31T10:55:15.486293 #10414] DEBUG -- : -------> building selection...
D, [2018-03-31T10:55:15.486650 #10414] DEBUG -- : -------> building new state...
D, [2018-03-31T10:55:15.486748 #10414] DEBUG -- : -------> building new state...
D, [2018-03-31T10:55:15.486945 #10414] DEBUG -- : -------> building selection...
D, [2018-03-31T10:55:15.487271 #10414] DEBUG -- : -------> building new state...
D, [2018-03-31T10:55:15.487368 #10414] DEBUG -- : -------> building new state...
D, [2018-03-31T10:55:15.487554 #10414] DEBUG -- : -------> building selection...
D, [2018-03-31T10:55:15.487917 #10414] DEBUG -- : -------> building new state...
D, [2018-03-31T10:55:15.488016 #10414] DEBUG -- : -------> building new state...
D, [2018-03-31T10:55:15.488202 #10414] DEBUG -- : -------> building selection...
D, [2018-03-31T10:55:15.488526 #10414] DEBUG -- : -------> building new state...
D, [2018-03-31T10:55:15.488628 #10414] DEBUG -- : -------> building new state...
D, [2018-03-31T10:55:15.488843 #10414] DEBUG -- : -------> building selection...
D, [2018-03-31T10:55:15.489166 #10414] DEBUG -- : -------> building new state...
D, [2018-03-31T10:55:15.489276 #10414] DEBUG -- : -------> building new state...
D, [2018-03-31T10:55:15.489464 #10414] DEBUG -- : -------> building selection...
D, [2018-03-31T10:55:15.489812 #10414] DEBUG -- : -------> building new state...
D, [2018-03-31T10:55:15.489919 #10414] DEBUG -- : -------> building new state...
D, [2018-03-31T10:55:15.490111 #10414] DEBUG -- : -------> building selection...
D, [2018-03-31T10:55:15.490429 #10414] DEBUG -- : -------> building new state...
D, [2018-03-31T10:55:15.490525 #10414] DEBUG -- : -------> building new state...
D, [2018-03-31T10:55:15.490715 #10414] DEBUG -- : -------> building selection...
D, [2018-03-31T10:55:15.491075 #10414] DEBUG -- : -------> building new state...
D, [2018-03-31T10:55:15.491175 #10414] DEBUG -- : -------> building new state...
D, [2018-03-31T10:55:15.491364 #10414] DEBUG -- : -------> building selection...
D, [2018-03-31T10:55:15.491689 #10414] DEBUG -- : -------> building new state...
D, [2018-03-31T10:55:15.491813 #10414] DEBUG -- : -------> building new state...
D, [2018-03-31T10:55:15.492004 #10414] DEBUG -- : -------> building selection...
D, [2018-03-31T10:55:15.492380 #10414] DEBUG -- : -------> building new state...
D, [2018-03-31T10:55:15.492592 #10414] DEBUG -- : -------> building new state...
D, [2018-03-31T10:55:15.492806 #10414] DEBUG -- : -------> building selection...
D, [2018-03-31T10:55:15.493175 #10414] DEBUG -- : -------> building new state...
D, [2018-03-31T10:55:15.493311 #10414] DEBUG -- : -------> building new state...
D, [2018-03-31T10:55:15.493513 #10414] DEBUG -- : -------> building selection...
D, [2018-03-31T10:55:15.493836 #10414] DEBUG -- : -------> building new state...
D, [2018-03-31T10:55:15.493935 #10414] DEBUG -- : -------> building new state...
D, [2018-03-31T10:55:15.494122 #10414] DEBUG -- : -------> building selection...
D, [2018-03-31T10:55:15.494463 #10414] DEBUG -- : -------> building new state...
D, [2018-03-31T10:55:15.494561 #10414] DEBUG -- : -------> building new state...
D, [2018-03-31T10:55:15.494748 #10414] DEBUG -- : -------> building selection...
D, [2018-03-31T10:55:15.495138 #10414] DEBUG -- : -------> building new state...
D, [2018-03-31T10:55:15.495241 #10414] DEBUG -- : -------> building new state...
D, [2018-03-31T10:55:15.495432 #10414] DEBUG -- : -------> building selection...
D, [2018-03-31T10:55:15.495757 #10414] DEBUG -- : -------> building new state...
D, [2018-03-31T10:55:15.495855 #10414] DEBUG -- : -------> building new state...
D, [2018-03-31T10:55:15.496044 #10414] DEBUG -- : -------> building selection...
D, [2018-03-31T10:55:15.496419 #10414] DEBUG -- : -------> building new state...
D, [2018-03-31T10:55:15.496522 #10414] DEBUG -- : -------> building new state...
D, [2018-03-31T10:55:15.496710 #10414] DEBUG -- : -------> building selection...
D, [2018-03-31T10:55:15.497036 #10414] DEBUG -- : -------> building new state...
D, [2018-03-31T10:55:15.497136 #10414] DEBUG -- : -------> building new state...
D, [2018-03-31T10:55:15.497325 #10414] DEBUG -- : -------> building selection...
D, [2018-03-31T10:55:15.497699 #10414] DEBUG -- : -------> building new state...
D, [2018-03-31T10:55:15.497803 #10414] DEBUG -- : -------> building new state...
D, [2018-03-31T10:55:15.497989 #10414] DEBUG -- : -------> building selection...
D, [2018-03-31T10:55:15.498314 #10414] DEBUG -- : -------> building new state...
D, [2018-03-31T10:55:15.498412 #10414] DEBUG -- : -------> building new state...
D, [2018-03-31T10:55:15.498602 #10414] DEBUG -- : scoring weighed rated selections...
D, [2018-03-31T10:55:15.498705 #10414] DEBUG -- : Saving scored selections...
D, [2018-03-31T10:55:15.506450 #10414] DEBUG -- : State Score successfully calculated


D, [2018-03-31T10:55:15.506525 #10414] DEBUG -- : Scoring new state: {:rating=>37, :state=>{:unknown=>0, :possibly_lighter=>1, :possibly_heavier=>0, :normal=>7}}
D, [2018-03-31T10:55:15.506551 #10414] DEBUG -- : State Score successfully calculated


D, [2018-03-31T10:55:15.506587 #10414] DEBUG -- : Scoring new state: {:rating=>31, :state=>{:unknown=>0, :possibly_lighter=>2, :possibly_heavier=>1, :normal=>5}}
D, [2018-03-31T10:55:15.509313 #10414] DEBUG -- : calculating updated score for older state...
D, [2018-03-31T10:55:15.512816 #10414] DEBUG -- : generating weighed rated selections...
D, [2018-03-31T10:55:15.513916 #10414] DEBUG -- : -------> building selection...
D, [2018-03-31T10:55:15.514857 #10414] DEBUG -- : -------> building new state...
D, [2018-03-31T10:55:15.515185 #10414] DEBUG -- : -------> building new state...
D, [2018-03-31T10:55:15.515437 #10414] DEBUG -- : -------> building selection...
D, [2018-03-31T10:55:15.515796 #10414] DEBUG -- : -------> building new state...
D, [2018-03-31T10:55:15.515913 #10414] DEBUG -- : -------> building new state...
D, [2018-03-31T10:55:15.516115 #10414] DEBUG -- : -------> building selection...
D, [2018-03-31T10:55:15.516544 #10414] DEBUG -- : -------> building new state...
D, [2018-03-31T10:55:15.516787 #10414] DEBUG -- : -------> building new state...
D, [2018-03-31T10:55:15.517020 #10414] DEBUG -- : -------> building selection...
D, [2018-03-31T10:55:15.517424 #10414] DEBUG -- : -------> building new state...
D, [2018-03-31T10:55:15.517563 #10414] DEBUG -- : -------> building new state...
D, [2018-03-31T10:55:15.517771 #10414] DEBUG -- : -------> building selection...
D, [2018-03-31T10:55:15.518197 #10414] DEBUG -- : -------> building new state...
D, [2018-03-31T10:55:15.518312 #10414] DEBUG -- : -------> building new state...
D, [2018-03-31T10:55:15.518512 #10414] DEBUG -- : -------> building selection...
D, [2018-03-31T10:55:15.518864 #10414] DEBUG -- : -------> building new state...
D, [2018-03-31T10:55:15.518985 #10414] DEBUG -- : -------> building new state...
D, [2018-03-31T10:55:15.519184 #10414] DEBUG -- : -------> building selection...
D, [2018-03-31T10:55:15.519547 #10414] DEBUG -- : -------> building new state...
D, [2018-03-31T10:55:15.519677 #10414] DEBUG -- : -------> building new state...
D, [2018-03-31T10:55:15.519868 #10414] DEBUG -- : -------> building selection...
D, [2018-03-31T10:55:15.520194 #10414] DEBUG -- : -------> building new state...
D, [2018-03-31T10:55:15.520292 #10414] DEBUG -- : -------> building new state...
D, [2018-03-31T10:55:15.520495 #10414] DEBUG -- : -------> building selection...
D, [2018-03-31T10:55:15.520852 #10414] DEBUG -- : -------> building new state...
D, [2018-03-31T10:55:15.520950 #10414] DEBUG -- : -------> building new state...
D, [2018-03-31T10:55:15.521149 #10414] DEBUG -- : -------> building selection...
D, [2018-03-31T10:55:15.521483 #10414] DEBUG -- : -------> building new state...
D, [2018-03-31T10:55:15.521581 #10414] DEBUG -- : -------> building new state...
D, [2018-03-31T10:55:15.521769 #10414] DEBUG -- : -------> building selection...
D, [2018-03-31T10:55:15.522132 #10414] DEBUG -- : -------> building new state...
D, [2018-03-31T10:55:15.522238 #10414] DEBUG -- : -------> building new state...
D, [2018-03-31T10:55:15.522425 #10414] DEBUG -- : -------> building selection...
D, [2018-03-31T10:55:15.522753 #10414] DEBUG -- : -------> building new state...
D, [2018-03-31T10:55:15.522869 #10414] DEBUG -- : -------> building new state...
D, [2018-03-31T10:55:15.523063 #10414] DEBUG -- : -------> building selection...
D, [2018-03-31T10:55:15.523425 #10414] DEBUG -- : -------> building new state...
D, [2018-03-31T10:55:15.523531 #10414] DEBUG -- : -------> building new state...
D, [2018-03-31T10:55:15.523720 #10414] DEBUG -- : -------> building selection...
D, [2018-03-31T10:55:15.524042 #10414] DEBUG -- : -------> building new state...
D, [2018-03-31T10:55:15.524146 #10414] DEBUG -- : -------> building new state...
D, [2018-03-31T10:55:15.524360 #10414] DEBUG -- : -------> building selection...
D, [2018-03-31T10:55:15.524687 #10414] DEBUG -- : -------> building new state...
D, [2018-03-31T10:55:15.524785 #10414] DEBUG -- : -------> building new state...
D, [2018-03-31T10:55:15.524978 #10414] DEBUG -- : -------> building selection...
D, [2018-03-31T10:55:15.525303 #10414] DEBUG -- : -------> building new state...
D, [2018-03-31T10:55:15.525438 #10414] DEBUG -- : -------> building new state...
D, [2018-03-31T10:55:15.525633 #10414] DEBUG -- : -------> building selection...
D, [2018-03-31T10:55:15.525960 #10414] DEBUG -- : -------> building new state...
D, [2018-03-31T10:55:15.526062 #10414] DEBUG -- : -------> building new state...
D, [2018-03-31T10:55:15.526250 #10414] DEBUG -- : -------> building selection...
D, [2018-03-31T10:55:15.526597 #10414] DEBUG -- : -------> building new state...
D, [2018-03-31T10:55:15.526695 #10414] DEBUG -- : -------> building new state...
D, [2018-03-31T10:55:15.526895 #10414] DEBUG -- : -------> building selection...
D, [2018-03-31T10:55:15.527230 #10414] DEBUG -- : -------> building new state...
D, [2018-03-31T10:55:15.527363 #10414] DEBUG -- : -------> building new state...
D, [2018-03-31T10:55:15.527557 #10414] DEBUG -- : -------> building selection...
D, [2018-03-31T10:55:15.527883 #10414] DEBUG -- : -------> building new state...
D, [2018-03-31T10:55:15.527989 #10414] DEBUG -- : -------> building new state...
D, [2018-03-31T10:55:15.528177 #10414] DEBUG -- : -------> building selection...
D, [2018-03-31T10:55:15.528501 #10414] DEBUG -- : -------> building new state...
D, [2018-03-31T10:55:15.528625 #10414] DEBUG -- : -------> building new state...
D, [2018-03-31T10:55:15.528818 #10414] DEBUG -- : -------> building selection...
D, [2018-03-31T10:55:15.529140 #10414] DEBUG -- : -------> building new state...
D, [2018-03-31T10:55:15.529237 #10414] DEBUG -- : -------> building new state...
D, [2018-03-31T10:55:15.529424 #10414] DEBUG -- : -------> building selection...
D, [2018-03-31T10:55:15.529748 #10414] DEBUG -- : -------> building new state...
D, [2018-03-31T10:55:15.529873 #10414] DEBUG -- : -------> building new state...
D, [2018-03-31T10:55:15.530066 #10414] DEBUG -- : -------> building selection...
D, [2018-03-31T10:55:15.530391 #10414] DEBUG -- : -------> building new state...
D, [2018-03-31T10:55:15.530491 #10414] DEBUG -- : -------> building new state...
D, [2018-03-31T10:55:15.530676 #10414] DEBUG -- : -------> building selection...
D, [2018-03-31T10:55:15.531068 #10414] DEBUG -- : -------> building new state...
D, [2018-03-31T10:55:15.531173 #10414] DEBUG -- : -------> building new state...
D, [2018-03-31T10:55:15.531362 #10414] DEBUG -- : -------> building selection...
D, [2018-03-31T10:55:15.531685 #10414] DEBUG -- : -------> building new state...
D, [2018-03-31T10:55:15.531783 #10414] DEBUG -- : -------> building new state...
D, [2018-03-31T10:55:15.531971 #10414] DEBUG -- : -------> building selection...
D, [2018-03-31T10:55:15.532328 #10414] DEBUG -- : -------> building new state...
D, [2018-03-31T10:55:15.532427 #10414] DEBUG -- : -------> building new state...
D, [2018-03-31T10:55:15.532614 #10414] DEBUG -- : -------> building selection...
D, [2018-03-31T10:55:15.532936 #10414] DEBUG -- : -------> building new state...
D, [2018-03-31T10:55:15.533034 #10414] DEBUG -- : -------> building new state...
D, [2018-03-31T10:55:15.533226 #10414] DEBUG -- : -------> building selection...
D, [2018-03-31T10:55:15.533604 #10414] DEBUG -- : -------> building new state...
D, [2018-03-31T10:55:15.533705 #10414] DEBUG -- : -------> building new state...
D, [2018-03-31T10:55:15.533891 #10414] DEBUG -- : -------> building selection...
D, [2018-03-31T10:55:15.534214 #10414] DEBUG -- : -------> building new state...
D, [2018-03-31T10:55:15.534369 #10414] DEBUG -- : -------> building new state...
D, [2018-03-31T10:55:15.534575 #10414] DEBUG -- : -------> building selection...
D, [2018-03-31T10:55:15.534944 #10414] DEBUG -- : -------> building new state...
D, [2018-03-31T10:55:15.535048 #10414] DEBUG -- : -------> building new state...
D, [2018-03-31T10:55:15.535239 #10414] DEBUG -- : -------> building selection...
D, [2018-03-31T10:55:15.535632 #10414] DEBUG -- : -------> building new state...
D, [2018-03-31T10:55:15.535737 #10414] DEBUG -- : -------> building new state...
D, [2018-03-31T10:55:15.535925 #10414] DEBUG -- : -------> building selection...
D, [2018-03-31T10:55:15.536264 #10414] DEBUG -- : -------> building new state...
D, [2018-03-31T10:55:15.536391 #10414] DEBUG -- : -------> building new state...
D, [2018-03-31T10:55:15.536840 #10414] DEBUG -- : -------> building selection...
D, [2018-03-31T10:55:15.537221 #10414] DEBUG -- : -------> building new state...
D, [2018-03-31T10:55:15.537324 #10414] DEBUG -- : -------> building new state...
D, [2018-03-31T10:55:15.537523 #10414] DEBUG -- : -------> building selection...
D, [2018-03-31T10:55:15.539839 #10414] DEBUG -- : -------> building new state...
D, [2018-03-31T10:55:15.540033 #10414] DEBUG -- : -------> building new state...
D, [2018-03-31T10:55:15.540281 #10414] DEBUG -- : -------> building selection...
D, [2018-03-31T10:55:15.540722 #10414] DEBUG -- : -------> building new state...
D, [2018-03-31T10:55:15.540844 #10414] DEBUG -- : -------> building new state...
D, [2018-03-31T10:55:15.541066 #10414] DEBUG -- : -------> building selection...
D, [2018-03-31T10:55:15.541417 #10414] DEBUG -- : -------> building new state...
D, [2018-03-31T10:55:15.541523 #10414] DEBUG -- : -------> building new state...
D, [2018-03-31T10:55:15.541716 #10414] DEBUG -- : -------> building selection...
D, [2018-03-31T10:55:15.542065 #10414] DEBUG -- : -------> building new state...
D, [2018-03-31T10:55:15.542166 #10414] DEBUG -- : -------> building new state...
D, [2018-03-31T10:55:15.542353 #10414] DEBUG -- : -------> building selection...
D, [2018-03-31T10:55:15.542702 #10414] DEBUG -- : -------> building new state...
D, [2018-03-31T10:55:15.542813 #10414] DEBUG -- : -------> building new state...
D, [2018-03-31T10:55:15.543012 #10414] DEBUG -- : scoring weighed rated selections...
D, [2018-03-31T10:55:15.543093 #10414] DEBUG -- : Saving scored selections...
D, [2018-03-31T10:55:15.550822 #10414] DEBUG -- : State Score successfully calculated


D, [2018-03-31T10:55:15.550889 #10414] DEBUG -- : Scoring new state: {:rating=>37, :state=>{:unknown=>0, :possibly_lighter=>1, :possibly_heavier=>0, :normal=>7}}
D, [2018-03-31T10:55:15.550914 #10414] DEBUG -- : State Score successfully calculated


D, [2018-03-31T10:55:15.550950 #10414] DEBUG -- : Scoring new state: {:rating=>37, :state=>{:unknown=>0, :possibly_lighter=>0, :possibly_heavier=>1, :normal=>7}}
D, [2018-03-31T10:55:15.550971 #10414] DEBUG -- : State Score successfully calculated


D, [2018-03-31T10:55:15.550995 #10414] DEBUG -- : Scoring new state: {:rating=>31, :state=>{:unknown=>0, :possibly_lighter=>3, :possibly_heavier=>0, :normal=>5}}
D, [2018-03-31T10:55:15.553656 #10414] DEBUG -- : calculating updated score for older state...
D, [2018-03-31T10:55:15.557180 #10414] DEBUG -- : generating weighed rated selections...
D, [2018-03-31T10:55:15.558225 #10414] DEBUG -- : -------> building selection...
D, [2018-03-31T10:55:15.559208 #10414] DEBUG -- : -------> building new state...
D, [2018-03-31T10:55:15.559674 #10414] DEBUG -- : -------> building selection...
D, [2018-03-31T10:55:15.560026 #10414] DEBUG -- : -------> building new state...
D, [2018-03-31T10:55:15.560259 #10414] DEBUG -- : -------> building selection...
D, [2018-03-31T10:55:15.560585 #10414] DEBUG -- : -------> building new state...
D, [2018-03-31T10:55:15.560781 #10414] DEBUG -- : -------> building selection...
D, [2018-03-31T10:55:15.561108 #10414] DEBUG -- : -------> building new state...
D, [2018-03-31T10:55:15.561229 #10414] DEBUG -- : -------> building new state...
D, [2018-03-31T10:55:15.561417 #10414] DEBUG -- : -------> building selection...
D, [2018-03-31T10:55:15.561744 #10414] DEBUG -- : -------> building new state...
D, [2018-03-31T10:55:15.561862 #10414] DEBUG -- : -------> building new state...
D, [2018-03-31T10:55:15.562052 #10414] DEBUG -- : -------> building selection...
D, [2018-03-31T10:55:15.562430 #10414] DEBUG -- : -------> building new state...
D, [2018-03-31T10:55:15.562558 #10414] DEBUG -- : -------> building new state...
D, [2018-03-31T10:55:15.562776 #10414] DEBUG -- : -------> building selection...
D, [2018-03-31T10:55:15.563141 #10414] DEBUG -- : -------> building new state...
D, [2018-03-31T10:55:15.563346 #10414] DEBUG -- : -------> building new state...
D, [2018-03-31T10:55:15.563568 #10414] DEBUG -- : -------> building selection...
D, [2018-03-31T10:55:15.563909 #10414] DEBUG -- : -------> building new state...
D, [2018-03-31T10:55:15.564013 #10414] DEBUG -- : -------> building new state...
D, [2018-03-31T10:55:15.564216 #10414] DEBUG -- : -------> building selection...
D, [2018-03-31T10:55:15.564543 #10414] DEBUG -- : -------> building new state...
D, [2018-03-31T10:55:15.564662 #10414] DEBUG -- : -------> building new state...
D, [2018-03-31T10:55:15.564851 #10414] DEBUG -- : -------> building selection...
D, [2018-03-31T10:55:15.565196 #10414] DEBUG -- : -------> building new state...
D, [2018-03-31T10:55:15.565302 #10414] DEBUG -- : -------> building new state...
D, [2018-03-31T10:55:15.565488 #10414] DEBUG -- : -------> building selection...
D, [2018-03-31T10:55:15.565841 #10414] DEBUG -- : -------> building new state...
D, [2018-03-31T10:55:15.565939 #10414] DEBUG -- : -------> building new state...
D, [2018-03-31T10:55:15.566145 #10414] DEBUG -- : -------> building selection...
D, [2018-03-31T10:55:15.566468 #10414] DEBUG -- : -------> building new state...
D, [2018-03-31T10:55:15.566566 #10414] DEBUG -- : -------> building new state...
D, [2018-03-31T10:55:15.566777 #10414] DEBUG -- : -------> building selection...
D, [2018-03-31T10:55:15.567126 #10414] DEBUG -- : -------> building new state...
D, [2018-03-31T10:55:15.567246 #10414] DEBUG -- : -------> building new state...
D, [2018-03-31T10:55:15.567436 #10414] DEBUG -- : -------> building selection...
D, [2018-03-31T10:55:15.567779 #10414] DEBUG -- : -------> building new state...
D, [2018-03-31T10:55:15.567880 #10414] DEBUG -- : -------> building new state...
D, [2018-03-31T10:55:15.568065 #10414] DEBUG -- : -------> building selection...
D, [2018-03-31T10:55:15.568409 #10414] DEBUG -- : -------> building new state...
D, [2018-03-31T10:55:15.568509 #10414] DEBUG -- : -------> building new state...
D, [2018-03-31T10:55:15.568703 #10414] DEBUG -- : -------> building selection...
D, [2018-03-31T10:55:15.569061 #10414] DEBUG -- : -------> building new state...
D, [2018-03-31T10:55:15.569165 #10414] DEBUG -- : -------> building new state...
D, [2018-03-31T10:55:15.569349 #10414] DEBUG -- : -------> building selection...
D, [2018-03-31T10:55:15.569716 #10414] DEBUG -- : -------> building new state...
D, [2018-03-31T10:55:15.569817 #10414] DEBUG -- : -------> building new state...
D, [2018-03-31T10:55:15.570004 #10414] DEBUG -- : -------> building selection...
D, [2018-03-31T10:55:15.570375 #10414] DEBUG -- : -------> building new state...
D, [2018-03-31T10:55:15.570588 #10414] DEBUG -- : -------> building new state...
D, [2018-03-31T10:55:15.570814 #10414] DEBUG -- : -------> building selection...
D, [2018-03-31T10:55:15.571193 #10414] DEBUG -- : -------> building new state...
D, [2018-03-31T10:55:15.571298 #10414] DEBUG -- : -------> building new state...
D, [2018-03-31T10:55:15.571493 #10414] DEBUG -- : scoring weighed rated selections...
D, [2018-03-31T10:55:15.571541 #10414] DEBUG -- : Saving scored selections...
D, [2018-03-31T10:55:15.575579 #10414] DEBUG -- : State Score successfully calculated


D, [2018-03-31T10:55:15.575671 #10414] DEBUG -- : Saving scored selections...
D, [2018-03-31T10:55:15.612803 #10414] DEBUG -- : State Score successfully calculated


D, [2018-03-31T10:55:15.612881 #10414] DEBUG -- : Scoring new state: {:rating=>37, :state=>{:unknown=>0, :possibly_lighter=>0, :possibly_heavier=>1, :normal=>7}}
D, [2018-03-31T10:55:15.612906 #10414] DEBUG -- : State Score successfully calculated


D, [2018-03-31T10:55:15.612932 #10414] DEBUG -- : Scoring new state: {:rating=>31, :state=>{:unknown=>0, :possibly_lighter=>1, :possibly_heavier=>2, :normal=>5}}
D, [2018-03-31T10:55:15.615657 #10414] DEBUG -- : generating score for new state...
D, [2018-03-31T10:55:15.619143 #10414] DEBUG -- : new state info recorded
D, [2018-03-31T10:55:15.622493 #10414] DEBUG -- : generating weighed rated selections...
D, [2018-03-31T10:55:15.836400 #10414] DEBUG -- : scoring weighed rated selections...
D, [2018-03-31T10:55:15.836569 #10414] DEBUG -- : Saving scored selections...
D, [2018-03-31T10:55:15.843955 #10414] DEBUG -- : State Score successfully calculated


D, [2018-03-31T10:55:15.910467 #10414] DEBUG -- : Scoring new state: {:rating=>31, :state=>{:unknown=>0, :possibly_lighter=>1, :possibly_heavier=>2, :normal=>5}}
D, [2018-03-31T10:55:15.913366 #10414] DEBUG -- : generating score for new state...
D, [2018-03-31T10:55:15.917071 #10414] DEBUG -- : new state info recorded
D, [2018-03-31T10:55:15.920466 #10414] DEBUG -- : generating weighed rated selections...
D, [2018-03-31T10:55:16.130594 #10414] DEBUG -- : scoring weighed rated selections...
D, [2018-03-31T10:55:16.130750 #10414] DEBUG -- : Saving scored selections...
D, [2018-03-31T10:55:16.138072 #10414] DEBUG -- : State Score successfully calculated


D, [2018-03-31T10:55:16.138164 #10414] DEBUG -- : Scoring new state: {:rating=>34, :state=>{:unknown=>0, :possibly_lighter=>1, :possibly_heavier=>1, :normal=>6}}
D, [2018-03-31T10:55:16.140783 #10414] DEBUG -- : calculating updated score for older state...
D, [2018-03-31T10:55:16.144259 #10414] DEBUG -- : generating weighed rated selections...
D, [2018-03-31T10:55:16.247396 #10414] DEBUG -- : scoring weighed rated selections...
D, [2018-03-31T10:55:16.248580 #10414] DEBUG -- : Saving scored selections...
D, [2018-03-31T10:55:16.264926 #10414] DEBUG -- : State Score successfully calculated


D, [2018-03-31T10:55:16.265019 #10414] DEBUG -- : Scoring new state: {:rating=>31, :state=>{:unknown=>0, :possibly_lighter=>2, :possibly_heavier=>1, :normal=>5}}
D, [2018-03-31T10:55:16.267689 #10414] DEBUG -- : generating score for new state...
D, [2018-03-31T10:55:16.271215 #10414] DEBUG -- : new state info recorded
D, [2018-03-31T10:55:16.274871 #10414] DEBUG -- : generating weighed rated selections...
D, [2018-03-31T10:55:16.469947 #10414] DEBUG -- : scoring weighed rated selections...
D, [2018-03-31T10:55:16.470109 #10414] DEBUG -- : Saving scored selections...
D, [2018-03-31T10:55:16.477257 #10414] DEBUG -- : State Score successfully calculated


D, [2018-03-31T10:55:17.066680 #10414] DEBUG -- : calculating updated score for older state...
D, [2018-03-31T10:55:17.070386 #10414] DEBUG -- : generating weighed rated selections...
D, [2018-03-31T10:55:17.083178 #10414] DEBUG -- : scoring weighed rated selections...
D, [2018-03-31T10:55:17.083300 #10414] DEBUG -- : Scoring new state: {:rating=>10, :state=>{:unknown=>1, :possibly_lighter=>0, :possibly_heavier=>0, :normal=>2}}
D, [2018-03-31T10:55:17.086161 #10414] DEBUG -- : calculating updated score for older state...
D, [2018-03-31T10:55:17.089632 #10414] DEBUG -- : generating weighed rated selections...
D, [2018-03-31T10:55:17.109088 #10414] DEBUG -- : scoring weighed rated selections...
D, [2018-03-31T10:55:17.109187 #10414] DEBUG -- : Saving scored selections...
D, [2018-03-31T10:55:17.113419 #10414] DEBUG -- : State Score successfully calculated


D, [2018-03-31T10:55:17.113510 #10414] DEBUG -- : Scoring new state: {:rating=>9, :state=>{:unknown=>0, :possibly_lighter=>1, :possibly_heavier=>1, :normal=>1}}
D, [2018-03-31T10:55:17.116147 #10414] DEBUG -- : calculating updated score for older state...
D, [2018-03-31T10:55:17.119658 #10414] DEBUG -- : generating weighed rated selections...
D, [2018-03-31T10:55:17.149771 #10414] DEBUG -- : scoring weighed rated selections...
D, [2018-03-31T10:55:17.149890 #10414] DEBUG -- : Saving scored selections...
D, [2018-03-31T10:55:17.154772 #10414] DEBUG -- : State Score successfully calculated


D, [2018-03-31T10:55:17.154883 #10414] DEBUG -- : Saving scored selections...
D, [2018-03-31T10:55:17.231814 #10414] DEBUG -- : calculating updated score for older state...
D, [2018-03-31T10:55:17.235499 #10414] DEBUG -- : generating weighed rated selections...
D, [2018-03-31T10:55:17.248592 #10414] DEBUG -- : scoring weighed rated selections...
D, [2018-03-31T10:55:17.249745 #10414] DEBUG -- : Scoring new state: {:rating=>10, :state=>{:unknown=>1, :possibly_lighter=>0, :possibly_heavier=>0, :normal=>2}}
D, [2018-03-31T10:55:17.252890 #10414] DEBUG -- : calculating updated score for older state...
D, [2018-03-31T10:55:17.258167 #10414] DEBUG -- : generating weighed rated selections...
D, [2018-03-31T10:55:17.277892 #10414] DEBUG -- : scoring weighed rated selections...
D, [2018-03-31T10:55:17.278009 #10414] DEBUG -- : Saving scored selections...
D, [2018-03-31T10:55:17.281650 #10414] DEBUG -- : State Score successfully calculated


D, [2018-03-31T10:55:17.281738 #10414] DEBUG -- : Scoring new state: {:rating=>9, :state=>{:unknown=>0, :possibly_lighter=>1, :possibly_heavier=>1, :normal=>1}}
D, [2018-03-31T10:55:17.284348 #10414] DEBUG -- : calculating updated score for older state...
D, [2018-03-31T10:55:17.287852 #10414] DEBUG -- : generating weighed rated selections...
D, [2018-03-31T10:55:17.317775 #10414] DEBUG -- : scoring weighed rated selections...
D, [2018-03-31T10:55:17.317874 #10414] DEBUG -- : Saving scored selections...
D, [2018-03-31T10:55:17.322681 #10414] DEBUG -- : State Score successfully calculated


D, [2018-03-31T10:55:17.322761 #10414] DEBUG -- : Saving scored selections...
D, [2018-03-31T10:55:17.396821 #10414] DEBUG -- : calculating updated score for older state...
D, [2018-03-31T10:55:17.400393 #10414] DEBUG -- : generating weighed rated selections...
D, [2018-03-31T10:55:17.413356 #10414] DEBUG -- : scoring weighed rated selections...
D, [2018-03-31T10:55:17.413462 #10414] DEBUG -- : Scoring new state: {:rating=>10, :state=>{:unknown=>1, :possibly_lighter=>0, :possibly_heavier=>0, :normal=>2}}
D, [2018-03-31T10:55:17.416350 #10414] DEBUG -- : calculating updated score for older state...
D, [2018-03-31T10:55:17.419855 #10414] DEBUG -- : generating weighed rated selections...
D, [2018-03-31T10:55:17.439503 #10414] DEBUG -- : scoring weighed rated selections...
D, [2018-03-31T10:55:17.439615 #10414] DEBUG -- : Saving scored selections...
D, [2018-03-31T10:55:17.442884 #10414] DEBUG -- : State Score successfully calculated


D, [2018-03-31T10:55:17.442964 #10414] DEBUG -- : Scoring new state: {:rating=>9, :state=>{:unknown=>0, :possibly_lighter=>1, :possibly_heavier=>1, :normal=>1}}
D, [2018-03-31T10:55:17.445527 #10414] DEBUG -- : calculating updated score for older state...
D, [2018-03-31T10:55:17.449273 #10414] DEBUG -- : generating weighed rated selections...
D, [2018-03-31T10:55:17.481191 #10414] DEBUG -- : scoring weighed rated selections...
D, [2018-03-31T10:55:17.481322 #10414] DEBUG -- : Saving scored selections...
D, [2018-03-31T10:55:17.486007 #10414] DEBUG -- : State Score successfully calculated


D, [2018-03-31T10:55:17.486084 #10414] DEBUG -- : Saving scored selections...
D, [2018-03-31T10:55:17.561877 #10414] DEBUG -- : calculating updated score for older state...
D, [2018-03-31T10:55:17.565517 #10414] DEBUG -- : generating weighed rated selections...
D, [2018-03-31T10:55:17.578115 #10414] DEBUG -- : scoring weighed rated selections...
D, [2018-03-31T10:55:17.578236 #10414] DEBUG -- : Scoring new state: {:rating=>10, :state=>{:unknown=>1, :possibly_lighter=>0, :possibly_heavier=>0, :normal=>2}}
D, [2018-03-31T10:55:17.581055 #10414] DEBUG -- : calculating updated score for older state...
D, [2018-03-31T10:55:17.584598 #10414] DEBUG -- : generating weighed rated selections...
D, [2018-03-31T10:55:17.604620 #10414] DEBUG -- : scoring weighed rated selections...
D, [2018-03-31T10:55:17.604732 #10414] DEBUG -- : Saving scored selections...
D, [2018-03-31T10:55:17.608009 #10414] DEBUG -- : State Score successfully calculated


D, [2018-03-31T10:55:17.608094 #10414] DEBUG -- : Scoring new state: {:rating=>9, :state=>{:unknown=>0, :possibly_lighter=>1, :possibly_heavier=>1, :normal=>1}}
D, [2018-03-31T10:55:17.610739 #10414] DEBUG -- : calculating updated score for older state...
D, [2018-03-31T10:55:17.614409 #10414] DEBUG -- : generating weighed rated selections...
D, [2018-03-31T10:55:17.643802 #10414] DEBUG -- : scoring weighed rated selections...
D, [2018-03-31T10:55:17.643919 #10414] DEBUG -- : Saving scored selections...
D, [2018-03-31T10:55:17.648640 #10414] DEBUG -- : State Score successfully calculated


D, [2018-03-31T10:55:17.648725 #10414] DEBUG -- : Saving scored selections...
D, [2018-03-31T10:55:17.730239 #10414] DEBUG -- : calculating updated score for older state...
D, [2018-03-31T10:55:17.733936 #10414] DEBUG -- : generating weighed rated selections...
D, [2018-03-31T10:55:17.747110 #10414] DEBUG -- : scoring weighed rated selections...
D, [2018-03-31T10:55:17.747220 #10414] DEBUG -- : Scoring new state: {:rating=>10, :state=>{:unknown=>1, :possibly_lighter=>0, :possibly_heavier=>0, :normal=>2}}
D, [2018-03-31T10:55:17.750171 #10414] DEBUG -- : calculating updated score for older state...
D, [2018-03-31T10:55:17.753737 #10414] DEBUG -- : generating weighed rated selections...
D, [2018-03-31T10:55:17.773321 #10414] DEBUG -- : scoring weighed rated selections...
D, [2018-03-31T10:55:17.773438 #10414] DEBUG -- : Saving scored selections...
D, [2018-03-31T10:55:17.776734 #10414] DEBUG -- : State Score successfully calculated


D, [2018-03-31T10:55:17.776821 #10414] DEBUG -- : Scoring new state: {:rating=>9, :state=>{:unknown=>0, :possibly_lighter=>1, :possibly_heavier=>1, :normal=>1}}
D, [2018-03-31T10:55:17.779511 #10414] DEBUG -- : calculating updated score for older state...
D, [2018-03-31T10:55:17.783046 #10414] DEBUG -- : generating weighed rated selections...
D, [2018-03-31T10:55:17.812731 #10414] DEBUG -- : scoring weighed rated selections...
D, [2018-03-31T10:55:17.812851 #10414] DEBUG -- : Saving scored selections...
D, [2018-03-31T10:55:17.818647 #10414] DEBUG -- : State Score successfully calculated


D, [2018-03-31T10:55:17.818735 #10414] DEBUG -- : Saving scored selections...
D, [2018-03-31T10:55:17.894120 #10414] DEBUG -- : calculating updated score for older state...
D, [2018-03-31T10:55:17.897749 #10414] DEBUG -- : generating weighed rated selections...
D, [2018-03-31T10:55:17.910857 #10414] DEBUG -- : scoring weighed rated selections...
D, [2018-03-31T10:55:17.910984 #10414] DEBUG -- : Scoring new state: {:rating=>10, :state=>{:unknown=>1, :possibly_lighter=>0, :possibly_heavier=>0, :normal=>2}}
D, [2018-03-31T10:55:17.913898 #10414] DEBUG -- : calculating updated score for older state...
D, [2018-03-31T10:55:17.917573 #10414] DEBUG -- : generating weighed rated selections...
D, [2018-03-31T10:55:17.937499 #10414] DEBUG -- : scoring weighed rated selections...
D, [2018-03-31T10:55:17.937620 #10414] DEBUG -- : Saving scored selections...
D, [2018-03-31T10:55:17.941061 #10414] DEBUG -- : State Score successfully calculated


D, [2018-03-31T10:55:17.941150 #10414] DEBUG -- : Scoring new state: {:rating=>9, :state=>{:unknown=>0, :possibly_lighter=>1, :possibly_heavier=>1, :normal=>1}}
D, [2018-03-31T10:55:17.943723 #10414] DEBUG -- : calculating updated score for older state...
D, [2018-03-31T10:55:17.947258 #10414] DEBUG -- : generating weighed rated selections...
D, [2018-03-31T10:55:17.977733 #10414] DEBUG -- : scoring weighed rated selections...
D, [2018-03-31T10:55:17.977852 #10414] DEBUG -- : Saving scored selections...
D, [2018-03-31T10:55:17.982764 #10414] DEBUG -- : State Score successfully calculated


D, [2018-03-31T10:55:17.982864 #10414] DEBUG -- : Saving scored selections...
D, [2018-03-31T10:55:18.063153 #10414] DEBUG -- : calculating updated score for older state...
D, [2018-03-31T10:55:18.066831 #10414] DEBUG -- : generating weighed rated selections...
D, [2018-03-31T10:55:18.097134 #10414] DEBUG -- : scoring weighed rated selections...
D, [2018-03-31T10:55:18.097296 #10414] DEBUG -- : Scoring new state: {:rating=>10, :state=>{:unknown=>1, :possibly_lighter=>0, :possibly_heavier=>0, :normal=>2}}
D, [2018-03-31T10:55:18.100408 #10414] DEBUG -- : calculating updated score for older state...
D, [2018-03-31T10:55:18.104160 #10414] DEBUG -- : generating weighed rated selections...
D, [2018-03-31T10:55:18.127680 #10414] DEBUG -- : scoring weighed rated selections...
D, [2018-03-31T10:55:18.127812 #10414] DEBUG -- : Saving scored selections...
D, [2018-03-31T10:55:18.131149 #10414] DEBUG -- : State Score successfully calculated


D, [2018-03-31T10:55:18.131236 #10414] DEBUG -- : Scoring new state: {:rating=>9, :state=>{:unknown=>0, :possibly_lighter=>1, :possibly_heavier=>1, :normal=>1}}
D, [2018-03-31T10:55:18.133993 #10414] DEBUG -- : calculating updated score for older state...
D, [2018-03-31T10:55:18.137771 #10414] DEBUG -- : generating weighed rated selections...
D, [2018-03-31T10:55:18.169958 #10414] DEBUG -- : scoring weighed rated selections...
D, [2018-03-31T10:55:18.171267 #10414] DEBUG -- : Saving scored selections...
D, [2018-03-31T10:55:18.176628 #10414] DEBUG -- : State Score successfully calculated


D, [2018-03-31T10:55:18.176731 #10414] DEBUG -- : Saving scored selections...
D, [2018-03-31T10:55:18.256205 #10414] DEBUG -- : calculating updated score for older state...
D, [2018-03-31T10:55:18.260627 #10414] DEBUG -- : generating weighed rated selections...
D, [2018-03-31T10:55:18.273955 #10414] DEBUG -- : scoring weighed rated selections...
D, [2018-03-31T10:55:18.274157 #10414] DEBUG -- : Scoring new state: {:rating=>10, :state=>{:unknown=>1, :possibly_lighter=>0, :possibly_heavier=>0, :normal=>2}}
D, [2018-03-31T10:55:18.277376 #10414] DEBUG -- : calculating updated score for older state...
D, [2018-03-31T10:55:18.281154 #10414] DEBUG -- : generating weighed rated selections...
D, [2018-03-31T10:55:18.301061 #10414] DEBUG -- : scoring weighed rated selections...
D, [2018-03-31T10:55:18.301176 #10414] DEBUG -- : Saving scored selections...
D, [2018-03-31T10:55:18.304558 #10414] DEBUG -- : State Score successfully calculated


D, [2018-03-31T10:55:18.304657 #10414] DEBUG -- : Scoring new state: {:rating=>9, :state=>{:unknown=>0, :possibly_lighter=>1, :possibly_heavier=>1, :normal=>1}}
D, [2018-03-31T10:55:18.307234 #10414] DEBUG -- : calculating updated score for older state...
D, [2018-03-31T10:55:18.310710 #10414] DEBUG -- : generating weighed rated selections...
D, [2018-03-31T10:55:18.340458 #10414] DEBUG -- : scoring weighed rated selections...
D, [2018-03-31T10:55:18.340572 #10414] DEBUG -- : Saving scored selections...
D, [2018-03-31T10:55:18.345368 #10414] DEBUG -- : State Score successfully calculated


D, [2018-03-31T10:55:18.345446 #10414] DEBUG -- : Saving scored selections...
D, [2018-03-31T10:55:18.423123 #10414] DEBUG -- : calculating updated score for older state...
D, [2018-03-31T10:55:18.426831 #10414] DEBUG -- : generating weighed rated selections...
D, [2018-03-31T10:55:18.439698 #10414] DEBUG -- : scoring weighed rated selections...
D, [2018-03-31T10:55:18.439810 #10414] DEBUG -- : Scoring new state: {:rating=>10, :state=>{:unknown=>1, :possibly_lighter=>0, :possibly_heavier=>0, :normal=>2}}
D, [2018-03-31T10:55:18.442700 #10414] DEBUG -- : calculating updated score for older state...
D, [2018-03-31T10:55:18.446357 #10414] DEBUG -- : generating weighed rated selections...
D, [2018-03-31T10:55:18.466637 #10414] DEBUG -- : scoring weighed rated selections...
D, [2018-03-31T10:55:18.466794 #10414] DEBUG -- : Saving scored selections...
D, [2018-03-31T10:55:18.470112 #10414] DEBUG -- : State Score successfully calculated


D, [2018-03-31T10:55:18.470199 #10414] DEBUG -- : Scoring new state: {:rating=>9, :state=>{:unknown=>0, :possibly_lighter=>1, :possibly_heavier=>1, :normal=>1}}
D, [2018-03-31T10:55:18.472986 #10414] DEBUG -- : calculating updated score for older state...
D, [2018-03-31T10:55:18.476712 #10414] DEBUG -- : generating weighed rated selections...
D, [2018-03-31T10:55:18.506261 #10414] DEBUG -- : scoring weighed rated selections...
D, [2018-03-31T10:55:18.506375 #10414] DEBUG -- : Saving scored selections...
D, [2018-03-31T10:55:18.511453 #10414] DEBUG -- : State Score successfully calculated


D, [2018-03-31T10:55:18.511530 #10414] DEBUG -- : Saving scored selections...
D, [2018-03-31T10:55:18.585676 #10414] DEBUG -- : calculating updated score for older state...
D, [2018-03-31T10:55:18.589323 #10414] DEBUG -- : generating weighed rated selections...
D, [2018-03-31T10:55:18.602199 #10414] DEBUG -- : scoring weighed rated selections...
D, [2018-03-31T10:55:18.602325 #10414] DEBUG -- : Scoring new state: {:rating=>10, :state=>{:unknown=>1, :possibly_lighter=>0, :possibly_heavier=>0, :normal=>2}}
D, [2018-03-31T10:55:18.605873 #10414] DEBUG -- : calculating updated score for older state...
D, [2018-03-31T10:55:18.609506 #10414] DEBUG -- : generating weighed rated selections...
D, [2018-03-31T10:55:18.629033 #10414] DEBUG -- : scoring weighed rated selections...
D, [2018-03-31T10:55:18.629143 #10414] DEBUG -- : Saving scored selections...
D, [2018-03-31T10:55:18.632401 #10414] DEBUG -- : State Score successfully calculated


D, [2018-03-31T10:55:18.632494 #10414] DEBUG -- : Scoring new state: {:rating=>9, :state=>{:unknown=>0, :possibly_lighter=>1, :possibly_heavier=>1, :normal=>1}}
D, [2018-03-31T10:55:18.635172 #10414] DEBUG -- : calculating updated score for older state...
D, [2018-03-31T10:55:18.638683 #10414] DEBUG -- : generating weighed rated selections...
D, [2018-03-31T10:55:18.668753 #10414] DEBUG -- : scoring weighed rated selections...
D, [2018-03-31T10:55:18.668878 #10414] DEBUG -- : Saving scored selections...
D, [2018-03-31T10:55:18.673992 #10414] DEBUG -- : State Score successfully calculated


D, [2018-03-31T10:55:18.674089 #10414] DEBUG -- : Saving scored selections...
D, [2018-03-31T10:55:18.757669 #10414] DEBUG -- : calculating updated score for older state...
D, [2018-03-31T10:55:18.761422 #10414] DEBUG -- : generating weighed rated selections...
D, [2018-03-31T10:55:18.774374 #10414] DEBUG -- : scoring weighed rated selections...
D, [2018-03-31T10:55:18.774507 #10414] DEBUG -- : Scoring new state: {:rating=>10, :state=>{:unknown=>1, :possibly_lighter=>0, :possibly_heavier=>0, :normal=>2}}
D, [2018-03-31T10:55:18.777565 #10414] DEBUG -- : calculating updated score for older state...
D, [2018-03-31T10:55:18.781405 #10414] DEBUG -- : generating weighed rated selections...
D, [2018-03-31T10:55:18.801399 #10414] DEBUG -- : scoring weighed rated selections...
D, [2018-03-31T10:55:18.801520 #10414] DEBUG -- : Saving scored selections...
D, [2018-03-31T10:55:18.804881 #10414] DEBUG -- : State Score successfully calculated


D, [2018-03-31T10:55:18.804971 #10414] DEBUG -- : Scoring new state: {:rating=>9, :state=>{:unknown=>0, :possibly_lighter=>1, :possibly_heavier=>1, :normal=>1}}
D, [2018-03-31T10:55:18.807633 #10414] DEBUG -- : calculating updated score for older state...
D, [2018-03-31T10:55:18.811420 #10414] DEBUG -- : generating weighed rated selections...
D, [2018-03-31T10:55:18.841706 #10414] DEBUG -- : scoring weighed rated selections...
D, [2018-03-31T10:55:18.841830 #10414] DEBUG -- : Saving scored selections...
D, [2018-03-31T10:55:18.846779 #10414] DEBUG -- : State Score successfully calculated


D, [2018-03-31T10:55:18.846893 #10414] DEBUG -- : Saving scored selections...
D, [2018-03-31T10:55:18.922254 #10414] DEBUG -- : calculating updated score for older state...
D, [2018-03-31T10:55:18.925787 #10414] DEBUG -- : generating weighed rated selections...
D, [2018-03-31T10:55:18.938780 #10414] DEBUG -- : scoring weighed rated selections...
D, [2018-03-31T10:55:18.938922 #10414] DEBUG -- : Scoring new state: {:rating=>10, :state=>{:unknown=>1, :possibly_lighter=>0, :possibly_heavier=>0, :normal=>2}}
D, [2018-03-31T10:55:18.941783 #10414] DEBUG -- : calculating updated score for older state...
D, [2018-03-31T10:55:18.945389 #10414] DEBUG -- : generating weighed rated selections...
D, [2018-03-31T10:55:18.966395 #10414] DEBUG -- : scoring weighed rated selections...
D, [2018-03-31T10:55:18.966515 #10414] DEBUG -- : Saving scored selections...
D, [2018-03-31T10:55:18.969720 #10414] DEBUG -- : State Score successfully calculated


D, [2018-03-31T10:55:18.969805 #10414] DEBUG -- : Scoring new state: {:rating=>9, :state=>{:unknown=>0, :possibly_lighter=>1, :possibly_heavier=>1, :normal=>1}}
D, [2018-03-31T10:55:18.972436 #10414] DEBUG -- : calculating updated score for older state...
D, [2018-03-31T10:55:18.975998 #10414] DEBUG -- : generating weighed rated selections...
D, [2018-03-31T10:55:19.006382 #10414] DEBUG -- : scoring weighed rated selections...
D, [2018-03-31T10:55:19.006505 #10414] DEBUG -- : Saving scored selections...
D, [2018-03-31T10:55:19.011574 #10414] DEBUG -- : State Score successfully calculated


D, [2018-03-31T10:55:19.011670 #10414] DEBUG -- : Saving scored selections...
D, [2018-03-31T10:55:19.091582 #10414] DEBUG -- : calculating updated score for older state...
D, [2018-03-31T10:55:19.096812 #10414] DEBUG -- : generating weighed rated selections...
D, [2018-03-31T10:55:19.110964 #10414] DEBUG -- : scoring weighed rated selections...
D, [2018-03-31T10:55:19.113215 #10414] DEBUG -- : Scoring new state: {:rating=>10, :state=>{:unknown=>1, :possibly_lighter=>0, :possibly_heavier=>0, :normal=>2}}
D, [2018-03-31T10:55:19.116016 #10414] DEBUG -- : calculating updated score for older state...
D, [2018-03-31T10:55:19.119590 #10414] DEBUG -- : generating weighed rated selections...
D, [2018-03-31T10:55:19.139695 #10414] DEBUG -- : scoring weighed rated selections...
D, [2018-03-31T10:55:19.139817 #10414] DEBUG -- : Saving scored selections...
D, [2018-03-31T10:55:19.143048 #10414] DEBUG -- : State Score successfully calculated


D, [2018-03-31T10:55:19.143134 #10414] DEBUG -- : Scoring new state: {:rating=>9, :state=>{:unknown=>0, :possibly_lighter=>1, :possibly_heavier=>1, :normal=>1}}
D, [2018-03-31T10:55:19.147028 #10414] DEBUG -- : calculating updated score for older state...
D, [2018-03-31T10:55:19.150695 #10414] DEBUG -- : generating weighed rated selections...
D, [2018-03-31T10:55:19.180611 #10414] DEBUG -- : scoring weighed rated selections...
D, [2018-03-31T10:55:19.180730 #10414] DEBUG -- : Saving scored selections...
D, [2018-03-31T10:55:19.185829 #10414] DEBUG -- : State Score successfully calculated


D, [2018-03-31T10:55:19.185918 #10414] DEBUG -- : Saving scored selections...
D, [2018-03-31T10:55:19.276290 #10414] DEBUG -- : calculating updated score for older state...
D, [2018-03-31T10:55:19.280360 #10414] DEBUG -- : generating weighed rated selections...
D, [2018-03-31T10:55:19.293751 #10414] DEBUG -- : scoring weighed rated selections...
D, [2018-03-31T10:55:19.293899 #10414] DEBUG -- : Scoring new state: {:rating=>10, :state=>{:unknown=>1, :possibly_lighter=>0, :possibly_heavier=>0, :normal=>2}}
D, [2018-03-31T10:55:19.297052 #10414] DEBUG -- : calculating updated score for older state...
D, [2018-03-31T10:55:19.300654 #10414] DEBUG -- : generating weighed rated selections...
D, [2018-03-31T10:55:19.324429 #10414] DEBUG -- : scoring weighed rated selections...
D, [2018-03-31T10:55:19.325677 #10414] DEBUG -- : Saving scored selections...
D, [2018-03-31T10:55:19.329880 #10414] DEBUG -- : State Score successfully calculated


D, [2018-03-31T10:55:19.329978 #10414] DEBUG -- : Scoring new state: {:rating=>9, :state=>{:unknown=>0, :possibly_lighter=>1, :possibly_heavier=>1, :normal=>1}}
D, [2018-03-31T10:55:19.332889 #10414] DEBUG -- : calculating updated score for older state...
D, [2018-03-31T10:55:19.336848 #10414] DEBUG -- : generating weighed rated selections...
D, [2018-03-31T10:55:19.370202 #10414] DEBUG -- : scoring weighed rated selections...
D, [2018-03-31T10:55:19.371477 #10414] DEBUG -- : Saving scored selections...
D, [2018-03-31T10:55:19.376684 #10414] DEBUG -- : State Score successfully calculated


D, [2018-03-31T10:55:19.376785 #10414] DEBUG -- : Saving scored selections...
D, [2018-03-31T10:55:21.681759 #10414] DEBUG -- : generating weighed rated selections...
D, [2018-03-31T10:55:21.806274 #10414] DEBUG -- : scoring weighed rated selections...
D, [2018-03-31T10:55:21.807596 #10414] DEBUG -- : Saving scored selections...
D, [2018-03-31T10:55:21.827891 #10414] DEBUG -- : generating weighed rated selections...
D, [2018-03-31T10:55:22.044830 #10414] DEBUG -- : scoring weighed rated selections...
D, [2018-03-31T10:55:22.044996 #10414] DEBUG -- : Saving scored selections...
D, [2018-03-31T10:55:22.127071 #10414] DEBUG -- : calculating updated score for older state...
D, [2018-03-31T10:55:22.130593 #10414] DEBUG -- : generating weighed rated selections...
D, [2018-03-31T10:55:22.149611 #10414] DEBUG -- : scoring weighed rated selections...
D, [2018-03-31T10:55:22.149733 #10414] DEBUG -- : Scoring new state: {:rating=>10, :state=>{:unknown=>1, :possibly_lighter=>0, :possibly_heavier=>0, :normal=>2}}
D, [2018-03-31T10:55:22.152991 #10414] DEBUG -- : calculating updated score for older state...
D, [2018-03-31T10:55:22.156503 #10414] DEBUG -- : generating weighed rated selections...
D, [2018-03-31T10:55:22.177814 #10414] DEBUG -- : scoring weighed rated selections...
D, [2018-03-31T10:55:22.177920 #10414] DEBUG -- : Saving scored selections...
D, [2018-03-31T10:55:22.182099 #10414] DEBUG -- : State Score successfully calculated


D, [2018-03-31T10:55:22.182187 #10414] DEBUG -- : Scoring new state: {:rating=>9, :state=>{:unknown=>0, :possibly_lighter=>1, :possibly_heavier=>1, :normal=>1}}
D, [2018-03-31T10:55:22.184762 #10414] DEBUG -- : calculating updated score for older state...
D, [2018-03-31T10:55:22.188358 #10414] DEBUG -- : generating weighed rated selections...
D, [2018-03-31T10:55:22.222950 #10414] DEBUG -- : scoring weighed rated selections...
D, [2018-03-31T10:55:22.223062 #10414] DEBUG -- : Saving scored selections...
D, [2018-03-31T10:55:22.230694 #10414] DEBUG -- : State Score successfully calculated


D, [2018-03-31T10:55:22.230781 #10414] DEBUG -- : Saving scored selections...
D, [2018-03-31T10:55:22.313881 #10414] DEBUG -- : calculating updated score for older state...
D, [2018-03-31T10:55:22.317548 #10414] DEBUG -- : generating weighed rated selections...
D, [2018-03-31T10:55:22.330373 #10414] DEBUG -- : scoring weighed rated selections...
D, [2018-03-31T10:55:22.330498 #10414] DEBUG -- : Scoring new state: {:rating=>10, :state=>{:unknown=>1, :possibly_lighter=>0, :possibly_heavier=>0, :normal=>2}}
D, [2018-03-31T10:55:22.333290 #10414] DEBUG -- : calculating updated score for older state...
D, [2018-03-31T10:55:22.337063 #10414] DEBUG -- : generating weighed rated selections...
D, [2018-03-31T10:55:22.361989 #10414] DEBUG -- : scoring weighed rated selections...
D, [2018-03-31T10:55:22.363172 #10414] DEBUG -- : Saving scored selections...
D, [2018-03-31T10:55:22.367360 #10414] DEBUG -- : State Score successfully calculated


D, [2018-03-31T10:55:22.367461 #10414] DEBUG -- : Scoring new state: {:rating=>9, :state=>{:unknown=>0, :possibly_lighter=>1, :possibly_heavier=>1, :normal=>1}}
D, [2018-03-31T10:55:22.370259 #10414] DEBUG -- : calculating updated score for older state...
D, [2018-03-31T10:55:22.374190 #10414] DEBUG -- : generating weighed rated selections...
D, [2018-03-31T10:55:22.405964 #10414] DEBUG -- : scoring weighed rated selections...
D, [2018-03-31T10:55:22.406094 #10414] DEBUG -- : Saving scored selections...
D, [2018-03-31T10:55:22.413564 #10414] DEBUG -- : State Score successfully calculated


D, [2018-03-31T10:55:22.413650 #10414] DEBUG -- : Saving scored selections...
D, [2018-03-31T10:55:22.418862 #10414] DEBUG -- : -------> building selection...
D, [2018-03-31T10:55:22.419635 #10414] DEBUG -- : -------> building new state...
D, [2018-03-31T10:55:22.419963 #10414] DEBUG -- : -------> building new state...
D, [2018-03-31T10:55:22.420182 #10414] DEBUG -- : -------> building selection...
D, [2018-03-31T10:55:22.420553 #10414] DEBUG -- : -------> building new state...
D, [2018-03-31T10:55:22.420669 #10414] DEBUG -- : -------> building new state...
D, [2018-03-31T10:55:22.420839 #10414] DEBUG -- : -------> building selection...
D, [2018-03-31T10:55:22.421126 #10414] DEBUG -- : -------> building new state...
D, [2018-03-31T10:55:22.421225 #10414] DEBUG -- : -------> building new state...
D, [2018-03-31T10:55:22.421388 #10414] DEBUG -- : -------> building selection...
D, [2018-03-31T10:55:22.421821 #10414] DEBUG -- : -------> building new state...
D, [2018-03-31T10:55:22.421945 #10414] DEBUG -- : -------> building new state...
D, [2018-03-31T10:55:22.422239 #10414] DEBUG -- : -------> building selection...
D, [2018-03-31T10:55:22.423224 #10414] DEBUG -- : -------> building new state...
D, [2018-03-31T10:55:22.423439 #10414] DEBUG -- : -------> building new state...
D, [2018-03-31T10:55:22.425305 #10414] DEBUG -- : -------> building selection...
D, [2018-03-31T10:55:22.425723 #10414] DEBUG -- : -------> building new state...
D, [2018-03-31T10:55:22.425845 #10414] DEBUG -- : -------> building new state...
D, [2018-03-31T10:55:22.499611 #10414] DEBUG -- : calculating updated score for older state...
D, [2018-03-31T10:55:22.503420 #10414] DEBUG -- : generating weighed rated selections...
D, [2018-03-31T10:55:22.520621 #10414] DEBUG -- : scoring weighed rated selections...
D, [2018-03-31T10:55:22.520754 #10414] DEBUG -- : Scoring new state: {:rating=>10, :state=>{:unknown=>1, :possibly_lighter=>0, :possibly_heavier=>0, :normal=>2}}
D, [2018-03-31T10:55:22.525121 #10414] DEBUG -- : calculating updated score for older state...
D, [2018-03-31T10:55:22.528629 #10414] DEBUG -- : generating weighed rated selections...
D, [2018-03-31T10:55:22.554385 #10414] DEBUG -- : scoring weighed rated selections...
D, [2018-03-31T10:55:22.554508 #10414] DEBUG -- : Saving scored selections...
D, [2018-03-31T10:55:22.557833 #10414] DEBUG -- : State Score successfully calculated


D, [2018-03-31T10:55:22.558025 #10414] DEBUG -- : Scoring new state: {:rating=>9, :state=>{:unknown=>0, :possibly_lighter=>1, :possibly_heavier=>1, :normal=>1}}
D, [2018-03-31T10:55:22.560763 #10414] DEBUG -- : calculating updated score for older state...
D, [2018-03-31T10:55:22.564259 #10414] DEBUG -- : generating weighed rated selections...
D, [2018-03-31T10:55:22.603035 #10414] DEBUG -- : scoring weighed rated selections...
D, [2018-03-31T10:55:22.603157 #10414] DEBUG -- : Saving scored selections...
D, [2018-03-31T10:55:22.608613 #10414] DEBUG -- : State Score successfully calculated


D, [2018-03-31T10:55:22.608696 #10414] DEBUG -- : Saving scored selections...
D, [2018-03-31T10:55:22.613792 #10414] DEBUG -- : -------> building selection...
D, [2018-03-31T10:55:22.614643 #10414] DEBUG -- : -------> building new state...
D, [2018-03-31T10:55:22.615009 #10414] DEBUG -- : -------> building new state...
D, [2018-03-31T10:55:22.615335 #10414] DEBUG -- : -------> building selection...
D, [2018-03-31T10:55:22.615650 #10414] DEBUG -- : -------> building new state...
D, [2018-03-31T10:55:22.615755 #10414] DEBUG -- : -------> building new state...
D, [2018-03-31T10:55:22.615954 #10414] DEBUG -- : -------> building selection...
D, [2018-03-31T10:55:22.616244 #10414] DEBUG -- : -------> building new state...
D, [2018-03-31T10:55:22.616344 #10414] DEBUG -- : -------> building new state...
D, [2018-03-31T10:55:22.616508 #10414] DEBUG -- : -------> building selection...
D, [2018-03-31T10:55:22.616869 #10414] DEBUG -- : -------> building new state...
D, [2018-03-31T10:55:22.616971 #10414] DEBUG -- : -------> building new state...
D, [2018-03-31T10:55:22.617133 #10414] DEBUG -- : -------> building selection...
D, [2018-03-31T10:55:22.617414 #10414] DEBUG -- : -------> building new state...
D, [2018-03-31T10:55:22.617513 #10414] DEBUG -- : -------> building new state...
D, [2018-03-31T10:55:22.697807 #10414] DEBUG -- : calculating updated score for older state...
D, [2018-03-31T10:55:22.701447 #10414] DEBUG -- : generating weighed rated selections...
D, [2018-03-31T10:55:22.715445 #10414] DEBUG -- : scoring weighed rated selections...
D, [2018-03-31T10:55:22.715569 #10414] DEBUG -- : Scoring new state: {:rating=>10, :state=>{:unknown=>1, :possibly_lighter=>0, :possibly_heavier=>0, :normal=>2}}
D, [2018-03-31T10:55:22.718346 #10414] DEBUG -- : calculating updated score for older state...
D, [2018-03-31T10:55:22.721782 #10414] DEBUG -- : generating weighed rated selections...
D, [2018-03-31T10:55:22.743648 #10414] DEBUG -- : scoring weighed rated selections...
D, [2018-03-31T10:55:22.743760 #10414] DEBUG -- : Saving scored selections...
D, [2018-03-31T10:55:22.746996 #10414] DEBUG -- : State Score successfully calculated


D, [2018-03-31T10:55:22.747076 #10414] DEBUG -- : Scoring new state: {:rating=>9, :state=>{:unknown=>0, :possibly_lighter=>1, :possibly_heavier=>1, :normal=>1}}
D, [2018-03-31T10:55:22.749619 #10414] DEBUG -- : calculating updated score for older state...
D, [2018-03-31T10:55:22.753044 #10414] DEBUG -- : generating weighed rated selections...
D, [2018-03-31T10:55:22.785167 #10414] DEBUG -- : scoring weighed rated selections...
D, [2018-03-31T10:55:22.785301 #10414] DEBUG -- : Saving scored selections...
D, [2018-03-31T10:55:22.790075 #10414] DEBUG -- : State Score successfully calculated


D, [2018-03-31T10:55:22.790158 #10414] DEBUG -- : Saving scored selections...
D, [2018-03-31T10:55:22.794486 #10414] DEBUG -- : -------> building new state...
D, [2018-03-31T10:55:22.795248 #10414] DEBUG -- : -------> building new state...
D, [2018-03-31T10:57:22.368276 #11260] DEBUG -- : generating weighed rated selections...
D, [2018-03-31T10:57:22.486393 #11260] DEBUG -- : scoring weighed rated selections...
D, [2018-03-31T10:57:22.486547 #11260] DEBUG -- : Saving scored selections...
D, [2018-03-31T10:57:22.505347 #11260] DEBUG -- : generating weighed rated selections...
D, [2018-03-31T10:57:22.702880 #11260] DEBUG -- : scoring weighed rated selections...
D, [2018-03-31T10:57:22.703081 #11260] DEBUG -- : Saving scored selections...
D, [2018-03-31T10:57:22.896381 #11260] DEBUG -- : calculating updated score for older state...
D, [2018-03-31T10:57:22.900103 #11260] DEBUG -- : generating weighed rated selections...
D, [2018-03-31T10:57:22.912895 #11260] DEBUG -- : scoring weighed rated selections...
D, [2018-03-31T10:57:22.913023 #11260] DEBUG -- : Scoring new state: {:rating=>10, :state=>{:unknown=>1, :possibly_lighter=>0, :possibly_heavier=>0, :normal=>2}}
D, [2018-03-31T10:57:22.915809 #11260] DEBUG -- : calculating updated score for older state...
D, [2018-03-31T10:57:22.919405 #11260] DEBUG -- : generating weighed rated selections...
D, [2018-03-31T10:57:22.939010 #11260] DEBUG -- : scoring weighed rated selections...
D, [2018-03-31T10:57:22.939126 #11260] DEBUG -- : Saving scored selections...
D, [2018-03-31T10:57:22.942272 #11260] DEBUG -- : State Score successfully calculated


D, [2018-03-31T10:57:22.942361 #11260] DEBUG -- : Scoring new state: {:rating=>9, :state=>{:unknown=>0, :possibly_lighter=>1, :possibly_heavier=>1, :normal=>1}}
D, [2018-03-31T10:57:22.944977 #11260] DEBUG -- : calculating updated score for older state...
D, [2018-03-31T10:57:22.948478 #11260] DEBUG -- : generating weighed rated selections...
D, [2018-03-31T10:57:22.977966 #11260] DEBUG -- : scoring weighed rated selections...
D, [2018-03-31T10:57:22.978088 #11260] DEBUG -- : Saving scored selections...
D, [2018-03-31T10:57:22.982960 #11260] DEBUG -- : State Score successfully calculated


D, [2018-03-31T10:57:22.983038 #11260] DEBUG -- : Saving scored selections...
D, [2018-03-31T10:57:22.987439 #11260] DEBUG -- : -------> building new state...
D, [2018-03-31T10:57:22.988192 #11260] DEBUG -- : -------> building new state...
D, [2018-03-31T10:57:23.075134 #11260] DEBUG -- : calculating updated score for older state...
D, [2018-03-31T10:57:23.078849 #11260] DEBUG -- : generating weighed rated selections...
D, [2018-03-31T10:57:23.091732 #11260] DEBUG -- : scoring weighed rated selections...
D, [2018-03-31T10:57:23.091859 #11260] DEBUG -- : Scoring new state: {:rating=>10, :state=>{:unknown=>1, :possibly_lighter=>0, :possibly_heavier=>0, :normal=>2}}
D, [2018-03-31T10:57:23.094824 #11260] DEBUG -- : calculating updated score for older state...
D, [2018-03-31T10:57:23.098428 #11260] DEBUG -- : generating weighed rated selections...
D, [2018-03-31T10:57:23.118005 #11260] DEBUG -- : scoring weighed rated selections...
D, [2018-03-31T10:57:23.118140 #11260] DEBUG -- : Saving scored selections...
D, [2018-03-31T10:57:23.121562 #11260] DEBUG -- : State Score successfully calculated


D, [2018-03-31T10:57:23.121654 #11260] DEBUG -- : Scoring new state: {:rating=>9, :state=>{:unknown=>0, :possibly_lighter=>1, :possibly_heavier=>1, :normal=>1}}
D, [2018-03-31T10:57:23.124259 #11260] DEBUG -- : calculating updated score for older state...
D, [2018-03-31T10:57:23.127812 #11260] DEBUG -- : generating weighed rated selections...
D, [2018-03-31T10:57:23.157343 #11260] DEBUG -- : scoring weighed rated selections...
D, [2018-03-31T10:57:23.157465 #11260] DEBUG -- : Saving scored selections...
D, [2018-03-31T10:57:23.162452 #11260] DEBUG -- : State Score successfully calculated


D, [2018-03-31T10:57:23.162549 #11260] DEBUG -- : Saving scored selections...
D, [2018-03-31T10:57:23.167741 #11260] DEBUG -- : -------> building selection...
D, [2018-03-31T10:57:23.168570 #11260] DEBUG -- : -------> building new state...
D, [2018-03-31T10:57:23.168824 #11260] DEBUG -- : -------> building new state...
D, [2018-03-31T10:57:23.169035 #11260] DEBUG -- : -------> building selection...
D, [2018-03-31T10:57:23.169350 #11260] DEBUG -- : -------> building new state...
D, [2018-03-31T10:57:23.169453 #11260] DEBUG -- : -------> building new state...
D, [2018-03-31T10:57:23.169634 #11260] DEBUG -- : -------> building selection...
D, [2018-03-31T10:57:23.169940 #11260] DEBUG -- : -------> building new state...
D, [2018-03-31T10:57:23.170054 #11260] DEBUG -- : -------> building new state...
D, [2018-03-31T10:57:23.170220 #11260] DEBUG -- : -------> building selection...
D, [2018-03-31T10:57:23.170532 #11260] DEBUG -- : -------> building new state...
D, [2018-03-31T10:57:23.170633 #11260] DEBUG -- : -------> building new state...
D, [2018-03-31T10:57:23.170970 #11260] DEBUG -- : -------> building selection...
D, [2018-03-31T10:57:23.171407 #11260] DEBUG -- : -------> building new state...
D, [2018-03-31T10:57:23.171527 #11260] DEBUG -- : -------> building new state...
D, [2018-03-31T10:57:23.171716 #11260] DEBUG -- : -------> building selection...
D, [2018-03-31T10:57:23.172062 #11260] DEBUG -- : -------> building new state...
D, [2018-03-31T10:57:23.172275 #11260] DEBUG -- : -------> building new state...
D, [2018-03-31T10:57:23.242255 #11260] DEBUG -- : calculating updated score for older state...
D, [2018-03-31T10:57:23.245935 #11260] DEBUG -- : generating weighed rated selections...
D, [2018-03-31T10:57:23.259131 #11260] DEBUG -- : scoring weighed rated selections...
D, [2018-03-31T10:57:23.259236 #11260] DEBUG -- : Scoring new state: {:rating=>10, :state=>{:unknown=>1, :possibly_lighter=>0, :possibly_heavier=>0, :normal=>2}}
D, [2018-03-31T10:57:23.262094 #11260] DEBUG -- : calculating updated score for older state...
D, [2018-03-31T10:57:23.265786 #11260] DEBUG -- : generating weighed rated selections...
D, [2018-03-31T10:57:23.286288 #11260] DEBUG -- : scoring weighed rated selections...
D, [2018-03-31T10:57:23.286405 #11260] DEBUG -- : Saving scored selections...
D, [2018-03-31T10:57:23.289826 #11260] DEBUG -- : State Score successfully calculated


D, [2018-03-31T10:57:23.289949 #11260] DEBUG -- : Scoring new state: {:rating=>9, :state=>{:unknown=>0, :possibly_lighter=>1, :possibly_heavier=>1, :normal=>1}}
D, [2018-03-31T10:57:23.292534 #11260] DEBUG -- : calculating updated score for older state...
D, [2018-03-31T10:57:23.296178 #11260] DEBUG -- : generating weighed rated selections...
D, [2018-03-31T10:57:23.326815 #11260] DEBUG -- : scoring weighed rated selections...
D, [2018-03-31T10:57:23.326937 #11260] DEBUG -- : Saving scored selections...
D, [2018-03-31T10:57:23.331913 #11260] DEBUG -- : State Score successfully calculated


D, [2018-03-31T10:57:23.332000 #11260] DEBUG -- : Saving scored selections...
D, [2018-03-31T10:57:23.406756 #11260] DEBUG -- : calculating updated score for older state...
D, [2018-03-31T10:57:23.410358 #11260] DEBUG -- : generating weighed rated selections...
D, [2018-03-31T10:57:23.423162 #11260] DEBUG -- : scoring weighed rated selections...
D, [2018-03-31T10:57:23.423284 #11260] DEBUG -- : Scoring new state: {:rating=>10, :state=>{:unknown=>1, :possibly_lighter=>0, :possibly_heavier=>0, :normal=>2}}
D, [2018-03-31T10:57:23.426229 #11260] DEBUG -- : calculating updated score for older state...
D, [2018-03-31T10:57:23.429941 #11260] DEBUG -- : generating weighed rated selections...
D, [2018-03-31T10:57:23.449767 #11260] DEBUG -- : scoring weighed rated selections...
D, [2018-03-31T10:57:23.449883 #11260] DEBUG -- : Saving scored selections...
D, [2018-03-31T10:57:23.453102 #11260] DEBUG -- : State Score successfully calculated


D, [2018-03-31T10:57:23.453185 #11260] DEBUG -- : Scoring new state: {:rating=>9, :state=>{:unknown=>0, :possibly_lighter=>1, :possibly_heavier=>1, :normal=>1}}
D, [2018-03-31T10:57:23.455919 #11260] DEBUG -- : calculating updated score for older state...
D, [2018-03-31T10:57:23.459535 #11260] DEBUG -- : generating weighed rated selections...
D, [2018-03-31T10:57:23.489376 #11260] DEBUG -- : scoring weighed rated selections...
D, [2018-03-31T10:57:23.489504 #11260] DEBUG -- : Saving scored selections...
D, [2018-03-31T10:57:23.496017 #11260] DEBUG -- : State Score successfully calculated


D, [2018-03-31T10:57:23.496137 #11260] DEBUG -- : Saving scored selections...
D, [2018-03-31T10:57:23.501193 #11260] DEBUG -- : -------> building selection...
D, [2018-03-31T10:57:23.502290 #11260] DEBUG -- : -------> building new state...
D, [2018-03-31T10:57:23.504067 #11260] DEBUG -- : -------> building new state...
D, [2018-03-31T10:57:23.504529 #11260] DEBUG -- : -------> building selection...
D, [2018-03-31T10:57:23.504941 #11260] DEBUG -- : -------> building new state...
D, [2018-03-31T10:57:23.505055 #11260] DEBUG -- : -------> building new state...
D, [2018-03-31T10:57:23.505293 #11260] DEBUG -- : -------> building selection...
D, [2018-03-31T10:57:23.505587 #11260] DEBUG -- : -------> building new state...
D, [2018-03-31T10:57:23.505685 #11260] DEBUG -- : -------> building new state...
D, [2018-03-31T10:57:23.505874 #11260] DEBUG -- : -------> building selection...
D, [2018-03-31T10:57:23.506207 #11260] DEBUG -- : -------> building new state...
D, [2018-03-31T10:57:23.506307 #11260] DEBUG -- : -------> building new state...
D, [2018-03-31T10:57:23.506475 #11260] DEBUG -- : -------> building selection...
D, [2018-03-31T10:57:23.506790 #11260] DEBUG -- : -------> building new state...
D, [2018-03-31T10:57:23.506981 #11260] DEBUG -- : -------> building new state...
D, [2018-03-31T10:57:23.968024 #11260] DEBUG -- : calculating updated score for older state...
D, [2018-03-31T10:57:23.971826 #11260] DEBUG -- : generating weighed rated selections...
D, [2018-03-31T10:57:23.984918 #11260] DEBUG -- : scoring weighed rated selections...
D, [2018-03-31T10:57:23.985047 #11260] DEBUG -- : Scoring new state: {:rating=>10, :state=>{:unknown=>1, :possibly_lighter=>0, :possibly_heavier=>0, :normal=>2}}
D, [2018-03-31T10:57:23.988718 #11260] DEBUG -- : calculating updated score for older state...
D, [2018-03-31T10:57:23.992208 #11260] DEBUG -- : generating weighed rated selections...
D, [2018-03-31T10:57:24.012207 #11260] DEBUG -- : scoring weighed rated selections...
D, [2018-03-31T10:57:24.012325 #11260] DEBUG -- : Saving scored selections...
D, [2018-03-31T10:57:24.015791 #11260] DEBUG -- : State Score successfully calculated


D, [2018-03-31T10:57:24.015895 #11260] DEBUG -- : Scoring new state: {:rating=>9, :state=>{:unknown=>0, :possibly_lighter=>1, :possibly_heavier=>1, :normal=>1}}
D, [2018-03-31T10:57:24.018513 #11260] DEBUG -- : calculating updated score for older state...
D, [2018-03-31T10:57:24.022171 #11260] DEBUG -- : generating weighed rated selections...
D, [2018-03-31T10:57:24.052179 #11260] DEBUG -- : scoring weighed rated selections...
D, [2018-03-31T10:57:24.053402 #11260] DEBUG -- : Saving scored selections...
D, [2018-03-31T10:57:24.058337 #11260] DEBUG -- : State Score successfully calculated


D, [2018-03-31T10:57:24.058422 #11260] DEBUG -- : Saving scored selections...
D, [2018-03-31T10:57:24.134355 #11260] DEBUG -- : calculating updated score for older state...
D, [2018-03-31T10:57:24.137867 #11260] DEBUG -- : generating weighed rated selections...
D, [2018-03-31T10:57:24.150810 #11260] DEBUG -- : scoring weighed rated selections...
D, [2018-03-31T10:57:24.150943 #11260] DEBUG -- : Scoring new state: {:rating=>10, :state=>{:unknown=>1, :possibly_lighter=>0, :possibly_heavier=>0, :normal=>2}}
D, [2018-03-31T10:57:24.153738 #11260] DEBUG -- : calculating updated score for older state...
D, [2018-03-31T10:57:24.157289 #11260] DEBUG -- : generating weighed rated selections...
D, [2018-03-31T10:57:24.177002 #11260] DEBUG -- : scoring weighed rated selections...
D, [2018-03-31T10:57:24.177102 #11260] DEBUG -- : Saving scored selections...
D, [2018-03-31T10:57:24.180304 #11260] DEBUG -- : State Score successfully calculated


D, [2018-03-31T10:57:24.180400 #11260] DEBUG -- : Scoring new state: {:rating=>9, :state=>{:unknown=>0, :possibly_lighter=>1, :possibly_heavier=>1, :normal=>1}}
D, [2018-03-31T10:57:24.183061 #11260] DEBUG -- : calculating updated score for older state...
D, [2018-03-31T10:57:24.186576 #11260] DEBUG -- : generating weighed rated selections...
D, [2018-03-31T10:57:24.216931 #11260] DEBUG -- : scoring weighed rated selections...
D, [2018-03-31T10:57:24.217054 #11260] DEBUG -- : Saving scored selections...
D, [2018-03-31T10:57:24.221801 #11260] DEBUG -- : State Score successfully calculated


D, [2018-03-31T10:57:24.221882 #11260] DEBUG -- : Saving scored selections...
D, [2018-03-31T10:57:24.302534 #11260] DEBUG -- : calculating updated score for older state...
D, [2018-03-31T10:57:24.306268 #11260] DEBUG -- : generating weighed rated selections...
D, [2018-03-31T10:57:24.320157 #11260] DEBUG -- : scoring weighed rated selections...
D, [2018-03-31T10:57:24.320270 #11260] DEBUG -- : Scoring new state: {:rating=>10, :state=>{:unknown=>1, :possibly_lighter=>0, :possibly_heavier=>0, :normal=>2}}
D, [2018-03-31T10:57:24.323336 #11260] DEBUG -- : calculating updated score for older state...
D, [2018-03-31T10:57:24.327012 #11260] DEBUG -- : generating weighed rated selections...
D, [2018-03-31T10:57:24.346820 #11260] DEBUG -- : scoring weighed rated selections...
D, [2018-03-31T10:57:24.346934 #11260] DEBUG -- : Saving scored selections...
D, [2018-03-31T10:57:24.350352 #11260] DEBUG -- : State Score successfully calculated


D, [2018-03-31T10:57:24.350440 #11260] DEBUG -- : Scoring new state: {:rating=>9, :state=>{:unknown=>0, :possibly_lighter=>1, :possibly_heavier=>1, :normal=>1}}
D, [2018-03-31T10:57:24.353129 #11260] DEBUG -- : calculating updated score for older state...
D, [2018-03-31T10:57:24.356748 #11260] DEBUG -- : generating weighed rated selections...
D, [2018-03-31T10:57:24.387090 #11260] DEBUG -- : scoring weighed rated selections...
D, [2018-03-31T10:57:24.387211 #11260] DEBUG -- : Saving scored selections...
D, [2018-03-31T10:57:24.392169 #11260] DEBUG -- : State Score successfully calculated


D, [2018-03-31T10:57:24.392256 #11260] DEBUG -- : Saving scored selections...
D, [2018-03-31T10:57:24.468991 #11260] DEBUG -- : calculating updated score for older state...
D, [2018-03-31T10:57:24.472563 #11260] DEBUG -- : generating weighed rated selections...
D, [2018-03-31T10:57:24.485222 #11260] DEBUG -- : scoring weighed rated selections...
D, [2018-03-31T10:57:24.485344 #11260] DEBUG -- : Scoring new state: {:rating=>10, :state=>{:unknown=>1, :possibly_lighter=>0, :possibly_heavier=>0, :normal=>2}}
D, [2018-03-31T10:57:24.488447 #11260] DEBUG -- : calculating updated score for older state...
D, [2018-03-31T10:57:24.492040 #11260] DEBUG -- : generating weighed rated selections...
D, [2018-03-31T10:57:24.511300 #11260] DEBUG -- : scoring weighed rated selections...
D, [2018-03-31T10:57:24.511433 #11260] DEBUG -- : Saving scored selections...
D, [2018-03-31T10:57:24.514766 #11260] DEBUG -- : State Score successfully calculated


D, [2018-03-31T10:57:24.514876 #11260] DEBUG -- : Scoring new state: {:rating=>9, :state=>{:unknown=>0, :possibly_lighter=>1, :possibly_heavier=>1, :normal=>1}}
D, [2018-03-31T10:57:24.517541 #11260] DEBUG -- : calculating updated score for older state...
D, [2018-03-31T10:57:24.521328 #11260] DEBUG -- : generating weighed rated selections...
D, [2018-03-31T10:57:24.552494 #11260] DEBUG -- : scoring weighed rated selections...
D, [2018-03-31T10:57:24.552620 #11260] DEBUG -- : Saving scored selections...
D, [2018-03-31T10:57:24.557441 #11260] DEBUG -- : State Score successfully calculated


D, [2018-03-31T10:57:24.557522 #11260] DEBUG -- : Saving scored selections...
D, [2018-03-31T10:57:24.649280 #11260] DEBUG -- : calculating updated score for older state...
D, [2018-03-31T10:57:24.652992 #11260] DEBUG -- : generating weighed rated selections...
D, [2018-03-31T10:57:24.666450 #11260] DEBUG -- : scoring weighed rated selections...
D, [2018-03-31T10:57:24.666584 #11260] DEBUG -- : Scoring new state: {:rating=>10, :state=>{:unknown=>1, :possibly_lighter=>0, :possibly_heavier=>0, :normal=>2}}
D, [2018-03-31T10:57:24.669527 #11260] DEBUG -- : calculating updated score for older state...
D, [2018-03-31T10:57:24.673225 #11260] DEBUG -- : generating weighed rated selections...
D, [2018-03-31T10:57:24.694153 #11260] DEBUG -- : scoring weighed rated selections...
D, [2018-03-31T10:57:24.694274 #11260] DEBUG -- : Saving scored selections...
D, [2018-03-31T10:57:24.697622 #11260] DEBUG -- : State Score successfully calculated


D, [2018-03-31T10:57:24.697714 #11260] DEBUG -- : Scoring new state: {:rating=>9, :state=>{:unknown=>0, :possibly_lighter=>1, :possibly_heavier=>1, :normal=>1}}
D, [2018-03-31T10:57:24.700294 #11260] DEBUG -- : calculating updated score for older state...
D, [2018-03-31T10:57:24.703941 #11260] DEBUG -- : generating weighed rated selections...
D, [2018-03-31T10:57:24.735416 #11260] DEBUG -- : scoring weighed rated selections...
D, [2018-03-31T10:57:24.735541 #11260] DEBUG -- : Saving scored selections...
D, [2018-03-31T10:57:24.740305 #11260] DEBUG -- : State Score successfully calculated


D, [2018-03-31T10:57:24.740386 #11260] DEBUG -- : Saving scored selections...
D, [2018-03-31T10:57:24.816136 #11260] DEBUG -- : calculating updated score for older state...
D, [2018-03-31T10:57:24.819883 #11260] DEBUG -- : generating weighed rated selections...
D, [2018-03-31T10:57:24.832785 #11260] DEBUG -- : scoring weighed rated selections...
D, [2018-03-31T10:57:24.832929 #11260] DEBUG -- : Scoring new state: {:rating=>10, :state=>{:unknown=>1, :possibly_lighter=>0, :possibly_heavier=>0, :normal=>2}}
D, [2018-03-31T10:57:24.835834 #11260] DEBUG -- : calculating updated score for older state...
D, [2018-03-31T10:57:24.839414 #11260] DEBUG -- : generating weighed rated selections...
D, [2018-03-31T10:57:24.859623 #11260] DEBUG -- : scoring weighed rated selections...
D, [2018-03-31T10:57:24.859748 #11260] DEBUG -- : Saving scored selections...
D, [2018-03-31T10:57:24.863066 #11260] DEBUG -- : State Score successfully calculated


D, [2018-03-31T10:57:24.863152 #11260] DEBUG -- : Scoring new state: {:rating=>9, :state=>{:unknown=>0, :possibly_lighter=>1, :possibly_heavier=>1, :normal=>1}}
D, [2018-03-31T10:57:24.865802 #11260] DEBUG -- : calculating updated score for older state...
D, [2018-03-31T10:57:24.869411 #11260] DEBUG -- : generating weighed rated selections...
D, [2018-03-31T10:57:24.899767 #11260] DEBUG -- : scoring weighed rated selections...
D, [2018-03-31T10:57:24.899887 #11260] DEBUG -- : Saving scored selections...
D, [2018-03-31T10:57:24.904873 #11260] DEBUG -- : State Score successfully calculated


D, [2018-03-31T10:57:24.904951 #11260] DEBUG -- : Saving scored selections...
D, [2018-03-31T10:57:24.981040 #11260] DEBUG -- : calculating updated score for older state...
D, [2018-03-31T10:57:24.984587 #11260] DEBUG -- : generating weighed rated selections...
D, [2018-03-31T10:57:24.997517 #11260] DEBUG -- : scoring weighed rated selections...
D, [2018-03-31T10:57:24.997670 #11260] DEBUG -- : Scoring new state: {:rating=>10, :state=>{:unknown=>1, :possibly_lighter=>0, :possibly_heavier=>0, :normal=>2}}
D, [2018-03-31T10:57:25.000540 #11260] DEBUG -- : calculating updated score for older state...
D, [2018-03-31T10:57:25.004053 #11260] DEBUG -- : generating weighed rated selections...
D, [2018-03-31T10:57:25.047361 #11260] DEBUG -- : scoring weighed rated selections...
D, [2018-03-31T10:57:25.047508 #11260] DEBUG -- : Saving scored selections...
D, [2018-03-31T10:57:25.055329 #11260] DEBUG -- : State Score successfully calculated


D, [2018-03-31T10:57:25.055451 #11260] DEBUG -- : Scoring new state: {:rating=>9, :state=>{:unknown=>0, :possibly_lighter=>1, :possibly_heavier=>1, :normal=>1}}
D, [2018-03-31T10:57:25.058721 #11260] DEBUG -- : calculating updated score for older state...
D, [2018-03-31T10:57:25.063852 #11260] DEBUG -- : generating weighed rated selections...
D, [2018-03-31T10:57:25.096204 #11260] DEBUG -- : scoring weighed rated selections...
D, [2018-03-31T10:57:25.096345 #11260] DEBUG -- : Saving scored selections...
D, [2018-03-31T10:57:25.103012 #11260] DEBUG -- : State Score successfully calculated


D, [2018-03-31T10:57:25.103102 #11260] DEBUG -- : Saving scored selections...
D, [2018-03-31T10:57:25.182555 #11260] DEBUG -- : calculating updated score for older state...
D, [2018-03-31T10:57:25.186532 #11260] DEBUG -- : generating weighed rated selections...
D, [2018-03-31T10:57:25.200311 #11260] DEBUG -- : scoring weighed rated selections...
D, [2018-03-31T10:57:25.200456 #11260] DEBUG -- : Scoring new state: {:rating=>10, :state=>{:unknown=>1, :possibly_lighter=>0, :possibly_heavier=>0, :normal=>2}}
D, [2018-03-31T10:57:25.204899 #11260] DEBUG -- : calculating updated score for older state...
D, [2018-03-31T10:57:25.208799 #11260] DEBUG -- : generating weighed rated selections...
D, [2018-03-31T10:57:25.230502 #11260] DEBUG -- : scoring weighed rated selections...
D, [2018-03-31T10:57:25.230628 #11260] DEBUG -- : Saving scored selections...
D, [2018-03-31T10:57:25.235597 #11260] DEBUG -- : State Score successfully calculated


D, [2018-03-31T10:57:25.235681 #11260] DEBUG -- : Scoring new state: {:rating=>9, :state=>{:unknown=>0, :possibly_lighter=>1, :possibly_heavier=>1, :normal=>1}}
D, [2018-03-31T10:57:25.238305 #11260] DEBUG -- : calculating updated score for older state...
D, [2018-03-31T10:57:25.241730 #11260] DEBUG -- : generating weighed rated selections...
D, [2018-03-31T10:57:25.272630 #11260] DEBUG -- : scoring weighed rated selections...
D, [2018-03-31T10:57:25.272766 #11260] DEBUG -- : Saving scored selections...
D, [2018-03-31T10:57:25.279498 #11260] DEBUG -- : State Score successfully calculated


D, [2018-03-31T10:57:25.279586 #11260] DEBUG -- : Saving scored selections...
D, [2018-03-31T10:57:25.363445 #11260] DEBUG -- : calculating updated score for older state...
D, [2018-03-31T10:57:25.367490 #11260] DEBUG -- : generating weighed rated selections...
D, [2018-03-31T10:57:25.380491 #11260] DEBUG -- : scoring weighed rated selections...
D, [2018-03-31T10:57:25.380620 #11260] DEBUG -- : Scoring new state: {:rating=>10, :state=>{:unknown=>1, :possibly_lighter=>0, :possibly_heavier=>0, :normal=>2}}
D, [2018-03-31T10:57:25.384176 #11260] DEBUG -- : calculating updated score for older state...
D, [2018-03-31T10:57:25.387822 #11260] DEBUG -- : generating weighed rated selections...
D, [2018-03-31T10:57:25.407127 #11260] DEBUG -- : scoring weighed rated selections...
D, [2018-03-31T10:57:25.407252 #11260] DEBUG -- : Saving scored selections...
D, [2018-03-31T10:57:25.410752 #11260] DEBUG -- : State Score successfully calculated


D, [2018-03-31T10:57:25.410922 #11260] DEBUG -- : Scoring new state: {:rating=>9, :state=>{:unknown=>0, :possibly_lighter=>1, :possibly_heavier=>1, :normal=>1}}
D, [2018-03-31T10:57:25.414333 #11260] DEBUG -- : calculating updated score for older state...
D, [2018-03-31T10:57:25.417970 #11260] DEBUG -- : generating weighed rated selections...
D, [2018-03-31T10:57:25.448121 #11260] DEBUG -- : scoring weighed rated selections...
D, [2018-03-31T10:57:25.448269 #11260] DEBUG -- : Saving scored selections...
D, [2018-03-31T10:57:25.453670 #11260] DEBUG -- : State Score successfully calculated


D, [2018-03-31T10:57:25.453783 #11260] DEBUG -- : Saving scored selections...
D, [2018-03-31T10:57:25.531885 #11260] DEBUG -- : calculating updated score for older state...
D, [2018-03-31T10:57:25.535607 #11260] DEBUG -- : generating weighed rated selections...
D, [2018-03-31T10:57:25.548908 #11260] DEBUG -- : scoring weighed rated selections...
D, [2018-03-31T10:57:25.549064 #11260] DEBUG -- : Scoring new state: {:rating=>10, :state=>{:unknown=>1, :possibly_lighter=>0, :possibly_heavier=>0, :normal=>2}}
D, [2018-03-31T10:57:25.552477 #11260] DEBUG -- : calculating updated score for older state...
D, [2018-03-31T10:57:25.557020 #11260] DEBUG -- : generating weighed rated selections...
D, [2018-03-31T10:57:25.581044 #11260] DEBUG -- : scoring weighed rated selections...
D, [2018-03-31T10:57:25.581151 #11260] DEBUG -- : Saving scored selections...
D, [2018-03-31T10:57:25.584550 #11260] DEBUG -- : State Score successfully calculated


D, [2018-03-31T10:57:25.584646 #11260] DEBUG -- : Scoring new state: {:rating=>9, :state=>{:unknown=>0, :possibly_lighter=>1, :possibly_heavier=>1, :normal=>1}}
D, [2018-03-31T10:57:25.587430 #11260] DEBUG -- : calculating updated score for older state...
D, [2018-03-31T10:57:25.591115 #11260] DEBUG -- : generating weighed rated selections...
D, [2018-03-31T10:57:25.621166 #11260] DEBUG -- : scoring weighed rated selections...
D, [2018-03-31T10:57:25.621298 #11260] DEBUG -- : Saving scored selections...
D, [2018-03-31T10:57:25.626029 #11260] DEBUG -- : State Score successfully calculated


D, [2018-03-31T10:57:25.626118 #11260] DEBUG -- : Saving scored selections...
D, [2018-03-31T10:57:25.699977 #11260] DEBUG -- : calculating updated score for older state...
D, [2018-03-31T10:57:25.703544 #11260] DEBUG -- : generating weighed rated selections...
D, [2018-03-31T10:57:25.716528 #11260] DEBUG -- : scoring weighed rated selections...
D, [2018-03-31T10:57:25.716658 #11260] DEBUG -- : Scoring new state: {:rating=>10, :state=>{:unknown=>1, :possibly_lighter=>0, :possibly_heavier=>0, :normal=>2}}
D, [2018-03-31T10:57:25.719702 #11260] DEBUG -- : calculating updated score for older state...
D, [2018-03-31T10:57:25.723315 #11260] DEBUG -- : generating weighed rated selections...
D, [2018-03-31T10:57:25.743390 #11260] DEBUG -- : scoring weighed rated selections...
D, [2018-03-31T10:57:25.743506 #11260] DEBUG -- : Saving scored selections...
D, [2018-03-31T10:57:25.748382 #11260] DEBUG -- : State Score successfully calculated


D, [2018-03-31T10:57:25.748477 #11260] DEBUG -- : Scoring new state: {:rating=>9, :state=>{:unknown=>0, :possibly_lighter=>1, :possibly_heavier=>1, :normal=>1}}
D, [2018-03-31T10:57:25.751126 #11260] DEBUG -- : calculating updated score for older state...
D, [2018-03-31T10:57:25.754661 #11260] DEBUG -- : generating weighed rated selections...
D, [2018-03-31T10:57:25.786017 #11260] DEBUG -- : scoring weighed rated selections...
D, [2018-03-31T10:57:25.786138 #11260] DEBUG -- : Saving scored selections...
D, [2018-03-31T10:57:25.791130 #11260] DEBUG -- : State Score successfully calculated


D, [2018-03-31T10:57:25.791205 #11260] DEBUG -- : Saving scored selections...
D, [2018-03-31T10:57:25.865687 #11260] DEBUG -- : calculating updated score for older state...
D, [2018-03-31T10:57:25.869247 #11260] DEBUG -- : generating weighed rated selections...
D, [2018-03-31T10:57:25.882541 #11260] DEBUG -- : scoring weighed rated selections...
D, [2018-03-31T10:57:25.882669 #11260] DEBUG -- : Scoring new state: {:rating=>10, :state=>{:unknown=>1, :possibly_lighter=>0, :possibly_heavier=>0, :normal=>2}}
D, [2018-03-31T10:57:25.885585 #11260] DEBUG -- : calculating updated score for older state...
D, [2018-03-31T10:57:25.890259 #11260] DEBUG -- : generating weighed rated selections...
D, [2018-03-31T10:57:25.910005 #11260] DEBUG -- : scoring weighed rated selections...
D, [2018-03-31T10:57:25.910137 #11260] DEBUG -- : Saving scored selections...
D, [2018-03-31T10:57:25.913419 #11260] DEBUG -- : State Score successfully calculated


D, [2018-03-31T10:57:25.913510 #11260] DEBUG -- : Scoring new state: {:rating=>9, :state=>{:unknown=>0, :possibly_lighter=>1, :possibly_heavier=>1, :normal=>1}}
D, [2018-03-31T10:57:25.916120 #11260] DEBUG -- : calculating updated score for older state...
D, [2018-03-31T10:57:25.920109 #11260] DEBUG -- : generating weighed rated selections...
D, [2018-03-31T10:57:25.949877 #11260] DEBUG -- : scoring weighed rated selections...
D, [2018-03-31T10:57:25.950047 #11260] DEBUG -- : Saving scored selections...
D, [2018-03-31T10:57:25.955173 #11260] DEBUG -- : State Score successfully calculated


D, [2018-03-31T10:57:25.955256 #11260] DEBUG -- : Saving scored selections...
D, [2018-03-31T10:57:26.035927 #11260] DEBUG -- : calculating updated score for older state...
D, [2018-03-31T10:57:26.040098 #11260] DEBUG -- : generating weighed rated selections...
D, [2018-03-31T10:57:26.054231 #11260] DEBUG -- : scoring weighed rated selections...
D, [2018-03-31T10:57:26.054381 #11260] DEBUG -- : Scoring new state: {:rating=>10, :state=>{:unknown=>1, :possibly_lighter=>0, :possibly_heavier=>0, :normal=>2}}
D, [2018-03-31T10:57:26.057317 #11260] DEBUG -- : calculating updated score for older state...
D, [2018-03-31T10:57:26.060886 #11260] DEBUG -- : generating weighed rated selections...
D, [2018-03-31T10:57:26.081110 #11260] DEBUG -- : scoring weighed rated selections...
D, [2018-03-31T10:57:26.081228 #11260] DEBUG -- : Saving scored selections...
D, [2018-03-31T10:57:26.085514 #11260] DEBUG -- : State Score successfully calculated


D, [2018-03-31T10:57:26.085607 #11260] DEBUG -- : Scoring new state: {:rating=>9, :state=>{:unknown=>0, :possibly_lighter=>1, :possibly_heavier=>1, :normal=>1}}
D, [2018-03-31T10:57:26.088234 #11260] DEBUG -- : calculating updated score for older state...
D, [2018-03-31T10:57:26.091771 #11260] DEBUG -- : generating weighed rated selections...
D, [2018-03-31T10:57:26.122627 #11260] DEBUG -- : scoring weighed rated selections...
D, [2018-03-31T10:57:26.122762 #11260] DEBUG -- : Saving scored selections...
D, [2018-03-31T10:57:26.127828 #11260] DEBUG -- : State Score successfully calculated


D, [2018-03-31T10:57:26.127966 #11260] DEBUG -- : Saving scored selections...
D, [2018-03-31T10:57:26.209507 #11260] DEBUG -- : calculating updated score for older state...
D, [2018-03-31T10:57:26.213129 #11260] DEBUG -- : generating weighed rated selections...
D, [2018-03-31T10:57:26.226109 #11260] DEBUG -- : scoring weighed rated selections...
D, [2018-03-31T10:57:26.226220 #11260] DEBUG -- : Scoring new state: {:rating=>10, :state=>{:unknown=>1, :possibly_lighter=>0, :possibly_heavier=>0, :normal=>2}}
D, [2018-03-31T10:57:26.230045 #11260] DEBUG -- : calculating updated score for older state...
D, [2018-03-31T10:57:26.233903 #11260] DEBUG -- : generating weighed rated selections...
D, [2018-03-31T10:57:26.253328 #11260] DEBUG -- : scoring weighed rated selections...
D, [2018-03-31T10:57:26.253447 #11260] DEBUG -- : Saving scored selections...
D, [2018-03-31T10:57:26.256839 #11260] DEBUG -- : State Score successfully calculated


D, [2018-03-31T10:57:26.256963 #11260] DEBUG -- : Scoring new state: {:rating=>9, :state=>{:unknown=>0, :possibly_lighter=>1, :possibly_heavier=>1, :normal=>1}}
D, [2018-03-31T10:57:26.259679 #11260] DEBUG -- : calculating updated score for older state...
D, [2018-03-31T10:57:26.263219 #11260] DEBUG -- : generating weighed rated selections...
D, [2018-03-31T10:57:26.293517 #11260] DEBUG -- : scoring weighed rated selections...
D, [2018-03-31T10:57:26.293654 #11260] DEBUG -- : Saving scored selections...
D, [2018-03-31T10:57:26.298306 #11260] DEBUG -- : State Score successfully calculated


D, [2018-03-31T10:57:26.298393 #11260] DEBUG -- : Saving scored selections...
D, [2018-03-31T10:57:27.208547 #11260] DEBUG -- : Scoring new state: {:rating=>29, :state=>{:unknown=>1, :possibly_lighter=>2, :possibly_heavier=>0, :normal=>5}}
D, [2018-03-31T10:57:27.211465 #11260] DEBUG -- : generating score for new state...
D, [2018-03-31T10:57:27.215305 #11260] DEBUG -- : new state info recorded
D, [2018-03-31T10:57:27.219094 #11260] DEBUG -- : generating weighed rated selections...
D, [2018-03-31T10:57:27.475431 #11260] DEBUG -- : scoring weighed rated selections...
D, [2018-03-31T10:57:27.475619 #11260] DEBUG -- : Scoring new state: {:rating=>35, :state=>{:unknown=>1, :possibly_lighter=>0, :possibly_heavier=>0, :normal=>7}}
D, [2018-03-31T10:57:27.478524 #11260] DEBUG -- : calculating updated score for older state...
D, [2018-03-31T10:57:27.484947 #11260] DEBUG -- : generating weighed rated selections...
D, [2018-03-31T10:57:27.540021 #11260] DEBUG -- : scoring weighed rated selections...
D, [2018-03-31T10:57:27.540170 #11260] DEBUG -- : Saving scored selections...
D, [2018-03-31T10:57:27.548194 #11260] DEBUG -- : State Score successfully calculated


D, [2018-03-31T10:57:27.548297 #11260] DEBUG -- : Scoring new state: {:rating=>37, :state=>{:unknown=>0, :possibly_lighter=>1, :possibly_heavier=>0, :normal=>7}}
D, [2018-03-31T10:57:27.548333 #11260] DEBUG -- : State Score successfully calculated


D, [2018-03-31T10:57:27.548369 #11260] DEBUG -- : Scoring new state: {:rating=>35, :state=>{:unknown=>1, :possibly_lighter=>0, :possibly_heavier=>0, :normal=>7}}
D, [2018-03-31T10:57:27.551032 #11260] DEBUG -- : returning fully calculated score...
D, [2018-03-31T10:57:27.551101 #11260] DEBUG -- : State Score successfully calculated


D, [2018-03-31T10:57:27.551152 #11260] DEBUG -- : Scoring new state: {:rating=>37, :state=>{:unknown=>0, :possibly_lighter=>1, :possibly_heavier=>0, :normal=>7}}
D, [2018-03-31T10:57:27.551178 #11260] DEBUG -- : State Score successfully calculated


D, [2018-03-31T10:57:27.551212 #11260] DEBUG -- : Scoring new state: {:rating=>35, :state=>{:unknown=>1, :possibly_lighter=>0, :possibly_heavier=>0, :normal=>7}}
D, [2018-03-31T10:57:27.553841 #11260] DEBUG -- : returning fully calculated score...
D, [2018-03-31T10:57:27.553918 #11260] DEBUG -- : State Score successfully calculated


D, [2018-03-31T10:57:27.553960 #11260] DEBUG -- : Scoring new state: {:rating=>37, :state=>{:unknown=>0, :possibly_lighter=>1, :possibly_heavier=>0, :normal=>7}}
D, [2018-03-31T10:57:27.554008 #11260] DEBUG -- : State Score successfully calculated


D, [2018-03-31T10:57:27.554063 #11260] DEBUG -- : Scoring new state: {:rating=>37, :state=>{:unknown=>0, :possibly_lighter=>0, :possibly_heavier=>1, :normal=>7}}
D, [2018-03-31T10:57:27.554092 #11260] DEBUG -- : State Score successfully calculated


D, [2018-03-31T10:57:27.554127 #11260] DEBUG -- : Scoring new state: {:rating=>37, :state=>{:unknown=>0, :possibly_lighter=>1, :possibly_heavier=>0, :normal=>7}}
D, [2018-03-31T10:57:27.554155 #11260] DEBUG -- : State Score successfully calculated


D, [2018-03-31T10:57:27.554183 #11260] DEBUG -- : Scoring new state: {:rating=>34, :state=>{:unknown=>0, :possibly_lighter=>2, :possibly_heavier=>0, :normal=>6}}
D, [2018-03-31T10:57:27.556808 #11260] DEBUG -- : calculating updated score for older state...
D, [2018-03-31T10:57:27.560177 #11260] DEBUG -- : generating weighed rated selections...
D, [2018-03-31T10:57:27.615961 #11260] DEBUG -- : scoring weighed rated selections...
D, [2018-03-31T10:57:27.616105 #11260] DEBUG -- : Saving scored selections...
D, [2018-03-31T10:57:27.625834 #11260] DEBUG -- : State Score successfully calculated


D, [2018-03-31T10:57:27.625939 #11260] DEBUG -- : Scoring new state: {:rating=>34, :state=>{:unknown=>0, :possibly_lighter=>1, :possibly_heavier=>1, :normal=>6}}
D, [2018-03-31T10:57:27.628524 #11260] DEBUG -- : calculating updated score for older state...
D, [2018-03-31T10:57:27.632048 #11260] DEBUG -- : generating weighed rated selections...
D, [2018-03-31T10:57:27.761289 #11260] DEBUG -- : scoring weighed rated selections...
D, [2018-03-31T10:57:27.761436 #11260] DEBUG -- : Saving scored selections...
D, [2018-03-31T10:57:27.778071 #11260] DEBUG -- : State Score successfully calculated


D, [2018-03-31T10:57:27.778161 #11260] DEBUG -- : Scoring new state: {:rating=>37, :state=>{:unknown=>0, :possibly_lighter=>1, :possibly_heavier=>0, :normal=>7}}
D, [2018-03-31T10:57:27.778187 #11260] DEBUG -- : State Score successfully calculated


D, [2018-03-31T10:57:27.778223 #11260] DEBUG -- : Scoring new state: {:rating=>37, :state=>{:unknown=>0, :possibly_lighter=>0, :possibly_heavier=>1, :normal=>7}}
D, [2018-03-31T10:57:27.778243 #11260] DEBUG -- : State Score successfully calculated


D, [2018-03-31T10:57:27.778268 #11260] DEBUG -- : Scoring new state: {:rating=>37, :state=>{:unknown=>0, :possibly_lighter=>1, :possibly_heavier=>0, :normal=>7}}
D, [2018-03-31T10:57:27.778287 #11260] DEBUG -- : State Score successfully calculated


D, [2018-03-31T10:57:27.778312 #11260] DEBUG -- : Scoring new state: {:rating=>34, :state=>{:unknown=>0, :possibly_lighter=>2, :possibly_heavier=>0, :normal=>6}}
D, [2018-03-31T10:57:27.780957 #11260] DEBUG -- : returning fully calculated score...
D, [2018-03-31T10:57:27.781027 #11260] DEBUG -- : State Score successfully calculated


D, [2018-03-31T10:57:27.781083 #11260] DEBUG -- : Scoring new state: {:rating=>34, :state=>{:unknown=>0, :possibly_lighter=>1, :possibly_heavier=>1, :normal=>6}}
D, [2018-03-31T10:57:27.783668 #11260] DEBUG -- : returning fully calculated score...
D, [2018-03-31T10:57:27.783790 #11260] DEBUG -- : State Score successfully calculated


D, [2018-03-31T10:57:27.783839 #11260] DEBUG -- : Scoring new state: {:rating=>37, :state=>{:unknown=>0, :possibly_lighter=>1, :possibly_heavier=>0, :normal=>7}}
D, [2018-03-31T10:57:27.783864 #11260] DEBUG -- : State Score successfully calculated


D, [2018-03-31T10:57:27.783898 #11260] DEBUG -- : Scoring new state: {:rating=>37, :state=>{:unknown=>0, :possibly_lighter=>0, :possibly_heavier=>1, :normal=>7}}
D, [2018-03-31T10:57:27.783918 #11260] DEBUG -- : State Score successfully calculated


D, [2018-03-31T10:57:27.783945 #11260] DEBUG -- : Scoring new state: {:rating=>37, :state=>{:unknown=>0, :possibly_lighter=>1, :possibly_heavier=>0, :normal=>7}}
D, [2018-03-31T10:57:27.783964 #11260] DEBUG -- : State Score successfully calculated


D, [2018-03-31T10:57:27.783989 #11260] DEBUG -- : Scoring new state: {:rating=>34, :state=>{:unknown=>0, :possibly_lighter=>2, :possibly_heavier=>0, :normal=>6}}
D, [2018-03-31T10:57:27.786498 #11260] DEBUG -- : returning fully calculated score...
D, [2018-03-31T10:57:27.786560 #11260] DEBUG -- : State Score successfully calculated


D, [2018-03-31T10:57:27.786641 #11260] DEBUG -- : Scoring new state: {:rating=>35, :state=>{:unknown=>1, :possibly_lighter=>0, :possibly_heavier=>0, :normal=>7}}
D, [2018-03-31T10:57:27.789067 #11260] DEBUG -- : returning fully calculated score...
D, [2018-03-31T10:57:27.789132 #11260] DEBUG -- : State Score successfully calculated


D, [2018-03-31T10:57:27.789185 #11260] DEBUG -- : Scoring new state: {:rating=>34, :state=>{:unknown=>0, :possibly_lighter=>2, :possibly_heavier=>0, :normal=>6}}
D, [2018-03-31T10:57:27.791643 #11260] DEBUG -- : returning fully calculated score...
D, [2018-03-31T10:57:27.791707 #11260] DEBUG -- : State Score successfully calculated


D, [2018-03-31T10:57:27.791766 #11260] DEBUG -- : Scoring new state: {:rating=>37, :state=>{:unknown=>0, :possibly_lighter=>0, :possibly_heavier=>1, :normal=>7}}
D, [2018-03-31T10:57:27.791844 #11260] DEBUG -- : State Score successfully calculated


D, [2018-03-31T10:57:27.791876 #11260] DEBUG -- : Scoring new state: {:rating=>34, :state=>{:unknown=>0, :possibly_lighter=>2, :possibly_heavier=>0, :normal=>6}}
D, [2018-03-31T10:57:27.794321 #11260] DEBUG -- : returning fully calculated score...
D, [2018-03-31T10:57:27.794386 #11260] DEBUG -- : State Score successfully calculated


D, [2018-03-31T10:57:27.794418 #11260] DEBUG -- : Scoring new state: {:rating=>37, :state=>{:unknown=>0, :possibly_lighter=>1, :possibly_heavier=>0, :normal=>7}}
D, [2018-03-31T10:57:27.794441 #11260] DEBUG -- : State Score successfully calculated


D, [2018-03-31T10:57:27.794475 #11260] DEBUG -- : Scoring new state: {:rating=>34, :state=>{:unknown=>0, :possibly_lighter=>1, :possibly_heavier=>1, :normal=>6}}
D, [2018-03-31T10:57:27.796906 #11260] DEBUG -- : returning fully calculated score...
D, [2018-03-31T10:57:27.796972 #11260] DEBUG -- : State Score successfully calculated


D, [2018-03-31T10:57:27.797003 #11260] DEBUG -- : Scoring new state: {:rating=>37, :state=>{:unknown=>0, :possibly_lighter=>1, :possibly_heavier=>0, :normal=>7}}
D, [2018-03-31T10:57:27.797025 #11260] DEBUG -- : State Score successfully calculated


D, [2018-03-31T10:57:27.797058 #11260] DEBUG -- : Scoring new state: {:rating=>34, :state=>{:unknown=>0, :possibly_lighter=>1, :possibly_heavier=>1, :normal=>6}}
D, [2018-03-31T10:57:27.799525 #11260] DEBUG -- : returning fully calculated score...
D, [2018-03-31T10:57:27.799594 #11260] DEBUG -- : State Score successfully calculated


D, [2018-03-31T10:57:27.799626 #11260] DEBUG -- : Scoring new state: {:rating=>34, :state=>{:unknown=>0, :possibly_lighter=>2, :possibly_heavier=>0, :normal=>6}}
D, [2018-03-31T10:57:27.801989 #11260] DEBUG -- : returning fully calculated score...
D, [2018-03-31T10:57:27.802062 #11260] DEBUG -- : State Score successfully calculated


D, [2018-03-31T10:57:27.802122 #11260] DEBUG -- : Scoring new state: {:rating=>37, :state=>{:unknown=>0, :possibly_lighter=>0, :possibly_heavier=>1, :normal=>7}}
D, [2018-03-31T10:57:27.802149 #11260] DEBUG -- : State Score successfully calculated


D, [2018-03-31T10:57:27.802176 #11260] DEBUG -- : Scoring new state: {:rating=>37, :state=>{:unknown=>0, :possibly_lighter=>1, :possibly_heavier=>0, :normal=>7}}
D, [2018-03-31T10:57:27.802196 #11260] DEBUG -- : State Score successfully calculated


D, [2018-03-31T10:57:27.802221 #11260] DEBUG -- : Scoring new state: {:rating=>34, :state=>{:unknown=>0, :possibly_lighter=>2, :possibly_heavier=>0, :normal=>6}}
D, [2018-03-31T10:57:27.804739 #11260] DEBUG -- : returning fully calculated score...
D, [2018-03-31T10:57:27.804802 #11260] DEBUG -- : State Score successfully calculated


D, [2018-03-31T10:57:27.804861 #11260] DEBUG -- : Scoring new state: {:rating=>34, :state=>{:unknown=>0, :possibly_lighter=>1, :possibly_heavier=>1, :normal=>6}}
D, [2018-03-31T10:57:27.807259 #11260] DEBUG -- : returning fully calculated score...
D, [2018-03-31T10:57:27.807354 #11260] DEBUG -- : State Score successfully calculated


D, [2018-03-31T10:57:27.807390 #11260] DEBUG -- : Scoring new state: {:rating=>37, :state=>{:unknown=>0, :possibly_lighter=>1, :possibly_heavier=>0, :normal=>7}}
D, [2018-03-31T10:57:27.807416 #11260] DEBUG -- : State Score successfully calculated


D, [2018-03-31T10:57:27.807449 #11260] DEBUG -- : Scoring new state: {:rating=>35, :state=>{:unknown=>1, :possibly_lighter=>0, :possibly_heavier=>0, :normal=>7}}
D, [2018-03-31T10:57:27.809884 #11260] DEBUG -- : returning fully calculated score...
D, [2018-03-31T10:57:27.809947 #11260] DEBUG -- : State Score successfully calculated


D, [2018-03-31T10:57:27.809997 #11260] DEBUG -- : Scoring new state: {:rating=>34, :state=>{:unknown=>0, :possibly_lighter=>2, :possibly_heavier=>0, :normal=>6}}
D, [2018-03-31T10:57:27.812451 #11260] DEBUG -- : returning fully calculated score...
D, [2018-03-31T10:57:27.812516 #11260] DEBUG -- : State Score successfully calculated


D, [2018-03-31T10:57:27.812628 #11260] DEBUG -- : Scoring new state: {:rating=>37, :state=>{:unknown=>0, :possibly_lighter=>0, :possibly_heavier=>1, :normal=>7}}
D, [2018-03-31T10:57:27.812654 #11260] DEBUG -- : State Score successfully calculated


D, [2018-03-31T10:57:27.812680 #11260] DEBUG -- : Scoring new state: {:rating=>34, :state=>{:unknown=>0, :possibly_lighter=>2, :possibly_heavier=>0, :normal=>6}}
D, [2018-03-31T10:57:27.815117 #11260] DEBUG -- : returning fully calculated score...
D, [2018-03-31T10:57:27.815175 #11260] DEBUG -- : State Score successfully calculated


D, [2018-03-31T10:57:27.815211 #11260] DEBUG -- : Scoring new state: {:rating=>37, :state=>{:unknown=>0, :possibly_lighter=>1, :possibly_heavier=>0, :normal=>7}}
D, [2018-03-31T10:57:27.815234 #11260] DEBUG -- : State Score successfully calculated


D, [2018-03-31T10:57:27.815269 #11260] DEBUG -- : Scoring new state: {:rating=>34, :state=>{:unknown=>0, :possibly_lighter=>1, :possibly_heavier=>1, :normal=>6}}
D, [2018-03-31T10:57:27.817804 #11260] DEBUG -- : returning fully calculated score...
D, [2018-03-31T10:57:27.817883 #11260] DEBUG -- : State Score successfully calculated


D, [2018-03-31T10:57:27.817928 #11260] DEBUG -- : Scoring new state: {:rating=>34, :state=>{:unknown=>0, :possibly_lighter=>2, :possibly_heavier=>0, :normal=>6}}
D, [2018-03-31T10:57:27.820530 #11260] DEBUG -- : returning fully calculated score...
D, [2018-03-31T10:57:27.820600 #11260] DEBUG -- : State Score successfully calculated


D, [2018-03-31T10:57:27.820661 #11260] DEBUG -- : Scoring new state: {:rating=>37, :state=>{:unknown=>0, :possibly_lighter=>0, :possibly_heavier=>1, :normal=>7}}
D, [2018-03-31T10:57:27.820687 #11260] DEBUG -- : State Score successfully calculated


D, [2018-03-31T10:57:27.820714 #11260] DEBUG -- : Scoring new state: {:rating=>37, :state=>{:unknown=>0, :possibly_lighter=>1, :possibly_heavier=>0, :normal=>7}}
D, [2018-03-31T10:57:27.820747 #11260] DEBUG -- : State Score successfully calculated


D, [2018-03-31T10:57:27.820773 #11260] DEBUG -- : Scoring new state: {:rating=>34, :state=>{:unknown=>0, :possibly_lighter=>2, :possibly_heavier=>0, :normal=>6}}
D, [2018-03-31T10:57:27.824185 #11260] DEBUG -- : returning fully calculated score...
D, [2018-03-31T10:57:27.824257 #11260] DEBUG -- : State Score successfully calculated


D, [2018-03-31T10:57:27.824301 #11260] DEBUG -- : Scoring new state: {:rating=>35, :state=>{:unknown=>1, :possibly_lighter=>0, :possibly_heavier=>0, :normal=>7}}
D, [2018-03-31T10:57:27.826778 #11260] DEBUG -- : returning fully calculated score...
D, [2018-03-31T10:57:27.826881 #11260] DEBUG -- : State Score successfully calculated


D, [2018-03-31T10:57:27.826917 #11260] DEBUG -- : Scoring new state: {:rating=>34, :state=>{:unknown=>0, :possibly_lighter=>2, :possibly_heavier=>0, :normal=>6}}
D, [2018-03-31T10:57:27.829341 #11260] DEBUG -- : returning fully calculated score...
D, [2018-03-31T10:57:27.829409 #11260] DEBUG -- : State Score successfully calculated


D, [2018-03-31T10:57:27.829469 #11260] DEBUG -- : Scoring new state: {:rating=>37, :state=>{:unknown=>0, :possibly_lighter=>0, :possibly_heavier=>1, :normal=>7}}
D, [2018-03-31T10:57:27.829494 #11260] DEBUG -- : State Score successfully calculated


D, [2018-03-31T10:57:27.829547 #11260] DEBUG -- : Scoring new state: {:rating=>34, :state=>{:unknown=>0, :possibly_lighter=>2, :possibly_heavier=>0, :normal=>6}}
D, [2018-03-31T10:57:27.831974 #11260] DEBUG -- : returning fully calculated score...
D, [2018-03-31T10:57:27.832036 #11260] DEBUG -- : State Score successfully calculated


D, [2018-03-31T10:57:27.832071 #11260] DEBUG -- : Scoring new state: {:rating=>37, :state=>{:unknown=>0, :possibly_lighter=>1, :possibly_heavier=>0, :normal=>7}}
D, [2018-03-31T10:57:27.832093 #11260] DEBUG -- : State Score successfully calculated


D, [2018-03-31T10:57:27.832129 #11260] DEBUG -- : Scoring new state: {:rating=>34, :state=>{:unknown=>0, :possibly_lighter=>1, :possibly_heavier=>1, :normal=>6}}
D, [2018-03-31T10:57:27.834558 #11260] DEBUG -- : returning fully calculated score...
D, [2018-03-31T10:57:27.834623 #11260] DEBUG -- : State Score successfully calculated


D, [2018-03-31T10:57:27.834673 #11260] DEBUG -- : Scoring new state: {:rating=>37, :state=>{:unknown=>0, :possibly_lighter=>1, :possibly_heavier=>0, :normal=>7}}
D, [2018-03-31T10:57:27.834698 #11260] DEBUG -- : State Score successfully calculated


D, [2018-03-31T10:57:27.834733 #11260] DEBUG -- : Scoring new state: {:rating=>34, :state=>{:unknown=>0, :possibly_lighter=>1, :possibly_heavier=>1, :normal=>6}}
D, [2018-03-31T10:57:27.837142 #11260] DEBUG -- : returning fully calculated score...
D, [2018-03-31T10:57:27.837205 #11260] DEBUG -- : State Score successfully calculated


D, [2018-03-31T10:57:27.837240 #11260] DEBUG -- : Scoring new state: {:rating=>34, :state=>{:unknown=>0, :possibly_lighter=>2, :possibly_heavier=>0, :normal=>6}}
D, [2018-03-31T10:57:27.839671 #11260] DEBUG -- : returning fully calculated score...
D, [2018-03-31T10:57:27.839735 #11260] DEBUG -- : State Score successfully calculated


D, [2018-03-31T10:57:27.839795 #11260] DEBUG -- : Scoring new state: {:rating=>37, :state=>{:unknown=>0, :possibly_lighter=>0, :possibly_heavier=>1, :normal=>7}}
D, [2018-03-31T10:57:27.839850 #11260] DEBUG -- : State Score successfully calculated


D, [2018-03-31T10:57:27.839878 #11260] DEBUG -- : Scoring new state: {:rating=>37, :state=>{:unknown=>0, :possibly_lighter=>1, :possibly_heavier=>0, :normal=>7}}
D, [2018-03-31T10:57:27.839897 #11260] DEBUG -- : State Score successfully calculated


D, [2018-03-31T10:57:27.839921 #11260] DEBUG -- : Scoring new state: {:rating=>34, :state=>{:unknown=>0, :possibly_lighter=>2, :possibly_heavier=>0, :normal=>6}}
D, [2018-03-31T10:57:27.842320 #11260] DEBUG -- : returning fully calculated score...
D, [2018-03-31T10:57:27.842384 #11260] DEBUG -- : State Score successfully calculated


D, [2018-03-31T10:57:27.842426 #11260] DEBUG -- : Scoring new state: {:rating=>34, :state=>{:unknown=>0, :possibly_lighter=>1, :possibly_heavier=>1, :normal=>6}}
D, [2018-03-31T10:57:27.844874 #11260] DEBUG -- : returning fully calculated score...
D, [2018-03-31T10:57:27.844937 #11260] DEBUG -- : State Score successfully calculated


D, [2018-03-31T10:57:27.844987 #11260] DEBUG -- : Scoring new state: {:rating=>37, :state=>{:unknown=>0, :possibly_lighter=>1, :possibly_heavier=>0, :normal=>7}}
D, [2018-03-31T10:57:27.845012 #11260] DEBUG -- : State Score successfully calculated


D, [2018-03-31T10:57:27.845043 #11260] DEBUG -- : Scoring new state: {:rating=>35, :state=>{:unknown=>1, :possibly_lighter=>0, :possibly_heavier=>0, :normal=>7}}
D, [2018-03-31T10:57:27.847456 #11260] DEBUG -- : returning fully calculated score...
D, [2018-03-31T10:57:27.847519 #11260] DEBUG -- : State Score successfully calculated


D, [2018-03-31T10:57:27.847569 #11260] DEBUG -- : Scoring new state: {:rating=>34, :state=>{:unknown=>0, :possibly_lighter=>2, :possibly_heavier=>0, :normal=>6}}
D, [2018-03-31T10:57:27.849968 #11260] DEBUG -- : returning fully calculated score...
D, [2018-03-31T10:57:27.850030 #11260] DEBUG -- : State Score successfully calculated


D, [2018-03-31T10:57:27.850088 #11260] DEBUG -- : Scoring new state: {:rating=>37, :state=>{:unknown=>0, :possibly_lighter=>0, :possibly_heavier=>1, :normal=>7}}
D, [2018-03-31T10:57:27.850113 #11260] DEBUG -- : State Score successfully calculated


D, [2018-03-31T10:57:27.850140 #11260] DEBUG -- : Scoring new state: {:rating=>34, :state=>{:unknown=>0, :possibly_lighter=>2, :possibly_heavier=>0, :normal=>6}}
D, [2018-03-31T10:57:27.852633 #11260] DEBUG -- : returning fully calculated score...
D, [2018-03-31T10:57:27.852698 #11260] DEBUG -- : State Score successfully calculated


D, [2018-03-31T10:57:27.852749 #11260] DEBUG -- : Scoring new state: {:rating=>37, :state=>{:unknown=>0, :possibly_lighter=>1, :possibly_heavier=>0, :normal=>7}}
D, [2018-03-31T10:57:27.852774 #11260] DEBUG -- : State Score successfully calculated


D, [2018-03-31T10:57:27.852810 #11260] DEBUG -- : Scoring new state: {:rating=>34, :state=>{:unknown=>0, :possibly_lighter=>1, :possibly_heavier=>1, :normal=>6}}
D, [2018-03-31T10:57:27.855231 #11260] DEBUG -- : returning fully calculated score...
D, [2018-03-31T10:57:27.855292 #11260] DEBUG -- : State Score successfully calculated


D, [2018-03-31T10:57:27.855325 #11260] DEBUG -- : Scoring new state: {:rating=>34, :state=>{:unknown=>0, :possibly_lighter=>2, :possibly_heavier=>0, :normal=>6}}
D, [2018-03-31T10:57:27.857708 #11260] DEBUG -- : returning fully calculated score...
D, [2018-03-31T10:57:27.857770 #11260] DEBUG -- : State Score successfully calculated


D, [2018-03-31T10:57:27.857829 #11260] DEBUG -- : Scoring new state: {:rating=>34, :state=>{:unknown=>0, :possibly_lighter=>1, :possibly_heavier=>1, :normal=>6}}
D, [2018-03-31T10:57:27.860258 #11260] DEBUG -- : returning fully calculated score...
D, [2018-03-31T10:57:27.860317 #11260] DEBUG -- : State Score successfully calculated


D, [2018-03-31T10:57:27.860352 #11260] DEBUG -- : Scoring new state: {:rating=>34, :state=>{:unknown=>0, :possibly_lighter=>2, :possibly_heavier=>0, :normal=>6}}
D, [2018-03-31T10:57:27.862845 #11260] DEBUG -- : returning fully calculated score...
D, [2018-03-31T10:57:27.862904 #11260] DEBUG -- : State Score successfully calculated


D, [2018-03-31T10:57:27.862962 #11260] DEBUG -- : Scoring new state: {:rating=>34, :state=>{:unknown=>0, :possibly_lighter=>1, :possibly_heavier=>1, :normal=>6}}
D, [2018-03-31T10:57:27.865356 #11260] DEBUG -- : returning fully calculated score...
D, [2018-03-31T10:57:27.865418 #11260] DEBUG -- : State Score successfully calculated


D, [2018-03-31T10:57:27.865467 #11260] DEBUG -- : Scoring new state: {:rating=>34, :state=>{:unknown=>0, :possibly_lighter=>2, :possibly_heavier=>0, :normal=>6}}
D, [2018-03-31T10:57:27.867889 #11260] DEBUG -- : returning fully calculated score...
D, [2018-03-31T10:57:27.867953 #11260] DEBUG -- : State Score successfully calculated


D, [2018-03-31T10:57:27.868011 #11260] DEBUG -- : Scoring new state: {:rating=>32, :state=>{:unknown=>1, :possibly_lighter=>1, :possibly_heavier=>0, :normal=>6}}
D, [2018-03-31T10:57:27.870417 #11260] DEBUG -- : calculating updated score for older state...
D, [2018-03-31T10:57:27.873830 #11260] DEBUG -- : generating weighed rated selections...
D, [2018-03-31T10:57:28.020614 #11260] DEBUG -- : scoring weighed rated selections...
D, [2018-03-31T10:57:28.020760 #11260] DEBUG -- : Saving scored selections...
D, [2018-03-31T10:57:28.027057 #11260] DEBUG -- : State Score successfully calculated


D, [2018-03-31T10:57:28.027150 #11260] DEBUG -- : Scoring new state: {:rating=>37, :state=>{:unknown=>0, :possibly_lighter=>1, :possibly_heavier=>0, :normal=>7}}
D, [2018-03-31T10:57:28.027176 #11260] DEBUG -- : State Score successfully calculated


D, [2018-03-31T10:57:28.027219 #11260] DEBUG -- : Scoring new state: {:rating=>32, :state=>{:unknown=>1, :possibly_lighter=>1, :possibly_heavier=>0, :normal=>6}}
D, [2018-03-31T10:57:28.029757 #11260] DEBUG -- : calculating updated score for older state...
D, [2018-03-31T10:57:28.033241 #11260] DEBUG -- : generating weighed rated selections...
D, [2018-03-31T10:57:28.034278 #11260] DEBUG -- : -------> building selection...
D, [2018-03-31T10:57:28.035138 #11260] DEBUG -- : -------> building new state...
D, [2018-03-31T10:57:28.035449 #11260] DEBUG -- : -------> building new state...
D, [2018-03-31T10:57:28.035683 #11260] DEBUG -- : -------> building selection...
D, [2018-03-31T10:57:28.036681 #11260] DEBUG -- : -------> building new state...
D, [2018-03-31T10:57:28.036893 #11260] DEBUG -- : -------> building new state...
D, [2018-03-31T10:57:28.037102 #11260] DEBUG -- : -------> building selection...
D, [2018-03-31T10:57:28.037481 #11260] DEBUG -- : -------> building new state...
D, [2018-03-31T10:57:28.037580 #11260] DEBUG -- : -------> building new state...
D, [2018-03-31T10:57:28.037772 #11260] DEBUG -- : -------> building selection...
D, [2018-03-31T10:57:28.038094 #11260] DEBUG -- : -------> building new state...
D, [2018-03-31T10:57:28.038198 #11260] DEBUG -- : -------> building new state...
D, [2018-03-31T10:57:28.038385 #11260] DEBUG -- : -------> building selection...
D, [2018-03-31T10:57:28.038720 #11260] DEBUG -- : -------> building new state...
D, [2018-03-31T10:57:28.038861 #11260] DEBUG -- : -------> building new state...
D, [2018-03-31T10:57:28.039049 #11260] DEBUG -- : -------> building selection...
D, [2018-03-31T10:57:28.039394 #11260] DEBUG -- : -------> building new state...
D, [2018-03-31T10:57:28.039497 #11260] DEBUG -- : -------> building new state...
D, [2018-03-31T10:57:28.039672 #11260] DEBUG -- : -------> building selection...
D, [2018-03-31T10:57:28.040000 #11260] DEBUG -- : -------> building new state...
D, [2018-03-31T10:57:28.040114 #11260] DEBUG -- : -------> building new state...
D, [2018-03-31T10:57:28.040343 #11260] DEBUG -- : -------> building selection...
D, [2018-03-31T10:57:28.040651 #11260] DEBUG -- : -------> building new state...
D, [2018-03-31T10:57:28.040752 #11260] DEBUG -- : -------> building new state...
D, [2018-03-31T10:57:28.040928 #11260] DEBUG -- : -------> building selection...
D, [2018-03-31T10:57:28.041259 #11260] DEBUG -- : -------> building new state...
D, [2018-03-31T10:57:28.041357 #11260] DEBUG -- : -------> building new state...
D, [2018-03-31T10:57:28.041574 #11260] DEBUG -- : -------> building selection...
D, [2018-03-31T10:57:28.041882 #11260] DEBUG -- : -------> building new state...
D, [2018-03-31T10:57:28.042018 #11260] DEBUG -- : -------> building new state...
D, [2018-03-31T10:57:28.042208 #11260] DEBUG -- : -------> building selection...
D, [2018-03-31T10:57:28.042516 #11260] DEBUG -- : -------> building new state...
D, [2018-03-31T10:57:28.042643 #11260] DEBUG -- : -------> building new state...
D, [2018-03-31T10:57:28.042837 #11260] DEBUG -- : -------> building selection...
D, [2018-03-31T10:57:28.043161 #11260] DEBUG -- : -------> building new state...
D, [2018-03-31T10:57:28.043261 #11260] DEBUG -- : -------> building new state...
D, [2018-03-31T10:57:28.043454 #11260] DEBUG -- : -------> building selection...
D, [2018-03-31T10:57:28.043780 #11260] DEBUG -- : -------> building new state...
D, [2018-03-31T10:57:28.043881 #11260] DEBUG -- : -------> building new state...
D, [2018-03-31T10:57:28.044109 #11260] DEBUG -- : -------> building selection...
D, [2018-03-31T10:57:28.044420 #11260] DEBUG -- : -------> building new state...
D, [2018-03-31T10:57:28.044519 #11260] DEBUG -- : -------> building new state...
D, [2018-03-31T10:57:28.044695 #11260] DEBUG -- : -------> building selection...
D, [2018-03-31T10:57:28.045017 #11260] DEBUG -- : -------> building new state...
D, [2018-03-31T10:57:28.045114 #11260] DEBUG -- : -------> building new state...
D, [2018-03-31T10:57:28.045316 #11260] DEBUG -- : -------> building selection...
D, [2018-03-31T10:57:28.045623 #11260] DEBUG -- : -------> building new state...
D, [2018-03-31T10:57:28.045740 #11260] DEBUG -- : -------> building new state...
D, [2018-03-31T10:57:28.045919 #11260] DEBUG -- : -------> building selection...
D, [2018-03-31T10:57:28.046223 #11260] DEBUG -- : -------> building new state...
D, [2018-03-31T10:57:28.046339 #11260] DEBUG -- : -------> building new state...
D, [2018-03-31T10:57:28.046517 #11260] DEBUG -- : -------> building selection...
D, [2018-03-31T10:57:28.046832 #11260] DEBUG -- : -------> building new state...
D, [2018-03-31T10:57:28.046960 #11260] DEBUG -- : -------> building new state...
D, [2018-03-31T10:57:28.047142 #11260] DEBUG -- : -------> building selection...
D, [2018-03-31T10:57:28.047446 #11260] DEBUG -- : -------> building new state...
D, [2018-03-31T10:57:28.047542 #11260] DEBUG -- : -------> building new state...
D, [2018-03-31T10:57:28.047717 #11260] DEBUG -- : -------> building selection...
D, [2018-03-31T10:57:28.048043 #11260] DEBUG -- : -------> building new state...
D, [2018-03-31T10:57:28.048141 #11260] DEBUG -- : -------> building new state...
D, [2018-03-31T10:57:28.048316 #11260] DEBUG -- : -------> building selection...
D, [2018-03-31T10:57:28.048634 #11260] DEBUG -- : -------> building new state...
D, [2018-03-31T10:57:28.048743 #11260] DEBUG -- : -------> building new state...
D, [2018-03-31T10:57:28.048922 #11260] DEBUG -- : -------> building selection...
D, [2018-03-31T10:57:28.049235 #11260] DEBUG -- : -------> building new state...
D, [2018-03-31T10:57:28.049366 #11260] DEBUG -- : -------> building new state...
D, [2018-03-31T10:57:28.049547 #11260] DEBUG -- : -------> building selection...
D, [2018-03-31T10:57:28.049852 #11260] DEBUG -- : -------> building new state...
D, [2018-03-31T10:57:28.049949 #11260] DEBUG -- : -------> building new state...
D, [2018-03-31T10:57:28.050124 #11260] DEBUG -- : -------> building selection...
D, [2018-03-31T10:57:28.050454 #11260] DEBUG -- : -------> building new state...
D, [2018-03-31T10:57:28.050553 #11260] DEBUG -- : -------> building new state...
D, [2018-03-31T10:57:28.050728 #11260] DEBUG -- : -------> building selection...
D, [2018-03-31T10:57:28.051069 #11260] DEBUG -- : -------> building new state...
D, [2018-03-31T10:57:28.051170 #11260] DEBUG -- : -------> building new state...
D, [2018-03-31T10:57:28.051346 #11260] DEBUG -- : -------> building selection...
D, [2018-03-31T10:57:28.051669 #11260] DEBUG -- : -------> building new state...
D, [2018-03-31T10:57:28.051766 #11260] DEBUG -- : -------> building new state...
D, [2018-03-31T10:57:28.051994 #11260] DEBUG -- : scoring weighed rated selections...
D, [2018-03-31T10:57:28.052053 #11260] DEBUG -- : Saving scored selections...
D, [2018-03-31T10:57:28.066742 #11260] DEBUG -- : State Score successfully calculated


D, [2018-03-31T10:57:28.066826 #11260] DEBUG -- : Scoring new state: {:rating=>37, :state=>{:unknown=>0, :possibly_lighter=>1, :possibly_heavier=>0, :normal=>7}}
D, [2018-03-31T10:57:28.066853 #11260] DEBUG -- : State Score successfully calculated


D, [2018-03-31T10:57:28.066888 #11260] DEBUG -- : Scoring new state: {:rating=>32, :state=>{:unknown=>1, :possibly_lighter=>1, :possibly_heavier=>0, :normal=>6}}
D, [2018-03-31T10:57:28.069607 #11260] DEBUG -- : calculating updated score for older state...
D, [2018-03-31T10:57:28.073143 #11260] DEBUG -- : generating weighed rated selections...
D, [2018-03-31T10:57:28.074156 #11260] DEBUG -- : -------> building selection...
D, [2018-03-31T10:57:28.075061 #11260] DEBUG -- : -------> building new state...
D, [2018-03-31T10:57:28.075383 #11260] DEBUG -- : -------> building new state...
D, [2018-03-31T10:57:28.075629 #11260] DEBUG -- : -------> building selection...
D, [2018-03-31T10:57:28.075959 #11260] DEBUG -- : -------> building new state...
D, [2018-03-31T10:57:28.076064 #11260] DEBUG -- : -------> building new state...
D, [2018-03-31T10:57:28.076279 #11260] DEBUG -- : -------> building selection...
D, [2018-03-31T10:57:28.076588 #11260] DEBUG -- : -------> building new state...
D, [2018-03-31T10:57:28.076691 #11260] DEBUG -- : -------> building new state...
D, [2018-03-31T10:57:28.076871 #11260] DEBUG -- : -------> building selection...
D, [2018-03-31T10:57:28.077207 #11260] DEBUG -- : -------> building new state...
D, [2018-03-31T10:57:28.077305 #11260] DEBUG -- : -------> building new state...
D, [2018-03-31T10:57:28.077514 #11260] DEBUG -- : -------> building selection...
D, [2018-03-31T10:57:28.077857 #11260] DEBUG -- : -------> building new state...
D, [2018-03-31T10:57:28.077956 #11260] DEBUG -- : -------> building new state...
D, [2018-03-31T10:57:28.078138 #11260] DEBUG -- : -------> building selection...
D, [2018-03-31T10:57:28.078461 #11260] DEBUG -- : -------> building new state...
D, [2018-03-31T10:57:28.078559 #11260] DEBUG -- : -------> building new state...
D, [2018-03-31T10:57:28.078766 #11260] DEBUG -- : -------> building selection...
D, [2018-03-31T10:57:28.079255 #11260] DEBUG -- : -------> building new state...
D, [2018-03-31T10:57:28.079375 #11260] DEBUG -- : -------> building new state...
D, [2018-03-31T10:57:28.079556 #11260] DEBUG -- : -------> building selection...
D, [2018-03-31T10:57:28.079942 #11260] DEBUG -- : -------> building new state...
D, [2018-03-31T10:57:28.080067 #11260] DEBUG -- : -------> building new state...
D, [2018-03-31T10:57:28.080261 #11260] DEBUG -- : -------> building selection...
D, [2018-03-31T10:57:28.080617 #11260] DEBUG -- : -------> building new state...
D, [2018-03-31T10:57:28.080729 #11260] DEBUG -- : -------> building new state...
D, [2018-03-31T10:57:28.080919 #11260] DEBUG -- : -------> building selection...
D, [2018-03-31T10:57:28.081285 #11260] DEBUG -- : -------> building new state...
D, [2018-03-31T10:57:28.081476 #11260] DEBUG -- : -------> building new state...
D, [2018-03-31T10:57:28.081688 #11260] DEBUG -- : -------> building selection...
D, [2018-03-31T10:57:28.082047 #11260] DEBUG -- : -------> building new state...
D, [2018-03-31T10:57:28.082228 #11260] DEBUG -- : -------> building new state...
D, [2018-03-31T10:57:28.082428 #11260] DEBUG -- : -------> building selection...
D, [2018-03-31T10:57:28.082772 #11260] DEBUG -- : -------> building new state...
D, [2018-03-31T10:57:28.082888 #11260] DEBUG -- : -------> building new state...
D, [2018-03-31T10:57:28.083071 #11260] DEBUG -- : -------> building selection...
D, [2018-03-31T10:57:28.083401 #11260] DEBUG -- : -------> building new state...
D, [2018-03-31T10:57:28.083503 #11260] DEBUG -- : -------> building new state...
D, [2018-03-31T10:57:28.083680 #11260] DEBUG -- : -------> building selection...
D, [2018-03-31T10:57:28.084004 #11260] DEBUG -- : -------> building new state...
D, [2018-03-31T10:57:28.084103 #11260] DEBUG -- : -------> building new state...
D, [2018-03-31T10:57:28.084278 #11260] DEBUG -- : -------> building selection...
D, [2018-03-31T10:57:28.084603 #11260] DEBUG -- : -------> building new state...
D, [2018-03-31T10:57:28.084729 #11260] DEBUG -- : -------> building new state...
D, [2018-03-31T10:57:28.084958 #11260] DEBUG -- : -------> building selection...
D, [2018-03-31T10:57:28.085308 #11260] DEBUG -- : -------> building new state...
D, [2018-03-31T10:57:28.085494 #11260] DEBUG -- : -------> building new state...
D, [2018-03-31T10:57:28.085689 #11260] DEBUG -- : -------> building selection...
D, [2018-03-31T10:57:28.086050 #11260] DEBUG -- : -------> building new state...
D, [2018-03-31T10:57:28.086151 #11260] DEBUG -- : -------> building new state...
D, [2018-03-31T10:57:28.086342 #11260] DEBUG -- : -------> building selection...
D, [2018-03-31T10:57:28.086650 #11260] DEBUG -- : -------> building new state...
D, [2018-03-31T10:57:28.086767 #11260] DEBUG -- : -------> building new state...
D, [2018-03-31T10:57:28.086964 #11260] DEBUG -- : -------> building selection...
D, [2018-03-31T10:57:28.087302 #11260] DEBUG -- : -------> building new state...
D, [2018-03-31T10:57:28.087424 #11260] DEBUG -- : -------> building new state...
D, [2018-03-31T10:57:28.087606 #11260] DEBUG -- : -------> building selection...
D, [2018-03-31T10:57:28.087911 #11260] DEBUG -- : -------> building new state...
D, [2018-03-31T10:57:28.088008 #11260] DEBUG -- : -------> building new state...
D, [2018-03-31T10:57:28.088198 #11260] DEBUG -- : -------> building selection...
D, [2018-03-31T10:57:28.088503 #11260] DEBUG -- : -------> building new state...
D, [2018-03-31T10:57:28.088622 #11260] DEBUG -- : -------> building new state...
D, [2018-03-31T10:57:28.088799 #11260] DEBUG -- : -------> building selection...
D, [2018-03-31T10:57:28.089103 #11260] DEBUG -- : -------> building new state...
D, [2018-03-31T10:57:28.089200 #11260] DEBUG -- : -------> building new state...
D, [2018-03-31T10:57:28.089389 #11260] DEBUG -- : -------> building selection...
D, [2018-03-31T10:57:28.089710 #11260] DEBUG -- : -------> building new state...
D, [2018-03-31T10:57:28.089807 #11260] DEBUG -- : -------> building new state...
D, [2018-03-31T10:57:28.089983 #11260] DEBUG -- : -------> building selection...
D, [2018-03-31T10:57:28.090321 #11260] DEBUG -- : -------> building new state...
D, [2018-03-31T10:57:28.090426 #11260] DEBUG -- : -------> building new state...
D, [2018-03-31T10:57:28.090615 #11260] DEBUG -- : -------> building selection...
D, [2018-03-31T10:57:28.091075 #11260] DEBUG -- : -------> building new state...
D, [2018-03-31T10:57:28.091203 #11260] DEBUG -- : -------> building new state...
D, [2018-03-31T10:57:28.091383 #11260] DEBUG -- : -------> building selection...
D, [2018-03-31T10:57:28.091721 #11260] DEBUG -- : -------> building new state...
D, [2018-03-31T10:57:28.091822 #11260] DEBUG -- : -------> building new state...
D, [2018-03-31T10:57:28.092017 #11260] DEBUG -- : scoring weighed rated selections...
D, [2018-03-31T10:57:28.092079 #11260] DEBUG -- : Saving scored selections...
D, [2018-03-31T10:57:28.100210 #11260] DEBUG -- : State Score successfully calculated


D, [2018-03-31T10:57:28.100282 #11260] DEBUG -- : Scoring new state: {:rating=>37, :state=>{:unknown=>0, :possibly_lighter=>1, :possibly_heavier=>0, :normal=>7}}
D, [2018-03-31T10:57:28.100307 #11260] DEBUG -- : State Score successfully calculated


D, [2018-03-31T10:57:28.100343 #11260] DEBUG -- : Scoring new state: {:rating=>32, :state=>{:unknown=>1, :possibly_lighter=>1, :possibly_heavier=>0, :normal=>6}}
D, [2018-03-31T10:57:28.103005 #11260] DEBUG -- : calculating updated score for older state...
D, [2018-03-31T10:57:28.106452 #11260] DEBUG -- : generating weighed rated selections...
D, [2018-03-31T10:57:28.107490 #11260] DEBUG -- : -------> building selection...
D, [2018-03-31T10:57:28.108268 #11260] DEBUG -- : -------> building new state...
D, [2018-03-31T10:57:28.108538 #11260] DEBUG -- : -------> building new state...
D, [2018-03-31T10:57:28.108762 #11260] DEBUG -- : -------> building selection...
D, [2018-03-31T10:57:28.109194 #11260] DEBUG -- : -------> building new state...
D, [2018-03-31T10:57:28.109340 #11260] DEBUG -- : -------> building new state...
D, [2018-03-31T10:57:28.109665 #11260] DEBUG -- : -------> building selection...
D, [2018-03-31T10:57:28.110178 #11260] DEBUG -- : -------> building new state...
D, [2018-03-31T10:57:28.110305 #11260] DEBUG -- : -------> building new state...
D, [2018-03-31T10:57:28.110507 #11260] DEBUG -- : -------> building selection...
D, [2018-03-31T10:57:28.110952 #11260] DEBUG -- : -------> building new state...
D, [2018-03-31T10:57:28.111114 #11260] DEBUG -- : -------> building new state...
D, [2018-03-31T10:57:28.111304 #11260] DEBUG -- : -------> building selection...
D, [2018-03-31T10:57:28.111659 #11260] DEBUG -- : -------> building new state...
D, [2018-03-31T10:57:28.111769 #11260] DEBUG -- : -------> building new state...
D, [2018-03-31T10:57:28.111959 #11260] DEBUG -- : -------> building selection...
D, [2018-03-31T10:57:28.112290 #11260] DEBUG -- : -------> building new state...
D, [2018-03-31T10:57:28.112399 #11260] DEBUG -- : -------> building new state...
D, [2018-03-31T10:57:28.112587 #11260] DEBUG -- : -------> building selection...
D, [2018-03-31T10:57:28.112941 #11260] DEBUG -- : -------> building new state...
D, [2018-03-31T10:57:28.114617 #11260] DEBUG -- : -------> building new state...
D, [2018-03-31T10:57:28.114952 #11260] DEBUG -- : -------> building selection...
D, [2018-03-31T10:57:28.115304 #11260] DEBUG -- : -------> building new state...
D, [2018-03-31T10:57:28.115418 #11260] DEBUG -- : -------> building new state...
D, [2018-03-31T10:57:28.115601 #11260] DEBUG -- : -------> building selection...
D, [2018-03-31T10:57:28.115935 #11260] DEBUG -- : -------> building new state...
D, [2018-03-31T10:57:28.116047 #11260] DEBUG -- : -------> building new state...
D, [2018-03-31T10:57:28.116228 #11260] DEBUG -- : -------> building selection...
D, [2018-03-31T10:57:28.116563 #11260] DEBUG -- : -------> building new state...
D, [2018-03-31T10:57:28.116665 #11260] DEBUG -- : -------> building new state...
D, [2018-03-31T10:57:28.116847 #11260] DEBUG -- : -------> building selection...
D, [2018-03-31T10:57:28.117163 #11260] DEBUG -- : -------> building new state...
D, [2018-03-31T10:57:28.117279 #11260] DEBUG -- : -------> building new state...
D, [2018-03-31T10:57:28.117471 #11260] DEBUG -- : -------> building selection...
D, [2018-03-31T10:57:28.117793 #11260] DEBUG -- : -------> building new state...
D, [2018-03-31T10:57:28.117903 #11260] DEBUG -- : -------> building new state...
D, [2018-03-31T10:57:28.118107 #11260] DEBUG -- : -------> building selection...
D, [2018-03-31T10:57:28.118437 #11260] DEBUG -- : -------> building new state...
D, [2018-03-31T10:57:28.118535 #11260] DEBUG -- : -------> building new state...
D, [2018-03-31T10:57:28.118747 #11260] DEBUG -- : -------> building selection...
D, [2018-03-31T10:57:28.119105 #11260] DEBUG -- : -------> building new state...
D, [2018-03-31T10:57:28.119241 #11260] DEBUG -- : -------> building new state...
D, [2018-03-31T10:57:28.119429 #11260] DEBUG -- : -------> building selection...
D, [2018-03-31T10:57:28.119754 #11260] DEBUG -- : -------> building new state...
D, [2018-03-31T10:57:28.119863 #11260] DEBUG -- : -------> building new state...
D, [2018-03-31T10:57:28.120056 #11260] DEBUG -- : -------> building selection...
D, [2018-03-31T10:57:28.120400 #11260] DEBUG -- : -------> building new state...
D, [2018-03-31T10:57:28.120520 #11260] DEBUG -- : -------> building new state...
D, [2018-03-31T10:57:28.120701 #11260] DEBUG -- : -------> building selection...
D, [2018-03-31T10:57:28.121079 #11260] DEBUG -- : -------> building new state...
D, [2018-03-31T10:57:28.121182 #11260] DEBUG -- : -------> building new state...
D, [2018-03-31T10:57:28.121373 #11260] DEBUG -- : -------> building selection...
D, [2018-03-31T10:57:28.121719 #11260] DEBUG -- : -------> building new state...
D, [2018-03-31T10:57:28.121837 #11260] DEBUG -- : -------> building new state...
D, [2018-03-31T10:57:28.122038 #11260] DEBUG -- : -------> building selection...
D, [2018-03-31T10:57:28.122373 #11260] DEBUG -- : -------> building new state...
D, [2018-03-31T10:57:28.122487 #11260] DEBUG -- : -------> building new state...
D, [2018-03-31T10:57:28.122695 #11260] DEBUG -- : -------> building selection...
D, [2018-03-31T10:57:28.123045 #11260] DEBUG -- : -------> building new state...
D, [2018-03-31T10:57:28.123165 #11260] DEBUG -- : -------> building new state...
D, [2018-03-31T10:57:28.123354 #11260] DEBUG -- : -------> building selection...
D, [2018-03-31T10:57:28.123695 #11260] DEBUG -- : -------> building new state...
D, [2018-03-31T10:57:28.123821 #11260] DEBUG -- : -------> building new state...
D, [2018-03-31T10:57:28.124019 #11260] DEBUG -- : -------> building selection...
D, [2018-03-31T10:57:28.124348 #11260] DEBUG -- : -------> building new state...
D, [2018-03-31T10:57:28.124463 #11260] DEBUG -- : -------> building new state...
D, [2018-03-31T10:57:28.124655 #11260] DEBUG -- : -------> building selection...
D, [2018-03-31T10:57:28.124975 #11260] DEBUG -- : -------> building new state...
D, [2018-03-31T10:57:28.125086 #11260] DEBUG -- : -------> building new state...
D, [2018-03-31T10:57:28.125273 #11260] DEBUG -- : -------> building selection...
D, [2018-03-31T10:57:28.125607 #11260] DEBUG -- : -------> building new state...
D, [2018-03-31T10:57:28.125718 #11260] DEBUG -- : -------> building new state...
D, [2018-03-31T10:57:28.125906 #11260] DEBUG -- : -------> building selection...
D, [2018-03-31T10:57:28.126701 #11260] DEBUG -- : -------> building new state...
D, [2018-03-31T10:57:28.126881 #11260] DEBUG -- : -------> building new state...
D, [2018-03-31T10:57:28.127081 #11260] DEBUG -- : -------> building selection...
D, [2018-03-31T10:57:28.127436 #11260] DEBUG -- : -------> building new state...
D, [2018-03-31T10:57:28.127537 #11260] DEBUG -- : -------> building new state...
D, [2018-03-31T10:57:28.127716 #11260] DEBUG -- : scoring weighed rated selections...
D, [2018-03-31T10:57:28.127782 #11260] DEBUG -- : Saving scored selections...
D, [2018-03-31T10:57:28.134116 #11260] DEBUG -- : State Score successfully calculated


D, [2018-03-31T10:57:28.134191 #11260] DEBUG -- : Scoring new state: {:rating=>37, :state=>{:unknown=>0, :possibly_lighter=>1, :possibly_heavier=>0, :normal=>7}}
D, [2018-03-31T10:57:28.134217 #11260] DEBUG -- : State Score successfully calculated


D, [2018-03-31T10:57:28.134251 #11260] DEBUG -- : Scoring new state: {:rating=>32, :state=>{:unknown=>1, :possibly_lighter=>1, :possibly_heavier=>0, :normal=>6}}
D, [2018-03-31T10:57:28.136923 #11260] DEBUG -- : calculating updated score for older state...
D, [2018-03-31T10:57:28.140468 #11260] DEBUG -- : generating weighed rated selections...
D, [2018-03-31T10:57:28.141510 #11260] DEBUG -- : -------> building selection...
D, [2018-03-31T10:57:28.142348 #11260] DEBUG -- : -------> building new state...
D, [2018-03-31T10:57:28.142692 #11260] DEBUG -- : -------> building new state...
D, [2018-03-31T10:57:28.142992 #11260] DEBUG -- : -------> building selection...
D, [2018-03-31T10:57:28.143373 #11260] DEBUG -- : -------> building new state...
D, [2018-03-31T10:57:28.143502 #11260] DEBUG -- : -------> building new state...
D, [2018-03-31T10:57:28.143790 #11260] DEBUG -- : -------> building selection...
D, [2018-03-31T10:57:28.144187 #11260] DEBUG -- : -------> building new state...
D, [2018-03-31T10:57:28.144307 #11260] DEBUG -- : -------> building new state...
D, [2018-03-31T10:57:28.144498 #11260] DEBUG -- : -------> building selection...
D, [2018-03-31T10:57:28.144812 #11260] DEBUG -- : -------> building new state...
D, [2018-03-31T10:57:28.144926 #11260] DEBUG -- : -------> building new state...
D, [2018-03-31T10:57:28.145135 #11260] DEBUG -- : -------> building selection...
D, [2018-03-31T10:57:28.145485 #11260] DEBUG -- : -------> building new state...
D, [2018-03-31T10:57:28.145594 #11260] DEBUG -- : -------> building new state...
D, [2018-03-31T10:57:28.145812 #11260] DEBUG -- : -------> building selection...
D, [2018-03-31T10:57:28.146169 #11260] DEBUG -- : -------> building new state...
D, [2018-03-31T10:57:28.146279 #11260] DEBUG -- : -------> building new state...
D, [2018-03-31T10:57:28.146468 #11260] DEBUG -- : -------> building selection...
D, [2018-03-31T10:57:28.146840 #11260] DEBUG -- : -------> building new state...
D, [2018-03-31T10:57:28.146958 #11260] DEBUG -- : -------> building new state...
D, [2018-03-31T10:57:28.147148 #11260] DEBUG -- : -------> building selection...
D, [2018-03-31T10:57:28.147489 #11260] DEBUG -- : -------> building new state...
D, [2018-03-31T10:57:28.147601 #11260] DEBUG -- : -------> building new state...
D, [2018-03-31T10:57:28.147829 #11260] DEBUG -- : -------> building selection...
D, [2018-03-31T10:57:28.148221 #11260] DEBUG -- : -------> building new state...
D, [2018-03-31T10:57:28.148418 #11260] DEBUG -- : -------> building new state...
D, [2018-03-31T10:57:28.148612 #11260] DEBUG -- : -------> building selection...
D, [2018-03-31T10:57:28.148926 #11260] DEBUG -- : -------> building new state...
D, [2018-03-31T10:57:28.149029 #11260] DEBUG -- : -------> building new state...
D, [2018-03-31T10:57:28.149230 #11260] DEBUG -- : -------> building selection...
D, [2018-03-31T10:57:28.149539 #11260] DEBUG -- : -------> building new state...
D, [2018-03-31T10:57:28.149652 #11260] DEBUG -- : -------> building new state...
D, [2018-03-31T10:57:28.149838 #11260] DEBUG -- : -------> building selection...
D, [2018-03-31T10:57:28.150174 #11260] DEBUG -- : -------> building new state...
D, [2018-03-31T10:57:28.150272 #11260] DEBUG -- : -------> building new state...
D, [2018-03-31T10:57:28.150476 #11260] DEBUG -- : -------> building selection...
D, [2018-03-31T10:57:28.150842 #11260] DEBUG -- : -------> building new state...
D, [2018-03-31T10:57:28.150957 #11260] DEBUG -- : -------> building new state...
D, [2018-03-31T10:57:28.151147 #11260] DEBUG -- : -------> building selection...
D, [2018-03-31T10:57:28.151510 #11260] DEBUG -- : -------> building new state...
D, [2018-03-31T10:57:28.151622 #11260] DEBUG -- : -------> building new state...
D, [2018-03-31T10:57:28.151815 #11260] DEBUG -- : -------> building selection...
D, [2018-03-31T10:57:28.152144 #11260] DEBUG -- : -------> building new state...
D, [2018-03-31T10:57:28.152254 #11260] DEBUG -- : -------> building new state...
D, [2018-03-31T10:57:28.152464 #11260] DEBUG -- : -------> building selection...
D, [2018-03-31T10:57:28.152790 #11260] DEBUG -- : -------> building new state...
D, [2018-03-31T10:57:28.152914 #11260] DEBUG -- : -------> building new state...
D, [2018-03-31T10:57:28.153103 #11260] DEBUG -- : -------> building selection...
D, [2018-03-31T10:57:28.153441 #11260] DEBUG -- : -------> building new state...
D, [2018-03-31T10:57:28.153549 #11260] DEBUG -- : -------> building new state...
D, [2018-03-31T10:57:28.153750 #11260] DEBUG -- : -------> building selection...
D, [2018-03-31T10:57:28.154133 #11260] DEBUG -- : -------> building new state...
D, [2018-03-31T10:57:28.154241 #11260] DEBUG -- : -------> building new state...
D, [2018-03-31T10:57:28.154441 #11260] DEBUG -- : -------> building selection...
D, [2018-03-31T10:57:28.154764 #11260] DEBUG -- : -------> building new state...
D, [2018-03-31T10:57:28.154910 #11260] DEBUG -- : -------> building new state...
D, [2018-03-31T10:57:28.155111 #11260] DEBUG -- : -------> building selection...
D, [2018-03-31T10:57:28.155439 #11260] DEBUG -- : -------> building new state...
D, [2018-03-31T10:57:28.155549 #11260] DEBUG -- : -------> building new state...
D, [2018-03-31T10:57:28.155760 #11260] DEBUG -- : -------> building selection...
D, [2018-03-31T10:57:28.156085 #11260] DEBUG -- : -------> building new state...
D, [2018-03-31T10:57:28.156208 #11260] DEBUG -- : -------> building new state...
D, [2018-03-31T10:57:28.156399 #11260] DEBUG -- : -------> building selection...
D, [2018-03-31T10:57:28.156764 #11260] DEBUG -- : -------> building new state...
D, [2018-03-31T10:57:28.156880 #11260] DEBUG -- : -------> building new state...
D, [2018-03-31T10:57:28.157071 #11260] DEBUG -- : -------> building selection...
D, [2018-03-31T10:57:28.159017 #11260] DEBUG -- : -------> building new state...
D, [2018-03-31T10:57:28.159214 #11260] DEBUG -- : -------> building new state...
D, [2018-03-31T10:57:28.159515 #11260] DEBUG -- : -------> building selection...
D, [2018-03-31T10:57:28.159915 #11260] DEBUG -- : -------> building new state...
D, [2018-03-31T10:57:28.160032 #11260] DEBUG -- : -------> building new state...
D, [2018-03-31T10:57:28.160222 #11260] DEBUG -- : -------> building selection...
D, [2018-03-31T10:57:28.160565 #11260] DEBUG -- : -------> building new state...
D, [2018-03-31T10:57:28.160695 #11260] DEBUG -- : -------> building new state...
D, [2018-03-31T10:57:28.160892 #11260] DEBUG -- : -------> building selection...
D, [2018-03-31T10:57:28.161235 #11260] DEBUG -- : -------> building new state...
D, [2018-03-31T10:57:28.161335 #11260] DEBUG -- : -------> building new state...
D, [2018-03-31T10:57:28.161516 #11260] DEBUG -- : scoring weighed rated selections...
D, [2018-03-31T10:57:28.161580 #11260] DEBUG -- : Saving scored selections...
D, [2018-03-31T10:57:28.167936 #11260] DEBUG -- : State Score successfully calculated


D, [2018-03-31T10:57:28.168011 #11260] DEBUG -- : Scoring new state: {:rating=>37, :state=>{:unknown=>0, :possibly_lighter=>1, :possibly_heavier=>0, :normal=>7}}
D, [2018-03-31T10:57:28.168060 #11260] DEBUG -- : State Score successfully calculated


D, [2018-03-31T10:57:28.168096 #11260] DEBUG -- : Scoring new state: {:rating=>32, :state=>{:unknown=>1, :possibly_lighter=>1, :possibly_heavier=>0, :normal=>6}}
D, [2018-03-31T10:57:28.170679 #11260] DEBUG -- : calculating updated score for older state...
D, [2018-03-31T10:57:28.174134 #11260] DEBUG -- : generating weighed rated selections...
D, [2018-03-31T10:57:28.175192 #11260] DEBUG -- : -------> building selection...
D, [2018-03-31T10:57:28.175993 #11260] DEBUG -- : -------> building new state...
D, [2018-03-31T10:57:28.176383 #11260] DEBUG -- : -------> building new state...
D, [2018-03-31T10:57:28.176624 #11260] DEBUG -- : -------> building selection...
D, [2018-03-31T10:57:28.176986 #11260] DEBUG -- : -------> building new state...
D, [2018-03-31T10:57:28.177087 #11260] DEBUG -- : -------> building new state...
D, [2018-03-31T10:57:28.177274 #11260] DEBUG -- : -------> building selection...
D, [2018-03-31T10:57:28.177589 #11260] DEBUG -- : -------> building new state...
D, [2018-03-31T10:57:28.177716 #11260] DEBUG -- : -------> building new state...
D, [2018-03-31T10:57:28.177895 #11260] DEBUG -- : -------> building selection...
D, [2018-03-31T10:57:28.178368 #11260] DEBUG -- : -------> building new state...
D, [2018-03-31T10:57:28.178509 #11260] DEBUG -- : -------> building new state...
D, [2018-03-31T10:57:28.178693 #11260] DEBUG -- : -------> building selection...
D, [2018-03-31T10:57:28.179037 #11260] DEBUG -- : -------> building new state...
D, [2018-03-31T10:57:28.179148 #11260] DEBUG -- : -------> building new state...
D, [2018-03-31T10:57:28.179351 #11260] DEBUG -- : -------> building selection...
D, [2018-03-31T10:57:28.179659 #11260] DEBUG -- : -------> building new state...
D, [2018-03-31T10:57:28.179778 #11260] DEBUG -- : -------> building new state...
D, [2018-03-31T10:57:28.179957 #11260] DEBUG -- : -------> building selection...
D, [2018-03-31T10:57:28.180262 #11260] DEBUG -- : -------> building new state...
D, [2018-03-31T10:57:28.180394 #11260] DEBUG -- : -------> building new state...
D, [2018-03-31T10:57:28.180579 #11260] DEBUG -- : -------> building selection...
D, [2018-03-31T10:57:28.180916 #11260] DEBUG -- : -------> building new state...
D, [2018-03-31T10:57:28.181014 #11260] DEBUG -- : -------> building new state...
D, [2018-03-31T10:57:28.181233 #11260] DEBUG -- : -------> building selection...
D, [2018-03-31T10:57:28.181672 #11260] DEBUG -- : -------> building new state...
D, [2018-03-31T10:57:28.181798 #11260] DEBUG -- : -------> building new state...
D, [2018-03-31T10:57:28.181996 #11260] DEBUG -- : -------> building selection...
D, [2018-03-31T10:57:28.182328 #11260] DEBUG -- : -------> building new state...
D, [2018-03-31T10:57:28.182425 #11260] DEBUG -- : -------> building new state...
D, [2018-03-31T10:57:28.182608 #11260] DEBUG -- : -------> building selection...
D, [2018-03-31T10:57:28.182959 #11260] DEBUG -- : -------> building new state...
D, [2018-03-31T10:57:28.183061 #11260] DEBUG -- : -------> building new state...
D, [2018-03-31T10:57:28.183238 #11260] DEBUG -- : -------> building selection...
D, [2018-03-31T10:57:28.183643 #11260] DEBUG -- : -------> building new state...
D, [2018-03-31T10:57:28.183761 #11260] DEBUG -- : -------> building new state...
D, [2018-03-31T10:57:28.183940 #11260] DEBUG -- : -------> building selection...
D, [2018-03-31T10:57:28.184268 #11260] DEBUG -- : -------> building new state...
D, [2018-03-31T10:57:28.184388 #11260] DEBUG -- : -------> building new state...
D, [2018-03-31T10:57:28.184568 #11260] DEBUG -- : -------> building selection...
D, [2018-03-31T10:57:28.184876 #11260] DEBUG -- : -------> building new state...
D, [2018-03-31T10:57:28.184996 #11260] DEBUG -- : -------> building new state...
D, [2018-03-31T10:57:28.185180 #11260] DEBUG -- : -------> building selection...
D, [2018-03-31T10:57:28.185487 #11260] DEBUG -- : -------> building new state...
D, [2018-03-31T10:57:28.185584 #11260] DEBUG -- : -------> building new state...
D, [2018-03-31T10:57:28.185818 #11260] DEBUG -- : -------> building selection...
D, [2018-03-31T10:57:28.186274 #11260] DEBUG -- : -------> building new state...
D, [2018-03-31T10:57:28.186382 #11260] DEBUG -- : -------> building new state...
D, [2018-03-31T10:57:28.186566 #11260] DEBUG -- : -------> building selection...
D, [2018-03-31T10:57:28.186887 #11260] DEBUG -- : -------> building new state...
D, [2018-03-31T10:57:28.187000 #11260] DEBUG -- : -------> building new state...
D, [2018-03-31T10:57:28.187180 #11260] DEBUG -- : -------> building selection...
D, [2018-03-31T10:57:28.187506 #11260] DEBUG -- : -------> building new state...
D, [2018-03-31T10:57:28.187604 #11260] DEBUG -- : -------> building new state...
D, [2018-03-31T10:57:28.187797 #11260] DEBUG -- : -------> building selection...
D, [2018-03-31T10:57:28.188111 #11260] DEBUG -- : -------> building new state...
D, [2018-03-31T10:57:28.188219 #11260] DEBUG -- : -------> building new state...
D, [2018-03-31T10:57:28.188405 #11260] DEBUG -- : -------> building selection...
D, [2018-03-31T10:57:28.188728 #11260] DEBUG -- : -------> building new state...
D, [2018-03-31T10:57:28.188828 #11260] DEBUG -- : -------> building new state...
D, [2018-03-31T10:57:28.189022 #11260] DEBUG -- : -------> building selection...
D, [2018-03-31T10:57:28.189349 #11260] DEBUG -- : -------> building new state...
D, [2018-03-31T10:57:28.189452 #11260] DEBUG -- : -------> building new state...
D, [2018-03-31T10:57:28.189645 #11260] DEBUG -- : -------> building selection...
D, [2018-03-31T10:57:28.189963 #11260] DEBUG -- : -------> building new state...
D, [2018-03-31T10:57:28.190070 #11260] DEBUG -- : -------> building new state...
D, [2018-03-31T10:57:28.190254 #11260] DEBUG -- : -------> building selection...
D, [2018-03-31T10:57:28.190589 #11260] DEBUG -- : -------> building new state...
D, [2018-03-31T10:57:28.190695 #11260] DEBUG -- : -------> building new state...
D, [2018-03-31T10:57:28.190877 #11260] DEBUG -- : -------> building selection...
D, [2018-03-31T10:57:28.191204 #11260] DEBUG -- : -------> building new state...
D, [2018-03-31T10:57:28.191314 #11260] DEBUG -- : -------> building new state...
D, [2018-03-31T10:57:28.191492 #11260] DEBUG -- : -------> building selection...
D, [2018-03-31T10:57:28.191819 #11260] DEBUG -- : -------> building new state...
D, [2018-03-31T10:57:28.191918 #11260] DEBUG -- : -------> building new state...
D, [2018-03-31T10:57:28.192109 #11260] DEBUG -- : -------> building selection...
D, [2018-03-31T10:57:28.192416 #11260] DEBUG -- : -------> building new state...
D, [2018-03-31T10:57:28.192529 #11260] DEBUG -- : -------> building new state...
D, [2018-03-31T10:57:28.192724 #11260] DEBUG -- : scoring weighed rated selections...
D, [2018-03-31T10:57:28.192785 #11260] DEBUG -- : Saving scored selections...
D, [2018-03-31T10:57:28.199320 #11260] DEBUG -- : State Score successfully calculated


D, [2018-03-31T10:57:28.199395 #11260] DEBUG -- : Scoring new state: {:rating=>37, :state=>{:unknown=>0, :possibly_lighter=>1, :possibly_heavier=>0, :normal=>7}}
D, [2018-03-31T10:57:28.199420 #11260] DEBUG -- : State Score successfully calculated


D, [2018-03-31T10:57:28.199460 #11260] DEBUG -- : Scoring new state: {:rating=>31, :state=>{:unknown=>0, :possibly_lighter=>2, :possibly_heavier=>1, :normal=>5}}
D, [2018-03-31T10:57:28.202113 #11260] DEBUG -- : calculating updated score for older state...
D, [2018-03-31T10:57:28.205623 #11260] DEBUG -- : generating weighed rated selections...
D, [2018-03-31T10:57:28.396603 #11260] DEBUG -- : scoring weighed rated selections...
D, [2018-03-31T10:57:28.396784 #11260] DEBUG -- : Saving scored selections...
D, [2018-03-31T10:57:28.404078 #11260] DEBUG -- : State Score successfully calculated


D, [2018-03-31T10:57:28.404170 #11260] DEBUG -- : Scoring new state: {:rating=>37, :state=>{:unknown=>0, :possibly_lighter=>1, :possibly_heavier=>0, :normal=>7}}
D, [2018-03-31T10:57:28.404196 #11260] DEBUG -- : State Score successfully calculated


D, [2018-03-31T10:57:28.404234 #11260] DEBUG -- : Scoring new state: {:rating=>31, :state=>{:unknown=>0, :possibly_lighter=>2, :possibly_heavier=>1, :normal=>5}}
D, [2018-03-31T10:57:28.406846 #11260] DEBUG -- : calculating updated score for older state...
D, [2018-03-31T10:57:28.410235 #11260] DEBUG -- : generating weighed rated selections...
D, [2018-03-31T10:57:28.411319 #11260] DEBUG -- : -------> building selection...
D, [2018-03-31T10:57:28.412176 #11260] DEBUG -- : -------> building new state...
D, [2018-03-31T10:57:28.412496 #11260] DEBUG -- : -------> building new state...
D, [2018-03-31T10:57:28.412720 #11260] DEBUG -- : -------> building selection...
D, [2018-03-31T10:57:28.413085 #11260] DEBUG -- : -------> building new state...
D, [2018-03-31T10:57:28.413193 #11260] DEBUG -- : -------> building new state...
D, [2018-03-31T10:57:28.413383 #11260] DEBUG -- : -------> building selection...
D, [2018-03-31T10:57:28.413735 #11260] DEBUG -- : -------> building new state...
D, [2018-03-31T10:57:28.413836 #11260] DEBUG -- : -------> building new state...
D, [2018-03-31T10:57:28.414021 #11260] DEBUG -- : -------> building selection...
D, [2018-03-31T10:57:28.414348 #11260] DEBUG -- : -------> building new state...
D, [2018-03-31T10:57:28.414452 #11260] DEBUG -- : -------> building new state...
D, [2018-03-31T10:57:28.414640 #11260] DEBUG -- : -------> building selection...
D, [2018-03-31T10:57:28.415007 #11260] DEBUG -- : -------> building new state...
D, [2018-03-31T10:57:28.415111 #11260] DEBUG -- : -------> building new state...
D, [2018-03-31T10:57:28.415297 #11260] DEBUG -- : -------> building selection...
D, [2018-03-31T10:57:28.415661 #11260] DEBUG -- : -------> building new state...
D, [2018-03-31T10:57:28.415762 #11260] DEBUG -- : -------> building new state...
D, [2018-03-31T10:57:28.415963 #11260] DEBUG -- : -------> building selection...
D, [2018-03-31T10:57:28.416299 #11260] DEBUG -- : -------> building new state...
D, [2018-03-31T10:57:28.416402 #11260] DEBUG -- : -------> building new state...
D, [2018-03-31T10:57:28.416593 #11260] DEBUG -- : -------> building selection...
D, [2018-03-31T10:57:28.416922 #11260] DEBUG -- : -------> building new state...
D, [2018-03-31T10:57:28.417033 #11260] DEBUG -- : -------> building new state...
D, [2018-03-31T10:57:28.417234 #11260] DEBUG -- : -------> building selection...
D, [2018-03-31T10:57:28.417549 #11260] DEBUG -- : -------> building new state...
D, [2018-03-31T10:57:28.417669 #11260] DEBUG -- : -------> building new state...
D, [2018-03-31T10:57:28.417857 #11260] DEBUG -- : -------> building selection...
D, [2018-03-31T10:57:28.418188 #11260] DEBUG -- : -------> building new state...
D, [2018-03-31T10:57:28.418287 #11260] DEBUG -- : -------> building new state...
D, [2018-03-31T10:57:28.418512 #11260] DEBUG -- : -------> building selection...
D, [2018-03-31T10:57:28.420356 #11260] DEBUG -- : -------> building new state...
D, [2018-03-31T10:57:28.420610 #11260] DEBUG -- : -------> building new state...
D, [2018-03-31T10:57:28.420860 #11260] DEBUG -- : -------> building selection...
D, [2018-03-31T10:57:28.421205 #11260] DEBUG -- : -------> building new state...
D, [2018-03-31T10:57:28.421327 #11260] DEBUG -- : -------> building new state...
D, [2018-03-31T10:57:28.421536 #11260] DEBUG -- : -------> building selection...
D, [2018-03-31T10:57:28.421854 #11260] DEBUG -- : -------> building new state...
D, [2018-03-31T10:57:28.421968 #11260] DEBUG -- : -------> building new state...
D, [2018-03-31T10:57:28.422174 #11260] DEBUG -- : -------> building selection...
D, [2018-03-31T10:57:28.422515 #11260] DEBUG -- : -------> building new state...
D, [2018-03-31T10:57:28.422616 #11260] DEBUG -- : -------> building new state...
D, [2018-03-31T10:57:28.422842 #11260] DEBUG -- : -------> building selection...
D, [2018-03-31T10:57:28.423173 #11260] DEBUG -- : -------> building new state...
D, [2018-03-31T10:57:28.423291 #11260] DEBUG -- : -------> building new state...
D, [2018-03-31T10:57:28.423497 #11260] DEBUG -- : -------> building selection...
D, [2018-03-31T10:57:28.423828 #11260] DEBUG -- : -------> building new state...
D, [2018-03-31T10:57:28.423942 #11260] DEBUG -- : -------> building new state...
D, [2018-03-31T10:57:28.424138 #11260] DEBUG -- : -------> building selection...
D, [2018-03-31T10:57:28.424472 #11260] DEBUG -- : -------> building new state...
D, [2018-03-31T10:57:28.424578 #11260] DEBUG -- : -------> building new state...
D, [2018-03-31T10:57:28.424773 #11260] DEBUG -- : -------> building selection...
D, [2018-03-31T10:57:28.425150 #11260] DEBUG -- : -------> building new state...
D, [2018-03-31T10:57:28.425369 #11260] DEBUG -- : -------> building new state...
D, [2018-03-31T10:57:28.425612 #11260] DEBUG -- : -------> building selection...
D, [2018-03-31T10:57:28.425971 #11260] DEBUG -- : -------> building new state...
D, [2018-03-31T10:57:28.426083 #11260] DEBUG -- : -------> building new state...
D, [2018-03-31T10:57:28.426289 #11260] DEBUG -- : -------> building selection...
D, [2018-03-31T10:57:28.426648 #11260] DEBUG -- : -------> building new state...
D, [2018-03-31T10:57:28.426760 #11260] DEBUG -- : -------> building new state...
D, [2018-03-31T10:57:28.426973 #11260] DEBUG -- : -------> building selection...
D, [2018-03-31T10:57:28.427344 #11260] DEBUG -- : -------> building new state...
D, [2018-03-31T10:57:28.427461 #11260] DEBUG -- : -------> building new state...
D, [2018-03-31T10:57:28.427648 #11260] DEBUG -- : -------> building selection...
D, [2018-03-31T10:57:28.428008 #11260] DEBUG -- : -------> building new state...
D, [2018-03-31T10:57:28.428223 #11260] DEBUG -- : -------> building new state...
D, [2018-03-31T10:57:28.428447 #11260] DEBUG -- : -------> building selection...
D, [2018-03-31T10:57:28.428797 #11260] DEBUG -- : -------> building new state...
D, [2018-03-31T10:57:28.428901 #11260] DEBUG -- : -------> building new state...
D, [2018-03-31T10:57:28.429097 #11260] DEBUG -- : -------> building selection...
D, [2018-03-31T10:57:28.429437 #11260] DEBUG -- : -------> building new state...
D, [2018-03-31T10:57:28.429559 #11260] DEBUG -- : -------> building new state...
D, [2018-03-31T10:57:28.429758 #11260] DEBUG -- : -------> building selection...
D, [2018-03-31T10:57:28.430089 #11260] DEBUG -- : -------> building new state...
D, [2018-03-31T10:57:28.430196 #11260] DEBUG -- : -------> building new state...
D, [2018-03-31T10:57:28.430388 #11260] DEBUG -- : -------> building selection...
D, [2018-03-31T10:57:28.430730 #11260] DEBUG -- : -------> building new state...
D, [2018-03-31T10:57:28.430926 #11260] DEBUG -- : -------> building new state...
D, [2018-03-31T10:57:28.431127 #11260] DEBUG -- : -------> building selection...
D, [2018-03-31T10:57:28.431466 #11260] DEBUG -- : -------> building new state...
D, [2018-03-31T10:57:28.431608 #11260] DEBUG -- : -------> building new state...
D, [2018-03-31T10:57:28.431807 #11260] DEBUG -- : -------> building selection...
D, [2018-03-31T10:57:28.432148 #11260] DEBUG -- : -------> building new state...
D, [2018-03-31T10:57:28.432251 #11260] DEBUG -- : -------> building new state...
D, [2018-03-31T10:57:28.432460 #11260] DEBUG -- : -------> building selection...
D, [2018-03-31T10:57:28.432794 #11260] DEBUG -- : -------> building new state...
D, [2018-03-31T10:57:28.432894 #11260] DEBUG -- : -------> building new state...
D, [2018-03-31T10:57:28.433097 #11260] DEBUG -- : -------> building selection...
D, [2018-03-31T10:57:28.433424 #11260] DEBUG -- : -------> building new state...
D, [2018-03-31T10:57:28.433530 #11260] DEBUG -- : -------> building new state...
D, [2018-03-31T10:57:28.433739 #11260] DEBUG -- : -------> building selection...
D, [2018-03-31T10:57:28.434076 #11260] DEBUG -- : -------> building new state...
D, [2018-03-31T10:57:28.434181 #11260] DEBUG -- : -------> building new state...
D, [2018-03-31T10:57:28.434373 #11260] DEBUG -- : -------> building selection...
D, [2018-03-31T10:57:28.434724 #11260] DEBUG -- : -------> building new state...
D, [2018-03-31T10:57:28.434865 #11260] DEBUG -- : -------> building new state...
D, [2018-03-31T10:57:28.435116 #11260] DEBUG -- : -------> building selection...
D, [2018-03-31T10:57:28.435543 #11260] DEBUG -- : -------> building new state...
D, [2018-03-31T10:57:28.435653 #11260] DEBUG -- : -------> building new state...
D, [2018-03-31T10:57:28.436295 #11260] DEBUG -- : -------> building selection...
D, [2018-03-31T10:57:28.436733 #11260] DEBUG -- : -------> building new state...
D, [2018-03-31T10:57:28.436937 #11260] DEBUG -- : -------> building new state...
D, [2018-03-31T10:57:28.437174 #11260] DEBUG -- : -------> building selection...
D, [2018-03-31T10:57:28.437510 #11260] DEBUG -- : -------> building new state...
D, [2018-03-31T10:57:28.437617 #11260] DEBUG -- : -------> building new state...
D, [2018-03-31T10:57:28.437815 #11260] DEBUG -- : -------> building selection...
D, [2018-03-31T10:57:28.438137 #11260] DEBUG -- : -------> building new state...
D, [2018-03-31T10:57:28.438241 #11260] DEBUG -- : -------> building new state...
D, [2018-03-31T10:57:28.438432 #11260] DEBUG -- : -------> building selection...
D, [2018-03-31T10:57:28.438761 #11260] DEBUG -- : -------> building new state...
D, [2018-03-31T10:57:28.438908 #11260] DEBUG -- : -------> building new state...
D, [2018-03-31T10:57:28.439129 #11260] DEBUG -- : -------> building selection...
D, [2018-03-31T10:57:28.439494 #11260] DEBUG -- : -------> building new state...
D, [2018-03-31T10:57:28.439596 #11260] DEBUG -- : -------> building new state...
D, [2018-03-31T10:57:28.439788 #11260] DEBUG -- : -------> building selection...
D, [2018-03-31T10:57:28.440125 #11260] DEBUG -- : -------> building new state...
D, [2018-03-31T10:57:28.440232 #11260] DEBUG -- : -------> building new state...
D, [2018-03-31T10:57:28.440428 #11260] DEBUG -- : scoring weighed rated selections...
D, [2018-03-31T10:57:28.440522 #11260] DEBUG -- : Saving scored selections...
D, [2018-03-31T10:57:28.447762 #11260] DEBUG -- : State Score successfully calculated


D, [2018-03-31T10:57:28.447828 #11260] DEBUG -- : Scoring new state: {:rating=>37, :state=>{:unknown=>0, :possibly_lighter=>1, :possibly_heavier=>0, :normal=>7}}
D, [2018-03-31T10:57:28.447853 #11260] DEBUG -- : State Score successfully calculated


D, [2018-03-31T10:57:28.447887 #11260] DEBUG -- : Scoring new state: {:rating=>37, :state=>{:unknown=>0, :possibly_lighter=>0, :possibly_heavier=>1, :normal=>7}}
D, [2018-03-31T10:57:28.447908 #11260] DEBUG -- : State Score successfully calculated


D, [2018-03-31T10:57:28.447932 #11260] DEBUG -- : Scoring new state: {:rating=>31, :state=>{:unknown=>0, :possibly_lighter=>3, :possibly_heavier=>0, :normal=>5}}
D, [2018-03-31T10:57:28.450541 #11260] DEBUG -- : calculating updated score for older state...
D, [2018-03-31T10:57:28.453957 #11260] DEBUG -- : generating weighed rated selections...
D, [2018-03-31T10:57:28.545457 #11260] DEBUG -- : scoring weighed rated selections...
D, [2018-03-31T10:57:28.545590 #11260] DEBUG -- : Saving scored selections...
D, [2018-03-31T10:57:28.549583 #11260] DEBUG -- : State Score successfully calculated


D, [2018-03-31T10:57:28.549688 #11260] DEBUG -- : Scoring new state: {:rating=>31, :state=>{:unknown=>0, :possibly_lighter=>2, :possibly_heavier=>1, :normal=>5}}
D, [2018-03-31T10:57:28.552251 #11260] DEBUG -- : calculating updated score for older state...
D, [2018-03-31T10:57:28.555726 #11260] DEBUG -- : generating weighed rated selections...
D, [2018-03-31T10:57:28.556819 #11260] DEBUG -- : -------> building selection...
D, [2018-03-31T10:57:28.557723 #11260] DEBUG -- : -------> building new state...
D, [2018-03-31T10:57:28.557986 #11260] DEBUG -- : -------> building new state...
D, [2018-03-31T10:57:28.558206 #11260] DEBUG -- : -------> building selection...
D, [2018-03-31T10:57:28.558599 #11260] DEBUG -- : -------> building new state...
D, [2018-03-31T10:57:28.558704 #11260] DEBUG -- : -------> building new state...
D, [2018-03-31T10:57:28.558910 #11260] DEBUG -- : -------> building selection...
D, [2018-03-31T10:57:28.559275 #11260] DEBUG -- : -------> building new state...
D, [2018-03-31T10:57:28.559381 #11260] DEBUG -- : -------> building new state...
D, [2018-03-31T10:57:28.559575 #11260] DEBUG -- : -------> building selection...
D, [2018-03-31T10:57:28.559933 #11260] DEBUG -- : -------> building new state...
D, [2018-03-31T10:57:28.560042 #11260] DEBUG -- : -------> building new state...
D, [2018-03-31T10:57:28.560232 #11260] DEBUG -- : -------> building selection...
D, [2018-03-31T10:57:28.560556 #11260] DEBUG -- : -------> building new state...
D, [2018-03-31T10:57:28.560669 #11260] DEBUG -- : -------> building new state...
D, [2018-03-31T10:57:28.560875 #11260] DEBUG -- : -------> building selection...
D, [2018-03-31T10:57:28.561226 #11260] DEBUG -- : -------> building new state...
D, [2018-03-31T10:57:28.561329 #11260] DEBUG -- : -------> building new state...
D, [2018-03-31T10:57:28.561543 #11260] DEBUG -- : -------> building selection...
D, [2018-03-31T10:57:28.561884 #11260] DEBUG -- : -------> building new state...
D, [2018-03-31T10:57:28.561985 #11260] DEBUG -- : -------> building new state...
D, [2018-03-31T10:57:28.562193 #11260] DEBUG -- : -------> building selection...
D, [2018-03-31T10:57:28.562533 #11260] DEBUG -- : -------> building new state...
D, [2018-03-31T10:57:28.562633 #11260] DEBUG -- : -------> building new state...
D, [2018-03-31T10:57:28.562842 #11260] DEBUG -- : -------> building selection...
D, [2018-03-31T10:57:28.563192 #11260] DEBUG -- : -------> building new state...
D, [2018-03-31T10:57:28.563300 #11260] DEBUG -- : -------> building new state...
D, [2018-03-31T10:57:28.563508 #11260] DEBUG -- : -------> building selection...
D, [2018-03-31T10:57:28.563853 #11260] DEBUG -- : -------> building new state...
D, [2018-03-31T10:57:28.563954 #11260] DEBUG -- : -------> building new state...
D, [2018-03-31T10:57:28.564154 #11260] DEBUG -- : -------> building selection...
D, [2018-03-31T10:57:28.564536 #11260] DEBUG -- : -------> building new state...
D, [2018-03-31T10:57:28.564755 #11260] DEBUG -- : -------> building new state...
D, [2018-03-31T10:57:28.564990 #11260] DEBUG -- : -------> building selection...
D, [2018-03-31T10:57:28.565359 #11260] DEBUG -- : -------> building new state...
D, [2018-03-31T10:57:28.565465 #11260] DEBUG -- : -------> building new state...
D, [2018-03-31T10:57:28.565677 #11260] DEBUG -- : -------> building selection...
D, [2018-03-31T10:57:28.566030 #11260] DEBUG -- : -------> building new state...
D, [2018-03-31T10:57:28.566137 #11260] DEBUG -- : -------> building new state...
D, [2018-03-31T10:57:28.566347 #11260] DEBUG -- : -------> building selection...
D, [2018-03-31T10:57:28.566709 #11260] DEBUG -- : -------> building new state...
D, [2018-03-31T10:57:28.566932 #11260] DEBUG -- : -------> building new state...
D, [2018-03-31T10:57:28.567155 #11260] DEBUG -- : -------> building selection...
D, [2018-03-31T10:57:28.567519 #11260] DEBUG -- : -------> building new state...
D, [2018-03-31T10:57:28.567640 #11260] DEBUG -- : -------> building new state...
D, [2018-03-31T10:57:28.567834 #11260] DEBUG -- : -------> building selection...
D, [2018-03-31T10:57:28.568174 #11260] DEBUG -- : -------> building new state...
D, [2018-03-31T10:57:28.568274 #11260] DEBUG -- : -------> building new state...
D, [2018-03-31T10:57:28.568475 #11260] DEBUG -- : -------> building selection...
D, [2018-03-31T10:57:28.568811 #11260] DEBUG -- : -------> building new state...
D, [2018-03-31T10:57:28.568947 #11260] DEBUG -- : -------> building new state...
D, [2018-03-31T10:57:28.569163 #11260] DEBUG -- : -------> building selection...
D, [2018-03-31T10:57:28.571125 #11260] DEBUG -- : -------> building new state...
D, [2018-03-31T10:57:28.571283 #11260] DEBUG -- : -------> building new state...
D, [2018-03-31T10:57:28.571508 #11260] DEBUG -- : -------> building selection...
D, [2018-03-31T10:57:28.571865 #11260] DEBUG -- : -------> building new state...
D, [2018-03-31T10:57:28.571986 #11260] DEBUG -- : -------> building new state...
D, [2018-03-31T10:57:28.572231 #11260] DEBUG -- : -------> building selection...
D, [2018-03-31T10:57:28.572591 #11260] DEBUG -- : -------> building new state...
D, [2018-03-31T10:57:28.572710 #11260] DEBUG -- : -------> building new state...
D, [2018-03-31T10:57:28.572927 #11260] DEBUG -- : -------> building selection...
D, [2018-03-31T10:57:28.573280 #11260] DEBUG -- : -------> building new state...
D, [2018-03-31T10:57:28.573396 #11260] DEBUG -- : -------> building new state...
D, [2018-03-31T10:57:28.573594 #11260] DEBUG -- : -------> building selection...
D, [2018-03-31T10:57:28.573936 #11260] DEBUG -- : -------> building new state...
D, [2018-03-31T10:57:28.574051 #11260] DEBUG -- : -------> building new state...
D, [2018-03-31T10:57:28.574257 #11260] DEBUG -- : -------> building selection...
D, [2018-03-31T10:57:28.574701 #11260] DEBUG -- : -------> building new state...
D, [2018-03-31T10:57:28.574926 #11260] DEBUG -- : -------> building new state...
D, [2018-03-31T10:57:28.575147 #11260] DEBUG -- : -------> building selection...
D, [2018-03-31T10:57:28.575513 #11260] DEBUG -- : -------> building new state...
D, [2018-03-31T10:57:28.575629 #11260] DEBUG -- : -------> building new state...
D, [2018-03-31T10:57:28.575836 #11260] DEBUG -- : -------> building selection...
D, [2018-03-31T10:57:28.576181 #11260] DEBUG -- : -------> building new state...
D, [2018-03-31T10:57:28.576295 #11260] DEBUG -- : -------> building new state...
D, [2018-03-31T10:57:28.576489 #11260] DEBUG -- : -------> building selection...
D, [2018-03-31T10:57:28.576835 #11260] DEBUG -- : -------> building new state...
D, [2018-03-31T10:57:28.576935 #11260] DEBUG -- : -------> building new state...
D, [2018-03-31T10:57:28.577137 #11260] DEBUG -- : -------> building selection...
D, [2018-03-31T10:57:28.577478 #11260] DEBUG -- : -------> building new state...
D, [2018-03-31T10:57:28.577588 #11260] DEBUG -- : -------> building new state...
D, [2018-03-31T10:57:28.577789 #11260] DEBUG -- : -------> building selection...
D, [2018-03-31T10:57:28.578127 #11260] DEBUG -- : -------> building new state...
D, [2018-03-31T10:57:28.578240 #11260] DEBUG -- : -------> building new state...
D, [2018-03-31T10:57:28.578446 #11260] DEBUG -- : -------> building selection...
D, [2018-03-31T10:57:28.578777 #11260] DEBUG -- : -------> building new state...
D, [2018-03-31T10:57:28.578893 #11260] DEBUG -- : -------> building new state...
D, [2018-03-31T10:57:28.579113 #11260] DEBUG -- : -------> building selection...
D, [2018-03-31T10:57:28.579452 #11260] DEBUG -- : -------> building new state...
D, [2018-03-31T10:57:28.579565 #11260] DEBUG -- : -------> building new state...
D, [2018-03-31T10:57:28.579792 #11260] DEBUG -- : -------> building selection...
D, [2018-03-31T10:57:28.580152 #11260] DEBUG -- : -------> building new state...
D, [2018-03-31T10:57:28.580258 #11260] DEBUG -- : -------> building new state...
D, [2018-03-31T10:57:28.580466 #11260] DEBUG -- : -------> building selection...
D, [2018-03-31T10:57:28.580808 #11260] DEBUG -- : -------> building new state...
D, [2018-03-31T10:57:28.580916 #11260] DEBUG -- : -------> building new state...
D, [2018-03-31T10:57:28.581111 #11260] DEBUG -- : -------> building selection...
D, [2018-03-31T10:57:28.581460 #11260] DEBUG -- : -------> building new state...
D, [2018-03-31T10:57:28.581561 #11260] DEBUG -- : -------> building new state...
D, [2018-03-31T10:57:28.581759 #11260] DEBUG -- : -------> building selection...
D, [2018-03-31T10:57:28.582121 #11260] DEBUG -- : -------> building new state...
D, [2018-03-31T10:57:28.582232 #11260] DEBUG -- : -------> building new state...
D, [2018-03-31T10:57:28.582435 #11260] DEBUG -- : -------> building selection...
D, [2018-03-31T10:57:28.582789 #11260] DEBUG -- : -------> building new state...
D, [2018-03-31T10:57:28.582913 #11260] DEBUG -- : -------> building new state...
D, [2018-03-31T10:57:28.583120 #11260] DEBUG -- : -------> building selection...
D, [2018-03-31T10:57:28.583479 #11260] DEBUG -- : -------> building new state...
D, [2018-03-31T10:57:28.583706 #11260] DEBUG -- : -------> building new state...
D, [2018-03-31T10:57:28.583927 #11260] DEBUG -- : -------> building selection...
D, [2018-03-31T10:57:28.584279 #11260] DEBUG -- : -------> building new state...
D, [2018-03-31T10:57:28.584842 #11260] DEBUG -- : -------> building new state...
D, [2018-03-31T10:57:28.585135 #11260] DEBUG -- : -------> building selection...
D, [2018-03-31T10:57:28.585490 #11260] DEBUG -- : -------> building new state...
D, [2018-03-31T10:57:28.585592 #11260] DEBUG -- : -------> building new state...
D, [2018-03-31T10:57:28.585848 #11260] DEBUG -- : -------> building selection...
D, [2018-03-31T10:57:28.586266 #11260] DEBUG -- : -------> building new state...
D, [2018-03-31T10:57:28.586385 #11260] DEBUG -- : -------> building new state...
D, [2018-03-31T10:57:28.586586 #11260] DEBUG -- : scoring weighed rated selections...
D, [2018-03-31T10:57:28.586658 #11260] DEBUG -- : Saving scored selections...
D, [2018-03-31T10:57:28.593996 #11260] DEBUG -- : State Score successfully calculated


D, [2018-03-31T10:57:28.594076 #11260] DEBUG -- : Scoring new state: {:rating=>37, :state=>{:unknown=>0, :possibly_lighter=>1, :possibly_heavier=>0, :normal=>7}}
D, [2018-03-31T10:57:28.594100 #11260] DEBUG -- : State Score successfully calculated


D, [2018-03-31T10:57:28.594135 #11260] DEBUG -- : Scoring new state: {:rating=>31, :state=>{:unknown=>0, :possibly_lighter=>2, :possibly_heavier=>1, :normal=>5}}
D, [2018-03-31T10:57:28.596822 #11260] DEBUG -- : calculating updated score for older state...
D, [2018-03-31T10:57:28.600523 #11260] DEBUG -- : generating weighed rated selections...
D, [2018-03-31T10:57:28.601635 #11260] DEBUG -- : -------> building selection...
D, [2018-03-31T10:57:28.602524 #11260] DEBUG -- : -------> building new state...
D, [2018-03-31T10:57:28.602799 #11260] DEBUG -- : -------> building new state...
D, [2018-03-31T10:57:28.603081 #11260] DEBUG -- : -------> building selection...
D, [2018-03-31T10:57:28.603473 #11260] DEBUG -- : -------> building new state...
D, [2018-03-31T10:57:28.603597 #11260] DEBUG -- : -------> building new state...
D, [2018-03-31T10:57:28.603833 #11260] DEBUG -- : -------> building selection...
D, [2018-03-31T10:57:28.604202 #11260] DEBUG -- : -------> building new state...
D, [2018-03-31T10:57:28.605769 #11260] DEBUG -- : -------> building new state...
D, [2018-03-31T10:57:28.606089 #11260] DEBUG -- : -------> building selection...
D, [2018-03-31T10:57:28.606482 #11260] DEBUG -- : -------> building new state...
D, [2018-03-31T10:57:28.606587 #11260] DEBUG -- : -------> building new state...
D, [2018-03-31T10:57:28.606820 #11260] DEBUG -- : -------> building selection...
D, [2018-03-31T10:57:28.607222 #11260] DEBUG -- : -------> building new state...
D, [2018-03-31T10:57:28.607327 #11260] DEBUG -- : -------> building new state...
D, [2018-03-31T10:57:28.607563 #11260] DEBUG -- : -------> building selection...
D, [2018-03-31T10:57:28.607901 #11260] DEBUG -- : -------> building new state...
D, [2018-03-31T10:57:28.608002 #11260] DEBUG -- : -------> building new state...
D, [2018-03-31T10:57:28.608207 #11260] DEBUG -- : -------> building selection...
D, [2018-03-31T10:57:28.608534 #11260] DEBUG -- : -------> building new state...
D, [2018-03-31T10:57:28.608634 #11260] DEBUG -- : -------> building new state...
D, [2018-03-31T10:57:28.608836 #11260] DEBUG -- : -------> building selection...
D, [2018-03-31T10:57:28.609177 #11260] DEBUG -- : -------> building new state...
D, [2018-03-31T10:57:28.609301 #11260] DEBUG -- : -------> building new state...
D, [2018-03-31T10:57:28.609494 #11260] DEBUG -- : -------> building selection...
D, [2018-03-31T10:57:28.609821 #11260] DEBUG -- : -------> building new state...
D, [2018-03-31T10:57:28.609965 #11260] DEBUG -- : -------> building new state...
D, [2018-03-31T10:57:28.610224 #11260] DEBUG -- : -------> building selection...
D, [2018-03-31T10:57:28.610689 #11260] DEBUG -- : -------> building new state...
D, [2018-03-31T10:57:28.610797 #11260] DEBUG -- : -------> building new state...
D, [2018-03-31T10:57:28.611023 #11260] DEBUG -- : -------> building selection...
D, [2018-03-31T10:57:28.611397 #11260] DEBUG -- : -------> building new state...
D, [2018-03-31T10:57:28.611502 #11260] DEBUG -- : -------> building new state...
D, [2018-03-31T10:57:28.611692 #11260] DEBUG -- : -------> building selection...
D, [2018-03-31T10:57:28.612037 #11260] DEBUG -- : -------> building new state...
D, [2018-03-31T10:57:28.612138 #11260] DEBUG -- : -------> building new state...
D, [2018-03-31T10:57:28.612326 #11260] DEBUG -- : -------> building selection...
D, [2018-03-31T10:57:28.612681 #11260] DEBUG -- : -------> building new state...
D, [2018-03-31T10:57:28.612783 #11260] DEBUG -- : -------> building new state...
D, [2018-03-31T10:57:28.612968 #11260] DEBUG -- : -------> building selection...
D, [2018-03-31T10:57:28.613289 #11260] DEBUG -- : -------> building new state...
D, [2018-03-31T10:57:28.613389 #11260] DEBUG -- : -------> building new state...
D, [2018-03-31T10:57:28.613573 #11260] DEBUG -- : -------> building selection...
D, [2018-03-31T10:57:28.613917 #11260] DEBUG -- : -------> building new state...
D, [2018-03-31T10:57:28.614015 #11260] DEBUG -- : -------> building new state...
D, [2018-03-31T10:57:28.614215 #11260] DEBUG -- : -------> building selection...
D, [2018-03-31T10:57:28.614552 #11260] DEBUG -- : -------> building new state...
D, [2018-03-31T10:57:28.614661 #11260] DEBUG -- : -------> building new state...
D, [2018-03-31T10:57:28.614860 #11260] DEBUG -- : -------> building selection...
D, [2018-03-31T10:57:28.615201 #11260] DEBUG -- : -------> building new state...
D, [2018-03-31T10:57:28.615328 #11260] DEBUG -- : -------> building new state...
D, [2018-03-31T10:57:28.615513 #11260] DEBUG -- : -------> building selection...
D, [2018-03-31T10:57:28.615836 #11260] DEBUG -- : -------> building new state...
D, [2018-03-31T10:57:28.615934 #11260] DEBUG -- : -------> building new state...
D, [2018-03-31T10:57:28.616142 #11260] DEBUG -- : -------> building selection...
D, [2018-03-31T10:57:28.616469 #11260] DEBUG -- : -------> building new state...
D, [2018-03-31T10:57:28.616590 #11260] DEBUG -- : -------> building new state...
D, [2018-03-31T10:57:28.616776 #11260] DEBUG -- : -------> building selection...
D, [2018-03-31T10:57:28.617115 #11260] DEBUG -- : -------> building new state...
D, [2018-03-31T10:57:28.617213 #11260] DEBUG -- : -------> building new state...
D, [2018-03-31T10:57:28.617413 #11260] DEBUG -- : -------> building selection...
D, [2018-03-31T10:57:28.617751 #11260] DEBUG -- : -------> building new state...
D, [2018-03-31T10:57:28.617848 #11260] DEBUG -- : -------> building new state...
D, [2018-03-31T10:57:28.618070 #11260] DEBUG -- : -------> building selection...
D, [2018-03-31T10:57:28.618396 #11260] DEBUG -- : -------> building new state...
D, [2018-03-31T10:57:28.618493 #11260] DEBUG -- : -------> building new state...
D, [2018-03-31T10:57:28.618703 #11260] DEBUG -- : -------> building selection...
D, [2018-03-31T10:57:28.619054 #11260] DEBUG -- : -------> building new state...
D, [2018-03-31T10:57:28.619153 #11260] DEBUG -- : -------> building new state...
D, [2018-03-31T10:57:28.619343 #11260] DEBUG -- : -------> building selection...
D, [2018-03-31T10:57:28.619675 #11260] DEBUG -- : -------> building new state...
D, [2018-03-31T10:57:28.619797 #11260] DEBUG -- : -------> building new state...
D, [2018-03-31T10:57:28.619986 #11260] DEBUG -- : -------> building selection...
D, [2018-03-31T10:57:28.620335 #11260] DEBUG -- : -------> building new state...
D, [2018-03-31T10:57:28.620434 #11260] DEBUG -- : -------> building new state...
D, [2018-03-31T10:57:28.620647 #11260] DEBUG -- : -------> building selection...
D, [2018-03-31T10:57:28.620969 #11260] DEBUG -- : -------> building new state...
D, [2018-03-31T10:57:28.621076 #11260] DEBUG -- : -------> building new state...
D, [2018-03-31T10:57:28.621264 #11260] DEBUG -- : -------> building selection...
D, [2018-03-31T10:57:28.621609 #11260] DEBUG -- : -------> building new state...
D, [2018-03-31T10:57:28.621707 #11260] DEBUG -- : -------> building new state...
D, [2018-03-31T10:57:28.621894 #11260] DEBUG -- : -------> building selection...
D, [2018-03-31T10:57:28.622241 #11260] DEBUG -- : -------> building new state...
D, [2018-03-31T10:57:28.622339 #11260] DEBUG -- : -------> building new state...
D, [2018-03-31T10:57:28.622525 #11260] DEBUG -- : -------> building selection...
D, [2018-03-31T10:57:28.622878 #11260] DEBUG -- : -------> building new state...
D, [2018-03-31T10:57:28.623006 #11260] DEBUG -- : -------> building new state...
D, [2018-03-31T10:57:28.623243 #11260] DEBUG -- : -------> building selection...
D, [2018-03-31T10:57:28.623572 #11260] DEBUG -- : -------> building new state...
D, [2018-03-31T10:57:28.623672 #11260] DEBUG -- : -------> building new state...
D, [2018-03-31T10:57:28.623857 #11260] DEBUG -- : -------> building selection...
D, [2018-03-31T10:57:28.624219 #11260] DEBUG -- : -------> building new state...
D, [2018-03-31T10:57:28.624318 #11260] DEBUG -- : -------> building new state...
D, [2018-03-31T10:57:28.624503 #11260] DEBUG -- : -------> building selection...
D, [2018-03-31T10:57:28.624860 #11260] DEBUG -- : -------> building new state...
D, [2018-03-31T10:57:28.624958 #11260] DEBUG -- : -------> building new state...
D, [2018-03-31T10:57:28.625143 #11260] DEBUG -- : -------> building selection...
D, [2018-03-31T10:57:28.625508 #11260] DEBUG -- : -------> building new state...
D, [2018-03-31T10:57:28.625608 #11260] DEBUG -- : -------> building new state...
D, [2018-03-31T10:57:28.625796 #11260] DEBUG -- : -------> building selection...
D, [2018-03-31T10:57:28.626148 #11260] DEBUG -- : -------> building new state...
D, [2018-03-31T10:57:28.626247 #11260] DEBUG -- : -------> building new state...
D, [2018-03-31T10:57:28.626455 #11260] DEBUG -- : -------> building selection...
D, [2018-03-31T10:57:28.626773 #11260] DEBUG -- : -------> building new state...
D, [2018-03-31T10:57:28.626914 #11260] DEBUG -- : -------> building new state...
D, [2018-03-31T10:57:28.627124 #11260] DEBUG -- : -------> building selection...
D, [2018-03-31T10:57:28.627470 #11260] DEBUG -- : -------> building new state...
D, [2018-03-31T10:57:28.627582 #11260] DEBUG -- : -------> building new state...
D, [2018-03-31T10:57:28.627769 #11260] DEBUG -- : -------> building selection...
D, [2018-03-31T10:57:28.628117 #11260] DEBUG -- : -------> building new state...
D, [2018-03-31T10:57:28.628216 #11260] DEBUG -- : -------> building new state...
D, [2018-03-31T10:57:28.628403 #11260] DEBUG -- : -------> building selection...
D, [2018-03-31T10:57:28.630768 #11260] DEBUG -- : -------> building new state...
D, [2018-03-31T10:57:28.630943 #11260] DEBUG -- : -------> building new state...
D, [2018-03-31T10:57:28.631142 #11260] DEBUG -- : -------> building selection...
D, [2018-03-31T10:57:28.631505 #11260] DEBUG -- : -------> building new state...
D, [2018-03-31T10:57:28.631605 #11260] DEBUG -- : -------> building new state...
D, [2018-03-31T10:57:28.631794 #11260] DEBUG -- : scoring weighed rated selections...
D, [2018-03-31T10:57:28.631873 #11260] DEBUG -- : Saving scored selections...
D, [2018-03-31T10:57:28.639086 #11260] DEBUG -- : State Score successfully calculated


D, [2018-03-31T10:57:28.639153 #11260] DEBUG -- : Scoring new state: {:rating=>37, :state=>{:unknown=>0, :possibly_lighter=>1, :possibly_heavier=>0, :normal=>7}}
D, [2018-03-31T10:57:28.639178 #11260] DEBUG -- : State Score successfully calculated


D, [2018-03-31T10:57:28.639212 #11260] DEBUG -- : Scoring new state: {:rating=>37, :state=>{:unknown=>0, :possibly_lighter=>0, :possibly_heavier=>1, :normal=>7}}
D, [2018-03-31T10:57:28.639232 #11260] DEBUG -- : State Score successfully calculated


D, [2018-03-31T10:57:28.639257 #11260] DEBUG -- : Scoring new state: {:rating=>31, :state=>{:unknown=>0, :possibly_lighter=>3, :possibly_heavier=>0, :normal=>5}}
D, [2018-03-31T10:57:28.641907 #11260] DEBUG -- : calculating updated score for older state...
D, [2018-03-31T10:57:28.645358 #11260] DEBUG -- : generating weighed rated selections...
D, [2018-03-31T10:57:28.646391 #11260] DEBUG -- : -------> building selection...
D, [2018-03-31T10:57:28.647315 #11260] DEBUG -- : -------> building new state...
D, [2018-03-31T10:57:28.647694 #11260] DEBUG -- : -------> building selection...
D, [2018-03-31T10:57:28.648071 #11260] DEBUG -- : -------> building new state...
D, [2018-03-31T10:57:28.648274 #11260] DEBUG -- : -------> building selection...
D, [2018-03-31T10:57:28.648604 #11260] DEBUG -- : -------> building new state...
D, [2018-03-31T10:57:28.648812 #11260] DEBUG -- : -------> building selection...
D, [2018-03-31T10:57:28.649205 #11260] DEBUG -- : -------> building new state...
D, [2018-03-31T10:57:28.649406 #11260] DEBUG -- : -------> building new state...
D, [2018-03-31T10:57:28.649646 #11260] DEBUG -- : -------> building selection...
D, [2018-03-31T10:57:28.650008 #11260] DEBUG -- : -------> building new state...
D, [2018-03-31T10:57:28.650120 #11260] DEBUG -- : -------> building new state...
D, [2018-03-31T10:57:28.650312 #11260] DEBUG -- : -------> building selection...
D, [2018-03-31T10:57:28.650671 #11260] DEBUG -- : -------> building new state...
D, [2018-03-31T10:57:28.650789 #11260] DEBUG -- : -------> building new state...
D, [2018-03-31T10:57:28.651037 #11260] DEBUG -- : -------> building selection...
D, [2018-03-31T10:57:28.651371 #11260] DEBUG -- : -------> building new state...
D, [2018-03-31T10:57:28.651496 #11260] DEBUG -- : -------> building new state...
D, [2018-03-31T10:57:28.651683 #11260] DEBUG -- : -------> building selection...
D, [2018-03-31T10:57:28.652024 #11260] DEBUG -- : -------> building new state...
D, [2018-03-31T10:57:28.652128 #11260] DEBUG -- : -------> building new state...
D, [2018-03-31T10:57:28.652326 #11260] DEBUG -- : -------> building selection...
D, [2018-03-31T10:57:28.652661 #11260] DEBUG -- : -------> building new state...
D, [2018-03-31T10:57:28.652800 #11260] DEBUG -- : -------> building new state...
D, [2018-03-31T10:57:28.653002 #11260] DEBUG -- : -------> building selection...
D, [2018-03-31T10:57:28.653348 #11260] DEBUG -- : -------> building new state...
D, [2018-03-31T10:57:28.653473 #11260] DEBUG -- : -------> building new state...
D, [2018-03-31T10:57:28.653710 #11260] DEBUG -- : -------> building selection...
D, [2018-03-31T10:57:28.654048 #11260] DEBUG -- : -------> building new state...
D, [2018-03-31T10:57:28.654160 #11260] DEBUG -- : -------> building new state...
D, [2018-03-31T10:57:28.654372 #11260] DEBUG -- : -------> building selection...
D, [2018-03-31T10:57:28.654713 #11260] DEBUG -- : -------> building new state...
D, [2018-03-31T10:57:28.654821 #11260] DEBUG -- : -------> building new state...
D, [2018-03-31T10:57:28.655047 #11260] DEBUG -- : -------> building selection...
D, [2018-03-31T10:57:28.655386 #11260] DEBUG -- : -------> building new state...
D, [2018-03-31T10:57:28.655495 #11260] DEBUG -- : -------> building new state...
D, [2018-03-31T10:57:28.655691 #11260] DEBUG -- : -------> building selection...
D, [2018-03-31T10:57:28.656031 #11260] DEBUG -- : -------> building new state...
D, [2018-03-31T10:57:28.656141 #11260] DEBUG -- : -------> building new state...
D, [2018-03-31T10:57:28.656337 #11260] DEBUG -- : -------> building selection...
D, [2018-03-31T10:57:28.656676 #11260] DEBUG -- : -------> building new state...
D, [2018-03-31T10:57:28.656786 #11260] DEBUG -- : -------> building new state...
D, [2018-03-31T10:57:28.656987 #11260] DEBUG -- : -------> building selection...
D, [2018-03-31T10:57:28.657358 #11260] DEBUG -- : -------> building new state...
D, [2018-03-31T10:57:28.657460 #11260] DEBUG -- : -------> building new state...
D, [2018-03-31T10:57:28.657656 #11260] DEBUG -- : -------> building selection...
D, [2018-03-31T10:57:28.658002 #11260] DEBUG -- : -------> building new state...
D, [2018-03-31T10:57:28.658112 #11260] DEBUG -- : -------> building new state...
D, [2018-03-31T10:57:28.658330 #11260] DEBUG -- : -------> building selection...
D, [2018-03-31T10:57:28.658657 #11260] DEBUG -- : -------> building new state...
D, [2018-03-31T10:57:28.658757 #11260] DEBUG -- : -------> building new state...
D, [2018-03-31T10:57:28.658966 #11260] DEBUG -- : -------> building selection...
D, [2018-03-31T10:57:28.659308 #11260] DEBUG -- : -------> building new state...
D, [2018-03-31T10:57:28.659411 #11260] DEBUG -- : -------> building new state...
D, [2018-03-31T10:57:28.659617 #11260] DEBUG -- : scoring weighed rated selections...
D, [2018-03-31T10:57:28.659671 #11260] DEBUG -- : Saving scored selections...
D, [2018-03-31T10:57:28.663902 #11260] DEBUG -- : State Score successfully calculated


D, [2018-03-31T10:57:28.663988 #11260] DEBUG -- : Scoring new state: {:rating=>37, :state=>{:unknown=>0, :possibly_lighter=>0, :possibly_heavier=>1, :normal=>7}}
D, [2018-03-31T10:57:28.664014 #11260] DEBUG -- : State Score successfully calculated


D, [2018-03-31T10:57:28.664046 #11260] DEBUG -- : Scoring new state: {:rating=>31, :state=>{:unknown=>0, :possibly_lighter=>3, :possibly_heavier=>0, :normal=>5}}
D, [2018-03-31T10:57:28.666703 #11260] DEBUG -- : calculating updated score for older state...
D, [2018-03-31T10:57:28.670219 #11260] DEBUG -- : generating weighed rated selections...
D, [2018-03-31T10:57:28.671299 #11260] DEBUG -- : -------> building selection...
D, [2018-03-31T10:57:28.672200 #11260] DEBUG -- : -------> building new state...
D, [2018-03-31T10:57:28.672648 #11260] DEBUG -- : -------> building selection...
D, [2018-03-31T10:57:28.673017 #11260] DEBUG -- : -------> building new state...
D, [2018-03-31T10:57:28.673244 #11260] DEBUG -- : -------> building selection...
D, [2018-03-31T10:57:28.673589 #11260] DEBUG -- : -------> building new state...
D, [2018-03-31T10:57:28.673790 #11260] DEBUG -- : -------> building selection...
D, [2018-03-31T10:57:28.674193 #11260] DEBUG -- : -------> building new state...
D, [2018-03-31T10:57:28.674397 #11260] DEBUG -- : -------> building new state...
D, [2018-03-31T10:57:28.674624 #11260] DEBUG -- : -------> building selection...
D, [2018-03-31T10:57:28.675155 #11260] DEBUG -- : -------> building new state...
D, [2018-03-31T10:57:28.675349 #11260] DEBUG -- : -------> building new state...
D, [2018-03-31T10:57:28.675593 #11260] DEBUG -- : -------> building selection...
D, [2018-03-31T10:57:28.675959 #11260] DEBUG -- : -------> building new state...
D, [2018-03-31T10:57:28.676070 #11260] DEBUG -- : -------> building new state...
D, [2018-03-31T10:57:28.676335 #11260] DEBUG -- : -------> building selection...
D, [2018-03-31T10:57:28.676704 #11260] DEBUG -- : -------> building new state...
D, [2018-03-31T10:57:28.676808 #11260] DEBUG -- : -------> building new state...
D, [2018-03-31T10:57:28.677024 #11260] DEBUG -- : -------> building selection...
D, [2018-03-31T10:57:28.677362 #11260] DEBUG -- : -------> building new state...
D, [2018-03-31T10:57:28.677479 #11260] DEBUG -- : -------> building new state...
D, [2018-03-31T10:57:28.677671 #11260] DEBUG -- : -------> building selection...
D, [2018-03-31T10:57:28.678019 #11260] DEBUG -- : -------> building new state...
D, [2018-03-31T10:57:28.678133 #11260] DEBUG -- : -------> building new state...
D, [2018-03-31T10:57:28.678333 #11260] DEBUG -- : -------> building selection...
D, [2018-03-31T10:57:28.678674 #11260] DEBUG -- : -------> building new state...
D, [2018-03-31T10:57:28.678792 #11260] DEBUG -- : -------> building new state...
D, [2018-03-31T10:57:28.679013 #11260] DEBUG -- : -------> building selection...
D, [2018-03-31T10:57:28.679366 #11260] DEBUG -- : -------> building new state...
D, [2018-03-31T10:57:28.679476 #11260] DEBUG -- : -------> building new state...
D, [2018-03-31T10:57:28.679676 #11260] DEBUG -- : -------> building selection...
D, [2018-03-31T10:57:28.680026 #11260] DEBUG -- : -------> building new state...
D, [2018-03-31T10:57:28.680136 #11260] DEBUG -- : -------> building new state...
D, [2018-03-31T10:57:28.680336 #11260] DEBUG -- : -------> building selection...
D, [2018-03-31T10:57:28.680694 #11260] DEBUG -- : -------> building new state...
D, [2018-03-31T10:57:28.681207 #11260] DEBUG -- : -------> building new state...
D, [2018-03-31T10:57:28.681504 #11260] DEBUG -- : -------> building selection...
D, [2018-03-31T10:57:28.681865 #11260] DEBUG -- : -------> building new state...
D, [2018-03-31T10:57:28.681967 #11260] DEBUG -- : -------> building new state...
D, [2018-03-31T10:57:28.682155 #11260] DEBUG -- : -------> building selection...
D, [2018-03-31T10:57:28.682499 #11260] DEBUG -- : -------> building new state...
D, [2018-03-31T10:57:28.682599 #11260] DEBUG -- : -------> building new state...
D, [2018-03-31T10:57:28.682798 #11260] DEBUG -- : -------> building selection...
D, [2018-03-31T10:57:28.683163 #11260] DEBUG -- : -------> building new state...
D, [2018-03-31T10:57:28.683281 #11260] DEBUG -- : -------> building new state...
D, [2018-03-31T10:57:28.683467 #11260] DEBUG -- : -------> building selection...
D, [2018-03-31T10:57:28.685644 #11260] DEBUG -- : -------> building new state...
D, [2018-03-31T10:57:28.685772 #11260] DEBUG -- : -------> building new state...
D, [2018-03-31T10:57:28.686005 #11260] DEBUG -- : -------> building selection...
D, [2018-03-31T10:57:28.686333 #11260] DEBUG -- : -------> building new state...
D, [2018-03-31T10:57:28.686432 #11260] DEBUG -- : -------> building new state...
D, [2018-03-31T10:57:28.686637 #11260] DEBUG -- : -------> building selection...
D, [2018-03-31T10:57:28.686992 #11260] DEBUG -- : -------> building new state...
D, [2018-03-31T10:57:28.687117 #11260] DEBUG -- : -------> building new state...
D, [2018-03-31T10:57:28.687317 #11260] DEBUG -- : scoring weighed rated selections...
D, [2018-03-31T10:57:28.687375 #11260] DEBUG -- : Saving scored selections...
D, [2018-03-31T10:57:28.691463 #11260] DEBUG -- : State Score successfully calculated


D, [2018-03-31T10:57:28.691541 #11260] DEBUG -- : Scoring new state: {:rating=>31, :state=>{:unknown=>0, :possibly_lighter=>2, :possibly_heavier=>1, :normal=>5}}
D, [2018-03-31T10:57:28.694129 #11260] DEBUG -- : calculating updated score for older state...
D, [2018-03-31T10:57:28.697589 #11260] DEBUG -- : generating weighed rated selections...
D, [2018-03-31T10:57:28.698673 #11260] DEBUG -- : -------> building selection...
D, [2018-03-31T10:57:28.699528 #11260] DEBUG -- : -------> building new state...
D, [2018-03-31T10:57:28.699946 #11260] DEBUG -- : -------> building new state...
D, [2018-03-31T10:57:28.700233 #11260] DEBUG -- : -------> building selection...
D, [2018-03-31T10:57:28.700643 #11260] DEBUG -- : -------> building new state...
D, [2018-03-31T10:57:28.700778 #11260] DEBUG -- : -------> building new state...
D, [2018-03-31T10:57:28.700977 #11260] DEBUG -- : -------> building selection...
D, [2018-03-31T10:57:28.701312 #11260] DEBUG -- : -------> building new state...
D, [2018-03-31T10:57:28.701418 #11260] DEBUG -- : -------> building new state...
D, [2018-03-31T10:57:28.701625 #11260] DEBUG -- : -------> building selection...
D, [2018-03-31T10:57:28.701955 #11260] DEBUG -- : -------> building new state...
D, [2018-03-31T10:57:28.702061 #11260] DEBUG -- : -------> building new state...
D, [2018-03-31T10:57:28.702279 #11260] DEBUG -- : -------> building selection...
D, [2018-03-31T10:57:28.702602 #11260] DEBUG -- : -------> building new state...
D, [2018-03-31T10:57:28.702703 #11260] DEBUG -- : -------> building new state...
D, [2018-03-31T10:57:28.702905 #11260] DEBUG -- : -------> building selection...
D, [2018-03-31T10:57:28.703258 #11260] DEBUG -- : -------> building new state...
D, [2018-03-31T10:57:28.703361 #11260] DEBUG -- : -------> building new state...
D, [2018-03-31T10:57:28.703570 #11260] DEBUG -- : -------> building selection...
D, [2018-03-31T10:57:28.703898 #11260] DEBUG -- : -------> building new state...
D, [2018-03-31T10:57:28.704024 #11260] DEBUG -- : -------> building new state...
D, [2018-03-31T10:57:28.704212 #11260] DEBUG -- : -------> building selection...
D, [2018-03-31T10:57:28.704542 #11260] DEBUG -- : -------> building new state...
D, [2018-03-31T10:57:28.704675 #11260] DEBUG -- : -------> building new state...
D, [2018-03-31T10:57:28.704866 #11260] DEBUG -- : -------> building selection...
D, [2018-03-31T10:57:28.705227 #11260] DEBUG -- : -------> building new state...
D, [2018-03-31T10:57:28.705330 #11260] DEBUG -- : -------> building new state...
D, [2018-03-31T10:57:28.705516 #11260] DEBUG -- : -------> building selection...
D, [2018-03-31T10:57:28.705843 #11260] DEBUG -- : -------> building new state...
D, [2018-03-31T10:57:28.705943 #11260] DEBUG -- : -------> building new state...
D, [2018-03-31T10:57:28.706128 #11260] DEBUG -- : -------> building selection...
D, [2018-03-31T10:57:28.706472 #11260] DEBUG -- : -------> building new state...
D, [2018-03-31T10:57:28.706577 #11260] DEBUG -- : -------> building new state...
D, [2018-03-31T10:57:28.706779 #11260] DEBUG -- : -------> building selection...
D, [2018-03-31T10:57:28.707129 #11260] DEBUG -- : -------> building new state...
D, [2018-03-31T10:57:28.707250 #11260] DEBUG -- : -------> building new state...
D, [2018-03-31T10:57:28.707442 #11260] DEBUG -- : -------> building selection...
D, [2018-03-31T10:57:28.707802 #11260] DEBUG -- : -------> building new state...
D, [2018-03-31T10:57:28.707903 #11260] DEBUG -- : -------> building new state...
D, [2018-03-31T10:57:28.708134 #11260] DEBUG -- : -------> building selection...
D, [2018-03-31T10:57:28.708467 #11260] DEBUG -- : -------> building new state...
D, [2018-03-31T10:57:28.708577 #11260] DEBUG -- : -------> building new state...
D, [2018-03-31T10:57:28.708820 #11260] DEBUG -- : -------> building selection...
D, [2018-03-31T10:57:28.709153 #11260] DEBUG -- : -------> building new state...
D, [2018-03-31T10:57:28.709262 #11260] DEBUG -- : -------> building new state...
D, [2018-03-31T10:57:28.709476 #11260] DEBUG -- : -------> building selection...
D, [2018-03-31T10:57:28.709814 #11260] DEBUG -- : -------> building new state...
D, [2018-03-31T10:57:28.709922 #11260] DEBUG -- : -------> building new state...
D, [2018-03-31T10:57:28.710136 #11260] DEBUG -- : -------> building selection...
D, [2018-03-31T10:57:28.710475 #11260] DEBUG -- : -------> building new state...
D, [2018-03-31T10:57:28.710606 #11260] DEBUG -- : -------> building new state...
D, [2018-03-31T10:57:28.710819 #11260] DEBUG -- : -------> building selection...
D, [2018-03-31T10:57:28.711163 #11260] DEBUG -- : -------> building new state...
D, [2018-03-31T10:57:28.711298 #11260] DEBUG -- : -------> building new state...
D, [2018-03-31T10:57:28.711500 #11260] DEBUG -- : -------> building selection...
D, [2018-03-31T10:57:28.711854 #11260] DEBUG -- : -------> building new state...
D, [2018-03-31T10:57:28.711969 #11260] DEBUG -- : -------> building new state...
D, [2018-03-31T10:57:28.712175 #11260] DEBUG -- : -------> building selection...
D, [2018-03-31T10:57:28.712531 #11260] DEBUG -- : -------> building new state...
D, [2018-03-31T10:57:28.712647 #11260] DEBUG -- : -------> building new state...
D, [2018-03-31T10:57:28.712848 #11260] DEBUG -- : -------> building selection...
D, [2018-03-31T10:57:28.713181 #11260] DEBUG -- : -------> building new state...
D, [2018-03-31T10:57:28.713317 #11260] DEBUG -- : -------> building new state...
D, [2018-03-31T10:57:28.713514 #11260] DEBUG -- : -------> building selection...
D, [2018-03-31T10:57:28.713845 #11260] DEBUG -- : -------> building new state...
D, [2018-03-31T10:57:28.713976 #11260] DEBUG -- : -------> building new state...
D, [2018-03-31T10:57:28.714203 #11260] DEBUG -- : -------> building selection...
D, [2018-03-31T10:57:28.714538 #11260] DEBUG -- : -------> building new state...
D, [2018-03-31T10:57:28.714646 #11260] DEBUG -- : -------> building new state...
D, [2018-03-31T10:57:28.714895 #11260] DEBUG -- : -------> building selection...
D, [2018-03-31T10:57:28.715245 #11260] DEBUG -- : -------> building new state...
D, [2018-03-31T10:57:28.715358 #11260] DEBUG -- : -------> building new state...
D, [2018-03-31T10:57:28.715568 #11260] DEBUG -- : -------> building selection...
D, [2018-03-31T10:57:28.715918 #11260] DEBUG -- : -------> building new state...
D, [2018-03-31T10:57:28.716059 #11260] DEBUG -- : -------> building new state...
D, [2018-03-31T10:57:28.716260 #11260] DEBUG -- : -------> building selection...
D, [2018-03-31T10:57:28.716624 #11260] DEBUG -- : -------> building new state...
D, [2018-03-31T10:57:28.716733 #11260] DEBUG -- : -------> building new state...
D, [2018-03-31T10:57:28.716963 #11260] DEBUG -- : -------> building selection...
D, [2018-03-31T10:57:28.717355 #11260] DEBUG -- : -------> building new state...
D, [2018-03-31T10:57:28.717567 #11260] DEBUG -- : -------> building new state...
D, [2018-03-31T10:57:28.717808 #11260] DEBUG -- : -------> building selection...
D, [2018-03-31T10:57:28.718159 #11260] DEBUG -- : -------> building new state...
D, [2018-03-31T10:57:28.718261 #11260] DEBUG -- : -------> building new state...
D, [2018-03-31T10:57:28.718460 #11260] DEBUG -- : -------> building selection...
D, [2018-03-31T10:57:28.718817 #11260] DEBUG -- : -------> building new state...
D, [2018-03-31T10:57:28.718921 #11260] DEBUG -- : -------> building new state...
D, [2018-03-31T10:57:28.719131 #11260] DEBUG -- : -------> building selection...
D, [2018-03-31T10:57:28.719464 #11260] DEBUG -- : -------> building new state...
D, [2018-03-31T10:57:28.719565 #11260] DEBUG -- : -------> building new state...
D, [2018-03-31T10:57:28.719771 #11260] DEBUG -- : -------> building selection...
D, [2018-03-31T10:57:28.720090 #11260] DEBUG -- : -------> building new state...
D, [2018-03-31T10:57:28.720224 #11260] DEBUG -- : -------> building new state...
D, [2018-03-31T10:57:28.720419 #11260] DEBUG -- : -------> building selection...
D, [2018-03-31T10:57:28.720740 #11260] DEBUG -- : -------> building new state...
D, [2018-03-31T10:57:28.720838 #11260] DEBUG -- : -------> building new state...
D, [2018-03-31T10:57:28.723014 #11260] DEBUG -- : -------> building selection...
D, [2018-03-31T10:57:28.723463 #11260] DEBUG -- : -------> building new state...
D, [2018-03-31T10:57:28.723634 #11260] DEBUG -- : -------> building new state...
D, [2018-03-31T10:57:28.723928 #11260] DEBUG -- : -------> building selection...
D, [2018-03-31T10:57:28.724270 #11260] DEBUG -- : -------> building new state...
D, [2018-03-31T10:57:28.724404 #11260] DEBUG -- : -------> building new state...
D, [2018-03-31T10:57:28.724595 #11260] DEBUG -- : -------> building selection...
D, [2018-03-31T10:57:28.724923 #11260] DEBUG -- : -------> building new state...
D, [2018-03-31T10:57:28.725057 #11260] DEBUG -- : -------> building new state...
D, [2018-03-31T10:57:28.725253 #11260] DEBUG -- : -------> building selection...
D, [2018-03-31T10:57:28.725579 #11260] DEBUG -- : -------> building new state...
D, [2018-03-31T10:57:28.725682 #11260] DEBUG -- : -------> building new state...
D, [2018-03-31T10:57:28.725897 #11260] DEBUG -- : -------> building selection...
D, [2018-03-31T10:57:28.726225 #11260] DEBUG -- : -------> building new state...
D, [2018-03-31T10:57:28.726324 #11260] DEBUG -- : -------> building new state...
D, [2018-03-31T10:57:28.728459 #11260] DEBUG -- : -------> building selection...
D, [2018-03-31T10:57:28.728942 #11260] DEBUG -- : -------> building new state...
D, [2018-03-31T10:57:28.729074 #11260] DEBUG -- : -------> building new state...
D, [2018-03-31T10:57:28.729274 #11260] DEBUG -- : -------> building selection...
D, [2018-03-31T10:57:28.729633 #11260] DEBUG -- : -------> building new state...
D, [2018-03-31T10:57:28.729766 #11260] DEBUG -- : -------> building new state...
D, [2018-03-31T10:57:28.729966 #11260] DEBUG -- : scoring weighed rated selections...
D, [2018-03-31T10:57:28.730045 #11260] DEBUG -- : Saving scored selections...
D, [2018-03-31T10:57:28.737343 #11260] DEBUG -- : State Score successfully calculated


D, [2018-03-31T10:57:28.737406 #11260] DEBUG -- : Scoring new state: {:rating=>37, :state=>{:unknown=>0, :possibly_lighter=>1, :possibly_heavier=>0, :normal=>7}}
D, [2018-03-31T10:57:28.737433 #11260] DEBUG -- : State Score successfully calculated


D, [2018-03-31T10:57:28.737469 #11260] DEBUG -- : Scoring new state: {:rating=>31, :state=>{:unknown=>0, :possibly_lighter=>2, :possibly_heavier=>1, :normal=>5}}
D, [2018-03-31T10:57:28.740112 #11260] DEBUG -- : calculating updated score for older state...
D, [2018-03-31T10:57:28.743688 #11260] DEBUG -- : generating weighed rated selections...
D, [2018-03-31T10:57:28.744773 #11260] DEBUG -- : -------> building selection...
D, [2018-03-31T10:57:28.745628 #11260] DEBUG -- : -------> building new state...
D, [2018-03-31T10:57:28.745901 #11260] DEBUG -- : -------> building new state...
D, [2018-03-31T10:57:28.746198 #11260] DEBUG -- : -------> building selection...
D, [2018-03-31T10:57:28.746574 #11260] DEBUG -- : -------> building new state...
D, [2018-03-31T10:57:28.746681 #11260] DEBUG -- : -------> building new state...
D, [2018-03-31T10:57:28.746921 #11260] DEBUG -- : -------> building selection...
D, [2018-03-31T10:57:28.747257 #11260] DEBUG -- : -------> building new state...
D, [2018-03-31T10:57:28.747385 #11260] DEBUG -- : -------> building new state...
D, [2018-03-31T10:57:28.747573 #11260] DEBUG -- : -------> building selection...
D, [2018-03-31T10:57:28.747915 #11260] DEBUG -- : -------> building new state...
D, [2018-03-31T10:57:28.748020 #11260] DEBUG -- : -------> building new state...
D, [2018-03-31T10:57:28.748224 #11260] DEBUG -- : -------> building selection...
D, [2018-03-31T10:57:28.748560 #11260] DEBUG -- : -------> building new state...
D, [2018-03-31T10:57:28.748670 #11260] DEBUG -- : -------> building new state...
D, [2018-03-31T10:57:28.748917 #11260] DEBUG -- : -------> building selection...
D, [2018-03-31T10:57:28.749297 #11260] DEBUG -- : -------> building new state...
D, [2018-03-31T10:57:28.749409 #11260] DEBUG -- : -------> building new state...
D, [2018-03-31T10:57:28.749621 #11260] DEBUG -- : -------> building selection...
D, [2018-03-31T10:57:28.749974 #11260] DEBUG -- : -------> building new state...
D, [2018-03-31T10:57:28.750092 #11260] DEBUG -- : -------> building new state...
D, [2018-03-31T10:57:28.750315 #11260] DEBUG -- : -------> building selection...
D, [2018-03-31T10:57:28.750667 #11260] DEBUG -- : -------> building new state...
D, [2018-03-31T10:57:28.750775 #11260] DEBUG -- : -------> building new state...
D, [2018-03-31T10:57:28.750998 #11260] DEBUG -- : -------> building selection...
D, [2018-03-31T10:57:28.751360 #11260] DEBUG -- : -------> building new state...
D, [2018-03-31T10:57:28.751478 #11260] DEBUG -- : -------> building new state...
D, [2018-03-31T10:57:28.751684 #11260] DEBUG -- : -------> building selection...
D, [2018-03-31T10:57:28.752059 #11260] DEBUG -- : -------> building new state...
D, [2018-03-31T10:57:28.752167 #11260] DEBUG -- : -------> building new state...
D, [2018-03-31T10:57:28.752382 #11260] DEBUG -- : -------> building selection...
D, [2018-03-31T10:57:28.752742 #11260] DEBUG -- : -------> building new state...
D, [2018-03-31T10:57:28.752867 #11260] DEBUG -- : -------> building new state...
D, [2018-03-31T10:57:28.753070 #11260] DEBUG -- : -------> building selection...
D, [2018-03-31T10:57:28.753438 #11260] DEBUG -- : -------> building new state...
D, [2018-03-31T10:57:28.753568 #11260] DEBUG -- : -------> building new state...
D, [2018-03-31T10:57:28.753793 #11260] DEBUG -- : -------> building selection...
D, [2018-03-31T10:57:28.754168 #11260] DEBUG -- : -------> building new state...
D, [2018-03-31T10:57:28.754288 #11260] DEBUG -- : -------> building new state...
D, [2018-03-31T10:57:28.754497 #11260] DEBUG -- : -------> building selection...
D, [2018-03-31T10:57:28.754854 #11260] DEBUG -- : -------> building new state...
D, [2018-03-31T10:57:28.755001 #11260] DEBUG -- : -------> building new state...
D, [2018-03-31T10:57:28.755200 #11260] DEBUG -- : -------> building selection...
D, [2018-03-31T10:57:28.755538 #11260] DEBUG -- : -------> building new state...
D, [2018-03-31T10:57:28.755661 #11260] DEBUG -- : -------> building new state...
D, [2018-03-31T10:57:28.755871 #11260] DEBUG -- : -------> building selection...
D, [2018-03-31T10:57:28.756210 #11260] DEBUG -- : -------> building new state...
D, [2018-03-31T10:57:28.756367 #11260] DEBUG -- : -------> building new state...
D, [2018-03-31T10:57:28.756573 #11260] DEBUG -- : -------> building selection...
D, [2018-03-31T10:57:28.756917 #11260] DEBUG -- : -------> building new state...
D, [2018-03-31T10:57:28.757036 #11260] DEBUG -- : -------> building new state...
D, [2018-03-31T10:57:28.757228 #11260] DEBUG -- : -------> building selection...
D, [2018-03-31T10:57:28.757581 #11260] DEBUG -- : -------> building new state...
D, [2018-03-31T10:57:28.757680 #11260] DEBUG -- : -------> building new state...
D, [2018-03-31T10:57:28.757890 #11260] DEBUG -- : -------> building selection...
D, [2018-03-31T10:57:28.758211 #11260] DEBUG -- : -------> building new state...
D, [2018-03-31T10:57:28.758323 #11260] DEBUG -- : -------> building new state...
D, [2018-03-31T10:57:28.758520 #11260] DEBUG -- : -------> building selection...
D, [2018-03-31T10:57:28.758872 #11260] DEBUG -- : -------> building new state...
D, [2018-03-31T10:57:28.758986 #11260] DEBUG -- : -------> building new state...
D, [2018-03-31T10:57:28.759185 #11260] DEBUG -- : -------> building selection...
D, [2018-03-31T10:57:28.759536 #11260] DEBUG -- : -------> building new state...
D, [2018-03-31T10:57:28.759647 #11260] DEBUG -- : -------> building new state...
D, [2018-03-31T10:57:28.759836 #11260] DEBUG -- : -------> building selection...
D, [2018-03-31T10:57:28.760173 #11260] DEBUG -- : -------> building new state...
D, [2018-03-31T10:57:28.760285 #11260] DEBUG -- : -------> building new state...
D, [2018-03-31T10:57:28.760509 #11260] DEBUG -- : -------> building selection...
D, [2018-03-31T10:57:28.760847 #11260] DEBUG -- : -------> building new state...
D, [2018-03-31T10:57:28.760961 #11260] DEBUG -- : -------> building new state...
D, [2018-03-31T10:57:28.761161 #11260] DEBUG -- : -------> building selection...
D, [2018-03-31T10:57:28.761505 #11260] DEBUG -- : -------> building new state...
D, [2018-03-31T10:57:28.761609 #11260] DEBUG -- : -------> building new state...
D, [2018-03-31T10:57:28.761803 #11260] DEBUG -- : -------> building selection...
D, [2018-03-31T10:57:28.762138 #11260] DEBUG -- : -------> building new state...
D, [2018-03-31T10:57:28.762249 #11260] DEBUG -- : -------> building new state...
D, [2018-03-31T10:57:28.762452 #11260] DEBUG -- : -------> building selection...
D, [2018-03-31T10:57:28.762793 #11260] DEBUG -- : -------> building new state...
D, [2018-03-31T10:57:28.762922 #11260] DEBUG -- : -------> building new state...
D, [2018-03-31T10:57:28.763123 #11260] DEBUG -- : -------> building selection...
D, [2018-03-31T10:57:28.763470 #11260] DEBUG -- : -------> building new state...
D, [2018-03-31T10:57:28.763580 #11260] DEBUG -- : -------> building new state...
D, [2018-03-31T10:57:28.763841 #11260] DEBUG -- : -------> building selection...
D, [2018-03-31T10:57:28.764240 #11260] DEBUG -- : -------> building new state...
D, [2018-03-31T10:57:28.764461 #11260] DEBUG -- : -------> building new state...
D, [2018-03-31T10:57:28.764687 #11260] DEBUG -- : -------> building selection...
D, [2018-03-31T10:57:28.765036 #11260] DEBUG -- : -------> building new state...
D, [2018-03-31T10:57:28.765142 #11260] DEBUG -- : -------> building new state...
D, [2018-03-31T10:57:28.765354 #11260] DEBUG -- : -------> building selection...
D, [2018-03-31T10:57:28.766194 #11260] DEBUG -- : -------> building new state...
D, [2018-03-31T10:57:28.766316 #11260] DEBUG -- : -------> building new state...
D, [2018-03-31T10:57:28.766530 #11260] DEBUG -- : -------> building selection...
D, [2018-03-31T10:57:28.766862 #11260] DEBUG -- : -------> building new state...
D, [2018-03-31T10:57:28.766967 #11260] DEBUG -- : -------> building new state...
D, [2018-03-31T10:57:28.767173 #11260] DEBUG -- : -------> building selection...
D, [2018-03-31T10:57:28.767513 #11260] DEBUG -- : -------> building new state...
D, [2018-03-31T10:57:28.767612 #11260] DEBUG -- : -------> building new state...
D, [2018-03-31T10:57:28.767821 #11260] DEBUG -- : -------> building selection...
D, [2018-03-31T10:57:28.768157 #11260] DEBUG -- : -------> building new state...
D, [2018-03-31T10:57:28.768299 #11260] DEBUG -- : -------> building new state...
D, [2018-03-31T10:57:28.768493 #11260] DEBUG -- : -------> building selection...
D, [2018-03-31T10:57:28.768835 #11260] DEBUG -- : -------> building new state...
D, [2018-03-31T10:57:28.768938 #11260] DEBUG -- : -------> building new state...
D, [2018-03-31T10:57:28.769127 #11260] DEBUG -- : -------> building selection...
D, [2018-03-31T10:57:28.769459 #11260] DEBUG -- : -------> building new state...
D, [2018-03-31T10:57:28.769564 #11260] DEBUG -- : -------> building new state...
D, [2018-03-31T10:57:28.769780 #11260] DEBUG -- : -------> building selection...
D, [2018-03-31T10:57:28.770108 #11260] DEBUG -- : -------> building new state...
D, [2018-03-31T10:57:28.770209 #11260] DEBUG -- : -------> building new state...
D, [2018-03-31T10:57:28.770397 #11260] DEBUG -- : -------> building selection...
D, [2018-03-31T10:57:28.772826 #11260] DEBUG -- : -------> building new state...
D, [2018-03-31T10:57:28.772995 #11260] DEBUG -- : -------> building new state...
D, [2018-03-31T10:57:28.773226 #11260] DEBUG -- : -------> building selection...
D, [2018-03-31T10:57:28.773561 #11260] DEBUG -- : -------> building new state...
D, [2018-03-31T10:57:28.773661 #11260] DEBUG -- : -------> building new state...
D, [2018-03-31T10:57:28.773971 #11260] DEBUG -- : -------> building selection...
D, [2018-03-31T10:57:28.774321 #11260] DEBUG -- : -------> building new state...
D, [2018-03-31T10:57:28.774422 #11260] DEBUG -- : -------> building new state...
D, [2018-03-31T10:57:28.774626 #11260] DEBUG -- : scoring weighed rated selections...
D, [2018-03-31T10:57:28.774726 #11260] DEBUG -- : Saving scored selections...
D, [2018-03-31T10:57:28.782152 #11260] DEBUG -- : State Score successfully calculated


D, [2018-03-31T10:57:28.782215 #11260] DEBUG -- : Scoring new state: {:rating=>37, :state=>{:unknown=>0, :possibly_lighter=>1, :possibly_heavier=>0, :normal=>7}}
D, [2018-03-31T10:57:28.782240 #11260] DEBUG -- : State Score successfully calculated


D, [2018-03-31T10:57:28.782276 #11260] DEBUG -- : Scoring new state: {:rating=>37, :state=>{:unknown=>0, :possibly_lighter=>0, :possibly_heavier=>1, :normal=>7}}
D, [2018-03-31T10:57:28.782297 #11260] DEBUG -- : State Score successfully calculated


D, [2018-03-31T10:57:28.782322 #11260] DEBUG -- : Scoring new state: {:rating=>31, :state=>{:unknown=>0, :possibly_lighter=>3, :possibly_heavier=>0, :normal=>5}}
D, [2018-03-31T10:57:28.784903 #11260] DEBUG -- : calculating updated score for older state...
D, [2018-03-31T10:57:28.788332 #11260] DEBUG -- : generating weighed rated selections...
D, [2018-03-31T10:57:28.789372 #11260] DEBUG -- : -------> building selection...
D, [2018-03-31T10:57:28.790283 #11260] DEBUG -- : -------> building new state...
D, [2018-03-31T10:57:28.790673 #11260] DEBUG -- : -------> building selection...
D, [2018-03-31T10:57:28.791053 #11260] DEBUG -- : -------> building new state...
D, [2018-03-31T10:57:28.791271 #11260] DEBUG -- : -------> building selection...
D, [2018-03-31T10:57:28.791606 #11260] DEBUG -- : -------> building new state...
D, [2018-03-31T10:57:28.791818 #11260] DEBUG -- : -------> building selection...
D, [2018-03-31T10:57:28.792148 #11260] DEBUG -- : -------> building new state...
D, [2018-03-31T10:57:28.792282 #11260] DEBUG -- : -------> building new state...
D, [2018-03-31T10:57:28.792468 #11260] DEBUG -- : -------> building selection...
D, [2018-03-31T10:57:28.792791 #11260] DEBUG -- : -------> building new state...
D, [2018-03-31T10:57:28.792937 #11260] DEBUG -- : -------> building new state...
D, [2018-03-31T10:57:28.793128 #11260] DEBUG -- : -------> building selection...
D, [2018-03-31T10:57:28.793483 #11260] DEBUG -- : -------> building new state...
D, [2018-03-31T10:57:28.793588 #11260] DEBUG -- : -------> building new state...
D, [2018-03-31T10:57:28.793807 #11260] DEBUG -- : -------> building selection...
D, [2018-03-31T10:57:28.794135 #11260] DEBUG -- : -------> building new state...
D, [2018-03-31T10:57:28.794235 #11260] DEBUG -- : -------> building new state...
D, [2018-03-31T10:57:28.794435 #11260] DEBUG -- : -------> building selection...
D, [2018-03-31T10:57:28.794787 #11260] DEBUG -- : -------> building new state...
D, [2018-03-31T10:57:28.794907 #11260] DEBUG -- : -------> building new state...
D, [2018-03-31T10:57:28.795112 #11260] DEBUG -- : -------> building selection...
D, [2018-03-31T10:57:28.795444 #11260] DEBUG -- : -------> building new state...
D, [2018-03-31T10:57:28.795558 #11260] DEBUG -- : -------> building new state...
D, [2018-03-31T10:57:28.795744 #11260] DEBUG -- : -------> building selection...
D, [2018-03-31T10:57:28.796114 #11260] DEBUG -- : -------> building new state...
D, [2018-03-31T10:57:28.796224 #11260] DEBUG -- : -------> building new state...
D, [2018-03-31T10:57:28.796408 #11260] DEBUG -- : -------> building selection...
D, [2018-03-31T10:57:28.796758 #11260] DEBUG -- : -------> building new state...
D, [2018-03-31T10:57:28.796909 #11260] DEBUG -- : -------> building new state...
D, [2018-03-31T10:57:28.797143 #11260] DEBUG -- : -------> building selection...
D, [2018-03-31T10:57:28.797623 #11260] DEBUG -- : -------> building new state...
D, [2018-03-31T10:57:28.797827 #11260] DEBUG -- : -------> building new state...
D, [2018-03-31T10:57:28.798045 #11260] DEBUG -- : -------> building selection...
D, [2018-03-31T10:57:28.798418 #11260] DEBUG -- : -------> building new state...
D, [2018-03-31T10:57:28.798524 #11260] DEBUG -- : -------> building new state...
D, [2018-03-31T10:57:28.798732 #11260] DEBUG -- : -------> building selection...
D, [2018-03-31T10:57:28.799087 #11260] DEBUG -- : -------> building new state...
D, [2018-03-31T10:57:28.799210 #11260] DEBUG -- : -------> building new state...
D, [2018-03-31T10:57:28.799400 #11260] DEBUG -- : -------> building selection...
D, [2018-03-31T10:57:28.799728 #11260] DEBUG -- : -------> building new state...
D, [2018-03-31T10:57:28.799856 #11260] DEBUG -- : -------> building new state...
D, [2018-03-31T10:57:28.800045 #11260] DEBUG -- : -------> building selection...
D, [2018-03-31T10:57:28.800369 #11260] DEBUG -- : -------> building new state...
D, [2018-03-31T10:57:28.800473 #11260] DEBUG -- : -------> building new state...
D, [2018-03-31T10:57:28.800672 #11260] DEBUG -- : -------> building selection...
D, [2018-03-31T10:57:28.801020 #11260] DEBUG -- : -------> building new state...
D, [2018-03-31T10:57:28.801119 #11260] DEBUG -- : -------> building new state...
D, [2018-03-31T10:57:28.801306 #11260] DEBUG -- : -------> building selection...
D, [2018-03-31T10:57:28.801630 #11260] DEBUG -- : -------> building new state...
D, [2018-03-31T10:57:28.801753 #11260] DEBUG -- : -------> building new state...
D, [2018-03-31T10:57:28.801944 #11260] DEBUG -- : -------> building selection...
D, [2018-03-31T10:57:28.802269 #11260] DEBUG -- : -------> building new state...
D, [2018-03-31T10:57:28.802367 #11260] DEBUG -- : -------> building new state...
D, [2018-03-31T10:57:28.802580 #11260] DEBUG -- : scoring weighed rated selections...
D, [2018-03-31T10:57:28.802631 #11260] DEBUG -- : Saving scored selections...
D, [2018-03-31T10:57:28.806766 #11260] DEBUG -- : State Score successfully calculated


D, [2018-03-31T10:57:28.806876 #11260] DEBUG -- : Saving scored selections...
D, [2018-03-31T10:57:28.844769 #11260] DEBUG -- : State Score successfully calculated


D, [2018-03-31T10:57:28.844837 #11260] DEBUG -- : Scoring new state: {:rating=>37, :state=>{:unknown=>0, :possibly_lighter=>0, :possibly_heavier=>1, :normal=>7}}
D, [2018-03-31T10:57:28.844863 #11260] DEBUG -- : State Score successfully calculated


D, [2018-03-31T10:57:28.844888 #11260] DEBUG -- : Scoring new state: {:rating=>31, :state=>{:unknown=>0, :possibly_lighter=>1, :possibly_heavier=>2, :normal=>5}}
D, [2018-03-31T10:57:28.847537 #11260] DEBUG -- : generating score for new state...
D, [2018-03-31T10:57:28.850953 #11260] DEBUG -- : new state info recorded
D, [2018-03-31T10:57:28.854360 #11260] DEBUG -- : generating weighed rated selections...
D, [2018-03-31T10:57:29.055209 #11260] DEBUG -- : scoring weighed rated selections...
D, [2018-03-31T10:57:29.055371 #11260] DEBUG -- : Saving scored selections...
D, [2018-03-31T10:57:29.062496 #11260] DEBUG -- : State Score successfully calculated


D, [2018-03-31T10:57:29.131766 #11260] DEBUG -- : Scoring new state: {:rating=>31, :state=>{:unknown=>0, :possibly_lighter=>1, :possibly_heavier=>2, :normal=>5}}
D, [2018-03-31T10:57:29.134651 #11260] DEBUG -- : generating score for new state...
D, [2018-03-31T10:57:29.138151 #11260] DEBUG -- : new state info recorded
D, [2018-03-31T10:57:29.141639 #11260] DEBUG -- : generating weighed rated selections...
D, [2018-03-31T10:57:29.359368 #11260] DEBUG -- : scoring weighed rated selections...
D, [2018-03-31T10:57:29.359530 #11260] DEBUG -- : Saving scored selections...
D, [2018-03-31T10:57:29.367073 #11260] DEBUG -- : State Score successfully calculated


D, [2018-03-31T10:57:29.367189 #11260] DEBUG -- : Scoring new state: {:rating=>34, :state=>{:unknown=>0, :possibly_lighter=>1, :possibly_heavier=>1, :normal=>6}}
D, [2018-03-31T10:57:29.369790 #11260] DEBUG -- : calculating updated score for older state...
D, [2018-03-31T10:57:29.373543 #11260] DEBUG -- : generating weighed rated selections...
D, [2018-03-31T10:57:29.480538 #11260] DEBUG -- : scoring weighed rated selections...
D, [2018-03-31T10:57:29.480691 #11260] DEBUG -- : Saving scored selections...
D, [2018-03-31T10:57:29.496381 #11260] DEBUG -- : State Score successfully calculated


D, [2018-03-31T10:57:29.496477 #11260] DEBUG -- : Scoring new state: {:rating=>31, :state=>{:unknown=>0, :possibly_lighter=>2, :possibly_heavier=>1, :normal=>5}}
D, [2018-03-31T10:57:29.499034 #11260] DEBUG -- : generating score for new state...
D, [2018-03-31T10:57:29.502518 #11260] DEBUG -- : new state info recorded
D, [2018-03-31T10:57:29.505943 #11260] DEBUG -- : generating weighed rated selections...
D, [2018-03-31T10:57:29.703109 #11260] DEBUG -- : scoring weighed rated selections...
D, [2018-03-31T10:57:29.703268 #11260] DEBUG -- : Saving scored selections...
D, [2018-03-31T10:57:29.710266 #11260] DEBUG -- : State Score successfully calculated


D, [2018-03-31T10:57:29.710373 #11260] DEBUG -- : Scoring new state: {:rating=>34, :state=>{:unknown=>0, :possibly_lighter=>1, :possibly_heavier=>1, :normal=>6}}
D, [2018-03-31T10:57:29.712933 #11260] DEBUG -- : returning fully calculated score...
D, [2018-03-31T10:57:29.712998 #11260] DEBUG -- : State Score successfully calculated


D, [2018-03-31T10:57:29.778920 #11260] DEBUG -- : Scoring new state: {:rating=>31, :state=>{:unknown=>0, :possibly_lighter=>1, :possibly_heavier=>2, :normal=>5}}
D, [2018-03-31T10:57:29.781723 #11260] DEBUG -- : generating score for new state...
D, [2018-03-31T10:57:29.785464 #11260] DEBUG -- : new state info recorded
D, [2018-03-31T10:57:29.788961 #11260] DEBUG -- : generating weighed rated selections...
D, [2018-03-31T10:57:29.994608 #11260] DEBUG -- : scoring weighed rated selections...
D, [2018-03-31T10:57:29.994765 #11260] DEBUG -- : Saving scored selections...
D, [2018-03-31T10:57:30.001927 #11260] DEBUG -- : State Score successfully calculated


D, [2018-03-31T10:57:30.002043 #11260] DEBUG -- : Scoring new state: {:rating=>34, :state=>{:unknown=>0, :possibly_lighter=>1, :possibly_heavier=>1, :normal=>6}}
D, [2018-03-31T10:57:30.004628 #11260] DEBUG -- : calculating updated score for older state...
D, [2018-03-31T10:57:30.008247 #11260] DEBUG -- : generating weighed rated selections...
D, [2018-03-31T10:57:30.110139 #11260] DEBUG -- : scoring weighed rated selections...
D, [2018-03-31T10:57:30.110300 #11260] DEBUG -- : Saving scored selections...
D, [2018-03-31T10:57:30.125857 #11260] DEBUG -- : State Score successfully calculated


D, [2018-03-31T10:57:30.125948 #11260] DEBUG -- : Scoring new state: {:rating=>31, :state=>{:unknown=>0, :possibly_lighter=>2, :possibly_heavier=>1, :normal=>5}}
D, [2018-03-31T10:57:30.128479 #11260] DEBUG -- : generating score for new state...
D, [2018-03-31T10:57:30.132023 #11260] DEBUG -- : new state info recorded
D, [2018-03-31T10:57:30.135518 #11260] DEBUG -- : generating weighed rated selections...
D, [2018-03-31T10:57:30.329095 #11260] DEBUG -- : scoring weighed rated selections...
D, [2018-03-31T10:57:30.329258 #11260] DEBUG -- : Saving scored selections...
D, [2018-03-31T10:57:30.336221 #11260] DEBUG -- : State Score successfully calculated


D, [2018-03-31T10:57:30.402376 #11260] DEBUG -- : Scoring new state: {:rating=>34, :state=>{:unknown=>0, :possibly_lighter=>1, :possibly_heavier=>1, :normal=>6}}
D, [2018-03-31T10:57:30.405343 #11260] DEBUG -- : generating score for new state...
D, [2018-03-31T10:57:30.408963 #11260] DEBUG -- : new state info recorded
D, [2018-03-31T10:57:30.412338 #11260] DEBUG -- : generating weighed rated selections...
D, [2018-03-31T10:57:30.526293 #11260] DEBUG -- : scoring weighed rated selections...
D, [2018-03-31T10:57:30.526444 #11260] DEBUG -- : Saving scored selections...
D, [2018-03-31T10:57:30.543633 #11260] DEBUG -- : State Score successfully calculated


D, [2018-03-31T10:57:30.543746 #11260] DEBUG -- : Scoring new state: {:rating=>31, :state=>{:unknown=>0, :possibly_lighter=>1, :possibly_heavier=>2, :normal=>5}}
D, [2018-03-31T10:57:30.546290 #11260] DEBUG -- : generating score for new state...
D, [2018-03-31T10:57:30.549832 #11260] DEBUG -- : new state info recorded
D, [2018-03-31T10:57:30.553309 #11260] DEBUG -- : generating weighed rated selections...
D, [2018-03-31T10:57:30.746749 #11260] DEBUG -- : scoring weighed rated selections...
D, [2018-03-31T10:57:30.746918 #11260] DEBUG -- : Saving scored selections...
D, [2018-03-31T10:57:30.755604 #11260] DEBUG -- : State Score successfully calculated


D, [2018-03-31T10:57:30.755693 #11260] DEBUG -- : Scoring new state: {:rating=>34, :state=>{:unknown=>0, :possibly_lighter=>1, :possibly_heavier=>1, :normal=>6}}
D, [2018-03-31T10:57:30.758216 #11260] DEBUG -- : returning fully calculated score...
D, [2018-03-31T10:57:30.758282 #11260] DEBUG -- : State Score successfully calculated


D, [2018-03-31T10:57:30.758316 #11260] DEBUG -- : Scoring new state: {:rating=>31, :state=>{:unknown=>0, :possibly_lighter=>2, :possibly_heavier=>1, :normal=>5}}
D, [2018-03-31T10:57:30.760803 #11260] DEBUG -- : generating score for new state...
D, [2018-03-31T10:57:30.764161 #11260] DEBUG -- : new state info recorded
D, [2018-03-31T10:57:30.767559 #11260] DEBUG -- : generating weighed rated selections...
D, [2018-03-31T10:57:30.959627 #11260] DEBUG -- : scoring weighed rated selections...
D, [2018-03-31T10:57:30.959806 #11260] DEBUG -- : Saving scored selections...
D, [2018-03-31T10:57:30.966912 #11260] DEBUG -- : State Score successfully calculated


D, [2018-03-31T10:58:23.220350 #12047] DEBUG -- : Scoring new state: {:rating=>31, :state=>{:unknown=>0, :possibly_lighter=>1, :possibly_heavier=>2, :normal=>5}}
D, [2018-03-31T10:58:23.223187 #12047] DEBUG -- : generating score for new state...
D, [2018-03-31T10:58:23.226997 #12047] DEBUG -- : new state info recorded
D, [2018-03-31T10:58:23.230717 #12047] DEBUG -- : generating weighed rated selections...
D, [2018-03-31T10:58:23.442977 #12047] DEBUG -- : scoring weighed rated selections...
D, [2018-03-31T10:58:23.443756 #12047] DEBUG -- : Saving scored selections...
D, [2018-03-31T10:58:23.451078 #12047] DEBUG -- : State Score successfully calculated


D, [2018-03-31T10:58:23.451174 #12047] DEBUG -- : Scoring new state: {:rating=>34, :state=>{:unknown=>0, :possibly_lighter=>1, :possibly_heavier=>1, :normal=>6}}
D, [2018-03-31T10:58:23.453830 #12047] DEBUG -- : calculating updated score for older state...
D, [2018-03-31T10:58:23.457383 #12047] DEBUG -- : generating weighed rated selections...
D, [2018-03-31T10:58:23.560951 #12047] DEBUG -- : scoring weighed rated selections...
D, [2018-03-31T10:58:23.561081 #12047] DEBUG -- : Saving scored selections...
D, [2018-03-31T10:58:23.576563 #12047] DEBUG -- : State Score successfully calculated


D, [2018-03-31T10:58:23.576668 #12047] DEBUG -- : Scoring new state: {:rating=>31, :state=>{:unknown=>0, :possibly_lighter=>2, :possibly_heavier=>1, :normal=>5}}
D, [2018-03-31T10:58:23.579319 #12047] DEBUG -- : generating score for new state...
D, [2018-03-31T10:58:23.582925 #12047] DEBUG -- : new state info recorded
D, [2018-03-31T10:58:23.586534 #12047] DEBUG -- : generating weighed rated selections...
D, [2018-03-31T10:58:23.785052 #12047] DEBUG -- : scoring weighed rated selections...
D, [2018-03-31T10:58:23.785222 #12047] DEBUG -- : Saving scored selections...
D, [2018-03-31T10:58:23.792946 #12047] DEBUG -- : State Score successfully calculated


D, [2018-03-31T10:58:23.865505 #12047] DEBUG -- : Scoring new state: {:rating=>29, :state=>{:unknown=>1, :possibly_lighter=>2, :possibly_heavier=>0, :normal=>5}}
D, [2018-03-31T10:58:23.868389 #12047] DEBUG -- : generating score for new state...
D, [2018-03-31T10:58:23.872267 #12047] DEBUG -- : new state info recorded
D, [2018-03-31T10:58:23.875943 #12047] DEBUG -- : generating weighed rated selections...
D, [2018-03-31T10:58:24.121244 #12047] DEBUG -- : scoring weighed rated selections...
D, [2018-03-31T10:58:24.121430 #12047] DEBUG -- : Scoring new state: {:rating=>35, :state=>{:unknown=>1, :possibly_lighter=>0, :possibly_heavier=>0, :normal=>7}}
D, [2018-03-31T10:58:24.125382 #12047] DEBUG -- : calculating updated score for older state...
D, [2018-03-31T10:58:24.129065 #12047] DEBUG -- : generating weighed rated selections...
D, [2018-03-31T10:58:24.178971 #12047] DEBUG -- : scoring weighed rated selections...
D, [2018-03-31T10:58:24.179103 #12047] DEBUG -- : Saving scored selections...
D, [2018-03-31T10:58:24.187387 #12047] DEBUG -- : State Score successfully calculated


D, [2018-03-31T10:58:24.187483 #12047] DEBUG -- : Scoring new state: {:rating=>37, :state=>{:unknown=>0, :possibly_lighter=>1, :possibly_heavier=>0, :normal=>7}}
D, [2018-03-31T10:58:24.187510 #12047] DEBUG -- : State Score successfully calculated


D, [2018-03-31T10:58:24.187547 #12047] DEBUG -- : Scoring new state: {:rating=>35, :state=>{:unknown=>1, :possibly_lighter=>0, :possibly_heavier=>0, :normal=>7}}
D, [2018-03-31T10:58:24.190093 #12047] DEBUG -- : returning fully calculated score...
D, [2018-03-31T10:58:24.190163 #12047] DEBUG -- : State Score successfully calculated


D, [2018-03-31T10:58:24.190215 #12047] DEBUG -- : Scoring new state: {:rating=>37, :state=>{:unknown=>0, :possibly_lighter=>1, :possibly_heavier=>0, :normal=>7}}
D, [2018-03-31T10:58:24.190242 #12047] DEBUG -- : State Score successfully calculated


D, [2018-03-31T10:58:24.190278 #12047] DEBUG -- : Scoring new state: {:rating=>35, :state=>{:unknown=>1, :possibly_lighter=>0, :possibly_heavier=>0, :normal=>7}}
D, [2018-03-31T10:58:24.192944 #12047] DEBUG -- : returning fully calculated score...
D, [2018-03-31T10:58:24.193019 #12047] DEBUG -- : State Score successfully calculated


D, [2018-03-31T10:58:24.193053 #12047] DEBUG -- : Scoring new state: {:rating=>37, :state=>{:unknown=>0, :possibly_lighter=>1, :possibly_heavier=>0, :normal=>7}}
D, [2018-03-31T10:58:24.193075 #12047] DEBUG -- : State Score successfully calculated


D, [2018-03-31T10:58:24.193109 #12047] DEBUG -- : Scoring new state: {:rating=>37, :state=>{:unknown=>0, :possibly_lighter=>0, :possibly_heavier=>1, :normal=>7}}
D, [2018-03-31T10:58:24.193129 #12047] DEBUG -- : State Score successfully calculated


D, [2018-03-31T10:58:24.193154 #12047] DEBUG -- : Scoring new state: {:rating=>37, :state=>{:unknown=>0, :possibly_lighter=>1, :possibly_heavier=>0, :normal=>7}}
D, [2018-03-31T10:58:24.193173 #12047] DEBUG -- : State Score successfully calculated


D, [2018-03-31T10:58:24.193197 #12047] DEBUG -- : Scoring new state: {:rating=>34, :state=>{:unknown=>0, :possibly_lighter=>2, :possibly_heavier=>0, :normal=>6}}
D, [2018-03-31T10:58:24.195679 #12047] DEBUG -- : calculating updated score for older state...
D, [2018-03-31T10:58:24.199246 #12047] DEBUG -- : generating weighed rated selections...
D, [2018-03-31T10:58:24.243505 #12047] DEBUG -- : scoring weighed rated selections...
D, [2018-03-31T10:58:24.243664 #12047] DEBUG -- : Saving scored selections...
D, [2018-03-31T10:58:24.253103 #12047] DEBUG -- : State Score successfully calculated


D, [2018-03-31T10:58:24.253209 #12047] DEBUG -- : Scoring new state: {:rating=>34, :state=>{:unknown=>0, :possibly_lighter=>1, :possibly_heavier=>1, :normal=>6}}
D, [2018-03-31T10:58:24.255770 #12047] DEBUG -- : calculating updated score for older state...
D, [2018-03-31T10:58:24.259201 #12047] DEBUG -- : generating weighed rated selections...
D, [2018-03-31T10:58:24.392597 #12047] DEBUG -- : scoring weighed rated selections...
D, [2018-03-31T10:58:24.392735 #12047] DEBUG -- : Saving scored selections...
D, [2018-03-31T10:58:24.409190 #12047] DEBUG -- : State Score successfully calculated


D, [2018-03-31T10:58:24.409291 #12047] DEBUG -- : Scoring new state: {:rating=>37, :state=>{:unknown=>0, :possibly_lighter=>1, :possibly_heavier=>0, :normal=>7}}
D, [2018-03-31T10:58:24.409317 #12047] DEBUG -- : State Score successfully calculated


D, [2018-03-31T10:58:24.409353 #12047] DEBUG -- : Scoring new state: {:rating=>37, :state=>{:unknown=>0, :possibly_lighter=>0, :possibly_heavier=>1, :normal=>7}}
D, [2018-03-31T10:58:24.409372 #12047] DEBUG -- : State Score successfully calculated


D, [2018-03-31T10:58:24.409397 #12047] DEBUG -- : Scoring new state: {:rating=>37, :state=>{:unknown=>0, :possibly_lighter=>1, :possibly_heavier=>0, :normal=>7}}
D, [2018-03-31T10:58:24.409416 #12047] DEBUG -- : State Score successfully calculated


D, [2018-03-31T10:58:24.409440 #12047] DEBUG -- : Scoring new state: {:rating=>34, :state=>{:unknown=>0, :possibly_lighter=>2, :possibly_heavier=>0, :normal=>6}}
D, [2018-03-31T10:58:24.412254 #12047] DEBUG -- : returning fully calculated score...
D, [2018-03-31T10:58:24.412348 #12047] DEBUG -- : State Score successfully calculated


D, [2018-03-31T10:58:24.412405 #12047] DEBUG -- : Scoring new state: {:rating=>34, :state=>{:unknown=>0, :possibly_lighter=>1, :possibly_heavier=>1, :normal=>6}}
D, [2018-03-31T10:58:24.415130 #12047] DEBUG -- : returning fully calculated score...
D, [2018-03-31T10:58:24.415198 #12047] DEBUG -- : State Score successfully calculated


D, [2018-03-31T10:58:24.415252 #12047] DEBUG -- : Scoring new state: {:rating=>37, :state=>{:unknown=>0, :possibly_lighter=>1, :possibly_heavier=>0, :normal=>7}}
D, [2018-03-31T10:58:24.415275 #12047] DEBUG -- : State Score successfully calculated


D, [2018-03-31T10:58:24.415308 #12047] DEBUG -- : Scoring new state: {:rating=>37, :state=>{:unknown=>0, :possibly_lighter=>0, :possibly_heavier=>1, :normal=>7}}
D, [2018-03-31T10:58:24.415328 #12047] DEBUG -- : State Score successfully calculated


D, [2018-03-31T10:58:24.415354 #12047] DEBUG -- : Scoring new state: {:rating=>37, :state=>{:unknown=>0, :possibly_lighter=>1, :possibly_heavier=>0, :normal=>7}}
D, [2018-03-31T10:58:24.415391 #12047] DEBUG -- : State Score successfully calculated


D, [2018-03-31T10:58:24.415420 #12047] DEBUG -- : Scoring new state: {:rating=>34, :state=>{:unknown=>0, :possibly_lighter=>2, :possibly_heavier=>0, :normal=>6}}
D, [2018-03-31T10:58:24.417976 #12047] DEBUG -- : returning fully calculated score...
D, [2018-03-31T10:58:24.418044 #12047] DEBUG -- : State Score successfully calculated


D, [2018-03-31T10:58:24.418087 #12047] DEBUG -- : Scoring new state: {:rating=>35, :state=>{:unknown=>1, :possibly_lighter=>0, :possibly_heavier=>0, :normal=>7}}
D, [2018-03-31T10:58:24.420766 #12047] DEBUG -- : returning fully calculated score...
D, [2018-03-31T10:58:24.420844 #12047] DEBUG -- : State Score successfully calculated


D, [2018-03-31T10:58:24.420881 #12047] DEBUG -- : Scoring new state: {:rating=>34, :state=>{:unknown=>0, :possibly_lighter=>2, :possibly_heavier=>0, :normal=>6}}
D, [2018-03-31T10:58:24.423551 #12047] DEBUG -- : returning fully calculated score...
D, [2018-03-31T10:58:24.423616 #12047] DEBUG -- : State Score successfully calculated


D, [2018-03-31T10:58:24.423659 #12047] DEBUG -- : Scoring new state: {:rating=>37, :state=>{:unknown=>0, :possibly_lighter=>0, :possibly_heavier=>1, :normal=>7}}
D, [2018-03-31T10:58:24.423681 #12047] DEBUG -- : State Score successfully calculated


D, [2018-03-31T10:58:24.423721 #12047] DEBUG -- : Scoring new state: {:rating=>34, :state=>{:unknown=>0, :possibly_lighter=>2, :possibly_heavier=>0, :normal=>6}}
D, [2018-03-31T10:58:24.426143 #12047] DEBUG -- : returning fully calculated score...
D, [2018-03-31T10:58:24.426214 #12047] DEBUG -- : State Score successfully calculated


D, [2018-03-31T10:58:24.426250 #12047] DEBUG -- : Scoring new state: {:rating=>37, :state=>{:unknown=>0, :possibly_lighter=>1, :possibly_heavier=>0, :normal=>7}}
D, [2018-03-31T10:58:24.426273 #12047] DEBUG -- : State Score successfully calculated


D, [2018-03-31T10:58:24.426309 #12047] DEBUG -- : Scoring new state: {:rating=>34, :state=>{:unknown=>0, :possibly_lighter=>1, :possibly_heavier=>1, :normal=>6}}
D, [2018-03-31T10:58:24.428895 #12047] DEBUG -- : returning fully calculated score...
D, [2018-03-31T10:58:24.428975 #12047] DEBUG -- : State Score successfully calculated


D, [2018-03-31T10:58:24.429021 #12047] DEBUG -- : Scoring new state: {:rating=>37, :state=>{:unknown=>0, :possibly_lighter=>1, :possibly_heavier=>0, :normal=>7}}
D, [2018-03-31T10:58:24.429052 #12047] DEBUG -- : State Score successfully calculated


D, [2018-03-31T10:58:24.429096 #12047] DEBUG -- : Scoring new state: {:rating=>34, :state=>{:unknown=>0, :possibly_lighter=>1, :possibly_heavier=>1, :normal=>6}}
D, [2018-03-31T10:58:24.431761 #12047] DEBUG -- : returning fully calculated score...
D, [2018-03-31T10:58:24.431846 #12047] DEBUG -- : State Score successfully calculated


D, [2018-03-31T10:58:24.431907 #12047] DEBUG -- : Scoring new state: {:rating=>34, :state=>{:unknown=>0, :possibly_lighter=>2, :possibly_heavier=>0, :normal=>6}}
D, [2018-03-31T10:58:24.435314 #12047] DEBUG -- : returning fully calculated score...
D, [2018-03-31T10:58:24.435415 #12047] DEBUG -- : State Score successfully calculated


D, [2018-03-31T10:58:24.435476 #12047] DEBUG -- : Scoring new state: {:rating=>37, :state=>{:unknown=>0, :possibly_lighter=>0, :possibly_heavier=>1, :normal=>7}}
D, [2018-03-31T10:58:24.435509 #12047] DEBUG -- : State Score successfully calculated


D, [2018-03-31T10:58:24.435565 #12047] DEBUG -- : Scoring new state: {:rating=>37, :state=>{:unknown=>0, :possibly_lighter=>1, :possibly_heavier=>0, :normal=>7}}
D, [2018-03-31T10:58:24.437620 #12047] DEBUG -- : State Score successfully calculated


D, [2018-03-31T10:58:24.437715 #12047] DEBUG -- : Scoring new state: {:rating=>34, :state=>{:unknown=>0, :possibly_lighter=>2, :possibly_heavier=>0, :normal=>6}}
D, [2018-03-31T10:58:24.440566 #12047] DEBUG -- : returning fully calculated score...
D, [2018-03-31T10:58:24.440656 #12047] DEBUG -- : State Score successfully calculated


D, [2018-03-31T10:58:24.440714 #12047] DEBUG -- : Scoring new state: {:rating=>34, :state=>{:unknown=>0, :possibly_lighter=>1, :possibly_heavier=>1, :normal=>6}}
D, [2018-03-31T10:58:24.444251 #12047] DEBUG -- : returning fully calculated score...
D, [2018-03-31T10:58:24.444348 #12047] DEBUG -- : State Score successfully calculated


D, [2018-03-31T10:58:24.444396 #12047] DEBUG -- : Scoring new state: {:rating=>37, :state=>{:unknown=>0, :possibly_lighter=>1, :possibly_heavier=>0, :normal=>7}}
D, [2018-03-31T10:58:24.444428 #12047] DEBUG -- : State Score successfully calculated


D, [2018-03-31T10:58:24.444475 #12047] DEBUG -- : Scoring new state: {:rating=>35, :state=>{:unknown=>1, :possibly_lighter=>0, :possibly_heavier=>0, :normal=>7}}
D, [2018-03-31T10:58:24.449763 #12047] DEBUG -- : returning fully calculated score...
D, [2018-03-31T10:58:24.450911 #12047] DEBUG -- : State Score successfully calculated


D, [2018-03-31T10:58:24.451048 #12047] DEBUG -- : Scoring new state: {:rating=>34, :state=>{:unknown=>0, :possibly_lighter=>2, :possibly_heavier=>0, :normal=>6}}
D, [2018-03-31T10:58:24.454293 #12047] DEBUG -- : returning fully calculated score...
D, [2018-03-31T10:58:24.454414 #12047] DEBUG -- : State Score successfully calculated


D, [2018-03-31T10:58:24.454482 #12047] DEBUG -- : Scoring new state: {:rating=>37, :state=>{:unknown=>0, :possibly_lighter=>0, :possibly_heavier=>1, :normal=>7}}
D, [2018-03-31T10:58:24.454517 #12047] DEBUG -- : State Score successfully calculated


D, [2018-03-31T10:58:24.454556 #12047] DEBUG -- : Scoring new state: {:rating=>34, :state=>{:unknown=>0, :possibly_lighter=>2, :possibly_heavier=>0, :normal=>6}}
D, [2018-03-31T10:58:24.457905 #12047] DEBUG -- : returning fully calculated score...
D, [2018-03-31T10:58:24.458024 #12047] DEBUG -- : State Score successfully calculated


D, [2018-03-31T10:58:24.458076 #12047] DEBUG -- : Scoring new state: {:rating=>37, :state=>{:unknown=>0, :possibly_lighter=>1, :possibly_heavier=>0, :normal=>7}}
D, [2018-03-31T10:58:24.458110 #12047] DEBUG -- : State Score successfully calculated


D, [2018-03-31T10:58:24.458159 #12047] DEBUG -- : Scoring new state: {:rating=>34, :state=>{:unknown=>0, :possibly_lighter=>1, :possibly_heavier=>1, :normal=>6}}
D, [2018-03-31T10:58:24.461800 #12047] DEBUG -- : returning fully calculated score...
D, [2018-03-31T10:58:24.462122 #12047] DEBUG -- : State Score successfully calculated


D, [2018-03-31T10:58:24.462408 #12047] DEBUG -- : Scoring new state: {:rating=>34, :state=>{:unknown=>0, :possibly_lighter=>2, :possibly_heavier=>0, :normal=>6}}
D, [2018-03-31T10:58:24.465683 #12047] DEBUG -- : returning fully calculated score...
D, [2018-03-31T10:58:24.465795 #12047] DEBUG -- : State Score successfully calculated


D, [2018-03-31T10:58:24.465854 #12047] DEBUG -- : Scoring new state: {:rating=>37, :state=>{:unknown=>0, :possibly_lighter=>0, :possibly_heavier=>1, :normal=>7}}
D, [2018-03-31T10:58:24.465889 #12047] DEBUG -- : State Score successfully calculated


D, [2018-03-31T10:58:24.465971 #12047] DEBUG -- : Scoring new state: {:rating=>37, :state=>{:unknown=>0, :possibly_lighter=>1, :possibly_heavier=>0, :normal=>7}}
D, [2018-03-31T10:58:24.466003 #12047] DEBUG -- : State Score successfully calculated


D, [2018-03-31T10:58:24.466038 #12047] DEBUG -- : Scoring new state: {:rating=>34, :state=>{:unknown=>0, :possibly_lighter=>2, :possibly_heavier=>0, :normal=>6}}
D, [2018-03-31T10:58:24.469123 #12047] DEBUG -- : returning fully calculated score...
D, [2018-03-31T10:58:24.469231 #12047] DEBUG -- : State Score successfully calculated


D, [2018-03-31T10:58:24.469292 #12047] DEBUG -- : Scoring new state: {:rating=>35, :state=>{:unknown=>1, :possibly_lighter=>0, :possibly_heavier=>0, :normal=>7}}
D, [2018-03-31T10:58:24.472158 #12047] DEBUG -- : returning fully calculated score...
D, [2018-03-31T10:58:24.472237 #12047] DEBUG -- : State Score successfully calculated


D, [2018-03-31T10:58:24.472275 #12047] DEBUG -- : Scoring new state: {:rating=>34, :state=>{:unknown=>0, :possibly_lighter=>2, :possibly_heavier=>0, :normal=>6}}
D, [2018-03-31T10:58:24.474857 #12047] DEBUG -- : returning fully calculated score...
D, [2018-03-31T10:58:24.474923 #12047] DEBUG -- : State Score successfully calculated


D, [2018-03-31T10:58:24.474968 #12047] DEBUG -- : Scoring new state: {:rating=>37, :state=>{:unknown=>0, :possibly_lighter=>0, :possibly_heavier=>1, :normal=>7}}
D, [2018-03-31T10:58:24.475007 #12047] DEBUG -- : State Score successfully calculated


D, [2018-03-31T10:58:24.475034 #12047] DEBUG -- : Scoring new state: {:rating=>34, :state=>{:unknown=>0, :possibly_lighter=>2, :possibly_heavier=>0, :normal=>6}}
D, [2018-03-31T10:58:24.477578 #12047] DEBUG -- : returning fully calculated score...
D, [2018-03-31T10:58:24.477674 #12047] DEBUG -- : State Score successfully calculated


D, [2018-03-31T10:58:24.477722 #12047] DEBUG -- : Scoring new state: {:rating=>37, :state=>{:unknown=>0, :possibly_lighter=>1, :possibly_heavier=>0, :normal=>7}}
D, [2018-03-31T10:58:24.477754 #12047] DEBUG -- : State Score successfully calculated


D, [2018-03-31T10:58:24.477818 #12047] DEBUG -- : Scoring new state: {:rating=>34, :state=>{:unknown=>0, :possibly_lighter=>1, :possibly_heavier=>1, :normal=>6}}
D, [2018-03-31T10:58:24.480907 #12047] DEBUG -- : returning fully calculated score...
D, [2018-03-31T10:58:24.480977 #12047] DEBUG -- : State Score successfully calculated


D, [2018-03-31T10:58:24.481013 #12047] DEBUG -- : Scoring new state: {:rating=>37, :state=>{:unknown=>0, :possibly_lighter=>1, :possibly_heavier=>0, :normal=>7}}
D, [2018-03-31T10:58:24.481036 #12047] DEBUG -- : State Score successfully calculated


D, [2018-03-31T10:58:24.481084 #12047] DEBUG -- : Scoring new state: {:rating=>34, :state=>{:unknown=>0, :possibly_lighter=>1, :possibly_heavier=>1, :normal=>6}}
D, [2018-03-31T10:58:24.483727 #12047] DEBUG -- : returning fully calculated score...
D, [2018-03-31T10:58:24.483794 #12047] DEBUG -- : State Score successfully calculated


D, [2018-03-31T10:58:24.483829 #12047] DEBUG -- : Scoring new state: {:rating=>34, :state=>{:unknown=>0, :possibly_lighter=>2, :possibly_heavier=>0, :normal=>6}}
D, [2018-03-31T10:58:24.486336 #12047] DEBUG -- : returning fully calculated score...
D, [2018-03-31T10:58:24.486441 #12047] DEBUG -- : State Score successfully calculated


D, [2018-03-31T10:58:24.486567 #12047] DEBUG -- : Scoring new state: {:rating=>37, :state=>{:unknown=>0, :possibly_lighter=>0, :possibly_heavier=>1, :normal=>7}}
D, [2018-03-31T10:58:24.486602 #12047] DEBUG -- : State Score successfully calculated


D, [2018-03-31T10:58:24.486638 #12047] DEBUG -- : Scoring new state: {:rating=>37, :state=>{:unknown=>0, :possibly_lighter=>1, :possibly_heavier=>0, :normal=>7}}
D, [2018-03-31T10:58:24.486667 #12047] DEBUG -- : State Score successfully calculated


D, [2018-03-31T10:58:24.486701 #12047] DEBUG -- : Scoring new state: {:rating=>34, :state=>{:unknown=>0, :possibly_lighter=>2, :possibly_heavier=>0, :normal=>6}}
D, [2018-03-31T10:58:24.489582 #12047] DEBUG -- : returning fully calculated score...
D, [2018-03-31T10:58:24.489708 #12047] DEBUG -- : State Score successfully calculated


D, [2018-03-31T10:58:24.489767 #12047] DEBUG -- : Scoring new state: {:rating=>34, :state=>{:unknown=>0, :possibly_lighter=>1, :possibly_heavier=>1, :normal=>6}}
D, [2018-03-31T10:58:24.492710 #12047] DEBUG -- : returning fully calculated score...
D, [2018-03-31T10:58:24.492837 #12047] DEBUG -- : State Score successfully calculated


D, [2018-03-31T10:58:24.492898 #12047] DEBUG -- : Scoring new state: {:rating=>37, :state=>{:unknown=>0, :possibly_lighter=>1, :possibly_heavier=>0, :normal=>7}}
D, [2018-03-31T10:58:24.492942 #12047] DEBUG -- : State Score successfully calculated


D, [2018-03-31T10:58:24.492990 #12047] DEBUG -- : Scoring new state: {:rating=>35, :state=>{:unknown=>1, :possibly_lighter=>0, :possibly_heavier=>0, :normal=>7}}
D, [2018-03-31T10:58:24.499989 #12047] DEBUG -- : returning fully calculated score...
D, [2018-03-31T10:58:24.501343 #12047] DEBUG -- : State Score successfully calculated


D, [2018-03-31T10:58:24.501457 #12047] DEBUG -- : Scoring new state: {:rating=>34, :state=>{:unknown=>0, :possibly_lighter=>2, :possibly_heavier=>0, :normal=>6}}
D, [2018-03-31T10:58:24.504548 #12047] DEBUG -- : returning fully calculated score...
D, [2018-03-31T10:58:24.504664 #12047] DEBUG -- : State Score successfully calculated


D, [2018-03-31T10:58:24.504719 #12047] DEBUG -- : Scoring new state: {:rating=>37, :state=>{:unknown=>0, :possibly_lighter=>0, :possibly_heavier=>1, :normal=>7}}
D, [2018-03-31T10:58:24.504744 #12047] DEBUG -- : State Score successfully calculated


D, [2018-03-31T10:58:24.504772 #12047] DEBUG -- : Scoring new state: {:rating=>34, :state=>{:unknown=>0, :possibly_lighter=>2, :possibly_heavier=>0, :normal=>6}}
D, [2018-03-31T10:58:24.507668 #12047] DEBUG -- : returning fully calculated score...
D, [2018-03-31T10:58:24.507782 #12047] DEBUG -- : State Score successfully calculated


D, [2018-03-31T10:58:24.507834 #12047] DEBUG -- : Scoring new state: {:rating=>37, :state=>{:unknown=>0, :possibly_lighter=>1, :possibly_heavier=>0, :normal=>7}}
D, [2018-03-31T10:58:24.507867 #12047] DEBUG -- : State Score successfully calculated


D, [2018-03-31T10:58:24.507919 #12047] DEBUG -- : Scoring new state: {:rating=>34, :state=>{:unknown=>0, :possibly_lighter=>1, :possibly_heavier=>1, :normal=>6}}
D, [2018-03-31T10:58:24.510953 #12047] DEBUG -- : returning fully calculated score...
D, [2018-03-31T10:58:24.511056 #12047] DEBUG -- : State Score successfully calculated


D, [2018-03-31T10:58:24.511099 #12047] DEBUG -- : Scoring new state: {:rating=>34, :state=>{:unknown=>0, :possibly_lighter=>2, :possibly_heavier=>0, :normal=>6}}
D, [2018-03-31T10:58:24.513880 #12047] DEBUG -- : returning fully calculated score...
D, [2018-03-31T10:58:24.513995 #12047] DEBUG -- : State Score successfully calculated


D, [2018-03-31T10:58:24.514064 #12047] DEBUG -- : Scoring new state: {:rating=>34, :state=>{:unknown=>0, :possibly_lighter=>1, :possibly_heavier=>1, :normal=>6}}
D, [2018-03-31T10:58:24.518080 #12047] DEBUG -- : returning fully calculated score...
D, [2018-03-31T10:58:24.518210 #12047] DEBUG -- : State Score successfully calculated


D, [2018-03-31T10:58:24.518262 #12047] DEBUG -- : Scoring new state: {:rating=>34, :state=>{:unknown=>0, :possibly_lighter=>2, :possibly_heavier=>0, :normal=>6}}
D, [2018-03-31T10:58:24.521133 #12047] DEBUG -- : returning fully calculated score...
D, [2018-03-31T10:58:24.521218 #12047] DEBUG -- : State Score successfully calculated


D, [2018-03-31T10:58:24.521268 #12047] DEBUG -- : Scoring new state: {:rating=>34, :state=>{:unknown=>0, :possibly_lighter=>1, :possibly_heavier=>1, :normal=>6}}
D, [2018-03-31T10:58:24.523950 #12047] DEBUG -- : returning fully calculated score...
D, [2018-03-31T10:58:24.524031 #12047] DEBUG -- : State Score successfully calculated


D, [2018-03-31T10:58:24.524068 #12047] DEBUG -- : Scoring new state: {:rating=>34, :state=>{:unknown=>0, :possibly_lighter=>2, :possibly_heavier=>0, :normal=>6}}
D, [2018-03-31T10:58:24.526645 #12047] DEBUG -- : returning fully calculated score...
D, [2018-03-31T10:58:24.526744 #12047] DEBUG -- : State Score successfully calculated


D, [2018-03-31T10:58:24.526795 #12047] DEBUG -- : Scoring new state: {:rating=>32, :state=>{:unknown=>1, :possibly_lighter=>1, :possibly_heavier=>0, :normal=>6}}
D, [2018-03-31T10:58:24.529420 #12047] DEBUG -- : calculating updated score for older state...
D, [2018-03-31T10:58:24.533062 #12047] DEBUG -- : generating weighed rated selections...
D, [2018-03-31T10:58:24.684856 #12047] DEBUG -- : scoring weighed rated selections...
D, [2018-03-31T10:58:24.685018 #12047] DEBUG -- : Saving scored selections...
D, [2018-03-31T10:58:24.693315 #12047] DEBUG -- : State Score successfully calculated


D, [2018-03-31T10:58:24.693432 #12047] DEBUG -- : Scoring new state: {:rating=>37, :state=>{:unknown=>0, :possibly_lighter=>1, :possibly_heavier=>0, :normal=>7}}
D, [2018-03-31T10:58:24.693460 #12047] DEBUG -- : State Score successfully calculated


D, [2018-03-31T10:58:24.693497 #12047] DEBUG -- : Scoring new state: {:rating=>32, :state=>{:unknown=>1, :possibly_lighter=>1, :possibly_heavier=>0, :normal=>6}}
D, [2018-03-31T10:58:24.696169 #12047] DEBUG -- : calculating updated score for older state...
D, [2018-03-31T10:58:24.699726 #12047] DEBUG -- : generating weighed rated selections...
D, [2018-03-31T10:58:24.700758 #12047] DEBUG -- : -------> building selection...
D, [2018-03-31T10:58:24.701673 #12047] DEBUG -- : -------> building new state...
D, [2018-03-31T10:58:24.701944 #12047] DEBUG -- : -------> building new state...
D, [2018-03-31T10:58:24.702231 #12047] DEBUG -- : -------> building selection...
D, [2018-03-31T10:58:24.702563 #12047] DEBUG -- : -------> building new state...
D, [2018-03-31T10:58:24.702689 #12047] DEBUG -- : -------> building new state...
D, [2018-03-31T10:58:24.702896 #12047] DEBUG -- : -------> building selection...
D, [2018-03-31T10:58:24.703531 #12047] DEBUG -- : -------> building new state...
D, [2018-03-31T10:58:24.703661 #12047] DEBUG -- : -------> building new state...
D, [2018-03-31T10:58:24.703869 #12047] DEBUG -- : -------> building selection...
D, [2018-03-31T10:58:24.704318 #12047] DEBUG -- : -------> building new state...
D, [2018-03-31T10:58:24.704447 #12047] DEBUG -- : -------> building new state...
D, [2018-03-31T10:58:24.704741 #12047] DEBUG -- : -------> building selection...
D, [2018-03-31T10:58:24.705111 #12047] DEBUG -- : -------> building new state...
D, [2018-03-31T10:58:24.705298 #12047] DEBUG -- : -------> building new state...
D, [2018-03-31T10:58:24.705503 #12047] DEBUG -- : -------> building selection...
D, [2018-03-31T10:58:24.705859 #12047] DEBUG -- : -------> building new state...
D, [2018-03-31T10:58:24.705977 #12047] DEBUG -- : -------> building new state...
D, [2018-03-31T10:58:24.706163 #12047] DEBUG -- : -------> building selection...
D, [2018-03-31T10:58:24.706481 #12047] DEBUG -- : -------> building new state...
D, [2018-03-31T10:58:24.706582 #12047] DEBUG -- : -------> building new state...
D, [2018-03-31T10:58:24.706835 #12047] DEBUG -- : -------> building selection...
D, [2018-03-31T10:58:24.707271 #12047] DEBUG -- : -------> building new state...
D, [2018-03-31T10:58:24.707379 #12047] DEBUG -- : -------> building new state...
D, [2018-03-31T10:58:24.707568 #12047] DEBUG -- : -------> building selection...
D, [2018-03-31T10:58:24.707886 #12047] DEBUG -- : -------> building new state...
D, [2018-03-31T10:58:24.707988 #12047] DEBUG -- : -------> building new state...
D, [2018-03-31T10:58:24.708190 #12047] DEBUG -- : -------> building selection...
D, [2018-03-31T10:58:24.708503 #12047] DEBUG -- : -------> building new state...
D, [2018-03-31T10:58:24.708603 #12047] DEBUG -- : -------> building new state...
D, [2018-03-31T10:58:24.708889 #12047] DEBUG -- : -------> building selection...
D, [2018-03-31T10:58:24.709267 #12047] DEBUG -- : -------> building new state...
D, [2018-03-31T10:58:24.709370 #12047] DEBUG -- : -------> building new state...
D, [2018-03-31T10:58:24.709557 #12047] DEBUG -- : -------> building selection...
D, [2018-03-31T10:58:24.709950 #12047] DEBUG -- : -------> building new state...
D, [2018-03-31T10:58:24.710096 #12047] DEBUG -- : -------> building new state...
D, [2018-03-31T10:58:24.710384 #12047] DEBUG -- : -------> building selection...
D, [2018-03-31T10:58:24.710922 #12047] DEBUG -- : -------> building new state...
D, [2018-03-31T10:58:24.711082 #12047] DEBUG -- : -------> building new state...
D, [2018-03-31T10:58:24.711313 #12047] DEBUG -- : -------> building selection...
D, [2018-03-31T10:58:24.711648 #12047] DEBUG -- : -------> building new state...
D, [2018-03-31T10:58:24.711821 #12047] DEBUG -- : -------> building new state...
D, [2018-03-31T10:58:24.712043 #12047] DEBUG -- : -------> building selection...
D, [2018-03-31T10:58:24.712487 #12047] DEBUG -- : -------> building new state...
D, [2018-03-31T10:58:24.712593 #12047] DEBUG -- : -------> building new state...
D, [2018-03-31T10:58:24.712778 #12047] DEBUG -- : -------> building selection...
D, [2018-03-31T10:58:24.713115 #12047] DEBUG -- : -------> building new state...
D, [2018-03-31T10:58:24.713214 #12047] DEBUG -- : -------> building new state...
D, [2018-03-31T10:58:24.713393 #12047] DEBUG -- : -------> building selection...
D, [2018-03-31T10:58:24.713704 #12047] DEBUG -- : -------> building new state...
D, [2018-03-31T10:58:24.713819 #12047] DEBUG -- : -------> building new state...
D, [2018-03-31T10:58:24.714019 #12047] DEBUG -- : -------> building selection...
D, [2018-03-31T10:58:24.714330 #12047] DEBUG -- : -------> building new state...
D, [2018-03-31T10:58:24.714428 #12047] DEBUG -- : -------> building new state...
D, [2018-03-31T10:58:24.714607 #12047] DEBUG -- : -------> building selection...
D, [2018-03-31T10:58:24.714977 #12047] DEBUG -- : -------> building new state...
D, [2018-03-31T10:58:24.715082 #12047] DEBUG -- : -------> building new state...
D, [2018-03-31T10:58:24.715265 #12047] DEBUG -- : -------> building selection...
D, [2018-03-31T10:58:24.715579 #12047] DEBUG -- : -------> building new state...
D, [2018-03-31T10:58:24.715679 #12047] DEBUG -- : -------> building new state...
D, [2018-03-31T10:58:24.715884 #12047] DEBUG -- : -------> building selection...
D, [2018-03-31T10:58:24.716204 #12047] DEBUG -- : -------> building new state...
D, [2018-03-31T10:58:24.716308 #12047] DEBUG -- : -------> building new state...
D, [2018-03-31T10:58:24.716487 #12047] DEBUG -- : -------> building selection...
D, [2018-03-31T10:58:24.716799 #12047] DEBUG -- : -------> building new state...
D, [2018-03-31T10:58:24.716898 #12047] DEBUG -- : -------> building new state...
D, [2018-03-31T10:58:24.717101 #12047] DEBUG -- : -------> building selection...
D, [2018-03-31T10:58:24.717434 #12047] DEBUG -- : -------> building new state...
D, [2018-03-31T10:58:24.717535 #12047] DEBUG -- : -------> building new state...
D, [2018-03-31T10:58:24.717718 #12047] DEBUG -- : -------> building selection...
D, [2018-03-31T10:58:24.718040 #12047] DEBUG -- : -------> building new state...
D, [2018-03-31T10:58:24.718139 #12047] DEBUG -- : -------> building new state...
D, [2018-03-31T10:58:24.718337 #12047] DEBUG -- : -------> building selection...
D, [2018-03-31T10:58:24.718649 #12047] DEBUG -- : -------> building new state...
D, [2018-03-31T10:58:24.718748 #12047] DEBUG -- : -------> building new state...
D, [2018-03-31T10:58:24.718944 #12047] DEBUG -- : -------> building selection...
D, [2018-03-31T10:58:24.719265 #12047] DEBUG -- : -------> building new state...
D, [2018-03-31T10:58:24.719391 #12047] DEBUG -- : -------> building new state...
D, [2018-03-31T10:58:24.719576 #12047] DEBUG -- : scoring weighed rated selections...
D, [2018-03-31T10:58:24.719639 #12047] DEBUG -- : Saving scored selections...
D, [2018-03-31T10:58:24.726274 #12047] DEBUG -- : State Score successfully calculated


D, [2018-03-31T10:58:24.726353 #12047] DEBUG -- : Scoring new state: {:rating=>37, :state=>{:unknown=>0, :possibly_lighter=>1, :possibly_heavier=>0, :normal=>7}}
D, [2018-03-31T10:58:24.726379 #12047] DEBUG -- : State Score successfully calculated


D, [2018-03-31T10:58:24.726415 #12047] DEBUG -- : Scoring new state: {:rating=>32, :state=>{:unknown=>1, :possibly_lighter=>1, :possibly_heavier=>0, :normal=>6}}
D, [2018-03-31T10:58:24.729232 #12047] DEBUG -- : calculating updated score for older state...
D, [2018-03-31T10:58:24.732794 #12047] DEBUG -- : generating weighed rated selections...
D, [2018-03-31T10:58:24.733813 #12047] DEBUG -- : -------> building selection...
D, [2018-03-31T10:58:24.734679 #12047] DEBUG -- : -------> building new state...
D, [2018-03-31T10:58:24.735023 #12047] DEBUG -- : -------> building new state...
D, [2018-03-31T10:58:24.735293 #12047] DEBUG -- : -------> building selection...
D, [2018-03-31T10:58:24.735629 #12047] DEBUG -- : -------> building new state...
D, [2018-03-31T10:58:24.735731 #12047] DEBUG -- : -------> building new state...
D, [2018-03-31T10:58:24.735935 #12047] DEBUG -- : -------> building selection...
D, [2018-03-31T10:58:24.736260 #12047] DEBUG -- : -------> building new state...
D, [2018-03-31T10:58:24.736414 #12047] DEBUG -- : -------> building new state...
D, [2018-03-31T10:58:24.736652 #12047] DEBUG -- : -------> building selection...
D, [2018-03-31T10:58:24.737000 #12047] DEBUG -- : -------> building new state...
D, [2018-03-31T10:58:24.737117 #12047] DEBUG -- : -------> building new state...
D, [2018-03-31T10:58:24.737370 #12047] DEBUG -- : -------> building selection...
D, [2018-03-31T10:58:24.737923 #12047] DEBUG -- : -------> building new state...
D, [2018-03-31T10:58:24.738111 #12047] DEBUG -- : -------> building new state...
D, [2018-03-31T10:58:24.738309 #12047] DEBUG -- : -------> building selection...
D, [2018-03-31T10:58:24.738639 #12047] DEBUG -- : -------> building new state...
D, [2018-03-31T10:58:24.738739 #12047] DEBUG -- : -------> building new state...
D, [2018-03-31T10:58:24.738940 #12047] DEBUG -- : -------> building selection...
D, [2018-03-31T10:58:24.739383 #12047] DEBUG -- : -------> building new state...
D, [2018-03-31T10:58:24.739491 #12047] DEBUG -- : -------> building new state...
D, [2018-03-31T10:58:24.739690 #12047] DEBUG -- : -------> building selection...
D, [2018-03-31T10:58:24.740037 #12047] DEBUG -- : -------> building new state...
D, [2018-03-31T10:58:24.740140 #12047] DEBUG -- : -------> building new state...
D, [2018-03-31T10:58:24.740322 #12047] DEBUG -- : -------> building selection...
D, [2018-03-31T10:58:24.740650 #12047] DEBUG -- : -------> building new state...
D, [2018-03-31T10:58:24.740755 #12047] DEBUG -- : -------> building new state...
D, [2018-03-31T10:58:24.740936 #12047] DEBUG -- : -------> building selection...
D, [2018-03-31T10:58:24.741386 #12047] DEBUG -- : -------> building new state...
D, [2018-03-31T10:58:24.741634 #12047] DEBUG -- : -------> building new state...
D, [2018-03-31T10:58:24.741842 #12047] DEBUG -- : -------> building selection...
D, [2018-03-31T10:58:24.742172 #12047] DEBUG -- : -------> building new state...
D, [2018-03-31T10:58:24.742275 #12047] DEBUG -- : -------> building new state...
D, [2018-03-31T10:58:24.742455 #12047] DEBUG -- : -------> building selection...
D, [2018-03-31T10:58:24.742895 #12047] DEBUG -- : -------> building new state...
D, [2018-03-31T10:58:24.743016 #12047] DEBUG -- : -------> building new state...
D, [2018-03-31T10:58:24.743207 #12047] DEBUG -- : -------> building selection...
D, [2018-03-31T10:58:24.744041 #12047] DEBUG -- : -------> building new state...
D, [2018-03-31T10:58:24.744232 #12047] DEBUG -- : -------> building new state...
D, [2018-03-31T10:58:24.744508 #12047] DEBUG -- : -------> building selection...
D, [2018-03-31T10:58:24.744834 #12047] DEBUG -- : -------> building new state...
D, [2018-03-31T10:58:24.744934 #12047] DEBUG -- : -------> building new state...
D, [2018-03-31T10:58:24.745117 #12047] DEBUG -- : -------> building selection...
D, [2018-03-31T10:58:24.745432 #12047] DEBUG -- : -------> building new state...
D, [2018-03-31T10:58:24.745569 #12047] DEBUG -- : -------> building new state...
D, [2018-03-31T10:58:24.745749 #12047] DEBUG -- : -------> building selection...
D, [2018-03-31T10:58:24.746088 #12047] DEBUG -- : -------> building new state...
D, [2018-03-31T10:58:24.746276 #12047] DEBUG -- : -------> building new state...
D, [2018-03-31T10:58:24.746460 #12047] DEBUG -- : -------> building selection...
D, [2018-03-31T10:58:24.746778 #12047] DEBUG -- : -------> building new state...
D, [2018-03-31T10:58:24.746898 #12047] DEBUG -- : -------> building new state...
D, [2018-03-31T10:58:24.747078 #12047] DEBUG -- : -------> building selection...
D, [2018-03-31T10:58:24.747462 #12047] DEBUG -- : -------> building new state...
D, [2018-03-31T10:58:24.747566 #12047] DEBUG -- : -------> building new state...
D, [2018-03-31T10:58:24.747742 #12047] DEBUG -- : -------> building selection...
D, [2018-03-31T10:58:24.748052 #12047] DEBUG -- : -------> building new state...
D, [2018-03-31T10:58:24.748149 #12047] DEBUG -- : -------> building new state...
D, [2018-03-31T10:58:24.748388 #12047] DEBUG -- : -------> building selection...
D, [2018-03-31T10:58:24.748697 #12047] DEBUG -- : -------> building new state...
D, [2018-03-31T10:58:24.748795 #12047] DEBUG -- : -------> building new state...
D, [2018-03-31T10:58:24.748997 #12047] DEBUG -- : -------> building selection...
D, [2018-03-31T10:58:24.749324 #12047] DEBUG -- : -------> building new state...
D, [2018-03-31T10:58:24.749471 #12047] DEBUG -- : -------> building new state...
D, [2018-03-31T10:58:24.749682 #12047] DEBUG -- : -------> building selection...
D, [2018-03-31T10:58:24.750052 #12047] DEBUG -- : -------> building new state...
D, [2018-03-31T10:58:24.750228 #12047] DEBUG -- : -------> building new state...
D, [2018-03-31T10:58:24.750428 #12047] DEBUG -- : -------> building selection...
D, [2018-03-31T10:58:24.750825 #12047] DEBUG -- : -------> building new state...
D, [2018-03-31T10:58:24.750938 #12047] DEBUG -- : -------> building new state...
D, [2018-03-31T10:58:24.751125 #12047] DEBUG -- : -------> building selection...
D, [2018-03-31T10:58:24.751445 #12047] DEBUG -- : -------> building new state...
D, [2018-03-31T10:58:24.751546 #12047] DEBUG -- : -------> building new state...
D, [2018-03-31T10:58:24.751728 #12047] DEBUG -- : -------> building selection...
D, [2018-03-31T10:58:24.752107 #12047] DEBUG -- : -------> building new state...
D, [2018-03-31T10:58:24.752227 #12047] DEBUG -- : -------> building new state...
D, [2018-03-31T10:58:24.752422 #12047] DEBUG -- : -------> building selection...
D, [2018-03-31T10:58:24.752767 #12047] DEBUG -- : -------> building new state...
D, [2018-03-31T10:58:24.752926 #12047] DEBUG -- : -------> building new state...
D, [2018-03-31T10:58:24.754833 #12047] DEBUG -- : scoring weighed rated selections...
D, [2018-03-31T10:58:24.754956 #12047] DEBUG -- : Saving scored selections...
D, [2018-03-31T10:58:24.761854 #12047] DEBUG -- : State Score successfully calculated


D, [2018-03-31T10:58:24.761949 #12047] DEBUG -- : Scoring new state: {:rating=>37, :state=>{:unknown=>0, :possibly_lighter=>1, :possibly_heavier=>0, :normal=>7}}
D, [2018-03-31T10:58:24.761976 #12047] DEBUG -- : State Score successfully calculated


D, [2018-03-31T10:58:24.762013 #12047] DEBUG -- : Scoring new state: {:rating=>32, :state=>{:unknown=>1, :possibly_lighter=>1, :possibly_heavier=>0, :normal=>6}}
D, [2018-03-31T10:58:24.764730 #12047] DEBUG -- : calculating updated score for older state...
D, [2018-03-31T10:58:24.768213 #12047] DEBUG -- : generating weighed rated selections...
D, [2018-03-31T10:58:24.769229 #12047] DEBUG -- : -------> building selection...
D, [2018-03-31T10:58:24.770087 #12047] DEBUG -- : -------> building new state...
D, [2018-03-31T10:58:24.770462 #12047] DEBUG -- : -------> building new state...
D, [2018-03-31T10:58:24.770764 #12047] DEBUG -- : -------> building selection...
D, [2018-03-31T10:58:24.771250 #12047] DEBUG -- : -------> building new state...
D, [2018-03-31T10:58:24.771406 #12047] DEBUG -- : -------> building new state...
D, [2018-03-31T10:58:24.771683 #12047] DEBUG -- : -------> building selection...
D, [2018-03-31T10:58:24.772015 #12047] DEBUG -- : -------> building new state...
D, [2018-03-31T10:58:24.772115 #12047] DEBUG -- : -------> building new state...
D, [2018-03-31T10:58:24.772325 #12047] DEBUG -- : -------> building selection...
D, [2018-03-31T10:58:24.772638 #12047] DEBUG -- : -------> building new state...
D, [2018-03-31T10:58:24.772736 #12047] DEBUG -- : -------> building new state...
D, [2018-03-31T10:58:24.772920 #12047] DEBUG -- : -------> building selection...
D, [2018-03-31T10:58:24.773235 #12047] DEBUG -- : -------> building new state...
D, [2018-03-31T10:58:24.773333 #12047] DEBUG -- : -------> building new state...
D, [2018-03-31T10:58:24.773571 #12047] DEBUG -- : -------> building selection...
D, [2018-03-31T10:58:24.773902 #12047] DEBUG -- : -------> building new state...
D, [2018-03-31T10:58:24.774011 #12047] DEBUG -- : -------> building new state...
D, [2018-03-31T10:58:24.774265 #12047] DEBUG -- : -------> building selection...
D, [2018-03-31T10:58:24.774659 #12047] DEBUG -- : -------> building new state...
D, [2018-03-31T10:58:24.774765 #12047] DEBUG -- : -------> building new state...
D, [2018-03-31T10:58:24.775011 #12047] DEBUG -- : -------> building selection...
D, [2018-03-31T10:58:24.775368 #12047] DEBUG -- : -------> building new state...
D, [2018-03-31T10:58:24.775501 #12047] DEBUG -- : -------> building new state...
D, [2018-03-31T10:58:24.775765 #12047] DEBUG -- : -------> building selection...
D, [2018-03-31T10:58:24.776083 #12047] DEBUG -- : -------> building new state...
D, [2018-03-31T10:58:24.776233 #12047] DEBUG -- : -------> building new state...
D, [2018-03-31T10:58:24.776422 #12047] DEBUG -- : -------> building selection...
D, [2018-03-31T10:58:24.776792 #12047] DEBUG -- : -------> building new state...
D, [2018-03-31T10:58:24.776893 #12047] DEBUG -- : -------> building new state...
D, [2018-03-31T10:58:24.777074 #12047] DEBUG -- : -------> building selection...
D, [2018-03-31T10:58:24.777426 #12047] DEBUG -- : -------> building new state...
D, [2018-03-31T10:58:24.777527 #12047] DEBUG -- : -------> building new state...
D, [2018-03-31T10:58:24.777721 #12047] DEBUG -- : -------> building selection...
D, [2018-03-31T10:58:24.778037 #12047] DEBUG -- : -------> building new state...
D, [2018-03-31T10:58:24.778138 #12047] DEBUG -- : -------> building new state...
D, [2018-03-31T10:58:24.778338 #12047] DEBUG -- : -------> building selection...
D, [2018-03-31T10:58:24.778711 #12047] DEBUG -- : -------> building new state...
D, [2018-03-31T10:58:24.779097 #12047] DEBUG -- : -------> building new state...
D, [2018-03-31T10:58:24.779416 #12047] DEBUG -- : -------> building selection...
D, [2018-03-31T10:58:24.779921 #12047] DEBUG -- : -------> building new state...
D, [2018-03-31T10:58:24.780044 #12047] DEBUG -- : -------> building new state...
D, [2018-03-31T10:58:24.782153 #12047] DEBUG -- : -------> building selection...
D, [2018-03-31T10:58:24.782641 #12047] DEBUG -- : -------> building new state...
D, [2018-03-31T10:58:24.782771 #12047] DEBUG -- : -------> building new state...
D, [2018-03-31T10:58:24.782990 #12047] DEBUG -- : -------> building selection...
D, [2018-03-31T10:58:24.783316 #12047] DEBUG -- : -------> building new state...
D, [2018-03-31T10:58:24.783458 #12047] DEBUG -- : -------> building new state...
D, [2018-03-31T10:58:24.783651 #12047] DEBUG -- : -------> building selection...
D, [2018-03-31T10:58:24.784000 #12047] DEBUG -- : -------> building new state...
D, [2018-03-31T10:58:24.784202 #12047] DEBUG -- : -------> building new state...
D, [2018-03-31T10:58:24.784406 #12047] DEBUG -- : -------> building selection...
D, [2018-03-31T10:58:24.784739 #12047] DEBUG -- : -------> building new state...
D, [2018-03-31T10:58:24.784852 #12047] DEBUG -- : -------> building new state...
D, [2018-03-31T10:58:24.785039 #12047] DEBUG -- : -------> building selection...
D, [2018-03-31T10:58:24.785351 #12047] DEBUG -- : -------> building new state...
D, [2018-03-31T10:58:24.785479 #12047] DEBUG -- : -------> building new state...
D, [2018-03-31T10:58:24.785666 #12047] DEBUG -- : -------> building selection...
D, [2018-03-31T10:58:24.786028 #12047] DEBUG -- : -------> building new state...
D, [2018-03-31T10:58:24.787310 #12047] DEBUG -- : -------> building new state...
D, [2018-03-31T10:58:24.787551 #12047] DEBUG -- : -------> building selection...
D, [2018-03-31T10:58:24.787877 #12047] DEBUG -- : -------> building new state...
D, [2018-03-31T10:58:24.788006 #12047] DEBUG -- : -------> building new state...
D, [2018-03-31T10:58:24.788197 #12047] DEBUG -- : -------> building selection...
D, [2018-03-31T10:58:24.788514 #12047] DEBUG -- : -------> building new state...
D, [2018-03-31T10:58:24.788613 #12047] DEBUG -- : -------> building new state...
D, [2018-03-31T10:58:24.788795 #12047] DEBUG -- : -------> building selection...
D, [2018-03-31T10:58:24.789108 #12047] DEBUG -- : -------> building new state...
D, [2018-03-31T10:58:24.789233 #12047] DEBUG -- : -------> building new state...
D, [2018-03-31T10:58:24.789417 #12047] DEBUG -- : -------> building selection...
D, [2018-03-31T10:58:24.789728 #12047] DEBUG -- : -------> building new state...
D, [2018-03-31T10:58:24.789826 #12047] DEBUG -- : -------> building new state...
D, [2018-03-31T10:58:24.790003 #12047] DEBUG -- : -------> building selection...
D, [2018-03-31T10:58:24.790314 #12047] DEBUG -- : -------> building new state...
D, [2018-03-31T10:58:24.790433 #12047] DEBUG -- : -------> building new state...
D, [2018-03-31T10:58:24.790614 #12047] DEBUG -- : -------> building selection...
D, [2018-03-31T10:58:24.790950 #12047] DEBUG -- : -------> building new state...
D, [2018-03-31T10:58:24.791052 #12047] DEBUG -- : -------> building new state...
D, [2018-03-31T10:58:24.791233 #12047] DEBUG -- : scoring weighed rated selections...
D, [2018-03-31T10:58:24.791296 #12047] DEBUG -- : Saving scored selections...
D, [2018-03-31T10:58:24.797805 #12047] DEBUG -- : State Score successfully calculated


D, [2018-03-31T10:58:24.797898 #12047] DEBUG -- : Scoring new state: {:rating=>37, :state=>{:unknown=>0, :possibly_lighter=>1, :possibly_heavier=>0, :normal=>7}}
D, [2018-03-31T10:58:24.797949 #12047] DEBUG -- : State Score successfully calculated


D, [2018-03-31T10:58:24.797986 #12047] DEBUG -- : Scoring new state: {:rating=>32, :state=>{:unknown=>1, :possibly_lighter=>1, :possibly_heavier=>0, :normal=>6}}
D, [2018-03-31T10:58:24.800730 #12047] DEBUG -- : calculating updated score for older state...
D, [2018-03-31T10:58:24.805603 #12047] DEBUG -- : generating weighed rated selections...
D, [2018-03-31T10:58:24.806703 #12047] DEBUG -- : -------> building selection...
D, [2018-03-31T10:58:24.807674 #12047] DEBUG -- : -------> building new state...
D, [2018-03-31T10:58:24.808050 #12047] DEBUG -- : -------> building new state...
D, [2018-03-31T10:58:24.808330 #12047] DEBUG -- : -------> building selection...
D, [2018-03-31T10:58:24.808674 #12047] DEBUG -- : -------> building new state...
D, [2018-03-31T10:58:24.808795 #12047] DEBUG -- : -------> building new state...
D, [2018-03-31T10:58:24.809069 #12047] DEBUG -- : -------> building selection...
D, [2018-03-31T10:58:24.809414 #12047] DEBUG -- : -------> building new state...
D, [2018-03-31T10:58:24.809541 #12047] DEBUG -- : -------> building new state...
D, [2018-03-31T10:58:24.809734 #12047] DEBUG -- : -------> building selection...
D, [2018-03-31T10:58:24.810192 #12047] DEBUG -- : -------> building new state...
D, [2018-03-31T10:58:24.810452 #12047] DEBUG -- : -------> building new state...
D, [2018-03-31T10:58:24.812538 #12047] DEBUG -- : -------> building selection...
D, [2018-03-31T10:58:24.813085 #12047] DEBUG -- : -------> building new state...
D, [2018-03-31T10:58:24.813242 #12047] DEBUG -- : -------> building new state...
D, [2018-03-31T10:58:24.813433 #12047] DEBUG -- : -------> building selection...
D, [2018-03-31T10:58:24.813819 #12047] DEBUG -- : -------> building new state...
D, [2018-03-31T10:58:24.813922 #12047] DEBUG -- : -------> building new state...
D, [2018-03-31T10:58:24.814106 #12047] DEBUG -- : -------> building selection...
D, [2018-03-31T10:58:24.814420 #12047] DEBUG -- : -------> building new state...
D, [2018-03-31T10:58:24.814519 #12047] DEBUG -- : -------> building new state...
D, [2018-03-31T10:58:24.814720 #12047] DEBUG -- : -------> building selection...
D, [2018-03-31T10:58:24.815152 #12047] DEBUG -- : -------> building new state...
D, [2018-03-31T10:58:24.815266 #12047] DEBUG -- : -------> building new state...
D, [2018-03-31T10:58:24.815450 #12047] DEBUG -- : -------> building selection...
D, [2018-03-31T10:58:24.815785 #12047] DEBUG -- : -------> building new state...
D, [2018-03-31T10:58:24.815890 #12047] DEBUG -- : -------> building new state...
D, [2018-03-31T10:58:24.816101 #12047] DEBUG -- : -------> building selection...
D, [2018-03-31T10:58:24.816486 #12047] DEBUG -- : -------> building new state...
D, [2018-03-31T10:58:24.816666 #12047] DEBUG -- : -------> building new state...
D, [2018-03-31T10:58:24.816871 #12047] DEBUG -- : -------> building selection...
D, [2018-03-31T10:58:24.817230 #12047] DEBUG -- : -------> building new state...
D, [2018-03-31T10:58:24.817335 #12047] DEBUG -- : -------> building new state...
D, [2018-03-31T10:58:24.817517 #12047] DEBUG -- : -------> building selection...
D, [2018-03-31T10:58:24.817827 #12047] DEBUG -- : -------> building new state...
D, [2018-03-31T10:58:24.817925 #12047] DEBUG -- : -------> building new state...
D, [2018-03-31T10:58:24.818157 #12047] DEBUG -- : -------> building selection...
D, [2018-03-31T10:58:24.818490 #12047] DEBUG -- : -------> building new state...
D, [2018-03-31T10:58:24.818591 #12047] DEBUG -- : -------> building new state...
D, [2018-03-31T10:58:24.818780 #12047] DEBUG -- : -------> building selection...
D, [2018-03-31T10:58:24.819135 #12047] DEBUG -- : -------> building new state...
D, [2018-03-31T10:58:24.819235 #12047] DEBUG -- : -------> building new state...
D, [2018-03-31T10:58:24.819445 #12047] DEBUG -- : -------> building selection...
D, [2018-03-31T10:58:24.821301 #12047] DEBUG -- : -------> building new state...
D, [2018-03-31T10:58:24.821446 #12047] DEBUG -- : -------> building new state...
D, [2018-03-31T10:58:24.821752 #12047] DEBUG -- : -------> building selection...
D, [2018-03-31T10:58:24.822098 #12047] DEBUG -- : -------> building new state...
D, [2018-03-31T10:58:24.822206 #12047] DEBUG -- : -------> building new state...
D, [2018-03-31T10:58:24.822426 #12047] DEBUG -- : -------> building selection...
D, [2018-03-31T10:58:24.822740 #12047] DEBUG -- : -------> building new state...
D, [2018-03-31T10:58:24.822858 #12047] DEBUG -- : -------> building new state...
D, [2018-03-31T10:58:24.823062 #12047] DEBUG -- : -------> building selection...
D, [2018-03-31T10:58:24.823401 #12047] DEBUG -- : -------> building new state...
D, [2018-03-31T10:58:24.823506 #12047] DEBUG -- : -------> building new state...
D, [2018-03-31T10:58:24.823685 #12047] DEBUG -- : -------> building selection...
D, [2018-03-31T10:58:24.824049 #12047] DEBUG -- : -------> building new state...
D, [2018-03-31T10:58:24.824166 #12047] DEBUG -- : -------> building new state...
D, [2018-03-31T10:58:24.824347 #12047] DEBUG -- : -------> building selection...
D, [2018-03-31T10:58:24.824711 #12047] DEBUG -- : -------> building new state...
D, [2018-03-31T10:58:24.824890 #12047] DEBUG -- : -------> building new state...
D, [2018-03-31T10:58:24.825078 #12047] DEBUG -- : -------> building selection...
D, [2018-03-31T10:58:24.825390 #12047] DEBUG -- : -------> building new state...
D, [2018-03-31T10:58:24.825494 #12047] DEBUG -- : -------> building new state...
D, [2018-03-31T10:58:24.825696 #12047] DEBUG -- : -------> building selection...
D, [2018-03-31T10:58:24.826007 #12047] DEBUG -- : -------> building new state...
D, [2018-03-31T10:58:24.826107 #12047] DEBUG -- : -------> building new state...
D, [2018-03-31T10:58:24.826299 #12047] DEBUG -- : -------> building selection...
D, [2018-03-31T10:58:24.827582 #12047] DEBUG -- : -------> building new state...
D, [2018-03-31T10:58:24.827797 #12047] DEBUG -- : -------> building new state...
D, [2018-03-31T10:58:24.828003 #12047] DEBUG -- : -------> building selection...
D, [2018-03-31T10:58:24.828409 #12047] DEBUG -- : -------> building new state...
D, [2018-03-31T10:58:24.828526 #12047] DEBUG -- : -------> building new state...
D, [2018-03-31T10:58:24.828713 #12047] DEBUG -- : -------> building selection...
D, [2018-03-31T10:58:24.829062 #12047] DEBUG -- : -------> building new state...
D, [2018-03-31T10:58:24.829162 #12047] DEBUG -- : -------> building new state...
D, [2018-03-31T10:58:24.829355 #12047] DEBUG -- : -------> building selection...
D, [2018-03-31T10:58:24.829664 #12047] DEBUG -- : -------> building new state...
D, [2018-03-31T10:58:24.829762 #12047] DEBUG -- : -------> building new state...
D, [2018-03-31T10:58:24.829942 #12047] DEBUG -- : scoring weighed rated selections...
D, [2018-03-31T10:58:24.830022 #12047] DEBUG -- : Saving scored selections...
D, [2018-03-31T10:58:24.836663 #12047] DEBUG -- : State Score successfully calculated


D, [2018-03-31T10:58:24.838927 #12047] DEBUG -- : Scoring new state: {:rating=>37, :state=>{:unknown=>0, :possibly_lighter=>1, :possibly_heavier=>0, :normal=>7}}
D, [2018-03-31T10:58:24.838984 #12047] DEBUG -- : State Score successfully calculated


D, [2018-03-31T10:58:24.839025 #12047] DEBUG -- : Scoring new state: {:rating=>32, :state=>{:unknown=>1, :possibly_lighter=>1, :possibly_heavier=>0, :normal=>6}}
D, [2018-03-31T10:58:24.841888 #12047] DEBUG -- : calculating updated score for older state...
D, [2018-03-31T10:58:24.845888 #12047] DEBUG -- : generating weighed rated selections...
D, [2018-03-31T10:58:24.847010 #12047] DEBUG -- : -------> building selection...
D, [2018-03-31T10:58:24.847821 #12047] DEBUG -- : -------> building new state...
D, [2018-03-31T10:58:24.848184 #12047] DEBUG -- : -------> building new state...
D, [2018-03-31T10:58:24.848409 #12047] DEBUG -- : -------> building selection...
D, [2018-03-31T10:58:24.848819 #12047] DEBUG -- : -------> building new state...
D, [2018-03-31T10:58:24.848924 #12047] DEBUG -- : -------> building new state...
D, [2018-03-31T10:58:24.849106 #12047] DEBUG -- : -------> building selection...
D, [2018-03-31T10:58:24.849449 #12047] DEBUG -- : -------> building new state...
D, [2018-03-31T10:58:24.849680 #12047] DEBUG -- : -------> building new state...
D, [2018-03-31T10:58:24.849956 #12047] DEBUG -- : -------> building selection...
D, [2018-03-31T10:58:24.850304 #12047] DEBUG -- : -------> building new state...
D, [2018-03-31T10:58:24.850409 #12047] DEBUG -- : -------> building new state...
D, [2018-03-31T10:58:24.850593 #12047] DEBUG -- : -------> building selection...
D, [2018-03-31T10:58:24.850924 #12047] DEBUG -- : -------> building new state...
D, [2018-03-31T10:58:24.851105 #12047] DEBUG -- : -------> building new state...
D, [2018-03-31T10:58:24.851289 #12047] DEBUG -- : -------> building selection...
D, [2018-03-31T10:58:24.851599 #12047] DEBUG -- : -------> building new state...
D, [2018-03-31T10:58:24.851710 #12047] DEBUG -- : -------> building new state...
D, [2018-03-31T10:58:24.851902 #12047] DEBUG -- : -------> building selection...
D, [2018-03-31T10:58:24.852248 #12047] DEBUG -- : -------> building new state...
D, [2018-03-31T10:58:24.852348 #12047] DEBUG -- : -------> building new state...
D, [2018-03-31T10:58:24.852706 #12047] DEBUG -- : -------> building selection...
D, [2018-03-31T10:58:24.853165 #12047] DEBUG -- : -------> building new state...
D, [2018-03-31T10:58:24.853288 #12047] DEBUG -- : -------> building new state...
D, [2018-03-31T10:58:24.853548 #12047] DEBUG -- : -------> building selection...
D, [2018-03-31T10:58:24.853961 #12047] DEBUG -- : -------> building new state...
D, [2018-03-31T10:58:24.854195 #12047] DEBUG -- : -------> building new state...
D, [2018-03-31T10:58:24.854502 #12047] DEBUG -- : -------> building selection...
D, [2018-03-31T10:58:24.854871 #12047] DEBUG -- : -------> building new state...
D, [2018-03-31T10:58:24.855070 #12047] DEBUG -- : -------> building new state...
D, [2018-03-31T10:58:24.855284 #12047] DEBUG -- : -------> building selection...
D, [2018-03-31T10:58:24.855617 #12047] DEBUG -- : -------> building new state...
D, [2018-03-31T10:58:24.855717 #12047] DEBUG -- : -------> building new state...
D, [2018-03-31T10:58:24.855896 #12047] DEBUG -- : -------> building selection...
D, [2018-03-31T10:58:24.856260 #12047] DEBUG -- : -------> building new state...
D, [2018-03-31T10:58:24.856467 #12047] DEBUG -- : -------> building new state...
D, [2018-03-31T10:58:24.856670 #12047] DEBUG -- : -------> building selection...
D, [2018-03-31T10:58:24.857011 #12047] DEBUG -- : -------> building new state...
D, [2018-03-31T10:58:24.857111 #12047] DEBUG -- : -------> building new state...
D, [2018-03-31T10:58:24.857312 #12047] DEBUG -- : -------> building selection...
D, [2018-03-31T10:58:24.857625 #12047] DEBUG -- : -------> building new state...
D, [2018-03-31T10:58:24.857733 #12047] DEBUG -- : -------> building new state...
D, [2018-03-31T10:58:24.857934 #12047] DEBUG -- : -------> building selection...
D, [2018-03-31T10:58:24.858265 #12047] DEBUG -- : -------> building new state...
D, [2018-03-31T10:58:24.858409 #12047] DEBUG -- : -------> building new state...
D, [2018-03-31T10:58:24.858656 #12047] DEBUG -- : -------> building selection...
D, [2018-03-31T10:58:24.859122 #12047] DEBUG -- : -------> building new state...
D, [2018-03-31T10:58:24.859233 #12047] DEBUG -- : -------> building new state...
D, [2018-03-31T10:58:24.859418 #12047] DEBUG -- : -------> building selection...
D, [2018-03-31T10:58:24.859776 #12047] DEBUG -- : -------> building new state...
D, [2018-03-31T10:58:24.859946 #12047] DEBUG -- : -------> building new state...
D, [2018-03-31T10:58:24.860148 #12047] DEBUG -- : -------> building selection...
D, [2018-03-31T10:58:24.860761 #12047] DEBUG -- : -------> building new state...
D, [2018-03-31T10:58:24.860937 #12047] DEBUG -- : -------> building new state...
D, [2018-03-31T10:58:24.861210 #12047] DEBUG -- : -------> building selection...
D, [2018-03-31T10:58:24.861631 #12047] DEBUG -- : -------> building new state...
D, [2018-03-31T10:58:24.861764 #12047] DEBUG -- : -------> building new state...
D, [2018-03-31T10:58:24.861971 #12047] DEBUG -- : -------> building selection...
D, [2018-03-31T10:58:24.862285 #12047] DEBUG -- : -------> building new state...
D, [2018-03-31T10:58:24.862399 #12047] DEBUG -- : -------> building new state...
D, [2018-03-31T10:58:24.862677 #12047] DEBUG -- : -------> building selection...
D, [2018-03-31T10:58:24.863063 #12047] DEBUG -- : -------> building new state...
D, [2018-03-31T10:58:24.863178 #12047] DEBUG -- : -------> building new state...
D, [2018-03-31T10:58:24.863392 #12047] DEBUG -- : -------> building selection...
D, [2018-03-31T10:58:24.863774 #12047] DEBUG -- : -------> building new state...
D, [2018-03-31T10:58:24.863948 #12047] DEBUG -- : -------> building new state...
D, [2018-03-31T10:58:24.864151 #12047] DEBUG -- : -------> building selection...
D, [2018-03-31T10:58:24.864511 #12047] DEBUG -- : -------> building new state...
D, [2018-03-31T10:58:24.864614 #12047] DEBUG -- : -------> building new state...
D, [2018-03-31T10:58:24.864794 #12047] DEBUG -- : -------> building selection...
D, [2018-03-31T10:58:24.865124 #12047] DEBUG -- : -------> building new state...
D, [2018-03-31T10:58:24.865230 #12047] DEBUG -- : -------> building new state...
D, [2018-03-31T10:58:24.865424 #12047] DEBUG -- : -------> building selection...
D, [2018-03-31T10:58:24.865770 #12047] DEBUG -- : -------> building new state...
D, [2018-03-31T10:58:24.865872 #12047] DEBUG -- : -------> building new state...
D, [2018-03-31T10:58:24.866054 #12047] DEBUG -- : -------> building selection...
D, [2018-03-31T10:58:24.866393 #12047] DEBUG -- : -------> building new state...
D, [2018-03-31T10:58:24.866499 #12047] DEBUG -- : -------> building new state...
D, [2018-03-31T10:58:24.866681 #12047] DEBUG -- : scoring weighed rated selections...
D, [2018-03-31T10:58:24.866746 #12047] DEBUG -- : Saving scored selections...
D, [2018-03-31T10:58:24.873287 #12047] DEBUG -- : State Score successfully calculated


D, [2018-03-31T10:58:24.873368 #12047] DEBUG -- : Scoring new state: {:rating=>37, :state=>{:unknown=>0, :possibly_lighter=>1, :possibly_heavier=>0, :normal=>7}}
D, [2018-03-31T10:58:24.873394 #12047] DEBUG -- : State Score successfully calculated


D, [2018-03-31T10:58:24.873429 #12047] DEBUG -- : Scoring new state: {:rating=>31, :state=>{:unknown=>0, :possibly_lighter=>2, :possibly_heavier=>1, :normal=>5}}
D, [2018-03-31T10:58:24.876199 #12047] DEBUG -- : calculating updated score for older state...
D, [2018-03-31T10:58:24.880799 #12047] DEBUG -- : generating weighed rated selections...
D, [2018-03-31T10:58:25.089132 #12047] DEBUG -- : scoring weighed rated selections...
D, [2018-03-31T10:58:25.089301 #12047] DEBUG -- : Saving scored selections...
D, [2018-03-31T10:58:25.096771 #12047] DEBUG -- : State Score successfully calculated


D, [2018-03-31T10:58:25.096873 #12047] DEBUG -- : Scoring new state: {:rating=>37, :state=>{:unknown=>0, :possibly_lighter=>1, :possibly_heavier=>0, :normal=>7}}
D, [2018-03-31T10:58:25.096900 #12047] DEBUG -- : State Score successfully calculated


D, [2018-03-31T10:58:25.096938 #12047] DEBUG -- : Scoring new state: {:rating=>31, :state=>{:unknown=>0, :possibly_lighter=>2, :possibly_heavier=>1, :normal=>5}}
D, [2018-03-31T10:58:25.099569 #12047] DEBUG -- : calculating updated score for older state...
D, [2018-03-31T10:58:25.103243 #12047] DEBUG -- : generating weighed rated selections...
D, [2018-03-31T10:58:25.104312 #12047] DEBUG -- : -------> building selection...
D, [2018-03-31T10:58:25.105236 #12047] DEBUG -- : -------> building new state...
D, [2018-03-31T10:58:25.105493 #12047] DEBUG -- : -------> building new state...
D, [2018-03-31T10:58:25.105732 #12047] DEBUG -- : -------> building selection...
D, [2018-03-31T10:58:25.106068 #12047] DEBUG -- : -------> building new state...
D, [2018-03-31T10:58:25.106170 #12047] DEBUG -- : -------> building new state...
D, [2018-03-31T10:58:25.106395 #12047] DEBUG -- : -------> building selection...
D, [2018-03-31T10:58:25.106718 #12047] DEBUG -- : -------> building new state...
D, [2018-03-31T10:58:25.106824 #12047] DEBUG -- : -------> building new state...
D, [2018-03-31T10:58:25.107017 #12047] DEBUG -- : -------> building selection...
D, [2018-03-31T10:58:25.107342 #12047] DEBUG -- : -------> building new state...
D, [2018-03-31T10:58:25.107443 #12047] DEBUG -- : -------> building new state...
D, [2018-03-31T10:58:25.107657 #12047] DEBUG -- : -------> building selection...
D, [2018-03-31T10:58:25.107980 #12047] DEBUG -- : -------> building new state...
D, [2018-03-31T10:58:25.108084 #12047] DEBUG -- : -------> building new state...
D, [2018-03-31T10:58:25.108268 #12047] DEBUG -- : -------> building selection...
D, [2018-03-31T10:58:25.108783 #12047] DEBUG -- : -------> building new state...
D, [2018-03-31T10:58:25.108968 #12047] DEBUG -- : -------> building new state...
D, [2018-03-31T10:58:25.109247 #12047] DEBUG -- : -------> building selection...
D, [2018-03-31T10:58:25.109603 #12047] DEBUG -- : -------> building new state...
D, [2018-03-31T10:58:25.109710 #12047] DEBUG -- : -------> building new state...
D, [2018-03-31T10:58:25.109907 #12047] DEBUG -- : -------> building selection...
D, [2018-03-31T10:58:25.110316 #12047] DEBUG -- : -------> building new state...
D, [2018-03-31T10:58:25.110514 #12047] DEBUG -- : -------> building new state...
D, [2018-03-31T10:58:25.110723 #12047] DEBUG -- : -------> building selection...
D, [2018-03-31T10:58:25.111124 #12047] DEBUG -- : -------> building new state...
D, [2018-03-31T10:58:25.111319 #12047] DEBUG -- : -------> building new state...
D, [2018-03-31T10:58:25.113514 #12047] DEBUG -- : -------> building selection...
D, [2018-03-31T10:58:25.113993 #12047] DEBUG -- : -------> building new state...
D, [2018-03-31T10:58:25.114122 #12047] DEBUG -- : -------> building new state...
D, [2018-03-31T10:58:25.114318 #12047] DEBUG -- : -------> building selection...
D, [2018-03-31T10:58:25.114647 #12047] DEBUG -- : -------> building new state...
D, [2018-03-31T10:58:25.114750 #12047] DEBUG -- : -------> building new state...
D, [2018-03-31T10:58:25.115001 #12047] DEBUG -- : -------> building selection...
D, [2018-03-31T10:58:25.115465 #12047] DEBUG -- : -------> building new state...
D, [2018-03-31T10:58:25.115582 #12047] DEBUG -- : -------> building new state...
D, [2018-03-31T10:58:25.115767 #12047] DEBUG -- : -------> building selection...
D, [2018-03-31T10:58:25.116120 #12047] DEBUG -- : -------> building new state...
D, [2018-03-31T10:58:25.116222 #12047] DEBUG -- : -------> building new state...
D, [2018-03-31T10:58:25.116481 #12047] DEBUG -- : -------> building selection...
D, [2018-03-31T10:58:25.117093 #12047] DEBUG -- : -------> building new state...
D, [2018-03-31T10:58:25.117204 #12047] DEBUG -- : -------> building new state...
D, [2018-03-31T10:58:25.117391 #12047] DEBUG -- : -------> building selection...
D, [2018-03-31T10:58:25.117795 #12047] DEBUG -- : -------> building new state...
D, [2018-03-31T10:58:25.117996 #12047] DEBUG -- : -------> building new state...
D, [2018-03-31T10:58:25.118203 #12047] DEBUG -- : -------> building selection...
D, [2018-03-31T10:58:25.118560 #12047] DEBUG -- : -------> building new state...
D, [2018-03-31T10:58:25.118661 #12047] DEBUG -- : -------> building new state...
D, [2018-03-31T10:58:25.118867 #12047] DEBUG -- : -------> building selection...
D, [2018-03-31T10:58:25.119229 #12047] DEBUG -- : -------> building new state...
D, [2018-03-31T10:58:25.119331 #12047] DEBUG -- : -------> building new state...
D, [2018-03-31T10:58:25.119516 #12047] DEBUG -- : -------> building selection...
D, [2018-03-31T10:58:25.119864 #12047] DEBUG -- : -------> building new state...
D, [2018-03-31T10:58:25.119962 #12047] DEBUG -- : -------> building new state...
D, [2018-03-31T10:58:25.120172 #12047] DEBUG -- : -------> building selection...
D, [2018-03-31T10:58:25.120487 #12047] DEBUG -- : -------> building new state...
D, [2018-03-31T10:58:25.120586 #12047] DEBUG -- : -------> building new state...
D, [2018-03-31T10:58:25.120766 #12047] DEBUG -- : -------> building selection...
D, [2018-03-31T10:58:25.121118 #12047] DEBUG -- : -------> building new state...
D, [2018-03-31T10:58:25.121217 #12047] DEBUG -- : -------> building new state...
D, [2018-03-31T10:58:25.121398 #12047] DEBUG -- : -------> building selection...
D, [2018-03-31T10:58:25.121715 #12047] DEBUG -- : -------> building new state...
D, [2018-03-31T10:58:25.121813 #12047] DEBUG -- : -------> building new state...
D, [2018-03-31T10:58:25.122031 #12047] DEBUG -- : -------> building selection...
D, [2018-03-31T10:58:25.122348 #12047] DEBUG -- : -------> building new state...
D, [2018-03-31T10:58:25.122444 #12047] DEBUG -- : -------> building new state...
D, [2018-03-31T10:58:25.122628 #12047] DEBUG -- : -------> building selection...
D, [2018-03-31T10:58:25.122965 #12047] DEBUG -- : -------> building new state...
D, [2018-03-31T10:58:25.123066 #12047] DEBUG -- : -------> building new state...
D, [2018-03-31T10:58:25.123306 #12047] DEBUG -- : -------> building selection...
D, [2018-03-31T10:58:25.123626 #12047] DEBUG -- : -------> building new state...
D, [2018-03-31T10:58:25.123727 #12047] DEBUG -- : -------> building new state...
D, [2018-03-31T10:58:25.123910 #12047] DEBUG -- : -------> building selection...
D, [2018-03-31T10:58:25.124226 #12047] DEBUG -- : -------> building new state...
D, [2018-03-31T10:58:25.124344 #12047] DEBUG -- : -------> building new state...
D, [2018-03-31T10:58:25.124558 #12047] DEBUG -- : -------> building selection...
D, [2018-03-31T10:58:25.124983 #12047] DEBUG -- : -------> building new state...
D, [2018-03-31T10:58:25.125200 #12047] DEBUG -- : -------> building new state...
D, [2018-03-31T10:58:25.125419 #12047] DEBUG -- : -------> building selection...
D, [2018-03-31T10:58:25.125764 #12047] DEBUG -- : -------> building new state...
D, [2018-03-31T10:58:25.125890 #12047] DEBUG -- : -------> building new state...
D, [2018-03-31T10:58:25.126097 #12047] DEBUG -- : -------> building selection...
D, [2018-03-31T10:58:25.126433 #12047] DEBUG -- : -------> building new state...
D, [2018-03-31T10:58:25.126571 #12047] DEBUG -- : -------> building new state...
D, [2018-03-31T10:58:25.126791 #12047] DEBUG -- : -------> building selection...
D, [2018-03-31T10:58:25.127142 #12047] DEBUG -- : -------> building new state...
D, [2018-03-31T10:58:25.127252 #12047] DEBUG -- : -------> building new state...
D, [2018-03-31T10:58:25.127451 #12047] DEBUG -- : -------> building selection...
D, [2018-03-31T10:58:25.127804 #12047] DEBUG -- : -------> building new state...
D, [2018-03-31T10:58:25.127922 #12047] DEBUG -- : -------> building new state...
D, [2018-03-31T10:58:25.128106 #12047] DEBUG -- : -------> building selection...
D, [2018-03-31T10:58:25.128429 #12047] DEBUG -- : -------> building new state...
D, [2018-03-31T10:58:25.128531 #12047] DEBUG -- : -------> building new state...
D, [2018-03-31T10:58:25.128713 #12047] DEBUG -- : -------> building selection...
D, [2018-03-31T10:58:25.129064 #12047] DEBUG -- : -------> building new state...
D, [2018-03-31T10:58:25.129164 #12047] DEBUG -- : -------> building new state...
D, [2018-03-31T10:58:25.129347 #12047] DEBUG -- : -------> building selection...
D, [2018-03-31T10:58:25.129660 #12047] DEBUG -- : -------> building new state...
D, [2018-03-31T10:58:25.129762 #12047] DEBUG -- : -------> building new state...
D, [2018-03-31T10:58:25.129950 #12047] DEBUG -- : -------> building selection...
D, [2018-03-31T10:58:25.130302 #12047] DEBUG -- : -------> building new state...
D, [2018-03-31T10:58:25.130401 #12047] DEBUG -- : -------> building new state...
D, [2018-03-31T10:58:25.130590 #12047] DEBUG -- : -------> building selection...
D, [2018-03-31T10:58:25.130945 #12047] DEBUG -- : -------> building new state...
D, [2018-03-31T10:58:25.131049 #12047] DEBUG -- : -------> building new state...
D, [2018-03-31T10:58:25.131239 #12047] DEBUG -- : -------> building selection...
D, [2018-03-31T10:58:25.131597 #12047] DEBUG -- : -------> building new state...
D, [2018-03-31T10:58:25.131700 #12047] DEBUG -- : -------> building new state...
D, [2018-03-31T10:58:25.131884 #12047] DEBUG -- : -------> building selection...
D, [2018-03-31T10:58:25.132208 #12047] DEBUG -- : -------> building new state...
D, [2018-03-31T10:58:25.132309 #12047] DEBUG -- : -------> building new state...
D, [2018-03-31T10:58:25.132809 #12047] DEBUG -- : -------> building selection...
D, [2018-03-31T10:58:25.133207 #12047] DEBUG -- : -------> building new state...
D, [2018-03-31T10:58:25.133322 #12047] DEBUG -- : -------> building new state...
D, [2018-03-31T10:58:25.133522 #12047] DEBUG -- : -------> building selection...
D, [2018-03-31T10:58:25.133870 #12047] DEBUG -- : -------> building new state...
D, [2018-03-31T10:58:25.133983 #12047] DEBUG -- : -------> building new state...
D, [2018-03-31T10:58:25.134228 #12047] DEBUG -- : scoring weighed rated selections...
D, [2018-03-31T10:58:25.134311 #12047] DEBUG -- : Saving scored selections...
D, [2018-03-31T10:58:25.141760 #12047] DEBUG -- : State Score successfully calculated


D, [2018-03-31T10:58:25.141848 #12047] DEBUG -- : Scoring new state: {:rating=>37, :state=>{:unknown=>0, :possibly_lighter=>1, :possibly_heavier=>0, :normal=>7}}
D, [2018-03-31T10:58:25.141875 #12047] DEBUG -- : State Score successfully calculated


D, [2018-03-31T10:58:25.141913 #12047] DEBUG -- : Scoring new state: {:rating=>37, :state=>{:unknown=>0, :possibly_lighter=>0, :possibly_heavier=>1, :normal=>7}}
D, [2018-03-31T10:58:25.141934 #12047] DEBUG -- : State Score successfully calculated


D, [2018-03-31T10:58:25.141961 #12047] DEBUG -- : Scoring new state: {:rating=>31, :state=>{:unknown=>0, :possibly_lighter=>3, :possibly_heavier=>0, :normal=>5}}
D, [2018-03-31T10:58:25.144663 #12047] DEBUG -- : calculating updated score for older state...
D, [2018-03-31T10:58:25.148299 #12047] DEBUG -- : generating weighed rated selections...
D, [2018-03-31T10:58:25.241166 #12047] DEBUG -- : scoring weighed rated selections...
D, [2018-03-31T10:58:25.241282 #12047] DEBUG -- : Saving scored selections...
D, [2018-03-31T10:58:25.245463 #12047] DEBUG -- : State Score successfully calculated


D, [2018-03-31T10:58:25.245596 #12047] DEBUG -- : Scoring new state: {:rating=>31, :state=>{:unknown=>0, :possibly_lighter=>2, :possibly_heavier=>1, :normal=>5}}
D, [2018-03-31T10:58:25.248097 #12047] DEBUG -- : calculating updated score for older state...
D, [2018-03-31T10:58:25.251520 #12047] DEBUG -- : generating weighed rated selections...
D, [2018-03-31T10:58:25.252619 #12047] DEBUG -- : -------> building selection...
D, [2018-03-31T10:58:25.253504 #12047] DEBUG -- : -------> building new state...
D, [2018-03-31T10:58:25.253870 #12047] DEBUG -- : -------> building new state...
D, [2018-03-31T10:58:25.254108 #12047] DEBUG -- : -------> building selection...
D, [2018-03-31T10:58:25.254499 #12047] DEBUG -- : -------> building new state...
D, [2018-03-31T10:58:25.254605 #12047] DEBUG -- : -------> building new state...
D, [2018-03-31T10:58:25.254798 #12047] DEBUG -- : -------> building selection...
D, [2018-03-31T10:58:25.255142 #12047] DEBUG -- : -------> building new state...
D, [2018-03-31T10:58:25.255243 #12047] DEBUG -- : -------> building new state...
D, [2018-03-31T10:58:25.255434 #12047] DEBUG -- : -------> building selection...
D, [2018-03-31T10:58:25.255791 #12047] DEBUG -- : -------> building new state...
D, [2018-03-31T10:58:25.255895 #12047] DEBUG -- : -------> building new state...
D, [2018-03-31T10:58:25.256093 #12047] DEBUG -- : -------> building selection...
D, [2018-03-31T10:58:25.256417 #12047] DEBUG -- : -------> building new state...
D, [2018-03-31T10:58:25.256518 #12047] DEBUG -- : -------> building new state...
D, [2018-03-31T10:58:25.256739 #12047] DEBUG -- : -------> building selection...
D, [2018-03-31T10:58:25.257075 #12047] DEBUG -- : -------> building new state...
D, [2018-03-31T10:58:25.257177 #12047] DEBUG -- : -------> building new state...
D, [2018-03-31T10:58:25.257363 #12047] DEBUG -- : -------> building selection...
D, [2018-03-31T10:58:25.257726 #12047] DEBUG -- : -------> building new state...
D, [2018-03-31T10:58:25.257962 #12047] DEBUG -- : -------> building new state...
D, [2018-03-31T10:58:25.258182 #12047] DEBUG -- : -------> building selection...
D, [2018-03-31T10:58:25.258526 #12047] DEBUG -- : -------> building new state...
D, [2018-03-31T10:58:25.258628 #12047] DEBUG -- : -------> building new state...
D, [2018-03-31T10:58:25.258831 #12047] DEBUG -- : -------> building selection...
D, [2018-03-31T10:58:25.259202 #12047] DEBUG -- : -------> building new state...
D, [2018-03-31T10:58:25.259305 #12047] DEBUG -- : -------> building new state...
D, [2018-03-31T10:58:25.259495 #12047] DEBUG -- : -------> building selection...
D, [2018-03-31T10:58:25.259831 #12047] DEBUG -- : -------> building new state...
D, [2018-03-31T10:58:25.259932 #12047] DEBUG -- : -------> building new state...
D, [2018-03-31T10:58:25.260119 #12047] DEBUG -- : -------> building selection...
D, [2018-03-31T10:58:25.260472 #12047] DEBUG -- : -------> building new state...
D, [2018-03-31T10:58:25.260577 #12047] DEBUG -- : -------> building new state...
D, [2018-03-31T10:58:25.260777 #12047] DEBUG -- : -------> building selection...
D, [2018-03-31T10:58:25.261100 #12047] DEBUG -- : -------> building new state...
D, [2018-03-31T10:58:25.261231 #12047] DEBUG -- : -------> building new state...
D, [2018-03-31T10:58:25.261438 #12047] DEBUG -- : -------> building selection...
D, [2018-03-31T10:58:25.261762 #12047] DEBUG -- : -------> building new state...
D, [2018-03-31T10:58:25.261862 #12047] DEBUG -- : -------> building new state...
D, [2018-03-31T10:58:25.262047 #12047] DEBUG -- : -------> building selection...
D, [2018-03-31T10:58:25.262398 #12047] DEBUG -- : -------> building new state...
D, [2018-03-31T10:58:25.262498 #12047] DEBUG -- : -------> building new state...
D, [2018-03-31T10:58:25.262688 #12047] DEBUG -- : -------> building selection...
D, [2018-03-31T10:58:25.263042 #12047] DEBUG -- : -------> building new state...
D, [2018-03-31T10:58:25.263185 #12047] DEBUG -- : -------> building new state...
D, [2018-03-31T10:58:25.263379 #12047] DEBUG -- : -------> building selection...
D, [2018-03-31T10:58:25.263733 #12047] DEBUG -- : -------> building new state...
D, [2018-03-31T10:58:25.263834 #12047] DEBUG -- : -------> building new state...
D, [2018-03-31T10:58:25.264022 #12047] DEBUG -- : -------> building selection...
D, [2018-03-31T10:58:25.264348 #12047] DEBUG -- : -------> building new state...
D, [2018-03-31T10:58:25.264485 #12047] DEBUG -- : -------> building new state...
D, [2018-03-31T10:58:25.264671 #12047] DEBUG -- : -------> building selection...
D, [2018-03-31T10:58:25.264997 #12047] DEBUG -- : -------> building new state...
D, [2018-03-31T10:58:25.265097 #12047] DEBUG -- : -------> building new state...
D, [2018-03-31T10:58:25.265284 #12047] DEBUG -- : -------> building selection...
D, [2018-03-31T10:58:25.266999 #12047] DEBUG -- : -------> building new state...
D, [2018-03-31T10:58:25.267186 #12047] DEBUG -- : -------> building new state...
D, [2018-03-31T10:58:25.267478 #12047] DEBUG -- : -------> building selection...
D, [2018-03-31T10:58:25.267938 #12047] DEBUG -- : -------> building new state...
D, [2018-03-31T10:58:25.268046 #12047] DEBUG -- : -------> building new state...
D, [2018-03-31T10:58:25.268294 #12047] DEBUG -- : -------> building selection...
D, [2018-03-31T10:58:25.268720 #12047] DEBUG -- : -------> building new state...
D, [2018-03-31T10:58:25.268867 #12047] DEBUG -- : -------> building new state...
D, [2018-03-31T10:58:25.269365 #12047] DEBUG -- : -------> building selection...
D, [2018-03-31T10:58:25.269761 #12047] DEBUG -- : -------> building new state...
D, [2018-03-31T10:58:25.269904 #12047] DEBUG -- : -------> building new state...
D, [2018-03-31T10:58:25.270264 #12047] DEBUG -- : -------> building selection...
D, [2018-03-31T10:58:25.270628 #12047] DEBUG -- : -------> building new state...
D, [2018-03-31T10:58:25.270738 #12047] DEBUG -- : -------> building new state...
D, [2018-03-31T10:58:25.270958 #12047] DEBUG -- : -------> building selection...
D, [2018-03-31T10:58:25.271293 #12047] DEBUG -- : -------> building new state...
D, [2018-03-31T10:58:25.271436 #12047] DEBUG -- : -------> building new state...
D, [2018-03-31T10:58:25.271637 #12047] DEBUG -- : -------> building selection...
D, [2018-03-31T10:58:25.271967 #12047] DEBUG -- : -------> building new state...
D, [2018-03-31T10:58:25.272074 #12047] DEBUG -- : -------> building new state...
D, [2018-03-31T10:58:25.272270 #12047] DEBUG -- : -------> building selection...
D, [2018-03-31T10:58:25.272633 #12047] DEBUG -- : -------> building new state...
D, [2018-03-31T10:58:25.272742 #12047] DEBUG -- : -------> building new state...
D, [2018-03-31T10:58:25.272937 #12047] DEBUG -- : -------> building selection...
D, [2018-03-31T10:58:25.273266 #12047] DEBUG -- : -------> building new state...
D, [2018-03-31T10:58:25.273372 #12047] DEBUG -- : -------> building new state...
D, [2018-03-31T10:58:25.273566 #12047] DEBUG -- : -------> building selection...
D, [2018-03-31T10:58:25.273927 #12047] DEBUG -- : -------> building new state...
D, [2018-03-31T10:58:25.274048 #12047] DEBUG -- : -------> building new state...
D, [2018-03-31T10:58:25.274243 #12047] DEBUG -- : -------> building selection...
D, [2018-03-31T10:58:25.274581 #12047] DEBUG -- : -------> building new state...
D, [2018-03-31T10:58:25.274687 #12047] DEBUG -- : -------> building new state...
D, [2018-03-31T10:58:25.274901 #12047] DEBUG -- : -------> building selection...
D, [2018-03-31T10:58:25.275272 #12047] DEBUG -- : -------> building new state...
D, [2018-03-31T10:58:25.275432 #12047] DEBUG -- : -------> building new state...
D, [2018-03-31T10:58:25.275626 #12047] DEBUG -- : -------> building selection...
D, [2018-03-31T10:58:25.275974 #12047] DEBUG -- : -------> building new state...
D, [2018-03-31T10:58:25.276073 #12047] DEBUG -- : -------> building new state...
D, [2018-03-31T10:58:25.276261 #12047] DEBUG -- : -------> building selection...
D, [2018-03-31T10:58:25.276596 #12047] DEBUG -- : -------> building new state...
D, [2018-03-31T10:58:25.276695 #12047] DEBUG -- : -------> building new state...
D, [2018-03-31T10:58:25.276880 #12047] DEBUG -- : -------> building selection...
D, [2018-03-31T10:58:25.277213 #12047] DEBUG -- : -------> building new state...
D, [2018-03-31T10:58:25.277444 #12047] DEBUG -- : -------> building new state...
D, [2018-03-31T10:58:25.277729 #12047] DEBUG -- : -------> building selection...
D, [2018-03-31T10:58:25.278081 #12047] DEBUG -- : -------> building new state...
D, [2018-03-31T10:58:25.278182 #12047] DEBUG -- : -------> building new state...
D, [2018-03-31T10:58:25.278391 #12047] DEBUG -- : -------> building selection...
D, [2018-03-31T10:58:25.278716 #12047] DEBUG -- : -------> building new state...
D, [2018-03-31T10:58:25.278836 #12047] DEBUG -- : -------> building new state...
D, [2018-03-31T10:58:25.279049 #12047] DEBUG -- : -------> building selection...
D, [2018-03-31T10:58:25.279370 #12047] DEBUG -- : -------> building new state...
D, [2018-03-31T10:58:25.279483 #12047] DEBUG -- : -------> building new state...
D, [2018-03-31T10:58:25.279671 #12047] DEBUG -- : -------> building selection...
D, [2018-03-31T10:58:25.280013 #12047] DEBUG -- : -------> building new state...
D, [2018-03-31T10:58:25.280112 #12047] DEBUG -- : -------> building new state...
D, [2018-03-31T10:58:25.280300 #12047] DEBUG -- : -------> building selection...
D, [2018-03-31T10:58:25.280632 #12047] DEBUG -- : -------> building new state...
D, [2018-03-31T10:58:25.280744 #12047] DEBUG -- : -------> building new state...
D, [2018-03-31T10:58:25.280931 #12047] DEBUG -- : -------> building selection...
D, [2018-03-31T10:58:25.281265 #12047] DEBUG -- : -------> building new state...
D, [2018-03-31T10:58:25.281364 #12047] DEBUG -- : -------> building new state...
D, [2018-03-31T10:58:25.281588 #12047] DEBUG -- : scoring weighed rated selections...
D, [2018-03-31T10:58:25.281671 #12047] DEBUG -- : Saving scored selections...
D, [2018-03-31T10:58:25.295623 #12047] DEBUG -- : State Score successfully calculated


D, [2018-03-31T10:58:25.295746 #12047] DEBUG -- : Scoring new state: {:rating=>37, :state=>{:unknown=>0, :possibly_lighter=>1, :possibly_heavier=>0, :normal=>7}}
D, [2018-03-31T10:58:25.295782 #12047] DEBUG -- : State Score successfully calculated


D, [2018-03-31T10:58:25.295857 #12047] DEBUG -- : Scoring new state: {:rating=>31, :state=>{:unknown=>0, :possibly_lighter=>2, :possibly_heavier=>1, :normal=>5}}
D, [2018-03-31T10:58:25.299579 #12047] DEBUG -- : calculating updated score for older state...
D, [2018-03-31T10:58:25.304111 #12047] DEBUG -- : generating weighed rated selections...
D, [2018-03-31T10:58:25.305297 #12047] DEBUG -- : -------> building selection...
D, [2018-03-31T10:58:25.306205 #12047] DEBUG -- : -------> building new state...
D, [2018-03-31T10:58:25.306494 #12047] DEBUG -- : -------> building new state...
D, [2018-03-31T10:58:25.306863 #12047] DEBUG -- : -------> building selection...
D, [2018-03-31T10:58:25.307252 #12047] DEBUG -- : -------> building new state...
D, [2018-03-31T10:58:25.307368 #12047] DEBUG -- : -------> building new state...
D, [2018-03-31T10:58:25.307606 #12047] DEBUG -- : -------> building selection...
D, [2018-03-31T10:58:25.307954 #12047] DEBUG -- : -------> building new state...
D, [2018-03-31T10:58:25.308082 #12047] DEBUG -- : -------> building new state...
D, [2018-03-31T10:58:25.310965 #12047] DEBUG -- : -------> building selection...
D, [2018-03-31T10:58:25.313449 #12047] DEBUG -- : -------> building new state...
D, [2018-03-31T10:58:25.313678 #12047] DEBUG -- : -------> building new state...
D, [2018-03-31T10:58:25.313933 #12047] DEBUG -- : -------> building selection...
D, [2018-03-31T10:58:25.314544 #12047] DEBUG -- : -------> building new state...
D, [2018-03-31T10:58:25.314833 #12047] DEBUG -- : -------> building new state...
D, [2018-03-31T10:58:25.315090 #12047] DEBUG -- : -------> building selection...
D, [2018-03-31T10:58:25.316467 #12047] DEBUG -- : -------> building new state...
D, [2018-03-31T10:58:25.317463 #12047] DEBUG -- : -------> building new state...
D, [2018-03-31T10:58:25.317806 #12047] DEBUG -- : -------> building selection...
D, [2018-03-31T10:58:25.318472 #12047] DEBUG -- : -------> building new state...
D, [2018-03-31T10:58:25.318663 #12047] DEBUG -- : -------> building new state...
D, [2018-03-31T10:58:25.319090 #12047] DEBUG -- : -------> building selection...
D, [2018-03-31T10:58:25.319854 #12047] DEBUG -- : -------> building new state...
D, [2018-03-31T10:58:25.319998 #12047] DEBUG -- : -------> building new state...
D, [2018-03-31T10:58:25.320487 #12047] DEBUG -- : -------> building selection...
D, [2018-03-31T10:58:25.321207 #12047] DEBUG -- : -------> building new state...
D, [2018-03-31T10:58:25.321376 #12047] DEBUG -- : -------> building new state...
D, [2018-03-31T10:58:25.321659 #12047] DEBUG -- : -------> building selection...
D, [2018-03-31T10:58:25.322042 #12047] DEBUG -- : -------> building new state...
D, [2018-03-31T10:58:25.322159 #12047] DEBUG -- : -------> building new state...
D, [2018-03-31T10:58:25.322382 #12047] DEBUG -- : -------> building selection...
D, [2018-03-31T10:58:25.322763 #12047] DEBUG -- : -------> building new state...
D, [2018-03-31T10:58:25.322976 #12047] DEBUG -- : -------> building new state...
D, [2018-03-31T10:58:25.323182 #12047] DEBUG -- : -------> building selection...
D, [2018-03-31T10:58:25.323533 #12047] DEBUG -- : -------> building new state...
D, [2018-03-31T10:58:25.323634 #12047] DEBUG -- : -------> building new state...
D, [2018-03-31T10:58:25.323831 #12047] DEBUG -- : -------> building selection...
D, [2018-03-31T10:58:25.324172 #12047] DEBUG -- : -------> building new state...
D, [2018-03-31T10:58:25.324285 #12047] DEBUG -- : -------> building new state...
D, [2018-03-31T10:58:25.324472 #12047] DEBUG -- : -------> building selection...
D, [2018-03-31T10:58:25.324867 #12047] DEBUG -- : -------> building new state...
D, [2018-03-31T10:58:25.324986 #12047] DEBUG -- : -------> building new state...
D, [2018-03-31T10:58:25.325185 #12047] DEBUG -- : -------> building selection...
D, [2018-03-31T10:58:25.325527 #12047] DEBUG -- : -------> building new state...
D, [2018-03-31T10:58:25.325625 #12047] DEBUG -- : -------> building new state...
D, [2018-03-31T10:58:25.325812 #12047] DEBUG -- : -------> building selection...
D, [2018-03-31T10:58:25.326153 #12047] DEBUG -- : -------> building new state...
D, [2018-03-31T10:58:25.326252 #12047] DEBUG -- : -------> building new state...
D, [2018-03-31T10:58:25.326510 #12047] DEBUG -- : -------> building selection...
D, [2018-03-31T10:58:25.326875 #12047] DEBUG -- : -------> building new state...
D, [2018-03-31T10:58:25.326982 #12047] DEBUG -- : -------> building new state...
D, [2018-03-31T10:58:25.327169 #12047] DEBUG -- : -------> building selection...
D, [2018-03-31T10:58:25.327527 #12047] DEBUG -- : -------> building new state...
D, [2018-03-31T10:58:25.327647 #12047] DEBUG -- : -------> building new state...
D, [2018-03-31T10:58:25.328844 #12047] DEBUG -- : -------> building selection...
D, [2018-03-31T10:58:25.329347 #12047] DEBUG -- : -------> building new state...
D, [2018-03-31T10:58:25.329473 #12047] DEBUG -- : -------> building new state...
D, [2018-03-31T10:58:25.329711 #12047] DEBUG -- : -------> building selection...
D, [2018-03-31T10:58:25.330143 #12047] DEBUG -- : -------> building new state...
D, [2018-03-31T10:58:25.330260 #12047] DEBUG -- : -------> building new state...
D, [2018-03-31T10:58:25.330457 #12047] DEBUG -- : -------> building selection...
D, [2018-03-31T10:58:25.330798 #12047] DEBUG -- : -------> building new state...
D, [2018-03-31T10:58:25.330942 #12047] DEBUG -- : -------> building new state...
D, [2018-03-31T10:58:25.331155 #12047] DEBUG -- : -------> building selection...
D, [2018-03-31T10:58:25.331486 #12047] DEBUG -- : -------> building new state...
D, [2018-03-31T10:58:25.331584 #12047] DEBUG -- : -------> building new state...
D, [2018-03-31T10:58:25.331782 #12047] DEBUG -- : -------> building selection...
D, [2018-03-31T10:58:25.332115 #12047] DEBUG -- : -------> building new state...
D, [2018-03-31T10:58:25.332223 #12047] DEBUG -- : -------> building new state...
D, [2018-03-31T10:58:25.332412 #12047] DEBUG -- : -------> building selection...
D, [2018-03-31T10:58:25.332749 #12047] DEBUG -- : -------> building new state...
D, [2018-03-31T10:58:25.332850 #12047] DEBUG -- : -------> building new state...
D, [2018-03-31T10:58:25.333054 #12047] DEBUG -- : -------> building selection...
D, [2018-03-31T10:58:25.333385 #12047] DEBUG -- : -------> building new state...
D, [2018-03-31T10:58:25.333501 #12047] DEBUG -- : -------> building new state...
D, [2018-03-31T10:58:25.333693 #12047] DEBUG -- : -------> building selection...
D, [2018-03-31T10:58:25.334013 #12047] DEBUG -- : -------> building new state...
D, [2018-03-31T10:58:25.334122 #12047] DEBUG -- : -------> building new state...
D, [2018-03-31T10:58:25.334332 #12047] DEBUG -- : -------> building selection...
D, [2018-03-31T10:58:25.334672 #12047] DEBUG -- : -------> building new state...
D, [2018-03-31T10:58:25.337206 #12047] DEBUG -- : -------> building new state...
D, [2018-03-31T10:58:25.337603 #12047] DEBUG -- : -------> building selection...
D, [2018-03-31T10:58:25.338071 #12047] DEBUG -- : -------> building new state...
D, [2018-03-31T10:58:25.338269 #12047] DEBUG -- : -------> building new state...
D, [2018-03-31T10:58:25.338502 #12047] DEBUG -- : -------> building selection...
D, [2018-03-31T10:58:25.338889 #12047] DEBUG -- : -------> building new state...
D, [2018-03-31T10:58:25.339016 #12047] DEBUG -- : -------> building new state...
D, [2018-03-31T10:58:25.339237 #12047] DEBUG -- : -------> building selection...
D, [2018-03-31T10:58:25.339610 #12047] DEBUG -- : -------> building new state...
D, [2018-03-31T10:58:25.339728 #12047] DEBUG -- : -------> building new state...
D, [2018-03-31T10:58:25.339941 #12047] DEBUG -- : -------> building selection...
D, [2018-03-31T10:58:25.340309 #12047] DEBUG -- : -------> building new state...
D, [2018-03-31T10:58:25.340421 #12047] DEBUG -- : -------> building new state...
D, [2018-03-31T10:58:25.340642 #12047] DEBUG -- : -------> building selection...
D, [2018-03-31T10:58:25.340998 #12047] DEBUG -- : -------> building new state...
D, [2018-03-31T10:58:25.341162 #12047] DEBUG -- : -------> building new state...
D, [2018-03-31T10:58:25.341374 #12047] DEBUG -- : -------> building selection...
D, [2018-03-31T10:58:25.341737 #12047] DEBUG -- : -------> building new state...
D, [2018-03-31T10:58:25.341860 #12047] DEBUG -- : -------> building new state...
D, [2018-03-31T10:58:25.342078 #12047] DEBUG -- : -------> building selection...
D, [2018-03-31T10:58:25.342451 #12047] DEBUG -- : -------> building new state...
D, [2018-03-31T10:58:25.342575 #12047] DEBUG -- : -------> building new state...
D, [2018-03-31T10:58:25.342785 #12047] DEBUG -- : -------> building selection...
D, [2018-03-31T10:58:25.343416 #12047] DEBUG -- : -------> building new state...
D, [2018-03-31T10:58:25.343596 #12047] DEBUG -- : -------> building new state...
D, [2018-03-31T10:58:25.343889 #12047] DEBUG -- : -------> building selection...
D, [2018-03-31T10:58:25.344268 #12047] DEBUG -- : -------> building new state...
D, [2018-03-31T10:58:25.344412 #12047] DEBUG -- : -------> building new state...
D, [2018-03-31T10:58:25.344624 #12047] DEBUG -- : -------> building selection...
D, [2018-03-31T10:58:25.344996 #12047] DEBUG -- : -------> building new state...
D, [2018-03-31T10:58:25.345117 #12047] DEBUG -- : -------> building new state...
D, [2018-03-31T10:58:25.345339 #12047] DEBUG -- : -------> building selection...
D, [2018-03-31T10:58:25.347361 #12047] DEBUG -- : -------> building new state...
D, [2018-03-31T10:58:25.347575 #12047] DEBUG -- : -------> building new state...
D, [2018-03-31T10:58:25.348371 #12047] DEBUG -- : -------> building selection...
D, [2018-03-31T10:58:25.349440 #12047] DEBUG -- : -------> building new state...
D, [2018-03-31T10:58:25.349892 #12047] DEBUG -- : -------> building new state...
D, [2018-03-31T10:58:25.350453 #12047] DEBUG -- : scoring weighed rated selections...
D, [2018-03-31T10:58:25.350569 #12047] DEBUG -- : Saving scored selections...
D, [2018-03-31T10:58:25.358185 #12047] DEBUG -- : State Score successfully calculated


D, [2018-03-31T10:58:25.358298 #12047] DEBUG -- : Scoring new state: {:rating=>37, :state=>{:unknown=>0, :possibly_lighter=>1, :possibly_heavier=>0, :normal=>7}}
D, [2018-03-31T10:58:25.358327 #12047] DEBUG -- : State Score successfully calculated


D, [2018-03-31T10:58:25.358373 #12047] DEBUG -- : Scoring new state: {:rating=>37, :state=>{:unknown=>0, :possibly_lighter=>0, :possibly_heavier=>1, :normal=>7}}
D, [2018-03-31T10:58:25.358394 #12047] DEBUG -- : State Score successfully calculated


D, [2018-03-31T10:58:25.358422 #12047] DEBUG -- : Scoring new state: {:rating=>31, :state=>{:unknown=>0, :possibly_lighter=>3, :possibly_heavier=>0, :normal=>5}}
D, [2018-03-31T10:58:25.362026 #12047] DEBUG -- : calculating updated score for older state...
D, [2018-03-31T10:58:25.367232 #12047] DEBUG -- : generating weighed rated selections...
D, [2018-03-31T10:58:25.368597 #12047] DEBUG -- : -------> building selection...
D, [2018-03-31T10:58:25.369573 #12047] DEBUG -- : -------> building new state...
D, [2018-03-31T10:58:25.370053 #12047] DEBUG -- : -------> building selection...
D, [2018-03-31T10:58:25.370495 #12047] DEBUG -- : -------> building new state...
D, [2018-03-31T10:58:25.370721 #12047] DEBUG -- : -------> building selection...
D, [2018-03-31T10:58:25.371106 #12047] DEBUG -- : -------> building new state...
D, [2018-03-31T10:58:25.371331 #12047] DEBUG -- : -------> building selection...
D, [2018-03-31T10:58:25.371849 #12047] DEBUG -- : -------> building new state...
D, [2018-03-31T10:58:25.372020 #12047] DEBUG -- : -------> building new state...
D, [2018-03-31T10:58:25.372241 #12047] DEBUG -- : -------> building selection...
D, [2018-03-31T10:58:25.372605 #12047] DEBUG -- : -------> building new state...
D, [2018-03-31T10:58:25.372735 #12047] DEBUG -- : -------> building new state...
D, [2018-03-31T10:58:25.372978 #12047] DEBUG -- : -------> building selection...
D, [2018-03-31T10:58:25.373335 #12047] DEBUG -- : -------> building new state...
D, [2018-03-31T10:58:25.373448 #12047] DEBUG -- : -------> building new state...
D, [2018-03-31T10:58:25.373658 #12047] DEBUG -- : -------> building selection...
D, [2018-03-31T10:58:25.374752 #12047] DEBUG -- : -------> building new state...
D, [2018-03-31T10:58:25.375058 #12047] DEBUG -- : -------> building new state...
D, [2018-03-31T10:58:25.375415 #12047] DEBUG -- : -------> building selection...
D, [2018-03-31T10:58:25.376102 #12047] DEBUG -- : -------> building new state...
D, [2018-03-31T10:58:25.376326 #12047] DEBUG -- : -------> building new state...
D, [2018-03-31T10:58:25.376981 #12047] DEBUG -- : -------> building selection...
D, [2018-03-31T10:58:25.378034 #12047] DEBUG -- : -------> building new state...
D, [2018-03-31T10:58:25.378355 #12047] DEBUG -- : -------> building new state...
D, [2018-03-31T10:58:25.378837 #12047] DEBUG -- : -------> building selection...
D, [2018-03-31T10:58:25.379614 #12047] DEBUG -- : -------> building new state...
D, [2018-03-31T10:58:25.379765 #12047] DEBUG -- : -------> building new state...
D, [2018-03-31T10:58:25.380015 #12047] DEBUG -- : -------> building selection...
D, [2018-03-31T10:58:25.380481 #12047] DEBUG -- : -------> building new state...
D, [2018-03-31T10:58:25.380815 #12047] DEBUG -- : -------> building new state...
D, [2018-03-31T10:58:25.381085 #12047] DEBUG -- : -------> building selection...
D, [2018-03-31T10:58:25.381428 #12047] DEBUG -- : -------> building new state...
D, [2018-03-31T10:58:25.381530 #12047] DEBUG -- : -------> building new state...
D, [2018-03-31T10:58:25.381761 #12047] DEBUG -- : -------> building selection...
D, [2018-03-31T10:58:25.382115 #12047] DEBUG -- : -------> building new state...
D, [2018-03-31T10:58:25.382221 #12047] DEBUG -- : -------> building new state...
D, [2018-03-31T10:58:25.382415 #12047] DEBUG -- : -------> building selection...
D, [2018-03-31T10:58:25.382871 #12047] DEBUG -- : -------> building new state...
D, [2018-03-31T10:58:25.382988 #12047] DEBUG -- : -------> building new state...
D, [2018-03-31T10:58:25.383203 #12047] DEBUG -- : -------> building selection...
D, [2018-03-31T10:58:25.383591 #12047] DEBUG -- : -------> building new state...
D, [2018-03-31T10:58:25.383767 #12047] DEBUG -- : -------> building new state...
D, [2018-03-31T10:58:25.383981 #12047] DEBUG -- : -------> building selection...
D, [2018-03-31T10:58:25.384403 #12047] DEBUG -- : -------> building new state...
D, [2018-03-31T10:58:25.384508 #12047] DEBUG -- : -------> building new state...
D, [2018-03-31T10:58:25.384698 #12047] DEBUG -- : -------> building selection...
D, [2018-03-31T10:58:25.385028 #12047] DEBUG -- : -------> building new state...
D, [2018-03-31T10:58:25.385180 #12047] DEBUG -- : -------> building new state...
D, [2018-03-31T10:58:25.385384 #12047] DEBUG -- : -------> building selection...
D, [2018-03-31T10:58:25.385747 #12047] DEBUG -- : -------> building new state...
D, [2018-03-31T10:58:25.385848 #12047] DEBUG -- : -------> building new state...
D, [2018-03-31T10:58:25.386095 #12047] DEBUG -- : -------> building selection...
D, [2018-03-31T10:58:25.386519 #12047] DEBUG -- : -------> building new state...
D, [2018-03-31T10:58:25.386642 #12047] DEBUG -- : -------> building new state...
D, [2018-03-31T10:58:25.386898 #12047] DEBUG -- : scoring weighed rated selections...
D, [2018-03-31T10:58:25.386982 #12047] DEBUG -- : Saving scored selections...
D, [2018-03-31T10:58:25.391136 #12047] DEBUG -- : State Score successfully calculated


D, [2018-03-31T10:58:25.391233 #12047] DEBUG -- : Scoring new state: {:rating=>37, :state=>{:unknown=>0, :possibly_lighter=>0, :possibly_heavier=>1, :normal=>7}}
D, [2018-03-31T10:58:25.391268 #12047] DEBUG -- : State Score successfully calculated


D, [2018-03-31T10:58:25.391306 #12047] DEBUG -- : Scoring new state: {:rating=>31, :state=>{:unknown=>0, :possibly_lighter=>3, :possibly_heavier=>0, :normal=>5}}
D, [2018-03-31T10:58:25.394166 #12047] DEBUG -- : calculating updated score for older state...
D, [2018-03-31T10:58:25.398135 #12047] DEBUG -- : generating weighed rated selections...
D, [2018-03-31T10:58:25.399358 #12047] DEBUG -- : -------> building selection...
D, [2018-03-31T10:58:25.400204 #12047] DEBUG -- : -------> building new state...
D, [2018-03-31T10:58:25.400723 #12047] DEBUG -- : -------> building selection...
D, [2018-03-31T10:58:25.401132 #12047] DEBUG -- : -------> building new state...
D, [2018-03-31T10:58:25.401340 #12047] DEBUG -- : -------> building selection...
D, [2018-03-31T10:58:25.401746 #12047] DEBUG -- : -------> building new state...
D, [2018-03-31T10:58:25.401942 #12047] DEBUG -- : -------> building selection...
D, [2018-03-31T10:58:25.402275 #12047] DEBUG -- : -------> building new state...
D, [2018-03-31T10:58:25.402379 #12047] DEBUG -- : -------> building new state...
D, [2018-03-31T10:58:25.402820 #12047] DEBUG -- : -------> building selection...
D, [2018-03-31T10:58:25.403251 #12047] DEBUG -- : -------> building new state...
D, [2018-03-31T10:58:25.403360 #12047] DEBUG -- : -------> building new state...
D, [2018-03-31T10:58:25.403601 #12047] DEBUG -- : -------> building selection...
D, [2018-03-31T10:58:25.403948 #12047] DEBUG -- : -------> building new state...
D, [2018-03-31T10:58:25.404064 #12047] DEBUG -- : -------> building new state...
D, [2018-03-31T10:58:25.404254 #12047] DEBUG -- : -------> building selection...
D, [2018-03-31T10:58:25.404585 #12047] DEBUG -- : -------> building new state...
D, [2018-03-31T10:58:25.404747 #12047] DEBUG -- : -------> building new state...
D, [2018-03-31T10:58:25.406957 #12047] DEBUG -- : -------> building selection...
D, [2018-03-31T10:58:25.407337 #12047] DEBUG -- : -------> building new state...
D, [2018-03-31T10:58:25.407444 #12047] DEBUG -- : -------> building new state...
D, [2018-03-31T10:58:25.407669 #12047] DEBUG -- : -------> building selection...
D, [2018-03-31T10:58:25.407995 #12047] DEBUG -- : -------> building new state...
D, [2018-03-31T10:58:25.408095 #12047] DEBUG -- : -------> building new state...
D, [2018-03-31T10:58:25.408283 #12047] DEBUG -- : -------> building selection...
D, [2018-03-31T10:58:25.408709 #12047] DEBUG -- : -------> building new state...
D, [2018-03-31T10:58:25.408894 #12047] DEBUG -- : -------> building new state...
D, [2018-03-31T10:58:25.409098 #12047] DEBUG -- : -------> building selection...
D, [2018-03-31T10:58:25.409425 #12047] DEBUG -- : -------> building new state...
D, [2018-03-31T10:58:25.409530 #12047] DEBUG -- : -------> building new state...
D, [2018-03-31T10:58:25.409795 #12047] DEBUG -- : -------> building selection...
D, [2018-03-31T10:58:25.410133 #12047] DEBUG -- : -------> building new state...
D, [2018-03-31T10:58:25.410266 #12047] DEBUG -- : -------> building new state...
D, [2018-03-31T10:58:25.410475 #12047] DEBUG -- : -------> building selection...
D, [2018-03-31T10:58:25.410799 #12047] DEBUG -- : -------> building new state...
D, [2018-03-31T10:58:25.410917 #12047] DEBUG -- : -------> building new state...
D, [2018-03-31T10:58:25.411178 #12047] DEBUG -- : -------> building selection...
D, [2018-03-31T10:58:25.411581 #12047] DEBUG -- : -------> building new state...
D, [2018-03-31T10:58:25.411696 #12047] DEBUG -- : -------> building new state...
D, [2018-03-31T10:58:25.411899 #12047] DEBUG -- : -------> building selection...
D, [2018-03-31T10:58:25.412246 #12047] DEBUG -- : -------> building new state...
D, [2018-03-31T10:58:25.412354 #12047] DEBUG -- : -------> building new state...
D, [2018-03-31T10:58:25.412553 #12047] DEBUG -- : -------> building selection...
D, [2018-03-31T10:58:25.412922 #12047] DEBUG -- : -------> building new state...
D, [2018-03-31T10:58:25.413034 #12047] DEBUG -- : -------> building new state...
D, [2018-03-31T10:58:25.413229 #12047] DEBUG -- : -------> building selection...
D, [2018-03-31T10:58:25.413565 #12047] DEBUG -- : -------> building new state...
D, [2018-03-31T10:58:25.413703 #12047] DEBUG -- : -------> building new state...
D, [2018-03-31T10:58:25.413903 #12047] DEBUG -- : -------> building selection...
D, [2018-03-31T10:58:25.414241 #12047] DEBUG -- : -------> building new state...
D, [2018-03-31T10:58:25.414352 #12047] DEBUG -- : -------> building new state...
D, [2018-03-31T10:58:25.414548 #12047] DEBUG -- : -------> building selection...
D, [2018-03-31T10:58:25.414947 #12047] DEBUG -- : -------> building new state...
D, [2018-03-31T10:58:25.415075 #12047] DEBUG -- : -------> building new state...
D, [2018-03-31T10:58:25.415276 #12047] DEBUG -- : scoring weighed rated selections...
D, [2018-03-31T10:58:25.415330 #12047] DEBUG -- : Saving scored selections...
D, [2018-03-31T10:58:25.419450 #12047] DEBUG -- : State Score successfully calculated


D, [2018-03-31T10:58:25.419530 #12047] DEBUG -- : Scoring new state: {:rating=>31, :state=>{:unknown=>0, :possibly_lighter=>2, :possibly_heavier=>1, :normal=>5}}
D, [2018-03-31T10:58:25.422208 #12047] DEBUG -- : calculating updated score for older state...
D, [2018-03-31T10:58:25.425748 #12047] DEBUG -- : generating weighed rated selections...
D, [2018-03-31T10:58:25.426790 #12047] DEBUG -- : -------> building selection...
D, [2018-03-31T10:58:25.427640 #12047] DEBUG -- : -------> building new state...
D, [2018-03-31T10:58:25.427905 #12047] DEBUG -- : -------> building new state...
D, [2018-03-31T10:58:25.428250 #12047] DEBUG -- : -------> building selection...
D, [2018-03-31T10:58:25.428634 #12047] DEBUG -- : -------> building new state...
D, [2018-03-31T10:58:25.428759 #12047] DEBUG -- : -------> building new state...
D, [2018-03-31T10:58:25.428953 #12047] DEBUG -- : -------> building selection...
D, [2018-03-31T10:58:25.429287 #12047] DEBUG -- : -------> building new state...
D, [2018-03-31T10:58:25.429388 #12047] DEBUG -- : -------> building new state...
D, [2018-03-31T10:58:25.429607 #12047] DEBUG -- : -------> building selection...
D, [2018-03-31T10:58:25.429929 #12047] DEBUG -- : -------> building new state...
D, [2018-03-31T10:58:25.430030 #12047] DEBUG -- : -------> building new state...
D, [2018-03-31T10:58:25.430219 #12047] DEBUG -- : -------> building selection...
D, [2018-03-31T10:58:25.430542 #12047] DEBUG -- : -------> building new state...
D, [2018-03-31T10:58:25.430666 #12047] DEBUG -- : -------> building new state...
D, [2018-03-31T10:58:25.430873 #12047] DEBUG -- : -------> building selection...
D, [2018-03-31T10:58:25.431204 #12047] DEBUG -- : -------> building new state...
D, [2018-03-31T10:58:25.431305 #12047] DEBUG -- : -------> building new state...
D, [2018-03-31T10:58:25.431530 #12047] DEBUG -- : -------> building selection...
D, [2018-03-31T10:58:25.431856 #12047] DEBUG -- : -------> building new state...
D, [2018-03-31T10:58:25.431957 #12047] DEBUG -- : -------> building new state...
D, [2018-03-31T10:58:25.432142 #12047] DEBUG -- : -------> building selection...
D, [2018-03-31T10:58:25.432471 #12047] DEBUG -- : -------> building new state...
D, [2018-03-31T10:58:25.432607 #12047] DEBUG -- : -------> building new state...
D, [2018-03-31T10:58:25.432804 #12047] DEBUG -- : -------> building selection...
D, [2018-03-31T10:58:25.433129 #12047] DEBUG -- : -------> building new state...
D, [2018-03-31T10:58:25.433229 #12047] DEBUG -- : -------> building new state...
D, [2018-03-31T10:58:25.433416 #12047] DEBUG -- : -------> building selection...
D, [2018-03-31T10:58:25.433738 #12047] DEBUG -- : -------> building new state...
D, [2018-03-31T10:58:25.433881 #12047] DEBUG -- : -------> building new state...
D, [2018-03-31T10:58:25.434071 #12047] DEBUG -- : -------> building selection...
D, [2018-03-31T10:58:25.434397 #12047] DEBUG -- : -------> building new state...
D, [2018-03-31T10:58:25.434497 #12047] DEBUG -- : -------> building new state...
D, [2018-03-31T10:58:25.434684 #12047] DEBUG -- : -------> building selection...
D, [2018-03-31T10:58:25.435045 #12047] DEBUG -- : -------> building new state...
D, [2018-03-31T10:58:25.435148 #12047] DEBUG -- : -------> building new state...
D, [2018-03-31T10:58:25.435342 #12047] DEBUG -- : -------> building selection...
D, [2018-03-31T10:58:25.435712 #12047] DEBUG -- : -------> building new state...
D, [2018-03-31T10:58:25.435816 #12047] DEBUG -- : -------> building new state...
D, [2018-03-31T10:58:25.436002 #12047] DEBUG -- : -------> building selection...
D, [2018-03-31T10:58:25.436381 #12047] DEBUG -- : -------> building new state...
D, [2018-03-31T10:58:25.436596 #12047] DEBUG -- : -------> building new state...
D, [2018-03-31T10:58:25.436809 #12047] DEBUG -- : -------> building selection...
D, [2018-03-31T10:58:25.437202 #12047] DEBUG -- : -------> building new state...
D, [2018-03-31T10:58:25.437325 #12047] DEBUG -- : -------> building new state...
D, [2018-03-31T10:58:25.437518 #12047] DEBUG -- : -------> building selection...
D, [2018-03-31T10:58:25.437852 #12047] DEBUG -- : -------> building new state...
D, [2018-03-31T10:58:25.437955 #12047] DEBUG -- : -------> building new state...
D, [2018-03-31T10:58:25.438144 #12047] DEBUG -- : -------> building selection...
D, [2018-03-31T10:58:25.438518 #12047] DEBUG -- : -------> building new state...
D, [2018-03-31T10:58:25.438621 #12047] DEBUG -- : -------> building new state...
D, [2018-03-31T10:58:25.438828 #12047] DEBUG -- : -------> building selection...
D, [2018-03-31T10:58:25.439164 #12047] DEBUG -- : -------> building new state...
D, [2018-03-31T10:58:25.439278 #12047] DEBUG -- : -------> building new state...
D, [2018-03-31T10:58:25.439468 #12047] DEBUG -- : -------> building selection...
D, [2018-03-31T10:58:25.439854 #12047] DEBUG -- : -------> building new state...
D, [2018-03-31T10:58:25.440067 #12047] DEBUG -- : -------> building new state...
D, [2018-03-31T10:58:25.440287 #12047] DEBUG -- : -------> building selection...
D, [2018-03-31T10:58:25.440632 #12047] DEBUG -- : -------> building new state...
D, [2018-03-31T10:58:25.440839 #12047] DEBUG -- : -------> building new state...
D, [2018-03-31T10:58:25.441078 #12047] DEBUG -- : -------> building selection...
D, [2018-03-31T10:58:25.441415 #12047] DEBUG -- : -------> building new state...
D, [2018-03-31T10:58:25.441516 #12047] DEBUG -- : -------> building new state...
D, [2018-03-31T10:58:25.441708 #12047] DEBUG -- : -------> building selection...
D, [2018-03-31T10:58:25.442032 #12047] DEBUG -- : -------> building new state...
D, [2018-03-31T10:58:25.442165 #12047] DEBUG -- : -------> building new state...
D, [2018-03-31T10:58:25.442394 #12047] DEBUG -- : -------> building selection...
D, [2018-03-31T10:58:25.442724 #12047] DEBUG -- : -------> building new state...
D, [2018-03-31T10:58:25.442841 #12047] DEBUG -- : -------> building new state...
D, [2018-03-31T10:58:25.443039 #12047] DEBUG -- : -------> building selection...
D, [2018-03-31T10:58:25.443371 #12047] DEBUG -- : -------> building new state...
D, [2018-03-31T10:58:25.443505 #12047] DEBUG -- : -------> building new state...
D, [2018-03-31T10:58:25.443701 #12047] DEBUG -- : -------> building selection...
D, [2018-03-31T10:58:25.444030 #12047] DEBUG -- : -------> building new state...
D, [2018-03-31T10:58:25.444130 #12047] DEBUG -- : -------> building new state...
D, [2018-03-31T10:58:25.444321 #12047] DEBUG -- : -------> building selection...
D, [2018-03-31T10:58:25.444753 #12047] DEBUG -- : -------> building new state...
D, [2018-03-31T10:58:25.444874 #12047] DEBUG -- : -------> building new state...
D, [2018-03-31T10:58:25.445081 #12047] DEBUG -- : -------> building selection...
D, [2018-03-31T10:58:25.445425 #12047] DEBUG -- : -------> building new state...
D, [2018-03-31T10:58:25.445537 #12047] DEBUG -- : -------> building new state...
D, [2018-03-31T10:58:25.445740 #12047] DEBUG -- : -------> building selection...
D, [2018-03-31T10:58:25.446198 #12047] DEBUG -- : -------> building new state...
D, [2018-03-31T10:58:25.446321 #12047] DEBUG -- : -------> building new state...
D, [2018-03-31T10:58:25.446526 #12047] DEBUG -- : -------> building selection...
D, [2018-03-31T10:58:25.446881 #12047] DEBUG -- : -------> building new state...
D, [2018-03-31T10:58:25.446997 #12047] DEBUG -- : -------> building new state...
D, [2018-03-31T10:58:25.447252 #12047] DEBUG -- : -------> building selection...
D, [2018-03-31T10:58:25.447622 #12047] DEBUG -- : -------> building new state...
D, [2018-03-31T10:58:25.447735 #12047] DEBUG -- : -------> building new state...
D, [2018-03-31T10:58:25.447924 #12047] DEBUG -- : -------> building selection...
D, [2018-03-31T10:58:25.448251 #12047] DEBUG -- : -------> building new state...
D, [2018-03-31T10:58:25.448380 #12047] DEBUG -- : -------> building new state...
D, [2018-03-31T10:58:25.448574 #12047] DEBUG -- : -------> building selection...
D, [2018-03-31T10:58:25.448900 #12047] DEBUG -- : -------> building new state...
D, [2018-03-31T10:58:25.448999 #12047] DEBUG -- : -------> building new state...
D, [2018-03-31T10:58:25.449188 #12047] DEBUG -- : -------> building selection...
D, [2018-03-31T10:58:25.449510 #12047] DEBUG -- : -------> building new state...
D, [2018-03-31T10:58:25.449632 #12047] DEBUG -- : -------> building new state...
D, [2018-03-31T10:58:25.449846 #12047] DEBUG -- : -------> building selection...
D, [2018-03-31T10:58:25.450216 #12047] DEBUG -- : -------> building new state...
D, [2018-03-31T10:58:25.450382 #12047] DEBUG -- : -------> building new state...
D, [2018-03-31T10:58:25.450603 #12047] DEBUG -- : -------> building selection...
D, [2018-03-31T10:58:25.451010 #12047] DEBUG -- : -------> building new state...
D, [2018-03-31T10:58:25.451260 #12047] DEBUG -- : -------> building new state...
D, [2018-03-31T10:58:25.451475 #12047] DEBUG -- : -------> building selection...
D, [2018-03-31T10:58:25.451816 #12047] DEBUG -- : -------> building new state...
D, [2018-03-31T10:58:25.451919 #12047] DEBUG -- : -------> building new state...
D, [2018-03-31T10:58:25.452131 #12047] DEBUG -- : -------> building selection...
D, [2018-03-31T10:58:25.452855 #12047] DEBUG -- : -------> building new state...
D, [2018-03-31T10:58:25.453042 #12047] DEBUG -- : -------> building new state...
D, [2018-03-31T10:58:25.453247 #12047] DEBUG -- : -------> building selection...
D, [2018-03-31T10:58:25.453583 #12047] DEBUG -- : -------> building new state...
D, [2018-03-31T10:58:25.453689 #12047] DEBUG -- : -------> building new state...
D, [2018-03-31T10:58:25.453879 #12047] DEBUG -- : -------> building selection...
D, [2018-03-31T10:58:25.454228 #12047] DEBUG -- : -------> building new state...
D, [2018-03-31T10:58:25.454326 #12047] DEBUG -- : -------> building new state...
D, [2018-03-31T10:58:25.454518 #12047] DEBUG -- : scoring weighed rated selections...
D, [2018-03-31T10:58:25.454598 #12047] DEBUG -- : Saving scored selections...
D, [2018-03-31T10:58:25.462081 #12047] DEBUG -- : State Score successfully calculated


D, [2018-03-31T10:58:25.462154 #12047] DEBUG -- : Scoring new state: {:rating=>37, :state=>{:unknown=>0, :possibly_lighter=>1, :possibly_heavier=>0, :normal=>7}}
D, [2018-03-31T10:58:25.462180 #12047] DEBUG -- : State Score successfully calculated


D, [2018-03-31T10:58:25.462216 #12047] DEBUG -- : Scoring new state: {:rating=>31, :state=>{:unknown=>0, :possibly_lighter=>2, :possibly_heavier=>1, :normal=>5}}
D, [2018-03-31T10:58:25.464896 #12047] DEBUG -- : calculating updated score for older state...
D, [2018-03-31T10:58:25.468381 #12047] DEBUG -- : generating weighed rated selections...
D, [2018-03-31T10:58:25.469435 #12047] DEBUG -- : -------> building selection...
D, [2018-03-31T10:58:25.470245 #12047] DEBUG -- : -------> building new state...
D, [2018-03-31T10:58:25.470626 #12047] DEBUG -- : -------> building new state...
D, [2018-03-31T10:58:25.470891 #12047] DEBUG -- : -------> building selection...
D, [2018-03-31T10:58:25.471248 #12047] DEBUG -- : -------> building new state...
D, [2018-03-31T10:58:25.471357 #12047] DEBUG -- : -------> building new state...
D, [2018-03-31T10:58:25.471550 #12047] DEBUG -- : -------> building selection...
D, [2018-03-31T10:58:25.471879 #12047] DEBUG -- : -------> building new state...
D, [2018-03-31T10:58:25.472013 #12047] DEBUG -- : -------> building new state...
D, [2018-03-31T10:58:25.472211 #12047] DEBUG -- : -------> building selection...
D, [2018-03-31T10:58:25.472540 #12047] DEBUG -- : -------> building new state...
D, [2018-03-31T10:58:25.472670 #12047] DEBUG -- : -------> building new state...
D, [2018-03-31T10:58:25.472915 #12047] DEBUG -- : -------> building selection...
D, [2018-03-31T10:58:25.473386 #12047] DEBUG -- : -------> building new state...
D, [2018-03-31T10:58:25.473501 #12047] DEBUG -- : -------> building new state...
D, [2018-03-31T10:58:25.473704 #12047] DEBUG -- : -------> building selection...
D, [2018-03-31T10:58:25.474039 #12047] DEBUG -- : -------> building new state...
D, [2018-03-31T10:58:25.474169 #12047] DEBUG -- : -------> building new state...
D, [2018-03-31T10:58:25.474371 #12047] DEBUG -- : -------> building selection...
D, [2018-03-31T10:58:25.474700 #12047] DEBUG -- : -------> building new state...
D, [2018-03-31T10:58:25.474818 #12047] DEBUG -- : -------> building new state...
D, [2018-03-31T10:58:25.475015 #12047] DEBUG -- : -------> building selection...
D, [2018-03-31T10:58:25.475345 #12047] DEBUG -- : -------> building new state...
D, [2018-03-31T10:58:25.475476 #12047] DEBUG -- : -------> building new state...
D, [2018-03-31T10:58:25.475671 #12047] DEBUG -- : -------> building selection...
D, [2018-03-31T10:58:25.476001 #12047] DEBUG -- : -------> building new state...
D, [2018-03-31T10:58:25.476103 #12047] DEBUG -- : -------> building new state...
D, [2018-03-31T10:58:25.476304 #12047] DEBUG -- : -------> building selection...
D, [2018-03-31T10:58:25.476630 #12047] DEBUG -- : -------> building new state...
D, [2018-03-31T10:58:25.476756 #12047] DEBUG -- : -------> building new state...
D, [2018-03-31T10:58:25.476963 #12047] DEBUG -- : -------> building selection...
D, [2018-03-31T10:58:25.477289 #12047] DEBUG -- : -------> building new state...
D, [2018-03-31T10:58:25.477391 #12047] DEBUG -- : -------> building new state...
D, [2018-03-31T10:58:25.477583 #12047] DEBUG -- : -------> building selection...
D, [2018-03-31T10:58:25.477913 #12047] DEBUG -- : -------> building new state...
D, [2018-03-31T10:58:25.478062 #12047] DEBUG -- : -------> building new state...
D, [2018-03-31T10:58:25.478268 #12047] DEBUG -- : -------> building selection...
D, [2018-03-31T10:58:25.478600 #12047] DEBUG -- : -------> building new state...
D, [2018-03-31T10:58:25.478703 #12047] DEBUG -- : -------> building new state...
D, [2018-03-31T10:58:25.478908 #12047] DEBUG -- : -------> building selection...
D, [2018-03-31T10:58:25.479301 #12047] DEBUG -- : -------> building new state...
D, [2018-03-31T10:58:25.479412 #12047] DEBUG -- : -------> building new state...
D, [2018-03-31T10:58:25.479602 #12047] DEBUG -- : -------> building selection...
D, [2018-03-31T10:58:25.479928 #12047] DEBUG -- : -------> building new state...
D, [2018-03-31T10:58:25.480026 #12047] DEBUG -- : -------> building new state...
D, [2018-03-31T10:58:25.480286 #12047] DEBUG -- : -------> building selection...
D, [2018-03-31T10:58:25.480614 #12047] DEBUG -- : -------> building new state...
D, [2018-03-31T10:58:25.480713 #12047] DEBUG -- : -------> building new state...
D, [2018-03-31T10:58:25.480903 #12047] DEBUG -- : -------> building selection...
D, [2018-03-31T10:58:25.481229 #12047] DEBUG -- : -------> building new state...
D, [2018-03-31T10:58:25.481391 #12047] DEBUG -- : -------> building new state...
D, [2018-03-31T10:58:25.481589 #12047] DEBUG -- : -------> building selection...
D, [2018-03-31T10:58:25.481920 #12047] DEBUG -- : -------> building new state...
D, [2018-03-31T10:58:25.482018 #12047] DEBUG -- : -------> building new state...
D, [2018-03-31T10:58:25.482314 #12047] DEBUG -- : -------> building selection...
D, [2018-03-31T10:58:25.483440 #12047] DEBUG -- : -------> building new state...
D, [2018-03-31T10:58:25.483641 #12047] DEBUG -- : -------> building new state...
D, [2018-03-31T10:58:25.483957 #12047] DEBUG -- : -------> building selection...
D, [2018-03-31T10:58:25.484491 #12047] DEBUG -- : -------> building new state...
D, [2018-03-31T10:58:25.484656 #12047] DEBUG -- : -------> building new state...
D, [2018-03-31T10:58:25.484870 #12047] DEBUG -- : -------> building selection...
D, [2018-03-31T10:58:25.485215 #12047] DEBUG -- : -------> building new state...
D, [2018-03-31T10:58:25.485394 #12047] DEBUG -- : -------> building new state...
D, [2018-03-31T10:58:25.485603 #12047] DEBUG -- : -------> building selection...
D, [2018-03-31T10:58:25.485984 #12047] DEBUG -- : -------> building new state...
D, [2018-03-31T10:58:25.486087 #12047] DEBUG -- : -------> building new state...
D, [2018-03-31T10:58:25.486278 #12047] DEBUG -- : -------> building selection...
D, [2018-03-31T10:58:25.486605 #12047] DEBUG -- : -------> building new state...
D, [2018-03-31T10:58:25.486704 #12047] DEBUG -- : -------> building new state...
D, [2018-03-31T10:58:25.486971 #12047] DEBUG -- : -------> building selection...
D, [2018-03-31T10:58:25.487313 #12047] DEBUG -- : -------> building new state...
D, [2018-03-31T10:58:25.487418 #12047] DEBUG -- : -------> building new state...
D, [2018-03-31T10:58:25.487609 #12047] DEBUG -- : -------> building selection...
D, [2018-03-31T10:58:25.487937 #12047] DEBUG -- : -------> building new state...
D, [2018-03-31T10:58:25.488074 #12047] DEBUG -- : -------> building new state...
D, [2018-03-31T10:58:25.488266 #12047] DEBUG -- : -------> building selection...
D, [2018-03-31T10:58:25.488592 #12047] DEBUG -- : -------> building new state...
D, [2018-03-31T10:58:25.488692 #12047] DEBUG -- : -------> building new state...
D, [2018-03-31T10:58:25.488895 #12047] DEBUG -- : -------> building selection...
D, [2018-03-31T10:58:25.489391 #12047] DEBUG -- : -------> building new state...
D, [2018-03-31T10:58:25.489542 #12047] DEBUG -- : -------> building new state...
D, [2018-03-31T10:58:25.489750 #12047] DEBUG -- : -------> building selection...
D, [2018-03-31T10:58:25.490104 #12047] DEBUG -- : -------> building new state...
D, [2018-03-31T10:58:25.490279 #12047] DEBUG -- : -------> building new state...
D, [2018-03-31T10:58:25.490483 #12047] DEBUG -- : -------> building selection...
D, [2018-03-31T10:58:25.490877 #12047] DEBUG -- : -------> building new state...
D, [2018-03-31T10:58:25.490984 #12047] DEBUG -- : -------> building new state...
D, [2018-03-31T10:58:25.491178 #12047] DEBUG -- : -------> building selection...
D, [2018-03-31T10:58:25.491510 #12047] DEBUG -- : -------> building new state...
D, [2018-03-31T10:58:25.491616 #12047] DEBUG -- : -------> building new state...
D, [2018-03-31T10:58:25.491834 #12047] DEBUG -- : -------> building selection...
D, [2018-03-31T10:58:25.492161 #12047] DEBUG -- : -------> building new state...
D, [2018-03-31T10:58:25.492264 #12047] DEBUG -- : -------> building new state...
D, [2018-03-31T10:58:25.492453 #12047] DEBUG -- : -------> building selection...
D, [2018-03-31T10:58:25.492812 #12047] DEBUG -- : -------> building new state...
D, [2018-03-31T10:58:25.492912 #12047] DEBUG -- : -------> building new state...
D, [2018-03-31T10:58:25.493101 #12047] DEBUG -- : -------> building selection...
D, [2018-03-31T10:58:25.493423 #12047] DEBUG -- : -------> building new state...
D, [2018-03-31T10:58:25.493521 #12047] DEBUG -- : -------> building new state...
D, [2018-03-31T10:58:25.493711 #12047] DEBUG -- : -------> building selection...
D, [2018-03-31T10:58:25.494070 #12047] DEBUG -- : -------> building new state...
D, [2018-03-31T10:58:25.494174 #12047] DEBUG -- : -------> building new state...
D, [2018-03-31T10:58:25.494364 #12047] DEBUG -- : -------> building selection...
D, [2018-03-31T10:58:25.494723 #12047] DEBUG -- : -------> building new state...
D, [2018-03-31T10:58:25.494845 #12047] DEBUG -- : -------> building new state...
D, [2018-03-31T10:58:25.495045 #12047] DEBUG -- : -------> building selection...
D, [2018-03-31T10:58:25.495379 #12047] DEBUG -- : -------> building new state...
D, [2018-03-31T10:58:25.495485 #12047] DEBUG -- : -------> building new state...
D, [2018-03-31T10:58:25.495675 #12047] DEBUG -- : -------> building selection...
D, [2018-03-31T10:58:25.496034 #12047] DEBUG -- : -------> building new state...
D, [2018-03-31T10:58:25.496135 #12047] DEBUG -- : -------> building new state...
D, [2018-03-31T10:58:25.496326 #12047] DEBUG -- : -------> building selection...
D, [2018-03-31T10:58:25.496651 #12047] DEBUG -- : -------> building new state...
D, [2018-03-31T10:58:25.496752 #12047] DEBUG -- : -------> building new state...
D, [2018-03-31T10:58:25.496943 #12047] DEBUG -- : -------> building selection...
D, [2018-03-31T10:58:25.497312 #12047] DEBUG -- : -------> building new state...
D, [2018-03-31T10:58:25.497415 #12047] DEBUG -- : -------> building new state...
D, [2018-03-31T10:58:25.497605 #12047] DEBUG -- : scoring weighed rated selections...
D, [2018-03-31T10:58:25.497678 #12047] DEBUG -- : Saving scored selections...
D, [2018-03-31T10:58:25.505107 #12047] DEBUG -- : State Score successfully calculated


D, [2018-03-31T10:58:25.505175 #12047] DEBUG -- : Scoring new state: {:rating=>37, :state=>{:unknown=>0, :possibly_lighter=>1, :possibly_heavier=>0, :normal=>7}}
D, [2018-03-31T10:58:25.505237 #12047] DEBUG -- : State Score successfully calculated


D, [2018-03-31T10:58:25.505272 #12047] DEBUG -- : Scoring new state: {:rating=>37, :state=>{:unknown=>0, :possibly_lighter=>0, :possibly_heavier=>1, :normal=>7}}
D, [2018-03-31T10:58:25.505293 #12047] DEBUG -- : State Score successfully calculated


D, [2018-03-31T10:58:25.505317 #12047] DEBUG -- : Scoring new state: {:rating=>31, :state=>{:unknown=>0, :possibly_lighter=>3, :possibly_heavier=>0, :normal=>5}}
D, [2018-03-31T10:58:25.508067 #12047] DEBUG -- : calculating updated score for older state...
D, [2018-03-31T10:58:25.511590 #12047] DEBUG -- : generating weighed rated selections...
D, [2018-03-31T10:58:25.512633 #12047] DEBUG -- : -------> building selection...
D, [2018-03-31T10:58:25.513586 #12047] DEBUG -- : -------> building new state...
D, [2018-03-31T10:58:25.514009 #12047] DEBUG -- : -------> building selection...
D, [2018-03-31T10:58:25.514378 #12047] DEBUG -- : -------> building new state...
D, [2018-03-31T10:58:25.514579 #12047] DEBUG -- : -------> building selection...
D, [2018-03-31T10:58:25.514922 #12047] DEBUG -- : -------> building new state...
D, [2018-03-31T10:58:25.515159 #12047] DEBUG -- : -------> building selection...
D, [2018-03-31T10:58:25.515494 #12047] DEBUG -- : -------> building new state...
D, [2018-03-31T10:58:25.515596 #12047] DEBUG -- : -------> building new state...
D, [2018-03-31T10:58:25.515783 #12047] DEBUG -- : -------> building selection...
D, [2018-03-31T10:58:25.516119 #12047] DEBUG -- : -------> building new state...
D, [2018-03-31T10:58:25.516220 #12047] DEBUG -- : -------> building new state...
D, [2018-03-31T10:58:25.516451 #12047] DEBUG -- : -------> building selection...
D, [2018-03-31T10:58:25.516808 #12047] DEBUG -- : -------> building new state...
D, [2018-03-31T10:58:25.517026 #12047] DEBUG -- : -------> building new state...
D, [2018-03-31T10:58:25.517245 #12047] DEBUG -- : -------> building selection...
D, [2018-03-31T10:58:25.517599 #12047] DEBUG -- : -------> building new state...
D, [2018-03-31T10:58:25.517740 #12047] DEBUG -- : -------> building new state...
D, [2018-03-31T10:58:25.517935 #12047] DEBUG -- : -------> building selection...
D, [2018-03-31T10:58:25.518262 #12047] DEBUG -- : -------> building new state...
D, [2018-03-31T10:58:25.518364 #12047] DEBUG -- : -------> building new state...
D, [2018-03-31T10:58:25.518550 #12047] DEBUG -- : -------> building selection...
D, [2018-03-31T10:58:25.518910 #12047] DEBUG -- : -------> building new state...
D, [2018-03-31T10:58:25.519018 #12047] DEBUG -- : -------> building new state...
D, [2018-03-31T10:58:25.519300 #12047] DEBUG -- : -------> building selection...
D, [2018-03-31T10:58:25.519638 #12047] DEBUG -- : -------> building new state...
D, [2018-03-31T10:58:25.519758 #12047] DEBUG -- : -------> building new state...
D, [2018-03-31T10:58:25.519987 #12047] DEBUG -- : -------> building selection...
D, [2018-03-31T10:58:25.520349 #12047] DEBUG -- : -------> building new state...
D, [2018-03-31T10:58:25.520470 #12047] DEBUG -- : -------> building new state...
D, [2018-03-31T10:58:25.520680 #12047] DEBUG -- : -------> building selection...
D, [2018-03-31T10:58:25.521110 #12047] DEBUG -- : -------> building new state...
D, [2018-03-31T10:58:25.521213 #12047] DEBUG -- : -------> building new state...
D, [2018-03-31T10:58:25.521425 #12047] DEBUG -- : -------> building selection...
D, [2018-03-31T10:58:25.521752 #12047] DEBUG -- : -------> building new state...
D, [2018-03-31T10:58:25.521864 #12047] DEBUG -- : -------> building new state...
D, [2018-03-31T10:58:25.522052 #12047] DEBUG -- : -------> building selection...
D, [2018-03-31T10:58:25.522403 #12047] DEBUG -- : -------> building new state...
D, [2018-03-31T10:58:25.522507 #12047] DEBUG -- : -------> building new state...
D, [2018-03-31T10:58:25.522693 #12047] DEBUG -- : -------> building selection...
D, [2018-03-31T10:58:25.523092 #12047] DEBUG -- : -------> building new state...
D, [2018-03-31T10:58:25.523289 #12047] DEBUG -- : -------> building new state...
D, [2018-03-31T10:58:25.523514 #12047] DEBUG -- : -------> building selection...
D, [2018-03-31T10:58:25.523861 #12047] DEBUG -- : -------> building new state...
D, [2018-03-31T10:58:25.523982 #12047] DEBUG -- : -------> building new state...
D, [2018-03-31T10:58:25.524174 #12047] DEBUG -- : -------> building selection...
D, [2018-03-31T10:58:25.524524 #12047] DEBUG -- : -------> building new state...
D, [2018-03-31T10:58:25.524626 #12047] DEBUG -- : -------> building new state...
D, [2018-03-31T10:58:25.524841 #12047] DEBUG -- : -------> building selection...
D, [2018-03-31T10:58:25.525185 #12047] DEBUG -- : -------> building new state...
D, [2018-03-31T10:58:25.525285 #12047] DEBUG -- : -------> building new state...
D, [2018-03-31T10:58:25.525473 #12047] DEBUG -- : -------> building selection...
D, [2018-03-31T10:58:25.525822 #12047] DEBUG -- : -------> building new state...
D, [2018-03-31T10:58:25.525921 #12047] DEBUG -- : -------> building new state...
D, [2018-03-31T10:58:25.526139 #12047] DEBUG -- : scoring weighed rated selections...
D, [2018-03-31T10:58:25.526190 #12047] DEBUG -- : Saving scored selections...
D, [2018-03-31T10:58:25.530398 #12047] DEBUG -- : State Score successfully calculated


D, [2018-03-31T10:58:25.530487 #12047] DEBUG -- : Saving scored selections...
D, [2018-03-31T10:58:25.570257 #12047] DEBUG -- : State Score successfully calculated


D, [2018-03-31T10:58:25.571532 #12047] DEBUG -- : Scoring new state: {:rating=>37, :state=>{:unknown=>0, :possibly_lighter=>0, :possibly_heavier=>1, :normal=>7}}
D, [2018-03-31T10:58:25.571623 #12047] DEBUG -- : State Score successfully calculated


D, [2018-03-31T10:58:25.571663 #12047] DEBUG -- : Scoring new state: {:rating=>31, :state=>{:unknown=>0, :possibly_lighter=>1, :possibly_heavier=>2, :normal=>5}}
D, [2018-03-31T10:58:25.574707 #12047] DEBUG -- : generating score for new state...
D, [2018-03-31T10:58:25.578496 #12047] DEBUG -- : new state info recorded
D, [2018-03-31T10:58:25.582101 #12047] DEBUG -- : generating weighed rated selections...
D, [2018-03-31T10:58:25.782923 #12047] DEBUG -- : scoring weighed rated selections...
D, [2018-03-31T10:58:25.783086 #12047] DEBUG -- : Saving scored selections...
D, [2018-03-31T10:58:25.790259 #12047] DEBUG -- : State Score successfully calculated


D, [2018-03-31T10:58:25.862343 #12047] DEBUG -- : Scoring new state: {:rating=>31, :state=>{:unknown=>0, :possibly_lighter=>1, :possibly_heavier=>2, :normal=>5}}
D, [2018-03-31T10:58:25.866102 #12047] DEBUG -- : generating score for new state...
D, [2018-03-31T10:58:25.871420 #12047] DEBUG -- : new state info recorded
D, [2018-03-31T10:58:25.876099 #12047] DEBUG -- : generating weighed rated selections...
D, [2018-03-31T10:58:26.085309 #12047] DEBUG -- : scoring weighed rated selections...
D, [2018-03-31T10:58:26.085559 #12047] DEBUG -- : Saving scored selections...
D, [2018-03-31T10:58:26.094740 #12047] DEBUG -- : State Score successfully calculated


D, [2018-03-31T10:58:26.094890 #12047] DEBUG -- : Scoring new state: {:rating=>34, :state=>{:unknown=>0, :possibly_lighter=>1, :possibly_heavier=>1, :normal=>6}}
D, [2018-03-31T10:58:26.097658 #12047] DEBUG -- : calculating updated score for older state...
D, [2018-03-31T10:58:26.101252 #12047] DEBUG -- : generating weighed rated selections...
D, [2018-03-31T10:58:26.221202 #12047] DEBUG -- : scoring weighed rated selections...
D, [2018-03-31T10:58:26.221358 #12047] DEBUG -- : Saving scored selections...
D, [2018-03-31T10:58:26.237109 #12047] DEBUG -- : State Score successfully calculated


D, [2018-03-31T10:58:26.237201 #12047] DEBUG -- : Scoring new state: {:rating=>31, :state=>{:unknown=>0, :possibly_lighter=>2, :possibly_heavier=>1, :normal=>5}}
D, [2018-03-31T10:58:26.239752 #12047] DEBUG -- : generating score for new state...
D, [2018-03-31T10:58:26.243282 #12047] DEBUG -- : new state info recorded
D, [2018-03-31T10:58:26.246675 #12047] DEBUG -- : generating weighed rated selections...
D, [2018-03-31T10:58:26.453325 #12047] DEBUG -- : scoring weighed rated selections...
D, [2018-03-31T10:58:26.453500 #12047] DEBUG -- : Saving scored selections...
D, [2018-03-31T10:58:26.460705 #12047] DEBUG -- : State Score successfully calculated


D, [2018-03-31T10:58:26.460813 #12047] DEBUG -- : Scoring new state: {:rating=>34, :state=>{:unknown=>0, :possibly_lighter=>1, :possibly_heavier=>1, :normal=>6}}
D, [2018-03-31T10:58:26.463397 #12047] DEBUG -- : returning fully calculated score...
D, [2018-03-31T10:58:26.463469 #12047] DEBUG -- : State Score successfully calculated


D, [2018-03-31T10:58:26.527830 #12047] DEBUG -- : Scoring new state: {:rating=>34, :state=>{:unknown=>0, :possibly_lighter=>1, :possibly_heavier=>1, :normal=>6}}
D, [2018-03-31T10:58:26.530664 #12047] DEBUG -- : generating score for new state...
D, [2018-03-31T10:58:26.534319 #12047] DEBUG -- : new state info recorded
D, [2018-03-31T10:58:26.537733 #12047] DEBUG -- : generating weighed rated selections...
D, [2018-03-31T10:58:26.664073 #12047] DEBUG -- : scoring weighed rated selections...
D, [2018-03-31T10:58:26.664230 #12047] DEBUG -- : Saving scored selections...
D, [2018-03-31T10:58:26.681217 #12047] DEBUG -- : State Score successfully calculated


D, [2018-03-31T10:58:26.681350 #12047] DEBUG -- : Scoring new state: {:rating=>31, :state=>{:unknown=>0, :possibly_lighter=>1, :possibly_heavier=>2, :normal=>5}}
D, [2018-03-31T10:58:26.684060 #12047] DEBUG -- : generating score for new state...
D, [2018-03-31T10:58:26.687813 #12047] DEBUG -- : new state info recorded
D, [2018-03-31T10:58:26.691285 #12047] DEBUG -- : generating weighed rated selections...
D, [2018-03-31T10:58:26.887204 #12047] DEBUG -- : scoring weighed rated selections...
D, [2018-03-31T10:58:26.887367 #12047] DEBUG -- : Saving scored selections...
D, [2018-03-31T10:58:26.894249 #12047] DEBUG -- : State Score successfully calculated


D, [2018-03-31T10:58:26.894346 #12047] DEBUG -- : Scoring new state: {:rating=>34, :state=>{:unknown=>0, :possibly_lighter=>1, :possibly_heavier=>1, :normal=>6}}
D, [2018-03-31T10:58:26.896891 #12047] DEBUG -- : returning fully calculated score...
D, [2018-03-31T10:58:26.896955 #12047] DEBUG -- : State Score successfully calculated


D, [2018-03-31T10:58:26.897005 #12047] DEBUG -- : Scoring new state: {:rating=>31, :state=>{:unknown=>0, :possibly_lighter=>2, :possibly_heavier=>1, :normal=>5}}
D, [2018-03-31T10:58:26.899490 #12047] DEBUG -- : generating score for new state...
D, [2018-03-31T10:58:26.903224 #12047] DEBUG -- : new state info recorded
D, [2018-03-31T10:58:26.906685 #12047] DEBUG -- : generating weighed rated selections...
D, [2018-03-31T10:58:27.119641 #12047] DEBUG -- : scoring weighed rated selections...
D, [2018-03-31T10:58:27.119809 #12047] DEBUG -- : Saving scored selections...
D, [2018-03-31T10:58:27.127067 #12047] DEBUG -- : State Score successfully calculated


D, [2018-03-31T10:58:30.353418 #12047] DEBUG -- : calculating updated score for older state...
D, [2018-03-31T10:58:30.356962 #12047] DEBUG -- : generating weighed rated selections...
D, [2018-03-31T10:58:30.369816 #12047] DEBUG -- : scoring weighed rated selections...
D, [2018-03-31T10:58:30.369935 #12047] DEBUG -- : Scoring new state: {:rating=>10, :state=>{:unknown=>1, :possibly_lighter=>0, :possibly_heavier=>0, :normal=>2}}
D, [2018-03-31T10:58:30.373880 #12047] DEBUG -- : calculating updated score for older state...
D, [2018-03-31T10:58:30.377418 #12047] DEBUG -- : generating weighed rated selections...
D, [2018-03-31T10:58:30.397012 #12047] DEBUG -- : scoring weighed rated selections...
D, [2018-03-31T10:58:30.397128 #12047] DEBUG -- : Saving scored selections...
D, [2018-03-31T10:58:30.400563 #12047] DEBUG -- : State Score successfully calculated


D, [2018-03-31T10:58:30.400657 #12047] DEBUG -- : Scoring new state: {:rating=>9, :state=>{:unknown=>0, :possibly_lighter=>1, :possibly_heavier=>1, :normal=>1}}
D, [2018-03-31T10:58:30.403244 #12047] DEBUG -- : calculating updated score for older state...
D, [2018-03-31T10:58:30.406797 #12047] DEBUG -- : generating weighed rated selections...
D, [2018-03-31T10:58:30.435994 #12047] DEBUG -- : scoring weighed rated selections...
D, [2018-03-31T10:58:30.436115 #12047] DEBUG -- : Saving scored selections...
D, [2018-03-31T10:58:30.440904 #12047] DEBUG -- : State Score successfully calculated


D, [2018-03-31T10:58:30.440984 #12047] DEBUG -- : Saving scored selections...
D, [2018-03-31T10:58:30.446124 #12047] DEBUG -- : -------> building selection...
D, [2018-03-31T10:58:30.446983 #12047] DEBUG -- : -------> building new state...
D, [2018-03-31T10:58:30.447238 #12047] DEBUG -- : -------> building new state...
D, [2018-03-31T10:58:30.447451 #12047] DEBUG -- : -------> building selection...
D, [2018-03-31T10:58:30.447767 #12047] DEBUG -- : -------> building new state...
D, [2018-03-31T10:58:30.447888 #12047] DEBUG -- : -------> building new state...
D, [2018-03-31T10:58:30.448065 #12047] DEBUG -- : -------> building selection...
D, [2018-03-31T10:58:30.448365 #12047] DEBUG -- : -------> building new state...
D, [2018-03-31T10:58:30.448465 #12047] DEBUG -- : -------> building new state...
D, [2018-03-31T10:58:30.448633 #12047] DEBUG -- : -------> building selection...
D, [2018-03-31T10:58:30.448930 #12047] DEBUG -- : -------> building new state...
D, [2018-03-31T10:58:30.449038 #12047] DEBUG -- : -------> building new state...
D, [2018-03-31T10:58:30.449329 #12047] DEBUG -- : -------> building selection...
D, [2018-03-31T10:58:30.449643 #12047] DEBUG -- : -------> building new state...
D, [2018-03-31T10:58:30.449760 #12047] DEBUG -- : -------> building new state...
D, [2018-03-31T10:58:30.449936 #12047] DEBUG -- : -------> building selection...
D, [2018-03-31T10:58:30.450271 #12047] DEBUG -- : -------> building new state...
D, [2018-03-31T10:58:30.450383 #12047] DEBUG -- : -------> building new state...
D, [2018-03-31T10:58:30.519282 #12047] DEBUG -- : calculating updated score for older state...
D, [2018-03-31T10:58:30.522862 #12047] DEBUG -- : generating weighed rated selections...
D, [2018-03-31T10:58:30.553910 #12047] DEBUG -- : scoring weighed rated selections...
D, [2018-03-31T10:58:30.554049 #12047] DEBUG -- : Scoring new state: {:rating=>10, :state=>{:unknown=>1, :possibly_lighter=>0, :possibly_heavier=>0, :normal=>2}}
D, [2018-03-31T10:58:30.556850 #12047] DEBUG -- : calculating updated score for older state...
D, [2018-03-31T10:58:30.560308 #12047] DEBUG -- : generating weighed rated selections...
D, [2018-03-31T10:58:30.580288 #12047] DEBUG -- : scoring weighed rated selections...
D, [2018-03-31T10:58:30.580381 #12047] DEBUG -- : Saving scored selections...
D, [2018-03-31T10:58:30.583666 #12047] DEBUG -- : State Score successfully calculated


D, [2018-03-31T10:58:30.583756 #12047] DEBUG -- : Scoring new state: {:rating=>9, :state=>{:unknown=>0, :possibly_lighter=>1, :possibly_heavier=>1, :normal=>1}}
D, [2018-03-31T10:58:30.586353 #12047] DEBUG -- : calculating updated score for older state...
D, [2018-03-31T10:58:30.589816 #12047] DEBUG -- : generating weighed rated selections...
D, [2018-03-31T10:58:30.620485 #12047] DEBUG -- : scoring weighed rated selections...
D, [2018-03-31T10:58:30.620620 #12047] DEBUG -- : Saving scored selections...
D, [2018-03-31T10:58:30.625531 #12047] DEBUG -- : State Score successfully calculated


D, [2018-03-31T10:58:30.625626 #12047] DEBUG -- : Saving scored selections...
D, [2018-03-31T10:58:30.630929 #12047] DEBUG -- : -------> building selection...
D, [2018-03-31T10:58:30.631795 #12047] DEBUG -- : -------> building new state...
D, [2018-03-31T10:58:30.632102 #12047] DEBUG -- : -------> building new state...
D, [2018-03-31T10:58:30.632459 #12047] DEBUG -- : -------> building selection...
D, [2018-03-31T10:58:30.632786 #12047] DEBUG -- : -------> building new state...
D, [2018-03-31T10:58:30.632901 #12047] DEBUG -- : -------> building new state...
D, [2018-03-31T10:58:30.633077 #12047] DEBUG -- : -------> building selection...
D, [2018-03-31T10:58:30.633392 #12047] DEBUG -- : -------> building new state...
D, [2018-03-31T10:58:30.633515 #12047] DEBUG -- : -------> building new state...
D, [2018-03-31T10:58:30.634178 #12047] DEBUG -- : -------> building selection...
D, [2018-03-31T10:58:30.634506 #12047] DEBUG -- : -------> building new state...
D, [2018-03-31T10:58:30.634643 #12047] DEBUG -- : -------> building new state...
D, [2018-03-31T10:58:30.634844 #12047] DEBUG -- : -------> building selection...
D, [2018-03-31T10:58:30.635183 #12047] DEBUG -- : -------> building new state...
D, [2018-03-31T10:58:30.635383 #12047] DEBUG -- : -------> building new state...
D, [2018-03-31T10:58:30.704286 #12047] DEBUG -- : calculating updated score for older state...
D, [2018-03-31T10:58:30.708166 #12047] DEBUG -- : generating weighed rated selections...
D, [2018-03-31T10:58:30.723012 #12047] DEBUG -- : scoring weighed rated selections...
D, [2018-03-31T10:58:30.723144 #12047] DEBUG -- : Scoring new state: {:rating=>10, :state=>{:unknown=>1, :possibly_lighter=>0, :possibly_heavier=>0, :normal=>2}}
D, [2018-03-31T10:58:30.726013 #12047] DEBUG -- : calculating updated score for older state...
D, [2018-03-31T10:58:30.730768 #12047] DEBUG -- : generating weighed rated selections...
D, [2018-03-31T10:58:30.752382 #12047] DEBUG -- : scoring weighed rated selections...
D, [2018-03-31T10:58:30.752509 #12047] DEBUG -- : Saving scored selections...
D, [2018-03-31T10:58:30.755838 #12047] DEBUG -- : State Score successfully calculated


D, [2018-03-31T10:58:30.755930 #12047] DEBUG -- : Scoring new state: {:rating=>9, :state=>{:unknown=>0, :possibly_lighter=>1, :possibly_heavier=>1, :normal=>1}}
D, [2018-03-31T10:58:30.759839 #12047] DEBUG -- : calculating updated score for older state...
D, [2018-03-31T10:58:30.763492 #12047] DEBUG -- : generating weighed rated selections...
D, [2018-03-31T10:58:30.794913 #12047] DEBUG -- : scoring weighed rated selections...
D, [2018-03-31T10:58:30.795073 #12047] DEBUG -- : Saving scored selections...
D, [2018-03-31T10:58:30.799967 #12047] DEBUG -- : State Score successfully calculated


D, [2018-03-31T10:58:30.800053 #12047] DEBUG -- : Saving scored selections...
D, [2018-03-31T10:58:30.804439 #12047] DEBUG -- : -------> building new state...
D, [2018-03-31T10:58:30.805277 #12047] DEBUG -- : -------> building new state...
D, [2018-03-31T10:58:30.874306 #12047] DEBUG -- : calculating updated score for older state...
D, [2018-03-31T10:58:30.878032 #12047] DEBUG -- : generating weighed rated selections...
D, [2018-03-31T10:58:30.891378 #12047] DEBUG -- : scoring weighed rated selections...
D, [2018-03-31T10:58:30.891481 #12047] DEBUG -- : Scoring new state: {:rating=>10, :state=>{:unknown=>1, :possibly_lighter=>0, :possibly_heavier=>0, :normal=>2}}
D, [2018-03-31T10:58:30.894163 #12047] DEBUG -- : calculating updated score for older state...
D, [2018-03-31T10:58:30.897889 #12047] DEBUG -- : generating weighed rated selections...
D, [2018-03-31T10:58:30.917431 #12047] DEBUG -- : scoring weighed rated selections...
D, [2018-03-31T10:58:30.917547 #12047] DEBUG -- : Saving scored selections...
D, [2018-03-31T10:58:30.921006 #12047] DEBUG -- : State Score successfully calculated


D, [2018-03-31T10:58:30.921100 #12047] DEBUG -- : Scoring new state: {:rating=>9, :state=>{:unknown=>0, :possibly_lighter=>1, :possibly_heavier=>1, :normal=>1}}
D, [2018-03-31T10:58:30.923754 #12047] DEBUG -- : calculating updated score for older state...
D, [2018-03-31T10:58:30.927261 #12047] DEBUG -- : generating weighed rated selections...
D, [2018-03-31T10:58:30.956810 #12047] DEBUG -- : scoring weighed rated selections...
D, [2018-03-31T10:58:30.956929 #12047] DEBUG -- : Saving scored selections...
D, [2018-03-31T10:58:30.961607 #12047] DEBUG -- : State Score successfully calculated


D, [2018-03-31T10:58:30.961689 #12047] DEBUG -- : Saving scored selections...
D, [2018-03-31T10:58:31.258793 #12047] DEBUG -- : calculating updated score for older state...
D, [2018-03-31T10:58:31.262374 #12047] DEBUG -- : generating weighed rated selections...
D, [2018-03-31T10:58:31.275203 #12047] DEBUG -- : scoring weighed rated selections...
D, [2018-03-31T10:58:31.275324 #12047] DEBUG -- : Scoring new state: {:rating=>10, :state=>{:unknown=>1, :possibly_lighter=>0, :possibly_heavier=>0, :normal=>2}}
D, [2018-03-31T10:58:31.278862 #12047] DEBUG -- : calculating updated score for older state...
D, [2018-03-31T10:58:31.282319 #12047] DEBUG -- : generating weighed rated selections...
D, [2018-03-31T10:58:31.301779 #12047] DEBUG -- : scoring weighed rated selections...
D, [2018-03-31T10:58:31.301897 #12047] DEBUG -- : Saving scored selections...
D, [2018-03-31T10:58:31.305891 #12047] DEBUG -- : State Score successfully calculated


D, [2018-03-31T10:58:31.305980 #12047] DEBUG -- : Scoring new state: {:rating=>9, :state=>{:unknown=>0, :possibly_lighter=>1, :possibly_heavier=>1, :normal=>1}}
D, [2018-03-31T10:58:31.308692 #12047] DEBUG -- : calculating updated score for older state...
D, [2018-03-31T10:58:31.312324 #12047] DEBUG -- : generating weighed rated selections...
D, [2018-03-31T10:58:31.341243 #12047] DEBUG -- : scoring weighed rated selections...
D, [2018-03-31T10:58:31.341361 #12047] DEBUG -- : Saving scored selections...
D, [2018-03-31T10:58:31.346076 #12047] DEBUG -- : State Score successfully calculated


D, [2018-03-31T10:58:31.346158 #12047] DEBUG -- : Saving scored selections...
D, [2018-03-31T10:58:31.420788 #12047] DEBUG -- : calculating updated score for older state...
D, [2018-03-31T10:58:31.425728 #12047] DEBUG -- : generating weighed rated selections...
D, [2018-03-31T10:58:31.438784 #12047] DEBUG -- : scoring weighed rated selections...
D, [2018-03-31T10:58:31.438929 #12047] DEBUG -- : Scoring new state: {:rating=>10, :state=>{:unknown=>1, :possibly_lighter=>0, :possibly_heavier=>0, :normal=>2}}
D, [2018-03-31T10:58:31.443061 #12047] DEBUG -- : calculating updated score for older state...
D, [2018-03-31T10:58:31.446550 #12047] DEBUG -- : generating weighed rated selections...
D, [2018-03-31T10:58:31.468871 #12047] DEBUG -- : scoring weighed rated selections...
D, [2018-03-31T10:58:31.468967 #12047] DEBUG -- : Saving scored selections...
D, [2018-03-31T10:58:31.472082 #12047] DEBUG -- : State Score successfully calculated


D, [2018-03-31T10:58:31.472177 #12047] DEBUG -- : Scoring new state: {:rating=>9, :state=>{:unknown=>0, :possibly_lighter=>1, :possibly_heavier=>1, :normal=>1}}
D, [2018-03-31T10:58:31.474747 #12047] DEBUG -- : calculating updated score for older state...
D, [2018-03-31T10:58:31.478294 #12047] DEBUG -- : generating weighed rated selections...
D, [2018-03-31T10:58:31.514260 #12047] DEBUG -- : scoring weighed rated selections...
D, [2018-03-31T10:58:31.514382 #12047] DEBUG -- : Saving scored selections...
D, [2018-03-31T10:58:31.519567 #12047] DEBUG -- : State Score successfully calculated


D, [2018-03-31T10:58:31.519646 #12047] DEBUG -- : Saving scored selections...
D, [2018-03-31T10:58:31.604705 #12047] DEBUG -- : calculating updated score for older state...
D, [2018-03-31T10:58:31.608265 #12047] DEBUG -- : generating weighed rated selections...
D, [2018-03-31T10:58:31.621204 #12047] DEBUG -- : scoring weighed rated selections...
D, [2018-03-31T10:58:31.621311 #12047] DEBUG -- : Scoring new state: {:rating=>10, :state=>{:unknown=>1, :possibly_lighter=>0, :possibly_heavier=>0, :normal=>2}}
D, [2018-03-31T10:58:31.624856 #12047] DEBUG -- : calculating updated score for older state...
D, [2018-03-31T10:58:31.628371 #12047] DEBUG -- : generating weighed rated selections...
D, [2018-03-31T10:58:31.648051 #12047] DEBUG -- : scoring weighed rated selections...
D, [2018-03-31T10:58:31.648166 #12047] DEBUG -- : Saving scored selections...
D, [2018-03-31T10:58:31.651572 #12047] DEBUG -- : State Score successfully calculated


D, [2018-03-31T10:58:31.651682 #12047] DEBUG -- : Scoring new state: {:rating=>9, :state=>{:unknown=>0, :possibly_lighter=>1, :possibly_heavier=>1, :normal=>1}}
D, [2018-03-31T10:58:31.654242 #12047] DEBUG -- : calculating updated score for older state...
D, [2018-03-31T10:58:31.657712 #12047] DEBUG -- : generating weighed rated selections...
D, [2018-03-31T10:58:31.689473 #12047] DEBUG -- : scoring weighed rated selections...
D, [2018-03-31T10:58:31.689629 #12047] DEBUG -- : Saving scored selections...
D, [2018-03-31T10:58:31.694739 #12047] DEBUG -- : State Score successfully calculated


D, [2018-03-31T10:58:31.694850 #12047] DEBUG -- : Saving scored selections...
D, [2018-03-31T10:58:31.777251 #12047] DEBUG -- : calculating updated score for older state...
D, [2018-03-31T10:58:31.780951 #12047] DEBUG -- : generating weighed rated selections...
D, [2018-03-31T10:58:31.795694 #12047] DEBUG -- : scoring weighed rated selections...
D, [2018-03-31T10:58:31.795822 #12047] DEBUG -- : Scoring new state: {:rating=>10, :state=>{:unknown=>1, :possibly_lighter=>0, :possibly_heavier=>0, :normal=>2}}
D, [2018-03-31T10:58:31.798847 #12047] DEBUG -- : calculating updated score for older state...
D, [2018-03-31T10:58:31.802526 #12047] DEBUG -- : generating weighed rated selections...
D, [2018-03-31T10:58:31.825453 #12047] DEBUG -- : scoring weighed rated selections...
D, [2018-03-31T10:58:31.825581 #12047] DEBUG -- : Saving scored selections...
D, [2018-03-31T10:58:31.828888 #12047] DEBUG -- : State Score successfully calculated


D, [2018-03-31T10:58:31.828977 #12047] DEBUG -- : Scoring new state: {:rating=>9, :state=>{:unknown=>0, :possibly_lighter=>1, :possibly_heavier=>1, :normal=>1}}
D, [2018-03-31T10:58:31.831720 #12047] DEBUG -- : calculating updated score for older state...
D, [2018-03-31T10:58:31.835370 #12047] DEBUG -- : generating weighed rated selections...
D, [2018-03-31T10:58:31.882713 #12047] DEBUG -- : scoring weighed rated selections...
D, [2018-03-31T10:58:31.882860 #12047] DEBUG -- : Saving scored selections...
D, [2018-03-31T10:58:31.890141 #12047] DEBUG -- : State Score successfully calculated


D, [2018-03-31T10:58:31.890232 #12047] DEBUG -- : Saving scored selections...
D, [2018-03-31T10:58:31.988665 #12047] DEBUG -- : calculating updated score for older state...
D, [2018-03-31T10:58:31.992389 #12047] DEBUG -- : generating weighed rated selections...
D, [2018-03-31T10:58:32.005963 #12047] DEBUG -- : scoring weighed rated selections...
D, [2018-03-31T10:58:32.006073 #12047] DEBUG -- : Scoring new state: {:rating=>10, :state=>{:unknown=>1, :possibly_lighter=>0, :possibly_heavier=>0, :normal=>2}}
D, [2018-03-31T10:58:32.008973 #12047] DEBUG -- : calculating updated score for older state...
D, [2018-03-31T10:58:32.013499 #12047] DEBUG -- : generating weighed rated selections...
D, [2018-03-31T10:58:32.039606 #12047] DEBUG -- : scoring weighed rated selections...
D, [2018-03-31T10:58:32.039725 #12047] DEBUG -- : Saving scored selections...
D, [2018-03-31T10:58:32.043370 #12047] DEBUG -- : State Score successfully calculated


D, [2018-03-31T10:58:32.043463 #12047] DEBUG -- : Scoring new state: {:rating=>9, :state=>{:unknown=>0, :possibly_lighter=>1, :possibly_heavier=>1, :normal=>1}}
D, [2018-03-31T10:58:32.046047 #12047] DEBUG -- : calculating updated score for older state...
D, [2018-03-31T10:58:32.049792 #12047] DEBUG -- : generating weighed rated selections...
D, [2018-03-31T10:58:32.081794 #12047] DEBUG -- : scoring weighed rated selections...
D, [2018-03-31T10:58:32.081924 #12047] DEBUG -- : Saving scored selections...
D, [2018-03-31T10:58:32.090291 #12047] DEBUG -- : State Score successfully calculated


D, [2018-03-31T10:58:32.090382 #12047] DEBUG -- : Saving scored selections...
D, [2018-03-31T10:58:32.171904 #12047] DEBUG -- : calculating updated score for older state...
D, [2018-03-31T10:58:32.175719 #12047] DEBUG -- : generating weighed rated selections...
D, [2018-03-31T10:58:32.189329 #12047] DEBUG -- : scoring weighed rated selections...
D, [2018-03-31T10:58:32.189464 #12047] DEBUG -- : Scoring new state: {:rating=>10, :state=>{:unknown=>1, :possibly_lighter=>0, :possibly_heavier=>0, :normal=>2}}
D, [2018-03-31T10:58:32.193165 #12047] DEBUG -- : calculating updated score for older state...
D, [2018-03-31T10:58:32.196869 #12047] DEBUG -- : generating weighed rated selections...
D, [2018-03-31T10:58:32.217242 #12047] DEBUG -- : scoring weighed rated selections...
D, [2018-03-31T10:58:32.217361 #12047] DEBUG -- : Saving scored selections...
D, [2018-03-31T10:58:32.220767 #12047] DEBUG -- : State Score successfully calculated


D, [2018-03-31T10:58:32.220855 #12047] DEBUG -- : Scoring new state: {:rating=>9, :state=>{:unknown=>0, :possibly_lighter=>1, :possibly_heavier=>1, :normal=>1}}
D, [2018-03-31T10:58:32.223525 #12047] DEBUG -- : calculating updated score for older state...
D, [2018-03-31T10:58:32.227234 #12047] DEBUG -- : generating weighed rated selections...
D, [2018-03-31T10:58:32.257420 #12047] DEBUG -- : scoring weighed rated selections...
D, [2018-03-31T10:58:32.257533 #12047] DEBUG -- : Saving scored selections...
D, [2018-03-31T10:58:32.262257 #12047] DEBUG -- : State Score successfully calculated


D, [2018-03-31T10:58:32.262351 #12047] DEBUG -- : Saving scored selections...
D, [2018-03-31T10:58:32.341596 #12047] DEBUG -- : calculating updated score for older state...
D, [2018-03-31T10:58:32.345292 #12047] DEBUG -- : generating weighed rated selections...
D, [2018-03-31T10:58:32.358174 #12047] DEBUG -- : scoring weighed rated selections...
D, [2018-03-31T10:58:32.358337 #12047] DEBUG -- : Scoring new state: {:rating=>10, :state=>{:unknown=>1, :possibly_lighter=>0, :possibly_heavier=>0, :normal=>2}}
D, [2018-03-31T10:58:32.361269 #12047] DEBUG -- : calculating updated score for older state...
D, [2018-03-31T10:58:32.364888 #12047] DEBUG -- : generating weighed rated selections...
D, [2018-03-31T10:58:32.384981 #12047] DEBUG -- : scoring weighed rated selections...
D, [2018-03-31T10:58:32.385084 #12047] DEBUG -- : Saving scored selections...
D, [2018-03-31T10:58:32.389440 #12047] DEBUG -- : State Score successfully calculated


D, [2018-03-31T10:58:32.389527 #12047] DEBUG -- : Scoring new state: {:rating=>9, :state=>{:unknown=>0, :possibly_lighter=>1, :possibly_heavier=>1, :normal=>1}}
D, [2018-03-31T10:58:32.392232 #12047] DEBUG -- : calculating updated score for older state...
D, [2018-03-31T10:58:32.395784 #12047] DEBUG -- : generating weighed rated selections...
D, [2018-03-31T10:58:32.424929 #12047] DEBUG -- : scoring weighed rated selections...
D, [2018-03-31T10:58:32.425065 #12047] DEBUG -- : Saving scored selections...
D, [2018-03-31T10:58:32.429785 #12047] DEBUG -- : State Score successfully calculated


D, [2018-03-31T10:58:32.429883 #12047] DEBUG -- : Saving scored selections...
D, [2018-03-31T10:58:32.507411 #12047] DEBUG -- : calculating updated score for older state...
D, [2018-03-31T10:58:32.510952 #12047] DEBUG -- : generating weighed rated selections...
D, [2018-03-31T10:58:32.523730 #12047] DEBUG -- : scoring weighed rated selections...
D, [2018-03-31T10:58:32.523829 #12047] DEBUG -- : Scoring new state: {:rating=>10, :state=>{:unknown=>1, :possibly_lighter=>0, :possibly_heavier=>0, :normal=>2}}
D, [2018-03-31T10:58:32.527597 #12047] DEBUG -- : calculating updated score for older state...
D, [2018-03-31T10:58:32.531153 #12047] DEBUG -- : generating weighed rated selections...
D, [2018-03-31T10:58:32.551136 #12047] DEBUG -- : scoring weighed rated selections...
D, [2018-03-31T10:58:32.551250 #12047] DEBUG -- : Saving scored selections...
D, [2018-03-31T10:58:32.554517 #12047] DEBUG -- : State Score successfully calculated


D, [2018-03-31T10:58:32.554603 #12047] DEBUG -- : Scoring new state: {:rating=>9, :state=>{:unknown=>0, :possibly_lighter=>1, :possibly_heavier=>1, :normal=>1}}
D, [2018-03-31T10:58:32.557165 #12047] DEBUG -- : calculating updated score for older state...
D, [2018-03-31T10:58:32.560706 #12047] DEBUG -- : generating weighed rated selections...
D, [2018-03-31T10:58:32.590478 #12047] DEBUG -- : scoring weighed rated selections...
D, [2018-03-31T10:58:32.590573 #12047] DEBUG -- : Saving scored selections...
D, [2018-03-31T10:58:32.595627 #12047] DEBUG -- : State Score successfully calculated


D, [2018-03-31T10:58:32.595715 #12047] DEBUG -- : Saving scored selections...
D, [2018-03-31T10:58:32.671860 #12047] DEBUG -- : calculating updated score for older state...
D, [2018-03-31T10:58:32.675411 #12047] DEBUG -- : generating weighed rated selections...
D, [2018-03-31T10:58:32.688253 #12047] DEBUG -- : scoring weighed rated selections...
D, [2018-03-31T10:58:32.688387 #12047] DEBUG -- : Scoring new state: {:rating=>10, :state=>{:unknown=>1, :possibly_lighter=>0, :possibly_heavier=>0, :normal=>2}}
D, [2018-03-31T10:58:32.691275 #12047] DEBUG -- : calculating updated score for older state...
D, [2018-03-31T10:58:32.694908 #12047] DEBUG -- : generating weighed rated selections...
D, [2018-03-31T10:58:32.717160 #12047] DEBUG -- : scoring weighed rated selections...
D, [2018-03-31T10:58:32.717312 #12047] DEBUG -- : Saving scored selections...
D, [2018-03-31T10:58:32.720750 #12047] DEBUG -- : State Score successfully calculated


D, [2018-03-31T10:58:32.720845 #12047] DEBUG -- : Scoring new state: {:rating=>9, :state=>{:unknown=>0, :possibly_lighter=>1, :possibly_heavier=>1, :normal=>1}}
D, [2018-03-31T10:58:32.723480 #12047] DEBUG -- : calculating updated score for older state...
D, [2018-03-31T10:58:32.728318 #12047] DEBUG -- : generating weighed rated selections...
D, [2018-03-31T10:58:32.758669 #12047] DEBUG -- : scoring weighed rated selections...
D, [2018-03-31T10:58:32.758792 #12047] DEBUG -- : Saving scored selections...
D, [2018-03-31T10:58:32.765207 #12047] DEBUG -- : State Score successfully calculated


D, [2018-03-31T10:58:32.765298 #12047] DEBUG -- : Saving scored selections...
D, [2018-03-31T10:58:32.840500 #12047] DEBUG -- : calculating updated score for older state...
D, [2018-03-31T10:58:32.844182 #12047] DEBUG -- : generating weighed rated selections...
D, [2018-03-31T10:58:32.857358 #12047] DEBUG -- : scoring weighed rated selections...
D, [2018-03-31T10:58:32.857484 #12047] DEBUG -- : Scoring new state: {:rating=>10, :state=>{:unknown=>1, :possibly_lighter=>0, :possibly_heavier=>0, :normal=>2}}
D, [2018-03-31T10:58:32.860441 #12047] DEBUG -- : calculating updated score for older state...
D, [2018-03-31T10:58:32.864202 #12047] DEBUG -- : generating weighed rated selections...
D, [2018-03-31T10:58:32.884452 #12047] DEBUG -- : scoring weighed rated selections...
D, [2018-03-31T10:58:32.885690 #12047] DEBUG -- : Saving scored selections...
D, [2018-03-31T10:58:32.889089 #12047] DEBUG -- : State Score successfully calculated


D, [2018-03-31T10:58:32.889187 #12047] DEBUG -- : Scoring new state: {:rating=>9, :state=>{:unknown=>0, :possibly_lighter=>1, :possibly_heavier=>1, :normal=>1}}
D, [2018-03-31T10:58:32.891937 #12047] DEBUG -- : calculating updated score for older state...
D, [2018-03-31T10:58:32.895621 #12047] DEBUG -- : generating weighed rated selections...
D, [2018-03-31T10:58:32.926463 #12047] DEBUG -- : scoring weighed rated selections...
D, [2018-03-31T10:58:32.926591 #12047] DEBUG -- : Saving scored selections...
D, [2018-03-31T10:58:32.931325 #12047] DEBUG -- : State Score successfully calculated


D, [2018-03-31T10:58:32.931409 #12047] DEBUG -- : Saving scored selections...
D, [2018-03-31T10:58:33.009192 #12047] DEBUG -- : calculating updated score for older state...
D, [2018-03-31T10:58:33.012936 #12047] DEBUG -- : generating weighed rated selections...
D, [2018-03-31T10:58:33.025907 #12047] DEBUG -- : scoring weighed rated selections...
D, [2018-03-31T10:58:33.026897 #12047] DEBUG -- : Scoring new state: {:rating=>10, :state=>{:unknown=>1, :possibly_lighter=>0, :possibly_heavier=>0, :normal=>2}}
D, [2018-03-31T10:58:33.030005 #12047] DEBUG -- : calculating updated score for older state...
D, [2018-03-31T10:58:33.033474 #12047] DEBUG -- : generating weighed rated selections...
D, [2018-03-31T10:58:33.053074 #12047] DEBUG -- : scoring weighed rated selections...
D, [2018-03-31T10:58:33.053204 #12047] DEBUG -- : Saving scored selections...
D, [2018-03-31T10:58:33.056334 #12047] DEBUG -- : State Score successfully calculated


D, [2018-03-31T10:58:33.056423 #12047] DEBUG -- : Scoring new state: {:rating=>9, :state=>{:unknown=>0, :possibly_lighter=>1, :possibly_heavier=>1, :normal=>1}}
D, [2018-03-31T10:58:33.059067 #12047] DEBUG -- : calculating updated score for older state...
D, [2018-03-31T10:58:33.062651 #12047] DEBUG -- : generating weighed rated selections...
D, [2018-03-31T10:58:33.092600 #12047] DEBUG -- : scoring weighed rated selections...
D, [2018-03-31T10:58:33.092770 #12047] DEBUG -- : Saving scored selections...
D, [2018-03-31T10:58:33.097602 #12047] DEBUG -- : State Score successfully calculated


D, [2018-03-31T10:58:33.097689 #12047] DEBUG -- : Saving scored selections...
D, [2018-03-31T10:58:33.177087 #12047] DEBUG -- : calculating updated score for older state...
D, [2018-03-31T10:58:33.180749 #12047] DEBUG -- : generating weighed rated selections...
D, [2018-03-31T10:58:33.194140 #12047] DEBUG -- : scoring weighed rated selections...
D, [2018-03-31T10:58:33.194275 #12047] DEBUG -- : Scoring new state: {:rating=>10, :state=>{:unknown=>1, :possibly_lighter=>0, :possibly_heavier=>0, :normal=>2}}
D, [2018-03-31T10:58:33.197240 #12047] DEBUG -- : calculating updated score for older state...
D, [2018-03-31T10:58:33.200891 #12047] DEBUG -- : generating weighed rated selections...
D, [2018-03-31T10:58:33.221370 #12047] DEBUG -- : scoring weighed rated selections...
D, [2018-03-31T10:58:33.221490 #12047] DEBUG -- : Saving scored selections...
D, [2018-03-31T10:58:33.224894 #12047] DEBUG -- : State Score successfully calculated


D, [2018-03-31T10:58:33.224986 #12047] DEBUG -- : Scoring new state: {:rating=>9, :state=>{:unknown=>0, :possibly_lighter=>1, :possibly_heavier=>1, :normal=>1}}
D, [2018-03-31T10:58:33.227658 #12047] DEBUG -- : calculating updated score for older state...
D, [2018-03-31T10:58:33.231318 #12047] DEBUG -- : generating weighed rated selections...
D, [2018-03-31T10:58:33.262062 #12047] DEBUG -- : scoring weighed rated selections...
D, [2018-03-31T10:58:33.263271 #12047] DEBUG -- : Saving scored selections...
D, [2018-03-31T10:58:33.268179 #12047] DEBUG -- : State Score successfully calculated


D, [2018-03-31T10:58:33.268260 #12047] DEBUG -- : Saving scored selections...
D, [2018-03-31T10:58:33.343913 #12047] DEBUG -- : calculating updated score for older state...
D, [2018-03-31T10:58:33.347616 #12047] DEBUG -- : generating weighed rated selections...
D, [2018-03-31T10:58:33.360908 #12047] DEBUG -- : scoring weighed rated selections...
D, [2018-03-31T10:58:33.362184 #12047] DEBUG -- : Scoring new state: {:rating=>10, :state=>{:unknown=>1, :possibly_lighter=>0, :possibly_heavier=>0, :normal=>2}}
D, [2018-03-31T10:58:33.365389 #12047] DEBUG -- : calculating updated score for older state...
D, [2018-03-31T10:58:33.369093 #12047] DEBUG -- : generating weighed rated selections...
D, [2018-03-31T10:58:33.388678 #12047] DEBUG -- : scoring weighed rated selections...
D, [2018-03-31T10:58:33.388786 #12047] DEBUG -- : Saving scored selections...
D, [2018-03-31T10:58:33.392273 #12047] DEBUG -- : State Score successfully calculated


D, [2018-03-31T10:58:33.392379 #12047] DEBUG -- : Scoring new state: {:rating=>9, :state=>{:unknown=>0, :possibly_lighter=>1, :possibly_heavier=>1, :normal=>1}}
D, [2018-03-31T10:58:33.395123 #12047] DEBUG -- : calculating updated score for older state...
D, [2018-03-31T10:58:33.399023 #12047] DEBUG -- : generating weighed rated selections...
D, [2018-03-31T10:58:33.429570 #12047] DEBUG -- : scoring weighed rated selections...
D, [2018-03-31T10:58:33.429693 #12047] DEBUG -- : Saving scored selections...
D, [2018-03-31T10:58:33.434641 #12047] DEBUG -- : State Score successfully calculated


D, [2018-03-31T10:58:33.434724 #12047] DEBUG -- : Saving scored selections...
D, [2018-03-31T10:58:33.509328 #12047] DEBUG -- : calculating updated score for older state...
D, [2018-03-31T10:58:33.512893 #12047] DEBUG -- : generating weighed rated selections...
D, [2018-03-31T10:58:33.526060 #12047] DEBUG -- : scoring weighed rated selections...
D, [2018-03-31T10:58:33.526167 #12047] DEBUG -- : Scoring new state: {:rating=>10, :state=>{:unknown=>1, :possibly_lighter=>0, :possibly_heavier=>0, :normal=>2}}
D, [2018-03-31T10:58:33.529088 #12047] DEBUG -- : calculating updated score for older state...
D, [2018-03-31T10:58:33.532669 #12047] DEBUG -- : generating weighed rated selections...
D, [2018-03-31T10:58:33.553631 #12047] DEBUG -- : scoring weighed rated selections...
D, [2018-03-31T10:58:33.553753 #12047] DEBUG -- : Saving scored selections...
D, [2018-03-31T10:58:33.557183 #12047] DEBUG -- : State Score successfully calculated


D, [2018-03-31T10:58:33.557274 #12047] DEBUG -- : Scoring new state: {:rating=>9, :state=>{:unknown=>0, :possibly_lighter=>1, :possibly_heavier=>1, :normal=>1}}
D, [2018-03-31T10:58:33.559951 #12047] DEBUG -- : calculating updated score for older state...
D, [2018-03-31T10:58:33.563608 #12047] DEBUG -- : generating weighed rated selections...
D, [2018-03-31T10:58:33.593888 #12047] DEBUG -- : scoring weighed rated selections...
D, [2018-03-31T10:58:33.594014 #12047] DEBUG -- : Saving scored selections...
D, [2018-03-31T10:58:33.599627 #12047] DEBUG -- : State Score successfully calculated


D, [2018-03-31T10:58:33.599729 #12047] DEBUG -- : Saving scored selections...
D, [2018-03-31T10:58:33.679415 #12047] DEBUG -- : generating weighed rated selections...
D, [2018-03-31T10:58:33.797282 #12047] DEBUG -- : scoring weighed rated selections...
D, [2018-03-31T10:58:33.797437 #12047] DEBUG -- : Saving scored selections...
D, [2018-03-31T10:58:33.816656 #12047] DEBUG -- : generating weighed rated selections...
D, [2018-03-31T10:58:34.015066 #12047] DEBUG -- : scoring weighed rated selections...
D, [2018-03-31T10:58:34.015238 #12047] DEBUG -- : Saving scored selections...
D, [2018-03-31T10:59:44.063037 #12835] DEBUG -- : calculating updated score for older state...
D, [2018-03-31T10:59:44.066560 #12835] DEBUG -- : generating weighed rated selections...
D, [2018-03-31T10:59:44.079575 #12835] DEBUG -- : scoring weighed rated selections...
D, [2018-03-31T10:59:44.079701 #12835] DEBUG -- : Scoring new state: {:rating=>10, :state=>{:unknown=>1, :possibly_lighter=>0, :possibly_heavier=>0, :normal=>2}}
D, [2018-03-31T10:59:44.082413 #12835] DEBUG -- : calculating updated score for older state...
D, [2018-03-31T10:59:44.085916 #12835] DEBUG -- : generating weighed rated selections...
D, [2018-03-31T10:59:44.106112 #12835] DEBUG -- : scoring weighed rated selections...
D, [2018-03-31T10:59:44.106231 #12835] DEBUG -- : Saving scored selections...
D, [2018-03-31T10:59:44.109684 #12835] DEBUG -- : State Score successfully calculated


D, [2018-03-31T10:59:44.109770 #12835] DEBUG -- : Scoring new state: {:rating=>9, :state=>{:unknown=>0, :possibly_lighter=>1, :possibly_heavier=>1, :normal=>1}}
D, [2018-03-31T10:59:44.112313 #12835] DEBUG -- : calculating updated score for older state...
D, [2018-03-31T10:59:44.115796 #12835] DEBUG -- : generating weighed rated selections...
D, [2018-03-31T10:59:44.145738 #12835] DEBUG -- : scoring weighed rated selections...
D, [2018-03-31T10:59:44.145851 #12835] DEBUG -- : Saving scored selections...
D, [2018-03-31T10:59:44.151174 #12835] DEBUG -- : State Score successfully calculated


D, [2018-03-31T10:59:44.151261 #12835] DEBUG -- : Saving scored selections...
D, [2018-03-31T10:59:44.156472 #12835] DEBUG -- : -------> building selection...
D, [2018-03-31T10:59:44.157305 #12835] DEBUG -- : -------> building new state...
D, [2018-03-31T10:59:44.157666 #12835] DEBUG -- : -------> building new state...
D, [2018-03-31T10:59:44.157885 #12835] DEBUG -- : -------> building selection...
D, [2018-03-31T10:59:44.158233 #12835] DEBUG -- : -------> building new state...
D, [2018-03-31T10:59:44.158448 #12835] DEBUG -- : -------> building new state...
D, [2018-03-31T10:59:44.158641 #12835] DEBUG -- : -------> building selection...
D, [2018-03-31T10:59:44.158980 #12835] DEBUG -- : -------> building new state...
D, [2018-03-31T10:59:44.159089 #12835] DEBUG -- : -------> building new state...
D, [2018-03-31T10:59:44.159264 #12835] DEBUG -- : -------> building selection...
D, [2018-03-31T10:59:44.159557 #12835] DEBUG -- : -------> building new state...
D, [2018-03-31T10:59:44.159656 #12835] DEBUG -- : -------> building new state...
D, [2018-03-31T10:59:44.159931 #12835] DEBUG -- : -------> building selection...
D, [2018-03-31T10:59:44.160233 #12835] DEBUG -- : -------> building new state...
D, [2018-03-31T10:59:44.160334 #12835] DEBUG -- : -------> building new state...
D, [2018-03-31T10:59:44.160560 #12835] DEBUG -- : -------> building selection...
D, [2018-03-31T10:59:44.160873 #12835] DEBUG -- : -------> building new state...
D, [2018-03-31T10:59:44.160973 #12835] DEBUG -- : -------> building new state...
D, [2018-03-31T10:59:44.231444 #12835] DEBUG -- : calculating updated score for older state...
D, [2018-03-31T10:59:44.234977 #12835] DEBUG -- : generating weighed rated selections...
D, [2018-03-31T10:59:44.247757 #12835] DEBUG -- : scoring weighed rated selections...
D, [2018-03-31T10:59:44.247878 #12835] DEBUG -- : Scoring new state: {:rating=>10, :state=>{:unknown=>1, :possibly_lighter=>0, :possibly_heavier=>0, :normal=>2}}
D, [2018-03-31T10:59:44.250717 #12835] DEBUG -- : calculating updated score for older state...
D, [2018-03-31T10:59:44.254299 #12835] DEBUG -- : generating weighed rated selections...
D, [2018-03-31T10:59:44.274258 #12835] DEBUG -- : scoring weighed rated selections...
D, [2018-03-31T10:59:44.274368 #12835] DEBUG -- : Saving scored selections...
D, [2018-03-31T10:59:44.277657 #12835] DEBUG -- : State Score successfully calculated


D, [2018-03-31T10:59:44.277747 #12835] DEBUG -- : Scoring new state: {:rating=>9, :state=>{:unknown=>0, :possibly_lighter=>1, :possibly_heavier=>1, :normal=>1}}
D, [2018-03-31T10:59:44.280289 #12835] DEBUG -- : calculating updated score for older state...
D, [2018-03-31T10:59:44.283770 #12835] DEBUG -- : generating weighed rated selections...
D, [2018-03-31T10:59:44.313630 #12835] DEBUG -- : scoring weighed rated selections...
D, [2018-03-31T10:59:44.313738 #12835] DEBUG -- : Saving scored selections...
D, [2018-03-31T10:59:44.318467 #12835] DEBUG -- : State Score successfully calculated


D, [2018-03-31T10:59:44.318547 #12835] DEBUG -- : Saving scored selections...
D, [2018-03-31T10:59:44.325106 #12835] DEBUG -- : -------> building selection...
D, [2018-03-31T10:59:44.325949 #12835] DEBUG -- : -------> building new state...
D, [2018-03-31T10:59:44.326212 #12835] DEBUG -- : -------> building new state...
D, [2018-03-31T10:59:44.326552 #12835] DEBUG -- : -------> building selection...
D, [2018-03-31T10:59:44.327008 #12835] DEBUG -- : -------> building new state...
D, [2018-03-31T10:59:44.327137 #12835] DEBUG -- : -------> building new state...
D, [2018-03-31T10:59:44.327328 #12835] DEBUG -- : -------> building selection...
D, [2018-03-31T10:59:44.327623 #12835] DEBUG -- : -------> building new state...
D, [2018-03-31T10:59:44.327725 #12835] DEBUG -- : -------> building new state...
D, [2018-03-31T10:59:44.327891 #12835] DEBUG -- : -------> building selection...
D, [2018-03-31T10:59:44.328177 #12835] DEBUG -- : -------> building new state...
D, [2018-03-31T10:59:44.328289 #12835] DEBUG -- : -------> building new state...
D, [2018-03-31T10:59:44.328456 #12835] DEBUG -- : -------> building selection...
D, [2018-03-31T10:59:44.328769 #12835] DEBUG -- : -------> building new state...
D, [2018-03-31T10:59:44.328885 #12835] DEBUG -- : -------> building new state...
D, [2018-03-31T10:59:44.398720 #12835] DEBUG -- : calculating updated score for older state...
D, [2018-03-31T10:59:44.402290 #12835] DEBUG -- : generating weighed rated selections...
D, [2018-03-31T10:59:44.415050 #12835] DEBUG -- : scoring weighed rated selections...
D, [2018-03-31T10:59:44.415173 #12835] DEBUG -- : Scoring new state: {:rating=>10, :state=>{:unknown=>1, :possibly_lighter=>0, :possibly_heavier=>0, :normal=>2}}
D, [2018-03-31T10:59:44.417944 #12835] DEBUG -- : calculating updated score for older state...
D, [2018-03-31T10:59:44.421483 #12835] DEBUG -- : generating weighed rated selections...
D, [2018-03-31T10:59:44.440639 #12835] DEBUG -- : scoring weighed rated selections...
D, [2018-03-31T10:59:44.440750 #12835] DEBUG -- : Saving scored selections...
D, [2018-03-31T10:59:44.443942 #12835] DEBUG -- : State Score successfully calculated


D, [2018-03-31T10:59:44.444039 #12835] DEBUG -- : Scoring new state: {:rating=>9, :state=>{:unknown=>0, :possibly_lighter=>1, :possibly_heavier=>1, :normal=>1}}
D, [2018-03-31T10:59:44.446586 #12835] DEBUG -- : calculating updated score for older state...
D, [2018-03-31T10:59:44.450084 #12835] DEBUG -- : generating weighed rated selections...
D, [2018-03-31T10:59:44.479760 #12835] DEBUG -- : scoring weighed rated selections...
D, [2018-03-31T10:59:44.479875 #12835] DEBUG -- : Saving scored selections...
D, [2018-03-31T10:59:44.484669 #12835] DEBUG -- : State Score successfully calculated


D, [2018-03-31T10:59:44.484753 #12835] DEBUG -- : Saving scored selections...
D, [2018-03-31T10:59:44.488995 #12835] DEBUG -- : -------> building new state...
D, [2018-03-31T10:59:44.489811 #12835] DEBUG -- : -------> building new state...
D, [2018-03-31T10:59:44.559288 #12835] DEBUG -- : calculating updated score for older state...
D, [2018-03-31T10:59:44.562871 #12835] DEBUG -- : generating weighed rated selections...
D, [2018-03-31T10:59:44.575657 #12835] DEBUG -- : scoring weighed rated selections...
D, [2018-03-31T10:59:44.575782 #12835] DEBUG -- : Scoring new state: {:rating=>10, :state=>{:unknown=>1, :possibly_lighter=>0, :possibly_heavier=>0, :normal=>2}}
D, [2018-03-31T10:59:44.578671 #12835] DEBUG -- : calculating updated score for older state...
D, [2018-03-31T10:59:44.582220 #12835] DEBUG -- : generating weighed rated selections...
D, [2018-03-31T10:59:44.601982 #12835] DEBUG -- : scoring weighed rated selections...
D, [2018-03-31T10:59:44.602093 #12835] DEBUG -- : Saving scored selections...
D, [2018-03-31T10:59:44.605562 #12835] DEBUG -- : State Score successfully calculated


D, [2018-03-31T10:59:44.605653 #12835] DEBUG -- : Scoring new state: {:rating=>9, :state=>{:unknown=>0, :possibly_lighter=>1, :possibly_heavier=>1, :normal=>1}}
D, [2018-03-31T10:59:44.608201 #12835] DEBUG -- : calculating updated score for older state...
D, [2018-03-31T10:59:44.611711 #12835] DEBUG -- : generating weighed rated selections...
D, [2018-03-31T10:59:44.641281 #12835] DEBUG -- : scoring weighed rated selections...
D, [2018-03-31T10:59:44.641393 #12835] DEBUG -- : Saving scored selections...
D, [2018-03-31T10:59:44.646234 #12835] DEBUG -- : State Score successfully calculated


D, [2018-03-31T10:59:44.646316 #12835] DEBUG -- : Saving scored selections...
D, [2018-03-31T10:59:47.149304 #12835] DEBUG -- : Scoring new state: {:rating=>31, :state=>{:unknown=>0, :possibly_lighter=>1, :possibly_heavier=>2, :normal=>5}}
D, [2018-03-31T10:59:47.152219 #12835] DEBUG -- : generating score for new state...
D, [2018-03-31T10:59:47.156177 #12835] DEBUG -- : new state info recorded
D, [2018-03-31T10:59:47.160034 #12835] DEBUG -- : generating weighed rated selections...
D, [2018-03-31T10:59:47.369028 #12835] DEBUG -- : scoring weighed rated selections...
D, [2018-03-31T10:59:47.369199 #12835] DEBUG -- : Saving scored selections...
D, [2018-03-31T10:59:47.376920 #12835] DEBUG -- : State Score successfully calculated


D, [2018-03-31T10:59:47.377025 #12835] DEBUG -- : Scoring new state: {:rating=>34, :state=>{:unknown=>0, :possibly_lighter=>1, :possibly_heavier=>1, :normal=>6}}
D, [2018-03-31T10:59:47.379766 #12835] DEBUG -- : calculating updated score for older state...
D, [2018-03-31T10:59:47.383393 #12835] DEBUG -- : generating weighed rated selections...
D, [2018-03-31T10:59:47.485624 #12835] DEBUG -- : scoring weighed rated selections...
D, [2018-03-31T10:59:47.485809 #12835] DEBUG -- : Saving scored selections...
D, [2018-03-31T10:59:47.501212 #12835] DEBUG -- : State Score successfully calculated


D, [2018-03-31T10:59:47.501314 #12835] DEBUG -- : Scoring new state: {:rating=>31, :state=>{:unknown=>0, :possibly_lighter=>2, :possibly_heavier=>1, :normal=>5}}
D, [2018-03-31T10:59:47.503970 #12835] DEBUG -- : generating score for new state...
D, [2018-03-31T10:59:47.507539 #12835] DEBUG -- : new state info recorded
D, [2018-03-31T10:59:47.511079 #12835] DEBUG -- : generating weighed rated selections...
D, [2018-03-31T10:59:47.710318 #12835] DEBUG -- : scoring weighed rated selections...
D, [2018-03-31T10:59:47.710490 #12835] DEBUG -- : Saving scored selections...
D, [2018-03-31T10:59:47.717854 #12835] DEBUG -- : State Score successfully calculated


D, [2018-03-31T10:59:47.783927 #12835] DEBUG -- : Scoring new state: {:rating=>29, :state=>{:unknown=>1, :possibly_lighter=>2, :possibly_heavier=>0, :normal=>5}}
D, [2018-03-31T10:59:47.786718 #12835] DEBUG -- : generating score for new state...
D, [2018-03-31T10:59:47.790335 #12835] DEBUG -- : new state info recorded
D, [2018-03-31T10:59:47.793674 #12835] DEBUG -- : generating weighed rated selections...
D, [2018-03-31T10:59:48.032208 #12835] DEBUG -- : scoring weighed rated selections...
D, [2018-03-31T10:59:48.032399 #12835] DEBUG -- : Scoring new state: {:rating=>35, :state=>{:unknown=>1, :possibly_lighter=>0, :possibly_heavier=>0, :normal=>7}}
D, [2018-03-31T10:59:48.036094 #12835] DEBUG -- : calculating updated score for older state...
D, [2018-03-31T10:59:48.039751 #12835] DEBUG -- : generating weighed rated selections...
D, [2018-03-31T10:59:48.089582 #12835] DEBUG -- : scoring weighed rated selections...
D, [2018-03-31T10:59:48.089707 #12835] DEBUG -- : Saving scored selections...
D, [2018-03-31T10:59:48.097567 #12835] DEBUG -- : State Score successfully calculated


D, [2018-03-31T10:59:48.097663 #12835] DEBUG -- : Scoring new state: {:rating=>37, :state=>{:unknown=>0, :possibly_lighter=>1, :possibly_heavier=>0, :normal=>7}}
D, [2018-03-31T10:59:48.097692 #12835] DEBUG -- : State Score successfully calculated


D, [2018-03-31T10:59:48.097732 #12835] DEBUG -- : Scoring new state: {:rating=>35, :state=>{:unknown=>1, :possibly_lighter=>0, :possibly_heavier=>0, :normal=>7}}
D, [2018-03-31T10:59:48.100375 #12835] DEBUG -- : returning fully calculated score...
D, [2018-03-31T10:59:48.100447 #12835] DEBUG -- : State Score successfully calculated


D, [2018-03-31T10:59:48.100498 #12835] DEBUG -- : Scoring new state: {:rating=>37, :state=>{:unknown=>0, :possibly_lighter=>1, :possibly_heavier=>0, :normal=>7}}
D, [2018-03-31T10:59:48.100521 #12835] DEBUG -- : State Score successfully calculated


D, [2018-03-31T10:59:48.100560 #12835] DEBUG -- : Scoring new state: {:rating=>35, :state=>{:unknown=>1, :possibly_lighter=>0, :possibly_heavier=>0, :normal=>7}}
D, [2018-03-31T10:59:48.103188 #12835] DEBUG -- : returning fully calculated score...
D, [2018-03-31T10:59:48.103270 #12835] DEBUG -- : State Score successfully calculated


D, [2018-03-31T10:59:48.103323 #12835] DEBUG -- : Scoring new state: {:rating=>37, :state=>{:unknown=>0, :possibly_lighter=>1, :possibly_heavier=>0, :normal=>7}}
D, [2018-03-31T10:59:48.103356 #12835] DEBUG -- : State Score successfully calculated


D, [2018-03-31T10:59:48.103405 #12835] DEBUG -- : Scoring new state: {:rating=>37, :state=>{:unknown=>0, :possibly_lighter=>0, :possibly_heavier=>1, :normal=>7}}
D, [2018-03-31T10:59:48.103437 #12835] DEBUG -- : State Score successfully calculated


D, [2018-03-31T10:59:48.104137 #12835] DEBUG -- : Scoring new state: {:rating=>37, :state=>{:unknown=>0, :possibly_lighter=>1, :possibly_heavier=>0, :normal=>7}}
D, [2018-03-31T10:59:48.104196 #12835] DEBUG -- : State Score successfully calculated


D, [2018-03-31T10:59:48.104232 #12835] DEBUG -- : Scoring new state: {:rating=>34, :state=>{:unknown=>0, :possibly_lighter=>2, :possibly_heavier=>0, :normal=>6}}
D, [2018-03-31T10:59:48.108335 #12835] DEBUG -- : calculating updated score for older state...
D, [2018-03-31T10:59:48.111993 #12835] DEBUG -- : generating weighed rated selections...
D, [2018-03-31T10:59:48.158424 #12835] DEBUG -- : scoring weighed rated selections...
D, [2018-03-31T10:59:48.158565 #12835] DEBUG -- : Saving scored selections...
D, [2018-03-31T10:59:48.167862 #12835] DEBUG -- : State Score successfully calculated


D, [2018-03-31T10:59:48.167961 #12835] DEBUG -- : Scoring new state: {:rating=>34, :state=>{:unknown=>0, :possibly_lighter=>1, :possibly_heavier=>1, :normal=>6}}
D, [2018-03-31T10:59:48.170548 #12835] DEBUG -- : calculating updated score for older state...
D, [2018-03-31T10:59:48.174050 #12835] DEBUG -- : generating weighed rated selections...
D, [2018-03-31T10:59:48.280511 #12835] DEBUG -- : scoring weighed rated selections...
D, [2018-03-31T10:59:48.280638 #12835] DEBUG -- : Saving scored selections...
D, [2018-03-31T10:59:48.296168 #12835] DEBUG -- : State Score successfully calculated


D, [2018-03-31T10:59:48.296267 #12835] DEBUG -- : Scoring new state: {:rating=>37, :state=>{:unknown=>0, :possibly_lighter=>1, :possibly_heavier=>0, :normal=>7}}
D, [2018-03-31T10:59:48.296294 #12835] DEBUG -- : State Score successfully calculated


D, [2018-03-31T10:59:48.296330 #12835] DEBUG -- : Scoring new state: {:rating=>37, :state=>{:unknown=>0, :possibly_lighter=>0, :possibly_heavier=>1, :normal=>7}}
D, [2018-03-31T10:59:48.296351 #12835] DEBUG -- : State Score successfully calculated


D, [2018-03-31T10:59:48.296376 #12835] DEBUG -- : Scoring new state: {:rating=>37, :state=>{:unknown=>0, :possibly_lighter=>1, :possibly_heavier=>0, :normal=>7}}
D, [2018-03-31T10:59:48.296407 #12835] DEBUG -- : State Score successfully calculated


D, [2018-03-31T10:59:48.296431 #12835] DEBUG -- : Scoring new state: {:rating=>34, :state=>{:unknown=>0, :possibly_lighter=>2, :possibly_heavier=>0, :normal=>6}}
D, [2018-03-31T10:59:48.299124 #12835] DEBUG -- : returning fully calculated score...
D, [2018-03-31T10:59:48.299185 #12835] DEBUG -- : State Score successfully calculated


D, [2018-03-31T10:59:48.299226 #12835] DEBUG -- : Scoring new state: {:rating=>34, :state=>{:unknown=>0, :possibly_lighter=>1, :possibly_heavier=>1, :normal=>6}}
D, [2018-03-31T10:59:48.301816 #12835] DEBUG -- : returning fully calculated score...
D, [2018-03-31T10:59:48.301893 #12835] DEBUG -- : State Score successfully calculated


D, [2018-03-31T10:59:48.301931 #12835] DEBUG -- : Scoring new state: {:rating=>37, :state=>{:unknown=>0, :possibly_lighter=>1, :possibly_heavier=>0, :normal=>7}}
D, [2018-03-31T10:59:48.301955 #12835] DEBUG -- : State Score successfully calculated


D, [2018-03-31T10:59:48.301990 #12835] DEBUG -- : Scoring new state: {:rating=>37, :state=>{:unknown=>0, :possibly_lighter=>0, :possibly_heavier=>1, :normal=>7}}
D, [2018-03-31T10:59:48.302010 #12835] DEBUG -- : State Score successfully calculated


D, [2018-03-31T10:59:48.302036 #12835] DEBUG -- : Scoring new state: {:rating=>37, :state=>{:unknown=>0, :possibly_lighter=>1, :possibly_heavier=>0, :normal=>7}}
D, [2018-03-31T10:59:48.302055 #12835] DEBUG -- : State Score successfully calculated


D, [2018-03-31T10:59:48.302080 #12835] DEBUG -- : Scoring new state: {:rating=>34, :state=>{:unknown=>0, :possibly_lighter=>2, :possibly_heavier=>0, :normal=>6}}
D, [2018-03-31T10:59:48.304586 #12835] DEBUG -- : returning fully calculated score...
D, [2018-03-31T10:59:48.304655 #12835] DEBUG -- : State Score successfully calculated


D, [2018-03-31T10:59:48.304699 #12835] DEBUG -- : Scoring new state: {:rating=>35, :state=>{:unknown=>1, :possibly_lighter=>0, :possibly_heavier=>0, :normal=>7}}
D, [2018-03-31T10:59:48.307222 #12835] DEBUG -- : returning fully calculated score...
D, [2018-03-31T10:59:48.307286 #12835] DEBUG -- : State Score successfully calculated


D, [2018-03-31T10:59:48.307337 #12835] DEBUG -- : Scoring new state: {:rating=>34, :state=>{:unknown=>0, :possibly_lighter=>2, :possibly_heavier=>0, :normal=>6}}
D, [2018-03-31T10:59:48.309781 #12835] DEBUG -- : returning fully calculated score...
D, [2018-03-31T10:59:48.309849 #12835] DEBUG -- : State Score successfully calculated


D, [2018-03-31T10:59:48.309893 #12835] DEBUG -- : Scoring new state: {:rating=>37, :state=>{:unknown=>0, :possibly_lighter=>0, :possibly_heavier=>1, :normal=>7}}
D, [2018-03-31T10:59:48.309915 #12835] DEBUG -- : State Score successfully calculated


D, [2018-03-31T10:59:48.309941 #12835] DEBUG -- : Scoring new state: {:rating=>34, :state=>{:unknown=>0, :possibly_lighter=>2, :possibly_heavier=>0, :normal=>6}}
D, [2018-03-31T10:59:48.312419 #12835] DEBUG -- : returning fully calculated score...
D, [2018-03-31T10:59:48.312485 #12835] DEBUG -- : State Score successfully calculated


D, [2018-03-31T10:59:48.312518 #12835] DEBUG -- : Scoring new state: {:rating=>37, :state=>{:unknown=>0, :possibly_lighter=>1, :possibly_heavier=>0, :normal=>7}}
D, [2018-03-31T10:59:48.312540 #12835] DEBUG -- : State Score successfully calculated


D, [2018-03-31T10:59:48.312573 #12835] DEBUG -- : Scoring new state: {:rating=>34, :state=>{:unknown=>0, :possibly_lighter=>1, :possibly_heavier=>1, :normal=>6}}
D, [2018-03-31T10:59:48.315037 #12835] DEBUG -- : returning fully calculated score...
D, [2018-03-31T10:59:48.315096 #12835] DEBUG -- : State Score successfully calculated


D, [2018-03-31T10:59:48.315147 #12835] DEBUG -- : Scoring new state: {:rating=>37, :state=>{:unknown=>0, :possibly_lighter=>1, :possibly_heavier=>0, :normal=>7}}
D, [2018-03-31T10:59:48.315172 #12835] DEBUG -- : State Score successfully calculated


D, [2018-03-31T10:59:48.315207 #12835] DEBUG -- : Scoring new state: {:rating=>34, :state=>{:unknown=>0, :possibly_lighter=>1, :possibly_heavier=>1, :normal=>6}}
D, [2018-03-31T10:59:48.317711 #12835] DEBUG -- : returning fully calculated score...
D, [2018-03-31T10:59:48.317775 #12835] DEBUG -- : State Score successfully calculated


D, [2018-03-31T10:59:48.317826 #12835] DEBUG -- : Scoring new state: {:rating=>34, :state=>{:unknown=>0, :possibly_lighter=>2, :possibly_heavier=>0, :normal=>6}}
D, [2018-03-31T10:59:48.320304 #12835] DEBUG -- : returning fully calculated score...
D, [2018-03-31T10:59:48.320370 #12835] DEBUG -- : State Score successfully calculated


D, [2018-03-31T10:59:48.320414 #12835] DEBUG -- : Scoring new state: {:rating=>37, :state=>{:unknown=>0, :possibly_lighter=>0, :possibly_heavier=>1, :normal=>7}}
D, [2018-03-31T10:59:48.320438 #12835] DEBUG -- : State Score successfully calculated


D, [2018-03-31T10:59:48.320465 #12835] DEBUG -- : Scoring new state: {:rating=>37, :state=>{:unknown=>0, :possibly_lighter=>1, :possibly_heavier=>0, :normal=>7}}
D, [2018-03-31T10:59:48.320484 #12835] DEBUG -- : State Score successfully calculated


D, [2018-03-31T10:59:48.320509 #12835] DEBUG -- : Scoring new state: {:rating=>34, :state=>{:unknown=>0, :possibly_lighter=>2, :possibly_heavier=>0, :normal=>6}}
D, [2018-03-31T10:59:48.322914 #12835] DEBUG -- : returning fully calculated score...
D, [2018-03-31T10:59:48.322988 #12835] DEBUG -- : State Score successfully calculated


D, [2018-03-31T10:59:48.323040 #12835] DEBUG -- : Scoring new state: {:rating=>34, :state=>{:unknown=>0, :possibly_lighter=>1, :possibly_heavier=>1, :normal=>6}}
D, [2018-03-31T10:59:48.326983 #12835] DEBUG -- : returning fully calculated score...
D, [2018-03-31T10:59:48.327054 #12835] DEBUG -- : State Score successfully calculated


D, [2018-03-31T10:59:48.327093 #12835] DEBUG -- : Scoring new state: {:rating=>37, :state=>{:unknown=>0, :possibly_lighter=>1, :possibly_heavier=>0, :normal=>7}}
D, [2018-03-31T10:59:48.327117 #12835] DEBUG -- : State Score successfully calculated


D, [2018-03-31T10:59:48.327151 #12835] DEBUG -- : Scoring new state: {:rating=>35, :state=>{:unknown=>1, :possibly_lighter=>0, :possibly_heavier=>0, :normal=>7}}
D, [2018-03-31T10:59:48.329648 #12835] DEBUG -- : returning fully calculated score...
D, [2018-03-31T10:59:48.329721 #12835] DEBUG -- : State Score successfully calculated


D, [2018-03-31T10:59:48.329772 #12835] DEBUG -- : Scoring new state: {:rating=>34, :state=>{:unknown=>0, :possibly_lighter=>2, :possibly_heavier=>0, :normal=>6}}
D, [2018-03-31T10:59:48.332226 #12835] DEBUG -- : returning fully calculated score...
D, [2018-03-31T10:59:48.332292 #12835] DEBUG -- : State Score successfully calculated


D, [2018-03-31T10:59:48.332337 #12835] DEBUG -- : Scoring new state: {:rating=>37, :state=>{:unknown=>0, :possibly_lighter=>0, :possibly_heavier=>1, :normal=>7}}
D, [2018-03-31T10:59:48.332361 #12835] DEBUG -- : State Score successfully calculated


D, [2018-03-31T10:59:48.332387 #12835] DEBUG -- : Scoring new state: {:rating=>34, :state=>{:unknown=>0, :possibly_lighter=>2, :possibly_heavier=>0, :normal=>6}}
D, [2018-03-31T10:59:48.334902 #12835] DEBUG -- : returning fully calculated score...
D, [2018-03-31T10:59:48.334962 #12835] DEBUG -- : State Score successfully calculated


D, [2018-03-31T10:59:48.335010 #12835] DEBUG -- : Scoring new state: {:rating=>37, :state=>{:unknown=>0, :possibly_lighter=>1, :possibly_heavier=>0, :normal=>7}}
D, [2018-03-31T10:59:48.335035 #12835] DEBUG -- : State Score successfully calculated


D, [2018-03-31T10:59:48.335071 #12835] DEBUG -- : Scoring new state: {:rating=>34, :state=>{:unknown=>0, :possibly_lighter=>1, :possibly_heavier=>1, :normal=>6}}
D, [2018-03-31T10:59:48.337557 #12835] DEBUG -- : returning fully calculated score...
D, [2018-03-31T10:59:48.337620 #12835] DEBUG -- : State Score successfully calculated


D, [2018-03-31T10:59:48.337670 #12835] DEBUG -- : Scoring new state: {:rating=>34, :state=>{:unknown=>0, :possibly_lighter=>2, :possibly_heavier=>0, :normal=>6}}
D, [2018-03-31T10:59:48.340148 #12835] DEBUG -- : returning fully calculated score...
D, [2018-03-31T10:59:48.340225 #12835] DEBUG -- : State Score successfully calculated


D, [2018-03-31T10:59:48.340270 #12835] DEBUG -- : Scoring new state: {:rating=>37, :state=>{:unknown=>0, :possibly_lighter=>0, :possibly_heavier=>1, :normal=>7}}
D, [2018-03-31T10:59:48.340294 #12835] DEBUG -- : State Score successfully calculated


D, [2018-03-31T10:59:48.340320 #12835] DEBUG -- : Scoring new state: {:rating=>37, :state=>{:unknown=>0, :possibly_lighter=>1, :possibly_heavier=>0, :normal=>7}}
D, [2018-03-31T10:59:48.340339 #12835] DEBUG -- : State Score successfully calculated


D, [2018-03-31T10:59:48.340395 #12835] DEBUG -- : Scoring new state: {:rating=>34, :state=>{:unknown=>0, :possibly_lighter=>2, :possibly_heavier=>0, :normal=>6}}
D, [2018-03-31T10:59:48.342865 #12835] DEBUG -- : returning fully calculated score...
D, [2018-03-31T10:59:48.342926 #12835] DEBUG -- : State Score successfully calculated


D, [2018-03-31T10:59:48.342970 #12835] DEBUG -- : Scoring new state: {:rating=>35, :state=>{:unknown=>1, :possibly_lighter=>0, :possibly_heavier=>0, :normal=>7}}
D, [2018-03-31T10:59:48.345431 #12835] DEBUG -- : returning fully calculated score...
D, [2018-03-31T10:59:48.345495 #12835] DEBUG -- : State Score successfully calculated


D, [2018-03-31T10:59:48.345530 #12835] DEBUG -- : Scoring new state: {:rating=>34, :state=>{:unknown=>0, :possibly_lighter=>2, :possibly_heavier=>0, :normal=>6}}
D, [2018-03-31T10:59:48.347953 #12835] DEBUG -- : returning fully calculated score...
D, [2018-03-31T10:59:48.348019 #12835] DEBUG -- : State Score successfully calculated


D, [2018-03-31T10:59:48.348062 #12835] DEBUG -- : Scoring new state: {:rating=>37, :state=>{:unknown=>0, :possibly_lighter=>0, :possibly_heavier=>1, :normal=>7}}
D, [2018-03-31T10:59:48.348084 #12835] DEBUG -- : State Score successfully calculated


D, [2018-03-31T10:59:48.348110 #12835] DEBUG -- : Scoring new state: {:rating=>34, :state=>{:unknown=>0, :possibly_lighter=>2, :possibly_heavier=>0, :normal=>6}}
D, [2018-03-31T10:59:48.350554 #12835] DEBUG -- : returning fully calculated score...
D, [2018-03-31T10:59:48.350616 #12835] DEBUG -- : State Score successfully calculated


D, [2018-03-31T10:59:48.350651 #12835] DEBUG -- : Scoring new state: {:rating=>37, :state=>{:unknown=>0, :possibly_lighter=>1, :possibly_heavier=>0, :normal=>7}}
D, [2018-03-31T10:59:48.350674 #12835] DEBUG -- : State Score successfully calculated


D, [2018-03-31T10:59:48.350710 #12835] DEBUG -- : Scoring new state: {:rating=>34, :state=>{:unknown=>0, :possibly_lighter=>1, :possibly_heavier=>1, :normal=>6}}
D, [2018-03-31T10:59:48.353134 #12835] DEBUG -- : returning fully calculated score...
D, [2018-03-31T10:59:48.353202 #12835] DEBUG -- : State Score successfully calculated


D, [2018-03-31T10:59:48.353235 #12835] DEBUG -- : Scoring new state: {:rating=>37, :state=>{:unknown=>0, :possibly_lighter=>1, :possibly_heavier=>0, :normal=>7}}
D, [2018-03-31T10:59:48.353258 #12835] DEBUG -- : State Score successfully calculated


D, [2018-03-31T10:59:48.353293 #12835] DEBUG -- : Scoring new state: {:rating=>34, :state=>{:unknown=>0, :possibly_lighter=>1, :possibly_heavier=>1, :normal=>6}}
D, [2018-03-31T10:59:48.355803 #12835] DEBUG -- : returning fully calculated score...
D, [2018-03-31T10:59:48.355867 #12835] DEBUG -- : State Score successfully calculated


D, [2018-03-31T10:59:48.355929 #12835] DEBUG -- : Scoring new state: {:rating=>34, :state=>{:unknown=>0, :possibly_lighter=>2, :possibly_heavier=>0, :normal=>6}}
D, [2018-03-31T10:59:48.358384 #12835] DEBUG -- : returning fully calculated score...
D, [2018-03-31T10:59:48.358449 #12835] DEBUG -- : State Score successfully calculated


D, [2018-03-31T10:59:48.358492 #12835] DEBUG -- : Scoring new state: {:rating=>37, :state=>{:unknown=>0, :possibly_lighter=>0, :possibly_heavier=>1, :normal=>7}}
D, [2018-03-31T10:59:48.358514 #12835] DEBUG -- : State Score successfully calculated


D, [2018-03-31T10:59:48.358541 #12835] DEBUG -- : Scoring new state: {:rating=>37, :state=>{:unknown=>0, :possibly_lighter=>1, :possibly_heavier=>0, :normal=>7}}
D, [2018-03-31T10:59:48.358574 #12835] DEBUG -- : State Score successfully calculated


D, [2018-03-31T10:59:48.358600 #12835] DEBUG -- : Scoring new state: {:rating=>34, :state=>{:unknown=>0, :possibly_lighter=>2, :possibly_heavier=>0, :normal=>6}}
D, [2018-03-31T10:59:48.361024 #12835] DEBUG -- : returning fully calculated score...
D, [2018-03-31T10:59:48.361085 #12835] DEBUG -- : State Score successfully calculated


D, [2018-03-31T10:59:48.361126 #12835] DEBUG -- : Scoring new state: {:rating=>34, :state=>{:unknown=>0, :possibly_lighter=>1, :possibly_heavier=>1, :normal=>6}}
D, [2018-03-31T10:59:48.363559 #12835] DEBUG -- : returning fully calculated score...
D, [2018-03-31T10:59:48.363619 #12835] DEBUG -- : State Score successfully calculated


D, [2018-03-31T10:59:48.363654 #12835] DEBUG -- : Scoring new state: {:rating=>37, :state=>{:unknown=>0, :possibly_lighter=>1, :possibly_heavier=>0, :normal=>7}}
D, [2018-03-31T10:59:48.363676 #12835] DEBUG -- : State Score successfully calculated


D, [2018-03-31T10:59:48.363709 #12835] DEBUG -- : Scoring new state: {:rating=>35, :state=>{:unknown=>1, :possibly_lighter=>0, :possibly_heavier=>0, :normal=>7}}
D, [2018-03-31T10:59:48.366140 #12835] DEBUG -- : returning fully calculated score...
D, [2018-03-31T10:59:48.366201 #12835] DEBUG -- : State Score successfully calculated


D, [2018-03-31T10:59:48.366254 #12835] DEBUG -- : Scoring new state: {:rating=>34, :state=>{:unknown=>0, :possibly_lighter=>2, :possibly_heavier=>0, :normal=>6}}
D, [2018-03-31T10:59:48.368720 #12835] DEBUG -- : returning fully calculated score...
D, [2018-03-31T10:59:48.368785 #12835] DEBUG -- : State Score successfully calculated


D, [2018-03-31T10:59:48.368830 #12835] DEBUG -- : Scoring new state: {:rating=>37, :state=>{:unknown=>0, :possibly_lighter=>0, :possibly_heavier=>1, :normal=>7}}
D, [2018-03-31T10:59:48.368854 #12835] DEBUG -- : State Score successfully calculated


D, [2018-03-31T10:59:48.368881 #12835] DEBUG -- : Scoring new state: {:rating=>34, :state=>{:unknown=>0, :possibly_lighter=>2, :possibly_heavier=>0, :normal=>6}}
D, [2018-03-31T10:59:48.371415 #12835] DEBUG -- : returning fully calculated score...
D, [2018-03-31T10:59:48.371482 #12835] DEBUG -- : State Score successfully calculated


D, [2018-03-31T10:59:48.371533 #12835] DEBUG -- : Scoring new state: {:rating=>37, :state=>{:unknown=>0, :possibly_lighter=>1, :possibly_heavier=>0, :normal=>7}}
D, [2018-03-31T10:59:48.371558 #12835] DEBUG -- : State Score successfully calculated


D, [2018-03-31T10:59:48.371592 #12835] DEBUG -- : Scoring new state: {:rating=>34, :state=>{:unknown=>0, :possibly_lighter=>1, :possibly_heavier=>1, :normal=>6}}
D, [2018-03-31T10:59:48.374003 #12835] DEBUG -- : returning fully calculated score...
D, [2018-03-31T10:59:48.374062 #12835] DEBUG -- : State Score successfully calculated


D, [2018-03-31T10:59:48.374111 #12835] DEBUG -- : Scoring new state: {:rating=>34, :state=>{:unknown=>0, :possibly_lighter=>2, :possibly_heavier=>0, :normal=>6}}
D, [2018-03-31T10:59:48.376546 #12835] DEBUG -- : returning fully calculated score...
D, [2018-03-31T10:59:48.376616 #12835] DEBUG -- : State Score successfully calculated


D, [2018-03-31T10:59:48.376659 #12835] DEBUG -- : Scoring new state: {:rating=>34, :state=>{:unknown=>0, :possibly_lighter=>1, :possibly_heavier=>1, :normal=>6}}
D, [2018-03-31T10:59:48.379697 #12835] DEBUG -- : returning fully calculated score...
D, [2018-03-31T10:59:48.379768 #12835] DEBUG -- : State Score successfully calculated


D, [2018-03-31T10:59:48.379818 #12835] DEBUG -- : Scoring new state: {:rating=>34, :state=>{:unknown=>0, :possibly_lighter=>2, :possibly_heavier=>0, :normal=>6}}
D, [2018-03-31T10:59:48.382287 #12835] DEBUG -- : returning fully calculated score...
D, [2018-03-31T10:59:48.382353 #12835] DEBUG -- : State Score successfully calculated


D, [2018-03-31T10:59:48.382412 #12835] DEBUG -- : Scoring new state: {:rating=>34, :state=>{:unknown=>0, :possibly_lighter=>1, :possibly_heavier=>1, :normal=>6}}
D, [2018-03-31T10:59:48.384899 #12835] DEBUG -- : returning fully calculated score...
D, [2018-03-31T10:59:48.384975 #12835] DEBUG -- : State Score successfully calculated


D, [2018-03-31T10:59:48.385011 #12835] DEBUG -- : Scoring new state: {:rating=>34, :state=>{:unknown=>0, :possibly_lighter=>2, :possibly_heavier=>0, :normal=>6}}
D, [2018-03-31T10:59:48.387619 #12835] DEBUG -- : returning fully calculated score...
D, [2018-03-31T10:59:48.387687 #12835] DEBUG -- : State Score successfully calculated


D, [2018-03-31T10:59:48.387748 #12835] DEBUG -- : Scoring new state: {:rating=>32, :state=>{:unknown=>1, :possibly_lighter=>1, :possibly_heavier=>0, :normal=>6}}
D, [2018-03-31T10:59:48.390195 #12835] DEBUG -- : calculating updated score for older state...
D, [2018-03-31T10:59:48.393527 #12835] DEBUG -- : generating weighed rated selections...
D, [2018-03-31T10:59:48.521583 #12835] DEBUG -- : scoring weighed rated selections...
D, [2018-03-31T10:59:48.521728 #12835] DEBUG -- : Saving scored selections...
D, [2018-03-31T10:59:48.528129 #12835] DEBUG -- : State Score successfully calculated


D, [2018-03-31T10:59:48.528221 #12835] DEBUG -- : Scoring new state: {:rating=>37, :state=>{:unknown=>0, :possibly_lighter=>1, :possibly_heavier=>0, :normal=>7}}
D, [2018-03-31T10:59:48.528246 #12835] DEBUG -- : State Score successfully calculated


D, [2018-03-31T10:59:48.528281 #12835] DEBUG -- : Scoring new state: {:rating=>32, :state=>{:unknown=>1, :possibly_lighter=>1, :possibly_heavier=>0, :normal=>6}}
D, [2018-03-31T10:59:48.530842 #12835] DEBUG -- : calculating updated score for older state...
D, [2018-03-31T10:59:48.534288 #12835] DEBUG -- : generating weighed rated selections...
D, [2018-03-31T10:59:48.535347 #12835] DEBUG -- : -------> building selection...
D, [2018-03-31T10:59:48.536265 #12835] DEBUG -- : -------> building new state...
D, [2018-03-31T10:59:48.536519 #12835] DEBUG -- : -------> building new state...
D, [2018-03-31T10:59:48.536750 #12835] DEBUG -- : -------> building selection...
D, [2018-03-31T10:59:48.537103 #12835] DEBUG -- : -------> building new state...
D, [2018-03-31T10:59:48.537206 #12835] DEBUG -- : -------> building new state...
D, [2018-03-31T10:59:48.537389 #12835] DEBUG -- : -------> building selection...
D, [2018-03-31T10:59:48.537704 #12835] DEBUG -- : -------> building new state...
D, [2018-03-31T10:59:48.537804 #12835] DEBUG -- : -------> building new state...
D, [2018-03-31T10:59:48.538012 #12835] DEBUG -- : -------> building selection...
D, [2018-03-31T10:59:48.538326 #12835] DEBUG -- : -------> building new state...
D, [2018-03-31T10:59:48.538424 #12835] DEBUG -- : -------> building new state...
D, [2018-03-31T10:59:48.538603 #12835] DEBUG -- : -------> building selection...
D, [2018-03-31T10:59:48.538935 #12835] DEBUG -- : -------> building new state...
D, [2018-03-31T10:59:48.539069 #12835] DEBUG -- : -------> building new state...
D, [2018-03-31T10:59:48.539254 #12835] DEBUG -- : -------> building selection...
D, [2018-03-31T10:59:48.539563 #12835] DEBUG -- : -------> building new state...
D, [2018-03-31T10:59:48.539666 #12835] DEBUG -- : -------> building new state...
D, [2018-03-31T10:59:48.539849 #12835] DEBUG -- : -------> building selection...
D, [2018-03-31T10:59:48.540158 #12835] DEBUG -- : -------> building new state...
D, [2018-03-31T10:59:48.540275 #12835] DEBUG -- : -------> building new state...
D, [2018-03-31T10:59:48.540521 #12835] DEBUG -- : -------> building selection...
D, [2018-03-31T10:59:48.540853 #12835] DEBUG -- : -------> building new state...
D, [2018-03-31T10:59:48.540953 #12835] DEBUG -- : -------> building new state...
D, [2018-03-31T10:59:48.541163 #12835] DEBUG -- : -------> building selection...
D, [2018-03-31T10:59:48.541478 #12835] DEBUG -- : -------> building new state...
D, [2018-03-31T10:59:48.541576 #12835] DEBUG -- : -------> building new state...
D, [2018-03-31T10:59:48.541753 #12835] DEBUG -- : -------> building selection...
D, [2018-03-31T10:59:48.542119 #12835] DEBUG -- : -------> building new state...
D, [2018-03-31T10:59:48.542271 #12835] DEBUG -- : -------> building new state...
D, [2018-03-31T10:59:48.542454 #12835] DEBUG -- : -------> building selection...
D, [2018-03-31T10:59:48.542786 #12835] DEBUG -- : -------> building new state...
D, [2018-03-31T10:59:48.542906 #12835] DEBUG -- : -------> building new state...
D, [2018-03-31T10:59:48.543087 #12835] DEBUG -- : -------> building selection...
D, [2018-03-31T10:59:48.543404 #12835] DEBUG -- : -------> building new state...
D, [2018-03-31T10:59:48.545260 #12835] DEBUG -- : -------> building new state...
D, [2018-03-31T10:59:48.545523 #12835] DEBUG -- : -------> building selection...
D, [2018-03-31T10:59:48.545857 #12835] DEBUG -- : -------> building new state...
D, [2018-03-31T10:59:48.545959 #12835] DEBUG -- : -------> building new state...
D, [2018-03-31T10:59:48.546139 #12835] DEBUG -- : -------> building selection...
D, [2018-03-31T10:59:48.546548 #12835] DEBUG -- : -------> building new state...
D, [2018-03-31T10:59:48.546664 #12835] DEBUG -- : -------> building new state...
D, [2018-03-31T10:59:48.546861 #12835] DEBUG -- : -------> building selection...
D, [2018-03-31T10:59:48.547185 #12835] DEBUG -- : -------> building new state...
D, [2018-03-31T10:59:48.547287 #12835] DEBUG -- : -------> building new state...
D, [2018-03-31T10:59:48.547465 #12835] DEBUG -- : -------> building selection...
D, [2018-03-31T10:59:48.547800 #12835] DEBUG -- : -------> building new state...
D, [2018-03-31T10:59:48.547898 #12835] DEBUG -- : -------> building new state...
D, [2018-03-31T10:59:48.548086 #12835] DEBUG -- : -------> building selection...
D, [2018-03-31T10:59:48.548394 #12835] DEBUG -- : -------> building new state...
D, [2018-03-31T10:59:48.548493 #12835] DEBUG -- : -------> building new state...
D, [2018-03-31T10:59:48.548673 #12835] DEBUG -- : -------> building selection...
D, [2018-03-31T10:59:48.549003 #12835] DEBUG -- : -------> building new state...
D, [2018-03-31T10:59:48.549100 #12835] DEBUG -- : -------> building new state...
D, [2018-03-31T10:59:48.549277 #12835] DEBUG -- : -------> building selection...
D, [2018-03-31T10:59:48.549603 #12835] DEBUG -- : -------> building new state...
D, [2018-03-31T10:59:48.549706 #12835] DEBUG -- : -------> building new state...
D, [2018-03-31T10:59:48.549883 #12835] DEBUG -- : -------> building selection...
D, [2018-03-31T10:59:48.550191 #12835] DEBUG -- : -------> building new state...
D, [2018-03-31T10:59:48.550306 #12835] DEBUG -- : -------> building new state...
D, [2018-03-31T10:59:48.550481 #12835] DEBUG -- : -------> building selection...
D, [2018-03-31T10:59:48.550794 #12835] DEBUG -- : -------> building new state...
D, [2018-03-31T10:59:48.550923 #12835] DEBUG -- : -------> building new state...
D, [2018-03-31T10:59:48.551115 #12835] DEBUG -- : -------> building selection...
D, [2018-03-31T10:59:48.551542 #12835] DEBUG -- : -------> building new state...
D, [2018-03-31T10:59:48.551653 #12835] DEBUG -- : -------> building new state...
D, [2018-03-31T10:59:48.551844 #12835] DEBUG -- : -------> building selection...
D, [2018-03-31T10:59:48.552173 #12835] DEBUG -- : -------> building new state...
D, [2018-03-31T10:59:48.552271 #12835] DEBUG -- : -------> building new state...
D, [2018-03-31T10:59:48.552451 #12835] DEBUG -- : -------> building selection...
D, [2018-03-31T10:59:48.552771 #12835] DEBUG -- : -------> building new state...
D, [2018-03-31T10:59:48.552881 #12835] DEBUG -- : -------> building new state...
D, [2018-03-31T10:59:48.553059 #12835] DEBUG -- : -------> building selection...
D, [2018-03-31T10:59:48.553384 #12835] DEBUG -- : -------> building new state...
D, [2018-03-31T10:59:48.553484 #12835] DEBUG -- : -------> building new state...
D, [2018-03-31T10:59:48.553661 #12835] DEBUG -- : -------> building selection...
D, [2018-03-31T10:59:48.553982 #12835] DEBUG -- : -------> building new state...
D, [2018-03-31T10:59:48.554095 #12835] DEBUG -- : -------> building new state...
D, [2018-03-31T10:59:48.554279 #12835] DEBUG -- : scoring weighed rated selections...
D, [2018-03-31T10:59:48.554341 #12835] DEBUG -- : Saving scored selections...
D, [2018-03-31T10:59:48.560616 #12835] DEBUG -- : State Score successfully calculated


D, [2018-03-31T10:59:48.560701 #12835] DEBUG -- : Scoring new state: {:rating=>37, :state=>{:unknown=>0, :possibly_lighter=>1, :possibly_heavier=>0, :normal=>7}}
D, [2018-03-31T10:59:48.560726 #12835] DEBUG -- : State Score successfully calculated


D, [2018-03-31T10:59:48.560762 #12835] DEBUG -- : Scoring new state: {:rating=>32, :state=>{:unknown=>1, :possibly_lighter=>1, :possibly_heavier=>0, :normal=>6}}
D, [2018-03-31T10:59:48.563522 #12835] DEBUG -- : calculating updated score for older state...
D, [2018-03-31T10:59:48.567057 #12835] DEBUG -- : generating weighed rated selections...
D, [2018-03-31T10:59:48.568171 #12835] DEBUG -- : -------> building selection...
D, [2018-03-31T10:59:48.568969 #12835] DEBUG -- : -------> building new state...
D, [2018-03-31T10:59:48.569335 #12835] DEBUG -- : -------> building new state...
D, [2018-03-31T10:59:48.569561 #12835] DEBUG -- : -------> building selection...
D, [2018-03-31T10:59:48.569928 #12835] DEBUG -- : -------> building new state...
D, [2018-03-31T10:59:48.570037 #12835] DEBUG -- : -------> building new state...
D, [2018-03-31T10:59:48.570222 #12835] DEBUG -- : -------> building selection...
D, [2018-03-31T10:59:48.570559 #12835] DEBUG -- : -------> building new state...
D, [2018-03-31T10:59:48.570667 #12835] DEBUG -- : -------> building new state...
D, [2018-03-31T10:59:48.570873 #12835] DEBUG -- : -------> building selection...
D, [2018-03-31T10:59:48.571211 #12835] DEBUG -- : -------> building new state...
D, [2018-03-31T10:59:48.571320 #12835] DEBUG -- : -------> building new state...
D, [2018-03-31T10:59:48.571507 #12835] DEBUG -- : -------> building selection...
D, [2018-03-31T10:59:48.571835 #12835] DEBUG -- : -------> building new state...
D, [2018-03-31T10:59:48.571935 #12835] DEBUG -- : -------> building new state...
D, [2018-03-31T10:59:48.572125 #12835] DEBUG -- : -------> building selection...
D, [2018-03-31T10:59:48.572463 #12835] DEBUG -- : -------> building new state...
D, [2018-03-31T10:59:48.572567 #12835] DEBUG -- : -------> building new state...
D, [2018-03-31T10:59:48.572746 #12835] DEBUG -- : -------> building selection...
D, [2018-03-31T10:59:48.573078 #12835] DEBUG -- : -------> building new state...
D, [2018-03-31T10:59:48.573182 #12835] DEBUG -- : -------> building new state...
D, [2018-03-31T10:59:48.573360 #12835] DEBUG -- : -------> building selection...
D, [2018-03-31T10:59:48.573686 #12835] DEBUG -- : -------> building new state...
D, [2018-03-31T10:59:48.573787 #12835] DEBUG -- : -------> building new state...
D, [2018-03-31T10:59:48.573975 #12835] DEBUG -- : -------> building selection...
D, [2018-03-31T10:59:48.574290 #12835] DEBUG -- : -------> building new state...
D, [2018-03-31T10:59:48.574394 #12835] DEBUG -- : -------> building new state...
D, [2018-03-31T10:59:48.574589 #12835] DEBUG -- : -------> building selection...
D, [2018-03-31T10:59:48.574956 #12835] DEBUG -- : -------> building new state...
D, [2018-03-31T10:59:48.575065 #12835] DEBUG -- : -------> building new state...
D, [2018-03-31T10:59:48.575259 #12835] DEBUG -- : -------> building selection...
D, [2018-03-31T10:59:48.575577 #12835] DEBUG -- : -------> building new state...
D, [2018-03-31T10:59:48.575694 #12835] DEBUG -- : -------> building new state...
D, [2018-03-31T10:59:48.575882 #12835] DEBUG -- : -------> building selection...
D, [2018-03-31T10:59:48.576256 #12835] DEBUG -- : -------> building new state...
D, [2018-03-31T10:59:48.576358 #12835] DEBUG -- : -------> building new state...
D, [2018-03-31T10:59:48.576535 #12835] DEBUG -- : -------> building selection...
D, [2018-03-31T10:59:48.576845 #12835] DEBUG -- : -------> building new state...
D, [2018-03-31T10:59:48.576992 #12835] DEBUG -- : -------> building new state...
D, [2018-03-31T10:59:48.577180 #12835] DEBUG -- : -------> building selection...
D, [2018-03-31T10:59:48.577496 #12835] DEBUG -- : -------> building new state...
D, [2018-03-31T10:59:48.577597 #12835] DEBUG -- : -------> building new state...
D, [2018-03-31T10:59:48.577798 #12835] DEBUG -- : -------> building selection...
D, [2018-03-31T10:59:48.578135 #12835] DEBUG -- : -------> building new state...
D, [2018-03-31T10:59:48.578269 #12835] DEBUG -- : -------> building new state...
D, [2018-03-31T10:59:48.578454 #12835] DEBUG -- : -------> building selection...
D, [2018-03-31T10:59:48.578760 #12835] DEBUG -- : -------> building new state...
D, [2018-03-31T10:59:48.578941 #12835] DEBUG -- : -------> building new state...
D, [2018-03-31T10:59:48.579164 #12835] DEBUG -- : -------> building selection...
D, [2018-03-31T10:59:48.579516 #12835] DEBUG -- : -------> building new state...
D, [2018-03-31T10:59:48.579622 #12835] DEBUG -- : -------> building new state...
D, [2018-03-31T10:59:48.579804 #12835] DEBUG -- : -------> building selection...
D, [2018-03-31T10:59:48.580145 #12835] DEBUG -- : -------> building new state...
D, [2018-03-31T10:59:48.580258 #12835] DEBUG -- : -------> building new state...
D, [2018-03-31T10:59:48.580487 #12835] DEBUG -- : -------> building selection...
D, [2018-03-31T10:59:48.580800 #12835] DEBUG -- : -------> building new state...
D, [2018-03-31T10:59:48.580898 #12835] DEBUG -- : -------> building new state...
D, [2018-03-31T10:59:48.581115 #12835] DEBUG -- : -------> building selection...
D, [2018-03-31T10:59:48.581429 #12835] DEBUG -- : -------> building new state...
D, [2018-03-31T10:59:48.581557 #12835] DEBUG -- : -------> building new state...
D, [2018-03-31T10:59:48.581741 #12835] DEBUG -- : -------> building selection...
D, [2018-03-31T10:59:48.582076 #12835] DEBUG -- : -------> building new state...
D, [2018-03-31T10:59:48.582178 #12835] DEBUG -- : -------> building new state...
D, [2018-03-31T10:59:48.582381 #12835] DEBUG -- : -------> building selection...
D, [2018-03-31T10:59:48.582778 #12835] DEBUG -- : -------> building new state...
D, [2018-03-31T10:59:48.583005 #12835] DEBUG -- : -------> building new state...
D, [2018-03-31T10:59:48.583217 #12835] DEBUG -- : -------> building selection...
D, [2018-03-31T10:59:48.583566 #12835] DEBUG -- : -------> building new state...
D, [2018-03-31T10:59:48.583693 #12835] DEBUG -- : -------> building new state...
D, [2018-03-31T10:59:48.583969 #12835] DEBUG -- : -------> building selection...
D, [2018-03-31T10:59:48.584338 #12835] DEBUG -- : -------> building new state...
D, [2018-03-31T10:59:48.584470 #12835] DEBUG -- : -------> building new state...
D, [2018-03-31T10:59:48.584657 #12835] DEBUG -- : -------> building selection...
D, [2018-03-31T10:59:48.584989 #12835] DEBUG -- : -------> building new state...
D, [2018-03-31T10:59:48.585088 #12835] DEBUG -- : -------> building new state...
D, [2018-03-31T10:59:48.585290 #12835] DEBUG -- : -------> building selection...
D, [2018-03-31T10:59:48.585642 #12835] DEBUG -- : -------> building new state...
D, [2018-03-31T10:59:48.585770 #12835] DEBUG -- : -------> building new state...
D, [2018-03-31T10:59:48.585959 #12835] DEBUG -- : scoring weighed rated selections...
D, [2018-03-31T10:59:48.586022 #12835] DEBUG -- : Saving scored selections...
D, [2018-03-31T10:59:48.592356 #12835] DEBUG -- : State Score successfully calculated


D, [2018-03-31T10:59:48.592467 #12835] DEBUG -- : Scoring new state: {:rating=>37, :state=>{:unknown=>0, :possibly_lighter=>1, :possibly_heavier=>0, :normal=>7}}
D, [2018-03-31T10:59:48.592494 #12835] DEBUG -- : State Score successfully calculated


D, [2018-03-31T10:59:48.592529 #12835] DEBUG -- : Scoring new state: {:rating=>32, :state=>{:unknown=>1, :possibly_lighter=>1, :possibly_heavier=>0, :normal=>6}}
D, [2018-03-31T10:59:48.596434 #12835] DEBUG -- : calculating updated score for older state...
D, [2018-03-31T10:59:48.600027 #12835] DEBUG -- : generating weighed rated selections...
D, [2018-03-31T10:59:48.601105 #12835] DEBUG -- : -------> building selection...
D, [2018-03-31T10:59:48.601990 #12835] DEBUG -- : -------> building new state...
D, [2018-03-31T10:59:48.602317 #12835] DEBUG -- : -------> building new state...
D, [2018-03-31T10:59:48.602561 #12835] DEBUG -- : -------> building selection...
D, [2018-03-31T10:59:48.602930 #12835] DEBUG -- : -------> building new state...
D, [2018-03-31T10:59:48.603052 #12835] DEBUG -- : -------> building new state...
D, [2018-03-31T10:59:48.603245 #12835] DEBUG -- : -------> building selection...
D, [2018-03-31T10:59:48.603579 #12835] DEBUG -- : -------> building new state...
D, [2018-03-31T10:59:48.603684 #12835] DEBUG -- : -------> building new state...
D, [2018-03-31T10:59:48.603876 #12835] DEBUG -- : -------> building selection...
D, [2018-03-31T10:59:48.604197 #12835] DEBUG -- : -------> building new state...
D, [2018-03-31T10:59:48.604307 #12835] DEBUG -- : -------> building new state...
D, [2018-03-31T10:59:48.604505 #12835] DEBUG -- : -------> building selection...
D, [2018-03-31T10:59:48.604826 #12835] DEBUG -- : -------> building new state...
D, [2018-03-31T10:59:48.604939 #12835] DEBUG -- : -------> building new state...
D, [2018-03-31T10:59:48.605125 #12835] DEBUG -- : -------> building selection...
D, [2018-03-31T10:59:48.605454 #12835] DEBUG -- : -------> building new state...
D, [2018-03-31T10:59:48.605553 #12835] DEBUG -- : -------> building new state...
D, [2018-03-31T10:59:48.605731 #12835] DEBUG -- : -------> building selection...
D, [2018-03-31T10:59:48.606055 #12835] DEBUG -- : -------> building new state...
D, [2018-03-31T10:59:48.606164 #12835] DEBUG -- : -------> building new state...
D, [2018-03-31T10:59:48.606348 #12835] DEBUG -- : -------> building selection...
D, [2018-03-31T10:59:48.606678 #12835] DEBUG -- : -------> building new state...
D, [2018-03-31T10:59:48.606778 #12835] DEBUG -- : -------> building new state...
D, [2018-03-31T10:59:48.606990 #12835] DEBUG -- : -------> building selection...
D, [2018-03-31T10:59:48.607314 #12835] DEBUG -- : -------> building new state...
D, [2018-03-31T10:59:48.607430 #12835] DEBUG -- : -------> building new state...
D, [2018-03-31T10:59:48.607623 #12835] DEBUG -- : -------> building selection...
D, [2018-03-31T10:59:48.607942 #12835] DEBUG -- : -------> building new state...
D, [2018-03-31T10:59:48.608049 #12835] DEBUG -- : -------> building new state...
D, [2018-03-31T10:59:48.608316 #12835] DEBUG -- : -------> building selection...
D, [2018-03-31T10:59:48.608662 #12835] DEBUG -- : -------> building new state...
D, [2018-03-31T10:59:48.608784 #12835] DEBUG -- : -------> building new state...
D, [2018-03-31T10:59:48.608977 #12835] DEBUG -- : -------> building selection...
D, [2018-03-31T10:59:48.609318 #12835] DEBUG -- : -------> building new state...
D, [2018-03-31T10:59:48.609432 #12835] DEBUG -- : -------> building new state...
D, [2018-03-31T10:59:48.609630 #12835] DEBUG -- : -------> building selection...
D, [2018-03-31T10:59:48.610020 #12835] DEBUG -- : -------> building new state...
D, [2018-03-31T10:59:48.610242 #12835] DEBUG -- : -------> building new state...
D, [2018-03-31T10:59:48.610471 #12835] DEBUG -- : -------> building selection...
D, [2018-03-31T10:59:48.610889 #12835] DEBUG -- : -------> building new state...
D, [2018-03-31T10:59:48.611005 #12835] DEBUG -- : -------> building new state...
D, [2018-03-31T10:59:48.611201 #12835] DEBUG -- : -------> building selection...
D, [2018-03-31T10:59:48.611534 #12835] DEBUG -- : -------> building new state...
D, [2018-03-31T10:59:48.611646 #12835] DEBUG -- : -------> building new state...
D, [2018-03-31T10:59:48.611843 #12835] DEBUG -- : -------> building selection...
D, [2018-03-31T10:59:48.612175 #12835] DEBUG -- : -------> building new state...
D, [2018-03-31T10:59:48.614824 #12835] DEBUG -- : -------> building new state...
D, [2018-03-31T10:59:48.615053 #12835] DEBUG -- : -------> building selection...
D, [2018-03-31T10:59:48.615400 #12835] DEBUG -- : -------> building new state...
D, [2018-03-31T10:59:48.615507 #12835] DEBUG -- : -------> building new state...
D, [2018-03-31T10:59:48.615693 #12835] DEBUG -- : -------> building selection...
D, [2018-03-31T10:59:48.616064 #12835] DEBUG -- : -------> building new state...
D, [2018-03-31T10:59:48.616178 #12835] DEBUG -- : -------> building new state...
D, [2018-03-31T10:59:48.616402 #12835] DEBUG -- : -------> building selection...
D, [2018-03-31T10:59:48.616717 #12835] DEBUG -- : -------> building new state...
D, [2018-03-31T10:59:48.616827 #12835] DEBUG -- : -------> building new state...
D, [2018-03-31T10:59:48.617009 #12835] DEBUG -- : -------> building selection...
D, [2018-03-31T10:59:48.617342 #12835] DEBUG -- : -------> building new state...
D, [2018-03-31T10:59:48.617471 #12835] DEBUG -- : -------> building new state...
D, [2018-03-31T10:59:48.617650 #12835] DEBUG -- : -------> building selection...
D, [2018-03-31T10:59:48.617964 #12835] DEBUG -- : -------> building new state...
D, [2018-03-31T10:59:48.618091 #12835] DEBUG -- : -------> building new state...
D, [2018-03-31T10:59:48.618271 #12835] DEBUG -- : -------> building selection...
D, [2018-03-31T10:59:48.618584 #12835] DEBUG -- : -------> building new state...
D, [2018-03-31T10:59:48.618684 #12835] DEBUG -- : -------> building new state...
D, [2018-03-31T10:59:48.618897 #12835] DEBUG -- : -------> building selection...
D, [2018-03-31T10:59:48.619213 #12835] DEBUG -- : -------> building new state...
D, [2018-03-31T10:59:48.619338 #12835] DEBUG -- : -------> building new state...
D, [2018-03-31T10:59:48.619519 #12835] DEBUG -- : -------> building selection...
D, [2018-03-31T10:59:48.619825 #12835] DEBUG -- : -------> building new state...
D, [2018-03-31T10:59:48.619924 #12835] DEBUG -- : -------> building new state...
D, [2018-03-31T10:59:48.620112 #12835] DEBUG -- : -------> building selection...
D, [2018-03-31T10:59:48.620447 #12835] DEBUG -- : -------> building new state...
D, [2018-03-31T10:59:48.620546 #12835] DEBUG -- : -------> building new state...
D, [2018-03-31T10:59:48.620721 #12835] DEBUG -- : -------> building selection...
D, [2018-03-31T10:59:48.621031 #12835] DEBUG -- : -------> building new state...
D, [2018-03-31T10:59:48.621131 #12835] DEBUG -- : -------> building new state...
D, [2018-03-31T10:59:48.621308 #12835] DEBUG -- : scoring weighed rated selections...
D, [2018-03-31T10:59:48.621371 #12835] DEBUG -- : Saving scored selections...
D, [2018-03-31T10:59:48.627718 #12835] DEBUG -- : State Score successfully calculated


D, [2018-03-31T10:59:48.627792 #12835] DEBUG -- : Scoring new state: {:rating=>37, :state=>{:unknown=>0, :possibly_lighter=>1, :possibly_heavier=>0, :normal=>7}}
D, [2018-03-31T10:59:48.627816 #12835] DEBUG -- : State Score successfully calculated


D, [2018-03-31T10:59:48.627851 #12835] DEBUG -- : Scoring new state: {:rating=>32, :state=>{:unknown=>1, :possibly_lighter=>1, :possibly_heavier=>0, :normal=>6}}
D, [2018-03-31T10:59:48.630579 #12835] DEBUG -- : calculating updated score for older state...
D, [2018-03-31T10:59:48.634110 #12835] DEBUG -- : generating weighed rated selections...
D, [2018-03-31T10:59:48.635250 #12835] DEBUG -- : -------> building selection...
D, [2018-03-31T10:59:48.636092 #12835] DEBUG -- : -------> building new state...
D, [2018-03-31T10:59:48.636435 #12835] DEBUG -- : -------> building new state...
D, [2018-03-31T10:59:48.636656 #12835] DEBUG -- : -------> building selection...
D, [2018-03-31T10:59:48.637049 #12835] DEBUG -- : -------> building new state...
D, [2018-03-31T10:59:48.637158 #12835] DEBUG -- : -------> building new state...
D, [2018-03-31T10:59:48.637340 #12835] DEBUG -- : -------> building selection...
D, [2018-03-31T10:59:48.637656 #12835] DEBUG -- : -------> building new state...
D, [2018-03-31T10:59:48.637759 #12835] DEBUG -- : -------> building new state...
D, [2018-03-31T10:59:48.637939 #12835] DEBUG -- : -------> building selection...
D, [2018-03-31T10:59:48.638323 #12835] DEBUG -- : -------> building new state...
D, [2018-03-31T10:59:48.638438 #12835] DEBUG -- : -------> building new state...
D, [2018-03-31T10:59:48.638621 #12835] DEBUG -- : -------> building selection...
D, [2018-03-31T10:59:48.638942 #12835] DEBUG -- : -------> building new state...
D, [2018-03-31T10:59:48.639121 #12835] DEBUG -- : -------> building new state...
D, [2018-03-31T10:59:48.639342 #12835] DEBUG -- : -------> building selection...
D, [2018-03-31T10:59:48.639673 #12835] DEBUG -- : -------> building new state...
D, [2018-03-31T10:59:48.639796 #12835] DEBUG -- : -------> building new state...
D, [2018-03-31T10:59:48.640003 #12835] DEBUG -- : -------> building selection...
D, [2018-03-31T10:59:48.641885 #12835] DEBUG -- : -------> building new state...
D, [2018-03-31T10:59:48.642026 #12835] DEBUG -- : -------> building new state...
D, [2018-03-31T10:59:48.642221 #12835] DEBUG -- : -------> building selection...
D, [2018-03-31T10:59:48.642538 #12835] DEBUG -- : -------> building new state...
D, [2018-03-31T10:59:48.642689 #12835] DEBUG -- : -------> building new state...
D, [2018-03-31T10:59:48.642940 #12835] DEBUG -- : -------> building selection...
D, [2018-03-31T10:59:48.643475 #12835] DEBUG -- : -------> building new state...
D, [2018-03-31T10:59:48.643612 #12835] DEBUG -- : -------> building new state...
D, [2018-03-31T10:59:48.643822 #12835] DEBUG -- : -------> building selection...
D, [2018-03-31T10:59:48.644154 #12835] DEBUG -- : -------> building new state...
D, [2018-03-31T10:59:48.644281 #12835] DEBUG -- : -------> building new state...
D, [2018-03-31T10:59:48.644541 #12835] DEBUG -- : -------> building selection...
D, [2018-03-31T10:59:48.644899 #12835] DEBUG -- : -------> building new state...
D, [2018-03-31T10:59:48.645001 #12835] DEBUG -- : -------> building new state...
D, [2018-03-31T10:59:48.645210 #12835] DEBUG -- : -------> building selection...
D, [2018-03-31T10:59:48.645543 #12835] DEBUG -- : -------> building new state...
D, [2018-03-31T10:59:48.645660 #12835] DEBUG -- : -------> building new state...
D, [2018-03-31T10:59:48.645846 #12835] DEBUG -- : -------> building selection...
D, [2018-03-31T10:59:48.646189 #12835] DEBUG -- : -------> building new state...
D, [2018-03-31T10:59:48.646293 #12835] DEBUG -- : -------> building new state...
D, [2018-03-31T10:59:48.646473 #12835] DEBUG -- : -------> building selection...
D, [2018-03-31T10:59:48.646788 #12835] DEBUG -- : -------> building new state...
D, [2018-03-31T10:59:48.646908 #12835] DEBUG -- : -------> building new state...
D, [2018-03-31T10:59:48.647090 #12835] DEBUG -- : -------> building selection...
D, [2018-03-31T10:59:48.647432 #12835] DEBUG -- : -------> building new state...
D, [2018-03-31T10:59:48.647534 #12835] DEBUG -- : -------> building new state...
D, [2018-03-31T10:59:48.647713 #12835] DEBUG -- : -------> building selection...
D, [2018-03-31T10:59:48.648023 #12835] DEBUG -- : -------> building new state...
D, [2018-03-31T10:59:48.648151 #12835] DEBUG -- : -------> building new state...
D, [2018-03-31T10:59:48.648351 #12835] DEBUG -- : -------> building selection...
D, [2018-03-31T10:59:48.648707 #12835] DEBUG -- : -------> building new state...
D, [2018-03-31T10:59:48.648913 #12835] DEBUG -- : -------> building new state...
D, [2018-03-31T10:59:48.649117 #12835] DEBUG -- : -------> building selection...
D, [2018-03-31T10:59:48.649447 #12835] DEBUG -- : -------> building new state...
D, [2018-03-31T10:59:48.649582 #12835] DEBUG -- : -------> building new state...
D, [2018-03-31T10:59:48.649765 #12835] DEBUG -- : -------> building selection...
D, [2018-03-31T10:59:48.650074 #12835] DEBUG -- : -------> building new state...
D, [2018-03-31T10:59:48.650173 #12835] DEBUG -- : -------> building new state...
D, [2018-03-31T10:59:48.650368 #12835] DEBUG -- : -------> building selection...
D, [2018-03-31T10:59:48.650738 #12835] DEBUG -- : -------> building new state...
D, [2018-03-31T10:59:48.650894 #12835] DEBUG -- : -------> building new state...
D, [2018-03-31T10:59:48.651304 #12835] DEBUG -- : -------> building selection...
D, [2018-03-31T10:59:48.651640 #12835] DEBUG -- : -------> building new state...
D, [2018-03-31T10:59:48.651741 #12835] DEBUG -- : -------> building new state...
D, [2018-03-31T10:59:48.651921 #12835] DEBUG -- : -------> building selection...
D, [2018-03-31T10:59:48.652265 #12835] DEBUG -- : -------> building new state...
D, [2018-03-31T10:59:48.652394 #12835] DEBUG -- : -------> building new state...
D, [2018-03-31T10:59:48.652647 #12835] DEBUG -- : -------> building selection...
D, [2018-03-31T10:59:48.653047 #12835] DEBUG -- : -------> building new state...
D, [2018-03-31T10:59:48.653156 #12835] DEBUG -- : -------> building new state...
D, [2018-03-31T10:59:48.653362 #12835] DEBUG -- : -------> building selection...
D, [2018-03-31T10:59:48.653707 #12835] DEBUG -- : -------> building new state...
D, [2018-03-31T10:59:48.653808 #12835] DEBUG -- : -------> building new state...
D, [2018-03-31T10:59:48.653988 #12835] DEBUG -- : -------> building selection...
D, [2018-03-31T10:59:48.654303 #12835] DEBUG -- : -------> building new state...
D, [2018-03-31T10:59:48.654401 #12835] DEBUG -- : -------> building new state...
D, [2018-03-31T10:59:48.654618 #12835] DEBUG -- : -------> building selection...
D, [2018-03-31T10:59:48.654953 #12835] DEBUG -- : -------> building new state...
D, [2018-03-31T10:59:48.655056 #12835] DEBUG -- : -------> building new state...
D, [2018-03-31T10:59:48.655244 #12835] DEBUG -- : scoring weighed rated selections...
D, [2018-03-31T10:59:48.655308 #12835] DEBUG -- : Saving scored selections...
D, [2018-03-31T10:59:48.661594 #12835] DEBUG -- : State Score successfully calculated


D, [2018-03-31T10:59:48.661668 #12835] DEBUG -- : Scoring new state: {:rating=>37, :state=>{:unknown=>0, :possibly_lighter=>1, :possibly_heavier=>0, :normal=>7}}
D, [2018-03-31T10:59:48.661693 #12835] DEBUG -- : State Score successfully calculated


D, [2018-03-31T10:59:48.661729 #12835] DEBUG -- : Scoring new state: {:rating=>32, :state=>{:unknown=>1, :possibly_lighter=>1, :possibly_heavier=>0, :normal=>6}}
D, [2018-03-31T10:59:48.664488 #12835] DEBUG -- : calculating updated score for older state...
D, [2018-03-31T10:59:48.668180 #12835] DEBUG -- : generating weighed rated selections...
D, [2018-03-31T10:59:48.669297 #12835] DEBUG -- : -------> building selection...
D, [2018-03-31T10:59:48.670176 #12835] DEBUG -- : -------> building new state...
D, [2018-03-31T10:59:48.670469 #12835] DEBUG -- : -------> building new state...
D, [2018-03-31T10:59:48.670713 #12835] DEBUG -- : -------> building selection...
D, [2018-03-31T10:59:48.671059 #12835] DEBUG -- : -------> building new state...
D, [2018-03-31T10:59:48.671161 #12835] DEBUG -- : -------> building new state...
D, [2018-03-31T10:59:48.671367 #12835] DEBUG -- : -------> building selection...
D, [2018-03-31T10:59:48.671761 #12835] DEBUG -- : -------> building new state...
D, [2018-03-31T10:59:48.671864 #12835] DEBUG -- : -------> building new state...
D, [2018-03-31T10:59:48.672042 #12835] DEBUG -- : -------> building selection...
D, [2018-03-31T10:59:48.672351 #12835] DEBUG -- : -------> building new state...
D, [2018-03-31T10:59:48.672449 #12835] DEBUG -- : -------> building new state...
D, [2018-03-31T10:59:48.672695 #12835] DEBUG -- : -------> building selection...
D, [2018-03-31T10:59:48.673007 #12835] DEBUG -- : -------> building new state...
D, [2018-03-31T10:59:48.673105 #12835] DEBUG -- : -------> building new state...
D, [2018-03-31T10:59:48.673282 #12835] DEBUG -- : -------> building selection...
D, [2018-03-31T10:59:48.673588 #12835] DEBUG -- : -------> building new state...
D, [2018-03-31T10:59:48.673734 #12835] DEBUG -- : -------> building new state...
D, [2018-03-31T10:59:48.673926 #12835] DEBUG -- : -------> building selection...
D, [2018-03-31T10:59:48.674235 #12835] DEBUG -- : -------> building new state...
D, [2018-03-31T10:59:48.674333 #12835] DEBUG -- : -------> building new state...
D, [2018-03-31T10:59:48.674510 #12835] DEBUG -- : -------> building selection...
D, [2018-03-31T10:59:48.674929 #12835] DEBUG -- : -------> building new state...
D, [2018-03-31T10:59:48.675088 #12835] DEBUG -- : -------> building new state...
D, [2018-03-31T10:59:48.675353 #12835] DEBUG -- : -------> building selection...
D, [2018-03-31T10:59:48.675776 #12835] DEBUG -- : -------> building new state...
D, [2018-03-31T10:59:48.675886 #12835] DEBUG -- : -------> building new state...
D, [2018-03-31T10:59:48.676120 #12835] DEBUG -- : -------> building selection...
D, [2018-03-31T10:59:48.676447 #12835] DEBUG -- : -------> building new state...
D, [2018-03-31T10:59:48.676549 #12835] DEBUG -- : -------> building new state...
D, [2018-03-31T10:59:48.676730 #12835] DEBUG -- : -------> building selection...
D, [2018-03-31T10:59:48.677050 #12835] DEBUG -- : -------> building new state...
D, [2018-03-31T10:59:48.677178 #12835] DEBUG -- : -------> building new state...
D, [2018-03-31T10:59:48.677426 #12835] DEBUG -- : -------> building selection...
D, [2018-03-31T10:59:48.677748 #12835] DEBUG -- : -------> building new state...
D, [2018-03-31T10:59:48.677857 #12835] DEBUG -- : -------> building new state...
D, [2018-03-31T10:59:48.678064 #12835] DEBUG -- : -------> building selection...
D, [2018-03-31T10:59:48.678379 #12835] DEBUG -- : -------> building new state...
D, [2018-03-31T10:59:48.678497 #12835] DEBUG -- : -------> building new state...
D, [2018-03-31T10:59:48.678684 #12835] DEBUG -- : -------> building selection...
D, [2018-03-31T10:59:48.679012 #12835] DEBUG -- : -------> building new state...
D, [2018-03-31T10:59:48.679144 #12835] DEBUG -- : -------> building new state...
D, [2018-03-31T10:59:48.679331 #12835] DEBUG -- : -------> building selection...
D, [2018-03-31T10:59:48.679646 #12835] DEBUG -- : -------> building new state...
D, [2018-03-31T10:59:48.679747 #12835] DEBUG -- : -------> building new state...
D, [2018-03-31T10:59:48.679924 #12835] DEBUG -- : -------> building selection...
D, [2018-03-31T10:59:48.680239 #12835] DEBUG -- : -------> building new state...
D, [2018-03-31T10:59:48.680378 #12835] DEBUG -- : -------> building new state...
D, [2018-03-31T10:59:48.680558 #12835] DEBUG -- : -------> building selection...
D, [2018-03-31T10:59:48.680884 #12835] DEBUG -- : -------> building new state...
D, [2018-03-31T10:59:48.681028 #12835] DEBUG -- : -------> building new state...
D, [2018-03-31T10:59:48.681213 #12835] DEBUG -- : -------> building selection...
D, [2018-03-31T10:59:48.681556 #12835] DEBUG -- : -------> building new state...
D, [2018-03-31T10:59:48.681665 #12835] DEBUG -- : -------> building new state...
D, [2018-03-31T10:59:48.681846 #12835] DEBUG -- : -------> building selection...
D, [2018-03-31T10:59:48.682155 #12835] DEBUG -- : -------> building new state...
D, [2018-03-31T10:59:48.682253 #12835] DEBUG -- : -------> building new state...
D, [2018-03-31T10:59:48.682436 #12835] DEBUG -- : -------> building selection...
D, [2018-03-31T10:59:48.682782 #12835] DEBUG -- : -------> building new state...
D, [2018-03-31T10:59:48.682906 #12835] DEBUG -- : -------> building new state...
D, [2018-03-31T10:59:48.683337 #12835] DEBUG -- : -------> building selection...
D, [2018-03-31T10:59:48.683717 #12835] DEBUG -- : -------> building new state...
D, [2018-03-31T10:59:48.683865 #12835] DEBUG -- : -------> building new state...
D, [2018-03-31T10:59:48.684172 #12835] DEBUG -- : -------> building selection...
D, [2018-03-31T10:59:48.684567 #12835] DEBUG -- : -------> building new state...
D, [2018-03-31T10:59:48.684688 #12835] DEBUG -- : -------> building new state...
D, [2018-03-31T10:59:48.684871 #12835] DEBUG -- : -------> building selection...
D, [2018-03-31T10:59:48.685182 #12835] DEBUG -- : -------> building new state...
D, [2018-03-31T10:59:48.685310 #12835] DEBUG -- : -------> building new state...
D, [2018-03-31T10:59:48.685494 #12835] DEBUG -- : -------> building selection...
D, [2018-03-31T10:59:48.685836 #12835] DEBUG -- : -------> building new state...
D, [2018-03-31T10:59:48.685935 #12835] DEBUG -- : -------> building new state...
D, [2018-03-31T10:59:48.686138 #12835] DEBUG -- : -------> building selection...
D, [2018-03-31T10:59:48.686471 #12835] DEBUG -- : -------> building new state...
D, [2018-03-31T10:59:48.686600 #12835] DEBUG -- : -------> building new state...
D, [2018-03-31T10:59:48.686794 #12835] DEBUG -- : -------> building selection...
D, [2018-03-31T10:59:48.687131 #12835] DEBUG -- : -------> building new state...
D, [2018-03-31T10:59:48.687233 #12835] DEBUG -- : -------> building new state...
D, [2018-03-31T10:59:48.687416 #12835] DEBUG -- : scoring weighed rated selections...
D, [2018-03-31T10:59:48.687479 #12835] DEBUG -- : Saving scored selections...
D, [2018-03-31T10:59:48.693704 #12835] DEBUG -- : State Score successfully calculated


D, [2018-03-31T10:59:48.693791 #12835] DEBUG -- : Scoring new state: {:rating=>37, :state=>{:unknown=>0, :possibly_lighter=>1, :possibly_heavier=>0, :normal=>7}}
D, [2018-03-31T10:59:48.693816 #12835] DEBUG -- : State Score successfully calculated


D, [2018-03-31T10:59:48.693887 #12835] DEBUG -- : Scoring new state: {:rating=>31, :state=>{:unknown=>0, :possibly_lighter=>2, :possibly_heavier=>1, :normal=>5}}
D, [2018-03-31T10:59:48.696670 #12835] DEBUG -- : calculating updated score for older state...
D, [2018-03-31T10:59:48.700175 #12835] DEBUG -- : generating weighed rated selections...
D, [2018-03-31T10:59:48.888894 #12835] DEBUG -- : scoring weighed rated selections...
D, [2018-03-31T10:59:48.889058 #12835] DEBUG -- : Saving scored selections...
D, [2018-03-31T10:59:48.897389 #12835] DEBUG -- : State Score successfully calculated


D, [2018-03-31T10:59:48.897495 #12835] DEBUG -- : Scoring new state: {:rating=>37, :state=>{:unknown=>0, :possibly_lighter=>1, :possibly_heavier=>0, :normal=>7}}
D, [2018-03-31T10:59:48.897522 #12835] DEBUG -- : State Score successfully calculated


D, [2018-03-31T10:59:48.897595 #12835] DEBUG -- : Scoring new state: {:rating=>31, :state=>{:unknown=>0, :possibly_lighter=>2, :possibly_heavier=>1, :normal=>5}}
D, [2018-03-31T10:59:48.900246 #12835] DEBUG -- : calculating updated score for older state...
D, [2018-03-31T10:59:48.903816 #12835] DEBUG -- : generating weighed rated selections...
D, [2018-03-31T10:59:48.904931 #12835] DEBUG -- : -------> building selection...
D, [2018-03-31T10:59:48.905801 #12835] DEBUG -- : -------> building new state...
D, [2018-03-31T10:59:48.906166 #12835] DEBUG -- : -------> building new state...
D, [2018-03-31T10:59:48.906397 #12835] DEBUG -- : -------> building selection...
D, [2018-03-31T10:59:48.906785 #12835] DEBUG -- : -------> building new state...
D, [2018-03-31T10:59:48.906952 #12835] DEBUG -- : -------> building new state...
D, [2018-03-31T10:59:48.907165 #12835] DEBUG -- : -------> building selection...
D, [2018-03-31T10:59:48.907533 #12835] DEBUG -- : -------> building new state...
D, [2018-03-31T10:59:48.907652 #12835] DEBUG -- : -------> building new state...
D, [2018-03-31T10:59:48.907851 #12835] DEBUG -- : -------> building selection...
D, [2018-03-31T10:59:48.908195 #12835] DEBUG -- : -------> building new state...
D, [2018-03-31T10:59:48.908328 #12835] DEBUG -- : -------> building new state...
D, [2018-03-31T10:59:48.908527 #12835] DEBUG -- : -------> building selection...
D, [2018-03-31T10:59:48.908882 #12835] DEBUG -- : -------> building new state...
D, [2018-03-31T10:59:48.909000 #12835] DEBUG -- : -------> building new state...
D, [2018-03-31T10:59:48.909200 #12835] DEBUG -- : -------> building selection...
D, [2018-03-31T10:59:48.909553 #12835] DEBUG -- : -------> building new state...
D, [2018-03-31T10:59:48.909700 #12835] DEBUG -- : -------> building new state...
D, [2018-03-31T10:59:48.909937 #12835] DEBUG -- : -------> building selection...
D, [2018-03-31T10:59:48.910310 #12835] DEBUG -- : -------> building new state...
D, [2018-03-31T10:59:48.910520 #12835] DEBUG -- : -------> building new state...
D, [2018-03-31T10:59:48.910836 #12835] DEBUG -- : -------> building selection...
D, [2018-03-31T10:59:48.911209 #12835] DEBUG -- : -------> building new state...
D, [2018-03-31T10:59:48.911318 #12835] DEBUG -- : -------> building new state...
D, [2018-03-31T10:59:48.911523 #12835] DEBUG -- : -------> building selection...
D, [2018-03-31T10:59:48.911861 #12835] DEBUG -- : -------> building new state...
D, [2018-03-31T10:59:48.911982 #12835] DEBUG -- : -------> building new state...
D, [2018-03-31T10:59:48.912190 #12835] DEBUG -- : -------> building selection...
D, [2018-03-31T10:59:48.912513 #12835] DEBUG -- : -------> building new state...
D, [2018-03-31T10:59:48.912664 #12835] DEBUG -- : -------> building new state...
D, [2018-03-31T10:59:48.914866 #12835] DEBUG -- : -------> building selection...
D, [2018-03-31T10:59:48.915364 #12835] DEBUG -- : -------> building new state...
D, [2018-03-31T10:59:48.915522 #12835] DEBUG -- : -------> building new state...
D, [2018-03-31T10:59:48.915730 #12835] DEBUG -- : -------> building selection...
D, [2018-03-31T10:59:48.916086 #12835] DEBUG -- : -------> building new state...
D, [2018-03-31T10:59:48.916188 #12835] DEBUG -- : -------> building new state...
D, [2018-03-31T10:59:48.916400 #12835] DEBUG -- : -------> building selection...
D, [2018-03-31T10:59:48.916722 #12835] DEBUG -- : -------> building new state...
D, [2018-03-31T10:59:48.916822 #12835] DEBUG -- : -------> building new state...
D, [2018-03-31T10:59:48.917008 #12835] DEBUG -- : -------> building selection...
D, [2018-03-31T10:59:48.917358 #12835] DEBUG -- : -------> building new state...
D, [2018-03-31T10:59:48.917462 #12835] DEBUG -- : -------> building new state...
D, [2018-03-31T10:59:48.917674 #12835] DEBUG -- : -------> building selection...
D, [2018-03-31T10:59:48.918000 #12835] DEBUG -- : -------> building new state...
D, [2018-03-31T10:59:48.918099 #12835] DEBUG -- : -------> building new state...
D, [2018-03-31T10:59:48.918298 #12835] DEBUG -- : -------> building selection...
D, [2018-03-31T10:59:48.918636 #12835] DEBUG -- : -------> building new state...
D, [2018-03-31T10:59:48.918747 #12835] DEBUG -- : -------> building new state...
D, [2018-03-31T10:59:48.918949 #12835] DEBUG -- : -------> building selection...
D, [2018-03-31T10:59:48.919306 #12835] DEBUG -- : -------> building new state...
D, [2018-03-31T10:59:48.919409 #12835] DEBUG -- : -------> building new state...
D, [2018-03-31T10:59:48.919611 #12835] DEBUG -- : -------> building selection...
D, [2018-03-31T10:59:48.919936 #12835] DEBUG -- : -------> building new state...
D, [2018-03-31T10:59:48.920057 #12835] DEBUG -- : -------> building new state...
D, [2018-03-31T10:59:48.920244 #12835] DEBUG -- : -------> building selection...
D, [2018-03-31T10:59:48.920565 #12835] DEBUG -- : -------> building new state...
D, [2018-03-31T10:59:48.920689 #12835] DEBUG -- : -------> building new state...
D, [2018-03-31T10:59:48.920877 #12835] DEBUG -- : -------> building selection...
D, [2018-03-31T10:59:48.921206 #12835] DEBUG -- : -------> building new state...
D, [2018-03-31T10:59:48.921305 #12835] DEBUG -- : -------> building new state...
D, [2018-03-31T10:59:48.921520 #12835] DEBUG -- : -------> building selection...
D, [2018-03-31T10:59:48.921857 #12835] DEBUG -- : -------> building new state...
D, [2018-03-31T10:59:48.921956 #12835] DEBUG -- : -------> building new state...
D, [2018-03-31T10:59:48.922169 #12835] DEBUG -- : -------> building selection...
D, [2018-03-31T10:59:48.922493 #12835] DEBUG -- : -------> building new state...
D, [2018-03-31T10:59:48.922593 #12835] DEBUG -- : -------> building new state...
D, [2018-03-31T10:59:48.922829 #12835] DEBUG -- : -------> building selection...
D, [2018-03-31T10:59:48.923159 #12835] DEBUG -- : -------> building new state...
D, [2018-03-31T10:59:48.923258 #12835] DEBUG -- : -------> building new state...
D, [2018-03-31T10:59:48.923443 #12835] DEBUG -- : -------> building selection...
D, [2018-03-31T10:59:48.923811 #12835] DEBUG -- : -------> building new state...
D, [2018-03-31T10:59:48.923913 #12835] DEBUG -- : -------> building new state...
D, [2018-03-31T10:59:48.924097 #12835] DEBUG -- : -------> building selection...
D, [2018-03-31T10:59:48.924420 #12835] DEBUG -- : -------> building new state...
D, [2018-03-31T10:59:48.924536 #12835] DEBUG -- : -------> building new state...
D, [2018-03-31T10:59:48.924721 #12835] DEBUG -- : -------> building selection...
D, [2018-03-31T10:59:48.925054 #12835] DEBUG -- : -------> building new state...
D, [2018-03-31T10:59:48.925177 #12835] DEBUG -- : -------> building new state...
D, [2018-03-31T10:59:48.925363 #12835] DEBUG -- : -------> building selection...
D, [2018-03-31T10:59:48.925692 #12835] DEBUG -- : -------> building new state...
D, [2018-03-31T10:59:48.925795 #12835] DEBUG -- : -------> building new state...
D, [2018-03-31T10:59:48.925997 #12835] DEBUG -- : -------> building selection...
D, [2018-03-31T10:59:48.926331 #12835] DEBUG -- : -------> building new state...
D, [2018-03-31T10:59:48.926440 #12835] DEBUG -- : -------> building new state...
D, [2018-03-31T10:59:48.926631 #12835] DEBUG -- : -------> building selection...
D, [2018-03-31T10:59:48.926989 #12835] DEBUG -- : -------> building new state...
D, [2018-03-31T10:59:48.927092 #12835] DEBUG -- : -------> building new state...
D, [2018-03-31T10:59:48.927288 #12835] DEBUG -- : -------> building selection...
D, [2018-03-31T10:59:48.927636 #12835] DEBUG -- : -------> building new state...
D, [2018-03-31T10:59:48.927737 #12835] DEBUG -- : -------> building new state...
D, [2018-03-31T10:59:48.927928 #12835] DEBUG -- : -------> building selection...
D, [2018-03-31T10:59:48.928278 #12835] DEBUG -- : -------> building new state...
D, [2018-03-31T10:59:48.928379 #12835] DEBUG -- : -------> building new state...
D, [2018-03-31T10:59:48.928585 #12835] DEBUG -- : -------> building selection...
D, [2018-03-31T10:59:48.928913 #12835] DEBUG -- : -------> building new state...
D, [2018-03-31T10:59:48.929015 #12835] DEBUG -- : -------> building new state...
D, [2018-03-31T10:59:48.929217 #12835] DEBUG -- : -------> building selection...
D, [2018-03-31T10:59:48.929564 #12835] DEBUG -- : -------> building new state...
D, [2018-03-31T10:59:48.929667 #12835] DEBUG -- : -------> building new state...
D, [2018-03-31T10:59:48.929854 #12835] DEBUG -- : -------> building selection...
D, [2018-03-31T10:59:48.930202 #12835] DEBUG -- : -------> building new state...
D, [2018-03-31T10:59:48.930311 #12835] DEBUG -- : -------> building new state...
D, [2018-03-31T10:59:48.930510 #12835] DEBUG -- : -------> building selection...
D, [2018-03-31T10:59:48.930861 #12835] DEBUG -- : -------> building new state...
D, [2018-03-31T10:59:48.930970 #12835] DEBUG -- : -------> building new state...
D, [2018-03-31T10:59:48.931167 #12835] DEBUG -- : -------> building selection...
D, [2018-03-31T10:59:48.931503 #12835] DEBUG -- : -------> building new state...
D, [2018-03-31T10:59:48.931625 #12835] DEBUG -- : -------> building new state...
D, [2018-03-31T10:59:48.931816 #12835] DEBUG -- : -------> building selection...
D, [2018-03-31T10:59:48.932152 #12835] DEBUG -- : -------> building new state...
D, [2018-03-31T10:59:48.932252 #12835] DEBUG -- : -------> building new state...
D, [2018-03-31T10:59:48.932459 #12835] DEBUG -- : -------> building selection...
D, [2018-03-31T10:59:48.932796 #12835] DEBUG -- : -------> building new state...
D, [2018-03-31T10:59:48.932914 #12835] DEBUG -- : -------> building new state...
D, [2018-03-31T10:59:48.933143 #12835] DEBUG -- : -------> building selection...
D, [2018-03-31T10:59:48.933554 #12835] DEBUG -- : -------> building new state...
D, [2018-03-31T10:59:48.933750 #12835] DEBUG -- : -------> building new state...
D, [2018-03-31T10:59:48.933972 #12835] DEBUG -- : scoring weighed rated selections...
D, [2018-03-31T10:59:48.934077 #12835] DEBUG -- : Saving scored selections...
D, [2018-03-31T10:59:48.941188 #12835] DEBUG -- : State Score successfully calculated


D, [2018-03-31T10:59:48.941260 #12835] DEBUG -- : Scoring new state: {:rating=>37, :state=>{:unknown=>0, :possibly_lighter=>1, :possibly_heavier=>0, :normal=>7}}
D, [2018-03-31T10:59:48.941285 #12835] DEBUG -- : State Score successfully calculated


D, [2018-03-31T10:59:48.941320 #12835] DEBUG -- : Scoring new state: {:rating=>37, :state=>{:unknown=>0, :possibly_lighter=>0, :possibly_heavier=>1, :normal=>7}}
D, [2018-03-31T10:59:48.941341 #12835] DEBUG -- : State Score successfully calculated


D, [2018-03-31T10:59:48.941366 #12835] DEBUG -- : Scoring new state: {:rating=>31, :state=>{:unknown=>0, :possibly_lighter=>3, :possibly_heavier=>0, :normal=>5}}
D, [2018-03-31T10:59:48.944145 #12835] DEBUG -- : calculating updated score for older state...
D, [2018-03-31T10:59:48.947657 #12835] DEBUG -- : generating weighed rated selections...
D, [2018-03-31T10:59:49.039855 #12835] DEBUG -- : scoring weighed rated selections...
D, [2018-03-31T10:59:49.039990 #12835] DEBUG -- : Saving scored selections...
D, [2018-03-31T10:59:49.044152 #12835] DEBUG -- : State Score successfully calculated


D, [2018-03-31T10:59:49.044265 #12835] DEBUG -- : Scoring new state: {:rating=>31, :state=>{:unknown=>0, :possibly_lighter=>2, :possibly_heavier=>1, :normal=>5}}
D, [2018-03-31T10:59:49.046798 #12835] DEBUG -- : calculating updated score for older state...
D, [2018-03-31T10:59:49.050351 #12835] DEBUG -- : generating weighed rated selections...
D, [2018-03-31T10:59:49.051481 #12835] DEBUG -- : -------> building selection...
D, [2018-03-31T10:59:49.052442 #12835] DEBUG -- : -------> building new state...
D, [2018-03-31T10:59:49.052790 #12835] DEBUG -- : -------> building new state...
D, [2018-03-31T10:59:49.053026 #12835] DEBUG -- : -------> building selection...
D, [2018-03-31T10:59:49.053386 #12835] DEBUG -- : -------> building new state...
D, [2018-03-31T10:59:49.053493 #12835] DEBUG -- : -------> building new state...
D, [2018-03-31T10:59:49.053686 #12835] DEBUG -- : -------> building selection...
D, [2018-03-31T10:59:49.054061 #12835] DEBUG -- : -------> building new state...
D, [2018-03-31T10:59:49.054168 #12835] DEBUG -- : -------> building new state...
D, [2018-03-31T10:59:49.054358 #12835] DEBUG -- : -------> building selection...
D, [2018-03-31T10:59:49.054685 #12835] DEBUG -- : -------> building new state...
D, [2018-03-31T10:59:49.054791 #12835] DEBUG -- : -------> building new state...
D, [2018-03-31T10:59:49.055006 #12835] DEBUG -- : -------> building selection...
D, [2018-03-31T10:59:49.055356 #12835] DEBUG -- : -------> building new state...
D, [2018-03-31T10:59:49.055459 #12835] DEBUG -- : -------> building new state...
D, [2018-03-31T10:59:49.055692 #12835] DEBUG -- : -------> building selection...
D, [2018-03-31T10:59:49.056036 #12835] DEBUG -- : -------> building new state...
D, [2018-03-31T10:59:49.056139 #12835] DEBUG -- : -------> building new state...
D, [2018-03-31T10:59:49.056379 #12835] DEBUG -- : -------> building selection...
D, [2018-03-31T10:59:49.056747 #12835] DEBUG -- : -------> building new state...
D, [2018-03-31T10:59:49.056855 #12835] DEBUG -- : -------> building new state...
D, [2018-03-31T10:59:49.057090 #12835] DEBUG -- : -------> building selection...
D, [2018-03-31T10:59:49.057422 #12835] DEBUG -- : -------> building new state...
D, [2018-03-31T10:59:49.057523 #12835] DEBUG -- : -------> building new state...
D, [2018-03-31T10:59:49.057717 #12835] DEBUG -- : -------> building selection...
D, [2018-03-31T10:59:49.058090 #12835] DEBUG -- : -------> building new state...
D, [2018-03-31T10:59:49.058192 #12835] DEBUG -- : -------> building new state...
D, [2018-03-31T10:59:49.058382 #12835] DEBUG -- : -------> building selection...
D, [2018-03-31T10:59:49.058715 #12835] DEBUG -- : -------> building new state...
D, [2018-03-31T10:59:49.058824 #12835] DEBUG -- : -------> building new state...
D, [2018-03-31T10:59:49.059058 #12835] DEBUG -- : -------> building selection...
D, [2018-03-31T10:59:49.059393 #12835] DEBUG -- : -------> building new state...
D, [2018-03-31T10:59:49.059499 #12835] DEBUG -- : -------> building new state...
D, [2018-03-31T10:59:49.059686 #12835] DEBUG -- : -------> building selection...
D, [2018-03-31T10:59:49.060031 #12835] DEBUG -- : -------> building new state...
D, [2018-03-31T10:59:49.060133 #12835] DEBUG -- : -------> building new state...
D, [2018-03-31T10:59:49.060364 #12835] DEBUG -- : -------> building selection...
D, [2018-03-31T10:59:49.060702 #12835] DEBUG -- : -------> building new state...
D, [2018-03-31T10:59:49.060889 #12835] DEBUG -- : -------> building new state...
D, [2018-03-31T10:59:49.061101 #12835] DEBUG -- : -------> building selection...
D, [2018-03-31T10:59:49.061449 #12835] DEBUG -- : -------> building new state...
D, [2018-03-31T10:59:49.061592 #12835] DEBUG -- : -------> building new state...
D, [2018-03-31T10:59:49.061784 #12835] DEBUG -- : -------> building selection...
D, [2018-03-31T10:59:49.062111 #12835] DEBUG -- : -------> building new state...
D, [2018-03-31T10:59:49.062214 #12835] DEBUG -- : -------> building new state...
D, [2018-03-31T10:59:49.062408 #12835] DEBUG -- : -------> building selection...
D, [2018-03-31T10:59:49.062765 #12835] DEBUG -- : -------> building new state...
D, [2018-03-31T10:59:49.062920 #12835] DEBUG -- : -------> building new state...
D, [2018-03-31T10:59:49.063115 #12835] DEBUG -- : -------> building selection...
D, [2018-03-31T10:59:49.063444 #12835] DEBUG -- : -------> building new state...
D, [2018-03-31T10:59:49.063552 #12835] DEBUG -- : -------> building new state...
D, [2018-03-31T10:59:49.063795 #12835] DEBUG -- : -------> building selection...
D, [2018-03-31T10:59:49.064147 #12835] DEBUG -- : -------> building new state...
D, [2018-03-31T10:59:49.064257 #12835] DEBUG -- : -------> building new state...
D, [2018-03-31T10:59:49.064476 #12835] DEBUG -- : -------> building selection...
D, [2018-03-31T10:59:49.064804 #12835] DEBUG -- : -------> building new state...
D, [2018-03-31T10:59:49.064906 #12835] DEBUG -- : -------> building new state...
D, [2018-03-31T10:59:49.065220 #12835] DEBUG -- : -------> building selection...
D, [2018-03-31T10:59:49.065578 #12835] DEBUG -- : -------> building new state...
D, [2018-03-31T10:59:49.065690 #12835] DEBUG -- : -------> building new state...
D, [2018-03-31T10:59:49.065891 #12835] DEBUG -- : -------> building selection...
D, [2018-03-31T10:59:49.066240 #12835] DEBUG -- : -------> building new state...
D, [2018-03-31T10:59:49.066384 #12835] DEBUG -- : -------> building new state...
D, [2018-03-31T10:59:49.066591 #12835] DEBUG -- : -------> building selection...
D, [2018-03-31T10:59:49.066947 #12835] DEBUG -- : -------> building new state...
D, [2018-03-31T10:59:49.067060 #12835] DEBUG -- : -------> building new state...
D, [2018-03-31T10:59:49.067257 #12835] DEBUG -- : -------> building selection...
D, [2018-03-31T10:59:49.067620 #12835] DEBUG -- : -------> building new state...
D, [2018-03-31T10:59:49.067737 #12835] DEBUG -- : -------> building new state...
D, [2018-03-31T10:59:49.067988 #12835] DEBUG -- : -------> building selection...
D, [2018-03-31T10:59:49.068372 #12835] DEBUG -- : -------> building new state...
D, [2018-03-31T10:59:49.068572 #12835] DEBUG -- : -------> building new state...
D, [2018-03-31T10:59:49.068792 #12835] DEBUG -- : -------> building selection...
D, [2018-03-31T10:59:49.069178 #12835] DEBUG -- : -------> building new state...
D, [2018-03-31T10:59:49.069280 #12835] DEBUG -- : -------> building new state...
D, [2018-03-31T10:59:49.069477 #12835] DEBUG -- : -------> building selection...
D, [2018-03-31T10:59:49.069806 #12835] DEBUG -- : -------> building new state...
D, [2018-03-31T10:59:49.069903 #12835] DEBUG -- : -------> building new state...
D, [2018-03-31T10:59:49.070096 #12835] DEBUG -- : -------> building selection...
D, [2018-03-31T10:59:49.070457 #12835] DEBUG -- : -------> building new state...
D, [2018-03-31T10:59:49.070555 #12835] DEBUG -- : -------> building new state...
D, [2018-03-31T10:59:49.070742 #12835] DEBUG -- : -------> building selection...
D, [2018-03-31T10:59:49.071116 #12835] DEBUG -- : -------> building new state...
D, [2018-03-31T10:59:49.071324 #12835] DEBUG -- : -------> building new state...
D, [2018-03-31T10:59:49.071582 #12835] DEBUG -- : -------> building selection...
D, [2018-03-31T10:59:49.071936 #12835] DEBUG -- : -------> building new state...
D, [2018-03-31T10:59:49.072037 #12835] DEBUG -- : -------> building new state...
D, [2018-03-31T10:59:49.072228 #12835] DEBUG -- : -------> building selection...
D, [2018-03-31T10:59:49.072569 #12835] DEBUG -- : -------> building new state...
D, [2018-03-31T10:59:49.072703 #12835] DEBUG -- : -------> building new state...
D, [2018-03-31T10:59:49.072899 #12835] DEBUG -- : -------> building selection...
D, [2018-03-31T10:59:49.073225 #12835] DEBUG -- : -------> building new state...
D, [2018-03-31T10:59:49.073323 #12835] DEBUG -- : -------> building new state...
D, [2018-03-31T10:59:49.073513 #12835] DEBUG -- : -------> building selection...
D, [2018-03-31T10:59:49.073838 #12835] DEBUG -- : -------> building new state...
D, [2018-03-31T10:59:49.073971 #12835] DEBUG -- : -------> building new state...
D, [2018-03-31T10:59:49.074170 #12835] DEBUG -- : -------> building selection...
D, [2018-03-31T10:59:49.074506 #12835] DEBUG -- : -------> building new state...
D, [2018-03-31T10:59:49.074607 #12835] DEBUG -- : -------> building new state...
D, [2018-03-31T10:59:49.074795 #12835] DEBUG -- : -------> building selection...
D, [2018-03-31T10:59:49.075157 #12835] DEBUG -- : -------> building new state...
D, [2018-03-31T10:59:49.075258 #12835] DEBUG -- : -------> building new state...
D, [2018-03-31T10:59:49.075448 #12835] DEBUG -- : -------> building selection...
D, [2018-03-31T10:59:49.075813 #12835] DEBUG -- : -------> building new state...
D, [2018-03-31T10:59:49.075914 #12835] DEBUG -- : -------> building new state...
D, [2018-03-31T10:59:49.076104 #12835] DEBUG -- : -------> building selection...
D, [2018-03-31T10:59:49.076429 #12835] DEBUG -- : -------> building new state...
D, [2018-03-31T10:59:49.076530 #12835] DEBUG -- : -------> building new state...
D, [2018-03-31T10:59:49.076715 #12835] DEBUG -- : -------> building selection...
D, [2018-03-31T10:59:49.077077 #12835] DEBUG -- : -------> building new state...
D, [2018-03-31T10:59:49.077177 #12835] DEBUG -- : -------> building new state...
D, [2018-03-31T10:59:49.077366 #12835] DEBUG -- : -------> building selection...
D, [2018-03-31T10:59:49.077691 #12835] DEBUG -- : -------> building new state...
D, [2018-03-31T10:59:49.077792 #12835] DEBUG -- : -------> building new state...
D, [2018-03-31T10:59:49.077979 #12835] DEBUG -- : -------> building selection...
D, [2018-03-31T10:59:49.078340 #12835] DEBUG -- : -------> building new state...
D, [2018-03-31T10:59:49.078518 #12835] DEBUG -- : -------> building new state...
D, [2018-03-31T10:59:49.078746 #12835] DEBUG -- : scoring weighed rated selections...
D, [2018-03-31T10:59:49.078835 #12835] DEBUG -- : Saving scored selections...
D, [2018-03-31T10:59:49.086258 #12835] DEBUG -- : State Score successfully calculated


D, [2018-03-31T10:59:49.086330 #12835] DEBUG -- : Scoring new state: {:rating=>37, :state=>{:unknown=>0, :possibly_lighter=>1, :possibly_heavier=>0, :normal=>7}}
D, [2018-03-31T10:59:49.086356 #12835] DEBUG -- : State Score successfully calculated


D, [2018-03-31T10:59:49.086391 #12835] DEBUG -- : Scoring new state: {:rating=>31, :state=>{:unknown=>0, :possibly_lighter=>2, :possibly_heavier=>1, :normal=>5}}
D, [2018-03-31T10:59:49.089111 #12835] DEBUG -- : calculating updated score for older state...
D, [2018-03-31T10:59:49.092625 #12835] DEBUG -- : generating weighed rated selections...
D, [2018-03-31T10:59:49.093722 #12835] DEBUG -- : -------> building selection...
D, [2018-03-31T10:59:49.094610 #12835] DEBUG -- : -------> building new state...
D, [2018-03-31T10:59:49.094940 #12835] DEBUG -- : -------> building new state...
D, [2018-03-31T10:59:49.095195 #12835] DEBUG -- : -------> building selection...
D, [2018-03-31T10:59:49.095530 #12835] DEBUG -- : -------> building new state...
D, [2018-03-31T10:59:49.095632 #12835] DEBUG -- : -------> building new state...
D, [2018-03-31T10:59:49.095829 #12835] DEBUG -- : -------> building selection...
D, [2018-03-31T10:59:49.096175 #12835] DEBUG -- : -------> building new state...
D, [2018-03-31T10:59:49.096288 #12835] DEBUG -- : -------> building new state...
D, [2018-03-31T10:59:49.096478 #12835] DEBUG -- : -------> building selection...
D, [2018-03-31T10:59:49.096900 #12835] DEBUG -- : -------> building new state...
D, [2018-03-31T10:59:49.097023 #12835] DEBUG -- : -------> building new state...
D, [2018-03-31T10:59:49.097253 #12835] DEBUG -- : -------> building selection...
D, [2018-03-31T10:59:49.097589 #12835] DEBUG -- : -------> building new state...
D, [2018-03-31T10:59:49.097694 #12835] DEBUG -- : -------> building new state...
D, [2018-03-31T10:59:49.097881 #12835] DEBUG -- : -------> building selection...
D, [2018-03-31T10:59:49.098207 #12835] DEBUG -- : -------> building new state...
D, [2018-03-31T10:59:49.098307 #12835] DEBUG -- : -------> building new state...
D, [2018-03-31T10:59:49.100118 #12835] DEBUG -- : -------> building selection...
D, [2018-03-31T10:59:49.100562 #12835] DEBUG -- : -------> building new state...
D, [2018-03-31T10:59:49.100697 #12835] DEBUG -- : -------> building new state...
D, [2018-03-31T10:59:49.100985 #12835] DEBUG -- : -------> building selection...
D, [2018-03-31T10:59:49.101327 #12835] DEBUG -- : -------> building new state...
D, [2018-03-31T10:59:49.101426 #12835] DEBUG -- : -------> building new state...
D, [2018-03-31T10:59:49.101679 #12835] DEBUG -- : -------> building selection...
D, [2018-03-31T10:59:49.102032 #12835] DEBUG -- : -------> building new state...
D, [2018-03-31T10:59:49.102152 #12835] DEBUG -- : -------> building new state...
D, [2018-03-31T10:59:49.102339 #12835] DEBUG -- : -------> building selection...
D, [2018-03-31T10:59:49.102707 #12835] DEBUG -- : -------> building new state...
D, [2018-03-31T10:59:49.102822 #12835] DEBUG -- : -------> building new state...
D, [2018-03-31T10:59:49.103016 #12835] DEBUG -- : -------> building selection...
D, [2018-03-31T10:59:49.103345 #12835] DEBUG -- : -------> building new state...
D, [2018-03-31T10:59:49.103448 #12835] DEBUG -- : -------> building new state...
D, [2018-03-31T10:59:49.103631 #12835] DEBUG -- : -------> building selection...
D, [2018-03-31T10:59:49.103973 #12835] DEBUG -- : -------> building new state...
D, [2018-03-31T10:59:49.104074 #12835] DEBUG -- : -------> building new state...
D, [2018-03-31T10:59:49.104260 #12835] DEBUG -- : -------> building selection...
D, [2018-03-31T10:59:49.104579 #12835] DEBUG -- : -------> building new state...
D, [2018-03-31T10:59:49.104678 #12835] DEBUG -- : -------> building new state...
D, [2018-03-31T10:59:49.104861 #12835] DEBUG -- : -------> building selection...
D, [2018-03-31T10:59:49.105210 #12835] DEBUG -- : -------> building new state...
D, [2018-03-31T10:59:49.105309 #12835] DEBUG -- : -------> building new state...
D, [2018-03-31T10:59:49.105498 #12835] DEBUG -- : -------> building selection...
D, [2018-03-31T10:59:49.105821 #12835] DEBUG -- : -------> building new state...
D, [2018-03-31T10:59:49.105917 #12835] DEBUG -- : -------> building new state...
D, [2018-03-31T10:59:49.106102 #12835] DEBUG -- : -------> building selection...
D, [2018-03-31T10:59:49.106459 #12835] DEBUG -- : -------> building new state...
D, [2018-03-31T10:59:49.106561 #12835] DEBUG -- : -------> building new state...
D, [2018-03-31T10:59:49.106746 #12835] DEBUG -- : -------> building selection...
D, [2018-03-31T10:59:49.117690 #12835] DEBUG -- : -------> building new state...
D, [2018-03-31T10:59:49.118150 #12835] DEBUG -- : -------> building new state...
D, [2018-03-31T10:59:49.118419 #12835] DEBUG -- : -------> building selection...
D, [2018-03-31T10:59:49.118936 #12835] DEBUG -- : -------> building new state...
D, [2018-03-31T10:59:49.119222 #12835] DEBUG -- : -------> building new state...
D, [2018-03-31T10:59:49.119742 #12835] DEBUG -- : -------> building selection...
D, [2018-03-31T10:59:49.120131 #12835] DEBUG -- : -------> building new state...
D, [2018-03-31T10:59:49.120254 #12835] DEBUG -- : -------> building new state...
D, [2018-03-31T10:59:49.120492 #12835] DEBUG -- : -------> building selection...
D, [2018-03-31T10:59:49.121005 #12835] DEBUG -- : -------> building new state...
D, [2018-03-31T10:59:49.121128 #12835] DEBUG -- : -------> building new state...
D, [2018-03-31T10:59:49.121343 #12835] DEBUG -- : -------> building selection...
D, [2018-03-31T10:59:49.121688 #12835] DEBUG -- : -------> building new state...
D, [2018-03-31T10:59:49.121800 #12835] DEBUG -- : -------> building new state...
D, [2018-03-31T10:59:49.122049 #12835] DEBUG -- : -------> building selection...
D, [2018-03-31T10:59:49.122392 #12835] DEBUG -- : -------> building new state...
D, [2018-03-31T10:59:49.122506 #12835] DEBUG -- : -------> building new state...
D, [2018-03-31T10:59:49.122796 #12835] DEBUG -- : -------> building selection...
D, [2018-03-31T10:59:49.123967 #12835] DEBUG -- : -------> building new state...
D, [2018-03-31T10:59:49.124271 #12835] DEBUG -- : -------> building new state...
D, [2018-03-31T10:59:49.124585 #12835] DEBUG -- : -------> building selection...
D, [2018-03-31T10:59:49.128202 #12835] DEBUG -- : -------> building new state...
D, [2018-03-31T10:59:49.128716 #12835] DEBUG -- : -------> building new state...
D, [2018-03-31T10:59:49.130480 #12835] DEBUG -- : -------> building selection...
D, [2018-03-31T10:59:49.130913 #12835] DEBUG -- : -------> building new state...
D, [2018-03-31T10:59:49.131063 #12835] DEBUG -- : -------> building new state...
D, [2018-03-31T10:59:49.131275 #12835] DEBUG -- : -------> building selection...
D, [2018-03-31T10:59:49.131621 #12835] DEBUG -- : -------> building new state...
D, [2018-03-31T10:59:49.131767 #12835] DEBUG -- : -------> building new state...
D, [2018-03-31T10:59:49.131975 #12835] DEBUG -- : -------> building selection...
D, [2018-03-31T10:59:49.132314 #12835] DEBUG -- : -------> building new state...
D, [2018-03-31T10:59:49.132423 #12835] DEBUG -- : -------> building new state...
D, [2018-03-31T10:59:49.132622 #12835] DEBUG -- : -------> building selection...
D, [2018-03-31T10:59:49.132957 #12835] DEBUG -- : -------> building new state...
D, [2018-03-31T10:59:49.133102 #12835] DEBUG -- : -------> building new state...
D, [2018-03-31T10:59:49.133306 #12835] DEBUG -- : -------> building selection...
D, [2018-03-31T10:59:49.133642 #12835] DEBUG -- : -------> building new state...
D, [2018-03-31T10:59:49.133749 #12835] DEBUG -- : -------> building new state...
D, [2018-03-31T10:59:49.133998 #12835] DEBUG -- : -------> building selection...
D, [2018-03-31T10:59:49.134359 #12835] DEBUG -- : -------> building new state...
D, [2018-03-31T10:59:49.134505 #12835] DEBUG -- : -------> building new state...
D, [2018-03-31T10:59:49.134776 #12835] DEBUG -- : -------> building selection...
D, [2018-03-31T10:59:49.135146 #12835] DEBUG -- : -------> building new state...
D, [2018-03-31T10:59:49.135263 #12835] DEBUG -- : -------> building new state...
D, [2018-03-31T10:59:49.135461 #12835] DEBUG -- : -------> building selection...
D, [2018-03-31T10:59:49.135798 #12835] DEBUG -- : -------> building new state...
D, [2018-03-31T10:59:49.135931 #12835] DEBUG -- : -------> building new state...
D, [2018-03-31T10:59:49.142120 #12835] DEBUG -- : -------> building selection...
D, [2018-03-31T10:59:49.142739 #12835] DEBUG -- : -------> building new state...
D, [2018-03-31T10:59:49.142879 #12835] DEBUG -- : -------> building new state...
D, [2018-03-31T10:59:49.143126 #12835] DEBUG -- : -------> building selection...
D, [2018-03-31T10:59:49.143463 #12835] DEBUG -- : -------> building new state...
D, [2018-03-31T10:59:49.143563 #12835] DEBUG -- : -------> building new state...
D, [2018-03-31T10:59:49.143757 #12835] DEBUG -- : -------> building selection...
D, [2018-03-31T10:59:49.144085 #12835] DEBUG -- : -------> building new state...
D, [2018-03-31T10:59:49.144185 #12835] DEBUG -- : -------> building new state...
D, [2018-03-31T10:59:49.144399 #12835] DEBUG -- : -------> building selection...
D, [2018-03-31T10:59:49.144720 #12835] DEBUG -- : -------> building new state...
D, [2018-03-31T10:59:49.144819 #12835] DEBUG -- : -------> building new state...
D, [2018-03-31T10:59:49.145014 #12835] DEBUG -- : -------> building selection...
D, [2018-03-31T10:59:49.145370 #12835] DEBUG -- : -------> building new state...
D, [2018-03-31T10:59:49.145471 #12835] DEBUG -- : -------> building new state...
D, [2018-03-31T10:59:49.145663 #12835] DEBUG -- : -------> building selection...
D, [2018-03-31T10:59:49.145991 #12835] DEBUG -- : -------> building new state...
D, [2018-03-31T10:59:49.146091 #12835] DEBUG -- : -------> building new state...
D, [2018-03-31T10:59:49.146281 #12835] DEBUG -- : -------> building selection...
D, [2018-03-31T10:59:49.146636 #12835] DEBUG -- : -------> building new state...
D, [2018-03-31T10:59:49.146739 #12835] DEBUG -- : -------> building new state...
D, [2018-03-31T10:59:49.146953 #12835] DEBUG -- : scoring weighed rated selections...
D, [2018-03-31T10:59:49.147035 #12835] DEBUG -- : Saving scored selections...
D, [2018-03-31T10:59:49.156171 #12835] DEBUG -- : State Score successfully calculated


D, [2018-03-31T10:59:49.156292 #12835] DEBUG -- : Scoring new state: {:rating=>37, :state=>{:unknown=>0, :possibly_lighter=>1, :possibly_heavier=>0, :normal=>7}}
D, [2018-03-31T10:59:49.156334 #12835] DEBUG -- : State Score successfully calculated


D, [2018-03-31T10:59:49.156374 #12835] DEBUG -- : Scoring new state: {:rating=>37, :state=>{:unknown=>0, :possibly_lighter=>0, :possibly_heavier=>1, :normal=>7}}
D, [2018-03-31T10:59:49.156396 #12835] DEBUG -- : State Score successfully calculated


D, [2018-03-31T10:59:49.156424 #12835] DEBUG -- : Scoring new state: {:rating=>31, :state=>{:unknown=>0, :possibly_lighter=>3, :possibly_heavier=>0, :normal=>5}}
D, [2018-03-31T10:59:49.159741 #12835] DEBUG -- : calculating updated score for older state...
D, [2018-03-31T10:59:49.164794 #12835] DEBUG -- : generating weighed rated selections...
D, [2018-03-31T10:59:49.166002 #12835] DEBUG -- : -------> building selection...
D, [2018-03-31T10:59:49.167120 #12835] DEBUG -- : -------> building new state...
D, [2018-03-31T10:59:49.167688 #12835] DEBUG -- : -------> building selection...
D, [2018-03-31T10:59:49.168127 #12835] DEBUG -- : -------> building new state...
D, [2018-03-31T10:59:49.168338 #12835] DEBUG -- : -------> building selection...
D, [2018-03-31T10:59:49.168708 #12835] DEBUG -- : -------> building new state...
D, [2018-03-31T10:59:49.168909 #12835] DEBUG -- : -------> building selection...
D, [2018-03-31T10:59:49.169240 #12835] DEBUG -- : -------> building new state...
D, [2018-03-31T10:59:49.169345 #12835] DEBUG -- : -------> building new state...
D, [2018-03-31T10:59:49.169711 #12835] DEBUG -- : -------> building selection...
D, [2018-03-31T10:59:49.170147 #12835] DEBUG -- : -------> building new state...
D, [2018-03-31T10:59:49.170376 #12835] DEBUG -- : -------> building new state...
D, [2018-03-31T10:59:49.170616 #12835] DEBUG -- : -------> building selection...
D, [2018-03-31T10:59:49.171207 #12835] DEBUG -- : -------> building new state...
D, [2018-03-31T10:59:49.171398 #12835] DEBUG -- : -------> building new state...
D, [2018-03-31T10:59:49.171737 #12835] DEBUG -- : -------> building selection...
D, [2018-03-31T10:59:49.172125 #12835] DEBUG -- : -------> building new state...
D, [2018-03-31T10:59:49.172232 #12835] DEBUG -- : -------> building new state...
D, [2018-03-31T10:59:49.172425 #12835] DEBUG -- : -------> building selection...
D, [2018-03-31T10:59:49.172757 #12835] DEBUG -- : -------> building new state...
D, [2018-03-31T10:59:49.172860 #12835] DEBUG -- : -------> building new state...
D, [2018-03-31T10:59:49.173086 #12835] DEBUG -- : -------> building selection...
D, [2018-03-31T10:59:49.173417 #12835] DEBUG -- : -------> building new state...
D, [2018-03-31T10:59:49.173518 #12835] DEBUG -- : -------> building new state...
D, [2018-03-31T10:59:49.173709 #12835] DEBUG -- : -------> building selection...
D, [2018-03-31T10:59:49.174038 #12835] DEBUG -- : -------> building new state...
D, [2018-03-31T10:59:49.174166 #12835] DEBUG -- : -------> building new state...
D, [2018-03-31T10:59:49.174363 #12835] DEBUG -- : -------> building selection...
D, [2018-03-31T10:59:49.174696 #12835] DEBUG -- : -------> building new state...
D, [2018-03-31T10:59:49.174796 #12835] DEBUG -- : -------> building new state...
D, [2018-03-31T10:59:49.175021 #12835] DEBUG -- : -------> building selection...
D, [2018-03-31T10:59:49.175446 #12835] DEBUG -- : -------> building new state...
D, [2018-03-31T10:59:49.175657 #12835] DEBUG -- : -------> building new state...
D, [2018-03-31T10:59:49.175875 #12835] DEBUG -- : -------> building selection...
D, [2018-03-31T10:59:49.176228 #12835] DEBUG -- : -------> building new state...
D, [2018-03-31T10:59:49.176334 #12835] DEBUG -- : -------> building new state...
D, [2018-03-31T10:59:49.176577 #12835] DEBUG -- : -------> building selection...
D, [2018-03-31T10:59:49.176920 #12835] DEBUG -- : -------> building new state...
D, [2018-03-31T10:59:49.177021 #12835] DEBUG -- : -------> building new state...
D, [2018-03-31T10:59:49.177228 #12835] DEBUG -- : -------> building selection...
D, [2018-03-31T10:59:49.177568 #12835] DEBUG -- : -------> building new state...
D, [2018-03-31T10:59:49.177743 #12835] DEBUG -- : -------> building new state...
D, [2018-03-31T10:59:49.177946 #12835] DEBUG -- : -------> building selection...
D, [2018-03-31T10:59:49.178276 #12835] DEBUG -- : -------> building new state...
D, [2018-03-31T10:59:49.178380 #12835] DEBUG -- : -------> building new state...
D, [2018-03-31T10:59:49.178640 #12835] DEBUG -- : -------> building selection...
D, [2018-03-31T10:59:49.179001 #12835] DEBUG -- : -------> building new state...
D, [2018-03-31T10:59:49.179107 #12835] DEBUG -- : -------> building new state...
D, [2018-03-31T10:59:49.179298 #12835] DEBUG -- : -------> building selection...
D, [2018-03-31T10:59:49.179729 #12835] DEBUG -- : -------> building new state...
D, [2018-03-31T10:59:49.179854 #12835] DEBUG -- : -------> building new state...
D, [2018-03-31T10:59:49.180046 #12835] DEBUG -- : -------> building selection...
D, [2018-03-31T10:59:49.180376 #12835] DEBUG -- : -------> building new state...
D, [2018-03-31T10:59:49.180479 #12835] DEBUG -- : -------> building new state...
D, [2018-03-31T10:59:49.180668 #12835] DEBUG -- : scoring weighed rated selections...
D, [2018-03-31T10:59:49.180765 #12835] DEBUG -- : Saving scored selections...
D, [2018-03-31T10:59:49.184968 #12835] DEBUG -- : State Score successfully calculated


D, [2018-03-31T10:59:49.185050 #12835] DEBUG -- : Scoring new state: {:rating=>37, :state=>{:unknown=>0, :possibly_lighter=>0, :possibly_heavier=>1, :normal=>7}}
D, [2018-03-31T10:59:49.185076 #12835] DEBUG -- : State Score successfully calculated


D, [2018-03-31T10:59:49.185103 #12835] DEBUG -- : Scoring new state: {:rating=>31, :state=>{:unknown=>0, :possibly_lighter=>3, :possibly_heavier=>0, :normal=>5}}
D, [2018-03-31T10:59:49.188189 #12835] DEBUG -- : calculating updated score for older state...
D, [2018-03-31T10:59:49.192264 #12835] DEBUG -- : generating weighed rated selections...
D, [2018-03-31T10:59:49.193366 #12835] DEBUG -- : -------> building selection...
D, [2018-03-31T10:59:49.194179 #12835] DEBUG -- : -------> building new state...
D, [2018-03-31T10:59:49.194645 #12835] DEBUG -- : -------> building selection...
D, [2018-03-31T10:59:49.195234 #12835] DEBUG -- : -------> building new state...
D, [2018-03-31T10:59:49.195549 #12835] DEBUG -- : -------> building selection...
D, [2018-03-31T10:59:49.195903 #12835] DEBUG -- : -------> building new state...
D, [2018-03-31T10:59:49.196116 #12835] DEBUG -- : -------> building selection...
D, [2018-03-31T10:59:49.196596 #12835] DEBUG -- : -------> building new state...
D, [2018-03-31T10:59:49.196794 #12835] DEBUG -- : -------> building new state...
D, [2018-03-31T10:59:49.196997 #12835] DEBUG -- : -------> building selection...
D, [2018-03-31T10:59:49.197343 #12835] DEBUG -- : -------> building new state...
D, [2018-03-31T10:59:49.197445 #12835] DEBUG -- : -------> building new state...
D, [2018-03-31T10:59:49.197711 #12835] DEBUG -- : -------> building selection...
D, [2018-03-31T10:59:49.198042 #12835] DEBUG -- : -------> building new state...
D, [2018-03-31T10:59:49.198143 #12835] DEBUG -- : -------> building new state...
D, [2018-03-31T10:59:49.198331 #12835] DEBUG -- : -------> building selection...
D, [2018-03-31T10:59:49.198653 #12835] DEBUG -- : -------> building new state...
D, [2018-03-31T10:59:49.198854 #12835] DEBUG -- : -------> building new state...
D, [2018-03-31T10:59:49.201219 #12835] DEBUG -- : -------> building selection...
D, [2018-03-31T10:59:49.201598 #12835] DEBUG -- : -------> building new state...
D, [2018-03-31T10:59:49.201706 #12835] DEBUG -- : -------> building new state...
D, [2018-03-31T10:59:49.201895 #12835] DEBUG -- : -------> building selection...
D, [2018-03-31T10:59:49.202245 #12835] DEBUG -- : -------> building new state...
D, [2018-03-31T10:59:49.202351 #12835] DEBUG -- : -------> building new state...
D, [2018-03-31T10:59:49.202537 #12835] DEBUG -- : -------> building selection...
D, [2018-03-31T10:59:49.202896 #12835] DEBUG -- : -------> building new state...
D, [2018-03-31T10:59:49.203320 #12835] DEBUG -- : -------> building new state...
D, [2018-03-31T10:59:49.203566 #12835] DEBUG -- : -------> building selection...
D, [2018-03-31T10:59:49.204060 #12835] DEBUG -- : -------> building new state...
D, [2018-03-31T10:59:49.204207 #12835] DEBUG -- : -------> building new state...
D, [2018-03-31T10:59:49.204667 #12835] DEBUG -- : -------> building selection...
D, [2018-03-31T10:59:49.205130 #12835] DEBUG -- : -------> building new state...
D, [2018-03-31T10:59:49.205245 #12835] DEBUG -- : -------> building new state...
D, [2018-03-31T10:59:49.205470 #12835] DEBUG -- : -------> building selection...
D, [2018-03-31T10:59:49.205797 #12835] DEBUG -- : -------> building new state...
D, [2018-03-31T10:59:49.205915 #12835] DEBUG -- : -------> building new state...
D, [2018-03-31T10:59:49.206103 #12835] DEBUG -- : -------> building selection...
D, [2018-03-31T10:59:49.206448 #12835] DEBUG -- : -------> building new state...
D, [2018-03-31T10:59:49.206549 #12835] DEBUG -- : -------> building new state...
D, [2018-03-31T10:59:49.206732 #12835] DEBUG -- : -------> building selection...
D, [2018-03-31T10:59:49.207099 #12835] DEBUG -- : -------> building new state...
D, [2018-03-31T10:59:49.207217 #12835] DEBUG -- : -------> building new state...
D, [2018-03-31T10:59:49.207408 #12835] DEBUG -- : -------> building selection...
D, [2018-03-31T10:59:49.207758 #12835] DEBUG -- : -------> building new state...
D, [2018-03-31T10:59:49.207859 #12835] DEBUG -- : -------> building new state...
D, [2018-03-31T10:59:49.208044 #12835] DEBUG -- : -------> building selection...
D, [2018-03-31T10:59:49.208387 #12835] DEBUG -- : -------> building new state...
D, [2018-03-31T10:59:49.208503 #12835] DEBUG -- : -------> building new state...
D, [2018-03-31T10:59:49.208692 #12835] DEBUG -- : -------> building selection...
D, [2018-03-31T10:59:49.209034 #12835] DEBUG -- : -------> building new state...
D, [2018-03-31T10:59:49.209133 #12835] DEBUG -- : -------> building new state...
D, [2018-03-31T10:59:49.209378 #12835] DEBUG -- : -------> building selection...
D, [2018-03-31T10:59:49.209773 #12835] DEBUG -- : -------> building new state...
D, [2018-03-31T10:59:49.209952 #12835] DEBUG -- : -------> building new state...
D, [2018-03-31T10:59:49.210189 #12835] DEBUG -- : scoring weighed rated selections...
D, [2018-03-31T10:59:49.210245 #12835] DEBUG -- : Saving scored selections...
D, [2018-03-31T10:59:49.214314 #12835] DEBUG -- : State Score successfully calculated


D, [2018-03-31T10:59:49.214405 #12835] DEBUG -- : Scoring new state: {:rating=>31, :state=>{:unknown=>0, :possibly_lighter=>2, :possibly_heavier=>1, :normal=>5}}
D, [2018-03-31T10:59:49.217184 #12835] DEBUG -- : calculating updated score for older state...
D, [2018-03-31T10:59:49.220874 #12835] DEBUG -- : generating weighed rated selections...
D, [2018-03-31T10:59:49.222162 #12835] DEBUG -- : -------> building selection...
D, [2018-03-31T10:59:49.223111 #12835] DEBUG -- : -------> building new state...
D, [2018-03-31T10:59:49.223437 #12835] DEBUG -- : -------> building new state...
D, [2018-03-31T10:59:49.223668 #12835] DEBUG -- : -------> building selection...
D, [2018-03-31T10:59:49.224044 #12835] DEBUG -- : -------> building new state...
D, [2018-03-31T10:59:49.224149 #12835] DEBUG -- : -------> building new state...
D, [2018-03-31T10:59:49.224344 #12835] DEBUG -- : -------> building selection...
D, [2018-03-31T10:59:49.224685 #12835] DEBUG -- : -------> building new state...
D, [2018-03-31T10:59:49.224798 #12835] DEBUG -- : -------> building new state...
D, [2018-03-31T10:59:49.225002 #12835] DEBUG -- : -------> building selection...
D, [2018-03-31T10:59:49.225348 #12835] DEBUG -- : -------> building new state...
D, [2018-03-31T10:59:49.225451 #12835] DEBUG -- : -------> building new state...
D, [2018-03-31T10:59:49.225642 #12835] DEBUG -- : -------> building selection...
D, [2018-03-31T10:59:49.225986 #12835] DEBUG -- : -------> building new state...
D, [2018-03-31T10:59:49.226088 #12835] DEBUG -- : -------> building new state...
D, [2018-03-31T10:59:49.226296 #12835] DEBUG -- : -------> building selection...
D, [2018-03-31T10:59:49.226622 #12835] DEBUG -- : -------> building new state...
D, [2018-03-31T10:59:49.226736 #12835] DEBUG -- : -------> building new state...
D, [2018-03-31T10:59:49.227052 #12835] DEBUG -- : -------> building selection...
D, [2018-03-31T10:59:49.227557 #12835] DEBUG -- : -------> building new state...
D, [2018-03-31T10:59:49.227687 #12835] DEBUG -- : -------> building new state...
D, [2018-03-31T10:59:49.227887 #12835] DEBUG -- : -------> building selection...
D, [2018-03-31T10:59:49.228237 #12835] DEBUG -- : -------> building new state...
D, [2018-03-31T10:59:49.228355 #12835] DEBUG -- : -------> building new state...
D, [2018-03-31T10:59:49.228549 #12835] DEBUG -- : -------> building selection...
D, [2018-03-31T10:59:49.228895 #12835] DEBUG -- : -------> building new state...
D, [2018-03-31T10:59:49.228995 #12835] DEBUG -- : -------> building new state...
D, [2018-03-31T10:59:49.229187 #12835] DEBUG -- : -------> building selection...
D, [2018-03-31T10:59:49.229550 #12835] DEBUG -- : -------> building new state...
D, [2018-03-31T10:59:49.229650 #12835] DEBUG -- : -------> building new state...
D, [2018-03-31T10:59:49.229838 #12835] DEBUG -- : -------> building selection...
D, [2018-03-31T10:59:49.230196 #12835] DEBUG -- : -------> building new state...
D, [2018-03-31T10:59:49.230383 #12835] DEBUG -- : -------> building new state...
D, [2018-03-31T10:59:49.230605 #12835] DEBUG -- : -------> building selection...
D, [2018-03-31T10:59:49.231229 #12835] DEBUG -- : -------> building new state...
D, [2018-03-31T10:59:49.231363 #12835] DEBUG -- : -------> building new state...
D, [2018-03-31T10:59:49.231627 #12835] DEBUG -- : -------> building selection...
D, [2018-03-31T10:59:49.232104 #12835] DEBUG -- : -------> building new state...
D, [2018-03-31T10:59:49.232279 #12835] DEBUG -- : -------> building new state...
D, [2018-03-31T10:59:49.232531 #12835] DEBUG -- : -------> building selection...
D, [2018-03-31T10:59:49.232892 #12835] DEBUG -- : -------> building new state...
D, [2018-03-31T10:59:49.233024 #12835] DEBUG -- : -------> building new state...
D, [2018-03-31T10:59:49.233232 #12835] DEBUG -- : -------> building selection...
D, [2018-03-31T10:59:49.233600 #12835] DEBUG -- : -------> building new state...
D, [2018-03-31T10:59:49.233735 #12835] DEBUG -- : -------> building new state...
D, [2018-03-31T10:59:49.233945 #12835] DEBUG -- : -------> building selection...
D, [2018-03-31T10:59:49.234379 #12835] DEBUG -- : -------> building new state...
D, [2018-03-31T10:59:49.234500 #12835] DEBUG -- : -------> building new state...
D, [2018-03-31T10:59:49.234719 #12835] DEBUG -- : -------> building selection...
D, [2018-03-31T10:59:49.235306 #12835] DEBUG -- : -------> building new state...
D, [2018-03-31T10:59:49.235444 #12835] DEBUG -- : -------> building new state...
D, [2018-03-31T10:59:49.235652 #12835] DEBUG -- : -------> building selection...
D, [2018-03-31T10:59:49.236028 #12835] DEBUG -- : -------> building new state...
D, [2018-03-31T10:59:49.237927 #12835] DEBUG -- : -------> building new state...
D, [2018-03-31T10:59:49.239150 #12835] DEBUG -- : -------> building selection...
D, [2018-03-31T10:59:49.240307 #12835] DEBUG -- : -------> building new state...
D, [2018-03-31T10:59:49.240537 #12835] DEBUG -- : -------> building new state...
D, [2018-03-31T10:59:49.241368 #12835] DEBUG -- : -------> building selection...
D, [2018-03-31T10:59:49.242518 #12835] DEBUG -- : -------> building new state...
D, [2018-03-31T10:59:49.247063 #12835] DEBUG -- : -------> building new state...
D, [2018-03-31T10:59:49.247433 #12835] DEBUG -- : -------> building selection...
D, [2018-03-31T10:59:49.247822 #12835] DEBUG -- : -------> building new state...
D, [2018-03-31T10:59:49.247925 #12835] DEBUG -- : -------> building new state...
D, [2018-03-31T10:59:49.248122 #12835] DEBUG -- : -------> building selection...
D, [2018-03-31T10:59:49.248459 #12835] DEBUG -- : -------> building new state...
D, [2018-03-31T10:59:49.248574 #12835] DEBUG -- : -------> building new state...
D, [2018-03-31T10:59:49.248762 #12835] DEBUG -- : -------> building selection...
D, [2018-03-31T10:59:49.249120 #12835] DEBUG -- : -------> building new state...
D, [2018-03-31T10:59:49.249219 #12835] DEBUG -- : -------> building new state...
D, [2018-03-31T10:59:49.249428 #12835] DEBUG -- : -------> building selection...
D, [2018-03-31T10:59:49.249749 #12835] DEBUG -- : -------> building new state...
D, [2018-03-31T10:59:49.249863 #12835] DEBUG -- : -------> building new state...
D, [2018-03-31T10:59:49.250050 #12835] DEBUG -- : -------> building selection...
D, [2018-03-31T10:59:49.250386 #12835] DEBUG -- : -------> building new state...
D, [2018-03-31T10:59:49.250496 #12835] DEBUG -- : -------> building new state...
D, [2018-03-31T10:59:49.250753 #12835] DEBUG -- : -------> building selection...
D, [2018-03-31T10:59:49.251434 #12835] DEBUG -- : -------> building new state...
D, [2018-03-31T10:59:49.251610 #12835] DEBUG -- : -------> building new state...
D, [2018-03-31T10:59:49.251877 #12835] DEBUG -- : -------> building selection...
D, [2018-03-31T10:59:49.255595 #12835] DEBUG -- : -------> building new state...
D, [2018-03-31T10:59:49.257686 #12835] DEBUG -- : -------> building new state...
D, [2018-03-31T10:59:49.258021 #12835] DEBUG -- : -------> building selection...
D, [2018-03-31T10:59:49.258452 #12835] DEBUG -- : -------> building new state...
D, [2018-03-31T10:59:49.258573 #12835] DEBUG -- : -------> building new state...
D, [2018-03-31T10:59:49.258840 #12835] DEBUG -- : -------> building selection...
D, [2018-03-31T10:59:49.259403 #12835] DEBUG -- : -------> building new state...
D, [2018-03-31T10:59:49.259787 #12835] DEBUG -- : -------> building new state...
D, [2018-03-31T10:59:49.260237 #12835] DEBUG -- : -------> building selection...
D, [2018-03-31T10:59:49.261030 #12835] DEBUG -- : -------> building new state...
D, [2018-03-31T10:59:49.261268 #12835] DEBUG -- : -------> building new state...
D, [2018-03-31T10:59:49.261668 #12835] DEBUG -- : -------> building selection...
D, [2018-03-31T10:59:49.262242 #12835] DEBUG -- : -------> building new state...
D, [2018-03-31T10:59:49.262461 #12835] DEBUG -- : -------> building new state...
D, [2018-03-31T10:59:49.262780 #12835] DEBUG -- : -------> building selection...
D, [2018-03-31T10:59:49.263316 #12835] DEBUG -- : -------> building new state...
D, [2018-03-31T10:59:49.263565 #12835] DEBUG -- : -------> building new state...
D, [2018-03-31T10:59:49.263869 #12835] DEBUG -- : -------> building selection...
D, [2018-03-31T10:59:49.264342 #12835] DEBUG -- : -------> building new state...
D, [2018-03-31T10:59:49.264485 #12835] DEBUG -- : -------> building new state...
D, [2018-03-31T10:59:49.264853 #12835] DEBUG -- : -------> building selection...
D, [2018-03-31T10:59:49.265345 #12835] DEBUG -- : -------> building new state...
D, [2018-03-31T10:59:49.265497 #12835] DEBUG -- : -------> building new state...
D, [2018-03-31T10:59:49.265864 #12835] DEBUG -- : -------> building selection...
D, [2018-03-31T10:59:49.266376 #12835] DEBUG -- : -------> building new state...
D, [2018-03-31T10:59:49.266532 #12835] DEBUG -- : -------> building new state...
D, [2018-03-31T10:59:49.266813 #12835] DEBUG -- : -------> building selection...
D, [2018-03-31T10:59:49.267672 #12835] DEBUG -- : -------> building new state...
D, [2018-03-31T10:59:49.267942 #12835] DEBUG -- : -------> building new state...
D, [2018-03-31T10:59:49.268307 #12835] DEBUG -- : -------> building selection...
D, [2018-03-31T10:59:49.271283 #12835] DEBUG -- : -------> building new state...
D, [2018-03-31T10:59:49.271448 #12835] DEBUG -- : -------> building new state...
D, [2018-03-31T10:59:49.271675 #12835] DEBUG -- : -------> building selection...
D, [2018-03-31T10:59:49.272146 #12835] DEBUG -- : -------> building new state...
D, [2018-03-31T10:59:49.272287 #12835] DEBUG -- : -------> building new state...
D, [2018-03-31T10:59:49.272506 #12835] DEBUG -- : -------> building selection...
D, [2018-03-31T10:59:49.272868 #12835] DEBUG -- : -------> building new state...
D, [2018-03-31T10:59:49.272986 #12835] DEBUG -- : -------> building new state...
D, [2018-03-31T10:59:49.273205 #12835] DEBUG -- : scoring weighed rated selections...
D, [2018-03-31T10:59:49.273310 #12835] DEBUG -- : Saving scored selections...
D, [2018-03-31T10:59:49.285167 #12835] DEBUG -- : State Score successfully calculated


D, [2018-03-31T10:59:49.285330 #12835] DEBUG -- : Scoring new state: {:rating=>37, :state=>{:unknown=>0, :possibly_lighter=>1, :possibly_heavier=>0, :normal=>7}}
D, [2018-03-31T10:59:49.285367 #12835] DEBUG -- : State Score successfully calculated


D, [2018-03-31T10:59:49.285426 #12835] DEBUG -- : Scoring new state: {:rating=>31, :state=>{:unknown=>0, :possibly_lighter=>2, :possibly_heavier=>1, :normal=>5}}
D, [2018-03-31T10:59:49.290262 #12835] DEBUG -- : calculating updated score for older state...
D, [2018-03-31T10:59:49.298249 #12835] DEBUG -- : generating weighed rated selections...
D, [2018-03-31T10:59:49.299824 #12835] DEBUG -- : -------> building selection...
D, [2018-03-31T10:59:49.301208 #12835] DEBUG -- : -------> building new state...
D, [2018-03-31T10:59:49.302900 #12835] DEBUG -- : -------> building new state...
D, [2018-03-31T10:59:49.303352 #12835] DEBUG -- : -------> building selection...
D, [2018-03-31T10:59:49.304966 #12835] DEBUG -- : -------> building new state...
D, [2018-03-31T10:59:49.305248 #12835] DEBUG -- : -------> building new state...
D, [2018-03-31T10:59:49.305616 #12835] DEBUG -- : -------> building selection...
D, [2018-03-31T10:59:49.306722 #12835] DEBUG -- : -------> building new state...
D, [2018-03-31T10:59:49.311007 #12835] DEBUG -- : -------> building new state...
D, [2018-03-31T10:59:49.311390 #12835] DEBUG -- : -------> building selection...
D, [2018-03-31T10:59:49.311759 #12835] DEBUG -- : -------> building new state...
D, [2018-03-31T10:59:49.311899 #12835] DEBUG -- : -------> building new state...
D, [2018-03-31T10:59:49.312217 #12835] DEBUG -- : -------> building selection...
D, [2018-03-31T10:59:49.312605 #12835] DEBUG -- : -------> building new state...
D, [2018-03-31T10:59:49.312710 #12835] DEBUG -- : -------> building new state...
D, [2018-03-31T10:59:49.312901 #12835] DEBUG -- : -------> building selection...
D, [2018-03-31T10:59:49.313224 #12835] DEBUG -- : -------> building new state...
D, [2018-03-31T10:59:49.313324 #12835] DEBUG -- : -------> building new state...
D, [2018-03-31T10:59:49.313532 #12835] DEBUG -- : -------> building selection...
D, [2018-03-31T10:59:49.313890 #12835] DEBUG -- : -------> building new state...
D, [2018-03-31T10:59:49.313991 #12835] DEBUG -- : -------> building new state...
D, [2018-03-31T10:59:49.314178 #12835] DEBUG -- : -------> building selection...
D, [2018-03-31T10:59:49.314498 #12835] DEBUG -- : -------> building new state...
D, [2018-03-31T10:59:49.314595 #12835] DEBUG -- : -------> building new state...
D, [2018-03-31T10:59:49.314839 #12835] DEBUG -- : -------> building selection...
D, [2018-03-31T10:59:49.315316 #12835] DEBUG -- : -------> building new state...
D, [2018-03-31T10:59:49.315445 #12835] DEBUG -- : -------> building new state...
D, [2018-03-31T10:59:49.315644 #12835] DEBUG -- : -------> building selection...
D, [2018-03-31T10:59:49.316038 #12835] DEBUG -- : -------> building new state...
D, [2018-03-31T10:59:49.316191 #12835] DEBUG -- : -------> building new state...
D, [2018-03-31T10:59:49.316410 #12835] DEBUG -- : -------> building selection...
D, [2018-03-31T10:59:49.316784 #12835] DEBUG -- : -------> building new state...
D, [2018-03-31T10:59:49.316936 #12835] DEBUG -- : -------> building new state...
D, [2018-03-31T10:59:49.317293 #12835] DEBUG -- : -------> building selection...
D, [2018-03-31T10:59:49.317777 #12835] DEBUG -- : -------> building new state...
D, [2018-03-31T10:59:49.317970 #12835] DEBUG -- : -------> building new state...
D, [2018-03-31T10:59:49.318173 #12835] DEBUG -- : -------> building selection...
D, [2018-03-31T10:59:49.318603 #12835] DEBUG -- : -------> building new state...
D, [2018-03-31T10:59:49.318748 #12835] DEBUG -- : -------> building new state...
D, [2018-03-31T10:59:49.319065 #12835] DEBUG -- : -------> building selection...
D, [2018-03-31T10:59:49.319490 #12835] DEBUG -- : -------> building new state...
D, [2018-03-31T10:59:49.319625 #12835] DEBUG -- : -------> building new state...
D, [2018-03-31T10:59:49.319917 #12835] DEBUG -- : -------> building selection...
D, [2018-03-31T10:59:49.320400 #12835] DEBUG -- : -------> building new state...
D, [2018-03-31T10:59:49.320519 #12835] DEBUG -- : -------> building new state...
D, [2018-03-31T10:59:49.320713 #12835] DEBUG -- : -------> building selection...
D, [2018-03-31T10:59:49.321062 #12835] DEBUG -- : -------> building new state...
D, [2018-03-31T10:59:49.321307 #12835] DEBUG -- : -------> building new state...
D, [2018-03-31T10:59:49.323346 #12835] DEBUG -- : -------> building selection...
D, [2018-03-31T10:59:49.323766 #12835] DEBUG -- : -------> building new state...
D, [2018-03-31T10:59:49.323889 #12835] DEBUG -- : -------> building new state...
D, [2018-03-31T10:59:49.324098 #12835] DEBUG -- : -------> building selection...
D, [2018-03-31T10:59:49.326031 #12835] DEBUG -- : -------> building new state...
D, [2018-03-31T10:59:49.326284 #12835] DEBUG -- : -------> building new state...
D, [2018-03-31T10:59:49.326545 #12835] DEBUG -- : -------> building selection...
D, [2018-03-31T10:59:49.327027 #12835] DEBUG -- : -------> building new state...
D, [2018-03-31T10:59:49.327236 #12835] DEBUG -- : -------> building new state...
D, [2018-03-31T10:59:49.327500 #12835] DEBUG -- : -------> building selection...
D, [2018-03-31T10:59:49.327841 #12835] DEBUG -- : -------> building new state...
D, [2018-03-31T10:59:49.327942 #12835] DEBUG -- : -------> building new state...
D, [2018-03-31T10:59:49.328138 #12835] DEBUG -- : -------> building selection...
D, [2018-03-31T10:59:49.328465 #12835] DEBUG -- : -------> building new state...
D, [2018-03-31T10:59:49.328599 #12835] DEBUG -- : -------> building new state...
D, [2018-03-31T10:59:49.328802 #12835] DEBUG -- : -------> building selection...
D, [2018-03-31T10:59:49.329130 #12835] DEBUG -- : -------> building new state...
D, [2018-03-31T10:59:49.329230 #12835] DEBUG -- : -------> building new state...
D, [2018-03-31T10:59:49.329418 #12835] DEBUG -- : -------> building selection...
D, [2018-03-31T10:59:49.329741 #12835] DEBUG -- : -------> building new state...
D, [2018-03-31T10:59:49.329857 #12835] DEBUG -- : -------> building new state...
D, [2018-03-31T10:59:49.330047 #12835] DEBUG -- : -------> building selection...
D, [2018-03-31T10:59:49.330373 #12835] DEBUG -- : -------> building new state...
D, [2018-03-31T10:59:49.330518 #12835] DEBUG -- : -------> building new state...
D, [2018-03-31T10:59:49.330704 #12835] DEBUG -- : -------> building selection...
D, [2018-03-31T10:59:49.331060 #12835] DEBUG -- : -------> building new state...
D, [2018-03-31T10:59:49.331276 #12835] DEBUG -- : -------> building new state...
D, [2018-03-31T10:59:49.331488 #12835] DEBUG -- : -------> building selection...
D, [2018-03-31T10:59:49.331851 #12835] DEBUG -- : -------> building new state...
D, [2018-03-31T10:59:49.331955 #12835] DEBUG -- : -------> building new state...
D, [2018-03-31T10:59:49.332143 #12835] DEBUG -- : -------> building selection...
D, [2018-03-31T10:59:49.332547 #12835] DEBUG -- : -------> building new state...
D, [2018-03-31T10:59:49.332690 #12835] DEBUG -- : -------> building new state...
D, [2018-03-31T10:59:49.332892 #12835] DEBUG -- : -------> building selection...
D, [2018-03-31T10:59:49.333223 #12835] DEBUG -- : -------> building new state...
D, [2018-03-31T10:59:49.333324 #12835] DEBUG -- : -------> building new state...
D, [2018-03-31T10:59:49.333511 #12835] DEBUG -- : -------> building selection...
D, [2018-03-31T10:59:49.333880 #12835] DEBUG -- : -------> building new state...
D, [2018-03-31T10:59:49.334009 #12835] DEBUG -- : -------> building new state...
D, [2018-03-31T10:59:49.334202 #12835] DEBUG -- : -------> building selection...
D, [2018-03-31T10:59:49.334528 #12835] DEBUG -- : -------> building new state...
D, [2018-03-31T10:59:49.334628 #12835] DEBUG -- : -------> building new state...
D, [2018-03-31T10:59:49.334854 #12835] DEBUG -- : -------> building selection...
D, [2018-03-31T10:59:49.335355 #12835] DEBUG -- : -------> building new state...
D, [2018-03-31T10:59:49.335489 #12835] DEBUG -- : -------> building new state...
D, [2018-03-31T10:59:49.335685 #12835] DEBUG -- : -------> building selection...
D, [2018-03-31T10:59:49.336011 #12835] DEBUG -- : -------> building new state...
D, [2018-03-31T10:59:49.336111 #12835] DEBUG -- : -------> building new state...
D, [2018-03-31T10:59:49.336311 #12835] DEBUG -- : -------> building selection...
D, [2018-03-31T10:59:49.336671 #12835] DEBUG -- : -------> building new state...
D, [2018-03-31T10:59:49.336771 #12835] DEBUG -- : -------> building new state...
D, [2018-03-31T10:59:49.336969 #12835] DEBUG -- : -------> building selection...
D, [2018-03-31T10:59:49.337295 #12835] DEBUG -- : -------> building new state...
D, [2018-03-31T10:59:49.337393 #12835] DEBUG -- : -------> building new state...
D, [2018-03-31T10:59:49.337613 #12835] DEBUG -- : -------> building selection...
D, [2018-03-31T10:59:49.337959 #12835] DEBUG -- : -------> building new state...
D, [2018-03-31T10:59:49.338063 #12835] DEBUG -- : -------> building new state...
D, [2018-03-31T10:59:49.338250 #12835] DEBUG -- : -------> building selection...
D, [2018-03-31T10:59:49.338645 #12835] DEBUG -- : -------> building new state...
D, [2018-03-31T10:59:49.338873 #12835] DEBUG -- : -------> building new state...
D, [2018-03-31T10:59:49.339159 #12835] DEBUG -- : -------> building selection...
D, [2018-03-31T10:59:49.339554 #12835] DEBUG -- : -------> building new state...
D, [2018-03-31T10:59:49.339674 #12835] DEBUG -- : -------> building new state...
D, [2018-03-31T10:59:49.339910 #12835] DEBUG -- : -------> building selection...
D, [2018-03-31T10:59:49.340365 #12835] DEBUG -- : -------> building new state...
D, [2018-03-31T10:59:49.340480 #12835] DEBUG -- : -------> building new state...
D, [2018-03-31T10:59:49.340671 #12835] DEBUG -- : -------> building selection...
D, [2018-03-31T10:59:49.340997 #12835] DEBUG -- : -------> building new state...
D, [2018-03-31T10:59:49.341100 #12835] DEBUG -- : -------> building new state...
D, [2018-03-31T10:59:49.341295 #12835] DEBUG -- : scoring weighed rated selections...
D, [2018-03-31T10:59:49.341408 #12835] DEBUG -- : Saving scored selections...
D, [2018-03-31T10:59:49.348810 #12835] DEBUG -- : State Score successfully calculated


D, [2018-03-31T10:59:49.348891 #12835] DEBUG -- : Scoring new state: {:rating=>37, :state=>{:unknown=>0, :possibly_lighter=>1, :possibly_heavier=>0, :normal=>7}}
D, [2018-03-31T10:59:49.348916 #12835] DEBUG -- : State Score successfully calculated


D, [2018-03-31T10:59:49.348952 #12835] DEBUG -- : Scoring new state: {:rating=>37, :state=>{:unknown=>0, :possibly_lighter=>0, :possibly_heavier=>1, :normal=>7}}
D, [2018-03-31T10:59:49.348973 #12835] DEBUG -- : State Score successfully calculated


D, [2018-03-31T10:59:49.348998 #12835] DEBUG -- : Scoring new state: {:rating=>31, :state=>{:unknown=>0, :possibly_lighter=>3, :possibly_heavier=>0, :normal=>5}}
D, [2018-03-31T10:59:49.351765 #12835] DEBUG -- : calculating updated score for older state...
D, [2018-03-31T10:59:49.355425 #12835] DEBUG -- : generating weighed rated selections...
D, [2018-03-31T10:59:49.356495 #12835] DEBUG -- : -------> building selection...
D, [2018-03-31T10:59:49.357298 #12835] DEBUG -- : -------> building new state...
D, [2018-03-31T10:59:49.357764 #12835] DEBUG -- : -------> building selection...
D, [2018-03-31T10:59:49.358121 #12835] DEBUG -- : -------> building new state...
D, [2018-03-31T10:59:49.358351 #12835] DEBUG -- : -------> building selection...
D, [2018-03-31T10:59:49.358817 #12835] DEBUG -- : -------> building new state...
D, [2018-03-31T10:59:49.359105 #12835] DEBUG -- : -------> building selection...
D, [2018-03-31T10:59:49.359455 #12835] DEBUG -- : -------> building new state...
D, [2018-03-31T10:59:49.359562 #12835] DEBUG -- : -------> building new state...
D, [2018-03-31T10:59:49.359750 #12835] DEBUG -- : -------> building selection...
D, [2018-03-31T10:59:49.360116 #12835] DEBUG -- : -------> building new state...
D, [2018-03-31T10:59:49.360219 #12835] DEBUG -- : -------> building new state...
D, [2018-03-31T10:59:49.360419 #12835] DEBUG -- : -------> building selection...
D, [2018-03-31T10:59:49.360744 #12835] DEBUG -- : -------> building new state...
D, [2018-03-31T10:59:49.360843 #12835] DEBUG -- : -------> building new state...
D, [2018-03-31T10:59:49.361074 #12835] DEBUG -- : -------> building selection...
D, [2018-03-31T10:59:49.361397 #12835] DEBUG -- : -------> building new state...
D, [2018-03-31T10:59:49.361498 #12835] DEBUG -- : -------> building new state...
D, [2018-03-31T10:59:49.361682 #12835] DEBUG -- : -------> building selection...
D, [2018-03-31T10:59:49.362046 #12835] DEBUG -- : -------> building new state...
D, [2018-03-31T10:59:49.362202 #12835] DEBUG -- : -------> building new state...
D, [2018-03-31T10:59:49.362399 #12835] DEBUG -- : -------> building selection...
D, [2018-03-31T10:59:49.362765 #12835] DEBUG -- : -------> building new state...
D, [2018-03-31T10:59:49.362976 #12835] DEBUG -- : -------> building new state...
D, [2018-03-31T10:59:49.363192 #12835] DEBUG -- : -------> building selection...
D, [2018-03-31T10:59:49.363541 #12835] DEBUG -- : -------> building new state...
D, [2018-03-31T10:59:49.363682 #12835] DEBUG -- : -------> building new state...
D, [2018-03-31T10:59:49.363880 #12835] DEBUG -- : -------> building selection...
D, [2018-03-31T10:59:49.364209 #12835] DEBUG -- : -------> building new state...
D, [2018-03-31T10:59:49.364312 #12835] DEBUG -- : -------> building new state...
D, [2018-03-31T10:59:49.364502 #12835] DEBUG -- : -------> building selection...
D, [2018-03-31T10:59:49.364849 #12835] DEBUG -- : -------> building new state...
D, [2018-03-31T10:59:49.364965 #12835] DEBUG -- : -------> building new state...
D, [2018-03-31T10:59:49.365155 #12835] DEBUG -- : -------> building selection...
D, [2018-03-31T10:59:49.365521 #12835] DEBUG -- : -------> building new state...
D, [2018-03-31T10:59:49.365624 #12835] DEBUG -- : -------> building new state...
D, [2018-03-31T10:59:49.365808 #12835] DEBUG -- : -------> building selection...
D, [2018-03-31T10:59:49.366130 #12835] DEBUG -- : -------> building new state...
D, [2018-03-31T10:59:49.366230 #12835] DEBUG -- : -------> building new state...
D, [2018-03-31T10:59:49.366414 #12835] DEBUG -- : -------> building selection...
D, [2018-03-31T10:59:49.366777 #12835] DEBUG -- : -------> building new state...
D, [2018-03-31T10:59:49.366895 #12835] DEBUG -- : -------> building new state...
D, [2018-03-31T10:59:49.367085 #12835] DEBUG -- : -------> building selection...
D, [2018-03-31T10:59:49.367432 #12835] DEBUG -- : -------> building new state...
D, [2018-03-31T10:59:49.367534 #12835] DEBUG -- : -------> building new state...
D, [2018-03-31T10:59:49.367720 #12835] DEBUG -- : -------> building selection...
D, [2018-03-31T10:59:49.368105 #12835] DEBUG -- : -------> building new state...
D, [2018-03-31T10:59:49.368207 #12835] DEBUG -- : -------> building new state...
D, [2018-03-31T10:59:49.368395 #12835] DEBUG -- : -------> building selection...
D, [2018-03-31T10:59:49.368725 #12835] DEBUG -- : -------> building new state...
D, [2018-03-31T10:59:49.368826 #12835] DEBUG -- : -------> building new state...
D, [2018-03-31T10:59:49.371020 #12835] DEBUG -- : -------> building selection...
D, [2018-03-31T10:59:49.371517 #12835] DEBUG -- : -------> building new state...
D, [2018-03-31T10:59:49.371650 #12835] DEBUG -- : -------> building new state...
D, [2018-03-31T10:59:49.371859 #12835] DEBUG -- : scoring weighed rated selections...
D, [2018-03-31T10:59:49.371918 #12835] DEBUG -- : Saving scored selections...
D, [2018-03-31T10:59:49.376060 #12835] DEBUG -- : State Score successfully calculated


D, [2018-03-31T10:59:49.376158 #12835] DEBUG -- : Saving scored selections...
D, [2018-03-31T10:59:49.413524 #12835] DEBUG -- : State Score successfully calculated


D, [2018-03-31T10:59:49.413621 #12835] DEBUG -- : Scoring new state: {:rating=>37, :state=>{:unknown=>0, :possibly_lighter=>0, :possibly_heavier=>1, :normal=>7}}
D, [2018-03-31T10:59:49.413647 #12835] DEBUG -- : State Score successfully calculated


D, [2018-03-31T10:59:49.413683 #12835] DEBUG -- : Scoring new state: {:rating=>31, :state=>{:unknown=>0, :possibly_lighter=>1, :possibly_heavier=>2, :normal=>5}}
D, [2018-03-31T10:59:49.416493 #12835] DEBUG -- : generating score for new state...
D, [2018-03-31T10:59:49.420348 #12835] DEBUG -- : new state info recorded
D, [2018-03-31T10:59:49.423906 #12835] DEBUG -- : generating weighed rated selections...
D, [2018-03-31T10:59:49.625788 #12835] DEBUG -- : scoring weighed rated selections...
D, [2018-03-31T10:59:49.625961 #12835] DEBUG -- : Saving scored selections...
D, [2018-03-31T10:59:49.633397 #12835] DEBUG -- : State Score successfully calculated


D, [2018-03-31T10:59:49.698639 #12835] DEBUG -- : Scoring new state: {:rating=>31, :state=>{:unknown=>0, :possibly_lighter=>1, :possibly_heavier=>2, :normal=>5}}
D, [2018-03-31T10:59:49.701491 #12835] DEBUG -- : generating score for new state...
D, [2018-03-31T10:59:49.705340 #12835] DEBUG -- : new state info recorded
D, [2018-03-31T10:59:49.708770 #12835] DEBUG -- : generating weighed rated selections...
D, [2018-03-31T10:59:49.913216 #12835] DEBUG -- : scoring weighed rated selections...
D, [2018-03-31T10:59:49.913396 #12835] DEBUG -- : Saving scored selections...
D, [2018-03-31T10:59:49.922025 #12835] DEBUG -- : State Score successfully calculated


D, [2018-03-31T10:59:49.922114 #12835] DEBUG -- : Scoring new state: {:rating=>34, :state=>{:unknown=>0, :possibly_lighter=>1, :possibly_heavier=>1, :normal=>6}}
D, [2018-03-31T10:59:49.924696 #12835] DEBUG -- : calculating updated score for older state...
D, [2018-03-31T10:59:49.928204 #12835] DEBUG -- : generating weighed rated selections...
D, [2018-03-31T10:59:50.028646 #12835] DEBUG -- : scoring weighed rated selections...
D, [2018-03-31T10:59:50.028782 #12835] DEBUG -- : Saving scored selections...
D, [2018-03-31T10:59:50.044253 #12835] DEBUG -- : State Score successfully calculated


D, [2018-03-31T10:59:50.044392 #12835] DEBUG -- : Scoring new state: {:rating=>31, :state=>{:unknown=>0, :possibly_lighter=>2, :possibly_heavier=>1, :normal=>5}}
D, [2018-03-31T10:59:50.047012 #12835] DEBUG -- : generating score for new state...
D, [2018-03-31T10:59:50.050492 #12835] DEBUG -- : new state info recorded
D, [2018-03-31T10:59:50.053944 #12835] DEBUG -- : generating weighed rated selections...
D, [2018-03-31T10:59:50.253565 #12835] DEBUG -- : scoring weighed rated selections...
D, [2018-03-31T10:59:50.253739 #12835] DEBUG -- : Saving scored selections...
D, [2018-03-31T10:59:50.261163 #12835] DEBUG -- : State Score successfully calculated


D, [2018-03-31T10:59:50.261276 #12835] DEBUG -- : Scoring new state: {:rating=>34, :state=>{:unknown=>0, :possibly_lighter=>1, :possibly_heavier=>1, :normal=>6}}
D, [2018-03-31T10:59:50.263919 #12835] DEBUG -- : returning fully calculated score...
D, [2018-03-31T10:59:50.263987 #12835] DEBUG -- : State Score successfully calculated


D, [2018-03-31T10:59:50.329677 #12835] DEBUG -- : Scoring new state: {:rating=>34, :state=>{:unknown=>0, :possibly_lighter=>1, :possibly_heavier=>1, :normal=>6}}
D, [2018-03-31T10:59:50.332576 #12835] DEBUG -- : generating score for new state...
D, [2018-03-31T10:59:50.336384 #12835] DEBUG -- : new state info recorded
D, [2018-03-31T10:59:50.339792 #12835] DEBUG -- : generating weighed rated selections...
D, [2018-03-31T10:59:50.453522 #12835] DEBUG -- : scoring weighed rated selections...
D, [2018-03-31T10:59:50.453717 #12835] DEBUG -- : Saving scored selections...
D, [2018-03-31T10:59:50.469662 #12835] DEBUG -- : State Score successfully calculated


D, [2018-03-31T10:59:50.469782 #12835] DEBUG -- : Scoring new state: {:rating=>31, :state=>{:unknown=>0, :possibly_lighter=>1, :possibly_heavier=>2, :normal=>5}}
D, [2018-03-31T10:59:50.472434 #12835] DEBUG -- : generating score for new state...
D, [2018-03-31T10:59:50.476200 #12835] DEBUG -- : new state info recorded
D, [2018-03-31T10:59:50.479797 #12835] DEBUG -- : generating weighed rated selections...
D, [2018-03-31T10:59:50.681959 #12835] DEBUG -- : scoring weighed rated selections...
D, [2018-03-31T10:59:50.682135 #12835] DEBUG -- : Saving scored selections...
D, [2018-03-31T10:59:50.689397 #12835] DEBUG -- : State Score successfully calculated


D, [2018-03-31T10:59:50.689529 #12835] DEBUG -- : Scoring new state: {:rating=>34, :state=>{:unknown=>0, :possibly_lighter=>1, :possibly_heavier=>1, :normal=>6}}
D, [2018-03-31T10:59:50.692117 #12835] DEBUG -- : returning fully calculated score...
D, [2018-03-31T10:59:50.692185 #12835] DEBUG -- : State Score successfully calculated


D, [2018-03-31T10:59:50.692220 #12835] DEBUG -- : Scoring new state: {:rating=>31, :state=>{:unknown=>0, :possibly_lighter=>2, :possibly_heavier=>1, :normal=>5}}
D, [2018-03-31T10:59:50.694741 #12835] DEBUG -- : generating score for new state...
D, [2018-03-31T10:59:50.698298 #12835] DEBUG -- : new state info recorded
D, [2018-03-31T10:59:50.701686 #12835] DEBUG -- : generating weighed rated selections...
D, [2018-03-31T10:59:50.913418 #12835] DEBUG -- : scoring weighed rated selections...
D, [2018-03-31T10:59:50.913599 #12835] DEBUG -- : Saving scored selections...
D, [2018-03-31T10:59:50.922226 #12835] DEBUG -- : State Score successfully calculated


D, [2018-03-31T10:59:51.002456 #12835] DEBUG -- : generating weighed rated selections...
D, [2018-03-31T10:59:51.120413 #12835] DEBUG -- : scoring weighed rated selections...
D, [2018-03-31T10:59:51.120586 #12835] DEBUG -- : Saving scored selections...
D, [2018-03-31T10:59:51.140076 #12835] DEBUG -- : generating weighed rated selections...
D, [2018-03-31T10:59:51.336344 #12835] DEBUG -- : scoring weighed rated selections...
D, [2018-03-31T10:59:51.336529 #12835] DEBUG -- : Saving scored selections...
D, [2018-03-31T10:59:51.414306 #12835] DEBUG -- : calculating updated score for older state...
D, [2018-03-31T10:59:51.417896 #12835] DEBUG -- : generating weighed rated selections...
D, [2018-03-31T10:59:51.431541 #12835] DEBUG -- : scoring weighed rated selections...
D, [2018-03-31T10:59:51.431669 #12835] DEBUG -- : Scoring new state: {:rating=>10, :state=>{:unknown=>1, :possibly_lighter=>0, :possibly_heavier=>0, :normal=>2}}
D, [2018-03-31T10:59:51.434499 #12835] DEBUG -- : calculating updated score for older state...
D, [2018-03-31T10:59:51.438221 #12835] DEBUG -- : generating weighed rated selections...
D, [2018-03-31T10:59:51.458268 #12835] DEBUG -- : scoring weighed rated selections...
D, [2018-03-31T10:59:51.458390 #12835] DEBUG -- : Saving scored selections...
D, [2018-03-31T10:59:51.461816 #12835] DEBUG -- : State Score successfully calculated


D, [2018-03-31T10:59:51.461908 #12835] DEBUG -- : Scoring new state: {:rating=>9, :state=>{:unknown=>0, :possibly_lighter=>1, :possibly_heavier=>1, :normal=>1}}
D, [2018-03-31T10:59:51.464589 #12835] DEBUG -- : calculating updated score for older state...
D, [2018-03-31T10:59:51.468141 #12835] DEBUG -- : generating weighed rated selections...
D, [2018-03-31T10:59:51.498493 #12835] DEBUG -- : scoring weighed rated selections...
D, [2018-03-31T10:59:51.498601 #12835] DEBUG -- : Saving scored selections...
D, [2018-03-31T10:59:51.503660 #12835] DEBUG -- : State Score successfully calculated


D, [2018-03-31T10:59:51.503756 #12835] DEBUG -- : Saving scored selections...
D, [2018-03-31T10:59:51.578790 #12835] DEBUG -- : calculating updated score for older state...
D, [2018-03-31T10:59:51.582335 #12835] DEBUG -- : generating weighed rated selections...
D, [2018-03-31T10:59:51.595162 #12835] DEBUG -- : scoring weighed rated selections...
D, [2018-03-31T10:59:51.595268 #12835] DEBUG -- : Scoring new state: {:rating=>10, :state=>{:unknown=>1, :possibly_lighter=>0, :possibly_heavier=>0, :normal=>2}}
D, [2018-03-31T10:59:51.598034 #12835] DEBUG -- : calculating updated score for older state...
D, [2018-03-31T10:59:51.601578 #12835] DEBUG -- : generating weighed rated selections...
D, [2018-03-31T10:59:51.620826 #12835] DEBUG -- : scoring weighed rated selections...
D, [2018-03-31T10:59:51.620939 #12835] DEBUG -- : Saving scored selections...
D, [2018-03-31T10:59:51.624276 #12835] DEBUG -- : State Score successfully calculated


D, [2018-03-31T10:59:51.624374 #12835] DEBUG -- : Scoring new state: {:rating=>9, :state=>{:unknown=>0, :possibly_lighter=>1, :possibly_heavier=>1, :normal=>1}}
D, [2018-03-31T10:59:51.626980 #12835] DEBUG -- : calculating updated score for older state...
D, [2018-03-31T10:59:51.630454 #12835] DEBUG -- : generating weighed rated selections...
D, [2018-03-31T10:59:51.659551 #12835] DEBUG -- : scoring weighed rated selections...
D, [2018-03-31T10:59:51.659667 #12835] DEBUG -- : Saving scored selections...
D, [2018-03-31T10:59:51.664424 #12835] DEBUG -- : State Score successfully calculated


D, [2018-03-31T10:59:51.664501 #12835] DEBUG -- : Saving scored selections...
D, [2018-03-31T10:59:51.738556 #12835] DEBUG -- : calculating updated score for older state...
D, [2018-03-31T10:59:51.742395 #12835] DEBUG -- : generating weighed rated selections...
D, [2018-03-31T10:59:51.755339 #12835] DEBUG -- : scoring weighed rated selections...
D, [2018-03-31T10:59:51.755488 #12835] DEBUG -- : Scoring new state: {:rating=>10, :state=>{:unknown=>1, :possibly_lighter=>0, :possibly_heavier=>0, :normal=>2}}
D, [2018-03-31T10:59:51.758534 #12835] DEBUG -- : calculating updated score for older state...
D, [2018-03-31T10:59:51.762091 #12835] DEBUG -- : generating weighed rated selections...
D, [2018-03-31T10:59:51.781863 #12835] DEBUG -- : scoring weighed rated selections...
D, [2018-03-31T10:59:51.782011 #12835] DEBUG -- : Saving scored selections...
D, [2018-03-31T10:59:51.786979 #12835] DEBUG -- : State Score successfully calculated


D, [2018-03-31T10:59:51.787064 #12835] DEBUG -- : Scoring new state: {:rating=>9, :state=>{:unknown=>0, :possibly_lighter=>1, :possibly_heavier=>1, :normal=>1}}
D, [2018-03-31T10:59:51.789699 #12835] DEBUG -- : calculating updated score for older state...
D, [2018-03-31T10:59:51.793397 #12835] DEBUG -- : generating weighed rated selections...
D, [2018-03-31T10:59:51.823288 #12835] DEBUG -- : scoring weighed rated selections...
D, [2018-03-31T10:59:51.823408 #12835] DEBUG -- : Saving scored selections...
D, [2018-03-31T10:59:51.829214 #12835] DEBUG -- : State Score successfully calculated


D, [2018-03-31T10:59:51.829300 #12835] DEBUG -- : Saving scored selections...
D, [2018-03-31T10:59:51.906053 #12835] DEBUG -- : calculating updated score for older state...
D, [2018-03-31T10:59:51.909754 #12835] DEBUG -- : generating weighed rated selections...
D, [2018-03-31T10:59:51.922414 #12835] DEBUG -- : scoring weighed rated selections...
D, [2018-03-31T10:59:51.922544 #12835] DEBUG -- : Scoring new state: {:rating=>10, :state=>{:unknown=>1, :possibly_lighter=>0, :possibly_heavier=>0, :normal=>2}}
D, [2018-03-31T10:59:51.925426 #12835] DEBUG -- : calculating updated score for older state...
D, [2018-03-31T10:59:51.928992 #12835] DEBUG -- : generating weighed rated selections...
D, [2018-03-31T10:59:51.948587 #12835] DEBUG -- : scoring weighed rated selections...
D, [2018-03-31T10:59:51.948710 #12835] DEBUG -- : Saving scored selections...
D, [2018-03-31T10:59:51.952414 #12835] DEBUG -- : State Score successfully calculated


D, [2018-03-31T10:59:51.952506 #12835] DEBUG -- : Scoring new state: {:rating=>9, :state=>{:unknown=>0, :possibly_lighter=>1, :possibly_heavier=>1, :normal=>1}}
D, [2018-03-31T10:59:51.955069 #12835] DEBUG -- : calculating updated score for older state...
D, [2018-03-31T10:59:51.959839 #12835] DEBUG -- : generating weighed rated selections...
D, [2018-03-31T10:59:51.989868 #12835] DEBUG -- : scoring weighed rated selections...
D, [2018-03-31T10:59:51.989973 #12835] DEBUG -- : Saving scored selections...
D, [2018-03-31T10:59:51.994792 #12835] DEBUG -- : State Score successfully calculated


D, [2018-03-31T10:59:51.994896 #12835] DEBUG -- : Saving scored selections...
D, [2018-03-31T10:59:52.073087 #12835] DEBUG -- : calculating updated score for older state...
D, [2018-03-31T10:59:52.076647 #12835] DEBUG -- : generating weighed rated selections...
D, [2018-03-31T10:59:52.089425 #12835] DEBUG -- : scoring weighed rated selections...
D, [2018-03-31T10:59:52.089552 #12835] DEBUG -- : Scoring new state: {:rating=>10, :state=>{:unknown=>1, :possibly_lighter=>0, :possibly_heavier=>0, :normal=>2}}
D, [2018-03-31T10:59:52.092409 #12835] DEBUG -- : calculating updated score for older state...
D, [2018-03-31T10:59:52.096097 #12835] DEBUG -- : generating weighed rated selections...
D, [2018-03-31T10:59:52.115678 #12835] DEBUG -- : scoring weighed rated selections...
D, [2018-03-31T10:59:52.115812 #12835] DEBUG -- : Saving scored selections...
D, [2018-03-31T10:59:52.119122 #12835] DEBUG -- : State Score successfully calculated


D, [2018-03-31T10:59:52.119211 #12835] DEBUG -- : Scoring new state: {:rating=>9, :state=>{:unknown=>0, :possibly_lighter=>1, :possibly_heavier=>1, :normal=>1}}
D, [2018-03-31T10:59:52.121808 #12835] DEBUG -- : calculating updated score for older state...
D, [2018-03-31T10:59:52.125620 #12835] DEBUG -- : generating weighed rated selections...
D, [2018-03-31T10:59:52.158528 #12835] DEBUG -- : scoring weighed rated selections...
D, [2018-03-31T10:59:52.159534 #12835] DEBUG -- : Saving scored selections...
D, [2018-03-31T10:59:52.164438 #12835] DEBUG -- : State Score successfully calculated


D, [2018-03-31T10:59:52.164549 #12835] DEBUG -- : Saving scored selections...
D, [2018-03-31T10:59:52.250316 #12835] DEBUG -- : calculating updated score for older state...
D, [2018-03-31T10:59:52.254183 #12835] DEBUG -- : generating weighed rated selections...
D, [2018-03-31T10:59:52.271245 #12835] DEBUG -- : scoring weighed rated selections...
D, [2018-03-31T10:59:52.271390 #12835] DEBUG -- : Scoring new state: {:rating=>10, :state=>{:unknown=>1, :possibly_lighter=>0, :possibly_heavier=>0, :normal=>2}}
D, [2018-03-31T10:59:52.276129 #12835] DEBUG -- : calculating updated score for older state...
D, [2018-03-31T10:59:52.280846 #12835] DEBUG -- : generating weighed rated selections...
D, [2018-03-31T10:59:52.308944 #12835] DEBUG -- : scoring weighed rated selections...
D, [2018-03-31T10:59:52.309086 #12835] DEBUG -- : Saving scored selections...
D, [2018-03-31T10:59:52.312963 #12835] DEBUG -- : State Score successfully calculated


D, [2018-03-31T10:59:52.313096 #12835] DEBUG -- : Scoring new state: {:rating=>9, :state=>{:unknown=>0, :possibly_lighter=>1, :possibly_heavier=>1, :normal=>1}}
D, [2018-03-31T10:59:52.316612 #12835] DEBUG -- : calculating updated score for older state...
D, [2018-03-31T10:59:52.321147 #12835] DEBUG -- : generating weighed rated selections...
D, [2018-03-31T10:59:52.366069 #12835] DEBUG -- : scoring weighed rated selections...
D, [2018-03-31T10:59:52.366316 #12835] DEBUG -- : Saving scored selections...
D, [2018-03-31T10:59:52.372242 #12835] DEBUG -- : State Score successfully calculated


D, [2018-03-31T10:59:52.372363 #12835] DEBUG -- : Saving scored selections...
D, [2018-03-31T10:59:52.457426 #12835] DEBUG -- : calculating updated score for older state...
D, [2018-03-31T10:59:52.462582 #12835] DEBUG -- : generating weighed rated selections...
D, [2018-03-31T10:59:52.478241 #12835] DEBUG -- : scoring weighed rated selections...
D, [2018-03-31T10:59:52.478387 #12835] DEBUG -- : Scoring new state: {:rating=>10, :state=>{:unknown=>1, :possibly_lighter=>0, :possibly_heavier=>0, :normal=>2}}
D, [2018-03-31T10:59:52.484286 #12835] DEBUG -- : calculating updated score for older state...
D, [2018-03-31T10:59:52.490384 #12835] DEBUG -- : generating weighed rated selections...
D, [2018-03-31T10:59:52.512883 #12835] DEBUG -- : scoring weighed rated selections...
D, [2018-03-31T10:59:52.513114 #12835] DEBUG -- : Saving scored selections...
D, [2018-03-31T10:59:52.516892 #12835] DEBUG -- : State Score successfully calculated


D, [2018-03-31T10:59:52.517012 #12835] DEBUG -- : Scoring new state: {:rating=>9, :state=>{:unknown=>0, :possibly_lighter=>1, :possibly_heavier=>1, :normal=>1}}
D, [2018-03-31T10:59:52.520909 #12835] DEBUG -- : calculating updated score for older state...
D, [2018-03-31T10:59:52.524914 #12835] DEBUG -- : generating weighed rated selections...
D, [2018-03-31T10:59:52.574787 #12835] DEBUG -- : scoring weighed rated selections...
D, [2018-03-31T10:59:52.575029 #12835] DEBUG -- : Saving scored selections...
D, [2018-03-31T10:59:52.580744 #12835] DEBUG -- : State Score successfully calculated


D, [2018-03-31T10:59:52.580862 #12835] DEBUG -- : Saving scored selections...
D, [2018-03-31T10:59:52.661879 #12835] DEBUG -- : calculating updated score for older state...
D, [2018-03-31T10:59:52.665511 #12835] DEBUG -- : generating weighed rated selections...
D, [2018-03-31T10:59:52.678236 #12835] DEBUG -- : scoring weighed rated selections...
D, [2018-03-31T10:59:52.678350 #12835] DEBUG -- : Scoring new state: {:rating=>10, :state=>{:unknown=>1, :possibly_lighter=>0, :possibly_heavier=>0, :normal=>2}}
D, [2018-03-31T10:59:52.681344 #12835] DEBUG -- : calculating updated score for older state...
D, [2018-03-31T10:59:52.684989 #12835] DEBUG -- : generating weighed rated selections...
D, [2018-03-31T10:59:52.704836 #12835] DEBUG -- : scoring weighed rated selections...
D, [2018-03-31T10:59:52.704958 #12835] DEBUG -- : Saving scored selections...
D, [2018-03-31T10:59:52.708401 #12835] DEBUG -- : State Score successfully calculated


D, [2018-03-31T10:59:52.708517 #12835] DEBUG -- : Scoring new state: {:rating=>9, :state=>{:unknown=>0, :possibly_lighter=>1, :possibly_heavier=>1, :normal=>1}}
D, [2018-03-31T10:59:52.711182 #12835] DEBUG -- : calculating updated score for older state...
D, [2018-03-31T10:59:52.714733 #12835] DEBUG -- : generating weighed rated selections...
D, [2018-03-31T10:59:52.744844 #12835] DEBUG -- : scoring weighed rated selections...
D, [2018-03-31T10:59:52.744972 #12835] DEBUG -- : Saving scored selections...
D, [2018-03-31T10:59:52.749682 #12835] DEBUG -- : State Score successfully calculated


D, [2018-03-31T10:59:52.749763 #12835] DEBUG -- : Saving scored selections...
D, [2018-03-31T10:59:52.825837 #12835] DEBUG -- : calculating updated score for older state...
D, [2018-03-31T10:59:52.829771 #12835] DEBUG -- : generating weighed rated selections...
D, [2018-03-31T10:59:52.842651 #12835] DEBUG -- : scoring weighed rated selections...
D, [2018-03-31T10:59:52.842769 #12835] DEBUG -- : Scoring new state: {:rating=>10, :state=>{:unknown=>1, :possibly_lighter=>0, :possibly_heavier=>0, :normal=>2}}
D, [2018-03-31T10:59:52.845821 #12835] DEBUG -- : calculating updated score for older state...
D, [2018-03-31T10:59:52.850432 #12835] DEBUG -- : generating weighed rated selections...
D, [2018-03-31T10:59:52.874756 #12835] DEBUG -- : scoring weighed rated selections...
D, [2018-03-31T10:59:52.875133 #12835] DEBUG -- : Saving scored selections...
D, [2018-03-31T10:59:52.878621 #12835] DEBUG -- : State Score successfully calculated


D, [2018-03-31T10:59:52.878786 #12835] DEBUG -- : Scoring new state: {:rating=>9, :state=>{:unknown=>0, :possibly_lighter=>1, :possibly_heavier=>1, :normal=>1}}
D, [2018-03-31T10:59:52.881677 #12835] DEBUG -- : calculating updated score for older state...
D, [2018-03-31T10:59:52.885585 #12835] DEBUG -- : generating weighed rated selections...
D, [2018-03-31T10:59:52.915718 #12835] DEBUG -- : scoring weighed rated selections...
D, [2018-03-31T10:59:52.917074 #12835] DEBUG -- : Saving scored selections...
D, [2018-03-31T10:59:52.923009 #12835] DEBUG -- : State Score successfully calculated


D, [2018-03-31T10:59:52.923128 #12835] DEBUG -- : Saving scored selections...
D, [2018-03-31T10:59:53.005269 #12835] DEBUG -- : calculating updated score for older state...
D, [2018-03-31T10:59:53.011363 #12835] DEBUG -- : generating weighed rated selections...
D, [2018-03-31T10:59:53.026048 #12835] DEBUG -- : scoring weighed rated selections...
D, [2018-03-31T10:59:53.026193 #12835] DEBUG -- : Scoring new state: {:rating=>10, :state=>{:unknown=>1, :possibly_lighter=>0, :possibly_heavier=>0, :normal=>2}}
D, [2018-03-31T10:59:53.029343 #12835] DEBUG -- : calculating updated score for older state...
D, [2018-03-31T10:59:53.033120 #12835] DEBUG -- : generating weighed rated selections...
D, [2018-03-31T10:59:53.052937 #12835] DEBUG -- : scoring weighed rated selections...
D, [2018-03-31T10:59:53.054196 #12835] DEBUG -- : Saving scored selections...
D, [2018-03-31T10:59:53.057702 #12835] DEBUG -- : State Score successfully calculated


D, [2018-03-31T10:59:53.057791 #12835] DEBUG -- : Scoring new state: {:rating=>9, :state=>{:unknown=>0, :possibly_lighter=>1, :possibly_heavier=>1, :normal=>1}}
D, [2018-03-31T10:59:53.060550 #12835] DEBUG -- : calculating updated score for older state...
D, [2018-03-31T10:59:53.064165 #12835] DEBUG -- : generating weighed rated selections...
D, [2018-03-31T10:59:53.094317 #12835] DEBUG -- : scoring weighed rated selections...
D, [2018-03-31T10:59:53.094463 #12835] DEBUG -- : Saving scored selections...
D, [2018-03-31T10:59:53.099736 #12835] DEBUG -- : State Score successfully calculated


D, [2018-03-31T10:59:53.099867 #12835] DEBUG -- : Saving scored selections...
D, [2018-03-31T10:59:53.185360 #12835] DEBUG -- : calculating updated score for older state...
D, [2018-03-31T10:59:53.189147 #12835] DEBUG -- : generating weighed rated selections...
D, [2018-03-31T10:59:53.202548 #12835] DEBUG -- : scoring weighed rated selections...
D, [2018-03-31T10:59:53.202662 #12835] DEBUG -- : Scoring new state: {:rating=>10, :state=>{:unknown=>1, :possibly_lighter=>0, :possibly_heavier=>0, :normal=>2}}
D, [2018-03-31T10:59:53.205580 #12835] DEBUG -- : calculating updated score for older state...
D, [2018-03-31T10:59:53.209301 #12835] DEBUG -- : generating weighed rated selections...
D, [2018-03-31T10:59:53.229033 #12835] DEBUG -- : scoring weighed rated selections...
D, [2018-03-31T10:59:53.229159 #12835] DEBUG -- : Saving scored selections...
D, [2018-03-31T10:59:53.233417 #12835] DEBUG -- : State Score successfully calculated


D, [2018-03-31T10:59:53.233508 #12835] DEBUG -- : Scoring new state: {:rating=>9, :state=>{:unknown=>0, :possibly_lighter=>1, :possibly_heavier=>1, :normal=>1}}
D, [2018-03-31T10:59:53.236181 #12835] DEBUG -- : calculating updated score for older state...
D, [2018-03-31T10:59:53.239738 #12835] DEBUG -- : generating weighed rated selections...
D, [2018-03-31T10:59:53.269781 #12835] DEBUG -- : scoring weighed rated selections...
D, [2018-03-31T10:59:53.269909 #12835] DEBUG -- : Saving scored selections...
D, [2018-03-31T10:59:53.274660 #12835] DEBUG -- : State Score successfully calculated


D, [2018-03-31T10:59:53.274747 #12835] DEBUG -- : Saving scored selections...
D, [2018-03-31T10:59:53.349507 #12835] DEBUG -- : calculating updated score for older state...
D, [2018-03-31T10:59:53.353101 #12835] DEBUG -- : generating weighed rated selections...
D, [2018-03-31T10:59:53.366277 #12835] DEBUG -- : scoring weighed rated selections...
D, [2018-03-31T10:59:53.366417 #12835] DEBUG -- : Scoring new state: {:rating=>10, :state=>{:unknown=>1, :possibly_lighter=>0, :possibly_heavier=>0, :normal=>2}}
D, [2018-03-31T10:59:53.369532 #12835] DEBUG -- : calculating updated score for older state...
D, [2018-03-31T10:59:53.373249 #12835] DEBUG -- : generating weighed rated selections...
D, [2018-03-31T10:59:53.393095 #12835] DEBUG -- : scoring weighed rated selections...
D, [2018-03-31T10:59:53.393252 #12835] DEBUG -- : Saving scored selections...
D, [2018-03-31T10:59:53.397116 #12835] DEBUG -- : State Score successfully calculated


D, [2018-03-31T10:59:53.397223 #12835] DEBUG -- : Scoring new state: {:rating=>9, :state=>{:unknown=>0, :possibly_lighter=>1, :possibly_heavier=>1, :normal=>1}}
D, [2018-03-31T10:59:53.400226 #12835] DEBUG -- : calculating updated score for older state...
D, [2018-03-31T10:59:53.404051 #12835] DEBUG -- : generating weighed rated selections...
D, [2018-03-31T10:59:53.434341 #12835] DEBUG -- : scoring weighed rated selections...
D, [2018-03-31T10:59:53.434474 #12835] DEBUG -- : Saving scored selections...
D, [2018-03-31T10:59:53.439279 #12835] DEBUG -- : State Score successfully calculated


D, [2018-03-31T10:59:53.439374 #12835] DEBUG -- : Saving scored selections...
D, [2018-03-31T10:59:53.521887 #12835] DEBUG -- : calculating updated score for older state...
D, [2018-03-31T10:59:53.525431 #12835] DEBUG -- : generating weighed rated selections...
D, [2018-03-31T10:59:53.538672 #12835] DEBUG -- : scoring weighed rated selections...
D, [2018-03-31T10:59:53.538853 #12835] DEBUG -- : Scoring new state: {:rating=>10, :state=>{:unknown=>1, :possibly_lighter=>0, :possibly_heavier=>0, :normal=>2}}
D, [2018-03-31T10:59:53.541759 #12835] DEBUG -- : calculating updated score for older state...
D, [2018-03-31T10:59:53.545408 #12835] DEBUG -- : generating weighed rated selections...
D, [2018-03-31T10:59:53.568913 #12835] DEBUG -- : scoring weighed rated selections...
D, [2018-03-31T10:59:53.569035 #12835] DEBUG -- : Saving scored selections...
D, [2018-03-31T10:59:53.572302 #12835] DEBUG -- : State Score successfully calculated


D, [2018-03-31T10:59:53.572396 #12835] DEBUG -- : Scoring new state: {:rating=>9, :state=>{:unknown=>0, :possibly_lighter=>1, :possibly_heavier=>1, :normal=>1}}
D, [2018-03-31T10:59:53.575021 #12835] DEBUG -- : calculating updated score for older state...
D, [2018-03-31T10:59:53.578595 #12835] DEBUG -- : generating weighed rated selections...
D, [2018-03-31T10:59:53.609027 #12835] DEBUG -- : scoring weighed rated selections...
D, [2018-03-31T10:59:53.610240 #12835] DEBUG -- : Saving scored selections...
D, [2018-03-31T10:59:53.615521 #12835] DEBUG -- : State Score successfully calculated


D, [2018-03-31T10:59:53.615608 #12835] DEBUG -- : Saving scored selections...
D, [2018-03-31T10:59:53.705695 #12835] DEBUG -- : calculating updated score for older state...
D, [2018-03-31T10:59:53.709472 #12835] DEBUG -- : generating weighed rated selections...
D, [2018-03-31T10:59:53.724350 #12835] DEBUG -- : scoring weighed rated selections...
D, [2018-03-31T10:59:53.724477 #12835] DEBUG -- : Scoring new state: {:rating=>10, :state=>{:unknown=>1, :possibly_lighter=>0, :possibly_heavier=>0, :normal=>2}}
D, [2018-03-31T10:59:53.728889 #12835] DEBUG -- : calculating updated score for older state...
D, [2018-03-31T10:59:53.732502 #12835] DEBUG -- : generating weighed rated selections...
D, [2018-03-31T10:59:53.754053 #12835] DEBUG -- : scoring weighed rated selections...
D, [2018-03-31T10:59:53.754190 #12835] DEBUG -- : Saving scored selections...
D, [2018-03-31T10:59:53.759914 #12835] DEBUG -- : State Score successfully calculated


D, [2018-03-31T10:59:53.760003 #12835] DEBUG -- : Scoring new state: {:rating=>9, :state=>{:unknown=>0, :possibly_lighter=>1, :possibly_heavier=>1, :normal=>1}}
D, [2018-03-31T10:59:53.762788 #12835] DEBUG -- : calculating updated score for older state...
D, [2018-03-31T10:59:53.766279 #12835] DEBUG -- : generating weighed rated selections...
D, [2018-03-31T10:59:53.797865 #12835] DEBUG -- : scoring weighed rated selections...
D, [2018-03-31T10:59:53.797983 #12835] DEBUG -- : Saving scored selections...
D, [2018-03-31T10:59:53.803337 #12835] DEBUG -- : State Score successfully calculated


D, [2018-03-31T10:59:53.803417 #12835] DEBUG -- : Saving scored selections...
D, [2018-03-31T11:00:36.886724 #13624] DEBUG -- : calculating updated score for older state...
D, [2018-03-31T11:00:36.890755 #13624] DEBUG -- : generating weighed rated selections...
D, [2018-03-31T11:00:36.903481 #13624] DEBUG -- : scoring weighed rated selections...
D, [2018-03-31T11:00:36.903603 #13624] DEBUG -- : Scoring new state: {:rating=>10, :state=>{:unknown=>1, :possibly_lighter=>0, :possibly_heavier=>0, :normal=>2}}
D, [2018-03-31T11:00:36.907531 #13624] DEBUG -- : calculating updated score for older state...
D, [2018-03-31T11:00:36.911019 #13624] DEBUG -- : generating weighed rated selections...
D, [2018-03-31T11:00:36.930651 #13624] DEBUG -- : scoring weighed rated selections...
D, [2018-03-31T11:00:36.930764 #13624] DEBUG -- : Saving scored selections...
D, [2018-03-31T11:00:36.934066 #13624] DEBUG -- : State Score successfully calculated


D, [2018-03-31T11:00:36.934146 #13624] DEBUG -- : Scoring new state: {:rating=>9, :state=>{:unknown=>0, :possibly_lighter=>1, :possibly_heavier=>1, :normal=>1}}
D, [2018-03-31T11:00:36.936971 #13624] DEBUG -- : calculating updated score for older state...
D, [2018-03-31T11:00:36.940439 #13624] DEBUG -- : generating weighed rated selections...
D, [2018-03-31T11:00:36.970213 #13624] DEBUG -- : scoring weighed rated selections...
D, [2018-03-31T11:00:36.970337 #13624] DEBUG -- : Saving scored selections...
D, [2018-03-31T11:00:36.975137 #13624] DEBUG -- : State Score successfully calculated


D, [2018-03-31T11:00:36.975202 #13624] DEBUG -- : Saving scored selections...
D, [2018-03-31T11:00:36.980290 #13624] DEBUG -- : -------> building selection...
D, [2018-03-31T11:00:36.981084 #13624] DEBUG -- : -------> building new state...
D, [2018-03-31T11:00:36.981430 #13624] DEBUG -- : -------> building new state...
D, [2018-03-31T11:00:36.981642 #13624] DEBUG -- : -------> building selection...
D, [2018-03-31T11:00:36.981959 #13624] DEBUG -- : -------> building new state...
D, [2018-03-31T11:00:36.982061 #13624] DEBUG -- : -------> building new state...
D, [2018-03-31T11:00:36.982228 #13624] DEBUG -- : -------> building selection...
D, [2018-03-31T11:00:36.982515 #13624] DEBUG -- : -------> building new state...
D, [2018-03-31T11:00:36.982613 #13624] DEBUG -- : -------> building new state...
D, [2018-03-31T11:00:36.982790 #13624] DEBUG -- : -------> building selection...
D, [2018-03-31T11:00:36.983101 #13624] DEBUG -- : -------> building new state...
D, [2018-03-31T11:00:36.983202 #13624] DEBUG -- : -------> building new state...
D, [2018-03-31T11:00:36.983468 #13624] DEBUG -- : -------> building selection...
D, [2018-03-31T11:00:36.983787 #13624] DEBUG -- : -------> building new state...
D, [2018-03-31T11:00:36.983890 #13624] DEBUG -- : -------> building new state...
D, [2018-03-31T11:00:36.984055 #13624] DEBUG -- : -------> building selection...
D, [2018-03-31T11:00:36.984349 #13624] DEBUG -- : -------> building new state...
D, [2018-03-31T11:00:36.984452 #13624] DEBUG -- : -------> building new state...
D, [2018-03-31T11:00:37.054565 #13624] DEBUG -- : calculating updated score for older state...
D, [2018-03-31T11:00:37.058067 #13624] DEBUG -- : generating weighed rated selections...
D, [2018-03-31T11:00:37.070732 #13624] DEBUG -- : scoring weighed rated selections...
D, [2018-03-31T11:00:37.070869 #13624] DEBUG -- : Scoring new state: {:rating=>10, :state=>{:unknown=>1, :possibly_lighter=>0, :possibly_heavier=>0, :normal=>2}}
D, [2018-03-31T11:00:37.073584 #13624] DEBUG -- : calculating updated score for older state...
D, [2018-03-31T11:00:37.077071 #13624] DEBUG -- : generating weighed rated selections...
D, [2018-03-31T11:00:37.096479 #13624] DEBUG -- : scoring weighed rated selections...
D, [2018-03-31T11:00:37.096590 #13624] DEBUG -- : Saving scored selections...
D, [2018-03-31T11:00:37.099947 #13624] DEBUG -- : State Score successfully calculated


D, [2018-03-31T11:00:37.100032 #13624] DEBUG -- : Scoring new state: {:rating=>9, :state=>{:unknown=>0, :possibly_lighter=>1, :possibly_heavier=>1, :normal=>1}}
D, [2018-03-31T11:00:37.102554 #13624] DEBUG -- : calculating updated score for older state...
D, [2018-03-31T11:00:37.106125 #13624] DEBUG -- : generating weighed rated selections...
D, [2018-03-31T11:00:37.136237 #13624] DEBUG -- : scoring weighed rated selections...
D, [2018-03-31T11:00:37.136349 #13624] DEBUG -- : Saving scored selections...
D, [2018-03-31T11:00:37.141060 #13624] DEBUG -- : State Score successfully calculated


D, [2018-03-31T11:00:37.141137 #13624] DEBUG -- : Saving scored selections...
D, [2018-03-31T11:00:37.215850 #13624] DEBUG -- : calculating updated score for older state...
D, [2018-03-31T11:00:37.219367 #13624] DEBUG -- : generating weighed rated selections...
D, [2018-03-31T11:00:37.232285 #13624] DEBUG -- : scoring weighed rated selections...
D, [2018-03-31T11:00:37.232421 #13624] DEBUG -- : Scoring new state: {:rating=>10, :state=>{:unknown=>1, :possibly_lighter=>0, :possibly_heavier=>0, :normal=>2}}
D, [2018-03-31T11:00:37.235159 #13624] DEBUG -- : calculating updated score for older state...
D, [2018-03-31T11:00:37.238636 #13624] DEBUG -- : generating weighed rated selections...
D, [2018-03-31T11:00:37.258405 #13624] DEBUG -- : scoring weighed rated selections...
D, [2018-03-31T11:00:37.258500 #13624] DEBUG -- : Saving scored selections...
D, [2018-03-31T11:00:37.261842 #13624] DEBUG -- : State Score successfully calculated


D, [2018-03-31T11:00:37.261934 #13624] DEBUG -- : Scoring new state: {:rating=>9, :state=>{:unknown=>0, :possibly_lighter=>1, :possibly_heavier=>1, :normal=>1}}
D, [2018-03-31T11:00:37.264488 #13624] DEBUG -- : calculating updated score for older state...
D, [2018-03-31T11:00:37.267907 #13624] DEBUG -- : generating weighed rated selections...
D, [2018-03-31T11:00:37.297880 #13624] DEBUG -- : scoring weighed rated selections...
D, [2018-03-31T11:00:37.297990 #13624] DEBUG -- : Saving scored selections...
D, [2018-03-31T11:00:37.302836 #13624] DEBUG -- : State Score successfully calculated


D, [2018-03-31T11:00:37.302906 #13624] DEBUG -- : Saving scored selections...
D, [2018-03-31T11:00:37.307959 #13624] DEBUG -- : -------> building selection...
D, [2018-03-31T11:00:37.308783 #13624] DEBUG -- : -------> building new state...
D, [2018-03-31T11:00:37.309135 #13624] DEBUG -- : -------> building new state...
D, [2018-03-31T11:00:37.309455 #13624] DEBUG -- : -------> building selection...
D, [2018-03-31T11:00:37.309774 #13624] DEBUG -- : -------> building new state...
D, [2018-03-31T11:00:37.309879 #13624] DEBUG -- : -------> building new state...
D, [2018-03-31T11:00:37.310046 #13624] DEBUG -- : -------> building selection...
D, [2018-03-31T11:00:37.310374 #13624] DEBUG -- : -------> building new state...
D, [2018-03-31T11:00:37.310587 #13624] DEBUG -- : -------> building new state...
D, [2018-03-31T11:00:37.310782 #13624] DEBUG -- : -------> building selection...
D, [2018-03-31T11:00:37.311117 #13624] DEBUG -- : -------> building new state...
D, [2018-03-31T11:00:37.311224 #13624] DEBUG -- : -------> building new state...
D, [2018-03-31T11:00:37.311393 #13624] DEBUG -- : -------> building selection...
D, [2018-03-31T11:00:37.311712 #13624] DEBUG -- : -------> building new state...
D, [2018-03-31T11:00:37.311813 #13624] DEBUG -- : -------> building new state...
D, [2018-03-31T11:00:37.381943 #13624] DEBUG -- : calculating updated score for older state...
D, [2018-03-31T11:00:37.385505 #13624] DEBUG -- : generating weighed rated selections...
D, [2018-03-31T11:00:37.398374 #13624] DEBUG -- : scoring weighed rated selections...
D, [2018-03-31T11:00:37.398477 #13624] DEBUG -- : Scoring new state: {:rating=>10, :state=>{:unknown=>1, :possibly_lighter=>0, :possibly_heavier=>0, :normal=>2}}
D, [2018-03-31T11:00:37.401984 #13624] DEBUG -- : calculating updated score for older state...
D, [2018-03-31T11:00:37.405505 #13624] DEBUG -- : generating weighed rated selections...
D, [2018-03-31T11:00:37.425185 #13624] DEBUG -- : scoring weighed rated selections...
D, [2018-03-31T11:00:37.425302 #13624] DEBUG -- : Saving scored selections...
D, [2018-03-31T11:00:37.428568 #13624] DEBUG -- : State Score successfully calculated


D, [2018-03-31T11:00:37.428657 #13624] DEBUG -- : Scoring new state: {:rating=>9, :state=>{:unknown=>0, :possibly_lighter=>1, :possibly_heavier=>1, :normal=>1}}
D, [2018-03-31T11:00:37.431239 #13624] DEBUG -- : calculating updated score for older state...
D, [2018-03-31T11:00:37.434664 #13624] DEBUG -- : generating weighed rated selections...
D, [2018-03-31T11:00:37.464701 #13624] DEBUG -- : scoring weighed rated selections...
D, [2018-03-31T11:00:37.464821 #13624] DEBUG -- : Saving scored selections...
D, [2018-03-31T11:00:37.469624 #13624] DEBUG -- : State Score successfully calculated


D, [2018-03-31T11:00:37.469710 #13624] DEBUG -- : Saving scored selections...
D, [2018-03-31T11:00:37.474049 #13624] DEBUG -- : -------> building new state...
D, [2018-03-31T11:00:37.474796 #13624] DEBUG -- : -------> building new state...
D, [2018-03-31T11:00:37.695122 #13624] DEBUG -- : calculating updated score for older state...
D, [2018-03-31T11:00:37.698682 #13624] DEBUG -- : generating weighed rated selections...
D, [2018-03-31T11:00:37.711666 #13624] DEBUG -- : scoring weighed rated selections...
D, [2018-03-31T11:00:37.711796 #13624] DEBUG -- : Scoring new state: {:rating=>10, :state=>{:unknown=>1, :possibly_lighter=>0, :possibly_heavier=>0, :normal=>2}}
D, [2018-03-31T11:00:37.715365 #13624] DEBUG -- : calculating updated score for older state...
D, [2018-03-31T11:00:37.718884 #13624] DEBUG -- : generating weighed rated selections...
D, [2018-03-31T11:00:37.738277 #13624] DEBUG -- : scoring weighed rated selections...
D, [2018-03-31T11:00:37.738386 #13624] DEBUG -- : Saving scored selections...
D, [2018-03-31T11:00:37.742166 #13624] DEBUG -- : State Score successfully calculated


D, [2018-03-31T11:00:37.742252 #13624] DEBUG -- : Scoring new state: {:rating=>9, :state=>{:unknown=>0, :possibly_lighter=>1, :possibly_heavier=>1, :normal=>1}}
D, [2018-03-31T11:00:37.744874 #13624] DEBUG -- : calculating updated score for older state...
D, [2018-03-31T11:00:37.748353 #13624] DEBUG -- : generating weighed rated selections...
D, [2018-03-31T11:00:37.777673 #13624] DEBUG -- : scoring weighed rated selections...
D, [2018-03-31T11:00:37.777787 #13624] DEBUG -- : Saving scored selections...
D, [2018-03-31T11:00:37.782694 #13624] DEBUG -- : State Score successfully calculated


D, [2018-03-31T11:00:37.782774 #13624] DEBUG -- : Saving scored selections...
D, [2018-03-31T11:00:37.862095 #13624] DEBUG -- : calculating updated score for older state...
D, [2018-03-31T11:00:37.866887 #13624] DEBUG -- : generating weighed rated selections...
D, [2018-03-31T11:00:37.880606 #13624] DEBUG -- : scoring weighed rated selections...
D, [2018-03-31T11:00:37.880740 #13624] DEBUG -- : Scoring new state: {:rating=>10, :state=>{:unknown=>1, :possibly_lighter=>0, :possibly_heavier=>0, :normal=>2}}
D, [2018-03-31T11:00:37.884283 #13624] DEBUG -- : calculating updated score for older state...
D, [2018-03-31T11:00:37.887750 #13624] DEBUG -- : generating weighed rated selections...
D, [2018-03-31T11:00:37.907613 #13624] DEBUG -- : scoring weighed rated selections...
D, [2018-03-31T11:00:37.907725 #13624] DEBUG -- : Saving scored selections...
D, [2018-03-31T11:00:37.910978 #13624] DEBUG -- : State Score successfully calculated


D, [2018-03-31T11:00:37.911059 #13624] DEBUG -- : Scoring new state: {:rating=>9, :state=>{:unknown=>0, :possibly_lighter=>1, :possibly_heavier=>1, :normal=>1}}
D, [2018-03-31T11:00:37.913836 #13624] DEBUG -- : calculating updated score for older state...
D, [2018-03-31T11:00:37.917286 #13624] DEBUG -- : generating weighed rated selections...
D, [2018-03-31T11:00:37.968746 #13624] DEBUG -- : scoring weighed rated selections...
D, [2018-03-31T11:00:37.968862 #13624] DEBUG -- : Saving scored selections...
D, [2018-03-31T11:00:37.974939 #13624] DEBUG -- : State Score successfully calculated


D, [2018-03-31T11:00:37.975010 #13624] DEBUG -- : Saving scored selections...
D, [2018-03-31T11:00:38.049451 #13624] DEBUG -- : calculating updated score for older state...
D, [2018-03-31T11:00:38.053223 #13624] DEBUG -- : generating weighed rated selections...
D, [2018-03-31T11:00:38.066859 #13624] DEBUG -- : scoring weighed rated selections...
D, [2018-03-31T11:00:38.067003 #13624] DEBUG -- : Scoring new state: {:rating=>10, :state=>{:unknown=>1, :possibly_lighter=>0, :possibly_heavier=>0, :normal=>2}}
D, [2018-03-31T11:00:38.071099 #13624] DEBUG -- : calculating updated score for older state...
D, [2018-03-31T11:00:38.074515 #13624] DEBUG -- : generating weighed rated selections...
D, [2018-03-31T11:00:38.094143 #13624] DEBUG -- : scoring weighed rated selections...
D, [2018-03-31T11:00:38.094253 #13624] DEBUG -- : Saving scored selections...
D, [2018-03-31T11:00:38.097710 #13624] DEBUG -- : State Score successfully calculated


D, [2018-03-31T11:00:38.097804 #13624] DEBUG -- : Scoring new state: {:rating=>9, :state=>{:unknown=>0, :possibly_lighter=>1, :possibly_heavier=>1, :normal=>1}}
D, [2018-03-31T11:00:38.100457 #13624] DEBUG -- : calculating updated score for older state...
D, [2018-03-31T11:00:38.103959 #13624] DEBUG -- : generating weighed rated selections...
D, [2018-03-31T11:00:38.133854 #13624] DEBUG -- : scoring weighed rated selections...
D, [2018-03-31T11:00:38.133949 #13624] DEBUG -- : Saving scored selections...
D, [2018-03-31T11:00:38.138891 #13624] DEBUG -- : State Score successfully calculated


D, [2018-03-31T11:00:38.138966 #13624] DEBUG -- : Saving scored selections...
D, [2018-03-31T11:00:38.216999 #13624] DEBUG -- : calculating updated score for older state...
D, [2018-03-31T11:00:38.220603 #13624] DEBUG -- : generating weighed rated selections...
D, [2018-03-31T11:00:38.233412 #13624] DEBUG -- : scoring weighed rated selections...
D, [2018-03-31T11:00:38.233577 #13624] DEBUG -- : Scoring new state: {:rating=>10, :state=>{:unknown=>1, :possibly_lighter=>0, :possibly_heavier=>0, :normal=>2}}
D, [2018-03-31T11:00:38.236545 #13624] DEBUG -- : calculating updated score for older state...
D, [2018-03-31T11:00:38.240024 #13624] DEBUG -- : generating weighed rated selections...
D, [2018-03-31T11:00:38.259453 #13624] DEBUG -- : scoring weighed rated selections...
D, [2018-03-31T11:00:38.259541 #13624] DEBUG -- : Saving scored selections...
D, [2018-03-31T11:00:38.262891 #13624] DEBUG -- : State Score successfully calculated


D, [2018-03-31T11:00:38.262972 #13624] DEBUG -- : Scoring new state: {:rating=>9, :state=>{:unknown=>0, :possibly_lighter=>1, :possibly_heavier=>1, :normal=>1}}
D, [2018-03-31T11:00:38.265496 #13624] DEBUG -- : calculating updated score for older state...
D, [2018-03-31T11:00:38.268955 #13624] DEBUG -- : generating weighed rated selections...
D, [2018-03-31T11:00:38.298460 #13624] DEBUG -- : scoring weighed rated selections...
D, [2018-03-31T11:00:38.298575 #13624] DEBUG -- : Saving scored selections...
D, [2018-03-31T11:00:38.303690 #13624] DEBUG -- : State Score successfully calculated


D, [2018-03-31T11:00:38.303767 #13624] DEBUG -- : Saving scored selections...
D, [2018-03-31T11:00:38.383128 #13624] DEBUG -- : calculating updated score for older state...
D, [2018-03-31T11:00:38.386705 #13624] DEBUG -- : generating weighed rated selections...
D, [2018-03-31T11:00:38.399899 #13624] DEBUG -- : scoring weighed rated selections...
D, [2018-03-31T11:00:38.400027 #13624] DEBUG -- : Scoring new state: {:rating=>10, :state=>{:unknown=>1, :possibly_lighter=>0, :possibly_heavier=>0, :normal=>2}}
D, [2018-03-31T11:00:38.402985 #13624] DEBUG -- : calculating updated score for older state...
D, [2018-03-31T11:00:38.406532 #13624] DEBUG -- : generating weighed rated selections...
D, [2018-03-31T11:00:38.426232 #13624] DEBUG -- : scoring weighed rated selections...
D, [2018-03-31T11:00:38.426353 #13624] DEBUG -- : Saving scored selections...
D, [2018-03-31T11:00:38.429572 #13624] DEBUG -- : State Score successfully calculated


D, [2018-03-31T11:00:38.429662 #13624] DEBUG -- : Scoring new state: {:rating=>9, :state=>{:unknown=>0, :possibly_lighter=>1, :possibly_heavier=>1, :normal=>1}}
D, [2018-03-31T11:00:38.432323 #13624] DEBUG -- : calculating updated score for older state...
D, [2018-03-31T11:00:38.435853 #13624] DEBUG -- : generating weighed rated selections...
D, [2018-03-31T11:00:38.466085 #13624] DEBUG -- : scoring weighed rated selections...
D, [2018-03-31T11:00:38.466205 #13624] DEBUG -- : Saving scored selections...
D, [2018-03-31T11:00:38.471138 #13624] DEBUG -- : State Score successfully calculated


D, [2018-03-31T11:00:38.471211 #13624] DEBUG -- : Saving scored selections...
D, [2018-03-31T11:00:38.547397 #13624] DEBUG -- : calculating updated score for older state...
D, [2018-03-31T11:00:38.551009 #13624] DEBUG -- : generating weighed rated selections...
D, [2018-03-31T11:00:38.563826 #13624] DEBUG -- : scoring weighed rated selections...
D, [2018-03-31T11:00:38.563951 #13624] DEBUG -- : Scoring new state: {:rating=>10, :state=>{:unknown=>1, :possibly_lighter=>0, :possibly_heavier=>0, :normal=>2}}
D, [2018-03-31T11:00:38.566833 #13624] DEBUG -- : calculating updated score for older state...
D, [2018-03-31T11:00:38.570356 #13624] DEBUG -- : generating weighed rated selections...
D, [2018-03-31T11:00:38.590209 #13624] DEBUG -- : scoring weighed rated selections...
D, [2018-03-31T11:00:38.590353 #13624] DEBUG -- : Saving scored selections...
D, [2018-03-31T11:00:38.593587 #13624] DEBUG -- : State Score successfully calculated


D, [2018-03-31T11:00:38.593672 #13624] DEBUG -- : Scoring new state: {:rating=>9, :state=>{:unknown=>0, :possibly_lighter=>1, :possibly_heavier=>1, :normal=>1}}
D, [2018-03-31T11:00:38.596275 #13624] DEBUG -- : calculating updated score for older state...
D, [2018-03-31T11:00:38.599782 #13624] DEBUG -- : generating weighed rated selections...
D, [2018-03-31T11:00:38.629207 #13624] DEBUG -- : scoring weighed rated selections...
D, [2018-03-31T11:00:38.629333 #13624] DEBUG -- : Saving scored selections...
D, [2018-03-31T11:00:38.634173 #13624] DEBUG -- : State Score successfully calculated


D, [2018-03-31T11:00:38.634256 #13624] DEBUG -- : Saving scored selections...
D, [2018-03-31T11:00:38.709930 #13624] DEBUG -- : calculating updated score for older state...
D, [2018-03-31T11:00:38.713561 #13624] DEBUG -- : generating weighed rated selections...
D, [2018-03-31T11:00:38.726456 #13624] DEBUG -- : scoring weighed rated selections...
D, [2018-03-31T11:00:38.726582 #13624] DEBUG -- : Scoring new state: {:rating=>10, :state=>{:unknown=>1, :possibly_lighter=>0, :possibly_heavier=>0, :normal=>2}}
D, [2018-03-31T11:00:38.730787 #13624] DEBUG -- : calculating updated score for older state...
D, [2018-03-31T11:00:38.734319 #13624] DEBUG -- : generating weighed rated selections...
D, [2018-03-31T11:00:38.753792 #13624] DEBUG -- : scoring weighed rated selections...
D, [2018-03-31T11:00:38.753882 #13624] DEBUG -- : Saving scored selections...
D, [2018-03-31T11:00:38.757179 #13624] DEBUG -- : State Score successfully calculated


D, [2018-03-31T11:00:38.757267 #13624] DEBUG -- : Scoring new state: {:rating=>9, :state=>{:unknown=>0, :possibly_lighter=>1, :possibly_heavier=>1, :normal=>1}}
D, [2018-03-31T11:00:38.759944 #13624] DEBUG -- : calculating updated score for older state...
D, [2018-03-31T11:00:38.763588 #13624] DEBUG -- : generating weighed rated selections...
D, [2018-03-31T11:00:38.793762 #13624] DEBUG -- : scoring weighed rated selections...
D, [2018-03-31T11:00:38.793887 #13624] DEBUG -- : Saving scored selections...
D, [2018-03-31T11:00:38.799058 #13624] DEBUG -- : State Score successfully calculated


D, [2018-03-31T11:00:38.799139 #13624] DEBUG -- : Saving scored selections...
D, [2018-03-31T11:00:38.874702 #13624] DEBUG -- : calculating updated score for older state...
D, [2018-03-31T11:00:38.878401 #13624] DEBUG -- : generating weighed rated selections...
D, [2018-03-31T11:00:38.891571 #13624] DEBUG -- : scoring weighed rated selections...
D, [2018-03-31T11:00:38.891726 #13624] DEBUG -- : Scoring new state: {:rating=>10, :state=>{:unknown=>1, :possibly_lighter=>0, :possibly_heavier=>0, :normal=>2}}
D, [2018-03-31T11:00:38.894590 #13624] DEBUG -- : calculating updated score for older state...
D, [2018-03-31T11:00:38.898092 #13624] DEBUG -- : generating weighed rated selections...
D, [2018-03-31T11:00:38.917688 #13624] DEBUG -- : scoring weighed rated selections...
D, [2018-03-31T11:00:38.917801 #13624] DEBUG -- : Saving scored selections...
D, [2018-03-31T11:00:38.921094 #13624] DEBUG -- : State Score successfully calculated


D, [2018-03-31T11:00:38.921181 #13624] DEBUG -- : Scoring new state: {:rating=>9, :state=>{:unknown=>0, :possibly_lighter=>1, :possibly_heavier=>1, :normal=>1}}
D, [2018-03-31T11:00:38.924042 #13624] DEBUG -- : calculating updated score for older state...
D, [2018-03-31T11:00:38.927650 #13624] DEBUG -- : generating weighed rated selections...
D, [2018-03-31T11:00:38.957164 #13624] DEBUG -- : scoring weighed rated selections...
D, [2018-03-31T11:00:38.957285 #13624] DEBUG -- : Saving scored selections...
D, [2018-03-31T11:00:38.962137 #13624] DEBUG -- : State Score successfully calculated


D, [2018-03-31T11:00:38.962215 #13624] DEBUG -- : Saving scored selections...
D, [2018-03-31T11:00:39.043194 #13624] DEBUG -- : calculating updated score for older state...
D, [2018-03-31T11:00:39.046729 #13624] DEBUG -- : generating weighed rated selections...
D, [2018-03-31T11:00:39.059853 #13624] DEBUG -- : scoring weighed rated selections...
D, [2018-03-31T11:00:39.059964 #13624] DEBUG -- : Scoring new state: {:rating=>10, :state=>{:unknown=>1, :possibly_lighter=>0, :possibly_heavier=>0, :normal=>2}}
D, [2018-03-31T11:00:39.062904 #13624] DEBUG -- : calculating updated score for older state...
D, [2018-03-31T11:00:39.066467 #13624] DEBUG -- : generating weighed rated selections...
D, [2018-03-31T11:00:39.085918 #13624] DEBUG -- : scoring weighed rated selections...
D, [2018-03-31T11:00:39.086027 #13624] DEBUG -- : Saving scored selections...
D, [2018-03-31T11:00:39.089328 #13624] DEBUG -- : State Score successfully calculated


D, [2018-03-31T11:00:39.089413 #13624] DEBUG -- : Scoring new state: {:rating=>9, :state=>{:unknown=>0, :possibly_lighter=>1, :possibly_heavier=>1, :normal=>1}}
D, [2018-03-31T11:00:39.091961 #13624] DEBUG -- : calculating updated score for older state...
D, [2018-03-31T11:00:39.095480 #13624] DEBUG -- : generating weighed rated selections...
D, [2018-03-31T11:00:39.125283 #13624] DEBUG -- : scoring weighed rated selections...
D, [2018-03-31T11:00:39.125398 #13624] DEBUG -- : Saving scored selections...
D, [2018-03-31T11:00:39.130158 #13624] DEBUG -- : State Score successfully calculated


D, [2018-03-31T11:00:39.130239 #13624] DEBUG -- : Saving scored selections...
D, [2018-03-31T11:00:39.203293 #13624] DEBUG -- : calculating updated score for older state...
D, [2018-03-31T11:00:39.206869 #13624] DEBUG -- : generating weighed rated selections...
D, [2018-03-31T11:00:39.219831 #13624] DEBUG -- : scoring weighed rated selections...
D, [2018-03-31T11:00:39.219951 #13624] DEBUG -- : Scoring new state: {:rating=>10, :state=>{:unknown=>1, :possibly_lighter=>0, :possibly_heavier=>0, :normal=>2}}
D, [2018-03-31T11:00:39.223894 #13624] DEBUG -- : calculating updated score for older state...
D, [2018-03-31T11:00:39.227412 #13624] DEBUG -- : generating weighed rated selections...
D, [2018-03-31T11:00:39.252045 #13624] DEBUG -- : scoring weighed rated selections...
D, [2018-03-31T11:00:39.252149 #13624] DEBUG -- : Saving scored selections...
D, [2018-03-31T11:00:39.255615 #13624] DEBUG -- : State Score successfully calculated


D, [2018-03-31T11:00:39.255705 #13624] DEBUG -- : Scoring new state: {:rating=>9, :state=>{:unknown=>0, :possibly_lighter=>1, :possibly_heavier=>1, :normal=>1}}
D, [2018-03-31T11:00:39.258452 #13624] DEBUG -- : calculating updated score for older state...
D, [2018-03-31T11:00:39.262004 #13624] DEBUG -- : generating weighed rated selections...
D, [2018-03-31T11:00:39.292056 #13624] DEBUG -- : scoring weighed rated selections...
D, [2018-03-31T11:00:39.292195 #13624] DEBUG -- : Saving scored selections...
D, [2018-03-31T11:00:39.297160 #13624] DEBUG -- : State Score successfully calculated


D, [2018-03-31T11:00:39.297243 #13624] DEBUG -- : Saving scored selections...
D, [2018-03-31T11:00:39.371952 #13624] DEBUG -- : calculating updated score for older state...
D, [2018-03-31T11:00:39.375555 #13624] DEBUG -- : generating weighed rated selections...
D, [2018-03-31T11:00:39.388603 #13624] DEBUG -- : scoring weighed rated selections...
D, [2018-03-31T11:00:39.388710 #13624] DEBUG -- : Scoring new state: {:rating=>10, :state=>{:unknown=>1, :possibly_lighter=>0, :possibly_heavier=>0, :normal=>2}}
D, [2018-03-31T11:00:39.391608 #13624] DEBUG -- : calculating updated score for older state...
D, [2018-03-31T11:00:39.395238 #13624] DEBUG -- : generating weighed rated selections...
D, [2018-03-31T11:00:39.414773 #13624] DEBUG -- : scoring weighed rated selections...
D, [2018-03-31T11:00:39.414900 #13624] DEBUG -- : Saving scored selections...
D, [2018-03-31T11:00:39.418175 #13624] DEBUG -- : State Score successfully calculated


D, [2018-03-31T11:00:39.418261 #13624] DEBUG -- : Scoring new state: {:rating=>9, :state=>{:unknown=>0, :possibly_lighter=>1, :possibly_heavier=>1, :normal=>1}}
D, [2018-03-31T11:00:39.421006 #13624] DEBUG -- : calculating updated score for older state...
D, [2018-03-31T11:00:39.424566 #13624] DEBUG -- : generating weighed rated selections...
D, [2018-03-31T11:00:39.454198 #13624] DEBUG -- : scoring weighed rated selections...
D, [2018-03-31T11:00:39.454318 #13624] DEBUG -- : Saving scored selections...
D, [2018-03-31T11:00:39.459103 #13624] DEBUG -- : State Score successfully calculated


D, [2018-03-31T11:00:39.459184 #13624] DEBUG -- : Saving scored selections...
D, [2018-03-31T11:00:39.535721 #13624] DEBUG -- : calculating updated score for older state...
D, [2018-03-31T11:00:39.539292 #13624] DEBUG -- : generating weighed rated selections...
D, [2018-03-31T11:00:39.552171 #13624] DEBUG -- : scoring weighed rated selections...
D, [2018-03-31T11:00:39.552318 #13624] DEBUG -- : Scoring new state: {:rating=>10, :state=>{:unknown=>1, :possibly_lighter=>0, :possibly_heavier=>0, :normal=>2}}
D, [2018-03-31T11:00:39.555119 #13624] DEBUG -- : calculating updated score for older state...
D, [2018-03-31T11:00:39.558766 #13624] DEBUG -- : generating weighed rated selections...
D, [2018-03-31T11:00:39.578683 #13624] DEBUG -- : scoring weighed rated selections...
D, [2018-03-31T11:00:39.578831 #13624] DEBUG -- : Saving scored selections...
D, [2018-03-31T11:00:39.582193 #13624] DEBUG -- : State Score successfully calculated


D, [2018-03-31T11:00:39.582283 #13624] DEBUG -- : Scoring new state: {:rating=>9, :state=>{:unknown=>0, :possibly_lighter=>1, :possibly_heavier=>1, :normal=>1}}
D, [2018-03-31T11:00:39.584847 #13624] DEBUG -- : calculating updated score for older state...
D, [2018-03-31T11:00:39.588392 #13624] DEBUG -- : generating weighed rated selections...
D, [2018-03-31T11:00:39.618834 #13624] DEBUG -- : scoring weighed rated selections...
D, [2018-03-31T11:00:39.618951 #13624] DEBUG -- : Saving scored selections...
D, [2018-03-31T11:00:39.623862 #13624] DEBUG -- : State Score successfully calculated


D, [2018-03-31T11:00:39.623940 #13624] DEBUG -- : Saving scored selections...
D, [2018-03-31T11:00:39.698566 #13624] DEBUG -- : calculating updated score for older state...
D, [2018-03-31T11:00:39.702163 #13624] DEBUG -- : generating weighed rated selections...
D, [2018-03-31T11:00:39.714949 #13624] DEBUG -- : scoring weighed rated selections...
D, [2018-03-31T11:00:39.715074 #13624] DEBUG -- : Scoring new state: {:rating=>10, :state=>{:unknown=>1, :possibly_lighter=>0, :possibly_heavier=>0, :normal=>2}}
D, [2018-03-31T11:00:39.717957 #13624] DEBUG -- : calculating updated score for older state...
D, [2018-03-31T11:00:39.721493 #13624] DEBUG -- : generating weighed rated selections...
D, [2018-03-31T11:00:39.741368 #13624] DEBUG -- : scoring weighed rated selections...
D, [2018-03-31T11:00:39.741477 #13624] DEBUG -- : Saving scored selections...
D, [2018-03-31T11:00:39.744854 #13624] DEBUG -- : State Score successfully calculated


D, [2018-03-31T11:00:39.744948 #13624] DEBUG -- : Scoring new state: {:rating=>9, :state=>{:unknown=>0, :possibly_lighter=>1, :possibly_heavier=>1, :normal=>1}}
D, [2018-03-31T11:00:39.747640 #13624] DEBUG -- : calculating updated score for older state...
D, [2018-03-31T11:00:39.751432 #13624] DEBUG -- : generating weighed rated selections...
D, [2018-03-31T11:00:39.780725 #13624] DEBUG -- : scoring weighed rated selections...
D, [2018-03-31T11:00:39.780851 #13624] DEBUG -- : Saving scored selections...
D, [2018-03-31T11:00:39.786602 #13624] DEBUG -- : State Score successfully calculated


D, [2018-03-31T11:00:39.786688 #13624] DEBUG -- : Saving scored selections...
D, [2018-03-31T11:00:39.861790 #13624] DEBUG -- : calculating updated score for older state...
D, [2018-03-31T11:00:39.865330 #13624] DEBUG -- : generating weighed rated selections...
D, [2018-03-31T11:00:39.879004 #13624] DEBUG -- : scoring weighed rated selections...
D, [2018-03-31T11:00:39.879138 #13624] DEBUG -- : Scoring new state: {:rating=>10, :state=>{:unknown=>1, :possibly_lighter=>0, :possibly_heavier=>0, :normal=>2}}
D, [2018-03-31T11:00:39.882044 #13624] DEBUG -- : calculating updated score for older state...
D, [2018-03-31T11:00:39.885654 #13624] DEBUG -- : generating weighed rated selections...
D, [2018-03-31T11:00:39.904747 #13624] DEBUG -- : scoring weighed rated selections...
D, [2018-03-31T11:00:39.904858 #13624] DEBUG -- : Saving scored selections...
D, [2018-03-31T11:00:39.908147 #13624] DEBUG -- : State Score successfully calculated


D, [2018-03-31T11:00:39.908235 #13624] DEBUG -- : Scoring new state: {:rating=>9, :state=>{:unknown=>0, :possibly_lighter=>1, :possibly_heavier=>1, :normal=>1}}
D, [2018-03-31T11:00:39.910821 #13624] DEBUG -- : calculating updated score for older state...
D, [2018-03-31T11:00:39.914311 #13624] DEBUG -- : generating weighed rated selections...
D, [2018-03-31T11:00:39.943677 #13624] DEBUG -- : scoring weighed rated selections...
D, [2018-03-31T11:00:39.943801 #13624] DEBUG -- : Saving scored selections...
D, [2018-03-31T11:00:39.948584 #13624] DEBUG -- : State Score successfully calculated


D, [2018-03-31T11:00:39.948670 #13624] DEBUG -- : Saving scored selections...
D, [2018-03-31T11:00:41.579266 #13624] DEBUG -- : Scoring new state: {:rating=>31, :state=>{:unknown=>0, :possibly_lighter=>1, :possibly_heavier=>2, :normal=>5}}
D, [2018-03-31T11:00:41.582188 #13624] DEBUG -- : generating score for new state...
D, [2018-03-31T11:00:41.586070 #13624] DEBUG -- : new state info recorded
D, [2018-03-31T11:00:41.589640 #13624] DEBUG -- : generating weighed rated selections...
D, [2018-03-31T11:00:41.802534 #13624] DEBUG -- : scoring weighed rated selections...
D, [2018-03-31T11:00:41.802692 #13624] DEBUG -- : Saving scored selections...
D, [2018-03-31T11:00:41.809811 #13624] DEBUG -- : State Score successfully calculated


D, [2018-03-31T11:00:41.809905 #13624] DEBUG -- : Scoring new state: {:rating=>34, :state=>{:unknown=>0, :possibly_lighter=>1, :possibly_heavier=>1, :normal=>6}}
D, [2018-03-31T11:00:41.812504 #13624] DEBUG -- : calculating updated score for older state...
D, [2018-03-31T11:00:41.816010 #13624] DEBUG -- : generating weighed rated selections...
D, [2018-03-31T11:00:41.921295 #13624] DEBUG -- : scoring weighed rated selections...
D, [2018-03-31T11:00:41.922566 #13624] DEBUG -- : Saving scored selections...
D, [2018-03-31T11:00:41.939072 #13624] DEBUG -- : State Score successfully calculated


D, [2018-03-31T11:00:41.939161 #13624] DEBUG -- : Scoring new state: {:rating=>31, :state=>{:unknown=>0, :possibly_lighter=>2, :possibly_heavier=>1, :normal=>5}}
D, [2018-03-31T11:00:41.941738 #13624] DEBUG -- : generating score for new state...
D, [2018-03-31T11:00:41.945309 #13624] DEBUG -- : new state info recorded
D, [2018-03-31T11:00:41.949143 #13624] DEBUG -- : generating weighed rated selections...
D, [2018-03-31T11:00:42.142689 #13624] DEBUG -- : scoring weighed rated selections...
D, [2018-03-31T11:00:42.142851 #13624] DEBUG -- : Saving scored selections...
D, [2018-03-31T11:00:42.149877 #13624] DEBUG -- : State Score successfully calculated


D, [2018-03-31T11:00:42.149976 #13624] DEBUG -- : Scoring new state: {:rating=>34, :state=>{:unknown=>0, :possibly_lighter=>1, :possibly_heavier=>1, :normal=>6}}
D, [2018-03-31T11:00:42.152514 #13624] DEBUG -- : returning fully calculated score...
D, [2018-03-31T11:00:42.152577 #13624] DEBUG -- : State Score successfully calculated


D, [2018-03-31T11:00:42.219592 #13624] DEBUG -- : Scoring new state: {:rating=>31, :state=>{:unknown=>0, :possibly_lighter=>1, :possibly_heavier=>2, :normal=>5}}
D, [2018-03-31T11:00:42.222398 #13624] DEBUG -- : generating score for new state...
D, [2018-03-31T11:00:42.226023 #13624] DEBUG -- : new state info recorded
D, [2018-03-31T11:00:42.229807 #13624] DEBUG -- : generating weighed rated selections...
D, [2018-03-31T11:00:42.442014 #13624] DEBUG -- : scoring weighed rated selections...
D, [2018-03-31T11:00:42.442175 #13624] DEBUG -- : Saving scored selections...
D, [2018-03-31T11:00:42.450997 #13624] DEBUG -- : State Score successfully calculated


D, [2018-03-31T11:00:42.451082 #13624] DEBUG -- : Scoring new state: {:rating=>34, :state=>{:unknown=>0, :possibly_lighter=>1, :possibly_heavier=>1, :normal=>6}}
D, [2018-03-31T11:00:42.453700 #13624] DEBUG -- : calculating updated score for older state...
D, [2018-03-31T11:00:42.457136 #13624] DEBUG -- : generating weighed rated selections...
D, [2018-03-31T11:00:42.560505 #13624] DEBUG -- : scoring weighed rated selections...
D, [2018-03-31T11:00:42.560673 #13624] DEBUG -- : Saving scored selections...
D, [2018-03-31T11:00:42.576536 #13624] DEBUG -- : State Score successfully calculated


D, [2018-03-31T11:00:42.576637 #13624] DEBUG -- : Scoring new state: {:rating=>31, :state=>{:unknown=>0, :possibly_lighter=>2, :possibly_heavier=>1, :normal=>5}}
D, [2018-03-31T11:00:42.579261 #13624] DEBUG -- : generating score for new state...
D, [2018-03-31T11:00:42.582742 #13624] DEBUG -- : new state info recorded
D, [2018-03-31T11:00:42.586127 #13624] DEBUG -- : generating weighed rated selections...
D, [2018-03-31T11:00:42.781476 #13624] DEBUG -- : scoring weighed rated selections...
D, [2018-03-31T11:00:42.781630 #13624] DEBUG -- : Saving scored selections...
D, [2018-03-31T11:00:42.788574 #13624] DEBUG -- : State Score successfully calculated


D, [2018-03-31T11:00:42.853920 #13624] DEBUG -- : Scoring new state: {:rating=>34, :state=>{:unknown=>0, :possibly_lighter=>1, :possibly_heavier=>1, :normal=>6}}
D, [2018-03-31T11:00:42.856913 #13624] DEBUG -- : generating score for new state...
D, [2018-03-31T11:00:42.860666 #13624] DEBUG -- : new state info recorded
D, [2018-03-31T11:00:42.864117 #13624] DEBUG -- : generating weighed rated selections...
D, [2018-03-31T11:00:42.980459 #13624] DEBUG -- : scoring weighed rated selections...
D, [2018-03-31T11:00:42.980603 #13624] DEBUG -- : Saving scored selections...
D, [2018-03-31T11:00:42.997312 #13624] DEBUG -- : State Score successfully calculated


D, [2018-03-31T11:00:42.997421 #13624] DEBUG -- : Scoring new state: {:rating=>31, :state=>{:unknown=>0, :possibly_lighter=>1, :possibly_heavier=>2, :normal=>5}}
D, [2018-03-31T11:00:42.999969 #13624] DEBUG -- : generating score for new state...
D, [2018-03-31T11:00:43.003396 #13624] DEBUG -- : new state info recorded
D, [2018-03-31T11:00:43.006878 #13624] DEBUG -- : generating weighed rated selections...
D, [2018-03-31T11:00:43.203846 #13624] DEBUG -- : scoring weighed rated selections...
D, [2018-03-31T11:00:43.204004 #13624] DEBUG -- : Saving scored selections...
D, [2018-03-31T11:00:43.211106 #13624] DEBUG -- : State Score successfully calculated


D, [2018-03-31T11:00:43.211191 #13624] DEBUG -- : Scoring new state: {:rating=>34, :state=>{:unknown=>0, :possibly_lighter=>1, :possibly_heavier=>1, :normal=>6}}
D, [2018-03-31T11:00:43.213863 #13624] DEBUG -- : returning fully calculated score...
D, [2018-03-31T11:00:43.213926 #13624] DEBUG -- : State Score successfully calculated


D, [2018-03-31T11:00:43.213961 #13624] DEBUG -- : Scoring new state: {:rating=>31, :state=>{:unknown=>0, :possibly_lighter=>2, :possibly_heavier=>1, :normal=>5}}
D, [2018-03-31T11:00:43.216472 #13624] DEBUG -- : generating score for new state...
D, [2018-03-31T11:00:43.219893 #13624] DEBUG -- : new state info recorded
D, [2018-03-31T11:00:43.223263 #13624] DEBUG -- : generating weighed rated selections...
D, [2018-03-31T11:00:43.419635 #13624] DEBUG -- : scoring weighed rated selections...
D, [2018-03-31T11:00:43.419795 #13624] DEBUG -- : Saving scored selections...
D, [2018-03-31T11:00:43.427530 #13624] DEBUG -- : State Score successfully calculated


D, [2018-03-31T11:00:43.493294 #13624] DEBUG -- : Scoring new state: {:rating=>29, :state=>{:unknown=>1, :possibly_lighter=>2, :possibly_heavier=>0, :normal=>5}}
D, [2018-03-31T11:00:43.496148 #13624] DEBUG -- : generating score for new state...
D, [2018-03-31T11:00:43.499745 #13624] DEBUG -- : new state info recorded
D, [2018-03-31T11:00:43.503226 #13624] DEBUG -- : generating weighed rated selections...
D, [2018-03-31T11:00:43.748491 #13624] DEBUG -- : scoring weighed rated selections...
D, [2018-03-31T11:00:43.748667 #13624] DEBUG -- : Scoring new state: {:rating=>35, :state=>{:unknown=>1, :possibly_lighter=>0, :possibly_heavier=>0, :normal=>7}}
D, [2018-03-31T11:00:43.751555 #13624] DEBUG -- : calculating updated score for older state...
D, [2018-03-31T11:00:43.755101 #13624] DEBUG -- : generating weighed rated selections...
D, [2018-03-31T11:00:43.804787 #13624] DEBUG -- : scoring weighed rated selections...
D, [2018-03-31T11:00:43.804923 #13624] DEBUG -- : Saving scored selections...
D, [2018-03-31T11:00:43.813630 #13624] DEBUG -- : State Score successfully calculated


D, [2018-03-31T11:00:43.813734 #13624] DEBUG -- : Scoring new state: {:rating=>37, :state=>{:unknown=>0, :possibly_lighter=>1, :possibly_heavier=>0, :normal=>7}}
D, [2018-03-31T11:00:43.813765 #13624] DEBUG -- : State Score successfully calculated


D, [2018-03-31T11:00:43.813805 #13624] DEBUG -- : Scoring new state: {:rating=>35, :state=>{:unknown=>1, :possibly_lighter=>0, :possibly_heavier=>0, :normal=>7}}
D, [2018-03-31T11:00:43.816414 #13624] DEBUG -- : returning fully calculated score...
D, [2018-03-31T11:00:43.816480 #13624] DEBUG -- : State Score successfully calculated


D, [2018-03-31T11:00:43.816534 #13624] DEBUG -- : Scoring new state: {:rating=>37, :state=>{:unknown=>0, :possibly_lighter=>1, :possibly_heavier=>0, :normal=>7}}
D, [2018-03-31T11:00:43.816566 #13624] DEBUG -- : State Score successfully calculated


D, [2018-03-31T11:00:43.816600 #13624] DEBUG -- : Scoring new state: {:rating=>35, :state=>{:unknown=>1, :possibly_lighter=>0, :possibly_heavier=>0, :normal=>7}}
D, [2018-03-31T11:00:43.819125 #13624] DEBUG -- : returning fully calculated score...
D, [2018-03-31T11:00:43.819196 #13624] DEBUG -- : State Score successfully calculated


D, [2018-03-31T11:00:43.819245 #13624] DEBUG -- : Scoring new state: {:rating=>37, :state=>{:unknown=>0, :possibly_lighter=>1, :possibly_heavier=>0, :normal=>7}}
D, [2018-03-31T11:00:43.819276 #13624] DEBUG -- : State Score successfully calculated


D, [2018-03-31T11:00:43.819309 #13624] DEBUG -- : Scoring new state: {:rating=>37, :state=>{:unknown=>0, :possibly_lighter=>0, :possibly_heavier=>1, :normal=>7}}
D, [2018-03-31T11:00:43.819333 #13624] DEBUG -- : State Score successfully calculated


D, [2018-03-31T11:00:43.819362 #13624] DEBUG -- : Scoring new state: {:rating=>37, :state=>{:unknown=>0, :possibly_lighter=>1, :possibly_heavier=>0, :normal=>7}}
D, [2018-03-31T11:00:43.819386 #13624] DEBUG -- : State Score successfully calculated


D, [2018-03-31T11:00:43.819413 #13624] DEBUG -- : Scoring new state: {:rating=>34, :state=>{:unknown=>0, :possibly_lighter=>2, :possibly_heavier=>0, :normal=>6}}
D, [2018-03-31T11:00:43.821930 #13624] DEBUG -- : calculating updated score for older state...
D, [2018-03-31T11:00:43.825337 #13624] DEBUG -- : generating weighed rated selections...
D, [2018-03-31T11:00:43.870193 #13624] DEBUG -- : scoring weighed rated selections...
D, [2018-03-31T11:00:43.870320 #13624] DEBUG -- : Saving scored selections...
D, [2018-03-31T11:00:43.879813 #13624] DEBUG -- : State Score successfully calculated


D, [2018-03-31T11:00:43.879976 #13624] DEBUG -- : Scoring new state: {:rating=>34, :state=>{:unknown=>0, :possibly_lighter=>1, :possibly_heavier=>1, :normal=>6}}
D, [2018-03-31T11:00:43.882499 #13624] DEBUG -- : calculating updated score for older state...
D, [2018-03-31T11:00:43.885864 #13624] DEBUG -- : generating weighed rated selections...
D, [2018-03-31T11:00:43.993569 #13624] DEBUG -- : scoring weighed rated selections...
D, [2018-03-31T11:00:43.993718 #13624] DEBUG -- : Saving scored selections...
D, [2018-03-31T11:00:44.009243 #13624] DEBUG -- : State Score successfully calculated


D, [2018-03-31T11:00:44.009343 #13624] DEBUG -- : Scoring new state: {:rating=>37, :state=>{:unknown=>0, :possibly_lighter=>1, :possibly_heavier=>0, :normal=>7}}
D, [2018-03-31T11:00:44.009370 #13624] DEBUG -- : State Score successfully calculated


D, [2018-03-31T11:00:44.009406 #13624] DEBUG -- : Scoring new state: {:rating=>37, :state=>{:unknown=>0, :possibly_lighter=>0, :possibly_heavier=>1, :normal=>7}}
D, [2018-03-31T11:00:44.009426 #13624] DEBUG -- : State Score successfully calculated


D, [2018-03-31T11:00:44.009451 #13624] DEBUG -- : Scoring new state: {:rating=>37, :state=>{:unknown=>0, :possibly_lighter=>1, :possibly_heavier=>0, :normal=>7}}
D, [2018-03-31T11:00:44.009469 #13624] DEBUG -- : State Score successfully calculated


D, [2018-03-31T11:00:44.009493 #13624] DEBUG -- : Scoring new state: {:rating=>34, :state=>{:unknown=>0, :possibly_lighter=>2, :possibly_heavier=>0, :normal=>6}}
D, [2018-03-31T11:00:44.012084 #13624] DEBUG -- : returning fully calculated score...
D, [2018-03-31T11:00:44.012165 #13624] DEBUG -- : State Score successfully calculated


D, [2018-03-31T11:00:44.012206 #13624] DEBUG -- : Scoring new state: {:rating=>34, :state=>{:unknown=>0, :possibly_lighter=>1, :possibly_heavier=>1, :normal=>6}}
D, [2018-03-31T11:00:44.014731 #13624] DEBUG -- : returning fully calculated score...
D, [2018-03-31T11:00:44.014822 #13624] DEBUG -- : State Score successfully calculated


D, [2018-03-31T11:00:44.014860 #13624] DEBUG -- : Scoring new state: {:rating=>37, :state=>{:unknown=>0, :possibly_lighter=>1, :possibly_heavier=>0, :normal=>7}}
D, [2018-03-31T11:00:44.014921 #13624] DEBUG -- : State Score successfully calculated


D, [2018-03-31T11:00:44.014956 #13624] DEBUG -- : Scoring new state: {:rating=>37, :state=>{:unknown=>0, :possibly_lighter=>0, :possibly_heavier=>1, :normal=>7}}
D, [2018-03-31T11:00:44.014977 #13624] DEBUG -- : State Score successfully calculated


D, [2018-03-31T11:00:44.015002 #13624] DEBUG -- : Scoring new state: {:rating=>37, :state=>{:unknown=>0, :possibly_lighter=>1, :possibly_heavier=>0, :normal=>7}}
D, [2018-03-31T11:00:44.015020 #13624] DEBUG -- : State Score successfully calculated


D, [2018-03-31T11:00:44.015044 #13624] DEBUG -- : Scoring new state: {:rating=>34, :state=>{:unknown=>0, :possibly_lighter=>2, :possibly_heavier=>0, :normal=>6}}
D, [2018-03-31T11:00:44.017544 #13624] DEBUG -- : returning fully calculated score...
D, [2018-03-31T11:00:44.017611 #13624] DEBUG -- : State Score successfully calculated


D, [2018-03-31T11:00:44.017669 #13624] DEBUG -- : Scoring new state: {:rating=>35, :state=>{:unknown=>1, :possibly_lighter=>0, :possibly_heavier=>0, :normal=>7}}
D, [2018-03-31T11:00:44.020120 #13624] DEBUG -- : returning fully calculated score...
D, [2018-03-31T11:00:44.020185 #13624] DEBUG -- : State Score successfully calculated


D, [2018-03-31T11:00:44.020236 #13624] DEBUG -- : Scoring new state: {:rating=>34, :state=>{:unknown=>0, :possibly_lighter=>2, :possibly_heavier=>0, :normal=>6}}
D, [2018-03-31T11:00:44.022706 #13624] DEBUG -- : returning fully calculated score...
D, [2018-03-31T11:00:44.022770 #13624] DEBUG -- : State Score successfully calculated


D, [2018-03-31T11:00:44.022823 #13624] DEBUG -- : Scoring new state: {:rating=>37, :state=>{:unknown=>0, :possibly_lighter=>0, :possibly_heavier=>1, :normal=>7}}
D, [2018-03-31T11:00:44.022848 #13624] DEBUG -- : State Score successfully calculated


D, [2018-03-31T11:00:44.022876 #13624] DEBUG -- : Scoring new state: {:rating=>34, :state=>{:unknown=>0, :possibly_lighter=>2, :possibly_heavier=>0, :normal=>6}}
D, [2018-03-31T11:00:44.025295 #13624] DEBUG -- : returning fully calculated score...
D, [2018-03-31T11:00:44.025359 #13624] DEBUG -- : State Score successfully calculated


D, [2018-03-31T11:00:44.025410 #13624] DEBUG -- : Scoring new state: {:rating=>37, :state=>{:unknown=>0, :possibly_lighter=>1, :possibly_heavier=>0, :normal=>7}}
D, [2018-03-31T11:00:44.025435 #13624] DEBUG -- : State Score successfully calculated


D, [2018-03-31T11:00:44.025472 #13624] DEBUG -- : Scoring new state: {:rating=>34, :state=>{:unknown=>0, :possibly_lighter=>1, :possibly_heavier=>1, :normal=>6}}
D, [2018-03-31T11:00:44.027907 #13624] DEBUG -- : returning fully calculated score...
D, [2018-03-31T11:00:44.027973 #13624] DEBUG -- : State Score successfully calculated


D, [2018-03-31T11:00:44.028023 #13624] DEBUG -- : Scoring new state: {:rating=>37, :state=>{:unknown=>0, :possibly_lighter=>1, :possibly_heavier=>0, :normal=>7}}
D, [2018-03-31T11:00:44.028048 #13624] DEBUG -- : State Score successfully calculated


D, [2018-03-31T11:00:44.028084 #13624] DEBUG -- : Scoring new state: {:rating=>34, :state=>{:unknown=>0, :possibly_lighter=>1, :possibly_heavier=>1, :normal=>6}}
D, [2018-03-31T11:00:44.030554 #13624] DEBUG -- : returning fully calculated score...
D, [2018-03-31T11:00:44.030621 #13624] DEBUG -- : State Score successfully calculated


D, [2018-03-31T11:00:44.030672 #13624] DEBUG -- : Scoring new state: {:rating=>34, :state=>{:unknown=>0, :possibly_lighter=>2, :possibly_heavier=>0, :normal=>6}}
D, [2018-03-31T11:00:44.033112 #13624] DEBUG -- : returning fully calculated score...
D, [2018-03-31T11:00:44.033176 #13624] DEBUG -- : State Score successfully calculated


D, [2018-03-31T11:00:44.033234 #13624] DEBUG -- : Scoring new state: {:rating=>37, :state=>{:unknown=>0, :possibly_lighter=>0, :possibly_heavier=>1, :normal=>7}}
D, [2018-03-31T11:00:44.033260 #13624] DEBUG -- : State Score successfully calculated


D, [2018-03-31T11:00:44.033287 #13624] DEBUG -- : Scoring new state: {:rating=>37, :state=>{:unknown=>0, :possibly_lighter=>1, :possibly_heavier=>0, :normal=>7}}
D, [2018-03-31T11:00:44.033307 #13624] DEBUG -- : State Score successfully calculated


D, [2018-03-31T11:00:44.033332 #13624] DEBUG -- : Scoring new state: {:rating=>34, :state=>{:unknown=>0, :possibly_lighter=>2, :possibly_heavier=>0, :normal=>6}}
D, [2018-03-31T11:00:44.035828 #13624] DEBUG -- : returning fully calculated score...
D, [2018-03-31T11:00:44.035896 #13624] DEBUG -- : State Score successfully calculated


D, [2018-03-31T11:00:44.035956 #13624] DEBUG -- : Scoring new state: {:rating=>34, :state=>{:unknown=>0, :possibly_lighter=>1, :possibly_heavier=>1, :normal=>6}}
D, [2018-03-31T11:00:44.038373 #13624] DEBUG -- : returning fully calculated score...
D, [2018-03-31T11:00:44.038442 #13624] DEBUG -- : State Score successfully calculated


D, [2018-03-31T11:00:44.038493 #13624] DEBUG -- : Scoring new state: {:rating=>37, :state=>{:unknown=>0, :possibly_lighter=>1, :possibly_heavier=>0, :normal=>7}}
D, [2018-03-31T11:00:44.038517 #13624] DEBUG -- : State Score successfully calculated


D, [2018-03-31T11:00:44.038552 #13624] DEBUG -- : Scoring new state: {:rating=>35, :state=>{:unknown=>1, :possibly_lighter=>0, :possibly_heavier=>0, :normal=>7}}
D, [2018-03-31T11:00:44.041021 #13624] DEBUG -- : returning fully calculated score...
D, [2018-03-31T11:00:44.041089 #13624] DEBUG -- : State Score successfully calculated


D, [2018-03-31T11:00:44.041140 #13624] DEBUG -- : Scoring new state: {:rating=>34, :state=>{:unknown=>0, :possibly_lighter=>2, :possibly_heavier=>0, :normal=>6}}
D, [2018-03-31T11:00:44.043593 #13624] DEBUG -- : returning fully calculated score...
D, [2018-03-31T11:00:44.043693 #13624] DEBUG -- : State Score successfully calculated


D, [2018-03-31T11:00:44.043751 #13624] DEBUG -- : Scoring new state: {:rating=>37, :state=>{:unknown=>0, :possibly_lighter=>0, :possibly_heavier=>1, :normal=>7}}
D, [2018-03-31T11:00:44.043775 #13624] DEBUG -- : State Score successfully calculated


D, [2018-03-31T11:00:44.043801 #13624] DEBUG -- : Scoring new state: {:rating=>34, :state=>{:unknown=>0, :possibly_lighter=>2, :possibly_heavier=>0, :normal=>6}}
D, [2018-03-31T11:00:44.046202 #13624] DEBUG -- : returning fully calculated score...
D, [2018-03-31T11:00:44.046265 #13624] DEBUG -- : State Score successfully calculated


D, [2018-03-31T11:00:44.046316 #13624] DEBUG -- : Scoring new state: {:rating=>37, :state=>{:unknown=>0, :possibly_lighter=>1, :possibly_heavier=>0, :normal=>7}}
D, [2018-03-31T11:00:44.046341 #13624] DEBUG -- : State Score successfully calculated


D, [2018-03-31T11:00:44.046377 #13624] DEBUG -- : Scoring new state: {:rating=>34, :state=>{:unknown=>0, :possibly_lighter=>1, :possibly_heavier=>1, :normal=>6}}
D, [2018-03-31T11:00:44.048832 #13624] DEBUG -- : returning fully calculated score...
D, [2018-03-31T11:00:44.048897 #13624] DEBUG -- : State Score successfully calculated


D, [2018-03-31T11:00:44.048932 #13624] DEBUG -- : Scoring new state: {:rating=>34, :state=>{:unknown=>0, :possibly_lighter=>2, :possibly_heavier=>0, :normal=>6}}
D, [2018-03-31T11:00:44.051461 #13624] DEBUG -- : returning fully calculated score...
D, [2018-03-31T11:00:44.051527 #13624] DEBUG -- : State Score successfully calculated


D, [2018-03-31T11:00:44.051573 #13624] DEBUG -- : Scoring new state: {:rating=>37, :state=>{:unknown=>0, :possibly_lighter=>0, :possibly_heavier=>1, :normal=>7}}
D, [2018-03-31T11:00:44.051597 #13624] DEBUG -- : State Score successfully calculated


D, [2018-03-31T11:00:44.051637 #13624] DEBUG -- : Scoring new state: {:rating=>37, :state=>{:unknown=>0, :possibly_lighter=>1, :possibly_heavier=>0, :normal=>7}}
D, [2018-03-31T11:00:44.051658 #13624] DEBUG -- : State Score successfully calculated


D, [2018-03-31T11:00:44.051683 #13624] DEBUG -- : Scoring new state: {:rating=>34, :state=>{:unknown=>0, :possibly_lighter=>2, :possibly_heavier=>0, :normal=>6}}
D, [2018-03-31T11:00:44.054258 #13624] DEBUG -- : returning fully calculated score...
D, [2018-03-31T11:00:44.054346 #13624] DEBUG -- : State Score successfully calculated


D, [2018-03-31T11:00:44.054395 #13624] DEBUG -- : Scoring new state: {:rating=>35, :state=>{:unknown=>1, :possibly_lighter=>0, :possibly_heavier=>0, :normal=>7}}
D, [2018-03-31T11:00:44.057015 #13624] DEBUG -- : returning fully calculated score...
D, [2018-03-31T11:00:44.057086 #13624] DEBUG -- : State Score successfully calculated


D, [2018-03-31T11:00:44.057157 #13624] DEBUG -- : Scoring new state: {:rating=>34, :state=>{:unknown=>0, :possibly_lighter=>2, :possibly_heavier=>0, :normal=>6}}
D, [2018-03-31T11:00:44.059685 #13624] DEBUG -- : returning fully calculated score...
D, [2018-03-31T11:00:44.059752 #13624] DEBUG -- : State Score successfully calculated


D, [2018-03-31T11:00:44.059796 #13624] DEBUG -- : Scoring new state: {:rating=>37, :state=>{:unknown=>0, :possibly_lighter=>0, :possibly_heavier=>1, :normal=>7}}
D, [2018-03-31T11:00:44.059819 #13624] DEBUG -- : State Score successfully calculated


D, [2018-03-31T11:00:44.059845 #13624] DEBUG -- : Scoring new state: {:rating=>34, :state=>{:unknown=>0, :possibly_lighter=>2, :possibly_heavier=>0, :normal=>6}}
D, [2018-03-31T11:00:44.062359 #13624] DEBUG -- : returning fully calculated score...
D, [2018-03-31T11:00:44.062424 #13624] DEBUG -- : State Score successfully calculated


D, [2018-03-31T11:00:44.062477 #13624] DEBUG -- : Scoring new state: {:rating=>37, :state=>{:unknown=>0, :possibly_lighter=>1, :possibly_heavier=>0, :normal=>7}}
D, [2018-03-31T11:00:44.062503 #13624] DEBUG -- : State Score successfully calculated


D, [2018-03-31T11:00:44.062540 #13624] DEBUG -- : Scoring new state: {:rating=>34, :state=>{:unknown=>0, :possibly_lighter=>1, :possibly_heavier=>1, :normal=>6}}
D, [2018-03-31T11:00:44.065061 #13624] DEBUG -- : returning fully calculated score...
D, [2018-03-31T11:00:44.065128 #13624] DEBUG -- : State Score successfully calculated


D, [2018-03-31T11:00:44.065180 #13624] DEBUG -- : Scoring new state: {:rating=>37, :state=>{:unknown=>0, :possibly_lighter=>1, :possibly_heavier=>0, :normal=>7}}
D, [2018-03-31T11:00:44.065204 #13624] DEBUG -- : State Score successfully calculated


D, [2018-03-31T11:00:44.065240 #13624] DEBUG -- : Scoring new state: {:rating=>34, :state=>{:unknown=>0, :possibly_lighter=>1, :possibly_heavier=>1, :normal=>6}}
D, [2018-03-31T11:00:44.067731 #13624] DEBUG -- : returning fully calculated score...
D, [2018-03-31T11:00:44.067790 #13624] DEBUG -- : State Score successfully calculated


D, [2018-03-31T11:00:44.067825 #13624] DEBUG -- : Scoring new state: {:rating=>34, :state=>{:unknown=>0, :possibly_lighter=>2, :possibly_heavier=>0, :normal=>6}}
D, [2018-03-31T11:00:44.070244 #13624] DEBUG -- : returning fully calculated score...
D, [2018-03-31T11:00:44.070312 #13624] DEBUG -- : State Score successfully calculated


D, [2018-03-31T11:00:44.070355 #13624] DEBUG -- : Scoring new state: {:rating=>37, :state=>{:unknown=>0, :possibly_lighter=>0, :possibly_heavier=>1, :normal=>7}}
D, [2018-03-31T11:00:44.070378 #13624] DEBUG -- : State Score successfully calculated


D, [2018-03-31T11:00:44.070405 #13624] DEBUG -- : Scoring new state: {:rating=>37, :state=>{:unknown=>0, :possibly_lighter=>1, :possibly_heavier=>0, :normal=>7}}
D, [2018-03-31T11:00:44.070425 #13624] DEBUG -- : State Score successfully calculated


D, [2018-03-31T11:00:44.070451 #13624] DEBUG -- : Scoring new state: {:rating=>34, :state=>{:unknown=>0, :possibly_lighter=>2, :possibly_heavier=>0, :normal=>6}}
D, [2018-03-31T11:00:44.072928 #13624] DEBUG -- : returning fully calculated score...
D, [2018-03-31T11:00:44.073005 #13624] DEBUG -- : State Score successfully calculated


D, [2018-03-31T11:00:44.073065 #13624] DEBUG -- : Scoring new state: {:rating=>34, :state=>{:unknown=>0, :possibly_lighter=>1, :possibly_heavier=>1, :normal=>6}}
D, [2018-03-31T11:00:44.075475 #13624] DEBUG -- : returning fully calculated score...
D, [2018-03-31T11:00:44.075541 #13624] DEBUG -- : State Score successfully calculated


D, [2018-03-31T11:00:44.075591 #13624] DEBUG -- : Scoring new state: {:rating=>37, :state=>{:unknown=>0, :possibly_lighter=>1, :possibly_heavier=>0, :normal=>7}}
D, [2018-03-31T11:00:44.075616 #13624] DEBUG -- : State Score successfully calculated


D, [2018-03-31T11:00:44.075651 #13624] DEBUG -- : Scoring new state: {:rating=>35, :state=>{:unknown=>1, :possibly_lighter=>0, :possibly_heavier=>0, :normal=>7}}
D, [2018-03-31T11:00:44.078082 #13624] DEBUG -- : returning fully calculated score...
D, [2018-03-31T11:00:44.078148 #13624] DEBUG -- : State Score successfully calculated


D, [2018-03-31T11:00:44.078182 #13624] DEBUG -- : Scoring new state: {:rating=>34, :state=>{:unknown=>0, :possibly_lighter=>2, :possibly_heavier=>0, :normal=>6}}
D, [2018-03-31T11:00:44.080665 #13624] DEBUG -- : returning fully calculated score...
D, [2018-03-31T11:00:44.080729 #13624] DEBUG -- : State Score successfully calculated


D, [2018-03-31T11:00:44.080772 #13624] DEBUG -- : Scoring new state: {:rating=>37, :state=>{:unknown=>0, :possibly_lighter=>0, :possibly_heavier=>1, :normal=>7}}
D, [2018-03-31T11:00:44.080795 #13624] DEBUG -- : State Score successfully calculated


D, [2018-03-31T11:00:44.080822 #13624] DEBUG -- : Scoring new state: {:rating=>34, :state=>{:unknown=>0, :possibly_lighter=>2, :possibly_heavier=>0, :normal=>6}}
D, [2018-03-31T11:00:44.083237 #13624] DEBUG -- : returning fully calculated score...
D, [2018-03-31T11:00:44.083299 #13624] DEBUG -- : State Score successfully calculated


D, [2018-03-31T11:00:44.083333 #13624] DEBUG -- : Scoring new state: {:rating=>37, :state=>{:unknown=>0, :possibly_lighter=>1, :possibly_heavier=>0, :normal=>7}}
D, [2018-03-31T11:00:44.083356 #13624] DEBUG -- : State Score successfully calculated


D, [2018-03-31T11:00:44.083391 #13624] DEBUG -- : Scoring new state: {:rating=>34, :state=>{:unknown=>0, :possibly_lighter=>1, :possibly_heavier=>1, :normal=>6}}
D, [2018-03-31T11:00:44.085860 #13624] DEBUG -- : returning fully calculated score...
D, [2018-03-31T11:00:44.085928 #13624] DEBUG -- : State Score successfully calculated


D, [2018-03-31T11:00:44.085963 #13624] DEBUG -- : Scoring new state: {:rating=>34, :state=>{:unknown=>0, :possibly_lighter=>2, :possibly_heavier=>0, :normal=>6}}
D, [2018-03-31T11:00:44.088475 #13624] DEBUG -- : returning fully calculated score...
D, [2018-03-31T11:00:44.088539 #13624] DEBUG -- : State Score successfully calculated


D, [2018-03-31T11:00:44.088599 #13624] DEBUG -- : Scoring new state: {:rating=>34, :state=>{:unknown=>0, :possibly_lighter=>1, :possibly_heavier=>1, :normal=>6}}
D, [2018-03-31T11:00:44.091032 #13624] DEBUG -- : returning fully calculated score...
D, [2018-03-31T11:00:44.091091 #13624] DEBUG -- : State Score successfully calculated


D, [2018-03-31T11:00:44.091140 #13624] DEBUG -- : Scoring new state: {:rating=>34, :state=>{:unknown=>0, :possibly_lighter=>2, :possibly_heavier=>0, :normal=>6}}
D, [2018-03-31T11:00:44.093550 #13624] DEBUG -- : returning fully calculated score...
D, [2018-03-31T11:00:44.093615 #13624] DEBUG -- : State Score successfully calculated


D, [2018-03-31T11:00:44.093706 #13624] DEBUG -- : Scoring new state: {:rating=>34, :state=>{:unknown=>0, :possibly_lighter=>1, :possibly_heavier=>1, :normal=>6}}
D, [2018-03-31T11:00:44.096149 #13624] DEBUG -- : returning fully calculated score...
D, [2018-03-31T11:00:44.096210 #13624] DEBUG -- : State Score successfully calculated


D, [2018-03-31T11:00:44.096246 #13624] DEBUG -- : Scoring new state: {:rating=>34, :state=>{:unknown=>0, :possibly_lighter=>2, :possibly_heavier=>0, :normal=>6}}
D, [2018-03-31T11:00:44.098672 #13624] DEBUG -- : returning fully calculated score...
D, [2018-03-31T11:00:44.098753 #13624] DEBUG -- : State Score successfully calculated


D, [2018-03-31T11:00:44.098831 #13624] DEBUG -- : Scoring new state: {:rating=>32, :state=>{:unknown=>1, :possibly_lighter=>1, :possibly_heavier=>0, :normal=>6}}
D, [2018-03-31T11:00:44.101241 #13624] DEBUG -- : calculating updated score for older state...
D, [2018-03-31T11:00:44.104666 #13624] DEBUG -- : generating weighed rated selections...
D, [2018-03-31T11:00:44.235801 #13624] DEBUG -- : scoring weighed rated selections...
D, [2018-03-31T11:00:44.235942 #13624] DEBUG -- : Saving scored selections...
D, [2018-03-31T11:00:44.242393 #13624] DEBUG -- : State Score successfully calculated


D, [2018-03-31T11:00:44.242483 #13624] DEBUG -- : Scoring new state: {:rating=>37, :state=>{:unknown=>0, :possibly_lighter=>1, :possibly_heavier=>0, :normal=>7}}
D, [2018-03-31T11:00:44.242510 #13624] DEBUG -- : State Score successfully calculated


D, [2018-03-31T11:00:44.242547 #13624] DEBUG -- : Scoring new state: {:rating=>32, :state=>{:unknown=>1, :possibly_lighter=>1, :possibly_heavier=>0, :normal=>6}}
D, [2018-03-31T11:00:44.245050 #13624] DEBUG -- : calculating updated score for older state...
D, [2018-03-31T11:00:44.248559 #13624] DEBUG -- : generating weighed rated selections...
D, [2018-03-31T11:00:44.249602 #13624] DEBUG -- : -------> building selection...
D, [2018-03-31T11:00:44.250418 #13624] DEBUG -- : -------> building new state...
D, [2018-03-31T11:00:44.250782 #13624] DEBUG -- : -------> building new state...
D, [2018-03-31T11:00:44.251023 #13624] DEBUG -- : -------> building selection...
D, [2018-03-31T11:00:44.251404 #13624] DEBUG -- : -------> building new state...
D, [2018-03-31T11:00:44.251509 #13624] DEBUG -- : -------> building new state...
D, [2018-03-31T11:00:44.251691 #13624] DEBUG -- : -------> building selection...
D, [2018-03-31T11:00:44.252004 #13624] DEBUG -- : -------> building new state...
D, [2018-03-31T11:00:44.252122 #13624] DEBUG -- : -------> building new state...
D, [2018-03-31T11:00:44.252343 #13624] DEBUG -- : -------> building selection...
D, [2018-03-31T11:00:44.252656 #13624] DEBUG -- : -------> building new state...
D, [2018-03-31T11:00:44.252756 #13624] DEBUG -- : -------> building new state...
D, [2018-03-31T11:00:44.252998 #13624] DEBUG -- : -------> building selection...
D, [2018-03-31T11:00:44.253324 #13624] DEBUG -- : -------> building new state...
D, [2018-03-31T11:00:44.253425 #13624] DEBUG -- : -------> building new state...
D, [2018-03-31T11:00:44.253691 #13624] DEBUG -- : -------> building selection...
D, [2018-03-31T11:00:44.254027 #13624] DEBUG -- : -------> building new state...
D, [2018-03-31T11:00:44.254130 #13624] DEBUG -- : -------> building new state...
D, [2018-03-31T11:00:44.254318 #13624] DEBUG -- : -------> building selection...
D, [2018-03-31T11:00:44.254661 #13624] DEBUG -- : -------> building new state...
D, [2018-03-31T11:00:44.254764 #13624] DEBUG -- : -------> building new state...
D, [2018-03-31T11:00:44.254960 #13624] DEBUG -- : -------> building selection...
D, [2018-03-31T11:00:44.255279 #13624] DEBUG -- : -------> building new state...
D, [2018-03-31T11:00:44.255380 #13624] DEBUG -- : -------> building new state...
D, [2018-03-31T11:00:44.255559 #13624] DEBUG -- : -------> building selection...
D, [2018-03-31T11:00:44.255928 #13624] DEBUG -- : -------> building new state...
D, [2018-03-31T11:00:44.256048 #13624] DEBUG -- : -------> building new state...
D, [2018-03-31T11:00:44.256229 #13624] DEBUG -- : -------> building selection...
D, [2018-03-31T11:00:44.256548 #13624] DEBUG -- : -------> building new state...
D, [2018-03-31T11:00:44.256651 #13624] DEBUG -- : -------> building new state...
D, [2018-03-31T11:00:44.256858 #13624] DEBUG -- : -------> building selection...
D, [2018-03-31T11:00:44.257168 #13624] DEBUG -- : -------> building new state...
D, [2018-03-31T11:00:44.257273 #13624] DEBUG -- : -------> building new state...
D, [2018-03-31T11:00:44.257455 #13624] DEBUG -- : -------> building selection...
D, [2018-03-31T11:00:44.257765 #13624] DEBUG -- : -------> building new state...
D, [2018-03-31T11:00:44.257897 #13624] DEBUG -- : -------> building new state...
D, [2018-03-31T11:00:44.258086 #13624] DEBUG -- : -------> building selection...
D, [2018-03-31T11:00:44.258400 #13624] DEBUG -- : -------> building new state...
D, [2018-03-31T11:00:44.258499 #13624] DEBUG -- : -------> building new state...
D, [2018-03-31T11:00:44.258677 #13624] DEBUG -- : -------> building selection...
D, [2018-03-31T11:00:44.259035 #13624] DEBUG -- : -------> building new state...
D, [2018-03-31T11:00:44.259178 #13624] DEBUG -- : -------> building new state...
D, [2018-03-31T11:00:44.259362 #13624] DEBUG -- : -------> building selection...
D, [2018-03-31T11:00:44.259693 #13624] DEBUG -- : -------> building new state...
D, [2018-03-31T11:00:44.259798 #13624] DEBUG -- : -------> building new state...
D, [2018-03-31T11:00:44.259991 #13624] DEBUG -- : -------> building selection...
D, [2018-03-31T11:00:44.260302 #13624] DEBUG -- : -------> building new state...
D, [2018-03-31T11:00:44.260422 #13624] DEBUG -- : -------> building new state...
D, [2018-03-31T11:00:44.260601 #13624] DEBUG -- : -------> building selection...
D, [2018-03-31T11:00:44.260918 #13624] DEBUG -- : -------> building new state...
D, [2018-03-31T11:00:44.261042 #13624] DEBUG -- : -------> building new state...
D, [2018-03-31T11:00:44.261220 #13624] DEBUG -- : -------> building selection...
D, [2018-03-31T11:00:44.261539 #13624] DEBUG -- : -------> building new state...
D, [2018-03-31T11:00:44.261640 #13624] DEBUG -- : -------> building new state...
D, [2018-03-31T11:00:44.261841 #13624] DEBUG -- : -------> building selection...
D, [2018-03-31T11:00:44.262156 #13624] DEBUG -- : -------> building new state...
D, [2018-03-31T11:00:44.262259 #13624] DEBUG -- : -------> building new state...
D, [2018-03-31T11:00:44.262453 #13624] DEBUG -- : -------> building selection...
D, [2018-03-31T11:00:44.262766 #13624] DEBUG -- : -------> building new state...
D, [2018-03-31T11:00:44.262882 #13624] DEBUG -- : -------> building new state...
D, [2018-03-31T11:00:44.263087 #13624] DEBUG -- : -------> building selection...
D, [2018-03-31T11:00:44.263400 #13624] DEBUG -- : -------> building new state...
D, [2018-03-31T11:00:44.263501 #13624] DEBUG -- : -------> building new state...
D, [2018-03-31T11:00:44.263736 #13624] DEBUG -- : -------> building selection...
D, [2018-03-31T11:00:44.264204 #13624] DEBUG -- : -------> building new state...
D, [2018-03-31T11:00:44.264311 #13624] DEBUG -- : -------> building new state...
D, [2018-03-31T11:00:44.264512 #13624] DEBUG -- : -------> building selection...
D, [2018-03-31T11:00:44.264843 #13624] DEBUG -- : -------> building new state...
D, [2018-03-31T11:00:44.264943 #13624] DEBUG -- : -------> building new state...
D, [2018-03-31T11:00:44.265124 #13624] DEBUG -- : -------> building selection...
D, [2018-03-31T11:00:44.265445 #13624] DEBUG -- : -------> building new state...
D, [2018-03-31T11:00:44.265545 #13624] DEBUG -- : -------> building new state...
D, [2018-03-31T11:00:44.265736 #13624] DEBUG -- : -------> building selection...
D, [2018-03-31T11:00:44.266045 #13624] DEBUG -- : -------> building new state...
D, [2018-03-31T11:00:44.266158 #13624] DEBUG -- : -------> building new state...
D, [2018-03-31T11:00:44.266337 #13624] DEBUG -- : -------> building selection...
D, [2018-03-31T11:00:44.266663 #13624] DEBUG -- : -------> building new state...
D, [2018-03-31T11:00:44.266761 #13624] DEBUG -- : -------> building new state...
D, [2018-03-31T11:00:44.266957 #13624] DEBUG -- : scoring weighed rated selections...
D, [2018-03-31T11:00:44.267022 #13624] DEBUG -- : Saving scored selections...
D, [2018-03-31T11:00:44.273534 #13624] DEBUG -- : State Score successfully calculated


D, [2018-03-31T11:00:44.273601 #13624] DEBUG -- : Scoring new state: {:rating=>37, :state=>{:unknown=>0, :possibly_lighter=>1, :possibly_heavier=>0, :normal=>7}}
D, [2018-03-31T11:00:44.273626 #13624] DEBUG -- : State Score successfully calculated


D, [2018-03-31T11:00:44.273662 #13624] DEBUG -- : Scoring new state: {:rating=>32, :state=>{:unknown=>1, :possibly_lighter=>1, :possibly_heavier=>0, :normal=>6}}
D, [2018-03-31T11:00:44.276430 #13624] DEBUG -- : calculating updated score for older state...
D, [2018-03-31T11:00:44.279888 #13624] DEBUG -- : generating weighed rated selections...
D, [2018-03-31T11:00:44.280922 #13624] DEBUG -- : -------> building selection...
D, [2018-03-31T11:00:44.281777 #13624] DEBUG -- : -------> building new state...
D, [2018-03-31T11:00:44.282094 #13624] DEBUG -- : -------> building new state...
D, [2018-03-31T11:00:44.282346 #13624] DEBUG -- : -------> building selection...
D, [2018-03-31T11:00:44.282791 #13624] DEBUG -- : -------> building new state...
D, [2018-03-31T11:00:44.282923 #13624] DEBUG -- : -------> building new state...
D, [2018-03-31T11:00:44.283112 #13624] DEBUG -- : -------> building selection...
D, [2018-03-31T11:00:44.283464 #13624] DEBUG -- : -------> building new state...
D, [2018-03-31T11:00:44.283572 #13624] DEBUG -- : -------> building new state...
D, [2018-03-31T11:00:44.283753 #13624] DEBUG -- : -------> building selection...
D, [2018-03-31T11:00:44.284081 #13624] DEBUG -- : -------> building new state...
D, [2018-03-31T11:00:44.284186 #13624] DEBUG -- : -------> building new state...
D, [2018-03-31T11:00:44.284368 #13624] DEBUG -- : -------> building selection...
D, [2018-03-31T11:00:44.284691 #13624] DEBUG -- : -------> building new state...
D, [2018-03-31T11:00:44.284790 #13624] DEBUG -- : -------> building new state...
D, [2018-03-31T11:00:44.284991 #13624] DEBUG -- : -------> building selection...
D, [2018-03-31T11:00:44.285304 #13624] DEBUG -- : -------> building new state...
D, [2018-03-31T11:00:44.285414 #13624] DEBUG -- : -------> building new state...
D, [2018-03-31T11:00:44.285594 #13624] DEBUG -- : -------> building selection...
D, [2018-03-31T11:00:44.286015 #13624] DEBUG -- : -------> building new state...
D, [2018-03-31T11:00:44.286118 #13624] DEBUG -- : -------> building new state...
D, [2018-03-31T11:00:44.286303 #13624] DEBUG -- : -------> building selection...
D, [2018-03-31T11:00:44.286663 #13624] DEBUG -- : -------> building new state...
D, [2018-03-31T11:00:44.286784 #13624] DEBUG -- : -------> building new state...
D, [2018-03-31T11:00:44.286987 #13624] DEBUG -- : -------> building selection...
D, [2018-03-31T11:00:44.287317 #13624] DEBUG -- : -------> building new state...
D, [2018-03-31T11:00:44.287428 #13624] DEBUG -- : -------> building new state...
D, [2018-03-31T11:00:44.287609 #13624] DEBUG -- : -------> building selection...
D, [2018-03-31T11:00:44.287921 #13624] DEBUG -- : -------> building new state...
D, [2018-03-31T11:00:44.288029 #13624] DEBUG -- : -------> building new state...
D, [2018-03-31T11:00:44.288211 #13624] DEBUG -- : -------> building selection...
D, [2018-03-31T11:00:44.290191 #13624] DEBUG -- : -------> building new state...
D, [2018-03-31T11:00:44.290357 #13624] DEBUG -- : -------> building new state...
D, [2018-03-31T11:00:44.290551 #13624] DEBUG -- : -------> building selection...
D, [2018-03-31T11:00:44.290913 #13624] DEBUG -- : -------> building new state...
D, [2018-03-31T11:00:44.291017 #13624] DEBUG -- : -------> building new state...
D, [2018-03-31T11:00:44.291335 #13624] DEBUG -- : -------> building selection...
D, [2018-03-31T11:00:44.291728 #13624] DEBUG -- : -------> building new state...
D, [2018-03-31T11:00:44.291831 #13624] DEBUG -- : -------> building new state...
D, [2018-03-31T11:00:44.292020 #13624] DEBUG -- : -------> building selection...
D, [2018-03-31T11:00:44.292374 #13624] DEBUG -- : -------> building new state...
D, [2018-03-31T11:00:44.292474 #13624] DEBUG -- : -------> building new state...
D, [2018-03-31T11:00:44.292652 #13624] DEBUG -- : -------> building selection...
D, [2018-03-31T11:00:44.292980 #13624] DEBUG -- : -------> building new state...
D, [2018-03-31T11:00:44.293081 #13624] DEBUG -- : -------> building new state...
D, [2018-03-31T11:00:44.293283 #13624] DEBUG -- : -------> building selection...
D, [2018-03-31T11:00:44.293642 #13624] DEBUG -- : -------> building new state...
D, [2018-03-31T11:00:44.293891 #13624] DEBUG -- : -------> building new state...
D, [2018-03-31T11:00:44.294117 #13624] DEBUG -- : -------> building selection...
D, [2018-03-31T11:00:44.294452 #13624] DEBUG -- : -------> building new state...
D, [2018-03-31T11:00:44.294586 #13624] DEBUG -- : -------> building new state...
D, [2018-03-31T11:00:44.294772 #13624] DEBUG -- : -------> building selection...
D, [2018-03-31T11:00:44.295163 #13624] DEBUG -- : -------> building new state...
D, [2018-03-31T11:00:44.295379 #13624] DEBUG -- : -------> building new state...
D, [2018-03-31T11:00:44.295584 #13624] DEBUG -- : -------> building selection...
D, [2018-03-31T11:00:44.295928 #13624] DEBUG -- : -------> building new state...
D, [2018-03-31T11:00:44.296031 #13624] DEBUG -- : -------> building new state...
D, [2018-03-31T11:00:44.296210 #13624] DEBUG -- : -------> building selection...
D, [2018-03-31T11:00:44.296577 #13624] DEBUG -- : -------> building new state...
D, [2018-03-31T11:00:44.296678 #13624] DEBUG -- : -------> building new state...
D, [2018-03-31T11:00:44.296856 #13624] DEBUG -- : -------> building selection...
D, [2018-03-31T11:00:44.297165 #13624] DEBUG -- : -------> building new state...
D, [2018-03-31T11:00:44.297263 #13624] DEBUG -- : -------> building new state...
D, [2018-03-31T11:00:44.297471 #13624] DEBUG -- : -------> building selection...
D, [2018-03-31T11:00:44.297830 #13624] DEBUG -- : -------> building new state...
D, [2018-03-31T11:00:44.297931 #13624] DEBUG -- : -------> building new state...
D, [2018-03-31T11:00:44.298110 #13624] DEBUG -- : -------> building selection...
D, [2018-03-31T11:00:44.298453 #13624] DEBUG -- : -------> building new state...
D, [2018-03-31T11:00:44.298553 #13624] DEBUG -- : -------> building new state...
D, [2018-03-31T11:00:44.298755 #13624] DEBUG -- : -------> building selection...
D, [2018-03-31T11:00:44.299099 #13624] DEBUG -- : -------> building new state...
D, [2018-03-31T11:00:44.299218 #13624] DEBUG -- : -------> building new state...
D, [2018-03-31T11:00:44.299417 #13624] DEBUG -- : -------> building selection...
D, [2018-03-31T11:00:44.299758 #13624] DEBUG -- : -------> building new state...
D, [2018-03-31T11:00:44.299872 #13624] DEBUG -- : -------> building new state...
D, [2018-03-31T11:00:44.300070 #13624] DEBUG -- : -------> building selection...
D, [2018-03-31T11:00:44.300406 #13624] DEBUG -- : -------> building new state...
D, [2018-03-31T11:00:44.300538 #13624] DEBUG -- : -------> building new state...
D, [2018-03-31T11:00:44.300743 #13624] DEBUG -- : scoring weighed rated selections...
D, [2018-03-31T11:00:44.300830 #13624] DEBUG -- : Saving scored selections...
D, [2018-03-31T11:00:44.307213 #13624] DEBUG -- : State Score successfully calculated


D, [2018-03-31T11:00:44.307283 #13624] DEBUG -- : Scoring new state: {:rating=>37, :state=>{:unknown=>0, :possibly_lighter=>1, :possibly_heavier=>0, :normal=>7}}
D, [2018-03-31T11:00:44.307308 #13624] DEBUG -- : State Score successfully calculated


D, [2018-03-31T11:00:44.307357 #13624] DEBUG -- : Scoring new state: {:rating=>32, :state=>{:unknown=>1, :possibly_lighter=>1, :possibly_heavier=>0, :normal=>6}}
D, [2018-03-31T11:00:44.310123 #13624] DEBUG -- : calculating updated score for older state...
D, [2018-03-31T11:00:44.313644 #13624] DEBUG -- : generating weighed rated selections...
D, [2018-03-31T11:00:44.314691 #13624] DEBUG -- : -------> building selection...
D, [2018-03-31T11:00:44.315522 #13624] DEBUG -- : -------> building new state...
D, [2018-03-31T11:00:44.315815 #13624] DEBUG -- : -------> building new state...
D, [2018-03-31T11:00:44.317381 #13624] DEBUG -- : -------> building selection...
D, [2018-03-31T11:00:44.317827 #13624] DEBUG -- : -------> building new state...
D, [2018-03-31T11:00:44.317984 #13624] DEBUG -- : -------> building new state...
D, [2018-03-31T11:00:44.318194 #13624] DEBUG -- : -------> building selection...
D, [2018-03-31T11:00:44.318546 #13624] DEBUG -- : -------> building new state...
D, [2018-03-31T11:00:44.318674 #13624] DEBUG -- : -------> building new state...
D, [2018-03-31T11:00:44.318888 #13624] DEBUG -- : -------> building selection...
D, [2018-03-31T11:00:44.319304 #13624] DEBUG -- : -------> building new state...
D, [2018-03-31T11:00:44.319454 #13624] DEBUG -- : -------> building new state...
D, [2018-03-31T11:00:44.319666 #13624] DEBUG -- : -------> building selection...
D, [2018-03-31T11:00:44.320001 #13624] DEBUG -- : -------> building new state...
D, [2018-03-31T11:00:44.320214 #13624] DEBUG -- : -------> building new state...
D, [2018-03-31T11:00:44.320416 #13624] DEBUG -- : -------> building selection...
D, [2018-03-31T11:00:44.320774 #13624] DEBUG -- : -------> building new state...
D, [2018-03-31T11:00:44.320879 #13624] DEBUG -- : -------> building new state...
D, [2018-03-31T11:00:44.321061 #13624] DEBUG -- : -------> building selection...
D, [2018-03-31T11:00:44.321402 #13624] DEBUG -- : -------> building new state...
D, [2018-03-31T11:00:44.321503 #13624] DEBUG -- : -------> building new state...
D, [2018-03-31T11:00:44.321682 #13624] DEBUG -- : -------> building selection...
D, [2018-03-31T11:00:44.322001 #13624] DEBUG -- : -------> building new state...
D, [2018-03-31T11:00:44.322113 #13624] DEBUG -- : -------> building new state...
D, [2018-03-31T11:00:44.322308 #13624] DEBUG -- : -------> building selection...
D, [2018-03-31T11:00:44.322639 #13624] DEBUG -- : -------> building new state...
D, [2018-03-31T11:00:44.322738 #13624] DEBUG -- : -------> building new state...
D, [2018-03-31T11:00:44.322971 #13624] DEBUG -- : -------> building selection...
D, [2018-03-31T11:00:44.323298 #13624] DEBUG -- : -------> building new state...
D, [2018-03-31T11:00:44.323404 #13624] DEBUG -- : -------> building new state...
D, [2018-03-31T11:00:44.323597 #13624] DEBUG -- : -------> building selection...
D, [2018-03-31T11:00:44.324064 #13624] DEBUG -- : -------> building new state...
D, [2018-03-31T11:00:44.324185 #13624] DEBUG -- : -------> building new state...
D, [2018-03-31T11:00:44.324381 #13624] DEBUG -- : -------> building selection...
D, [2018-03-31T11:00:44.324720 #13624] DEBUG -- : -------> building new state...
D, [2018-03-31T11:00:44.324832 #13624] DEBUG -- : -------> building new state...
D, [2018-03-31T11:00:44.325033 #13624] DEBUG -- : -------> building selection...
D, [2018-03-31T11:00:44.325370 #13624] DEBUG -- : -------> building new state...
D, [2018-03-31T11:00:44.325485 #13624] DEBUG -- : -------> building new state...
D, [2018-03-31T11:00:44.325680 #13624] DEBUG -- : -------> building selection...
D, [2018-03-31T11:00:44.326019 #13624] DEBUG -- : -------> building new state...
D, [2018-03-31T11:00:44.326147 #13624] DEBUG -- : -------> building new state...
D, [2018-03-31T11:00:44.326331 #13624] DEBUG -- : -------> building selection...
D, [2018-03-31T11:00:44.326681 #13624] DEBUG -- : -------> building new state...
D, [2018-03-31T11:00:44.326797 #13624] DEBUG -- : -------> building new state...
D, [2018-03-31T11:00:44.327021 #13624] DEBUG -- : -------> building selection...
D, [2018-03-31T11:00:44.327358 #13624] DEBUG -- : -------> building new state...
D, [2018-03-31T11:00:44.327473 #13624] DEBUG -- : -------> building new state...
D, [2018-03-31T11:00:44.327663 #13624] DEBUG -- : -------> building selection...
D, [2018-03-31T11:00:44.327992 #13624] DEBUG -- : -------> building new state...
D, [2018-03-31T11:00:44.328101 #13624] DEBUG -- : -------> building new state...
D, [2018-03-31T11:00:44.328294 #13624] DEBUG -- : -------> building selection...
D, [2018-03-31T11:00:44.328624 #13624] DEBUG -- : -------> building new state...
D, [2018-03-31T11:00:44.328729 #13624] DEBUG -- : -------> building new state...
D, [2018-03-31T11:00:44.329545 #13624] DEBUG -- : -------> building selection...
D, [2018-03-31T11:00:44.329889 #13624] DEBUG -- : -------> building new state...
D, [2018-03-31T11:00:44.329990 #13624] DEBUG -- : -------> building new state...
D, [2018-03-31T11:00:44.330170 #13624] DEBUG -- : -------> building selection...
D, [2018-03-31T11:00:44.330479 #13624] DEBUG -- : -------> building new state...
D, [2018-03-31T11:00:44.330578 #13624] DEBUG -- : -------> building new state...
D, [2018-03-31T11:00:44.330791 #13624] DEBUG -- : -------> building selection...
D, [2018-03-31T11:00:44.331113 #13624] DEBUG -- : -------> building new state...
D, [2018-03-31T11:00:44.331212 #13624] DEBUG -- : -------> building new state...
D, [2018-03-31T11:00:44.331391 #13624] DEBUG -- : -------> building selection...
D, [2018-03-31T11:00:44.331701 #13624] DEBUG -- : -------> building new state...
D, [2018-03-31T11:00:44.331801 #13624] DEBUG -- : -------> building new state...
D, [2018-03-31T11:00:44.332018 #13624] DEBUG -- : -------> building selection...
D, [2018-03-31T11:00:44.332327 #13624] DEBUG -- : -------> building new state...
D, [2018-03-31T11:00:44.332424 #13624] DEBUG -- : -------> building new state...
D, [2018-03-31T11:00:44.332600 #13624] DEBUG -- : -------> building selection...
D, [2018-03-31T11:00:44.332935 #13624] DEBUG -- : -------> building new state...
D, [2018-03-31T11:00:44.333065 #13624] DEBUG -- : -------> building new state...
D, [2018-03-31T11:00:44.333253 #13624] DEBUG -- : -------> building selection...
D, [2018-03-31T11:00:44.333561 #13624] DEBUG -- : -------> building new state...
D, [2018-03-31T11:00:44.333671 #13624] DEBUG -- : -------> building new state...
D, [2018-03-31T11:00:44.333851 #13624] DEBUG -- : -------> building selection...
D, [2018-03-31T11:00:44.334158 #13624] DEBUG -- : -------> building new state...
D, [2018-03-31T11:00:44.334286 #13624] DEBUG -- : -------> building new state...
D, [2018-03-31T11:00:44.334505 #13624] DEBUG -- : scoring weighed rated selections...
D, [2018-03-31T11:00:44.334568 #13624] DEBUG -- : Saving scored selections...
D, [2018-03-31T11:00:44.340860 #13624] DEBUG -- : State Score successfully calculated


D, [2018-03-31T11:00:44.340925 #13624] DEBUG -- : Scoring new state: {:rating=>37, :state=>{:unknown=>0, :possibly_lighter=>1, :possibly_heavier=>0, :normal=>7}}
D, [2018-03-31T11:00:44.340950 #13624] DEBUG -- : State Score successfully calculated


D, [2018-03-31T11:00:44.340986 #13624] DEBUG -- : Scoring new state: {:rating=>32, :state=>{:unknown=>1, :possibly_lighter=>1, :possibly_heavier=>0, :normal=>6}}
D, [2018-03-31T11:00:44.343719 #13624] DEBUG -- : calculating updated score for older state...
D, [2018-03-31T11:00:44.347293 #13624] DEBUG -- : generating weighed rated selections...
D, [2018-03-31T11:00:44.348336 #13624] DEBUG -- : -------> building selection...
D, [2018-03-31T11:00:44.349211 #13624] DEBUG -- : -------> building new state...
D, [2018-03-31T11:00:44.349475 #13624] DEBUG -- : -------> building new state...
D, [2018-03-31T11:00:44.349692 #13624] DEBUG -- : -------> building selection...
D, [2018-03-31T11:00:44.350059 #13624] DEBUG -- : -------> building new state...
D, [2018-03-31T11:00:44.350171 #13624] DEBUG -- : -------> building new state...
D, [2018-03-31T11:00:44.350377 #13624] DEBUG -- : -------> building selection...
D, [2018-03-31T11:00:44.350789 #13624] DEBUG -- : -------> building new state...
D, [2018-03-31T11:00:44.350914 #13624] DEBUG -- : -------> building new state...
D, [2018-03-31T11:00:44.351149 #13624] DEBUG -- : -------> building selection...
D, [2018-03-31T11:00:44.351685 #13624] DEBUG -- : -------> building new state...
D, [2018-03-31T11:00:44.351807 #13624] DEBUG -- : -------> building new state...
D, [2018-03-31T11:00:44.351999 #13624] DEBUG -- : -------> building selection...
D, [2018-03-31T11:00:44.352314 #13624] DEBUG -- : -------> building new state...
D, [2018-03-31T11:00:44.352414 #13624] DEBUG -- : -------> building new state...
D, [2018-03-31T11:00:44.352609 #13624] DEBUG -- : -------> building selection...
D, [2018-03-31T11:00:44.353011 #13624] DEBUG -- : -------> building new state...
D, [2018-03-31T11:00:44.353115 #13624] DEBUG -- : -------> building new state...
D, [2018-03-31T11:00:44.353299 #13624] DEBUG -- : -------> building selection...
D, [2018-03-31T11:00:44.353611 #13624] DEBUG -- : -------> building new state...
D, [2018-03-31T11:00:44.353710 #13624] DEBUG -- : -------> building new state...
D, [2018-03-31T11:00:44.354995 #13624] DEBUG -- : -------> building selection...
D, [2018-03-31T11:00:44.355586 #13624] DEBUG -- : -------> building new state...
D, [2018-03-31T11:00:44.355738 #13624] DEBUG -- : -------> building new state...
D, [2018-03-31T11:00:44.355945 #13624] DEBUG -- : -------> building selection...
D, [2018-03-31T11:00:44.356278 #13624] DEBUG -- : -------> building new state...
D, [2018-03-31T11:00:44.356450 #13624] DEBUG -- : -------> building new state...
D, [2018-03-31T11:00:44.356738 #13624] DEBUG -- : -------> building selection...
D, [2018-03-31T11:00:44.357134 #13624] DEBUG -- : -------> building new state...
D, [2018-03-31T11:00:44.357239 #13624] DEBUG -- : -------> building new state...
D, [2018-03-31T11:00:44.357423 #13624] DEBUG -- : -------> building selection...
D, [2018-03-31T11:00:44.357754 #13624] DEBUG -- : -------> building new state...
D, [2018-03-31T11:00:44.357876 #13624] DEBUG -- : -------> building new state...
D, [2018-03-31T11:00:44.358062 #13624] DEBUG -- : -------> building selection...
D, [2018-03-31T11:00:44.358381 #13624] DEBUG -- : -------> building new state...
D, [2018-03-31T11:00:44.358482 #13624] DEBUG -- : -------> building new state...
D, [2018-03-31T11:00:44.358664 #13624] DEBUG -- : -------> building selection...
D, [2018-03-31T11:00:44.358999 #13624] DEBUG -- : -------> building new state...
D, [2018-03-31T11:00:44.359137 #13624] DEBUG -- : -------> building new state...
D, [2018-03-31T11:00:44.359327 #13624] DEBUG -- : -------> building selection...
D, [2018-03-31T11:00:44.359641 #13624] DEBUG -- : -------> building new state...
D, [2018-03-31T11:00:44.359739 #13624] DEBUG -- : -------> building new state...
D, [2018-03-31T11:00:44.359926 #13624] DEBUG -- : -------> building selection...
D, [2018-03-31T11:00:44.360273 #13624] DEBUG -- : -------> building new state...
D, [2018-03-31T11:00:44.360401 #13624] DEBUG -- : -------> building new state...
D, [2018-03-31T11:00:44.360617 #13624] DEBUG -- : -------> building selection...
D, [2018-03-31T11:00:44.360957 #13624] DEBUG -- : -------> building new state...
D, [2018-03-31T11:00:44.361067 #13624] DEBUG -- : -------> building new state...
D, [2018-03-31T11:00:44.361257 #13624] DEBUG -- : -------> building selection...
D, [2018-03-31T11:00:44.361747 #13624] DEBUG -- : -------> building new state...
D, [2018-03-31T11:00:44.361868 #13624] DEBUG -- : -------> building new state...
D, [2018-03-31T11:00:44.362053 #13624] DEBUG -- : -------> building selection...
D, [2018-03-31T11:00:44.362374 #13624] DEBUG -- : -------> building new state...
D, [2018-03-31T11:00:44.362477 #13624] DEBUG -- : -------> building new state...
D, [2018-03-31T11:00:44.362657 #13624] DEBUG -- : -------> building selection...
D, [2018-03-31T11:00:44.363034 #13624] DEBUG -- : -------> building new state...
D, [2018-03-31T11:00:44.363143 #13624] DEBUG -- : -------> building new state...
D, [2018-03-31T11:00:44.363327 #13624] DEBUG -- : -------> building selection...
D, [2018-03-31T11:00:44.363638 #13624] DEBUG -- : -------> building new state...
D, [2018-03-31T11:00:44.363737 #13624] DEBUG -- : -------> building new state...
D, [2018-03-31T11:00:44.363940 #13624] DEBUG -- : -------> building selection...
D, [2018-03-31T11:00:44.364304 #13624] DEBUG -- : -------> building new state...
D, [2018-03-31T11:00:44.364425 #13624] DEBUG -- : -------> building new state...
D, [2018-03-31T11:00:44.364644 #13624] DEBUG -- : -------> building selection...
D, [2018-03-31T11:00:44.365011 #13624] DEBUG -- : -------> building new state...
D, [2018-03-31T11:00:44.365185 #13624] DEBUG -- : -------> building new state...
D, [2018-03-31T11:00:44.365455 #13624] DEBUG -- : -------> building selection...
D, [2018-03-31T11:00:44.365838 #13624] DEBUG -- : -------> building new state...
D, [2018-03-31T11:00:44.366018 #13624] DEBUG -- : -------> building new state...
D, [2018-03-31T11:00:44.366213 #13624] DEBUG -- : -------> building selection...
D, [2018-03-31T11:00:44.366537 #13624] DEBUG -- : -------> building new state...
D, [2018-03-31T11:00:44.366637 #13624] DEBUG -- : -------> building new state...
D, [2018-03-31T11:00:44.366889 #13624] DEBUG -- : -------> building selection...
D, [2018-03-31T11:00:44.367219 #13624] DEBUG -- : -------> building new state...
D, [2018-03-31T11:00:44.367319 #13624] DEBUG -- : -------> building new state...
D, [2018-03-31T11:00:44.367499 #13624] DEBUG -- : -------> building selection...
D, [2018-03-31T11:00:44.367811 #13624] DEBUG -- : -------> building new state...
D, [2018-03-31T11:00:44.367944 #13624] DEBUG -- : -------> building new state...
D, [2018-03-31T11:00:44.368124 #13624] DEBUG -- : scoring weighed rated selections...
D, [2018-03-31T11:00:44.368186 #13624] DEBUG -- : Saving scored selections...
D, [2018-03-31T11:00:44.374650 #13624] DEBUG -- : State Score successfully calculated


D, [2018-03-31T11:00:44.374717 #13624] DEBUG -- : Scoring new state: {:rating=>37, :state=>{:unknown=>0, :possibly_lighter=>1, :possibly_heavier=>0, :normal=>7}}
D, [2018-03-31T11:00:44.374743 #13624] DEBUG -- : State Score successfully calculated


D, [2018-03-31T11:00:44.374779 #13624] DEBUG -- : Scoring new state: {:rating=>32, :state=>{:unknown=>1, :possibly_lighter=>1, :possibly_heavier=>0, :normal=>6}}
D, [2018-03-31T11:00:44.377532 #13624] DEBUG -- : calculating updated score for older state...
D, [2018-03-31T11:00:44.381064 #13624] DEBUG -- : generating weighed rated selections...
D, [2018-03-31T11:00:44.382099 #13624] DEBUG -- : -------> building selection...
D, [2018-03-31T11:00:44.382985 #13624] DEBUG -- : -------> building new state...
D, [2018-03-31T11:00:44.383291 #13624] DEBUG -- : -------> building new state...
D, [2018-03-31T11:00:44.383573 #13624] DEBUG -- : -------> building selection...
D, [2018-03-31T11:00:44.384062 #13624] DEBUG -- : -------> building new state...
D, [2018-03-31T11:00:44.384174 #13624] DEBUG -- : -------> building new state...
D, [2018-03-31T11:00:44.384362 #13624] DEBUG -- : -------> building selection...
D, [2018-03-31T11:00:44.384698 #13624] DEBUG -- : -------> building new state...
D, [2018-03-31T11:00:44.384816 #13624] DEBUG -- : -------> building new state...
D, [2018-03-31T11:00:44.384998 #13624] DEBUG -- : -------> building selection...
D, [2018-03-31T11:00:44.385388 #13624] DEBUG -- : -------> building new state...
D, [2018-03-31T11:00:44.385494 #13624] DEBUG -- : -------> building new state...
D, [2018-03-31T11:00:44.385674 #13624] DEBUG -- : -------> building selection...
D, [2018-03-31T11:00:44.385981 #13624] DEBUG -- : -------> building new state...
D, [2018-03-31T11:00:44.386144 #13624] DEBUG -- : -------> building new state...
D, [2018-03-31T11:00:44.386340 #13624] DEBUG -- : -------> building selection...
D, [2018-03-31T11:00:44.386649 #13624] DEBUG -- : -------> building new state...
D, [2018-03-31T11:00:44.386748 #13624] DEBUG -- : -------> building new state...
D, [2018-03-31T11:00:44.386944 #13624] DEBUG -- : -------> building selection...
D, [2018-03-31T11:00:44.387335 #13624] DEBUG -- : -------> building new state...
D, [2018-03-31T11:00:44.387437 #13624] DEBUG -- : -------> building new state...
D, [2018-03-31T11:00:44.387643 #13624] DEBUG -- : -------> building selection...
D, [2018-03-31T11:00:44.388018 #13624] DEBUG -- : -------> building new state...
D, [2018-03-31T11:00:44.388148 #13624] DEBUG -- : -------> building new state...
D, [2018-03-31T11:00:44.388424 #13624] DEBUG -- : -------> building selection...
D, [2018-03-31T11:00:44.388747 #13624] DEBUG -- : -------> building new state...
D, [2018-03-31T11:00:44.388849 #13624] DEBUG -- : -------> building new state...
D, [2018-03-31T11:00:44.389028 #13624] DEBUG -- : -------> building selection...
D, [2018-03-31T11:00:44.389344 #13624] DEBUG -- : -------> building new state...
D, [2018-03-31T11:00:44.389479 #13624] DEBUG -- : -------> building new state...
D, [2018-03-31T11:00:44.389668 #13624] DEBUG -- : -------> building selection...
D, [2018-03-31T11:00:44.389984 #13624] DEBUG -- : -------> building new state...
D, [2018-03-31T11:00:44.390085 #13624] DEBUG -- : -------> building new state...
D, [2018-03-31T11:00:44.390263 #13624] DEBUG -- : -------> building selection...
D, [2018-03-31T11:00:44.390618 #13624] DEBUG -- : -------> building new state...
D, [2018-03-31T11:00:44.390736 #13624] DEBUG -- : -------> building new state...
D, [2018-03-31T11:00:44.390941 #13624] DEBUG -- : -------> building selection...
D, [2018-03-31T11:00:44.391255 #13624] DEBUG -- : -------> building new state...
D, [2018-03-31T11:00:44.391355 #13624] DEBUG -- : -------> building new state...
D, [2018-03-31T11:00:44.391537 #13624] DEBUG -- : -------> building selection...
D, [2018-03-31T11:00:44.391893 #13624] DEBUG -- : -------> building new state...
D, [2018-03-31T11:00:44.391994 #13624] DEBUG -- : -------> building new state...
D, [2018-03-31T11:00:44.392173 #13624] DEBUG -- : -------> building selection...
D, [2018-03-31T11:00:44.392489 #13624] DEBUG -- : -------> building new state...
D, [2018-03-31T11:00:44.392591 #13624] DEBUG -- : -------> building new state...
D, [2018-03-31T11:00:44.392771 #13624] DEBUG -- : -------> building selection...
D, [2018-03-31T11:00:44.393119 #13624] DEBUG -- : -------> building new state...
D, [2018-03-31T11:00:44.393220 #13624] DEBUG -- : -------> building new state...
D, [2018-03-31T11:00:44.393414 #13624] DEBUG -- : -------> building selection...
D, [2018-03-31T11:00:44.393723 #13624] DEBUG -- : -------> building new state...
D, [2018-03-31T11:00:44.393826 #13624] DEBUG -- : -------> building new state...
D, [2018-03-31T11:00:44.394055 #13624] DEBUG -- : -------> building selection...
D, [2018-03-31T11:00:44.394365 #13624] DEBUG -- : -------> building new state...
D, [2018-03-31T11:00:44.394464 #13624] DEBUG -- : -------> building new state...
D, [2018-03-31T11:00:44.394647 #13624] DEBUG -- : -------> building selection...
D, [2018-03-31T11:00:44.394990 #13624] DEBUG -- : -------> building new state...
D, [2018-03-31T11:00:44.395129 #13624] DEBUG -- : -------> building new state...
D, [2018-03-31T11:00:44.395324 #13624] DEBUG -- : -------> building selection...
D, [2018-03-31T11:00:44.395637 #13624] DEBUG -- : -------> building new state...
D, [2018-03-31T11:00:44.395736 #13624] DEBUG -- : -------> building new state...
D, [2018-03-31T11:00:44.395915 #13624] DEBUG -- : -------> building selection...
D, [2018-03-31T11:00:44.396228 #13624] DEBUG -- : -------> building new state...
D, [2018-03-31T11:00:44.396365 #13624] DEBUG -- : -------> building new state...
D, [2018-03-31T11:00:44.396551 #13624] DEBUG -- : -------> building selection...
D, [2018-03-31T11:00:44.396876 #13624] DEBUG -- : -------> building new state...
D, [2018-03-31T11:00:44.397005 #13624] DEBUG -- : -------> building new state...
D, [2018-03-31T11:00:44.397279 #13624] DEBUG -- : -------> building selection...
D, [2018-03-31T11:00:44.397655 #13624] DEBUG -- : -------> building new state...
D, [2018-03-31T11:00:44.397784 #13624] DEBUG -- : -------> building new state...
D, [2018-03-31T11:00:44.398104 #13624] DEBUG -- : -------> building selection...
D, [2018-03-31T11:00:44.398467 #13624] DEBUG -- : -------> building new state...
D, [2018-03-31T11:00:44.398574 #13624] DEBUG -- : -------> building new state...
D, [2018-03-31T11:00:44.398758 #13624] DEBUG -- : -------> building selection...
D, [2018-03-31T11:00:44.399150 #13624] DEBUG -- : -------> building new state...
D, [2018-03-31T11:00:44.399258 #13624] DEBUG -- : -------> building new state...
D, [2018-03-31T11:00:44.399441 #13624] DEBUG -- : -------> building selection...
D, [2018-03-31T11:00:44.399787 #13624] DEBUG -- : -------> building new state...
D, [2018-03-31T11:00:44.399889 #13624] DEBUG -- : -------> building new state...
D, [2018-03-31T11:00:44.400115 #13624] DEBUG -- : scoring weighed rated selections...
D, [2018-03-31T11:00:44.400179 #13624] DEBUG -- : Saving scored selections...
D, [2018-03-31T11:00:44.406520 #13624] DEBUG -- : State Score successfully calculated


D, [2018-03-31T11:00:44.406590 #13624] DEBUG -- : Scoring new state: {:rating=>37, :state=>{:unknown=>0, :possibly_lighter=>1, :possibly_heavier=>0, :normal=>7}}
D, [2018-03-31T11:00:44.406615 #13624] DEBUG -- : State Score successfully calculated


D, [2018-03-31T11:00:44.406651 #13624] DEBUG -- : Scoring new state: {:rating=>31, :state=>{:unknown=>0, :possibly_lighter=>2, :possibly_heavier=>1, :normal=>5}}
D, [2018-03-31T11:00:44.409382 #13624] DEBUG -- : calculating updated score for older state...
D, [2018-03-31T11:00:44.412815 #13624] DEBUG -- : generating weighed rated selections...
D, [2018-03-31T11:00:44.607118 #13624] DEBUG -- : scoring weighed rated selections...
D, [2018-03-31T11:00:44.607277 #13624] DEBUG -- : Saving scored selections...
D, [2018-03-31T11:00:44.615998 #13624] DEBUG -- : State Score successfully calculated


D, [2018-03-31T11:00:44.616090 #13624] DEBUG -- : Scoring new state: {:rating=>37, :state=>{:unknown=>0, :possibly_lighter=>1, :possibly_heavier=>0, :normal=>7}}
D, [2018-03-31T11:00:44.616117 #13624] DEBUG -- : State Score successfully calculated


D, [2018-03-31T11:00:44.616177 #13624] DEBUG -- : Scoring new state: {:rating=>31, :state=>{:unknown=>0, :possibly_lighter=>2, :possibly_heavier=>1, :normal=>5}}
D, [2018-03-31T11:00:44.618723 #13624] DEBUG -- : calculating updated score for older state...
D, [2018-03-31T11:00:44.622178 #13624] DEBUG -- : generating weighed rated selections...
D, [2018-03-31T11:00:44.623321 #13624] DEBUG -- : -------> building selection...
D, [2018-03-31T11:00:44.624182 #13624] DEBUG -- : -------> building new state...
D, [2018-03-31T11:00:44.624527 #13624] DEBUG -- : -------> building new state...
D, [2018-03-31T11:00:44.624755 #13624] DEBUG -- : -------> building selection...
D, [2018-03-31T11:00:44.625133 #13624] DEBUG -- : -------> building new state...
D, [2018-03-31T11:00:44.625239 #13624] DEBUG -- : -------> building new state...
D, [2018-03-31T11:00:44.625428 #13624] DEBUG -- : -------> building selection...
D, [2018-03-31T11:00:44.625749 #13624] DEBUG -- : -------> building new state...
D, [2018-03-31T11:00:44.625875 #13624] DEBUG -- : -------> building new state...
D, [2018-03-31T11:00:44.626067 #13624] DEBUG -- : -------> building selection...
D, [2018-03-31T11:00:44.626383 #13624] DEBUG -- : -------> building new state...
D, [2018-03-31T11:00:44.626500 #13624] DEBUG -- : -------> building new state...
D, [2018-03-31T11:00:44.626759 #13624] DEBUG -- : -------> building selection...
D, [2018-03-31T11:00:44.627108 #13624] DEBUG -- : -------> building new state...
D, [2018-03-31T11:00:44.627243 #13624] DEBUG -- : -------> building new state...
D, [2018-03-31T11:00:44.627449 #13624] DEBUG -- : -------> building selection...
D, [2018-03-31T11:00:44.627783 #13624] DEBUG -- : -------> building new state...
D, [2018-03-31T11:00:44.627908 #13624] DEBUG -- : -------> building new state...
D, [2018-03-31T11:00:44.628123 #13624] DEBUG -- : -------> building selection...
D, [2018-03-31T11:00:44.628458 #13624] DEBUG -- : -------> building new state...
D, [2018-03-31T11:00:44.628569 #13624] DEBUG -- : -------> building new state...
D, [2018-03-31T11:00:44.628780 #13624] DEBUG -- : -------> building selection...
D, [2018-03-31T11:00:44.629137 #13624] DEBUG -- : -------> building new state...
D, [2018-03-31T11:00:44.629261 #13624] DEBUG -- : -------> building new state...
D, [2018-03-31T11:00:44.629514 #13624] DEBUG -- : -------> building selection...
D, [2018-03-31T11:00:44.629907 #13624] DEBUG -- : -------> building new state...
D, [2018-03-31T11:00:44.630131 #13624] DEBUG -- : -------> building new state...
D, [2018-03-31T11:00:44.630443 #13624] DEBUG -- : -------> building selection...
D, [2018-03-31T11:00:44.630815 #13624] DEBUG -- : -------> building new state...
D, [2018-03-31T11:00:44.630928 #13624] DEBUG -- : -------> building new state...
D, [2018-03-31T11:00:44.631149 #13624] DEBUG -- : -------> building selection...
D, [2018-03-31T11:00:44.631475 #13624] DEBUG -- : -------> building new state...
D, [2018-03-31T11:00:44.631598 #13624] DEBUG -- : -------> building new state...
D, [2018-03-31T11:00:44.631787 #13624] DEBUG -- : -------> building selection...
D, [2018-03-31T11:00:44.632108 #13624] DEBUG -- : -------> building new state...
D, [2018-03-31T11:00:44.634227 #13624] DEBUG -- : -------> building new state...
D, [2018-03-31T11:00:44.634547 #13624] DEBUG -- : -------> building selection...
D, [2018-03-31T11:00:44.634940 #13624] DEBUG -- : -------> building new state...
D, [2018-03-31T11:00:44.635047 #13624] DEBUG -- : -------> building new state...
D, [2018-03-31T11:00:44.635239 #13624] DEBUG -- : -------> building selection...
D, [2018-03-31T11:00:44.635580 #13624] DEBUG -- : -------> building new state...
D, [2018-03-31T11:00:44.635702 #13624] DEBUG -- : -------> building new state...
D, [2018-03-31T11:00:44.635891 #13624] DEBUG -- : -------> building selection...
D, [2018-03-31T11:00:44.636213 #13624] DEBUG -- : -------> building new state...
D, [2018-03-31T11:00:44.636326 #13624] DEBUG -- : -------> building new state...
D, [2018-03-31T11:00:44.636518 #13624] DEBUG -- : -------> building selection...
D, [2018-03-31T11:00:44.636887 #13624] DEBUG -- : -------> building new state...
D, [2018-03-31T11:00:44.637085 #13624] DEBUG -- : -------> building new state...
D, [2018-03-31T11:00:44.637318 #13624] DEBUG -- : -------> building selection...
D, [2018-03-31T11:00:44.637680 #13624] DEBUG -- : -------> building new state...
D, [2018-03-31T11:00:44.637796 #13624] DEBUG -- : -------> building new state...
D, [2018-03-31T11:00:44.637984 #13624] DEBUG -- : -------> building selection...
D, [2018-03-31T11:00:44.638334 #13624] DEBUG -- : -------> building new state...
D, [2018-03-31T11:00:44.638433 #13624] DEBUG -- : -------> building new state...
D, [2018-03-31T11:00:44.638636 #13624] DEBUG -- : -------> building selection...
D, [2018-03-31T11:00:44.638975 #13624] DEBUG -- : -------> building new state...
D, [2018-03-31T11:00:44.639095 #13624] DEBUG -- : -------> building new state...
D, [2018-03-31T11:00:44.639283 #13624] DEBUG -- : -------> building selection...
D, [2018-03-31T11:00:44.639617 #13624] DEBUG -- : -------> building new state...
D, [2018-03-31T11:00:44.639716 #13624] DEBUG -- : -------> building new state...
D, [2018-03-31T11:00:44.639913 #13624] DEBUG -- : -------> building selection...
D, [2018-03-31T11:00:44.640280 #13624] DEBUG -- : -------> building new state...
D, [2018-03-31T11:00:44.640436 #13624] DEBUG -- : -------> building new state...
D, [2018-03-31T11:00:44.640661 #13624] DEBUG -- : -------> building selection...
D, [2018-03-31T11:00:44.641081 #13624] DEBUG -- : -------> building new state...
D, [2018-03-31T11:00:44.641187 #13624] DEBUG -- : -------> building new state...
D, [2018-03-31T11:00:44.641389 #13624] DEBUG -- : -------> building selection...
D, [2018-03-31T11:00:44.641733 #13624] DEBUG -- : -------> building new state...
D, [2018-03-31T11:00:44.641837 #13624] DEBUG -- : -------> building new state...
D, [2018-03-31T11:00:44.642046 #13624] DEBUG -- : -------> building selection...
D, [2018-03-31T11:00:44.642369 #13624] DEBUG -- : -------> building new state...
D, [2018-03-31T11:00:44.642487 #13624] DEBUG -- : -------> building new state...
D, [2018-03-31T11:00:44.642672 #13624] DEBUG -- : -------> building selection...
D, [2018-03-31T11:00:44.643020 #13624] DEBUG -- : -------> building new state...
D, [2018-03-31T11:00:44.643121 #13624] DEBUG -- : -------> building new state...
D, [2018-03-31T11:00:44.643336 #13624] DEBUG -- : -------> building selection...
D, [2018-03-31T11:00:44.643652 #13624] DEBUG -- : -------> building new state...
D, [2018-03-31T11:00:44.643750 #13624] DEBUG -- : -------> building new state...
D, [2018-03-31T11:00:44.643968 #13624] DEBUG -- : -------> building selection...
D, [2018-03-31T11:00:44.644290 #13624] DEBUG -- : -------> building new state...
D, [2018-03-31T11:00:44.644403 #13624] DEBUG -- : -------> building new state...
D, [2018-03-31T11:00:44.644595 #13624] DEBUG -- : -------> building selection...
D, [2018-03-31T11:00:44.644940 #13624] DEBUG -- : -------> building new state...
D, [2018-03-31T11:00:44.645039 #13624] DEBUG -- : -------> building new state...
D, [2018-03-31T11:00:44.645223 #13624] DEBUG -- : -------> building selection...
D, [2018-03-31T11:00:44.645572 #13624] DEBUG -- : -------> building new state...
D, [2018-03-31T11:00:44.645674 #13624] DEBUG -- : -------> building new state...
D, [2018-03-31T11:00:44.645859 #13624] DEBUG -- : -------> building selection...
D, [2018-03-31T11:00:44.646246 #13624] DEBUG -- : -------> building new state...
D, [2018-03-31T11:00:44.646443 #13624] DEBUG -- : -------> building new state...
D, [2018-03-31T11:00:44.646664 #13624] DEBUG -- : -------> building selection...
D, [2018-03-31T11:00:44.647097 #13624] DEBUG -- : -------> building new state...
D, [2018-03-31T11:00:44.647289 #13624] DEBUG -- : -------> building new state...
D, [2018-03-31T11:00:44.647493 #13624] DEBUG -- : -------> building selection...
D, [2018-03-31T11:00:44.647865 #13624] DEBUG -- : -------> building new state...
D, [2018-03-31T11:00:44.647965 #13624] DEBUG -- : -------> building new state...
D, [2018-03-31T11:00:44.648190 #13624] DEBUG -- : -------> building selection...
D, [2018-03-31T11:00:44.648514 #13624] DEBUG -- : -------> building new state...
D, [2018-03-31T11:00:44.648614 #13624] DEBUG -- : -------> building new state...
D, [2018-03-31T11:00:44.648801 #13624] DEBUG -- : -------> building selection...
D, [2018-03-31T11:00:44.649123 #13624] DEBUG -- : -------> building new state...
D, [2018-03-31T11:00:44.649237 #13624] DEBUG -- : -------> building new state...
D, [2018-03-31T11:00:44.649427 #13624] DEBUG -- : -------> building selection...
D, [2018-03-31T11:00:44.649773 #13624] DEBUG -- : -------> building new state...
D, [2018-03-31T11:00:44.649872 #13624] DEBUG -- : -------> building new state...
D, [2018-03-31T11:00:44.650057 #13624] DEBUG -- : -------> building selection...
D, [2018-03-31T11:00:44.650419 #13624] DEBUG -- : -------> building new state...
D, [2018-03-31T11:00:44.650520 #13624] DEBUG -- : -------> building new state...
D, [2018-03-31T11:00:44.650705 #13624] DEBUG -- : -------> building selection...
D, [2018-03-31T11:00:44.651053 #13624] DEBUG -- : -------> building new state...
D, [2018-03-31T11:00:44.651159 #13624] DEBUG -- : -------> building new state...
D, [2018-03-31T11:00:44.651368 #13624] DEBUG -- : -------> building selection...
D, [2018-03-31T11:00:44.651711 #13624] DEBUG -- : -------> building new state...
D, [2018-03-31T11:00:44.651843 #13624] DEBUG -- : -------> building new state...
D, [2018-03-31T11:00:44.652103 #13624] DEBUG -- : -------> building selection...
D, [2018-03-31T11:00:44.652516 #13624] DEBUG -- : -------> building new state...
D, [2018-03-31T11:00:44.652667 #13624] DEBUG -- : -------> building new state...
D, [2018-03-31T11:00:44.652953 #13624] DEBUG -- : scoring weighed rated selections...
D, [2018-03-31T11:00:44.653032 #13624] DEBUG -- : Saving scored selections...
D, [2018-03-31T11:00:44.660519 #13624] DEBUG -- : State Score successfully calculated


D, [2018-03-31T11:00:44.660633 #13624] DEBUG -- : Scoring new state: {:rating=>37, :state=>{:unknown=>0, :possibly_lighter=>1, :possibly_heavier=>0, :normal=>7}}
D, [2018-03-31T11:00:44.660658 #13624] DEBUG -- : State Score successfully calculated


D, [2018-03-31T11:00:44.660693 #13624] DEBUG -- : Scoring new state: {:rating=>37, :state=>{:unknown=>0, :possibly_lighter=>0, :possibly_heavier=>1, :normal=>7}}
D, [2018-03-31T11:00:44.660715 #13624] DEBUG -- : State Score successfully calculated


D, [2018-03-31T11:00:44.660740 #13624] DEBUG -- : Scoring new state: {:rating=>31, :state=>{:unknown=>0, :possibly_lighter=>3, :possibly_heavier=>0, :normal=>5}}
D, [2018-03-31T11:00:44.663523 #13624] DEBUG -- : calculating updated score for older state...
D, [2018-03-31T11:00:44.667203 #13624] DEBUG -- : generating weighed rated selections...
D, [2018-03-31T11:00:44.761353 #13624] DEBUG -- : scoring weighed rated selections...
D, [2018-03-31T11:00:44.761488 #13624] DEBUG -- : Saving scored selections...
D, [2018-03-31T11:00:44.765625 #13624] DEBUG -- : State Score successfully calculated


D, [2018-03-31T11:00:44.765728 #13624] DEBUG -- : Scoring new state: {:rating=>31, :state=>{:unknown=>0, :possibly_lighter=>2, :possibly_heavier=>1, :normal=>5}}
D, [2018-03-31T11:00:44.768291 #13624] DEBUG -- : calculating updated score for older state...
D, [2018-03-31T11:00:44.771769 #13624] DEBUG -- : generating weighed rated selections...
D, [2018-03-31T11:00:44.772875 #13624] DEBUG -- : -------> building selection...
D, [2018-03-31T11:00:44.773732 #13624] DEBUG -- : -------> building new state...
D, [2018-03-31T11:00:44.774003 #13624] DEBUG -- : -------> building new state...
D, [2018-03-31T11:00:44.774297 #13624] DEBUG -- : -------> building selection...
D, [2018-03-31T11:00:44.774760 #13624] DEBUG -- : -------> building new state...
D, [2018-03-31T11:00:44.774925 #13624] DEBUG -- : -------> building new state...
D, [2018-03-31T11:00:44.775128 #13624] DEBUG -- : -------> building selection...
D, [2018-03-31T11:00:44.775466 #13624] DEBUG -- : -------> building new state...
D, [2018-03-31T11:00:44.775571 #13624] DEBUG -- : -------> building new state...
D, [2018-03-31T11:00:44.775762 #13624] DEBUG -- : -------> building selection...
D, [2018-03-31T11:00:44.776138 #13624] DEBUG -- : -------> building new state...
D, [2018-03-31T11:00:44.776247 #13624] DEBUG -- : -------> building new state...
D, [2018-03-31T11:00:44.776436 #13624] DEBUG -- : -------> building selection...
D, [2018-03-31T11:00:44.776784 #13624] DEBUG -- : -------> building new state...
D, [2018-03-31T11:00:44.776904 #13624] DEBUG -- : -------> building new state...
D, [2018-03-31T11:00:44.777096 #13624] DEBUG -- : -------> building selection...
D, [2018-03-31T11:00:44.777470 #13624] DEBUG -- : -------> building new state...
D, [2018-03-31T11:00:44.777579 #13624] DEBUG -- : -------> building new state...
D, [2018-03-31T11:00:44.777771 #13624] DEBUG -- : -------> building selection...
D, [2018-03-31T11:00:44.778095 #13624] DEBUG -- : -------> building new state...
D, [2018-03-31T11:00:44.778197 #13624] DEBUG -- : -------> building new state...
D, [2018-03-31T11:00:44.778403 #13624] DEBUG -- : -------> building selection...
D, [2018-03-31T11:00:44.778775 #13624] DEBUG -- : -------> building new state...
D, [2018-03-31T11:00:44.778884 #13624] DEBUG -- : -------> building new state...
D, [2018-03-31T11:00:44.779081 #13624] DEBUG -- : -------> building selection...
D, [2018-03-31T11:00:44.779411 #13624] DEBUG -- : -------> building new state...
D, [2018-03-31T11:00:44.779512 #13624] DEBUG -- : -------> building new state...
D, [2018-03-31T11:00:44.779740 #13624] DEBUG -- : -------> building selection...
D, [2018-03-31T11:00:44.780072 #13624] DEBUG -- : -------> building new state...
D, [2018-03-31T11:00:44.780173 #13624] DEBUG -- : -------> building new state...
D, [2018-03-31T11:00:44.780363 #13624] DEBUG -- : -------> building selection...
D, [2018-03-31T11:00:44.780683 #13624] DEBUG -- : -------> building new state...
D, [2018-03-31T11:00:44.780784 #13624] DEBUG -- : -------> building new state...
D, [2018-03-31T11:00:44.781011 #13624] DEBUG -- : -------> building selection...
D, [2018-03-31T11:00:44.781336 #13624] DEBUG -- : -------> building new state...
D, [2018-03-31T11:00:44.781438 #13624] DEBUG -- : -------> building new state...
D, [2018-03-31T11:00:44.781627 #13624] DEBUG -- : -------> building selection...
D, [2018-03-31T11:00:44.781947 #13624] DEBUG -- : -------> building new state...
D, [2018-03-31T11:00:44.782085 #13624] DEBUG -- : -------> building new state...
D, [2018-03-31T11:00:44.782281 #13624] DEBUG -- : -------> building selection...
D, [2018-03-31T11:00:44.782603 #13624] DEBUG -- : -------> building new state...
D, [2018-03-31T11:00:44.782704 #13624] DEBUG -- : -------> building new state...
D, [2018-03-31T11:00:44.782911 #13624] DEBUG -- : -------> building selection...
D, [2018-03-31T11:00:44.783240 #13624] DEBUG -- : -------> building new state...
D, [2018-03-31T11:00:44.783393 #13624] DEBUG -- : -------> building new state...
D, [2018-03-31T11:00:44.783601 #13624] DEBUG -- : -------> building selection...
D, [2018-03-31T11:00:44.783925 #13624] DEBUG -- : -------> building new state...
D, [2018-03-31T11:00:44.784024 #13624] DEBUG -- : -------> building new state...
D, [2018-03-31T11:00:44.784212 #13624] DEBUG -- : -------> building selection...
D, [2018-03-31T11:00:44.784582 #13624] DEBUG -- : -------> building new state...
D, [2018-03-31T11:00:44.784688 #13624] DEBUG -- : -------> building new state...
D, [2018-03-31T11:00:44.784885 #13624] DEBUG -- : -------> building selection...
D, [2018-03-31T11:00:44.785211 #13624] DEBUG -- : -------> building new state...
D, [2018-03-31T11:00:44.785312 #13624] DEBUG -- : -------> building new state...
D, [2018-03-31T11:00:44.785532 #13624] DEBUG -- : -------> building selection...
D, [2018-03-31T11:00:44.785873 #13624] DEBUG -- : -------> building new state...
D, [2018-03-31T11:00:44.786065 #13624] DEBUG -- : -------> building new state...
D, [2018-03-31T11:00:44.786279 #13624] DEBUG -- : -------> building selection...
D, [2018-03-31T11:00:44.786626 #13624] DEBUG -- : -------> building new state...
D, [2018-03-31T11:00:44.786823 #13624] DEBUG -- : -------> building new state...
D, [2018-03-31T11:00:44.787055 #13624] DEBUG -- : -------> building selection...
D, [2018-03-31T11:00:44.787407 #13624] DEBUG -- : -------> building new state...
D, [2018-03-31T11:00:44.787521 #13624] DEBUG -- : -------> building new state...
D, [2018-03-31T11:00:44.787725 #13624] DEBUG -- : -------> building selection...
D, [2018-03-31T11:00:44.788149 #13624] DEBUG -- : -------> building new state...
D, [2018-03-31T11:00:44.788264 #13624] DEBUG -- : -------> building new state...
D, [2018-03-31T11:00:44.788466 #13624] DEBUG -- : -------> building selection...
D, [2018-03-31T11:00:44.788805 #13624] DEBUG -- : -------> building new state...
D, [2018-03-31T11:00:44.788914 #13624] DEBUG -- : -------> building new state...
D, [2018-03-31T11:00:44.789117 #13624] DEBUG -- : -------> building selection...
D, [2018-03-31T11:00:44.789503 #13624] DEBUG -- : -------> building new state...
D, [2018-03-31T11:00:44.789616 #13624] DEBUG -- : -------> building new state...
D, [2018-03-31T11:00:44.789813 #13624] DEBUG -- : -------> building selection...
D, [2018-03-31T11:00:44.790158 #13624] DEBUG -- : -------> building new state...
D, [2018-03-31T11:00:44.790269 #13624] DEBUG -- : -------> building new state...
D, [2018-03-31T11:00:44.790506 #13624] DEBUG -- : -------> building selection...
D, [2018-03-31T11:00:44.790854 #13624] DEBUG -- : -------> building new state...
D, [2018-03-31T11:00:44.790970 #13624] DEBUG -- : -------> building new state...
D, [2018-03-31T11:00:44.791172 #13624] DEBUG -- : -------> building selection...
D, [2018-03-31T11:00:44.791505 #13624] DEBUG -- : -------> building new state...
D, [2018-03-31T11:00:44.791644 #13624] DEBUG -- : -------> building new state...
D, [2018-03-31T11:00:44.791877 #13624] DEBUG -- : -------> building selection...
D, [2018-03-31T11:00:44.792207 #13624] DEBUG -- : -------> building new state...
D, [2018-03-31T11:00:44.792305 #13624] DEBUG -- : -------> building new state...
D, [2018-03-31T11:00:44.792498 #13624] DEBUG -- : -------> building selection...
D, [2018-03-31T11:00:44.792829 #13624] DEBUG -- : -------> building new state...
D, [2018-03-31T11:00:44.792960 #13624] DEBUG -- : -------> building new state...
D, [2018-03-31T11:00:44.793171 #13624] DEBUG -- : -------> building selection...
D, [2018-03-31T11:00:44.793500 #13624] DEBUG -- : -------> building new state...
D, [2018-03-31T11:00:44.793602 #13624] DEBUG -- : -------> building new state...
D, [2018-03-31T11:00:44.793789 #13624] DEBUG -- : -------> building selection...
D, [2018-03-31T11:00:44.794170 #13624] DEBUG -- : -------> building new state...
D, [2018-03-31T11:00:44.794274 #13624] DEBUG -- : -------> building new state...
D, [2018-03-31T11:00:44.794463 #13624] DEBUG -- : -------> building selection...
D, [2018-03-31T11:00:44.794847 #13624] DEBUG -- : -------> building new state...
D, [2018-03-31T11:00:44.795085 #13624] DEBUG -- : -------> building new state...
D, [2018-03-31T11:00:44.795302 #13624] DEBUG -- : -------> building selection...
D, [2018-03-31T11:00:44.795692 #13624] DEBUG -- : -------> building new state...
D, [2018-03-31T11:00:44.795796 #13624] DEBUG -- : -------> building new state...
D, [2018-03-31T11:00:44.795989 #13624] DEBUG -- : -------> building selection...
D, [2018-03-31T11:00:44.796338 #13624] DEBUG -- : -------> building new state...
D, [2018-03-31T11:00:44.796443 #13624] DEBUG -- : -------> building new state...
D, [2018-03-31T11:00:44.796692 #13624] DEBUG -- : -------> building selection...
D, [2018-03-31T11:00:44.797025 #13624] DEBUG -- : -------> building new state...
D, [2018-03-31T11:00:44.797141 #13624] DEBUG -- : -------> building new state...
D, [2018-03-31T11:00:44.797335 #13624] DEBUG -- : -------> building selection...
D, [2018-03-31T11:00:44.797657 #13624] DEBUG -- : -------> building new state...
D, [2018-03-31T11:00:44.797758 #13624] DEBUG -- : -------> building new state...
D, [2018-03-31T11:00:44.797994 #13624] DEBUG -- : -------> building selection...
D, [2018-03-31T11:00:44.798319 #13624] DEBUG -- : -------> building new state...
D, [2018-03-31T11:00:44.798418 #13624] DEBUG -- : -------> building new state...
D, [2018-03-31T11:00:44.798611 #13624] DEBUG -- : -------> building selection...
D, [2018-03-31T11:00:44.798959 #13624] DEBUG -- : -------> building new state...
D, [2018-03-31T11:00:44.799095 #13624] DEBUG -- : -------> building new state...
D, [2018-03-31T11:00:44.799292 #13624] DEBUG -- : -------> building selection...
D, [2018-03-31T11:00:44.799622 #13624] DEBUG -- : -------> building new state...
D, [2018-03-31T11:00:44.799723 #13624] DEBUG -- : -------> building new state...
D, [2018-03-31T11:00:44.799913 #13624] DEBUG -- : scoring weighed rated selections...
D, [2018-03-31T11:00:44.799989 #13624] DEBUG -- : Saving scored selections...
D, [2018-03-31T11:00:44.807412 #13624] DEBUG -- : State Score successfully calculated


D, [2018-03-31T11:00:44.807484 #13624] DEBUG -- : Scoring new state: {:rating=>37, :state=>{:unknown=>0, :possibly_lighter=>1, :possibly_heavier=>0, :normal=>7}}
D, [2018-03-31T11:00:44.807509 #13624] DEBUG -- : State Score successfully calculated


D, [2018-03-31T11:00:44.807544 #13624] DEBUG -- : Scoring new state: {:rating=>31, :state=>{:unknown=>0, :possibly_lighter=>2, :possibly_heavier=>1, :normal=>5}}
D, [2018-03-31T11:00:44.810223 #13624] DEBUG -- : calculating updated score for older state...
D, [2018-03-31T11:00:44.813676 #13624] DEBUG -- : generating weighed rated selections...
D, [2018-03-31T11:00:44.814773 #13624] DEBUG -- : -------> building selection...
D, [2018-03-31T11:00:44.815629 #13624] DEBUG -- : -------> building new state...
D, [2018-03-31T11:00:44.815965 #13624] DEBUG -- : -------> building new state...
D, [2018-03-31T11:00:44.816220 #13624] DEBUG -- : -------> building selection...
D, [2018-03-31T11:00:44.816566 #13624] DEBUG -- : -------> building new state...
D, [2018-03-31T11:00:44.816673 #13624] DEBUG -- : -------> building new state...
D, [2018-03-31T11:00:44.816930 #13624] DEBUG -- : -------> building selection...
D, [2018-03-31T11:00:44.817260 #13624] DEBUG -- : -------> building new state...
D, [2018-03-31T11:00:44.817365 #13624] DEBUG -- : -------> building new state...
D, [2018-03-31T11:00:44.817554 #13624] DEBUG -- : -------> building selection...
D, [2018-03-31T11:00:44.817963 #13624] DEBUG -- : -------> building new state...
D, [2018-03-31T11:00:44.818177 #13624] DEBUG -- : -------> building new state...
D, [2018-03-31T11:00:44.818388 #13624] DEBUG -- : -------> building selection...
D, [2018-03-31T11:00:44.818746 #13624] DEBUG -- : -------> building new state...
D, [2018-03-31T11:00:44.818865 #13624] DEBUG -- : -------> building new state...
D, [2018-03-31T11:00:44.819063 #13624] DEBUG -- : -------> building selection...
D, [2018-03-31T11:00:44.819439 #13624] DEBUG -- : -------> building new state...
D, [2018-03-31T11:00:44.819546 #13624] DEBUG -- : -------> building new state...
D, [2018-03-31T11:00:44.819733 #13624] DEBUG -- : -------> building selection...
D, [2018-03-31T11:00:44.820055 #13624] DEBUG -- : -------> building new state...
D, [2018-03-31T11:00:44.820160 #13624] DEBUG -- : -------> building new state...
D, [2018-03-31T11:00:44.820355 #13624] DEBUG -- : -------> building selection...
D, [2018-03-31T11:00:44.822354 #13624] DEBUG -- : -------> building new state...
D, [2018-03-31T11:00:44.822483 #13624] DEBUG -- : -------> building new state...
D, [2018-03-31T11:00:44.822696 #13624] DEBUG -- : -------> building selection...
D, [2018-03-31T11:00:44.823056 #13624] DEBUG -- : -------> building new state...
D, [2018-03-31T11:00:44.823160 #13624] DEBUG -- : -------> building new state...
D, [2018-03-31T11:00:44.823420 #13624] DEBUG -- : -------> building selection...
D, [2018-03-31T11:00:44.823751 #13624] DEBUG -- : -------> building new state...
D, [2018-03-31T11:00:44.823850 #13624] DEBUG -- : -------> building new state...
D, [2018-03-31T11:00:44.824037 #13624] DEBUG -- : -------> building selection...
D, [2018-03-31T11:00:44.824373 #13624] DEBUG -- : -------> building new state...
D, [2018-03-31T11:00:44.824539 #13624] DEBUG -- : -------> building new state...
D, [2018-03-31T11:00:44.824730 #13624] DEBUG -- : -------> building selection...
D, [2018-03-31T11:00:44.825058 #13624] DEBUG -- : -------> building new state...
D, [2018-03-31T11:00:44.825160 #13624] DEBUG -- : -------> building new state...
D, [2018-03-31T11:00:44.825350 #13624] DEBUG -- : -------> building selection...
D, [2018-03-31T11:00:44.825693 #13624] DEBUG -- : -------> building new state...
D, [2018-03-31T11:00:44.825797 #13624] DEBUG -- : -------> building new state...
D, [2018-03-31T11:00:44.825984 #13624] DEBUG -- : -------> building selection...
D, [2018-03-31T11:00:44.826309 #13624] DEBUG -- : -------> building new state...
D, [2018-03-31T11:00:44.826413 #13624] DEBUG -- : -------> building new state...
D, [2018-03-31T11:00:44.826602 #13624] DEBUG -- : -------> building selection...
D, [2018-03-31T11:00:44.826975 #13624] DEBUG -- : -------> building new state...
D, [2018-03-31T11:00:44.827152 #13624] DEBUG -- : -------> building new state...
D, [2018-03-31T11:00:44.827371 #13624] DEBUG -- : -------> building selection...
D, [2018-03-31T11:00:44.827695 #13624] DEBUG -- : -------> building new state...
D, [2018-03-31T11:00:44.827799 #13624] DEBUG -- : -------> building new state...
D, [2018-03-31T11:00:44.828020 #13624] DEBUG -- : -------> building selection...
D, [2018-03-31T11:00:44.828347 #13624] DEBUG -- : -------> building new state...
D, [2018-03-31T11:00:44.828448 #13624] DEBUG -- : -------> building new state...
D, [2018-03-31T11:00:44.828639 #13624] DEBUG -- : -------> building selection...
D, [2018-03-31T11:00:44.828964 #13624] DEBUG -- : -------> building new state...
D, [2018-03-31T11:00:44.829063 #13624] DEBUG -- : -------> building new state...
D, [2018-03-31T11:00:44.829294 #13624] DEBUG -- : -------> building selection...
D, [2018-03-31T11:00:44.829623 #13624] DEBUG -- : -------> building new state...
D, [2018-03-31T11:00:44.829723 #13624] DEBUG -- : -------> building new state...
D, [2018-03-31T11:00:44.829910 #13624] DEBUG -- : -------> building selection...
D, [2018-03-31T11:00:44.830254 #13624] DEBUG -- : -------> building new state...
D, [2018-03-31T11:00:44.830389 #13624] DEBUG -- : -------> building new state...
D, [2018-03-31T11:00:44.830633 #13624] DEBUG -- : -------> building selection...
D, [2018-03-31T11:00:44.831013 #13624] DEBUG -- : -------> building new state...
D, [2018-03-31T11:00:44.831121 #13624] DEBUG -- : -------> building new state...
D, [2018-03-31T11:00:44.831312 #13624] DEBUG -- : -------> building selection...
D, [2018-03-31T11:00:44.831679 #13624] DEBUG -- : -------> building new state...
D, [2018-03-31T11:00:44.831780 #13624] DEBUG -- : -------> building new state...
D, [2018-03-31T11:00:44.831969 #13624] DEBUG -- : -------> building selection...
D, [2018-03-31T11:00:44.832296 #13624] DEBUG -- : -------> building new state...
D, [2018-03-31T11:00:44.832396 #13624] DEBUG -- : -------> building new state...
D, [2018-03-31T11:00:44.832583 #13624] DEBUG -- : -------> building selection...
D, [2018-03-31T11:00:44.832949 #13624] DEBUG -- : -------> building new state...
D, [2018-03-31T11:00:44.833055 #13624] DEBUG -- : -------> building new state...
D, [2018-03-31T11:00:44.833242 #13624] DEBUG -- : -------> building selection...
D, [2018-03-31T11:00:44.833564 #13624] DEBUG -- : -------> building new state...
D, [2018-03-31T11:00:44.833666 #13624] DEBUG -- : -------> building new state...
D, [2018-03-31T11:00:44.833903 #13624] DEBUG -- : -------> building selection...
D, [2018-03-31T11:00:44.834227 #13624] DEBUG -- : -------> building new state...
D, [2018-03-31T11:00:44.834325 #13624] DEBUG -- : -------> building new state...
D, [2018-03-31T11:00:44.834514 #13624] DEBUG -- : -------> building selection...
D, [2018-03-31T11:00:44.834850 #13624] DEBUG -- : -------> building new state...
D, [2018-03-31T11:00:44.834955 #13624] DEBUG -- : -------> building new state...
D, [2018-03-31T11:00:44.835185 #13624] DEBUG -- : -------> building selection...
D, [2018-03-31T11:00:44.835507 #13624] DEBUG -- : -------> building new state...
D, [2018-03-31T11:00:44.835605 #13624] DEBUG -- : -------> building new state...
D, [2018-03-31T11:00:44.835792 #13624] DEBUG -- : -------> building selection...
D, [2018-03-31T11:00:44.836122 #13624] DEBUG -- : -------> building new state...
D, [2018-03-31T11:00:44.836240 #13624] DEBUG -- : -------> building new state...
D, [2018-03-31T11:00:44.836433 #13624] DEBUG -- : -------> building selection...
D, [2018-03-31T11:00:44.836759 #13624] DEBUG -- : -------> building new state...
D, [2018-03-31T11:00:44.836862 #13624] DEBUG -- : -------> building new state...
D, [2018-03-31T11:00:44.837083 #13624] DEBUG -- : -------> building selection...
D, [2018-03-31T11:00:44.837420 #13624] DEBUG -- : -------> building new state...
D, [2018-03-31T11:00:44.837520 #13624] DEBUG -- : -------> building new state...
D, [2018-03-31T11:00:44.837711 #13624] DEBUG -- : -------> building selection...
D, [2018-03-31T11:00:44.838034 #13624] DEBUG -- : -------> building new state...
D, [2018-03-31T11:00:44.838143 #13624] DEBUG -- : -------> building new state...
D, [2018-03-31T11:00:44.838369 #13624] DEBUG -- : -------> building selection...
D, [2018-03-31T11:00:44.838692 #13624] DEBUG -- : -------> building new state...
D, [2018-03-31T11:00:44.838790 #13624] DEBUG -- : -------> building new state...
D, [2018-03-31T11:00:44.839010 #13624] DEBUG -- : -------> building selection...
D, [2018-03-31T11:00:44.839335 #13624] DEBUG -- : -------> building new state...
D, [2018-03-31T11:00:44.839455 #13624] DEBUG -- : -------> building new state...
D, [2018-03-31T11:00:44.839707 #13624] DEBUG -- : -------> building selection...
D, [2018-03-31T11:00:44.840170 #13624] DEBUG -- : -------> building new state...
D, [2018-03-31T11:00:44.840278 #13624] DEBUG -- : -------> building new state...
D, [2018-03-31T11:00:44.840505 #13624] DEBUG -- : -------> building selection...
D, [2018-03-31T11:00:44.840864 #13624] DEBUG -- : -------> building new state...
D, [2018-03-31T11:00:44.840967 #13624] DEBUG -- : -------> building new state...
D, [2018-03-31T11:00:44.841157 #13624] DEBUG -- : -------> building selection...
D, [2018-03-31T11:00:44.841539 #13624] DEBUG -- : -------> building new state...
D, [2018-03-31T11:00:44.841748 #13624] DEBUG -- : -------> building new state...
D, [2018-03-31T11:00:44.841963 #13624] DEBUG -- : -------> building selection...
D, [2018-03-31T11:00:44.842310 #13624] DEBUG -- : -------> building new state...
D, [2018-03-31T11:00:44.842417 #13624] DEBUG -- : -------> building new state...
D, [2018-03-31T11:00:44.842639 #13624] DEBUG -- : -------> building selection...
D, [2018-03-31T11:00:44.842973 #13624] DEBUG -- : -------> building new state...
D, [2018-03-31T11:00:44.843074 #13624] DEBUG -- : -------> building new state...
D, [2018-03-31T11:00:44.843294 #13624] DEBUG -- : scoring weighed rated selections...
D, [2018-03-31T11:00:44.843368 #13624] DEBUG -- : Saving scored selections...
D, [2018-03-31T11:00:44.850565 #13624] DEBUG -- : State Score successfully calculated


D, [2018-03-31T11:00:44.850639 #13624] DEBUG -- : Scoring new state: {:rating=>37, :state=>{:unknown=>0, :possibly_lighter=>1, :possibly_heavier=>0, :normal=>7}}
D, [2018-03-31T11:00:44.850663 #13624] DEBUG -- : State Score successfully calculated


D, [2018-03-31T11:00:44.850699 #13624] DEBUG -- : Scoring new state: {:rating=>37, :state=>{:unknown=>0, :possibly_lighter=>0, :possibly_heavier=>1, :normal=>7}}
D, [2018-03-31T11:00:44.850752 #13624] DEBUG -- : State Score successfully calculated


D, [2018-03-31T11:00:44.850789 #13624] DEBUG -- : Scoring new state: {:rating=>31, :state=>{:unknown=>0, :possibly_lighter=>3, :possibly_heavier=>0, :normal=>5}}
D, [2018-03-31T11:00:44.853525 #13624] DEBUG -- : calculating updated score for older state...
D, [2018-03-31T11:00:44.857014 #13624] DEBUG -- : generating weighed rated selections...
D, [2018-03-31T11:00:44.858079 #13624] DEBUG -- : -------> building selection...
D, [2018-03-31T11:00:44.859009 #13624] DEBUG -- : -------> building new state...
D, [2018-03-31T11:00:44.859437 #13624] DEBUG -- : -------> building selection...
D, [2018-03-31T11:00:44.859889 #13624] DEBUG -- : -------> building new state...
D, [2018-03-31T11:00:44.860144 #13624] DEBUG -- : -------> building selection...
D, [2018-03-31T11:00:44.860498 #13624] DEBUG -- : -------> building new state...
D, [2018-03-31T11:00:44.860705 #13624] DEBUG -- : -------> building selection...
D, [2018-03-31T11:00:44.861068 #13624] DEBUG -- : -------> building new state...
D, [2018-03-31T11:00:44.861172 #13624] DEBUG -- : -------> building new state...
D, [2018-03-31T11:00:44.861360 #13624] DEBUG -- : -------> building selection...
D, [2018-03-31T11:00:44.861687 #13624] DEBUG -- : -------> building new state...
D, [2018-03-31T11:00:44.861789 #13624] DEBUG -- : -------> building new state...
D, [2018-03-31T11:00:44.861976 #13624] DEBUG -- : -------> building selection...
D, [2018-03-31T11:00:44.862368 #13624] DEBUG -- : -------> building new state...
D, [2018-03-31T11:00:44.862567 #13624] DEBUG -- : -------> building new state...
D, [2018-03-31T11:00:44.862782 #13624] DEBUG -- : -------> building selection...
D, [2018-03-31T11:00:44.863165 #13624] DEBUG -- : -------> building new state...
D, [2018-03-31T11:00:44.863301 #13624] DEBUG -- : -------> building new state...
D, [2018-03-31T11:00:44.863501 #13624] DEBUG -- : -------> building selection...
D, [2018-03-31T11:00:44.863841 #13624] DEBUG -- : -------> building new state...
D, [2018-03-31T11:00:44.863944 #13624] DEBUG -- : -------> building new state...
D, [2018-03-31T11:00:44.864131 #13624] DEBUG -- : -------> building selection...
D, [2018-03-31T11:00:44.864454 #13624] DEBUG -- : -------> building new state...
D, [2018-03-31T11:00:44.864595 #13624] DEBUG -- : -------> building new state...
D, [2018-03-31T11:00:44.864794 #13624] DEBUG -- : -------> building selection...
D, [2018-03-31T11:00:44.865122 #13624] DEBUG -- : -------> building new state...
D, [2018-03-31T11:00:44.865227 #13624] DEBUG -- : -------> building new state...
D, [2018-03-31T11:00:44.865415 #13624] DEBUG -- : -------> building selection...
D, [2018-03-31T11:00:44.865762 #13624] DEBUG -- : -------> building new state...
D, [2018-03-31T11:00:44.865868 #13624] DEBUG -- : -------> building new state...
D, [2018-03-31T11:00:44.866066 #13624] DEBUG -- : -------> building selection...
D, [2018-03-31T11:00:44.866389 #13624] DEBUG -- : -------> building new state...
D, [2018-03-31T11:00:44.866488 #13624] DEBUG -- : -------> building new state...
D, [2018-03-31T11:00:44.866674 #13624] DEBUG -- : -------> building selection...
D, [2018-03-31T11:00:44.867048 #13624] DEBUG -- : -------> building new state...
D, [2018-03-31T11:00:44.867155 #13624] DEBUG -- : -------> building new state...
D, [2018-03-31T11:00:44.867341 #13624] DEBUG -- : -------> building selection...
D, [2018-03-31T11:00:44.867673 #13624] DEBUG -- : -------> building new state...
D, [2018-03-31T11:00:44.867777 #13624] DEBUG -- : -------> building new state...
D, [2018-03-31T11:00:44.867963 #13624] DEBUG -- : -------> building selection...
D, [2018-03-31T11:00:44.868351 #13624] DEBUG -- : -------> building new state...
D, [2018-03-31T11:00:44.868504 #13624] DEBUG -- : -------> building new state...
D, [2018-03-31T11:00:44.868719 #13624] DEBUG -- : -------> building selection...
D, [2018-03-31T11:00:44.869155 #13624] DEBUG -- : -------> building new state...
D, [2018-03-31T11:00:44.869266 #13624] DEBUG -- : -------> building new state...
D, [2018-03-31T11:00:44.869531 #13624] DEBUG -- : -------> building selection...
D, [2018-03-31T11:00:44.869897 #13624] DEBUG -- : -------> building new state...
D, [2018-03-31T11:00:44.870002 #13624] DEBUG -- : -------> building new state...
D, [2018-03-31T11:00:44.870190 #13624] DEBUG -- : -------> building selection...
D, [2018-03-31T11:00:44.870515 #13624] DEBUG -- : -------> building new state...
D, [2018-03-31T11:00:44.870679 #13624] DEBUG -- : -------> building new state...
D, [2018-03-31T11:00:44.870892 #13624] DEBUG -- : -------> building selection...
D, [2018-03-31T11:00:44.871222 #13624] DEBUG -- : -------> building new state...
D, [2018-03-31T11:00:44.871321 #13624] DEBUG -- : -------> building new state...
D, [2018-03-31T11:00:44.871510 #13624] DEBUG -- : scoring weighed rated selections...
D, [2018-03-31T11:00:44.871560 #13624] DEBUG -- : Saving scored selections...
D, [2018-03-31T11:00:44.875864 #13624] DEBUG -- : State Score successfully calculated


D, [2018-03-31T11:00:44.875942 #13624] DEBUG -- : Scoring new state: {:rating=>37, :state=>{:unknown=>0, :possibly_lighter=>0, :possibly_heavier=>1, :normal=>7}}
D, [2018-03-31T11:00:44.875968 #13624] DEBUG -- : State Score successfully calculated


D, [2018-03-31T11:00:44.875994 #13624] DEBUG -- : Scoring new state: {:rating=>31, :state=>{:unknown=>0, :possibly_lighter=>3, :possibly_heavier=>0, :normal=>5}}
D, [2018-03-31T11:00:44.878774 #13624] DEBUG -- : calculating updated score for older state...
D, [2018-03-31T11:00:44.882255 #13624] DEBUG -- : generating weighed rated selections...
D, [2018-03-31T11:00:44.883366 #13624] DEBUG -- : -------> building selection...
D, [2018-03-31T11:00:44.884264 #13624] DEBUG -- : -------> building new state...
D, [2018-03-31T11:00:44.884712 #13624] DEBUG -- : -------> building selection...
D, [2018-03-31T11:00:44.885067 #13624] DEBUG -- : -------> building new state...
D, [2018-03-31T11:00:44.885332 #13624] DEBUG -- : -------> building selection...
D, [2018-03-31T11:00:44.885659 #13624] DEBUG -- : -------> building new state...
D, [2018-03-31T11:00:44.885850 #13624] DEBUG -- : -------> building selection...
D, [2018-03-31T11:00:44.886225 #13624] DEBUG -- : -------> building new state...
D, [2018-03-31T11:00:44.886498 #13624] DEBUG -- : -------> building new state...
D, [2018-03-31T11:00:44.886728 #13624] DEBUG -- : -------> building selection...
D, [2018-03-31T11:00:44.887105 #13624] DEBUG -- : -------> building new state...
D, [2018-03-31T11:00:44.887209 #13624] DEBUG -- : -------> building new state...
D, [2018-03-31T11:00:44.887401 #13624] DEBUG -- : -------> building selection...
D, [2018-03-31T11:00:44.887805 #13624] DEBUG -- : -------> building new state...
D, [2018-03-31T11:00:44.887912 #13624] DEBUG -- : -------> building new state...
D, [2018-03-31T11:00:44.888101 #13624] DEBUG -- : -------> building selection...
D, [2018-03-31T11:00:44.888438 #13624] DEBUG -- : -------> building new state...
D, [2018-03-31T11:00:44.888541 #13624] DEBUG -- : -------> building new state...
D, [2018-03-31T11:00:44.888795 #13624] DEBUG -- : -------> building selection...
D, [2018-03-31T11:00:44.889126 #13624] DEBUG -- : -------> building new state...
D, [2018-03-31T11:00:44.889230 #13624] DEBUG -- : -------> building new state...
D, [2018-03-31T11:00:44.889415 #13624] DEBUG -- : -------> building selection...
D, [2018-03-31T11:00:44.891000 #13624] DEBUG -- : -------> building new state...
D, [2018-03-31T11:00:44.891205 #13624] DEBUG -- : -------> building new state...
D, [2018-03-31T11:00:44.891447 #13624] DEBUG -- : -------> building selection...
D, [2018-03-31T11:00:44.891835 #13624] DEBUG -- : -------> building new state...
D, [2018-03-31T11:00:44.891967 #13624] DEBUG -- : -------> building new state...
D, [2018-03-31T11:00:44.892199 #13624] DEBUG -- : -------> building selection...
D, [2018-03-31T11:00:44.892564 #13624] DEBUG -- : -------> building new state...
D, [2018-03-31T11:00:44.892689 #13624] DEBUG -- : -------> building new state...
D, [2018-03-31T11:00:44.892893 #13624] DEBUG -- : -------> building selection...
D, [2018-03-31T11:00:44.893353 #13624] DEBUG -- : -------> building new state...
D, [2018-03-31T11:00:44.893477 #13624] DEBUG -- : -------> building new state...
D, [2018-03-31T11:00:44.893672 #13624] DEBUG -- : -------> building selection...
D, [2018-03-31T11:00:44.894003 #13624] DEBUG -- : -------> building new state...
D, [2018-03-31T11:00:44.894128 #13624] DEBUG -- : -------> building new state...
D, [2018-03-31T11:00:44.894320 #13624] DEBUG -- : -------> building selection...
D, [2018-03-31T11:00:44.894643 #13624] DEBUG -- : -------> building new state...
D, [2018-03-31T11:00:44.894746 #13624] DEBUG -- : -------> building new state...
D, [2018-03-31T11:00:44.895000 #13624] DEBUG -- : -------> building selection...
D, [2018-03-31T11:00:44.895338 #13624] DEBUG -- : -------> building new state...
D, [2018-03-31T11:00:44.895461 #13624] DEBUG -- : -------> building new state...
D, [2018-03-31T11:00:44.895656 #13624] DEBUG -- : -------> building selection...
D, [2018-03-31T11:00:44.895984 #13624] DEBUG -- : -------> building new state...
D, [2018-03-31T11:00:44.896096 #13624] DEBUG -- : -------> building new state...
D, [2018-03-31T11:00:44.896284 #13624] DEBUG -- : -------> building selection...
D, [2018-03-31T11:00:44.896634 #13624] DEBUG -- : -------> building new state...
D, [2018-03-31T11:00:44.896735 #13624] DEBUG -- : -------> building new state...
D, [2018-03-31T11:00:44.896945 #13624] DEBUG -- : -------> building selection...
D, [2018-03-31T11:00:44.897268 #13624] DEBUG -- : -------> building new state...
D, [2018-03-31T11:00:44.897368 #13624] DEBUG -- : -------> building new state...
D, [2018-03-31T11:00:44.897576 #13624] DEBUG -- : -------> building selection...
D, [2018-03-31T11:00:44.897914 #13624] DEBUG -- : -------> building new state...
D, [2018-03-31T11:00:44.898018 #13624] DEBUG -- : -------> building new state...
D, [2018-03-31T11:00:44.898234 #13624] DEBUG -- : scoring weighed rated selections...
D, [2018-03-31T11:00:44.898288 #13624] DEBUG -- : Saving scored selections...
D, [2018-03-31T11:00:44.902541 #13624] DEBUG -- : State Score successfully calculated


D, [2018-03-31T11:00:44.902619 #13624] DEBUG -- : Scoring new state: {:rating=>31, :state=>{:unknown=>0, :possibly_lighter=>2, :possibly_heavier=>1, :normal=>5}}
D, [2018-03-31T11:00:44.905277 #13624] DEBUG -- : calculating updated score for older state...
D, [2018-03-31T11:00:44.908747 #13624] DEBUG -- : generating weighed rated selections...
D, [2018-03-31T11:00:44.909928 #13624] DEBUG -- : -------> building selection...
D, [2018-03-31T11:00:44.910798 #13624] DEBUG -- : -------> building new state...
D, [2018-03-31T11:00:44.911153 #13624] DEBUG -- : -------> building new state...
D, [2018-03-31T11:00:44.911413 #13624] DEBUG -- : -------> building selection...
D, [2018-03-31T11:00:44.911779 #13624] DEBUG -- : -------> building new state...
D, [2018-03-31T11:00:44.911889 #13624] DEBUG -- : -------> building new state...
D, [2018-03-31T11:00:44.912078 #13624] DEBUG -- : -------> building selection...
D, [2018-03-31T11:00:44.912422 #13624] DEBUG -- : -------> building new state...
D, [2018-03-31T11:00:44.912560 #13624] DEBUG -- : -------> building new state...
D, [2018-03-31T11:00:44.912757 #13624] DEBUG -- : -------> building selection...
D, [2018-03-31T11:00:44.913084 #13624] DEBUG -- : -------> building new state...
D, [2018-03-31T11:00:44.913216 #13624] DEBUG -- : -------> building new state...
D, [2018-03-31T11:00:44.913486 #13624] DEBUG -- : -------> building selection...
D, [2018-03-31T11:00:44.913916 #13624] DEBUG -- : -------> building new state...
D, [2018-03-31T11:00:44.914028 #13624] DEBUG -- : -------> building new state...
D, [2018-03-31T11:00:44.914262 #13624] DEBUG -- : -------> building selection...
D, [2018-03-31T11:00:44.914594 #13624] DEBUG -- : -------> building new state...
D, [2018-03-31T11:00:44.914696 #13624] DEBUG -- : -------> building new state...
D, [2018-03-31T11:00:44.914909 #13624] DEBUG -- : -------> building selection...
D, [2018-03-31T11:00:44.915258 #13624] DEBUG -- : -------> building new state...
D, [2018-03-31T11:00:44.915360 #13624] DEBUG -- : -------> building new state...
D, [2018-03-31T11:00:44.915562 #13624] DEBUG -- : -------> building selection...
D, [2018-03-31T11:00:44.915905 #13624] DEBUG -- : -------> building new state...
D, [2018-03-31T11:00:44.916016 #13624] DEBUG -- : -------> building new state...
D, [2018-03-31T11:00:44.916212 #13624] DEBUG -- : -------> building selection...
D, [2018-03-31T11:00:44.916535 #13624] DEBUG -- : -------> building new state...
D, [2018-03-31T11:00:44.916651 #13624] DEBUG -- : -------> building new state...
D, [2018-03-31T11:00:44.916867 #13624] DEBUG -- : -------> building selection...
D, [2018-03-31T11:00:44.917207 #13624] DEBUG -- : -------> building new state...
D, [2018-03-31T11:00:44.917314 #13624] DEBUG -- : -------> building new state...
D, [2018-03-31T11:00:44.917504 #13624] DEBUG -- : -------> building selection...
D, [2018-03-31T11:00:44.917848 #13624] DEBUG -- : -------> building new state...
D, [2018-03-31T11:00:44.917951 #13624] DEBUG -- : -------> building new state...
D, [2018-03-31T11:00:44.918148 #13624] DEBUG -- : -------> building selection...
D, [2018-03-31T11:00:44.918482 #13624] DEBUG -- : -------> building new state...
D, [2018-03-31T11:00:44.918581 #13624] DEBUG -- : -------> building new state...
D, [2018-03-31T11:00:44.918798 #13624] DEBUG -- : -------> building selection...
D, [2018-03-31T11:00:44.919157 #13624] DEBUG -- : -------> building new state...
D, [2018-03-31T11:00:44.919275 #13624] DEBUG -- : -------> building new state...
D, [2018-03-31T11:00:44.919480 #13624] DEBUG -- : -------> building selection...
D, [2018-03-31T11:00:44.919823 #13624] DEBUG -- : -------> building new state...
D, [2018-03-31T11:00:44.919923 #13624] DEBUG -- : -------> building new state...
D, [2018-03-31T11:00:44.920150 #13624] DEBUG -- : -------> building selection...
D, [2018-03-31T11:00:44.920485 #13624] DEBUG -- : -------> building new state...
D, [2018-03-31T11:00:44.920588 #13624] DEBUG -- : -------> building new state...
D, [2018-03-31T11:00:44.920801 #13624] DEBUG -- : -------> building selection...
D, [2018-03-31T11:00:44.921123 #13624] DEBUG -- : -------> building new state...
D, [2018-03-31T11:00:44.921222 #13624] DEBUG -- : -------> building new state...
D, [2018-03-31T11:00:44.921427 #13624] DEBUG -- : -------> building selection...
D, [2018-03-31T11:00:44.921774 #13624] DEBUG -- : -------> building new state...
D, [2018-03-31T11:00:44.921877 #13624] DEBUG -- : -------> building new state...
D, [2018-03-31T11:00:44.922063 #13624] DEBUG -- : -------> building selection...
D, [2018-03-31T11:00:44.922427 #13624] DEBUG -- : -------> building new state...
D, [2018-03-31T11:00:44.922527 #13624] DEBUG -- : -------> building new state...
D, [2018-03-31T11:00:44.922713 #13624] DEBUG -- : -------> building selection...
D, [2018-03-31T11:00:44.923073 #13624] DEBUG -- : -------> building new state...
D, [2018-03-31T11:00:44.923178 #13624] DEBUG -- : -------> building new state...
D, [2018-03-31T11:00:44.923381 #13624] DEBUG -- : -------> building selection...
D, [2018-03-31T11:00:44.923719 #13624] DEBUG -- : -------> building new state...
D, [2018-03-31T11:00:44.923821 #13624] DEBUG -- : -------> building new state...
D, [2018-03-31T11:00:44.924008 #13624] DEBUG -- : -------> building selection...
D, [2018-03-31T11:00:44.924349 #13624] DEBUG -- : -------> building new state...
D, [2018-03-31T11:00:44.924448 #13624] DEBUG -- : -------> building new state...
D, [2018-03-31T11:00:44.924636 #13624] DEBUG -- : -------> building selection...
D, [2018-03-31T11:00:44.925000 #13624] DEBUG -- : -------> building new state...
D, [2018-03-31T11:00:44.925099 #13624] DEBUG -- : -------> building new state...
D, [2018-03-31T11:00:44.925286 #13624] DEBUG -- : -------> building selection...
D, [2018-03-31T11:00:44.925608 #13624] DEBUG -- : -------> building new state...
D, [2018-03-31T11:00:44.925720 #13624] DEBUG -- : -------> building new state...
D, [2018-03-31T11:00:44.925909 #13624] DEBUG -- : -------> building selection...
D, [2018-03-31T11:00:44.926286 #13624] DEBUG -- : -------> building new state...
D, [2018-03-31T11:00:44.926388 #13624] DEBUG -- : -------> building new state...
D, [2018-03-31T11:00:44.926591 #13624] DEBUG -- : -------> building selection...
D, [2018-03-31T11:00:44.926974 #13624] DEBUG -- : -------> building new state...
D, [2018-03-31T11:00:44.927078 #13624] DEBUG -- : -------> building new state...
D, [2018-03-31T11:00:44.927269 #13624] DEBUG -- : -------> building selection...
D, [2018-03-31T11:00:44.927606 #13624] DEBUG -- : -------> building new state...
D, [2018-03-31T11:00:44.927705 #13624] DEBUG -- : -------> building new state...
D, [2018-03-31T11:00:44.927911 #13624] DEBUG -- : -------> building selection...
D, [2018-03-31T11:00:44.928251 #13624] DEBUG -- : -------> building new state...
D, [2018-03-31T11:00:44.928350 #13624] DEBUG -- : -------> building new state...
D, [2018-03-31T11:00:44.928550 #13624] DEBUG -- : -------> building selection...
D, [2018-03-31T11:00:44.928881 #13624] DEBUG -- : -------> building new state...
D, [2018-03-31T11:00:44.928987 #13624] DEBUG -- : -------> building new state...
D, [2018-03-31T11:00:44.929328 #13624] DEBUG -- : -------> building selection...
D, [2018-03-31T11:00:44.929701 #13624] DEBUG -- : -------> building new state...
D, [2018-03-31T11:00:44.929816 #13624] DEBUG -- : -------> building new state...
D, [2018-03-31T11:00:44.930009 #13624] DEBUG -- : -------> building selection...
D, [2018-03-31T11:00:44.930374 #13624] DEBUG -- : -------> building new state...
D, [2018-03-31T11:00:44.932009 #13624] DEBUG -- : -------> building new state...
D, [2018-03-31T11:00:44.932388 #13624] DEBUG -- : -------> building selection...
D, [2018-03-31T11:00:44.932785 #13624] DEBUG -- : -------> building new state...
D, [2018-03-31T11:00:44.932900 #13624] DEBUG -- : -------> building new state...
D, [2018-03-31T11:00:44.933126 #13624] DEBUG -- : -------> building selection...
D, [2018-03-31T11:00:44.933494 #13624] DEBUG -- : -------> building new state...
D, [2018-03-31T11:00:44.933669 #13624] DEBUG -- : -------> building new state...
D, [2018-03-31T11:00:44.933887 #13624] DEBUG -- : -------> building selection...
D, [2018-03-31T11:00:44.934251 #13624] DEBUG -- : -------> building new state...
D, [2018-03-31T11:00:44.934350 #13624] DEBUG -- : -------> building new state...
D, [2018-03-31T11:00:44.934583 #13624] DEBUG -- : -------> building selection...
D, [2018-03-31T11:00:44.934932 #13624] DEBUG -- : -------> building new state...
D, [2018-03-31T11:00:44.935047 #13624] DEBUG -- : -------> building new state...
D, [2018-03-31T11:00:44.935257 #13624] DEBUG -- : -------> building selection...
D, [2018-03-31T11:00:44.935592 #13624] DEBUG -- : -------> building new state...
D, [2018-03-31T11:00:44.935711 #13624] DEBUG -- : -------> building new state...
D, [2018-03-31T11:00:44.935904 #13624] DEBUG -- : -------> building selection...
D, [2018-03-31T11:00:44.936228 #13624] DEBUG -- : -------> building new state...
D, [2018-03-31T11:00:44.936338 #13624] DEBUG -- : -------> building new state...
D, [2018-03-31T11:00:44.936533 #13624] DEBUG -- : -------> building selection...
D, [2018-03-31T11:00:44.936870 #13624] DEBUG -- : -------> building new state...
D, [2018-03-31T11:00:44.936983 #13624] DEBUG -- : -------> building new state...
D, [2018-03-31T11:00:44.937175 #13624] DEBUG -- : -------> building selection...
D, [2018-03-31T11:00:44.937505 #13624] DEBUG -- : -------> building new state...
D, [2018-03-31T11:00:44.937612 #13624] DEBUG -- : -------> building new state...
D, [2018-03-31T11:00:44.937808 #13624] DEBUG -- : -------> building selection...
D, [2018-03-31T11:00:44.938146 #13624] DEBUG -- : -------> building new state...
D, [2018-03-31T11:00:44.938253 #13624] DEBUG -- : -------> building new state...
D, [2018-03-31T11:00:44.938460 #13624] DEBUG -- : scoring weighed rated selections...
D, [2018-03-31T11:00:44.938536 #13624] DEBUG -- : Saving scored selections...
D, [2018-03-31T11:00:44.945745 #13624] DEBUG -- : State Score successfully calculated


D, [2018-03-31T11:00:44.945821 #13624] DEBUG -- : Scoring new state: {:rating=>37, :state=>{:unknown=>0, :possibly_lighter=>1, :possibly_heavier=>0, :normal=>7}}
D, [2018-03-31T11:00:44.945861 #13624] DEBUG -- : State Score successfully calculated


D, [2018-03-31T11:00:44.945900 #13624] DEBUG -- : Scoring new state: {:rating=>31, :state=>{:unknown=>0, :possibly_lighter=>2, :possibly_heavier=>1, :normal=>5}}
D, [2018-03-31T11:00:44.948672 #13624] DEBUG -- : calculating updated score for older state...
D, [2018-03-31T11:00:44.952123 #13624] DEBUG -- : generating weighed rated selections...
D, [2018-03-31T11:00:44.953239 #13624] DEBUG -- : -------> building selection...
D, [2018-03-31T11:00:44.954128 #13624] DEBUG -- : -------> building new state...
D, [2018-03-31T11:00:44.954474 #13624] DEBUG -- : -------> building new state...
D, [2018-03-31T11:00:44.954736 #13624] DEBUG -- : -------> building selection...
D, [2018-03-31T11:00:44.955125 #13624] DEBUG -- : -------> building new state...
D, [2018-03-31T11:00:44.955232 #13624] DEBUG -- : -------> building new state...
D, [2018-03-31T11:00:44.955447 #13624] DEBUG -- : -------> building selection...
D, [2018-03-31T11:00:44.955801 #13624] DEBUG -- : -------> building new state...
D, [2018-03-31T11:00:44.955920 #13624] DEBUG -- : -------> building new state...
D, [2018-03-31T11:00:44.956146 #13624] DEBUG -- : -------> building selection...
D, [2018-03-31T11:00:44.956498 #13624] DEBUG -- : -------> building new state...
D, [2018-03-31T11:00:44.956608 #13624] DEBUG -- : -------> building new state...
D, [2018-03-31T11:00:44.956818 #13624] DEBUG -- : -------> building selection...
D, [2018-03-31T11:00:44.957177 #13624] DEBUG -- : -------> building new state...
D, [2018-03-31T11:00:44.957287 #13624] DEBUG -- : -------> building new state...
D, [2018-03-31T11:00:44.957490 #13624] DEBUG -- : -------> building selection...
D, [2018-03-31T11:00:44.958315 #13624] DEBUG -- : -------> building new state...
D, [2018-03-31T11:00:44.958478 #13624] DEBUG -- : -------> building new state...
D, [2018-03-31T11:00:44.958677 #13624] DEBUG -- : -------> building selection...
D, [2018-03-31T11:00:44.959030 #13624] DEBUG -- : -------> building new state...
D, [2018-03-31T11:00:44.959133 #13624] DEBUG -- : -------> building new state...
D, [2018-03-31T11:00:44.959337 #13624] DEBUG -- : -------> building selection...
D, [2018-03-31T11:00:44.959700 #13624] DEBUG -- : -------> building new state...
D, [2018-03-31T11:00:44.959827 #13624] DEBUG -- : -------> building new state...
D, [2018-03-31T11:00:44.960018 #13624] DEBUG -- : -------> building selection...
D, [2018-03-31T11:00:44.960342 #13624] DEBUG -- : -------> building new state...
D, [2018-03-31T11:00:44.960441 #13624] DEBUG -- : -------> building new state...
D, [2018-03-31T11:00:44.960663 #13624] DEBUG -- : -------> building selection...
D, [2018-03-31T11:00:44.960994 #13624] DEBUG -- : -------> building new state...
D, [2018-03-31T11:00:44.961093 #13624] DEBUG -- : -------> building new state...
D, [2018-03-31T11:00:44.961283 #13624] DEBUG -- : -------> building selection...
D, [2018-03-31T11:00:44.961630 #13624] DEBUG -- : -------> building new state...
D, [2018-03-31T11:00:44.961733 #13624] DEBUG -- : -------> building new state...
D, [2018-03-31T11:00:44.961962 #13624] DEBUG -- : -------> building selection...
D, [2018-03-31T11:00:44.962288 #13624] DEBUG -- : -------> building new state...
D, [2018-03-31T11:00:44.962386 #13624] DEBUG -- : -------> building new state...
D, [2018-03-31T11:00:44.962575 #13624] DEBUG -- : -------> building selection...
D, [2018-03-31T11:00:44.962916 #13624] DEBUG -- : -------> building new state...
D, [2018-03-31T11:00:44.963020 #13624] DEBUG -- : -------> building new state...
D, [2018-03-31T11:00:44.963292 #13624] DEBUG -- : -------> building selection...
D, [2018-03-31T11:00:44.963622 #13624] DEBUG -- : -------> building new state...
D, [2018-03-31T11:00:44.963737 #13624] DEBUG -- : -------> building new state...
D, [2018-03-31T11:00:44.963926 #13624] DEBUG -- : -------> building selection...
D, [2018-03-31T11:00:44.964247 #13624] DEBUG -- : -------> building new state...
D, [2018-03-31T11:00:44.964409 #13624] DEBUG -- : -------> building new state...
D, [2018-03-31T11:00:44.964644 #13624] DEBUG -- : -------> building selection...
D, [2018-03-31T11:00:44.964970 #13624] DEBUG -- : -------> building new state...
D, [2018-03-31T11:00:44.965069 #13624] DEBUG -- : -------> building new state...
D, [2018-03-31T11:00:44.965257 #13624] DEBUG -- : -------> building selection...
D, [2018-03-31T11:00:44.965651 #13624] DEBUG -- : -------> building new state...
D, [2018-03-31T11:00:44.965756 #13624] DEBUG -- : -------> building new state...
D, [2018-03-31T11:00:44.965971 #13624] DEBUG -- : -------> building selection...
D, [2018-03-31T11:00:44.966296 #13624] DEBUG -- : -------> building new state...
D, [2018-03-31T11:00:44.966394 #13624] DEBUG -- : -------> building new state...
D, [2018-03-31T11:00:44.968647 #13624] DEBUG -- : -------> building selection...
D, [2018-03-31T11:00:44.969123 #13624] DEBUG -- : -------> building new state...
D, [2018-03-31T11:00:44.969234 #13624] DEBUG -- : -------> building new state...
D, [2018-03-31T11:00:44.969425 #13624] DEBUG -- : -------> building selection...
D, [2018-03-31T11:00:44.969752 #13624] DEBUG -- : -------> building new state...
D, [2018-03-31T11:00:44.969852 #13624] DEBUG -- : -------> building new state...
D, [2018-03-31T11:00:44.970104 #13624] DEBUG -- : -------> building selection...
D, [2018-03-31T11:00:44.970466 #13624] DEBUG -- : -------> building new state...
D, [2018-03-31T11:00:44.970569 #13624] DEBUG -- : -------> building new state...
D, [2018-03-31T11:00:44.970760 #13624] DEBUG -- : -------> building selection...
D, [2018-03-31T11:00:44.971116 #13624] DEBUG -- : -------> building new state...
D, [2018-03-31T11:00:44.971258 #13624] DEBUG -- : -------> building new state...
D, [2018-03-31T11:00:44.971458 #13624] DEBUG -- : -------> building selection...
D, [2018-03-31T11:00:44.971779 #13624] DEBUG -- : -------> building new state...
D, [2018-03-31T11:00:44.971892 #13624] DEBUG -- : -------> building new state...
D, [2018-03-31T11:00:44.972082 #13624] DEBUG -- : -------> building selection...
D, [2018-03-31T11:00:44.972406 #13624] DEBUG -- : -------> building new state...
D, [2018-03-31T11:00:44.972546 #13624] DEBUG -- : -------> building new state...
D, [2018-03-31T11:00:44.972756 #13624] DEBUG -- : -------> building selection...
D, [2018-03-31T11:00:44.973082 #13624] DEBUG -- : -------> building new state...
D, [2018-03-31T11:00:44.973180 #13624] DEBUG -- : -------> building new state...
D, [2018-03-31T11:00:44.973368 #13624] DEBUG -- : -------> building selection...
D, [2018-03-31T11:00:44.973735 #13624] DEBUG -- : -------> building new state...
D, [2018-03-31T11:00:44.973838 #13624] DEBUG -- : -------> building new state...
D, [2018-03-31T11:00:44.974028 #13624] DEBUG -- : -------> building selection...
D, [2018-03-31T11:00:44.974350 #13624] DEBUG -- : -------> building new state...
D, [2018-03-31T11:00:44.974448 #13624] DEBUG -- : -------> building new state...
D, [2018-03-31T11:00:44.974635 #13624] DEBUG -- : -------> building selection...
D, [2018-03-31T11:00:44.975035 #13624] DEBUG -- : -------> building new state...
D, [2018-03-31T11:00:44.975140 #13624] DEBUG -- : -------> building new state...
D, [2018-03-31T11:00:44.975329 #13624] DEBUG -- : -------> building selection...
D, [2018-03-31T11:00:44.975650 #13624] DEBUG -- : -------> building new state...
D, [2018-03-31T11:00:44.975749 #13624] DEBUG -- : -------> building new state...
D, [2018-03-31T11:00:44.975936 #13624] DEBUG -- : -------> building selection...
D, [2018-03-31T11:00:44.976303 #13624] DEBUG -- : -------> building new state...
D, [2018-03-31T11:00:44.976406 #13624] DEBUG -- : -------> building new state...
D, [2018-03-31T11:00:44.976594 #13624] DEBUG -- : -------> building selection...
D, [2018-03-31T11:00:44.976915 #13624] DEBUG -- : -------> building new state...
D, [2018-03-31T11:00:44.977013 #13624] DEBUG -- : -------> building new state...
D, [2018-03-31T11:00:44.977239 #13624] DEBUG -- : -------> building selection...
D, [2018-03-31T11:00:44.977569 #13624] DEBUG -- : -------> building new state...
D, [2018-03-31T11:00:44.977668 #13624] DEBUG -- : -------> building new state...
D, [2018-03-31T11:00:44.977868 #13624] DEBUG -- : -------> building selection...
D, [2018-03-31T11:00:44.978190 #13624] DEBUG -- : -------> building new state...
D, [2018-03-31T11:00:44.978288 #13624] DEBUG -- : -------> building new state...
D, [2018-03-31T11:00:44.978518 #13624] DEBUG -- : -------> building selection...
D, [2018-03-31T11:00:44.978858 #13624] DEBUG -- : -------> building new state...
D, [2018-03-31T11:00:44.978964 #13624] DEBUG -- : -------> building new state...
D, [2018-03-31T11:00:44.979155 #13624] DEBUG -- : -------> building selection...
D, [2018-03-31T11:00:44.979506 #13624] DEBUG -- : -------> building new state...
D, [2018-03-31T11:00:44.979606 #13624] DEBUG -- : -------> building new state...
D, [2018-03-31T11:00:44.979829 #13624] DEBUG -- : -------> building selection...
D, [2018-03-31T11:00:44.980172 #13624] DEBUG -- : -------> building new state...
D, [2018-03-31T11:00:44.980273 #13624] DEBUG -- : -------> building new state...
D, [2018-03-31T11:00:44.980459 #13624] DEBUG -- : -------> building selection...
D, [2018-03-31T11:00:44.980818 #13624] DEBUG -- : -------> building new state...
D, [2018-03-31T11:00:44.980918 #13624] DEBUG -- : -------> building new state...
D, [2018-03-31T11:00:44.981106 #13624] DEBUG -- : -------> building selection...
D, [2018-03-31T11:00:44.981426 #13624] DEBUG -- : -------> building new state...
D, [2018-03-31T11:00:44.981526 #13624] DEBUG -- : -------> building new state...
D, [2018-03-31T11:00:44.981712 #13624] DEBUG -- : -------> building selection...
D, [2018-03-31T11:00:44.982068 #13624] DEBUG -- : -------> building new state...
D, [2018-03-31T11:00:44.982169 #13624] DEBUG -- : -------> building new state...
D, [2018-03-31T11:00:44.982358 #13624] DEBUG -- : scoring weighed rated selections...
D, [2018-03-31T11:00:44.982431 #13624] DEBUG -- : Saving scored selections...
D, [2018-03-31T11:00:44.989737 #13624] DEBUG -- : State Score successfully calculated


D, [2018-03-31T11:00:44.989815 #13624] DEBUG -- : Scoring new state: {:rating=>37, :state=>{:unknown=>0, :possibly_lighter=>1, :possibly_heavier=>0, :normal=>7}}
D, [2018-03-31T11:00:44.989841 #13624] DEBUG -- : State Score successfully calculated


D, [2018-03-31T11:00:44.989876 #13624] DEBUG -- : Scoring new state: {:rating=>37, :state=>{:unknown=>0, :possibly_lighter=>0, :possibly_heavier=>1, :normal=>7}}
D, [2018-03-31T11:00:44.989897 #13624] DEBUG -- : State Score successfully calculated


D, [2018-03-31T11:00:44.989961 #13624] DEBUG -- : Scoring new state: {:rating=>31, :state=>{:unknown=>0, :possibly_lighter=>3, :possibly_heavier=>0, :normal=>5}}
D, [2018-03-31T11:00:44.992704 #13624] DEBUG -- : calculating updated score for older state...
D, [2018-03-31T11:00:44.996168 #13624] DEBUG -- : generating weighed rated selections...
D, [2018-03-31T11:00:44.997229 #13624] DEBUG -- : -------> building selection...
D, [2018-03-31T11:00:44.998115 #13624] DEBUG -- : -------> building new state...
D, [2018-03-31T11:00:44.998497 #13624] DEBUG -- : -------> building selection...
D, [2018-03-31T11:00:44.998890 #13624] DEBUG -- : -------> building new state...
D, [2018-03-31T11:00:44.999152 #13624] DEBUG -- : -------> building selection...
D, [2018-03-31T11:00:44.999583 #13624] DEBUG -- : -------> building new state...
D, [2018-03-31T11:00:44.999792 #13624] DEBUG -- : -------> building selection...
D, [2018-03-31T11:00:45.000173 #13624] DEBUG -- : -------> building new state...
D, [2018-03-31T11:00:45.000278 #13624] DEBUG -- : -------> building new state...
D, [2018-03-31T11:00:45.000464 #13624] DEBUG -- : -------> building selection...
D, [2018-03-31T11:00:45.000793 #13624] DEBUG -- : -------> building new state...
D, [2018-03-31T11:00:45.000894 #13624] DEBUG -- : -------> building new state...
D, [2018-03-31T11:00:45.001130 #13624] DEBUG -- : -------> building selection...
D, [2018-03-31T11:00:45.001457 #13624] DEBUG -- : -------> building new state...
D, [2018-03-31T11:00:45.001559 #13624] DEBUG -- : -------> building new state...
D, [2018-03-31T11:00:45.001745 #13624] DEBUG -- : -------> building selection...
D, [2018-03-31T11:00:45.002128 #13624] DEBUG -- : -------> building new state...
D, [2018-03-31T11:00:45.002247 #13624] DEBUG -- : -------> building new state...
D, [2018-03-31T11:00:45.002435 #13624] DEBUG -- : -------> building selection...
D, [2018-03-31T11:00:45.002756 #13624] DEBUG -- : -------> building new state...
D, [2018-03-31T11:00:45.002865 #13624] DEBUG -- : -------> building new state...
D, [2018-03-31T11:00:45.003062 #13624] DEBUG -- : -------> building selection...
D, [2018-03-31T11:00:45.003433 #13624] DEBUG -- : -------> building new state...
D, [2018-03-31T11:00:45.003534 #13624] DEBUG -- : -------> building new state...
D, [2018-03-31T11:00:45.003745 #13624] DEBUG -- : -------> building selection...
D, [2018-03-31T11:00:45.004128 #13624] DEBUG -- : -------> building new state...
D, [2018-03-31T11:00:45.004306 #13624] DEBUG -- : -------> building new state...
D, [2018-03-31T11:00:45.004516 #13624] DEBUG -- : -------> building selection...
D, [2018-03-31T11:00:45.004908 #13624] DEBUG -- : -------> building new state...
D, [2018-03-31T11:00:45.005010 #13624] DEBUG -- : -------> building new state...
D, [2018-03-31T11:00:45.005197 #13624] DEBUG -- : -------> building selection...
D, [2018-03-31T11:00:45.005537 #13624] DEBUG -- : -------> building new state...
D, [2018-03-31T11:00:45.005645 #13624] DEBUG -- : -------> building new state...
D, [2018-03-31T11:00:45.005844 #13624] DEBUG -- : -------> building selection...
D, [2018-03-31T11:00:45.006224 #13624] DEBUG -- : -------> building new state...
D, [2018-03-31T11:00:45.006338 #13624] DEBUG -- : -------> building new state...
D, [2018-03-31T11:00:45.006532 #13624] DEBUG -- : -------> building selection...
D, [2018-03-31T11:00:45.006895 #13624] DEBUG -- : -------> building new state...
D, [2018-03-31T11:00:45.007061 #13624] DEBUG -- : -------> building new state...
D, [2018-03-31T11:00:45.007269 #13624] DEBUG -- : -------> building selection...
D, [2018-03-31T11:00:45.007611 #13624] DEBUG -- : -------> building new state...
D, [2018-03-31T11:00:45.007720 #13624] DEBUG -- : -------> building new state...
D, [2018-03-31T11:00:45.007915 #13624] DEBUG -- : -------> building selection...
D, [2018-03-31T11:00:45.008244 #13624] DEBUG -- : -------> building new state...
D, [2018-03-31T11:00:45.008418 #13624] DEBUG -- : -------> building new state...
D, [2018-03-31T11:00:45.008622 #13624] DEBUG -- : -------> building selection...
D, [2018-03-31T11:00:45.008953 #13624] DEBUG -- : -------> building new state...
D, [2018-03-31T11:00:45.009092 #13624] DEBUG -- : -------> building new state...
D, [2018-03-31T11:00:45.009326 #13624] DEBUG -- : -------> building selection...
D, [2018-03-31T11:00:45.010971 #13624] DEBUG -- : -------> building new state...
D, [2018-03-31T11:00:45.011151 #13624] DEBUG -- : -------> building new state...
D, [2018-03-31T11:00:45.011365 #13624] DEBUG -- : -------> building selection...
D, [2018-03-31T11:00:45.011780 #13624] DEBUG -- : -------> building new state...
D, [2018-03-31T11:00:45.011897 #13624] DEBUG -- : -------> building new state...
D, [2018-03-31T11:00:45.012096 #13624] DEBUG -- : scoring weighed rated selections...
D, [2018-03-31T11:00:45.012224 #13624] DEBUG -- : Saving scored selections...
D, [2018-03-31T11:00:45.018049 #13624] DEBUG -- : State Score successfully calculated


D, [2018-03-31T11:00:45.018154 #13624] DEBUG -- : Saving scored selections...
D, [2018-03-31T11:00:45.055945 #13624] DEBUG -- : State Score successfully calculated


D, [2018-03-31T11:00:45.056032 #13624] DEBUG -- : Scoring new state: {:rating=>37, :state=>{:unknown=>0, :possibly_lighter=>0, :possibly_heavier=>1, :normal=>7}}
D, [2018-03-31T11:00:45.056058 #13624] DEBUG -- : State Score successfully calculated


D, [2018-03-31T11:00:45.056086 #13624] DEBUG -- : Scoring new state: {:rating=>31, :state=>{:unknown=>0, :possibly_lighter=>1, :possibly_heavier=>2, :normal=>5}}
D, [2018-03-31T11:00:45.058824 #13624] DEBUG -- : generating score for new state...
D, [2018-03-31T11:00:45.062452 #13624] DEBUG -- : new state info recorded
D, [2018-03-31T11:00:45.065842 #13624] DEBUG -- : generating weighed rated selections...
D, [2018-03-31T11:00:45.263260 #13624] DEBUG -- : scoring weighed rated selections...
D, [2018-03-31T11:00:45.263432 #13624] DEBUG -- : Saving scored selections...
D, [2018-03-31T11:00:45.270701 #13624] DEBUG -- : State Score successfully calculated


D, [2018-03-31T11:00:45.345694 #13624] DEBUG -- : generating weighed rated selections...
D, [2018-03-31T11:00:45.461693 #13624] DEBUG -- : scoring weighed rated selections...
D, [2018-03-31T11:00:45.461870 #13624] DEBUG -- : Saving scored selections...
D, [2018-03-31T11:00:45.480766 #13624] DEBUG -- : generating weighed rated selections...
D, [2018-03-31T11:00:45.673866 #13624] DEBUG -- : scoring weighed rated selections...
D, [2018-03-31T11:00:45.674031 #13624] DEBUG -- : Saving scored selections...
D, [2018-03-31T11:08:21.876798 #14566] DEBUG -- : calculating updated score for older state...
D, [2018-03-31T11:08:21.880367 #14566] DEBUG -- : generating weighed rated selections...
D, [2018-03-31T11:08:21.893404 #14566] DEBUG -- : scoring weighed rated selections...
D, [2018-03-31T11:08:21.893524 #14566] DEBUG -- : Scoring new state: {:rating=>10, :state=>{:unknown=>1, :possibly_lighter=>0, :possibly_heavier=>0, :normal=>2}}
D, [2018-03-31T11:08:21.896361 #14566] DEBUG -- : calculating updated score for older state...
D, [2018-03-31T11:08:21.899914 #14566] DEBUG -- : generating weighed rated selections...
D, [2018-03-31T11:08:21.919503 #14566] DEBUG -- : scoring weighed rated selections...
D, [2018-03-31T11:08:21.919608 #14566] DEBUG -- : Saving scored selections...
D, [2018-03-31T11:08:21.922967 #14566] DEBUG -- : State Score successfully calculated


D, [2018-03-31T11:08:21.923049 #14566] DEBUG -- : Scoring new state: {:rating=>9, :state=>{:unknown=>0, :possibly_lighter=>1, :possibly_heavier=>1, :normal=>1}}
D, [2018-03-31T11:08:21.925630 #14566] DEBUG -- : calculating updated score for older state...
D, [2018-03-31T11:08:21.929145 #14566] DEBUG -- : generating weighed rated selections...
D, [2018-03-31T11:08:21.959072 #14566] DEBUG -- : scoring weighed rated selections...
D, [2018-03-31T11:08:21.959176 #14566] DEBUG -- : Saving scored selections...
D, [2018-03-31T11:08:21.964062 #14566] DEBUG -- : State Score successfully calculated


D, [2018-03-31T11:08:21.964146 #14566] DEBUG -- : Saving scored selections...
D, [2018-03-31T11:08:21.969336 #14566] DEBUG -- : -------> building selection...
D, [2018-03-31T11:08:21.970263 #14566] DEBUG -- : -------> building new state...
D, [2018-03-31T11:08:21.970537 #14566] DEBUG -- : -------> building new state...
D, [2018-03-31T11:08:21.970953 #14566] DEBUG -- : -------> building selection...
D, [2018-03-31T11:08:21.971319 #14566] DEBUG -- : -------> building new state...
D, [2018-03-31T11:08:21.971522 #14566] DEBUG -- : -------> building new state...
D, [2018-03-31T11:08:21.971714 #14566] DEBUG -- : -------> building selection...
D, [2018-03-31T11:08:21.972046 #14566] DEBUG -- : -------> building new state...
D, [2018-03-31T11:08:21.972153 #14566] DEBUG -- : -------> building new state...
D, [2018-03-31T11:08:21.972324 #14566] DEBUG -- : -------> building selection...
D, [2018-03-31T11:08:21.972616 #14566] DEBUG -- : -------> building new state...
D, [2018-03-31T11:08:21.972728 #14566] DEBUG -- : -------> building new state...
D, [2018-03-31T11:08:21.972896 #14566] DEBUG -- : -------> building selection...
D, [2018-03-31T11:08:21.973200 #14566] DEBUG -- : -------> building new state...
D, [2018-03-31T11:08:21.973300 #14566] DEBUG -- : -------> building new state...
D, [2018-03-31T11:08:22.042771 #14566] DEBUG -- : calculating updated score for older state...
D, [2018-03-31T11:08:22.046315 #14566] DEBUG -- : generating weighed rated selections...
D, [2018-03-31T11:08:22.059263 #14566] DEBUG -- : scoring weighed rated selections...
D, [2018-03-31T11:08:22.059390 #14566] DEBUG -- : Scoring new state: {:rating=>10, :state=>{:unknown=>1, :possibly_lighter=>0, :possibly_heavier=>0, :normal=>2}}
D, [2018-03-31T11:08:22.062210 #14566] DEBUG -- : calculating updated score for older state...
D, [2018-03-31T11:08:22.065882 #14566] DEBUG -- : generating weighed rated selections...
D, [2018-03-31T11:08:22.085436 #14566] DEBUG -- : scoring weighed rated selections...
D, [2018-03-31T11:08:22.085565 #14566] DEBUG -- : Saving scored selections...
D, [2018-03-31T11:08:22.088886 #14566] DEBUG -- : State Score successfully calculated


D, [2018-03-31T11:08:22.088977 #14566] DEBUG -- : Scoring new state: {:rating=>9, :state=>{:unknown=>0, :possibly_lighter=>1, :possibly_heavier=>1, :normal=>1}}
D, [2018-03-31T11:08:22.091583 #14566] DEBUG -- : calculating updated score for older state...
D, [2018-03-31T11:08:22.095071 #14566] DEBUG -- : generating weighed rated selections...
D, [2018-03-31T11:08:22.124052 #14566] DEBUG -- : scoring weighed rated selections...
D, [2018-03-31T11:08:22.124140 #14566] DEBUG -- : Saving scored selections...
D, [2018-03-31T11:08:22.128883 #14566] DEBUG -- : State Score successfully calculated


D, [2018-03-31T11:08:22.128966 #14566] DEBUG -- : Saving scored selections...
D, [2018-03-31T11:08:22.203479 #14566] DEBUG -- : calculating updated score for older state...
D, [2018-03-31T11:08:22.207055 #14566] DEBUG -- : generating weighed rated selections...
D, [2018-03-31T11:08:22.220034 #14566] DEBUG -- : scoring weighed rated selections...
D, [2018-03-31T11:08:22.220165 #14566] DEBUG -- : Scoring new state: {:rating=>10, :state=>{:unknown=>1, :possibly_lighter=>0, :possibly_heavier=>0, :normal=>2}}
D, [2018-03-31T11:08:22.223013 #14566] DEBUG -- : calculating updated score for older state...
D, [2018-03-31T11:08:22.226510 #14566] DEBUG -- : generating weighed rated selections...
D, [2018-03-31T11:08:22.246055 #14566] DEBUG -- : scoring weighed rated selections...
D, [2018-03-31T11:08:22.246160 #14566] DEBUG -- : Saving scored selections...
D, [2018-03-31T11:08:22.249489 #14566] DEBUG -- : State Score successfully calculated


D, [2018-03-31T11:08:22.249579 #14566] DEBUG -- : Scoring new state: {:rating=>9, :state=>{:unknown=>0, :possibly_lighter=>1, :possibly_heavier=>1, :normal=>1}}
D, [2018-03-31T11:08:22.252163 #14566] DEBUG -- : calculating updated score for older state...
D, [2018-03-31T11:08:22.255633 #14566] DEBUG -- : generating weighed rated selections...
D, [2018-03-31T11:08:22.284887 #14566] DEBUG -- : scoring weighed rated selections...
D, [2018-03-31T11:08:22.284994 #14566] DEBUG -- : Saving scored selections...
D, [2018-03-31T11:08:22.289941 #14566] DEBUG -- : State Score successfully calculated


D, [2018-03-31T11:08:22.290026 #14566] DEBUG -- : Saving scored selections...
D, [2018-03-31T11:08:22.295268 #14566] DEBUG -- : -------> building selection...
D, [2018-03-31T11:08:22.296072 #14566] DEBUG -- : -------> building new state...
D, [2018-03-31T11:08:22.296328 #14566] DEBUG -- : -------> building new state...
D, [2018-03-31T11:08:22.296540 #14566] DEBUG -- : -------> building selection...
D, [2018-03-31T11:08:22.296842 #14566] DEBUG -- : -------> building new state...
D, [2018-03-31T11:08:22.296947 #14566] DEBUG -- : -------> building new state...
D, [2018-03-31T11:08:22.297170 #14566] DEBUG -- : -------> building selection...
D, [2018-03-31T11:08:22.297602 #14566] DEBUG -- : -------> building new state...
D, [2018-03-31T11:08:22.297738 #14566] DEBUG -- : -------> building new state...
D, [2018-03-31T11:08:22.297918 #14566] DEBUG -- : -------> building selection...
D, [2018-03-31T11:08:22.298265 #14566] DEBUG -- : -------> building new state...
D, [2018-03-31T11:08:22.298372 #14566] DEBUG -- : -------> building new state...
D, [2018-03-31T11:08:22.298642 #14566] DEBUG -- : -------> building selection...
D, [2018-03-31T11:08:22.298963 #14566] DEBUG -- : -------> building new state...
D, [2018-03-31T11:08:22.299105 #14566] DEBUG -- : -------> building new state...
D, [2018-03-31T11:08:22.299279 #14566] DEBUG -- : -------> building selection...
D, [2018-03-31T11:08:22.299580 #14566] DEBUG -- : -------> building new state...
D, [2018-03-31T11:08:22.299685 #14566] DEBUG -- : -------> building new state...
D, [2018-03-31T11:08:22.370274 #14566] DEBUG -- : calculating updated score for older state...
D, [2018-03-31T11:08:22.374248 #14566] DEBUG -- : generating weighed rated selections...
D, [2018-03-31T11:08:22.387484 #14566] DEBUG -- : scoring weighed rated selections...
D, [2018-03-31T11:08:22.387637 #14566] DEBUG -- : Scoring new state: {:rating=>10, :state=>{:unknown=>1, :possibly_lighter=>0, :possibly_heavier=>0, :normal=>2}}
D, [2018-03-31T11:08:22.390798 #14566] DEBUG -- : calculating updated score for older state...
D, [2018-03-31T11:08:22.397171 #14566] DEBUG -- : generating weighed rated selections...
D, [2018-03-31T11:08:22.417326 #14566] DEBUG -- : scoring weighed rated selections...
D, [2018-03-31T11:08:22.417436 #14566] DEBUG -- : Saving scored selections...
D, [2018-03-31T11:08:22.420767 #14566] DEBUG -- : State Score successfully calculated


D, [2018-03-31T11:08:22.420856 #14566] DEBUG -- : Scoring new state: {:rating=>9, :state=>{:unknown=>0, :possibly_lighter=>1, :possibly_heavier=>1, :normal=>1}}
D, [2018-03-31T11:08:22.423471 #14566] DEBUG -- : calculating updated score for older state...
D, [2018-03-31T11:08:22.426979 #14566] DEBUG -- : generating weighed rated selections...
D, [2018-03-31T11:08:22.457154 #14566] DEBUG -- : scoring weighed rated selections...
D, [2018-03-31T11:08:22.457261 #14566] DEBUG -- : Saving scored selections...
D, [2018-03-31T11:08:22.462030 #14566] DEBUG -- : State Score successfully calculated


D, [2018-03-31T11:08:22.462115 #14566] DEBUG -- : Saving scored selections...
D, [2018-03-31T11:08:22.466445 #14566] DEBUG -- : -------> building new state...
D, [2018-03-31T11:08:22.467175 #14566] DEBUG -- : -------> building new state...
D, [2018-03-31T11:08:23.040154 #14566] DEBUG -- : calculating updated score for older state...
D, [2018-03-31T11:08:23.043809 #14566] DEBUG -- : generating weighed rated selections...
D, [2018-03-31T11:08:23.056637 #14566] DEBUG -- : scoring weighed rated selections...
D, [2018-03-31T11:08:23.056762 #14566] DEBUG -- : Scoring new state: {:rating=>10, :state=>{:unknown=>1, :possibly_lighter=>0, :possibly_heavier=>0, :normal=>2}}
D, [2018-03-31T11:08:23.059627 #14566] DEBUG -- : calculating updated score for older state...
D, [2018-03-31T11:08:23.063192 #14566] DEBUG -- : generating weighed rated selections...
D, [2018-03-31T11:08:23.082794 #14566] DEBUG -- : scoring weighed rated selections...
D, [2018-03-31T11:08:23.082896 #14566] DEBUG -- : Saving scored selections...
D, [2018-03-31T11:08:23.086133 #14566] DEBUG -- : State Score successfully calculated


D, [2018-03-31T11:08:23.086224 #14566] DEBUG -- : Scoring new state: {:rating=>9, :state=>{:unknown=>0, :possibly_lighter=>1, :possibly_heavier=>1, :normal=>1}}
D, [2018-03-31T11:08:23.088782 #14566] DEBUG -- : calculating updated score for older state...
D, [2018-03-31T11:08:23.092369 #14566] DEBUG -- : generating weighed rated selections...
D, [2018-03-31T11:08:23.122142 #14566] DEBUG -- : scoring weighed rated selections...
D, [2018-03-31T11:08:23.122249 #14566] DEBUG -- : Saving scored selections...
D, [2018-03-31T11:08:23.127212 #14566] DEBUG -- : State Score successfully calculated


D, [2018-03-31T11:08:23.127286 #14566] DEBUG -- : Saving scored selections...
D, [2018-03-31T11:08:23.202624 #14566] DEBUG -- : calculating updated score for older state...
D, [2018-03-31T11:08:23.206192 #14566] DEBUG -- : generating weighed rated selections...
D, [2018-03-31T11:08:23.218979 #14566] DEBUG -- : scoring weighed rated selections...
D, [2018-03-31T11:08:23.219073 #14566] DEBUG -- : Scoring new state: {:rating=>10, :state=>{:unknown=>1, :possibly_lighter=>0, :possibly_heavier=>0, :normal=>2}}
D, [2018-03-31T11:08:23.221828 #14566] DEBUG -- : calculating updated score for older state...
D, [2018-03-31T11:08:23.225387 #14566] DEBUG -- : generating weighed rated selections...
D, [2018-03-31T11:08:23.244999 #14566] DEBUG -- : scoring weighed rated selections...
D, [2018-03-31T11:08:23.245105 #14566] DEBUG -- : Saving scored selections...
D, [2018-03-31T11:08:23.248356 #14566] DEBUG -- : State Score successfully calculated


D, [2018-03-31T11:08:23.248448 #14566] DEBUG -- : Scoring new state: {:rating=>9, :state=>{:unknown=>0, :possibly_lighter=>1, :possibly_heavier=>1, :normal=>1}}
D, [2018-03-31T11:08:23.251106 #14566] DEBUG -- : calculating updated score for older state...
D, [2018-03-31T11:08:23.254578 #14566] DEBUG -- : generating weighed rated selections...
D, [2018-03-31T11:08:23.284582 #14566] DEBUG -- : scoring weighed rated selections...
D, [2018-03-31T11:08:23.284668 #14566] DEBUG -- : Saving scored selections...
D, [2018-03-31T11:08:23.289566 #14566] DEBUG -- : State Score successfully calculated


D, [2018-03-31T11:08:23.289650 #14566] DEBUG -- : Saving scored selections...
D, [2018-03-31T11:08:23.390528 #14566] DEBUG -- : calculating updated score for older state...
D, [2018-03-31T11:08:23.394136 #14566] DEBUG -- : generating weighed rated selections...
D, [2018-03-31T11:08:23.406934 #14566] DEBUG -- : scoring weighed rated selections...
D, [2018-03-31T11:08:23.407092 #14566] DEBUG -- : Scoring new state: {:rating=>10, :state=>{:unknown=>1, :possibly_lighter=>0, :possibly_heavier=>0, :normal=>2}}
D, [2018-03-31T11:08:23.409934 #14566] DEBUG -- : calculating updated score for older state...
D, [2018-03-31T11:08:23.413453 #14566] DEBUG -- : generating weighed rated selections...
D, [2018-03-31T11:08:23.450191 #14566] DEBUG -- : scoring weighed rated selections...
D, [2018-03-31T11:08:23.450297 #14566] DEBUG -- : Saving scored selections...
D, [2018-03-31T11:08:23.453631 #14566] DEBUG -- : State Score successfully calculated


D, [2018-03-31T11:08:23.453723 #14566] DEBUG -- : Scoring new state: {:rating=>9, :state=>{:unknown=>0, :possibly_lighter=>1, :possibly_heavier=>1, :normal=>1}}
D, [2018-03-31T11:08:23.456376 #14566] DEBUG -- : calculating updated score for older state...
D, [2018-03-31T11:08:23.459846 #14566] DEBUG -- : generating weighed rated selections...
D, [2018-03-31T11:08:23.489638 #14566] DEBUG -- : scoring weighed rated selections...
D, [2018-03-31T11:08:23.489729 #14566] DEBUG -- : Saving scored selections...
D, [2018-03-31T11:08:23.494437 #14566] DEBUG -- : State Score successfully calculated


D, [2018-03-31T11:08:23.494536 #14566] DEBUG -- : Saving scored selections...
D, [2018-03-31T11:08:23.583954 #14566] DEBUG -- : calculating updated score for older state...
D, [2018-03-31T11:08:23.587564 #14566] DEBUG -- : generating weighed rated selections...
D, [2018-03-31T11:08:23.600835 #14566] DEBUG -- : scoring weighed rated selections...
D, [2018-03-31T11:08:23.600942 #14566] DEBUG -- : Scoring new state: {:rating=>10, :state=>{:unknown=>1, :possibly_lighter=>0, :possibly_heavier=>0, :normal=>2}}
D, [2018-03-31T11:08:23.603866 #14566] DEBUG -- : calculating updated score for older state...
D, [2018-03-31T11:08:23.607464 #14566] DEBUG -- : generating weighed rated selections...
D, [2018-03-31T11:08:23.627699 #14566] DEBUG -- : scoring weighed rated selections...
D, [2018-03-31T11:08:23.627813 #14566] DEBUG -- : Saving scored selections...
D, [2018-03-31T11:08:23.631180 #14566] DEBUG -- : State Score successfully calculated


D, [2018-03-31T11:08:23.631260 #14566] DEBUG -- : Scoring new state: {:rating=>9, :state=>{:unknown=>0, :possibly_lighter=>1, :possibly_heavier=>1, :normal=>1}}
D, [2018-03-31T11:08:23.633876 #14566] DEBUG -- : calculating updated score for older state...
D, [2018-03-31T11:08:23.637505 #14566] DEBUG -- : generating weighed rated selections...
D, [2018-03-31T11:08:23.667888 #14566] DEBUG -- : scoring weighed rated selections...
D, [2018-03-31T11:08:23.667999 #14566] DEBUG -- : Saving scored selections...
D, [2018-03-31T11:08:23.672911 #14566] DEBUG -- : State Score successfully calculated


D, [2018-03-31T11:08:23.672984 #14566] DEBUG -- : Saving scored selections...
D, [2018-03-31T11:08:23.747782 #14566] DEBUG -- : calculating updated score for older state...
D, [2018-03-31T11:08:23.751393 #14566] DEBUG -- : generating weighed rated selections...
D, [2018-03-31T11:08:23.764357 #14566] DEBUG -- : scoring weighed rated selections...
D, [2018-03-31T11:08:23.764455 #14566] DEBUG -- : Scoring new state: {:rating=>10, :state=>{:unknown=>1, :possibly_lighter=>0, :possibly_heavier=>0, :normal=>2}}
D, [2018-03-31T11:08:23.767232 #14566] DEBUG -- : calculating updated score for older state...
D, [2018-03-31T11:08:23.770788 #14566] DEBUG -- : generating weighed rated selections...
D, [2018-03-31T11:08:23.791520 #14566] DEBUG -- : scoring weighed rated selections...
D, [2018-03-31T11:08:23.791635 #14566] DEBUG -- : Saving scored selections...
D, [2018-03-31T11:08:23.794980 #14566] DEBUG -- : State Score successfully calculated


D, [2018-03-31T11:08:23.795058 #14566] DEBUG -- : Scoring new state: {:rating=>9, :state=>{:unknown=>0, :possibly_lighter=>1, :possibly_heavier=>1, :normal=>1}}
D, [2018-03-31T11:08:23.797646 #14566] DEBUG -- : calculating updated score for older state...
D, [2018-03-31T11:08:23.801153 #14566] DEBUG -- : generating weighed rated selections...
D, [2018-03-31T11:08:23.831635 #14566] DEBUG -- : scoring weighed rated selections...
D, [2018-03-31T11:08:23.831809 #14566] DEBUG -- : Saving scored selections...
D, [2018-03-31T11:08:23.838264 #14566] DEBUG -- : State Score successfully calculated


D, [2018-03-31T11:08:23.838354 #14566] DEBUG -- : Saving scored selections...
D, [2018-03-31T11:08:23.913828 #14566] DEBUG -- : calculating updated score for older state...
D, [2018-03-31T11:08:23.917444 #14566] DEBUG -- : generating weighed rated selections...
D, [2018-03-31T11:08:23.930491 #14566] DEBUG -- : scoring weighed rated selections...
D, [2018-03-31T11:08:23.930586 #14566] DEBUG -- : Scoring new state: {:rating=>10, :state=>{:unknown=>1, :possibly_lighter=>0, :possibly_heavier=>0, :normal=>2}}
D, [2018-03-31T11:08:23.933466 #14566] DEBUG -- : calculating updated score for older state...
D, [2018-03-31T11:08:23.937440 #14566] DEBUG -- : generating weighed rated selections...
D, [2018-03-31T11:08:23.957595 #14566] DEBUG -- : scoring weighed rated selections...
D, [2018-03-31T11:08:23.957710 #14566] DEBUG -- : Saving scored selections...
D, [2018-03-31T11:08:23.961030 #14566] DEBUG -- : State Score successfully calculated


D, [2018-03-31T11:08:23.961124 #14566] DEBUG -- : Scoring new state: {:rating=>9, :state=>{:unknown=>0, :possibly_lighter=>1, :possibly_heavier=>1, :normal=>1}}
D, [2018-03-31T11:08:23.963834 #14566] DEBUG -- : calculating updated score for older state...
D, [2018-03-31T11:08:23.967487 #14566] DEBUG -- : generating weighed rated selections...
D, [2018-03-31T11:08:23.997526 #14566] DEBUG -- : scoring weighed rated selections...
D, [2018-03-31T11:08:23.997652 #14566] DEBUG -- : Saving scored selections...
D, [2018-03-31T11:08:24.003759 #14566] DEBUG -- : State Score successfully calculated


D, [2018-03-31T11:08:24.003846 #14566] DEBUG -- : Saving scored selections...
D, [2018-03-31T11:08:24.078932 #14566] DEBUG -- : calculating updated score for older state...
D, [2018-03-31T11:08:24.082548 #14566] DEBUG -- : generating weighed rated selections...
D, [2018-03-31T11:08:24.097677 #14566] DEBUG -- : scoring weighed rated selections...
D, [2018-03-31T11:08:24.097818 #14566] DEBUG -- : Scoring new state: {:rating=>10, :state=>{:unknown=>1, :possibly_lighter=>0, :possibly_heavier=>0, :normal=>2}}
D, [2018-03-31T11:08:24.100500 #14566] DEBUG -- : calculating updated score for older state...
D, [2018-03-31T11:08:24.104316 #14566] DEBUG -- : generating weighed rated selections...
D, [2018-03-31T11:08:24.124111 #14566] DEBUG -- : scoring weighed rated selections...
D, [2018-03-31T11:08:24.124219 #14566] DEBUG -- : Saving scored selections...
D, [2018-03-31T11:08:24.127683 #14566] DEBUG -- : State Score successfully calculated


D, [2018-03-31T11:08:24.127772 #14566] DEBUG -- : Scoring new state: {:rating=>9, :state=>{:unknown=>0, :possibly_lighter=>1, :possibly_heavier=>1, :normal=>1}}
D, [2018-03-31T11:08:24.130335 #14566] DEBUG -- : calculating updated score for older state...
D, [2018-03-31T11:08:24.133805 #14566] DEBUG -- : generating weighed rated selections...
D, [2018-03-31T11:08:24.164219 #14566] DEBUG -- : scoring weighed rated selections...
D, [2018-03-31T11:08:24.164312 #14566] DEBUG -- : Saving scored selections...
D, [2018-03-31T11:08:24.169258 #14566] DEBUG -- : State Score successfully calculated


D, [2018-03-31T11:08:24.169344 #14566] DEBUG -- : Saving scored selections...
D, [2018-03-31T11:08:24.248528 #14566] DEBUG -- : calculating updated score for older state...
D, [2018-03-31T11:08:24.252601 #14566] DEBUG -- : generating weighed rated selections...
D, [2018-03-31T11:08:24.265618 #14566] DEBUG -- : scoring weighed rated selections...
D, [2018-03-31T11:08:24.265742 #14566] DEBUG -- : Scoring new state: {:rating=>10, :state=>{:unknown=>1, :possibly_lighter=>0, :possibly_heavier=>0, :normal=>2}}
D, [2018-03-31T11:08:24.268686 #14566] DEBUG -- : calculating updated score for older state...
D, [2018-03-31T11:08:24.272250 #14566] DEBUG -- : generating weighed rated selections...
D, [2018-03-31T11:08:24.292236 #14566] DEBUG -- : scoring weighed rated selections...
D, [2018-03-31T11:08:24.292349 #14566] DEBUG -- : Saving scored selections...
D, [2018-03-31T11:08:24.295631 #14566] DEBUG -- : State Score successfully calculated


D, [2018-03-31T11:08:24.295741 #14566] DEBUG -- : Scoring new state: {:rating=>9, :state=>{:unknown=>0, :possibly_lighter=>1, :possibly_heavier=>1, :normal=>1}}
D, [2018-03-31T11:08:24.298371 #14566] DEBUG -- : calculating updated score for older state...
D, [2018-03-31T11:08:24.301866 #14566] DEBUG -- : generating weighed rated selections...
D, [2018-03-31T11:08:24.331284 #14566] DEBUG -- : scoring weighed rated selections...
D, [2018-03-31T11:08:24.331424 #14566] DEBUG -- : Saving scored selections...
D, [2018-03-31T11:08:24.336178 #14566] DEBUG -- : State Score successfully calculated


D, [2018-03-31T11:08:24.336262 #14566] DEBUG -- : Saving scored selections...
D, [2018-03-31T11:08:24.414911 #14566] DEBUG -- : calculating updated score for older state...
D, [2018-03-31T11:08:24.418434 #14566] DEBUG -- : generating weighed rated selections...
D, [2018-03-31T11:08:24.431425 #14566] DEBUG -- : scoring weighed rated selections...
D, [2018-03-31T11:08:24.431545 #14566] DEBUG -- : Scoring new state: {:rating=>10, :state=>{:unknown=>1, :possibly_lighter=>0, :possibly_heavier=>0, :normal=>2}}
D, [2018-03-31T11:08:24.434304 #14566] DEBUG -- : calculating updated score for older state...
D, [2018-03-31T11:08:24.438005 #14566] DEBUG -- : generating weighed rated selections...
D, [2018-03-31T11:08:24.457665 #14566] DEBUG -- : scoring weighed rated selections...
D, [2018-03-31T11:08:24.457769 #14566] DEBUG -- : Saving scored selections...
D, [2018-03-31T11:08:24.461067 #14566] DEBUG -- : State Score successfully calculated


D, [2018-03-31T11:08:24.461157 #14566] DEBUG -- : Scoring new state: {:rating=>9, :state=>{:unknown=>0, :possibly_lighter=>1, :possibly_heavier=>1, :normal=>1}}
D, [2018-03-31T11:08:24.463737 #14566] DEBUG -- : calculating updated score for older state...
D, [2018-03-31T11:08:24.467274 #14566] DEBUG -- : generating weighed rated selections...
D, [2018-03-31T11:08:24.497324 #14566] DEBUG -- : scoring weighed rated selections...
D, [2018-03-31T11:08:24.497437 #14566] DEBUG -- : Saving scored selections...
D, [2018-03-31T11:08:24.502392 #14566] DEBUG -- : State Score successfully calculated


D, [2018-03-31T11:08:24.502475 #14566] DEBUG -- : Saving scored selections...
D, [2018-03-31T11:08:24.582982 #14566] DEBUG -- : calculating updated score for older state...
D, [2018-03-31T11:08:24.586841 #14566] DEBUG -- : generating weighed rated selections...
D, [2018-03-31T11:08:24.600054 #14566] DEBUG -- : scoring weighed rated selections...
D, [2018-03-31T11:08:24.600179 #14566] DEBUG -- : Scoring new state: {:rating=>10, :state=>{:unknown=>1, :possibly_lighter=>0, :possibly_heavier=>0, :normal=>2}}
D, [2018-03-31T11:08:24.603154 #14566] DEBUG -- : calculating updated score for older state...
D, [2018-03-31T11:08:24.606678 #14566] DEBUG -- : generating weighed rated selections...
D, [2018-03-31T11:08:24.626368 #14566] DEBUG -- : scoring weighed rated selections...
D, [2018-03-31T11:08:24.626478 #14566] DEBUG -- : Saving scored selections...
D, [2018-03-31T11:08:24.629925 #14566] DEBUG -- : State Score successfully calculated


D, [2018-03-31T11:08:24.630025 #14566] DEBUG -- : Scoring new state: {:rating=>9, :state=>{:unknown=>0, :possibly_lighter=>1, :possibly_heavier=>1, :normal=>1}}
D, [2018-03-31T11:08:24.632710 #14566] DEBUG -- : calculating updated score for older state...
D, [2018-03-31T11:08:24.636440 #14566] DEBUG -- : generating weighed rated selections...
D, [2018-03-31T11:08:24.666455 #14566] DEBUG -- : scoring weighed rated selections...
D, [2018-03-31T11:08:24.666551 #14566] DEBUG -- : Saving scored selections...
D, [2018-03-31T11:08:24.671625 #14566] DEBUG -- : State Score successfully calculated


D, [2018-03-31T11:08:24.671726 #14566] DEBUG -- : Saving scored selections...
D, [2018-03-31T11:08:24.750019 #14566] DEBUG -- : calculating updated score for older state...
D, [2018-03-31T11:08:24.753650 #14566] DEBUG -- : generating weighed rated selections...
D, [2018-03-31T11:08:24.767187 #14566] DEBUG -- : scoring weighed rated selections...
D, [2018-03-31T11:08:24.767303 #14566] DEBUG -- : Scoring new state: {:rating=>10, :state=>{:unknown=>1, :possibly_lighter=>0, :possibly_heavier=>0, :normal=>2}}
D, [2018-03-31T11:08:24.770107 #14566] DEBUG -- : calculating updated score for older state...
D, [2018-03-31T11:08:24.773699 #14566] DEBUG -- : generating weighed rated selections...
D, [2018-03-31T11:08:24.793619 #14566] DEBUG -- : scoring weighed rated selections...
D, [2018-03-31T11:08:24.793730 #14566] DEBUG -- : Saving scored selections...
D, [2018-03-31T11:08:24.797017 #14566] DEBUG -- : State Score successfully calculated


D, [2018-03-31T11:08:24.797110 #14566] DEBUG -- : Scoring new state: {:rating=>9, :state=>{:unknown=>0, :possibly_lighter=>1, :possibly_heavier=>1, :normal=>1}}
D, [2018-03-31T11:08:24.799737 #14566] DEBUG -- : calculating updated score for older state...
D, [2018-03-31T11:08:24.805196 #14566] DEBUG -- : generating weighed rated selections...
D, [2018-03-31T11:08:24.834706 #14566] DEBUG -- : scoring weighed rated selections...
D, [2018-03-31T11:08:24.834834 #14566] DEBUG -- : Saving scored selections...
D, [2018-03-31T11:08:24.839623 #14566] DEBUG -- : State Score successfully calculated


D, [2018-03-31T11:08:24.839706 #14566] DEBUG -- : Saving scored selections...
D, [2018-03-31T11:08:24.914016 #14566] DEBUG -- : calculating updated score for older state...
D, [2018-03-31T11:08:24.917703 #14566] DEBUG -- : generating weighed rated selections...
D, [2018-03-31T11:08:24.930592 #14566] DEBUG -- : scoring weighed rated selections...
D, [2018-03-31T11:08:24.930711 #14566] DEBUG -- : Scoring new state: {:rating=>10, :state=>{:unknown=>1, :possibly_lighter=>0, :possibly_heavier=>0, :normal=>2}}
D, [2018-03-31T11:08:24.933598 #14566] DEBUG -- : calculating updated score for older state...
D, [2018-03-31T11:08:24.937139 #14566] DEBUG -- : generating weighed rated selections...
D, [2018-03-31T11:08:24.957041 #14566] DEBUG -- : scoring weighed rated selections...
D, [2018-03-31T11:08:24.957158 #14566] DEBUG -- : Saving scored selections...
D, [2018-03-31T11:08:24.960522 #14566] DEBUG -- : State Score successfully calculated


D, [2018-03-31T11:08:24.960605 #14566] DEBUG -- : Scoring new state: {:rating=>9, :state=>{:unknown=>0, :possibly_lighter=>1, :possibly_heavier=>1, :normal=>1}}
D, [2018-03-31T11:08:24.963250 #14566] DEBUG -- : calculating updated score for older state...
D, [2018-03-31T11:08:24.967820 #14566] DEBUG -- : generating weighed rated selections...
D, [2018-03-31T11:08:24.998075 #14566] DEBUG -- : scoring weighed rated selections...
D, [2018-03-31T11:08:24.998190 #14566] DEBUG -- : Saving scored selections...
D, [2018-03-31T11:08:25.003012 #14566] DEBUG -- : State Score successfully calculated


D, [2018-03-31T11:08:25.003090 #14566] DEBUG -- : Saving scored selections...
D, [2018-03-31T11:08:25.078735 #14566] DEBUG -- : calculating updated score for older state...
D, [2018-03-31T11:08:25.082391 #14566] DEBUG -- : generating weighed rated selections...
D, [2018-03-31T11:08:25.094988 #14566] DEBUG -- : scoring weighed rated selections...
D, [2018-03-31T11:08:25.095108 #14566] DEBUG -- : Scoring new state: {:rating=>10, :state=>{:unknown=>1, :possibly_lighter=>0, :possibly_heavier=>0, :normal=>2}}
D, [2018-03-31T11:08:25.097922 #14566] DEBUG -- : calculating updated score for older state...
D, [2018-03-31T11:08:25.101484 #14566] DEBUG -- : generating weighed rated selections...
D, [2018-03-31T11:08:25.121339 #14566] DEBUG -- : scoring weighed rated selections...
D, [2018-03-31T11:08:25.121456 #14566] DEBUG -- : Saving scored selections...
D, [2018-03-31T11:08:25.124818 #14566] DEBUG -- : State Score successfully calculated


D, [2018-03-31T11:08:25.124908 #14566] DEBUG -- : Scoring new state: {:rating=>9, :state=>{:unknown=>0, :possibly_lighter=>1, :possibly_heavier=>1, :normal=>1}}
D, [2018-03-31T11:08:25.127583 #14566] DEBUG -- : calculating updated score for older state...
D, [2018-03-31T11:08:25.131155 #14566] DEBUG -- : generating weighed rated selections...
D, [2018-03-31T11:08:25.160299 #14566] DEBUG -- : scoring weighed rated selections...
D, [2018-03-31T11:08:25.162875 #14566] DEBUG -- : Saving scored selections...
D, [2018-03-31T11:08:25.167711 #14566] DEBUG -- : State Score successfully calculated


D, [2018-03-31T11:08:25.167779 #14566] DEBUG -- : Saving scored selections...
D, [2018-03-31T11:08:25.243508 #14566] DEBUG -- : calculating updated score for older state...
D, [2018-03-31T11:08:25.247184 #14566] DEBUG -- : generating weighed rated selections...
D, [2018-03-31T11:08:25.260082 #14566] DEBUG -- : scoring weighed rated selections...
D, [2018-03-31T11:08:25.260199 #14566] DEBUG -- : Scoring new state: {:rating=>10, :state=>{:unknown=>1, :possibly_lighter=>0, :possibly_heavier=>0, :normal=>2}}
D, [2018-03-31T11:08:25.263122 #14566] DEBUG -- : calculating updated score for older state...
D, [2018-03-31T11:08:25.266588 #14566] DEBUG -- : generating weighed rated selections...
D, [2018-03-31T11:08:25.286848 #14566] DEBUG -- : scoring weighed rated selections...
D, [2018-03-31T11:08:25.286982 #14566] DEBUG -- : Saving scored selections...
D, [2018-03-31T11:08:25.290406 #14566] DEBUG -- : State Score successfully calculated


D, [2018-03-31T11:08:25.290499 #14566] DEBUG -- : Scoring new state: {:rating=>9, :state=>{:unknown=>0, :possibly_lighter=>1, :possibly_heavier=>1, :normal=>1}}
D, [2018-03-31T11:08:25.293207 #14566] DEBUG -- : calculating updated score for older state...
D, [2018-03-31T11:08:25.296772 #14566] DEBUG -- : generating weighed rated selections...
D, [2018-03-31T11:08:25.326616 #14566] DEBUG -- : scoring weighed rated selections...
D, [2018-03-31T11:08:25.326731 #14566] DEBUG -- : Saving scored selections...
D, [2018-03-31T11:08:25.331793 #14566] DEBUG -- : State Score successfully calculated


D, [2018-03-31T11:08:25.331875 #14566] DEBUG -- : Saving scored selections...
D, [2018-03-31T11:08:26.018170 #14566] DEBUG -- : Scoring new state: {:rating=>31, :state=>{:unknown=>0, :possibly_lighter=>1, :possibly_heavier=>2, :normal=>5}}
D, [2018-03-31T11:08:26.021284 #14566] DEBUG -- : generating score for new state...
D, [2018-03-31T11:08:26.025072 #14566] DEBUG -- : new state info recorded
D, [2018-03-31T11:08:26.028506 #14566] DEBUG -- : generating weighed rated selections...
D, [2018-03-31T11:08:26.241491 #14566] DEBUG -- : scoring weighed rated selections...
D, [2018-03-31T11:08:26.241623 #14566] DEBUG -- : Saving scored selections...
D, [2018-03-31T11:08:26.248849 #14566] DEBUG -- : State Score successfully calculated


D, [2018-03-31T11:08:26.249062 #14566] DEBUG -- : Scoring new state: {:rating=>34, :state=>{:unknown=>0, :possibly_lighter=>1, :possibly_heavier=>1, :normal=>6}}
D, [2018-03-31T11:08:26.251951 #14566] DEBUG -- : calculating updated score for older state...
D, [2018-03-31T11:08:26.255614 #14566] DEBUG -- : generating weighed rated selections...
D, [2018-03-31T11:08:26.360231 #14566] DEBUG -- : scoring weighed rated selections...
D, [2018-03-31T11:08:26.360366 #14566] DEBUG -- : Saving scored selections...
D, [2018-03-31T11:08:26.375827 #14566] DEBUG -- : State Score successfully calculated


D, [2018-03-31T11:08:26.375922 #14566] DEBUG -- : Scoring new state: {:rating=>31, :state=>{:unknown=>0, :possibly_lighter=>2, :possibly_heavier=>1, :normal=>5}}
D, [2018-03-31T11:08:26.378587 #14566] DEBUG -- : generating score for new state...
D, [2018-03-31T11:08:26.382096 #14566] DEBUG -- : new state info recorded
D, [2018-03-31T11:08:26.385532 #14566] DEBUG -- : generating weighed rated selections...
D, [2018-03-31T11:08:26.583674 #14566] DEBUG -- : scoring weighed rated selections...
D, [2018-03-31T11:08:26.583810 #14566] DEBUG -- : Saving scored selections...
D, [2018-03-31T11:08:26.590991 #14566] DEBUG -- : State Score successfully calculated


D, [2018-03-31T11:08:26.591095 #14566] DEBUG -- : Scoring new state: {:rating=>34, :state=>{:unknown=>0, :possibly_lighter=>1, :possibly_heavier=>1, :normal=>6}}
D, [2018-03-31T11:08:26.593715 #14566] DEBUG -- : returning fully calculated score...
D, [2018-03-31T11:08:26.593775 #14566] DEBUG -- : State Score successfully calculated


D, [2018-03-31T11:08:26.659499 #14566] DEBUG -- : Scoring new state: {:rating=>29, :state=>{:unknown=>1, :possibly_lighter=>2, :possibly_heavier=>0, :normal=>5}}
D, [2018-03-31T11:08:26.663484 #14566] DEBUG -- : generating score for new state...
D, [2018-03-31T11:08:26.667058 #14566] DEBUG -- : new state info recorded
D, [2018-03-31T11:08:26.670532 #14566] DEBUG -- : generating weighed rated selections...
D, [2018-03-31T11:08:26.910849 #14566] DEBUG -- : scoring weighed rated selections...
D, [2018-03-31T11:08:26.910990 #14566] DEBUG -- : Scoring new state: {:rating=>32, :state=>{:unknown=>1, :possibly_lighter=>1, :possibly_heavier=>0, :normal=>6}}
D, [2018-03-31T11:08:26.913910 #14566] DEBUG -- : calculating updated score for older state...
D, [2018-03-31T11:08:26.917510 #14566] DEBUG -- : generating weighed rated selections...
D, [2018-03-31T11:08:27.048955 #14566] DEBUG -- : scoring weighed rated selections...
D, [2018-03-31T11:08:27.049086 #14566] DEBUG -- : Saving scored selections...
D, [2018-03-31T11:08:27.055479 #14566] DEBUG -- : State Score successfully calculated


D, [2018-03-31T11:08:27.055575 #14566] DEBUG -- : Scoring new state: {:rating=>37, :state=>{:unknown=>0, :possibly_lighter=>1, :possibly_heavier=>0, :normal=>7}}
D, [2018-03-31T11:08:27.055602 #14566] DEBUG -- : State Score successfully calculated


D, [2018-03-31T11:08:27.055638 #14566] DEBUG -- : Scoring new state: {:rating=>37, :state=>{:unknown=>0, :possibly_lighter=>0, :possibly_heavier=>1, :normal=>7}}
D, [2018-03-31T11:08:27.055658 #14566] DEBUG -- : State Score successfully calculated


D, [2018-03-31T11:08:27.055684 #14566] DEBUG -- : Scoring new state: {:rating=>37, :state=>{:unknown=>0, :possibly_lighter=>1, :possibly_heavier=>0, :normal=>7}}
D, [2018-03-31T11:08:27.055702 #14566] DEBUG -- : State Score successfully calculated


D, [2018-03-31T11:08:27.055727 #14566] DEBUG -- : Scoring new state: {:rating=>34, :state=>{:unknown=>0, :possibly_lighter=>2, :possibly_heavier=>0, :normal=>6}}
D, [2018-03-31T11:08:27.058283 #14566] DEBUG -- : calculating updated score for older state...
D, [2018-03-31T11:08:27.061793 #14566] DEBUG -- : generating weighed rated selections...
D, [2018-03-31T11:08:27.106251 #14566] DEBUG -- : scoring weighed rated selections...
D, [2018-03-31T11:08:27.106366 #14566] DEBUG -- : Saving scored selections...
D, [2018-03-31T11:08:27.117429 #14566] DEBUG -- : State Score successfully calculated


D, [2018-03-31T11:08:27.117521 #14566] DEBUG -- : Scoring new state: {:rating=>32, :state=>{:unknown=>1, :possibly_lighter=>1, :possibly_heavier=>0, :normal=>6}}
D, [2018-03-31T11:08:27.120145 #14566] DEBUG -- : calculating updated score for older state...
D, [2018-03-31T11:08:27.123907 #14566] DEBUG -- : generating weighed rated selections...
D, [2018-03-31T11:08:27.124992 #14566] DEBUG -- : -------> building selection...
D, [2018-03-31T11:08:27.125817 #14566] DEBUG -- : -------> building new state...
D, [2018-03-31T11:08:27.126201 #14566] DEBUG -- : -------> building new state...
D, [2018-03-31T11:08:27.126424 #14566] DEBUG -- : -------> building selection...
D, [2018-03-31T11:08:27.126749 #14566] DEBUG -- : -------> building new state...
D, [2018-03-31T11:08:27.126958 #14566] DEBUG -- : -------> building new state...
D, [2018-03-31T11:08:27.127207 #14566] DEBUG -- : -------> building selection...
D, [2018-03-31T11:08:27.127624 #14566] DEBUG -- : -------> building new state...
D, [2018-03-31T11:08:27.127752 #14566] DEBUG -- : -------> building new state...
D, [2018-03-31T11:08:27.127943 #14566] DEBUG -- : -------> building selection...
D, [2018-03-31T11:08:27.128251 #14566] DEBUG -- : -------> building new state...
D, [2018-03-31T11:08:27.128362 #14566] DEBUG -- : -------> building new state...
D, [2018-03-31T11:08:27.128549 #14566] DEBUG -- : -------> building selection...
D, [2018-03-31T11:08:27.128871 #14566] DEBUG -- : -------> building new state...
D, [2018-03-31T11:08:27.128971 #14566] DEBUG -- : -------> building new state...
D, [2018-03-31T11:08:27.129148 #14566] DEBUG -- : -------> building selection...
D, [2018-03-31T11:08:27.129481 #14566] DEBUG -- : -------> building new state...
D, [2018-03-31T11:08:27.129580 #14566] DEBUG -- : -------> building new state...
D, [2018-03-31T11:08:27.129758 #14566] DEBUG -- : -------> building selection...
D, [2018-03-31T11:08:27.130089 #14566] DEBUG -- : -------> building new state...
D, [2018-03-31T11:08:27.130191 #14566] DEBUG -- : -------> building new state...
D, [2018-03-31T11:08:27.130380 #14566] DEBUG -- : -------> building selection...
D, [2018-03-31T11:08:27.130703 #14566] DEBUG -- : -------> building new state...
D, [2018-03-31T11:08:27.130816 #14566] DEBUG -- : -------> building new state...
D, [2018-03-31T11:08:27.131001 #14566] DEBUG -- : -------> building selection...
D, [2018-03-31T11:08:27.131325 #14566] DEBUG -- : -------> building new state...
D, [2018-03-31T11:08:27.131428 #14566] DEBUG -- : -------> building new state...
D, [2018-03-31T11:08:27.131609 #14566] DEBUG -- : -------> building selection...
D, [2018-03-31T11:08:27.131934 #14566] DEBUG -- : -------> building new state...
D, [2018-03-31T11:08:27.132034 #14566] DEBUG -- : -------> building new state...
D, [2018-03-31T11:08:27.132246 #14566] DEBUG -- : -------> building selection...
D, [2018-03-31T11:08:27.132582 #14566] DEBUG -- : -------> building new state...
D, [2018-03-31T11:08:27.132716 #14566] DEBUG -- : -------> building new state...
D, [2018-03-31T11:08:27.132909 #14566] DEBUG -- : -------> building selection...
D, [2018-03-31T11:08:27.133229 #14566] DEBUG -- : -------> building new state...
D, [2018-03-31T11:08:27.133338 #14566] DEBUG -- : -------> building new state...
D, [2018-03-31T11:08:27.133526 #14566] DEBUG -- : -------> building selection...
D, [2018-03-31T11:08:27.133867 #14566] DEBUG -- : -------> building new state...
D, [2018-03-31T11:08:27.134017 #14566] DEBUG -- : -------> building new state...
D, [2018-03-31T11:08:27.134207 #14566] DEBUG -- : -------> building selection...
D, [2018-03-31T11:08:27.134585 #14566] DEBUG -- : -------> building new state...
D, [2018-03-31T11:08:27.134782 #14566] DEBUG -- : -------> building new state...
D, [2018-03-31T11:08:27.135001 #14566] DEBUG -- : -------> building selection...
D, [2018-03-31T11:08:27.135346 #14566] DEBUG -- : -------> building new state...
D, [2018-03-31T11:08:27.135462 #14566] DEBUG -- : -------> building new state...
D, [2018-03-31T11:08:27.135653 #14566] DEBUG -- : -------> building selection...
D, [2018-03-31T11:08:27.135958 #14566] DEBUG -- : -------> building new state...
D, [2018-03-31T11:08:27.136072 #14566] DEBUG -- : -------> building new state...
D, [2018-03-31T11:08:27.136260 #14566] DEBUG -- : -------> building selection...
D, [2018-03-31T11:08:27.136570 #14566] DEBUG -- : -------> building new state...
D, [2018-03-31T11:08:27.136671 #14566] DEBUG -- : -------> building new state...
D, [2018-03-31T11:08:27.136864 #14566] DEBUG -- : -------> building selection...
D, [2018-03-31T11:08:27.137166 #14566] DEBUG -- : -------> building new state...
D, [2018-03-31T11:08:27.137264 #14566] DEBUG -- : -------> building new state...
D, [2018-03-31T11:08:27.137457 #14566] DEBUG -- : -------> building selection...
D, [2018-03-31T11:08:27.137775 #14566] DEBUG -- : -------> building new state...
D, [2018-03-31T11:08:27.137895 #14566] DEBUG -- : -------> building new state...
D, [2018-03-31T11:08:27.138075 #14566] DEBUG -- : -------> building selection...
D, [2018-03-31T11:08:27.138383 #14566] DEBUG -- : -------> building new state...
D, [2018-03-31T11:08:27.138496 #14566] DEBUG -- : -------> building new state...
D, [2018-03-31T11:08:27.138711 #14566] DEBUG -- : -------> building selection...
D, [2018-03-31T11:08:27.140212 #14566] DEBUG -- : -------> building new state...
D, [2018-03-31T11:08:27.140369 #14566] DEBUG -- : -------> building new state...
D, [2018-03-31T11:08:27.140556 #14566] DEBUG -- : -------> building selection...
D, [2018-03-31T11:08:27.140890 #14566] DEBUG -- : -------> building new state...
D, [2018-03-31T11:08:27.140994 #14566] DEBUG -- : -------> building new state...
D, [2018-03-31T11:08:27.141184 #14566] DEBUG -- : -------> building selection...
D, [2018-03-31T11:08:27.141487 #14566] DEBUG -- : -------> building new state...
D, [2018-03-31T11:08:27.141600 #14566] DEBUG -- : -------> building new state...
D, [2018-03-31T11:08:27.141780 #14566] DEBUG -- : -------> building selection...
D, [2018-03-31T11:08:27.142093 #14566] DEBUG -- : -------> building new state...
D, [2018-03-31T11:08:27.142206 #14566] DEBUG -- : -------> building new state...
D, [2018-03-31T11:08:27.142385 #14566] DEBUG -- : -------> building selection...
D, [2018-03-31T11:08:27.142700 #14566] DEBUG -- : -------> building new state...
D, [2018-03-31T11:08:27.142814 #14566] DEBUG -- : -------> building new state...
D, [2018-03-31T11:08:27.143009 #14566] DEBUG -- : -------> building selection...
D, [2018-03-31T11:08:27.143371 #14566] DEBUG -- : -------> building new state...
D, [2018-03-31T11:08:27.143591 #14566] DEBUG -- : -------> building new state...
D, [2018-03-31T11:08:27.143796 #14566] DEBUG -- : scoring weighed rated selections...
D, [2018-03-31T11:08:27.143846 #14566] DEBUG -- : Saving scored selections...
D, [2018-03-31T11:08:27.150208 #14566] DEBUG -- : State Score successfully calculated


D, [2018-03-31T11:08:27.150282 #14566] DEBUG -- : Scoring new state: {:rating=>37, :state=>{:unknown=>0, :possibly_lighter=>1, :possibly_heavier=>0, :normal=>7}}
D, [2018-03-31T11:08:27.150308 #14566] DEBUG -- : State Score successfully calculated


D, [2018-03-31T11:08:27.150348 #14566] DEBUG -- : Scoring new state: {:rating=>35, :state=>{:unknown=>1, :possibly_lighter=>0, :possibly_heavier=>0, :normal=>7}}
D, [2018-03-31T11:08:27.153073 #14566] DEBUG -- : calculating updated score for older state...
D, [2018-03-31T11:08:27.156630 #14566] DEBUG -- : generating weighed rated selections...
D, [2018-03-31T11:08:27.206692 #14566] DEBUG -- : scoring weighed rated selections...
D, [2018-03-31T11:08:27.206822 #14566] DEBUG -- : Saving scored selections...
D, [2018-03-31T11:08:27.214953 #14566] DEBUG -- : State Score successfully calculated


D, [2018-03-31T11:08:27.215070 #14566] DEBUG -- : Scoring new state: {:rating=>37, :state=>{:unknown=>0, :possibly_lighter=>1, :possibly_heavier=>0, :normal=>7}}
D, [2018-03-31T11:08:27.215099 #14566] DEBUG -- : State Score successfully calculated


D, [2018-03-31T11:08:27.215147 #14566] DEBUG -- : Scoring new state: {:rating=>34, :state=>{:unknown=>0, :possibly_lighter=>1, :possibly_heavier=>1, :normal=>6}}
D, [2018-03-31T11:08:27.217824 #14566] DEBUG -- : calculating updated score for older state...
D, [2018-03-31T11:08:27.222046 #14566] DEBUG -- : generating weighed rated selections...
D, [2018-03-31T11:08:27.329314 #14566] DEBUG -- : scoring weighed rated selections...
D, [2018-03-31T11:08:27.329438 #14566] DEBUG -- : Saving scored selections...
D, [2018-03-31T11:08:27.345183 #14566] DEBUG -- : State Score successfully calculated


D, [2018-03-31T11:08:27.345282 #14566] DEBUG -- : Scoring new state: {:rating=>37, :state=>{:unknown=>0, :possibly_lighter=>1, :possibly_heavier=>0, :normal=>7}}
D, [2018-03-31T11:08:27.345310 #14566] DEBUG -- : State Score successfully calculated


D, [2018-03-31T11:08:27.345349 #14566] DEBUG -- : Scoring new state: {:rating=>37, :state=>{:unknown=>0, :possibly_lighter=>0, :possibly_heavier=>1, :normal=>7}}
D, [2018-03-31T11:08:27.345382 #14566] DEBUG -- : State Score successfully calculated


D, [2018-03-31T11:08:27.345412 #14566] DEBUG -- : Scoring new state: {:rating=>37, :state=>{:unknown=>0, :possibly_lighter=>1, :possibly_heavier=>0, :normal=>7}}
D, [2018-03-31T11:08:27.345432 #14566] DEBUG -- : State Score successfully calculated


D, [2018-03-31T11:08:27.345458 #14566] DEBUG -- : Scoring new state: {:rating=>34, :state=>{:unknown=>0, :possibly_lighter=>2, :possibly_heavier=>0, :normal=>6}}
D, [2018-03-31T11:08:27.348245 #14566] DEBUG -- : returning fully calculated score...
D, [2018-03-31T11:08:27.348318 #14566] DEBUG -- : State Score successfully calculated


D, [2018-03-31T11:08:27.348365 #14566] DEBUG -- : Scoring new state: {:rating=>34, :state=>{:unknown=>0, :possibly_lighter=>1, :possibly_heavier=>1, :normal=>6}}
D, [2018-03-31T11:08:27.351040 #14566] DEBUG -- : returning fully calculated score...
D, [2018-03-31T11:08:27.351107 #14566] DEBUG -- : State Score successfully calculated


D, [2018-03-31T11:08:27.351143 #14566] DEBUG -- : Scoring new state: {:rating=>37, :state=>{:unknown=>0, :possibly_lighter=>1, :possibly_heavier=>0, :normal=>7}}
D, [2018-03-31T11:08:27.351167 #14566] DEBUG -- : State Score successfully calculated


D, [2018-03-31T11:08:27.351201 #14566] DEBUG -- : Scoring new state: {:rating=>32, :state=>{:unknown=>1, :possibly_lighter=>1, :possibly_heavier=>0, :normal=>6}}
D, [2018-03-31T11:08:27.353739 #14566] DEBUG -- : calculating updated score for older state...
D, [2018-03-31T11:08:27.357226 #14566] DEBUG -- : generating weighed rated selections...
D, [2018-03-31T11:08:27.358373 #14566] DEBUG -- : -------> building selection...
D, [2018-03-31T11:08:27.359315 #14566] DEBUG -- : -------> building new state...
D, [2018-03-31T11:08:27.359646 #14566] DEBUG -- : -------> building new state...
D, [2018-03-31T11:08:27.359902 #14566] DEBUG -- : -------> building selection...
D, [2018-03-31T11:08:27.360231 #14566] DEBUG -- : -------> building new state...
D, [2018-03-31T11:08:27.360335 #14566] DEBUG -- : -------> building new state...
D, [2018-03-31T11:08:27.360517 #14566] DEBUG -- : -------> building selection...
D, [2018-03-31T11:08:27.360854 #14566] DEBUG -- : -------> building new state...
D, [2018-03-31T11:08:27.361032 #14566] DEBUG -- : -------> building new state...
D, [2018-03-31T11:08:27.361233 #14566] DEBUG -- : -------> building selection...
D, [2018-03-31T11:08:27.361666 #14566] DEBUG -- : -------> building new state...
D, [2018-03-31T11:08:27.361772 #14566] DEBUG -- : -------> building new state...
D, [2018-03-31T11:08:27.361959 #14566] DEBUG -- : -------> building selection...
D, [2018-03-31T11:08:27.362306 #14566] DEBUG -- : -------> building new state...
D, [2018-03-31T11:08:27.362407 #14566] DEBUG -- : -------> building new state...
D, [2018-03-31T11:08:27.362586 #14566] DEBUG -- : -------> building selection...
D, [2018-03-31T11:08:27.362907 #14566] DEBUG -- : -------> building new state...
D, [2018-03-31T11:08:27.363009 #14566] DEBUG -- : -------> building new state...
D, [2018-03-31T11:08:27.363209 #14566] DEBUG -- : -------> building selection...
D, [2018-03-31T11:08:27.363534 #14566] DEBUG -- : -------> building new state...
D, [2018-03-31T11:08:27.363633 #14566] DEBUG -- : -------> building new state...
D, [2018-03-31T11:08:27.363810 #14566] DEBUG -- : -------> building selection...
D, [2018-03-31T11:08:27.364127 #14566] DEBUG -- : -------> building new state...
D, [2018-03-31T11:08:27.364232 #14566] DEBUG -- : -------> building new state...
D, [2018-03-31T11:08:27.364444 #14566] DEBUG -- : -------> building selection...
D, [2018-03-31T11:08:27.364753 #14566] DEBUG -- : -------> building new state...
D, [2018-03-31T11:08:27.364852 #14566] DEBUG -- : -------> building new state...
D, [2018-03-31T11:08:27.365035 #14566] DEBUG -- : -------> building selection...
D, [2018-03-31T11:08:27.365346 #14566] DEBUG -- : -------> building new state...
D, [2018-03-31T11:08:27.365469 #14566] DEBUG -- : -------> building new state...
D, [2018-03-31T11:08:27.365662 #14566] DEBUG -- : -------> building selection...
D, [2018-03-31T11:08:27.365972 #14566] DEBUG -- : -------> building new state...
D, [2018-03-31T11:08:27.366070 #14566] DEBUG -- : -------> building new state...
D, [2018-03-31T11:08:27.366245 #14566] DEBUG -- : -------> building selection...
D, [2018-03-31T11:08:27.366584 #14566] DEBUG -- : -------> building new state...
D, [2018-03-31T11:08:27.366686 #14566] DEBUG -- : -------> building new state...
D, [2018-03-31T11:08:27.366873 #14566] DEBUG -- : -------> building selection...
D, [2018-03-31T11:08:27.367184 #14566] DEBUG -- : -------> building new state...
D, [2018-03-31T11:08:27.367319 #14566] DEBUG -- : -------> building new state...
D, [2018-03-31T11:08:27.367499 #14566] DEBUG -- : -------> building selection...
D, [2018-03-31T11:08:27.367857 #14566] DEBUG -- : -------> building new state...
D, [2018-03-31T11:08:27.367959 #14566] DEBUG -- : -------> building new state...
D, [2018-03-31T11:08:27.368137 #14566] DEBUG -- : -------> building selection...
D, [2018-03-31T11:08:27.368445 #14566] DEBUG -- : -------> building new state...
D, [2018-03-31T11:08:27.368542 #14566] DEBUG -- : -------> building new state...
D, [2018-03-31T11:08:27.368718 #14566] DEBUG -- : -------> building selection...
D, [2018-03-31T11:08:27.369107 #14566] DEBUG -- : -------> building new state...
D, [2018-03-31T11:08:27.369219 #14566] DEBUG -- : -------> building new state...
D, [2018-03-31T11:08:27.369398 #14566] DEBUG -- : -------> building selection...
D, [2018-03-31T11:08:27.369706 #14566] DEBUG -- : -------> building new state...
D, [2018-03-31T11:08:27.369803 #14566] DEBUG -- : -------> building new state...
D, [2018-03-31T11:08:27.369980 #14566] DEBUG -- : -------> building selection...
D, [2018-03-31T11:08:27.370332 #14566] DEBUG -- : -------> building new state...
D, [2018-03-31T11:08:27.370430 #14566] DEBUG -- : -------> building new state...
D, [2018-03-31T11:08:27.370608 #14566] DEBUG -- : -------> building selection...
D, [2018-03-31T11:08:27.370984 #14566] DEBUG -- : -------> building new state...
D, [2018-03-31T11:08:27.371087 #14566] DEBUG -- : -------> building new state...
D, [2018-03-31T11:08:27.371266 #14566] DEBUG -- : -------> building selection...
D, [2018-03-31T11:08:27.371578 #14566] DEBUG -- : -------> building new state...
D, [2018-03-31T11:08:27.371686 #14566] DEBUG -- : -------> building new state...
D, [2018-03-31T11:08:27.371864 #14566] DEBUG -- : -------> building selection...
D, [2018-03-31T11:08:27.372200 #14566] DEBUG -- : -------> building new state...
D, [2018-03-31T11:08:27.372304 #14566] DEBUG -- : -------> building new state...
D, [2018-03-31T11:08:27.372486 #14566] DEBUG -- : -------> building selection...
D, [2018-03-31T11:08:27.372792 #14566] DEBUG -- : -------> building new state...
D, [2018-03-31T11:08:27.372889 #14566] DEBUG -- : -------> building new state...
D, [2018-03-31T11:08:27.373110 #14566] DEBUG -- : -------> building selection...
D, [2018-03-31T11:08:27.373422 #14566] DEBUG -- : -------> building new state...
D, [2018-03-31T11:08:27.373519 #14566] DEBUG -- : -------> building new state...
D, [2018-03-31T11:08:27.373696 #14566] DEBUG -- : -------> building selection...
D, [2018-03-31T11:08:27.374019 #14566] DEBUG -- : -------> building new state...
D, [2018-03-31T11:08:27.374140 #14566] DEBUG -- : -------> building new state...
D, [2018-03-31T11:08:27.374394 #14566] DEBUG -- : -------> building selection...
D, [2018-03-31T11:08:27.374722 #14566] DEBUG -- : -------> building new state...
D, [2018-03-31T11:08:27.374964 #14566] DEBUG -- : -------> building new state...
D, [2018-03-31T11:08:27.375178 #14566] DEBUG -- : -------> building selection...
D, [2018-03-31T11:08:27.375596 #14566] DEBUG -- : -------> building new state...
D, [2018-03-31T11:08:27.375878 #14566] DEBUG -- : -------> building new state...
D, [2018-03-31T11:08:27.376115 #14566] DEBUG -- : scoring weighed rated selections...
D, [2018-03-31T11:08:27.376188 #14566] DEBUG -- : Saving scored selections...
D, [2018-03-31T11:08:27.382643 #14566] DEBUG -- : State Score successfully calculated


D, [2018-03-31T11:08:27.382721 #14566] DEBUG -- : Scoring new state: {:rating=>37, :state=>{:unknown=>0, :possibly_lighter=>1, :possibly_heavier=>0, :normal=>7}}
D, [2018-03-31T11:08:27.382746 #14566] DEBUG -- : State Score successfully calculated


D, [2018-03-31T11:08:27.382782 #14566] DEBUG -- : Scoring new state: {:rating=>37, :state=>{:unknown=>0, :possibly_lighter=>0, :possibly_heavier=>1, :normal=>7}}
D, [2018-03-31T11:08:27.382811 #14566] DEBUG -- : State Score successfully calculated


D, [2018-03-31T11:08:27.382838 #14566] DEBUG -- : Scoring new state: {:rating=>37, :state=>{:unknown=>0, :possibly_lighter=>1, :possibly_heavier=>0, :normal=>7}}
D, [2018-03-31T11:08:27.382857 #14566] DEBUG -- : State Score successfully calculated


D, [2018-03-31T11:08:27.382903 #14566] DEBUG -- : Scoring new state: {:rating=>34, :state=>{:unknown=>0, :possibly_lighter=>2, :possibly_heavier=>0, :normal=>6}}
D, [2018-03-31T11:08:27.385769 #14566] DEBUG -- : returning fully calculated score...
D, [2018-03-31T11:08:27.385827 #14566] DEBUG -- : State Score successfully calculated


D, [2018-03-31T11:08:27.385884 #14566] DEBUG -- : Scoring new state: {:rating=>35, :state=>{:unknown=>1, :possibly_lighter=>0, :possibly_heavier=>0, :normal=>7}}
D, [2018-03-31T11:08:27.388510 #14566] DEBUG -- : returning fully calculated score...
D, [2018-03-31T11:08:27.388575 #14566] DEBUG -- : State Score successfully calculated


D, [2018-03-31T11:08:27.388610 #14566] DEBUG -- : Scoring new state: {:rating=>34, :state=>{:unknown=>0, :possibly_lighter=>2, :possibly_heavier=>0, :normal=>6}}
D, [2018-03-31T11:08:27.391399 #14566] DEBUG -- : returning fully calculated score...
D, [2018-03-31T11:08:27.391487 #14566] DEBUG -- : State Score successfully calculated


D, [2018-03-31T11:08:27.391537 #14566] DEBUG -- : Scoring new state: {:rating=>37, :state=>{:unknown=>0, :possibly_lighter=>0, :possibly_heavier=>1, :normal=>7}}
D, [2018-03-31T11:08:27.391563 #14566] DEBUG -- : State Score successfully calculated


D, [2018-03-31T11:08:27.391590 #14566] DEBUG -- : Scoring new state: {:rating=>34, :state=>{:unknown=>0, :possibly_lighter=>2, :possibly_heavier=>0, :normal=>6}}
D, [2018-03-31T11:08:27.394338 #14566] DEBUG -- : returning fully calculated score...
D, [2018-03-31T11:08:27.394410 #14566] DEBUG -- : State Score successfully calculated


D, [2018-03-31T11:08:27.394447 #14566] DEBUG -- : Scoring new state: {:rating=>37, :state=>{:unknown=>0, :possibly_lighter=>1, :possibly_heavier=>0, :normal=>7}}
D, [2018-03-31T11:08:27.394470 #14566] DEBUG -- : State Score successfully calculated


D, [2018-03-31T11:08:27.394507 #14566] DEBUG -- : Scoring new state: {:rating=>32, :state=>{:unknown=>1, :possibly_lighter=>1, :possibly_heavier=>0, :normal=>6}}
D, [2018-03-31T11:08:27.397068 #14566] DEBUG -- : calculating updated score for older state...
D, [2018-03-31T11:08:27.400641 #14566] DEBUG -- : generating weighed rated selections...
D, [2018-03-31T11:08:27.401706 #14566] DEBUG -- : -------> building selection...
D, [2018-03-31T11:08:27.402619 #14566] DEBUG -- : -------> building new state...
D, [2018-03-31T11:08:27.402952 #14566] DEBUG -- : -------> building new state...
D, [2018-03-31T11:08:27.403310 #14566] DEBUG -- : -------> building selection...
D, [2018-03-31T11:08:27.403653 #14566] DEBUG -- : -------> building new state...
D, [2018-03-31T11:08:27.403757 #14566] DEBUG -- : -------> building new state...
D, [2018-03-31T11:08:27.403938 #14566] DEBUG -- : -------> building selection...
D, [2018-03-31T11:08:27.404347 #14566] DEBUG -- : -------> building new state...
D, [2018-03-31T11:08:27.404450 #14566] DEBUG -- : -------> building new state...
D, [2018-03-31T11:08:27.404630 #14566] DEBUG -- : -------> building selection...
D, [2018-03-31T11:08:27.404943 #14566] DEBUG -- : -------> building new state...
D, [2018-03-31T11:08:27.405105 #14566] DEBUG -- : -------> building new state...
D, [2018-03-31T11:08:27.405298 #14566] DEBUG -- : -------> building selection...
D, [2018-03-31T11:08:27.405630 #14566] DEBUG -- : -------> building new state...
D, [2018-03-31T11:08:27.405751 #14566] DEBUG -- : -------> building new state...
D, [2018-03-31T11:08:27.405932 #14566] DEBUG -- : -------> building selection...
D, [2018-03-31T11:08:27.406309 #14566] DEBUG -- : -------> building new state...
D, [2018-03-31T11:08:27.406416 #14566] DEBUG -- : -------> building new state...
D, [2018-03-31T11:08:27.406596 #14566] DEBUG -- : -------> building selection...
D, [2018-03-31T11:08:27.406925 #14566] DEBUG -- : -------> building new state...
D, [2018-03-31T11:08:27.407026 #14566] DEBUG -- : -------> building new state...
D, [2018-03-31T11:08:27.407346 #14566] DEBUG -- : -------> building selection...
D, [2018-03-31T11:08:27.407797 #14566] DEBUG -- : -------> building new state...
D, [2018-03-31T11:08:27.407922 #14566] DEBUG -- : -------> building new state...
D, [2018-03-31T11:08:27.408126 #14566] DEBUG -- : -------> building selection...
D, [2018-03-31T11:08:27.408492 #14566] DEBUG -- : -------> building new state...
D, [2018-03-31T11:08:27.408662 #14566] DEBUG -- : -------> building new state...
D, [2018-03-31T11:08:27.409174 #14566] DEBUG -- : -------> building selection...
D, [2018-03-31T11:08:27.409564 #14566] DEBUG -- : -------> building new state...
D, [2018-03-31T11:08:27.409773 #14566] DEBUG -- : -------> building new state...
D, [2018-03-31T11:08:27.409975 #14566] DEBUG -- : -------> building selection...
D, [2018-03-31T11:08:27.412204 #14566] DEBUG -- : -------> building new state...
D, [2018-03-31T11:08:27.412358 #14566] DEBUG -- : -------> building new state...
D, [2018-03-31T11:08:27.412564 #14566] DEBUG -- : -------> building selection...
D, [2018-03-31T11:08:27.412882 #14566] DEBUG -- : -------> building new state...
D, [2018-03-31T11:08:27.412982 #14566] DEBUG -- : -------> building new state...
D, [2018-03-31T11:08:27.413229 #14566] DEBUG -- : -------> building selection...
D, [2018-03-31T11:08:27.413548 #14566] DEBUG -- : -------> building new state...
D, [2018-03-31T11:08:27.413646 #14566] DEBUG -- : -------> building new state...
D, [2018-03-31T11:08:27.413826 #14566] DEBUG -- : -------> building selection...
D, [2018-03-31T11:08:27.414146 #14566] DEBUG -- : -------> building new state...
D, [2018-03-31T11:08:27.414252 #14566] DEBUG -- : -------> building new state...
D, [2018-03-31T11:08:27.414459 #14566] DEBUG -- : -------> building selection...
D, [2018-03-31T11:08:27.414788 #14566] DEBUG -- : -------> building new state...
D, [2018-03-31T11:08:27.414939 #14566] DEBUG -- : -------> building new state...
D, [2018-03-31T11:08:27.415123 #14566] DEBUG -- : -------> building selection...
D, [2018-03-31T11:08:27.415436 #14566] DEBUG -- : -------> building new state...
D, [2018-03-31T11:08:27.415549 #14566] DEBUG -- : -------> building new state...
D, [2018-03-31T11:08:27.415749 #14566] DEBUG -- : -------> building selection...
D, [2018-03-31T11:08:27.416061 #14566] DEBUG -- : -------> building new state...
D, [2018-03-31T11:08:27.416160 #14566] DEBUG -- : -------> building new state...
D, [2018-03-31T11:08:27.416390 #14566] DEBUG -- : -------> building selection...
D, [2018-03-31T11:08:27.416702 #14566] DEBUG -- : -------> building new state...
D, [2018-03-31T11:08:27.416829 #14566] DEBUG -- : -------> building new state...
D, [2018-03-31T11:08:27.417131 #14566] DEBUG -- : -------> building selection...
D, [2018-03-31T11:08:27.417579 #14566] DEBUG -- : -------> building new state...
D, [2018-03-31T11:08:27.417683 #14566] DEBUG -- : -------> building new state...
D, [2018-03-31T11:08:27.417904 #14566] DEBUG -- : -------> building selection...
D, [2018-03-31T11:08:27.418215 #14566] DEBUG -- : -------> building new state...
D, [2018-03-31T11:08:27.418324 #14566] DEBUG -- : -------> building new state...
D, [2018-03-31T11:08:27.418509 #14566] DEBUG -- : -------> building selection...
D, [2018-03-31T11:08:27.418832 #14566] DEBUG -- : -------> building new state...
D, [2018-03-31T11:08:27.418936 #14566] DEBUG -- : -------> building new state...
D, [2018-03-31T11:08:27.419148 #14566] DEBUG -- : -------> building selection...
D, [2018-03-31T11:08:27.419475 #14566] DEBUG -- : -------> building new state...
D, [2018-03-31T11:08:27.419576 #14566] DEBUG -- : -------> building new state...
D, [2018-03-31T11:08:27.419753 #14566] DEBUG -- : -------> building selection...
D, [2018-03-31T11:08:27.420061 #14566] DEBUG -- : -------> building new state...
D, [2018-03-31T11:08:27.420202 #14566] DEBUG -- : -------> building new state...
D, [2018-03-31T11:08:27.420545 #14566] DEBUG -- : -------> building selection...
D, [2018-03-31T11:08:27.420880 #14566] DEBUG -- : -------> building new state...
D, [2018-03-31T11:08:27.421007 #14566] DEBUG -- : -------> building new state...
D, [2018-03-31T11:08:27.421192 #14566] DEBUG -- : -------> building selection...
D, [2018-03-31T11:08:27.421503 #14566] DEBUG -- : -------> building new state...
D, [2018-03-31T11:08:27.421601 #14566] DEBUG -- : -------> building new state...
D, [2018-03-31T11:08:27.421821 #14566] DEBUG -- : -------> building selection...
D, [2018-03-31T11:08:27.422132 #14566] DEBUG -- : -------> building new state...
D, [2018-03-31T11:08:27.422230 #14566] DEBUG -- : -------> building new state...
D, [2018-03-31T11:08:27.422415 #14566] DEBUG -- : scoring weighed rated selections...
D, [2018-03-31T11:08:27.422465 #14566] DEBUG -- : Saving scored selections...
D, [2018-03-31T11:08:27.429205 #14566] DEBUG -- : State Score successfully calculated


D, [2018-03-31T11:08:27.429287 #14566] DEBUG -- : Scoring new state: {:rating=>37, :state=>{:unknown=>0, :possibly_lighter=>1, :possibly_heavier=>0, :normal=>7}}
D, [2018-03-31T11:08:27.429312 #14566] DEBUG -- : State Score successfully calculated


D, [2018-03-31T11:08:27.429350 #14566] DEBUG -- : Scoring new state: {:rating=>35, :state=>{:unknown=>1, :possibly_lighter=>0, :possibly_heavier=>0, :normal=>7}}
D, [2018-03-31T11:08:27.432180 #14566] DEBUG -- : returning fully calculated score...
D, [2018-03-31T11:08:27.432241 #14566] DEBUG -- : State Score successfully calculated


D, [2018-03-31T11:08:27.432277 #14566] DEBUG -- : Scoring new state: {:rating=>37, :state=>{:unknown=>0, :possibly_lighter=>1, :possibly_heavier=>0, :normal=>7}}
D, [2018-03-31T11:08:27.432301 #14566] DEBUG -- : State Score successfully calculated


D, [2018-03-31T11:08:27.432334 #14566] DEBUG -- : Scoring new state: {:rating=>34, :state=>{:unknown=>0, :possibly_lighter=>1, :possibly_heavier=>1, :normal=>6}}
D, [2018-03-31T11:08:27.435030 #14566] DEBUG -- : returning fully calculated score...
D, [2018-03-31T11:08:27.435092 #14566] DEBUG -- : State Score successfully calculated


D, [2018-03-31T11:08:27.435144 #14566] DEBUG -- : Scoring new state: {:rating=>37, :state=>{:unknown=>0, :possibly_lighter=>1, :possibly_heavier=>0, :normal=>7}}
D, [2018-03-31T11:08:27.435171 #14566] DEBUG -- : State Score successfully calculated


D, [2018-03-31T11:08:27.435207 #14566] DEBUG -- : Scoring new state: {:rating=>34, :state=>{:unknown=>0, :possibly_lighter=>1, :possibly_heavier=>1, :normal=>6}}
D, [2018-03-31T11:08:27.437735 #14566] DEBUG -- : returning fully calculated score...
D, [2018-03-31T11:08:27.437796 #14566] DEBUG -- : State Score successfully calculated


D, [2018-03-31T11:08:27.437828 #14566] DEBUG -- : Scoring new state: {:rating=>34, :state=>{:unknown=>0, :possibly_lighter=>2, :possibly_heavier=>0, :normal=>6}}
D, [2018-03-31T11:08:27.440276 #14566] DEBUG -- : returning fully calculated score...
D, [2018-03-31T11:08:27.440334 #14566] DEBUG -- : State Score successfully calculated


D, [2018-03-31T11:08:27.440379 #14566] DEBUG -- : Scoring new state: {:rating=>37, :state=>{:unknown=>0, :possibly_lighter=>0, :possibly_heavier=>1, :normal=>7}}
D, [2018-03-31T11:08:27.440401 #14566] DEBUG -- : State Score successfully calculated


D, [2018-03-31T11:08:27.440428 #14566] DEBUG -- : Scoring new state: {:rating=>37, :state=>{:unknown=>0, :possibly_lighter=>1, :possibly_heavier=>0, :normal=>7}}
D, [2018-03-31T11:08:27.440448 #14566] DEBUG -- : State Score successfully calculated


D, [2018-03-31T11:08:27.440473 #14566] DEBUG -- : Scoring new state: {:rating=>34, :state=>{:unknown=>0, :possibly_lighter=>2, :possibly_heavier=>0, :normal=>6}}
D, [2018-03-31T11:08:27.443255 #14566] DEBUG -- : returning fully calculated score...
D, [2018-03-31T11:08:27.443350 #14566] DEBUG -- : State Score successfully calculated


D, [2018-03-31T11:08:27.443402 #14566] DEBUG -- : Scoring new state: {:rating=>34, :state=>{:unknown=>0, :possibly_lighter=>1, :possibly_heavier=>1, :normal=>6}}
D, [2018-03-31T11:08:27.446084 #14566] DEBUG -- : returning fully calculated score...
D, [2018-03-31T11:08:27.446147 #14566] DEBUG -- : State Score successfully calculated


D, [2018-03-31T11:08:27.446181 #14566] DEBUG -- : Scoring new state: {:rating=>37, :state=>{:unknown=>0, :possibly_lighter=>1, :possibly_heavier=>0, :normal=>7}}
D, [2018-03-31T11:08:27.446204 #14566] DEBUG -- : State Score successfully calculated


D, [2018-03-31T11:08:27.446239 #14566] DEBUG -- : Scoring new state: {:rating=>31, :state=>{:unknown=>0, :possibly_lighter=>2, :possibly_heavier=>1, :normal=>5}}
D, [2018-03-31T11:08:27.448721 #14566] DEBUG -- : calculating updated score for older state...
D, [2018-03-31T11:08:27.452130 #14566] DEBUG -- : generating weighed rated selections...
D, [2018-03-31T11:08:27.646383 #14566] DEBUG -- : scoring weighed rated selections...
D, [2018-03-31T11:08:27.646528 #14566] DEBUG -- : Saving scored selections...
D, [2018-03-31T11:08:27.655595 #14566] DEBUG -- : State Score successfully calculated


D, [2018-03-31T11:08:27.655686 #14566] DEBUG -- : Scoring new state: {:rating=>37, :state=>{:unknown=>0, :possibly_lighter=>1, :possibly_heavier=>0, :normal=>7}}
D, [2018-03-31T11:08:27.655712 #14566] DEBUG -- : State Score successfully calculated


D, [2018-03-31T11:08:27.655754 #14566] DEBUG -- : Scoring new state: {:rating=>35, :state=>{:unknown=>1, :possibly_lighter=>0, :possibly_heavier=>0, :normal=>7}}
D, [2018-03-31T11:08:27.658417 #14566] DEBUG -- : returning fully calculated score...
D, [2018-03-31T11:08:27.658492 #14566] DEBUG -- : State Score successfully calculated


D, [2018-03-31T11:08:27.658543 #14566] DEBUG -- : Scoring new state: {:rating=>34, :state=>{:unknown=>0, :possibly_lighter=>2, :possibly_heavier=>0, :normal=>6}}
D, [2018-03-31T11:08:27.661219 #14566] DEBUG -- : returning fully calculated score...
D, [2018-03-31T11:08:27.661285 #14566] DEBUG -- : State Score successfully calculated


D, [2018-03-31T11:08:27.661344 #14566] DEBUG -- : Scoring new state: {:rating=>31, :state=>{:unknown=>0, :possibly_lighter=>2, :possibly_heavier=>1, :normal=>5}}
D, [2018-03-31T11:08:27.663981 #14566] DEBUG -- : calculating updated score for older state...
D, [2018-03-31T11:08:27.668428 #14566] DEBUG -- : generating weighed rated selections...
D, [2018-03-31T11:08:27.669583 #14566] DEBUG -- : -------> building selection...
D, [2018-03-31T11:08:27.670491 #14566] DEBUG -- : -------> building new state...
D, [2018-03-31T11:08:27.670832 #14566] DEBUG -- : -------> building new state...
D, [2018-03-31T11:08:27.671087 #14566] DEBUG -- : -------> building selection...
D, [2018-03-31T11:08:27.671456 #14566] DEBUG -- : -------> building new state...
D, [2018-03-31T11:08:27.671563 #14566] DEBUG -- : -------> building new state...
D, [2018-03-31T11:08:27.671871 #14566] DEBUG -- : -------> building selection...
D, [2018-03-31T11:08:27.672260 #14566] DEBUG -- : -------> building new state...
D, [2018-03-31T11:08:27.672366 #14566] DEBUG -- : -------> building new state...
D, [2018-03-31T11:08:27.672557 #14566] DEBUG -- : -------> building selection...
D, [2018-03-31T11:08:27.672899 #14566] DEBUG -- : -------> building new state...
D, [2018-03-31T11:08:27.673004 #14566] DEBUG -- : -------> building new state...
D, [2018-03-31T11:08:27.673206 #14566] DEBUG -- : -------> building selection...
D, [2018-03-31T11:08:27.673540 #14566] DEBUG -- : -------> building new state...
D, [2018-03-31T11:08:27.673660 #14566] DEBUG -- : -------> building new state...
D, [2018-03-31T11:08:27.673867 #14566] DEBUG -- : -------> building selection...
D, [2018-03-31T11:08:27.674298 #14566] DEBUG -- : -------> building new state...
D, [2018-03-31T11:08:27.674470 #14566] DEBUG -- : -------> building new state...
D, [2018-03-31T11:08:27.674765 #14566] DEBUG -- : -------> building selection...
D, [2018-03-31T11:08:27.675142 #14566] DEBUG -- : -------> building new state...
D, [2018-03-31T11:08:27.675248 #14566] DEBUG -- : -------> building new state...
D, [2018-03-31T11:08:27.675459 #14566] DEBUG -- : -------> building selection...
D, [2018-03-31T11:08:27.675784 #14566] DEBUG -- : -------> building new state...
D, [2018-03-31T11:08:27.675893 #14566] DEBUG -- : -------> building new state...
D, [2018-03-31T11:08:27.676100 #14566] DEBUG -- : -------> building selection...
D, [2018-03-31T11:08:27.678333 #14566] DEBUG -- : -------> building new state...
D, [2018-03-31T11:08:27.679002 #14566] DEBUG -- : -------> building new state...
D, [2018-03-31T11:08:27.679350 #14566] DEBUG -- : -------> building selection...
D, [2018-03-31T11:08:27.679814 #14566] DEBUG -- : -------> building new state...
D, [2018-03-31T11:08:27.680021 #14566] DEBUG -- : -------> building new state...
D, [2018-03-31T11:08:27.680329 #14566] DEBUG -- : -------> building selection...
D, [2018-03-31T11:08:27.680699 #14566] DEBUG -- : -------> building new state...
D, [2018-03-31T11:08:27.680839 #14566] DEBUG -- : -------> building new state...
D, [2018-03-31T11:08:27.681064 #14566] DEBUG -- : -------> building selection...
D, [2018-03-31T11:08:27.681418 #14566] DEBUG -- : -------> building new state...
D, [2018-03-31T11:08:27.681524 #14566] DEBUG -- : -------> building new state...
D, [2018-03-31T11:08:27.681715 #14566] DEBUG -- : -------> building selection...
D, [2018-03-31T11:08:27.682293 #14566] DEBUG -- : -------> building new state...
D, [2018-03-31T11:08:27.682445 #14566] DEBUG -- : -------> building new state...
D, [2018-03-31T11:08:27.682683 #14566] DEBUG -- : -------> building selection...
D, [2018-03-31T11:08:27.683052 #14566] DEBUG -- : -------> building new state...
D, [2018-03-31T11:08:27.683181 #14566] DEBUG -- : -------> building new state...
D, [2018-03-31T11:08:27.683399 #14566] DEBUG -- : -------> building selection...
D, [2018-03-31T11:08:27.683720 #14566] DEBUG -- : -------> building new state...
D, [2018-03-31T11:08:27.683897 #14566] DEBUG -- : -------> building new state...
D, [2018-03-31T11:08:27.684099 #14566] DEBUG -- : -------> building selection...
D, [2018-03-31T11:08:27.684422 #14566] DEBUG -- : -------> building new state...
D, [2018-03-31T11:08:27.684527 #14566] DEBUG -- : -------> building new state...
D, [2018-03-31T11:08:27.684738 #14566] DEBUG -- : -------> building selection...
D, [2018-03-31T11:08:27.685067 #14566] DEBUG -- : -------> building new state...
D, [2018-03-31T11:08:27.685172 #14566] DEBUG -- : -------> building new state...
D, [2018-03-31T11:08:27.685413 #14566] DEBUG -- : -------> building selection...
D, [2018-03-31T11:08:27.685868 #14566] DEBUG -- : -------> building new state...
D, [2018-03-31T11:08:27.685982 #14566] DEBUG -- : -------> building new state...
D, [2018-03-31T11:08:27.686221 #14566] DEBUG -- : -------> building selection...
D, [2018-03-31T11:08:27.686558 #14566] DEBUG -- : -------> building new state...
D, [2018-03-31T11:08:27.686659 #14566] DEBUG -- : -------> building new state...
D, [2018-03-31T11:08:27.686867 #14566] DEBUG -- : -------> building selection...
D, [2018-03-31T11:08:27.687205 #14566] DEBUG -- : -------> building new state...
D, [2018-03-31T11:08:27.687311 #14566] DEBUG -- : -------> building new state...
D, [2018-03-31T11:08:27.687511 #14566] DEBUG -- : -------> building selection...
D, [2018-03-31T11:08:27.687910 #14566] DEBUG -- : -------> building new state...
D, [2018-03-31T11:08:27.688129 #14566] DEBUG -- : -------> building new state...
D, [2018-03-31T11:08:27.688366 #14566] DEBUG -- : -------> building selection...
D, [2018-03-31T11:08:27.688748 #14566] DEBUG -- : -------> building new state...
D, [2018-03-31T11:08:27.689061 #14566] DEBUG -- : -------> building new state...
D, [2018-03-31T11:08:27.689367 #14566] DEBUG -- : -------> building selection...
D, [2018-03-31T11:08:27.689742 #14566] DEBUG -- : -------> building new state...
D, [2018-03-31T11:08:27.689864 #14566] DEBUG -- : -------> building new state...
D, [2018-03-31T11:08:27.690086 #14566] DEBUG -- : -------> building selection...
D, [2018-03-31T11:08:27.690437 #14566] DEBUG -- : -------> building new state...
D, [2018-03-31T11:08:27.690551 #14566] DEBUG -- : -------> building new state...
D, [2018-03-31T11:08:27.690844 #14566] DEBUG -- : -------> building selection...
D, [2018-03-31T11:08:27.691199 #14566] DEBUG -- : -------> building new state...
D, [2018-03-31T11:08:27.692051 #14566] DEBUG -- : -------> building new state...
D, [2018-03-31T11:08:27.692254 #14566] DEBUG -- : -------> building selection...
D, [2018-03-31T11:08:27.692585 #14566] DEBUG -- : -------> building new state...
D, [2018-03-31T11:08:27.692686 #14566] DEBUG -- : -------> building new state...
D, [2018-03-31T11:08:27.692873 #14566] DEBUG -- : -------> building selection...
D, [2018-03-31T11:08:27.693247 #14566] DEBUG -- : -------> building new state...
D, [2018-03-31T11:08:27.693352 #14566] DEBUG -- : -------> building new state...
D, [2018-03-31T11:08:27.693537 #14566] DEBUG -- : -------> building selection...
D, [2018-03-31T11:08:27.693861 #14566] DEBUG -- : -------> building new state...
D, [2018-03-31T11:08:27.693963 #14566] DEBUG -- : -------> building new state...
D, [2018-03-31T11:08:27.694149 #14566] DEBUG -- : -------> building selection...
D, [2018-03-31T11:08:27.694489 #14566] DEBUG -- : -------> building new state...
D, [2018-03-31T11:08:27.694589 #14566] DEBUG -- : -------> building new state...
D, [2018-03-31T11:08:27.694774 #14566] DEBUG -- : -------> building selection...
D, [2018-03-31T11:08:27.695316 #14566] DEBUG -- : -------> building new state...
D, [2018-03-31T11:08:27.695468 #14566] DEBUG -- : -------> building new state...
D, [2018-03-31T11:08:27.695673 #14566] DEBUG -- : -------> building selection...
D, [2018-03-31T11:08:27.696013 #14566] DEBUG -- : -------> building new state...
D, [2018-03-31T11:08:27.696162 #14566] DEBUG -- : -------> building new state...
D, [2018-03-31T11:08:27.696550 #14566] DEBUG -- : -------> building selection...
D, [2018-03-31T11:08:27.697014 #14566] DEBUG -- : -------> building new state...
D, [2018-03-31T11:08:27.697175 #14566] DEBUG -- : -------> building new state...
D, [2018-03-31T11:08:27.697386 #14566] DEBUG -- : -------> building selection...
D, [2018-03-31T11:08:27.697748 #14566] DEBUG -- : -------> building new state...
D, [2018-03-31T11:08:27.697853 #14566] DEBUG -- : -------> building new state...
D, [2018-03-31T11:08:27.698044 #14566] DEBUG -- : -------> building selection...
D, [2018-03-31T11:08:27.698383 #14566] DEBUG -- : -------> building new state...
D, [2018-03-31T11:08:27.698517 #14566] DEBUG -- : -------> building new state...
D, [2018-03-31T11:08:27.698715 #14566] DEBUG -- : -------> building selection...
D, [2018-03-31T11:08:27.699065 #14566] DEBUG -- : -------> building new state...
D, [2018-03-31T11:08:27.699167 #14566] DEBUG -- : -------> building new state...
D, [2018-03-31T11:08:27.699358 #14566] DEBUG -- : -------> building selection...
D, [2018-03-31T11:08:27.699718 #14566] DEBUG -- : -------> building new state...
D, [2018-03-31T11:08:27.699831 #14566] DEBUG -- : -------> building new state...
D, [2018-03-31T11:08:27.700021 #14566] DEBUG -- : -------> building selection...
D, [2018-03-31T11:08:27.700347 #14566] DEBUG -- : -------> building new state...
D, [2018-03-31T11:08:27.700515 #14566] DEBUG -- : -------> building new state...
D, [2018-03-31T11:08:27.700723 #14566] DEBUG -- : -------> building selection...
D, [2018-03-31T11:08:27.701085 #14566] DEBUG -- : -------> building new state...
D, [2018-03-31T11:08:27.701189 #14566] DEBUG -- : -------> building new state...
D, [2018-03-31T11:08:27.701379 #14566] DEBUG -- : -------> building selection...
D, [2018-03-31T11:08:27.701710 #14566] DEBUG -- : -------> building new state...
D, [2018-03-31T11:08:27.701839 #14566] DEBUG -- : -------> building new state...
D, [2018-03-31T11:08:27.702031 #14566] DEBUG -- : scoring weighed rated selections...
D, [2018-03-31T11:08:27.702096 #14566] DEBUG -- : Saving scored selections...
D, [2018-03-31T11:08:27.709451 #14566] DEBUG -- : State Score successfully calculated


D, [2018-03-31T11:08:27.709526 #14566] DEBUG -- : Scoring new state: {:rating=>37, :state=>{:unknown=>0, :possibly_lighter=>1, :possibly_heavier=>0, :normal=>7}}
D, [2018-03-31T11:08:27.709551 #14566] DEBUG -- : State Score successfully calculated


D, [2018-03-31T11:08:27.709586 #14566] DEBUG -- : Scoring new state: {:rating=>37, :state=>{:unknown=>0, :possibly_lighter=>0, :possibly_heavier=>1, :normal=>7}}
D, [2018-03-31T11:08:27.709607 #14566] DEBUG -- : State Score successfully calculated


D, [2018-03-31T11:08:27.709632 #14566] DEBUG -- : Scoring new state: {:rating=>34, :state=>{:unknown=>0, :possibly_lighter=>2, :possibly_heavier=>0, :normal=>6}}
D, [2018-03-31T11:08:27.712376 #14566] DEBUG -- : returning fully calculated score...
D, [2018-03-31T11:08:27.712435 #14566] DEBUG -- : State Score successfully calculated


D, [2018-03-31T11:08:27.712469 #14566] DEBUG -- : Scoring new state: {:rating=>37, :state=>{:unknown=>0, :possibly_lighter=>1, :possibly_heavier=>0, :normal=>7}}
D, [2018-03-31T11:08:27.712491 #14566] DEBUG -- : State Score successfully calculated


D, [2018-03-31T11:08:27.712546 #14566] DEBUG -- : Scoring new state: {:rating=>34, :state=>{:unknown=>0, :possibly_lighter=>1, :possibly_heavier=>1, :normal=>6}}
D, [2018-03-31T11:08:27.715138 #14566] DEBUG -- : returning fully calculated score...
D, [2018-03-31T11:08:27.715197 #14566] DEBUG -- : State Score successfully calculated


D, [2018-03-31T11:08:27.715234 #14566] DEBUG -- : Scoring new state: {:rating=>34, :state=>{:unknown=>0, :possibly_lighter=>2, :possibly_heavier=>0, :normal=>6}}
D, [2018-03-31T11:08:27.717735 #14566] DEBUG -- : returning fully calculated score...
D, [2018-03-31T11:08:27.717800 #14566] DEBUG -- : State Score successfully calculated


D, [2018-03-31T11:08:27.717860 #14566] DEBUG -- : Scoring new state: {:rating=>32, :state=>{:unknown=>1, :possibly_lighter=>1, :possibly_heavier=>0, :normal=>6}}
D, [2018-03-31T11:08:27.720419 #14566] DEBUG -- : calculating updated score for older state...
D, [2018-03-31T11:08:27.723888 #14566] DEBUG -- : generating weighed rated selections...
D, [2018-03-31T11:08:27.725016 #14566] DEBUG -- : -------> building selection...
D, [2018-03-31T11:08:27.725916 #14566] DEBUG -- : -------> building new state...
D, [2018-03-31T11:08:27.726298 #14566] DEBUG -- : -------> building new state...
D, [2018-03-31T11:08:27.726554 #14566] DEBUG -- : -------> building selection...
D, [2018-03-31T11:08:27.726911 #14566] DEBUG -- : -------> building new state...
D, [2018-03-31T11:08:27.727016 #14566] DEBUG -- : -------> building new state...
D, [2018-03-31T11:08:27.727205 #14566] DEBUG -- : -------> building selection...
D, [2018-03-31T11:08:27.727529 #14566] DEBUG -- : -------> building new state...
D, [2018-03-31T11:08:27.727647 #14566] DEBUG -- : -------> building new state...
D, [2018-03-31T11:08:27.727836 #14566] DEBUG -- : -------> building selection...
D, [2018-03-31T11:08:27.728155 #14566] DEBUG -- : -------> building new state...
D, [2018-03-31T11:08:27.728305 #14566] DEBUG -- : -------> building new state...
D, [2018-03-31T11:08:27.728503 #14566] DEBUG -- : -------> building selection...
D, [2018-03-31T11:08:27.728825 #14566] DEBUG -- : -------> building new state...
D, [2018-03-31T11:08:27.729004 #14566] DEBUG -- : -------> building new state...
D, [2018-03-31T11:08:27.729275 #14566] DEBUG -- : -------> building selection...
D, [2018-03-31T11:08:27.729624 #14566] DEBUG -- : -------> building new state...
D, [2018-03-31T11:08:27.729727 #14566] DEBUG -- : -------> building new state...
D, [2018-03-31T11:08:27.729913 #14566] DEBUG -- : -------> building selection...
D, [2018-03-31T11:08:27.730316 #14566] DEBUG -- : -------> building new state...
D, [2018-03-31T11:08:27.730418 #14566] DEBUG -- : -------> building new state...
D, [2018-03-31T11:08:27.730602 #14566] DEBUG -- : -------> building selection...
D, [2018-03-31T11:08:27.730941 #14566] DEBUG -- : -------> building new state...
D, [2018-03-31T11:08:27.731113 #14566] DEBUG -- : -------> building new state...
D, [2018-03-31T11:08:27.731316 #14566] DEBUG -- : -------> building selection...
D, [2018-03-31T11:08:27.731638 #14566] DEBUG -- : -------> building new state...
D, [2018-03-31T11:08:27.731738 #14566] DEBUG -- : -------> building new state...
D, [2018-03-31T11:08:27.731922 #14566] DEBUG -- : -------> building selection...
D, [2018-03-31T11:08:27.732300 #14566] DEBUG -- : -------> building new state...
D, [2018-03-31T11:08:27.732402 #14566] DEBUG -- : -------> building new state...
D, [2018-03-31T11:08:27.732587 #14566] DEBUG -- : -------> building selection...
D, [2018-03-31T11:08:27.732908 #14566] DEBUG -- : -------> building new state...
D, [2018-03-31T11:08:27.733006 #14566] DEBUG -- : -------> building new state...
D, [2018-03-31T11:08:27.733229 #14566] DEBUG -- : -------> building selection...
D, [2018-03-31T11:08:27.733550 #14566] DEBUG -- : -------> building new state...
D, [2018-03-31T11:08:27.733649 #14566] DEBUG -- : -------> building new state...
D, [2018-03-31T11:08:27.733863 #14566] DEBUG -- : -------> building selection...
D, [2018-03-31T11:08:27.734186 #14566] DEBUG -- : -------> building new state...
D, [2018-03-31T11:08:27.734367 #14566] DEBUG -- : -------> building new state...
D, [2018-03-31T11:08:27.736572 #14566] DEBUG -- : -------> building selection...
D, [2018-03-31T11:08:27.737302 #14566] DEBUG -- : -------> building new state...
D, [2018-03-31T11:08:27.737448 #14566] DEBUG -- : -------> building new state...
D, [2018-03-31T11:08:27.737657 #14566] DEBUG -- : -------> building selection...
D, [2018-03-31T11:08:27.738046 #14566] DEBUG -- : -------> building new state...
D, [2018-03-31T11:08:27.738161 #14566] DEBUG -- : -------> building new state...
D, [2018-03-31T11:08:27.738378 #14566] DEBUG -- : -------> building selection...
D, [2018-03-31T11:08:27.738703 #14566] DEBUG -- : -------> building new state...
D, [2018-03-31T11:08:27.738821 #14566] DEBUG -- : -------> building new state...
D, [2018-03-31T11:08:27.739042 #14566] DEBUG -- : -------> building selection...
D, [2018-03-31T11:08:27.739373 #14566] DEBUG -- : -------> building new state...
D, [2018-03-31T11:08:27.739475 #14566] DEBUG -- : -------> building new state...
D, [2018-03-31T11:08:27.739659 #14566] DEBUG -- : -------> building selection...
D, [2018-03-31T11:08:27.740149 #14566] DEBUG -- : -------> building new state...
D, [2018-03-31T11:08:27.740297 #14566] DEBUG -- : -------> building new state...
D, [2018-03-31T11:08:27.740489 #14566] DEBUG -- : -------> building selection...
D, [2018-03-31T11:08:27.740815 #14566] DEBUG -- : -------> building new state...
D, [2018-03-31T11:08:27.740915 #14566] DEBUG -- : -------> building new state...
D, [2018-03-31T11:08:27.741100 #14566] DEBUG -- : -------> building selection...
D, [2018-03-31T11:08:27.741458 #14566] DEBUG -- : -------> building new state...
D, [2018-03-31T11:08:27.741560 #14566] DEBUG -- : -------> building new state...
D, [2018-03-31T11:08:27.741743 #14566] DEBUG -- : -------> building selection...
D, [2018-03-31T11:08:27.742060 #14566] DEBUG -- : -------> building new state...
D, [2018-03-31T11:08:27.742159 #14566] DEBUG -- : -------> building new state...
D, [2018-03-31T11:08:27.742344 #14566] DEBUG -- : -------> building selection...
D, [2018-03-31T11:08:27.742701 #14566] DEBUG -- : -------> building new state...
D, [2018-03-31T11:08:27.742812 #14566] DEBUG -- : -------> building new state...
D, [2018-03-31T11:08:27.743001 #14566] DEBUG -- : -------> building selection...
D, [2018-03-31T11:08:27.743322 #14566] DEBUG -- : -------> building new state...
D, [2018-03-31T11:08:27.743420 #14566] DEBUG -- : -------> building new state...
D, [2018-03-31T11:08:27.743636 #14566] DEBUG -- : -------> building selection...
D, [2018-03-31T11:08:27.743956 #14566] DEBUG -- : -------> building new state...
D, [2018-03-31T11:08:27.744056 #14566] DEBUG -- : -------> building new state...
D, [2018-03-31T11:08:27.744237 #14566] DEBUG -- : -------> building selection...
D, [2018-03-31T11:08:27.744556 #14566] DEBUG -- : -------> building new state...
D, [2018-03-31T11:08:27.744702 #14566] DEBUG -- : -------> building new state...
D, [2018-03-31T11:08:27.745056 #14566] DEBUG -- : -------> building selection...
D, [2018-03-31T11:08:27.745541 #14566] DEBUG -- : -------> building new state...
D, [2018-03-31T11:08:27.745665 #14566] DEBUG -- : -------> building new state...
D, [2018-03-31T11:08:27.745853 #14566] DEBUG -- : scoring weighed rated selections...
D, [2018-03-31T11:08:27.745901 #14566] DEBUG -- : Saving scored selections...
D, [2018-03-31T11:08:27.752432 #14566] DEBUG -- : State Score successfully calculated


D, [2018-03-31T11:08:27.752539 #14566] DEBUG -- : Scoring new state: {:rating=>37, :state=>{:unknown=>0, :possibly_lighter=>1, :possibly_heavier=>0, :normal=>7}}
D, [2018-03-31T11:08:27.752565 #14566] DEBUG -- : State Score successfully calculated


D, [2018-03-31T11:08:27.752599 #14566] DEBUG -- : Scoring new state: {:rating=>37, :state=>{:unknown=>0, :possibly_lighter=>0, :possibly_heavier=>1, :normal=>7}}
D, [2018-03-31T11:08:27.752619 #14566] DEBUG -- : State Score successfully calculated


D, [2018-03-31T11:08:27.752643 #14566] DEBUG -- : Scoring new state: {:rating=>37, :state=>{:unknown=>0, :possibly_lighter=>1, :possibly_heavier=>0, :normal=>7}}
D, [2018-03-31T11:08:27.752662 #14566] DEBUG -- : State Score successfully calculated


D, [2018-03-31T11:08:27.752686 #14566] DEBUG -- : Scoring new state: {:rating=>34, :state=>{:unknown=>0, :possibly_lighter=>2, :possibly_heavier=>0, :normal=>6}}
D, [2018-03-31T11:08:27.755427 #14566] DEBUG -- : returning fully calculated score...
D, [2018-03-31T11:08:27.755486 #14566] DEBUG -- : State Score successfully calculated


D, [2018-03-31T11:08:27.755529 #14566] DEBUG -- : Scoring new state: {:rating=>35, :state=>{:unknown=>1, :possibly_lighter=>0, :possibly_heavier=>0, :normal=>7}}
D, [2018-03-31T11:08:27.758083 #14566] DEBUG -- : returning fully calculated score...
D, [2018-03-31T11:08:27.758143 #14566] DEBUG -- : State Score successfully calculated


D, [2018-03-31T11:08:27.758195 #14566] DEBUG -- : Scoring new state: {:rating=>34, :state=>{:unknown=>0, :possibly_lighter=>2, :possibly_heavier=>0, :normal=>6}}
D, [2018-03-31T11:08:27.760710 #14566] DEBUG -- : returning fully calculated score...
D, [2018-03-31T11:08:27.760774 #14566] DEBUG -- : State Score successfully calculated


D, [2018-03-31T11:08:27.760818 #14566] DEBUG -- : Scoring new state: {:rating=>37, :state=>{:unknown=>0, :possibly_lighter=>0, :possibly_heavier=>1, :normal=>7}}
D, [2018-03-31T11:08:27.760840 #14566] DEBUG -- : State Score successfully calculated


D, [2018-03-31T11:08:27.760884 #14566] DEBUG -- : Scoring new state: {:rating=>34, :state=>{:unknown=>0, :possibly_lighter=>2, :possibly_heavier=>0, :normal=>6}}
D, [2018-03-31T11:08:27.763423 #14566] DEBUG -- : returning fully calculated score...
D, [2018-03-31T11:08:27.763489 #14566] DEBUG -- : State Score successfully calculated


D, [2018-03-31T11:08:27.763524 #14566] DEBUG -- : Scoring new state: {:rating=>37, :state=>{:unknown=>0, :possibly_lighter=>1, :possibly_heavier=>0, :normal=>7}}
D, [2018-03-31T11:08:27.763547 #14566] DEBUG -- : State Score successfully calculated


D, [2018-03-31T11:08:27.763584 #14566] DEBUG -- : Scoring new state: {:rating=>37, :state=>{:unknown=>0, :possibly_lighter=>0, :possibly_heavier=>1, :normal=>7}}
D, [2018-03-31T11:08:27.763606 #14566] DEBUG -- : State Score successfully calculated


D, [2018-03-31T11:08:27.763632 #14566] DEBUG -- : Scoring new state: {:rating=>31, :state=>{:unknown=>0, :possibly_lighter=>3, :possibly_heavier=>0, :normal=>5}}
D, [2018-03-31T11:08:27.766141 #14566] DEBUG -- : calculating updated score for older state...
D, [2018-03-31T11:08:27.769709 #14566] DEBUG -- : generating weighed rated selections...
D, [2018-03-31T11:08:27.863227 #14566] DEBUG -- : scoring weighed rated selections...
D, [2018-03-31T11:08:27.863343 #14566] DEBUG -- : Saving scored selections...
D, [2018-03-31T11:08:27.867527 #14566] DEBUG -- : State Score successfully calculated


D, [2018-03-31T11:08:27.867632 #14566] DEBUG -- : Scoring new state: {:rating=>32, :state=>{:unknown=>1, :possibly_lighter=>1, :possibly_heavier=>0, :normal=>6}}
D, [2018-03-31T11:08:27.870246 #14566] DEBUG -- : calculating updated score for older state...
D, [2018-03-31T11:08:27.873777 #14566] DEBUG -- : generating weighed rated selections...
D, [2018-03-31T11:08:27.874927 #14566] DEBUG -- : -------> building selection...
D, [2018-03-31T11:08:27.875821 #14566] DEBUG -- : -------> building new state...
D, [2018-03-31T11:08:27.876118 #14566] DEBUG -- : -------> building new state...
D, [2018-03-31T11:08:27.876385 #14566] DEBUG -- : -------> building selection...
D, [2018-03-31T11:08:27.876836 #14566] DEBUG -- : -------> building new state...
D, [2018-03-31T11:08:27.876946 #14566] DEBUG -- : -------> building new state...
D, [2018-03-31T11:08:27.877146 #14566] DEBUG -- : -------> building selection...
D, [2018-03-31T11:08:27.877520 #14566] DEBUG -- : -------> building new state...
D, [2018-03-31T11:08:27.877622 #14566] DEBUG -- : -------> building new state...
D, [2018-03-31T11:08:27.877834 #14566] DEBUG -- : -------> building selection...
D, [2018-03-31T11:08:27.878160 #14566] DEBUG -- : -------> building new state...
D, [2018-03-31T11:08:27.878261 #14566] DEBUG -- : -------> building new state...
D, [2018-03-31T11:08:27.878486 #14566] DEBUG -- : -------> building selection...
D, [2018-03-31T11:08:27.878837 #14566] DEBUG -- : -------> building new state...
D, [2018-03-31T11:08:27.878942 #14566] DEBUG -- : -------> building new state...
D, [2018-03-31T11:08:27.879132 #14566] DEBUG -- : -------> building selection...
D, [2018-03-31T11:08:27.879482 #14566] DEBUG -- : -------> building new state...
D, [2018-03-31T11:08:27.879592 #14566] DEBUG -- : -------> building new state...
D, [2018-03-31T11:08:27.879839 #14566] DEBUG -- : -------> building selection...
D, [2018-03-31T11:08:27.880182 #14566] DEBUG -- : -------> building new state...
D, [2018-03-31T11:08:27.880294 #14566] DEBUG -- : -------> building new state...
D, [2018-03-31T11:08:27.880495 #14566] DEBUG -- : -------> building selection...
D, [2018-03-31T11:08:27.880851 #14566] DEBUG -- : -------> building new state...
D, [2018-03-31T11:08:27.881168 #14566] DEBUG -- : -------> building new state...
D, [2018-03-31T11:08:27.881448 #14566] DEBUG -- : -------> building selection...
D, [2018-03-31T11:08:27.881868 #14566] DEBUG -- : -------> building new state...
D, [2018-03-31T11:08:27.881978 #14566] DEBUG -- : -------> building new state...
D, [2018-03-31T11:08:27.882174 #14566] DEBUG -- : -------> building selection...
D, [2018-03-31T11:08:27.882544 #14566] DEBUG -- : -------> building new state...
D, [2018-03-31T11:08:27.882824 #14566] DEBUG -- : -------> building new state...
D, [2018-03-31T11:08:27.883145 #14566] DEBUG -- : -------> building selection...
D, [2018-03-31T11:08:27.883496 #14566] DEBUG -- : -------> building new state...
D, [2018-03-31T11:08:27.883598 #14566] DEBUG -- : -------> building new state...
D, [2018-03-31T11:08:27.883809 #14566] DEBUG -- : -------> building selection...
D, [2018-03-31T11:08:27.886044 #14566] DEBUG -- : -------> building new state...
D, [2018-03-31T11:08:27.886212 #14566] DEBUG -- : -------> building new state...
D, [2018-03-31T11:08:27.886446 #14566] DEBUG -- : -------> building selection...
D, [2018-03-31T11:08:27.886782 #14566] DEBUG -- : -------> building new state...
D, [2018-03-31T11:08:27.886908 #14566] DEBUG -- : -------> building new state...
D, [2018-03-31T11:08:27.887163 #14566] DEBUG -- : -------> building selection...
D, [2018-03-31T11:08:27.887497 #14566] DEBUG -- : -------> building new state...
D, [2018-03-31T11:08:27.887597 #14566] DEBUG -- : -------> building new state...
D, [2018-03-31T11:08:27.887786 #14566] DEBUG -- : -------> building selection...
D, [2018-03-31T11:08:27.888115 #14566] DEBUG -- : -------> building new state...
D, [2018-03-31T11:08:27.888252 #14566] DEBUG -- : -------> building new state...
D, [2018-03-31T11:08:27.888455 #14566] DEBUG -- : -------> building selection...
D, [2018-03-31T11:08:27.888837 #14566] DEBUG -- : -------> building new state...
D, [2018-03-31T11:08:27.889036 #14566] DEBUG -- : -------> building new state...
D, [2018-03-31T11:08:27.889269 #14566] DEBUG -- : -------> building selection...
D, [2018-03-31T11:08:27.889713 #14566] DEBUG -- : -------> building new state...
D, [2018-03-31T11:08:27.889821 #14566] DEBUG -- : -------> building new state...
D, [2018-03-31T11:08:27.890013 #14566] DEBUG -- : -------> building selection...
D, [2018-03-31T11:08:27.890374 #14566] DEBUG -- : -------> building new state...
D, [2018-03-31T11:08:27.890491 #14566] DEBUG -- : -------> building new state...
D, [2018-03-31T11:08:27.890702 #14566] DEBUG -- : -------> building selection...
D, [2018-03-31T11:08:27.891061 #14566] DEBUG -- : -------> building new state...
D, [2018-03-31T11:08:27.891179 #14566] DEBUG -- : -------> building new state...
D, [2018-03-31T11:08:27.891372 #14566] DEBUG -- : -------> building selection...
D, [2018-03-31T11:08:27.891698 #14566] DEBUG -- : -------> building new state...
D, [2018-03-31T11:08:27.891828 #14566] DEBUG -- : -------> building new state...
D, [2018-03-31T11:08:27.892031 #14566] DEBUG -- : -------> building selection...
D, [2018-03-31T11:08:27.892356 #14566] DEBUG -- : -------> building new state...
D, [2018-03-31T11:08:27.892455 #14566] DEBUG -- : -------> building new state...
D, [2018-03-31T11:08:27.892646 #14566] DEBUG -- : -------> building selection...
D, [2018-03-31T11:08:27.892972 #14566] DEBUG -- : -------> building new state...
D, [2018-03-31T11:08:27.893095 #14566] DEBUG -- : -------> building new state...
D, [2018-03-31T11:08:27.893289 #14566] DEBUG -- : -------> building selection...
D, [2018-03-31T11:08:27.893614 #14566] DEBUG -- : -------> building new state...
D, [2018-03-31T11:08:27.893711 #14566] DEBUG -- : -------> building new state...
D, [2018-03-31T11:08:27.893899 #14566] DEBUG -- : -------> building selection...
D, [2018-03-31T11:08:27.894259 #14566] DEBUG -- : -------> building new state...
D, [2018-03-31T11:08:27.894363 #14566] DEBUG -- : -------> building new state...
D, [2018-03-31T11:08:27.894549 #14566] DEBUG -- : -------> building selection...
D, [2018-03-31T11:08:27.894882 #14566] DEBUG -- : -------> building new state...
D, [2018-03-31T11:08:27.894983 #14566] DEBUG -- : -------> building new state...
D, [2018-03-31T11:08:27.895173 #14566] DEBUG -- : -------> building selection...
D, [2018-03-31T11:08:27.895531 #14566] DEBUG -- : -------> building new state...
D, [2018-03-31T11:08:27.895635 #14566] DEBUG -- : -------> building new state...
D, [2018-03-31T11:08:27.895823 #14566] DEBUG -- : scoring weighed rated selections...
D, [2018-03-31T11:08:27.895868 #14566] DEBUG -- : Saving scored selections...
D, [2018-03-31T11:08:27.902503 #14566] DEBUG -- : State Score successfully calculated


D, [2018-03-31T11:08:27.902581 #14566] DEBUG -- : Scoring new state: {:rating=>37, :state=>{:unknown=>0, :possibly_lighter=>1, :possibly_heavier=>0, :normal=>7}}
D, [2018-03-31T11:08:27.902606 #14566] DEBUG -- : State Score successfully calculated


D, [2018-03-31T11:08:27.902643 #14566] DEBUG -- : Scoring new state: {:rating=>35, :state=>{:unknown=>1, :possibly_lighter=>0, :possibly_heavier=>0, :normal=>7}}
D, [2018-03-31T11:08:27.905381 #14566] DEBUG -- : returning fully calculated score...
D, [2018-03-31T11:08:27.905431 #14566] DEBUG -- : State Score successfully calculated


D, [2018-03-31T11:08:27.905465 #14566] DEBUG -- : Scoring new state: {:rating=>37, :state=>{:unknown=>0, :possibly_lighter=>1, :possibly_heavier=>0, :normal=>7}}
D, [2018-03-31T11:08:27.905489 #14566] DEBUG -- : State Score successfully calculated


D, [2018-03-31T11:08:27.905521 #14566] DEBUG -- : Scoring new state: {:rating=>34, :state=>{:unknown=>0, :possibly_lighter=>1, :possibly_heavier=>1, :normal=>6}}
D, [2018-03-31T11:08:27.908167 #14566] DEBUG -- : returning fully calculated score...
D, [2018-03-31T11:08:27.908231 #14566] DEBUG -- : State Score successfully calculated


D, [2018-03-31T11:08:27.908286 #14566] DEBUG -- : Scoring new state: {:rating=>37, :state=>{:unknown=>0, :possibly_lighter=>1, :possibly_heavier=>0, :normal=>7}}
D, [2018-03-31T11:08:27.908323 #14566] DEBUG -- : State Score successfully calculated


D, [2018-03-31T11:08:27.908360 #14566] DEBUG -- : Scoring new state: {:rating=>34, :state=>{:unknown=>0, :possibly_lighter=>1, :possibly_heavier=>1, :normal=>6}}
D, [2018-03-31T11:08:27.910922 #14566] DEBUG -- : returning fully calculated score...
D, [2018-03-31T11:08:27.911003 #14566] DEBUG -- : State Score successfully calculated


D, [2018-03-31T11:08:27.911035 #14566] DEBUG -- : Scoring new state: {:rating=>34, :state=>{:unknown=>0, :possibly_lighter=>2, :possibly_heavier=>0, :normal=>6}}
D, [2018-03-31T11:08:27.913484 #14566] DEBUG -- : returning fully calculated score...
D, [2018-03-31T11:08:27.913549 #14566] DEBUG -- : State Score successfully calculated


D, [2018-03-31T11:08:27.913608 #14566] DEBUG -- : Scoring new state: {:rating=>37, :state=>{:unknown=>0, :possibly_lighter=>0, :possibly_heavier=>1, :normal=>7}}
D, [2018-03-31T11:08:27.913634 #14566] DEBUG -- : State Score successfully calculated


D, [2018-03-31T11:08:27.913661 #14566] DEBUG -- : Scoring new state: {:rating=>37, :state=>{:unknown=>0, :possibly_lighter=>1, :possibly_heavier=>0, :normal=>7}}
D, [2018-03-31T11:08:27.913681 #14566] DEBUG -- : State Score successfully calculated


D, [2018-03-31T11:08:27.913706 #14566] DEBUG -- : Scoring new state: {:rating=>34, :state=>{:unknown=>0, :possibly_lighter=>2, :possibly_heavier=>0, :normal=>6}}
D, [2018-03-31T11:08:27.916245 #14566] DEBUG -- : returning fully calculated score...
D, [2018-03-31T11:08:27.916313 #14566] DEBUG -- : State Score successfully calculated


D, [2018-03-31T11:08:27.916355 #14566] DEBUG -- : Scoring new state: {:rating=>34, :state=>{:unknown=>0, :possibly_lighter=>1, :possibly_heavier=>1, :normal=>6}}
D, [2018-03-31T11:08:27.918838 #14566] DEBUG -- : returning fully calculated score...
D, [2018-03-31T11:08:27.918901 #14566] DEBUG -- : State Score successfully calculated


D, [2018-03-31T11:08:27.918954 #14566] DEBUG -- : Scoring new state: {:rating=>37, :state=>{:unknown=>0, :possibly_lighter=>1, :possibly_heavier=>0, :normal=>7}}
D, [2018-03-31T11:08:27.918979 #14566] DEBUG -- : State Score successfully calculated


D, [2018-03-31T11:08:27.919015 #14566] DEBUG -- : Scoring new state: {:rating=>31, :state=>{:unknown=>0, :possibly_lighter=>2, :possibly_heavier=>1, :normal=>5}}
D, [2018-03-31T11:08:27.921479 #14566] DEBUG -- : calculating updated score for older state...
D, [2018-03-31T11:08:27.924885 #14566] DEBUG -- : generating weighed rated selections...
D, [2018-03-31T11:08:27.926003 #14566] DEBUG -- : -------> building selection...
D, [2018-03-31T11:08:27.926915 #14566] DEBUG -- : -------> building new state...
D, [2018-03-31T11:08:27.927259 #14566] DEBUG -- : -------> building new state...
D, [2018-03-31T11:08:27.927495 #14566] DEBUG -- : -------> building selection...
D, [2018-03-31T11:08:27.927880 #14566] DEBUG -- : -------> building new state...
D, [2018-03-31T11:08:27.927989 #14566] DEBUG -- : -------> building new state...
D, [2018-03-31T11:08:27.928181 #14566] DEBUG -- : -------> building selection...
D, [2018-03-31T11:08:27.928506 #14566] DEBUG -- : -------> building new state...
D, [2018-03-31T11:08:27.928644 #14566] DEBUG -- : -------> building new state...
D, [2018-03-31T11:08:27.928870 #14566] DEBUG -- : -------> building selection...
D, [2018-03-31T11:08:27.929450 #14566] DEBUG -- : -------> building new state...
D, [2018-03-31T11:08:27.929604 #14566] DEBUG -- : -------> building new state...
D, [2018-03-31T11:08:27.929811 #14566] DEBUG -- : -------> building selection...
D, [2018-03-31T11:08:27.930209 #14566] DEBUG -- : -------> building new state...
D, [2018-03-31T11:08:27.930443 #14566] DEBUG -- : -------> building new state...
D, [2018-03-31T11:08:27.930661 #14566] DEBUG -- : -------> building selection...
D, [2018-03-31T11:08:27.931028 #14566] DEBUG -- : -------> building new state...
D, [2018-03-31T11:08:27.931137 #14566] DEBUG -- : -------> building new state...
D, [2018-03-31T11:08:27.931328 #14566] DEBUG -- : -------> building selection...
D, [2018-03-31T11:08:27.931670 #14566] DEBUG -- : -------> building new state...
D, [2018-03-31T11:08:27.931805 #14566] DEBUG -- : -------> building new state...
D, [2018-03-31T11:08:27.931997 #14566] DEBUG -- : -------> building selection...
D, [2018-03-31T11:08:27.932326 #14566] DEBUG -- : -------> building new state...
D, [2018-03-31T11:08:27.932428 #14566] DEBUG -- : -------> building new state...
D, [2018-03-31T11:08:27.932617 #14566] DEBUG -- : -------> building selection...
D, [2018-03-31T11:08:27.932981 #14566] DEBUG -- : -------> building new state...
D, [2018-03-31T11:08:27.933121 #14566] DEBUG -- : -------> building new state...
D, [2018-03-31T11:08:27.933426 #14566] DEBUG -- : -------> building selection...
D, [2018-03-31T11:08:27.933802 #14566] DEBUG -- : -------> building new state...
D, [2018-03-31T11:08:27.933921 #14566] DEBUG -- : -------> building new state...
D, [2018-03-31T11:08:27.934120 #14566] DEBUG -- : -------> building selection...
D, [2018-03-31T11:08:27.934483 #14566] DEBUG -- : -------> building new state...
D, [2018-03-31T11:08:27.934588 #14566] DEBUG -- : -------> building new state...
D, [2018-03-31T11:08:27.934782 #14566] DEBUG -- : -------> building selection...
D, [2018-03-31T11:08:27.935126 #14566] DEBUG -- : -------> building new state...
D, [2018-03-31T11:08:27.935226 #14566] DEBUG -- : -------> building new state...
D, [2018-03-31T11:08:27.935419 #14566] DEBUG -- : -------> building selection...
D, [2018-03-31T11:08:27.935772 #14566] DEBUG -- : -------> building new state...
D, [2018-03-31T11:08:27.935874 #14566] DEBUG -- : -------> building new state...
D, [2018-03-31T11:08:27.936065 #14566] DEBUG -- : -------> building selection...
D, [2018-03-31T11:08:27.936396 #14566] DEBUG -- : -------> building new state...
D, [2018-03-31T11:08:27.936513 #14566] DEBUG -- : -------> building new state...
D, [2018-03-31T11:08:27.936705 #14566] DEBUG -- : -------> building selection...
D, [2018-03-31T11:08:27.937190 #14566] DEBUG -- : -------> building new state...
D, [2018-03-31T11:08:27.937325 #14566] DEBUG -- : -------> building new state...
D, [2018-03-31T11:08:27.937515 #14566] DEBUG -- : -------> building selection...
D, [2018-03-31T11:08:27.937840 #14566] DEBUG -- : -------> building new state...
D, [2018-03-31T11:08:27.937946 #14566] DEBUG -- : -------> building new state...
D, [2018-03-31T11:08:27.938148 #14566] DEBUG -- : -------> building selection...
D, [2018-03-31T11:08:27.938511 #14566] DEBUG -- : -------> building new state...
D, [2018-03-31T11:08:27.938721 #14566] DEBUG -- : -------> building new state...
D, [2018-03-31T11:08:27.938975 #14566] DEBUG -- : -------> building selection...
D, [2018-03-31T11:08:27.939355 #14566] DEBUG -- : -------> building new state...
D, [2018-03-31T11:08:27.939461 #14566] DEBUG -- : -------> building new state...
D, [2018-03-31T11:08:27.939655 #14566] DEBUG -- : -------> building selection...
D, [2018-03-31T11:08:27.940016 #14566] DEBUG -- : -------> building new state...
D, [2018-03-31T11:08:27.940119 #14566] DEBUG -- : -------> building new state...
D, [2018-03-31T11:08:27.940309 #14566] DEBUG -- : -------> building selection...
D, [2018-03-31T11:08:27.940658 #14566] DEBUG -- : -------> building new state...
D, [2018-03-31T11:08:27.940762 #14566] DEBUG -- : -------> building new state...
D, [2018-03-31T11:08:27.940975 #14566] DEBUG -- : -------> building selection...
D, [2018-03-31T11:08:27.941310 #14566] DEBUG -- : -------> building new state...
D, [2018-03-31T11:08:27.941423 #14566] DEBUG -- : -------> building new state...
D, [2018-03-31T11:08:27.941615 #14566] DEBUG -- : -------> building selection...
D, [2018-03-31T11:08:27.941955 #14566] DEBUG -- : -------> building new state...
D, [2018-03-31T11:08:27.942077 #14566] DEBUG -- : -------> building new state...
D, [2018-03-31T11:08:27.942273 #14566] DEBUG -- : -------> building selection...
D, [2018-03-31T11:08:27.942596 #14566] DEBUG -- : -------> building new state...
D, [2018-03-31T11:08:27.942714 #14566] DEBUG -- : -------> building new state...
D, [2018-03-31T11:08:27.942928 #14566] DEBUG -- : -------> building selection...
D, [2018-03-31T11:08:27.943289 #14566] DEBUG -- : -------> building new state...
D, [2018-03-31T11:08:27.943394 #14566] DEBUG -- : -------> building new state...
D, [2018-03-31T11:08:27.943586 #14566] DEBUG -- : -------> building selection...
D, [2018-03-31T11:08:27.943937 #14566] DEBUG -- : -------> building new state...
D, [2018-03-31T11:08:27.944040 #14566] DEBUG -- : -------> building new state...
D, [2018-03-31T11:08:27.944228 #14566] DEBUG -- : -------> building selection...
D, [2018-03-31T11:08:27.944610 #14566] DEBUG -- : -------> building new state...
D, [2018-03-31T11:08:27.944729 #14566] DEBUG -- : -------> building new state...
D, [2018-03-31T11:08:27.945020 #14566] DEBUG -- : -------> building selection...
D, [2018-03-31T11:08:27.945424 #14566] DEBUG -- : -------> building new state...
D, [2018-03-31T11:08:27.945528 #14566] DEBUG -- : -------> building new state...
D, [2018-03-31T11:08:27.945743 #14566] DEBUG -- : -------> building selection...
D, [2018-03-31T11:08:27.946091 #14566] DEBUG -- : -------> building new state...
D, [2018-03-31T11:08:27.946194 #14566] DEBUG -- : -------> building new state...
D, [2018-03-31T11:08:27.946392 #14566] DEBUG -- : -------> building selection...
D, [2018-03-31T11:08:27.946746 #14566] DEBUG -- : -------> building new state...
D, [2018-03-31T11:08:27.946884 #14566] DEBUG -- : -------> building new state...
D, [2018-03-31T11:08:27.947086 #14566] DEBUG -- : -------> building selection...
D, [2018-03-31T11:08:27.947479 #14566] DEBUG -- : -------> building new state...
D, [2018-03-31T11:08:27.947584 #14566] DEBUG -- : -------> building new state...
D, [2018-03-31T11:08:27.947807 #14566] DEBUG -- : -------> building selection...
D, [2018-03-31T11:08:27.948136 #14566] DEBUG -- : -------> building new state...
D, [2018-03-31T11:08:27.948280 #14566] DEBUG -- : -------> building new state...
D, [2018-03-31T11:08:27.948476 #14566] DEBUG -- : -------> building selection...
D, [2018-03-31T11:08:27.948821 #14566] DEBUG -- : -------> building new state...
D, [2018-03-31T11:08:27.948974 #14566] DEBUG -- : -------> building new state...
D, [2018-03-31T11:08:27.949165 #14566] DEBUG -- : -------> building selection...
D, [2018-03-31T11:08:27.949518 #14566] DEBUG -- : -------> building new state...
D, [2018-03-31T11:08:27.949619 #14566] DEBUG -- : -------> building new state...
D, [2018-03-31T11:08:27.949833 #14566] DEBUG -- : -------> building selection...
D, [2018-03-31T11:08:27.950198 #14566] DEBUG -- : -------> building new state...
D, [2018-03-31T11:08:27.950299 #14566] DEBUG -- : -------> building new state...
D, [2018-03-31T11:08:27.950513 #14566] DEBUG -- : -------> building selection...
D, [2018-03-31T11:08:27.950903 #14566] DEBUG -- : -------> building new state...
D, [2018-03-31T11:08:27.951036 #14566] DEBUG -- : -------> building new state...
D, [2018-03-31T11:08:27.951286 #14566] DEBUG -- : -------> building selection...
D, [2018-03-31T11:08:27.951624 #14566] DEBUG -- : -------> building new state...
D, [2018-03-31T11:08:27.951727 #14566] DEBUG -- : -------> building new state...
D, [2018-03-31T11:08:27.951914 #14566] DEBUG -- : -------> building selection...
D, [2018-03-31T11:08:27.952293 #14566] DEBUG -- : -------> building new state...
D, [2018-03-31T11:08:27.952395 #14566] DEBUG -- : -------> building new state...
D, [2018-03-31T11:08:27.952600 #14566] DEBUG -- : -------> building selection...
D, [2018-03-31T11:08:27.953043 #14566] DEBUG -- : -------> building new state...
D, [2018-03-31T11:08:27.953181 #14566] DEBUG -- : -------> building new state...
D, [2018-03-31T11:08:27.953379 #14566] DEBUG -- : -------> building selection...
D, [2018-03-31T11:08:27.953738 #14566] DEBUG -- : -------> building new state...
D, [2018-03-31T11:08:27.953872 #14566] DEBUG -- : -------> building new state...
D, [2018-03-31T11:08:27.954091 #14566] DEBUG -- : scoring weighed rated selections...
D, [2018-03-31T11:08:27.954142 #14566] DEBUG -- : Saving scored selections...
D, [2018-03-31T11:08:27.961576 #14566] DEBUG -- : State Score successfully calculated


D, [2018-03-31T11:08:27.961676 #14566] DEBUG -- : Scoring new state: {:rating=>37, :state=>{:unknown=>0, :possibly_lighter=>1, :possibly_heavier=>0, :normal=>7}}
D, [2018-03-31T11:08:27.961701 #14566] DEBUG -- : State Score successfully calculated


D, [2018-03-31T11:08:27.961736 #14566] DEBUG -- : Scoring new state: {:rating=>35, :state=>{:unknown=>1, :possibly_lighter=>0, :possibly_heavier=>0, :normal=>7}}
D, [2018-03-31T11:08:27.964536 #14566] DEBUG -- : returning fully calculated score...
D, [2018-03-31T11:08:27.964606 #14566] DEBUG -- : State Score successfully calculated


D, [2018-03-31T11:08:27.964672 #14566] DEBUG -- : Scoring new state: {:rating=>34, :state=>{:unknown=>0, :possibly_lighter=>2, :possibly_heavier=>0, :normal=>6}}
D, [2018-03-31T11:08:27.967272 #14566] DEBUG -- : returning fully calculated score...
D, [2018-03-31T11:08:27.967345 #14566] DEBUG -- : State Score successfully calculated


D, [2018-03-31T11:08:27.967387 #14566] DEBUG -- : Scoring new state: {:rating=>31, :state=>{:unknown=>0, :possibly_lighter=>2, :possibly_heavier=>1, :normal=>5}}
D, [2018-03-31T11:08:27.969915 #14566] DEBUG -- : calculating updated score for older state...
D, [2018-03-31T11:08:27.973424 #14566] DEBUG -- : generating weighed rated selections...
D, [2018-03-31T11:08:27.974509 #14566] DEBUG -- : -------> building selection...
D, [2018-03-31T11:08:27.975438 #14566] DEBUG -- : -------> building new state...
D, [2018-03-31T11:08:27.975763 #14566] DEBUG -- : -------> building new state...
D, [2018-03-31T11:08:27.975998 #14566] DEBUG -- : -------> building selection...
D, [2018-03-31T11:08:27.976380 #14566] DEBUG -- : -------> building new state...
D, [2018-03-31T11:08:27.976489 #14566] DEBUG -- : -------> building new state...
D, [2018-03-31T11:08:27.976694 #14566] DEBUG -- : -------> building selection...
D, [2018-03-31T11:08:27.977356 #14566] DEBUG -- : -------> building new state...
D, [2018-03-31T11:08:27.977568 #14566] DEBUG -- : -------> building new state...
D, [2018-03-31T11:08:27.977799 #14566] DEBUG -- : -------> building selection...
D, [2018-03-31T11:08:27.978179 #14566] DEBUG -- : -------> building new state...
D, [2018-03-31T11:08:27.978290 #14566] DEBUG -- : -------> building new state...
D, [2018-03-31T11:08:27.978483 #14566] DEBUG -- : -------> building selection...
D, [2018-03-31T11:08:27.978853 #14566] DEBUG -- : -------> building new state...
D, [2018-03-31T11:08:27.978963 #14566] DEBUG -- : -------> building new state...
D, [2018-03-31T11:08:27.979170 #14566] DEBUG -- : -------> building selection...
D, [2018-03-31T11:08:27.979515 #14566] DEBUG -- : -------> building new state...
D, [2018-03-31T11:08:27.979640 #14566] DEBUG -- : -------> building new state...
D, [2018-03-31T11:08:27.979831 #14566] DEBUG -- : -------> building selection...
D, [2018-03-31T11:08:27.980165 #14566] DEBUG -- : -------> building new state...
D, [2018-03-31T11:08:27.980266 #14566] DEBUG -- : -------> building new state...
D, [2018-03-31T11:08:27.980469 #14566] DEBUG -- : -------> building selection...
D, [2018-03-31T11:08:27.980808 #14566] DEBUG -- : -------> building new state...
D, [2018-03-31T11:08:27.980955 #14566] DEBUG -- : -------> building new state...
D, [2018-03-31T11:08:27.981270 #14566] DEBUG -- : -------> building selection...
D, [2018-03-31T11:08:27.981625 #14566] DEBUG -- : -------> building new state...
D, [2018-03-31T11:08:27.981757 #14566] DEBUG -- : -------> building new state...
D, [2018-03-31T11:08:27.981960 #14566] DEBUG -- : -------> building selection...
D, [2018-03-31T11:08:27.982350 #14566] DEBUG -- : -------> building new state...
D, [2018-03-31T11:08:27.982468 #14566] DEBUG -- : -------> building new state...
D, [2018-03-31T11:08:27.982716 #14566] DEBUG -- : -------> building selection...
D, [2018-03-31T11:08:27.983186 #14566] DEBUG -- : -------> building new state...
D, [2018-03-31T11:08:27.983290 #14566] DEBUG -- : -------> building new state...
D, [2018-03-31T11:08:27.983499 #14566] DEBUG -- : -------> building selection...
D, [2018-03-31T11:08:27.983828 #14566] DEBUG -- : -------> building new state...
D, [2018-03-31T11:08:27.983962 #14566] DEBUG -- : -------> building new state...
D, [2018-03-31T11:08:27.984186 #14566] DEBUG -- : -------> building selection...
D, [2018-03-31T11:08:27.984515 #14566] DEBUG -- : -------> building new state...
D, [2018-03-31T11:08:27.984625 #14566] DEBUG -- : -------> building new state...
D, [2018-03-31T11:08:27.984845 #14566] DEBUG -- : -------> building selection...
D, [2018-03-31T11:08:27.985320 #14566] DEBUG -- : -------> building new state...
D, [2018-03-31T11:08:27.985456 #14566] DEBUG -- : -------> building new state...
D, [2018-03-31T11:08:27.985676 #14566] DEBUG -- : -------> building selection...
D, [2018-03-31T11:08:27.986041 #14566] DEBUG -- : -------> building new state...
D, [2018-03-31T11:08:27.986159 #14566] DEBUG -- : -------> building new state...
D, [2018-03-31T11:08:27.986365 #14566] DEBUG -- : -------> building selection...
D, [2018-03-31T11:08:27.986718 #14566] DEBUG -- : -------> building new state...
D, [2018-03-31T11:08:27.986868 #14566] DEBUG -- : -------> building new state...
D, [2018-03-31T11:08:27.987095 #14566] DEBUG -- : -------> building selection...
D, [2018-03-31T11:08:27.987461 #14566] DEBUG -- : -------> building new state...
D, [2018-03-31T11:08:27.987580 #14566] DEBUG -- : -------> building new state...
D, [2018-03-31T11:08:27.987789 #14566] DEBUG -- : -------> building selection...
D, [2018-03-31T11:08:27.988151 #14566] DEBUG -- : -------> building new state...
D, [2018-03-31T11:08:27.988260 #14566] DEBUG -- : -------> building new state...
D, [2018-03-31T11:08:27.988468 #14566] DEBUG -- : -------> building selection...
D, [2018-03-31T11:08:27.988850 #14566] DEBUG -- : -------> building new state...
D, [2018-03-31T11:08:27.989051 #14566] DEBUG -- : -------> building new state...
D, [2018-03-31T11:08:27.989277 #14566] DEBUG -- : -------> building selection...
D, [2018-03-31T11:08:27.989635 #14566] DEBUG -- : -------> building new state...
D, [2018-03-31T11:08:27.989745 #14566] DEBUG -- : -------> building new state...
D, [2018-03-31T11:08:27.989956 #14566] DEBUG -- : -------> building selection...
D, [2018-03-31T11:08:27.990302 #14566] DEBUG -- : -------> building new state...
D, [2018-03-31T11:08:27.990415 #14566] DEBUG -- : -------> building new state...
D, [2018-03-31T11:08:27.990618 #14566] DEBUG -- : -------> building selection...
D, [2018-03-31T11:08:27.990997 #14566] DEBUG -- : -------> building new state...
D, [2018-03-31T11:08:27.991107 #14566] DEBUG -- : -------> building new state...
D, [2018-03-31T11:08:27.991314 #14566] DEBUG -- : -------> building selection...
D, [2018-03-31T11:08:27.991700 #14566] DEBUG -- : -------> building new state...
D, [2018-03-31T11:08:27.991825 #14566] DEBUG -- : -------> building new state...
D, [2018-03-31T11:08:27.992031 #14566] DEBUG -- : -------> building selection...
D, [2018-03-31T11:08:27.992395 #14566] DEBUG -- : -------> building new state...
D, [2018-03-31T11:08:27.992512 #14566] DEBUG -- : -------> building new state...
D, [2018-03-31T11:08:27.992720 #14566] DEBUG -- : -------> building selection...
D, [2018-03-31T11:08:27.995010 #14566] DEBUG -- : -------> building new state...
D, [2018-03-31T11:08:27.995985 #14566] DEBUG -- : -------> building new state...
D, [2018-03-31T11:08:27.996311 #14566] DEBUG -- : -------> building selection...
D, [2018-03-31T11:08:27.996722 #14566] DEBUG -- : -------> building new state...
D, [2018-03-31T11:08:27.996831 #14566] DEBUG -- : -------> building new state...
D, [2018-03-31T11:08:27.997031 #14566] DEBUG -- : -------> building selection...
D, [2018-03-31T11:08:27.997355 #14566] DEBUG -- : -------> building new state...
D, [2018-03-31T11:08:27.997502 #14566] DEBUG -- : -------> building new state...
D, [2018-03-31T11:08:27.997718 #14566] DEBUG -- : -------> building selection...
D, [2018-03-31T11:08:27.998043 #14566] DEBUG -- : -------> building new state...
D, [2018-03-31T11:08:27.998142 #14566] DEBUG -- : -------> building new state...
D, [2018-03-31T11:08:27.998332 #14566] DEBUG -- : -------> building selection...
D, [2018-03-31T11:08:27.998686 #14566] DEBUG -- : -------> building new state...
D, [2018-03-31T11:08:27.998815 #14566] DEBUG -- : -------> building new state...
D, [2018-03-31T11:08:27.999010 #14566] DEBUG -- : -------> building selection...
D, [2018-03-31T11:08:27.999340 #14566] DEBUG -- : -------> building new state...
D, [2018-03-31T11:08:27.999466 #14566] DEBUG -- : -------> building new state...
D, [2018-03-31T11:08:27.999655 #14566] DEBUG -- : -------> building selection...
D, [2018-03-31T11:08:27.999981 #14566] DEBUG -- : -------> building new state...
D, [2018-03-31T11:08:28.000118 #14566] DEBUG -- : -------> building new state...
D, [2018-03-31T11:08:28.000420 #14566] DEBUG -- : -------> building selection...
D, [2018-03-31T11:08:28.000875 #14566] DEBUG -- : -------> building new state...
D, [2018-03-31T11:08:28.001101 #14566] DEBUG -- : -------> building new state...
D, [2018-03-31T11:08:28.001412 #14566] DEBUG -- : -------> building selection...
D, [2018-03-31T11:08:28.001809 #14566] DEBUG -- : -------> building new state...
D, [2018-03-31T11:08:28.001913 #14566] DEBUG -- : -------> building new state...
D, [2018-03-31T11:08:28.002103 #14566] DEBUG -- : -------> building selection...
D, [2018-03-31T11:08:28.002497 #14566] DEBUG -- : -------> building new state...
D, [2018-03-31T11:08:28.002602 #14566] DEBUG -- : -------> building new state...
D, [2018-03-31T11:08:28.002790 #14566] DEBUG -- : -------> building selection...
D, [2018-03-31T11:08:28.003135 #14566] DEBUG -- : -------> building new state...
D, [2018-03-31T11:08:28.003237 #14566] DEBUG -- : -------> building new state...
D, [2018-03-31T11:08:28.003458 #14566] DEBUG -- : -------> building selection...
D, [2018-03-31T11:08:28.003791 #14566] DEBUG -- : -------> building new state...
D, [2018-03-31T11:08:28.003914 #14566] DEBUG -- : -------> building new state...
D, [2018-03-31T11:08:28.004100 #14566] DEBUG -- : -------> building selection...
D, [2018-03-31T11:08:28.004419 #14566] DEBUG -- : -------> building new state...
D, [2018-03-31T11:08:28.004517 #14566] DEBUG -- : -------> building new state...
D, [2018-03-31T11:08:28.004752 #14566] DEBUG -- : -------> building selection...
D, [2018-03-31T11:08:28.005073 #14566] DEBUG -- : -------> building new state...
D, [2018-03-31T11:08:28.005174 #14566] DEBUG -- : -------> building new state...
D, [2018-03-31T11:08:28.005363 #14566] DEBUG -- : -------> building selection...
D, [2018-03-31T11:08:28.005736 #14566] DEBUG -- : -------> building new state...
D, [2018-03-31T11:08:28.005839 #14566] DEBUG -- : -------> building new state...
D, [2018-03-31T11:08:28.006025 #14566] DEBUG -- : scoring weighed rated selections...
D, [2018-03-31T11:08:28.006076 #14566] DEBUG -- : Saving scored selections...
D, [2018-03-31T11:08:28.013444 #14566] DEBUG -- : State Score successfully calculated


D, [2018-03-31T11:08:28.013519 #14566] DEBUG -- : Scoring new state: {:rating=>37, :state=>{:unknown=>0, :possibly_lighter=>1, :possibly_heavier=>0, :normal=>7}}
D, [2018-03-31T11:08:28.013544 #14566] DEBUG -- : State Score successfully calculated


D, [2018-03-31T11:08:28.013581 #14566] DEBUG -- : Scoring new state: {:rating=>37, :state=>{:unknown=>0, :possibly_lighter=>0, :possibly_heavier=>1, :normal=>7}}
D, [2018-03-31T11:08:28.013601 #14566] DEBUG -- : State Score successfully calculated


D, [2018-03-31T11:08:28.013628 #14566] DEBUG -- : Scoring new state: {:rating=>34, :state=>{:unknown=>0, :possibly_lighter=>2, :possibly_heavier=>0, :normal=>6}}
D, [2018-03-31T11:08:28.016416 #14566] DEBUG -- : returning fully calculated score...
D, [2018-03-31T11:08:28.016476 #14566] DEBUG -- : State Score successfully calculated


D, [2018-03-31T11:08:28.016510 #14566] DEBUG -- : Scoring new state: {:rating=>37, :state=>{:unknown=>0, :possibly_lighter=>1, :possibly_heavier=>0, :normal=>7}}
D, [2018-03-31T11:08:28.016532 #14566] DEBUG -- : State Score successfully calculated


D, [2018-03-31T11:08:28.016564 #14566] DEBUG -- : Scoring new state: {:rating=>34, :state=>{:unknown=>0, :possibly_lighter=>1, :possibly_heavier=>1, :normal=>6}}
D, [2018-03-31T11:08:28.019124 #14566] DEBUG -- : returning fully calculated score...
D, [2018-03-31T11:08:28.019197 #14566] DEBUG -- : State Score successfully calculated


D, [2018-03-31T11:08:28.019235 #14566] DEBUG -- : Scoring new state: {:rating=>34, :state=>{:unknown=>0, :possibly_lighter=>2, :possibly_heavier=>0, :normal=>6}}
D, [2018-03-31T11:08:28.023403 #14566] DEBUG -- : returning fully calculated score...
D, [2018-03-31T11:08:28.023482 #14566] DEBUG -- : State Score successfully calculated


D, [2018-03-31T11:08:28.023540 #14566] DEBUG -- : Scoring new state: {:rating=>37, :state=>{:unknown=>0, :possibly_lighter=>0, :possibly_heavier=>1, :normal=>7}}
D, [2018-03-31T11:08:28.023565 #14566] DEBUG -- : State Score successfully calculated


D, [2018-03-31T11:08:28.023590 #14566] DEBUG -- : Scoring new state: {:rating=>31, :state=>{:unknown=>0, :possibly_lighter=>3, :possibly_heavier=>0, :normal=>5}}
D, [2018-03-31T11:08:28.026149 #14566] DEBUG -- : calculating updated score for older state...
D, [2018-03-31T11:08:28.029615 #14566] DEBUG -- : generating weighed rated selections...
D, [2018-03-31T11:08:28.030709 #14566] DEBUG -- : -------> building selection...
D, [2018-03-31T11:08:28.031609 #14566] DEBUG -- : -------> building new state...
D, [2018-03-31T11:08:28.032076 #14566] DEBUG -- : -------> building selection...
D, [2018-03-31T11:08:28.032423 #14566] DEBUG -- : -------> building new state...
D, [2018-03-31T11:08:28.032627 #14566] DEBUG -- : -------> building selection...
D, [2018-03-31T11:08:28.033079 #14566] DEBUG -- : -------> building new state...
D, [2018-03-31T11:08:28.033377 #14566] DEBUG -- : -------> building selection...
D, [2018-03-31T11:08:28.033767 #14566] DEBUG -- : -------> building new state...
D, [2018-03-31T11:08:28.033916 #14566] DEBUG -- : -------> building new state...
D, [2018-03-31T11:08:28.034119 #14566] DEBUG -- : -------> building selection...
D, [2018-03-31T11:08:28.034474 #14566] DEBUG -- : -------> building new state...
D, [2018-03-31T11:08:28.034585 #14566] DEBUG -- : -------> building new state...
D, [2018-03-31T11:08:28.034785 #14566] DEBUG -- : -------> building selection...
D, [2018-03-31T11:08:28.035189 #14566] DEBUG -- : -------> building new state...
D, [2018-03-31T11:08:28.035306 #14566] DEBUG -- : -------> building new state...
D, [2018-03-31T11:08:28.035506 #14566] DEBUG -- : -------> building selection...
D, [2018-03-31T11:08:28.035903 #14566] DEBUG -- : -------> building new state...
D, [2018-03-31T11:08:28.036018 #14566] DEBUG -- : -------> building new state...
D, [2018-03-31T11:08:28.036214 #14566] DEBUG -- : -------> building selection...
D, [2018-03-31T11:08:28.036571 #14566] DEBUG -- : -------> building new state...
D, [2018-03-31T11:08:28.036719 #14566] DEBUG -- : -------> building new state...
D, [2018-03-31T11:08:28.036996 #14566] DEBUG -- : -------> building selection...
D, [2018-03-31T11:08:28.037444 #14566] DEBUG -- : -------> building new state...
D, [2018-03-31T11:08:28.037642 #14566] DEBUG -- : -------> building new state...
D, [2018-03-31T11:08:28.037856 #14566] DEBUG -- : -------> building selection...
D, [2018-03-31T11:08:28.038203 #14566] DEBUG -- : -------> building new state...
D, [2018-03-31T11:08:28.038308 #14566] DEBUG -- : -------> building new state...
D, [2018-03-31T11:08:28.038498 #14566] DEBUG -- : -------> building selection...
D, [2018-03-31T11:08:28.038893 #14566] DEBUG -- : -------> building new state...
D, [2018-03-31T11:08:28.039003 #14566] DEBUG -- : -------> building new state...
D, [2018-03-31T11:08:28.039195 #14566] DEBUG -- : -------> building selection...
D, [2018-03-31T11:08:28.039523 #14566] DEBUG -- : -------> building new state...
D, [2018-03-31T11:08:28.039624 #14566] DEBUG -- : -------> building new state...
D, [2018-03-31T11:08:28.039855 #14566] DEBUG -- : -------> building selection...
D, [2018-03-31T11:08:28.040179 #14566] DEBUG -- : -------> building new state...
D, [2018-03-31T11:08:28.040284 #14566] DEBUG -- : -------> building new state...
D, [2018-03-31T11:08:28.040472 #14566] DEBUG -- : -------> building selection...
D, [2018-03-31T11:08:28.040848 #14566] DEBUG -- : -------> building new state...
D, [2018-03-31T11:08:28.041087 #14566] DEBUG -- : -------> building new state...
D, [2018-03-31T11:08:28.041300 #14566] DEBUG -- : -------> building selection...
D, [2018-03-31T11:08:28.041637 #14566] DEBUG -- : -------> building new state...
D, [2018-03-31T11:08:28.041737 #14566] DEBUG -- : -------> building new state...
D, [2018-03-31T11:08:28.041969 #14566] DEBUG -- : -------> building selection...
D, [2018-03-31T11:08:28.042301 #14566] DEBUG -- : -------> building new state...
D, [2018-03-31T11:08:28.042406 #14566] DEBUG -- : -------> building new state...
D, [2018-03-31T11:08:28.042593 #14566] DEBUG -- : -------> building selection...
D, [2018-03-31T11:08:28.042932 #14566] DEBUG -- : -------> building new state...
D, [2018-03-31T11:08:28.043033 #14566] DEBUG -- : -------> building new state...
D, [2018-03-31T11:08:28.043257 #14566] DEBUG -- : -------> building selection...
D, [2018-03-31T11:08:28.043583 #14566] DEBUG -- : -------> building new state...
D, [2018-03-31T11:08:28.043681 #14566] DEBUG -- : -------> building new state...
D, [2018-03-31T11:08:28.043869 #14566] DEBUG -- : -------> building selection...
D, [2018-03-31T11:08:28.044230 #14566] DEBUG -- : -------> building new state...
D, [2018-03-31T11:08:28.044330 #14566] DEBUG -- : -------> building new state...
D, [2018-03-31T11:08:28.044519 #14566] DEBUG -- : scoring weighed rated selections...
D, [2018-03-31T11:08:28.044557 #14566] DEBUG -- : Saving scored selections...
D, [2018-03-31T11:08:28.048625 #14566] DEBUG -- : State Score successfully calculated


D, [2018-03-31T11:08:28.048708 #14566] DEBUG -- : Scoring new state: {:rating=>37, :state=>{:unknown=>0, :possibly_lighter=>0, :possibly_heavier=>1, :normal=>7}}
D, [2018-03-31T11:08:28.048733 #14566] DEBUG -- : State Score successfully calculated


D, [2018-03-31T11:08:28.048761 #14566] DEBUG -- : Scoring new state: {:rating=>31, :state=>{:unknown=>0, :possibly_lighter=>3, :possibly_heavier=>0, :normal=>5}}
D, [2018-03-31T11:08:28.051494 #14566] DEBUG -- : calculating updated score for older state...
D, [2018-03-31T11:08:28.055069 #14566] DEBUG -- : generating weighed rated selections...
D, [2018-03-31T11:08:28.056097 #14566] DEBUG -- : -------> building selection...
D, [2018-03-31T11:08:28.057113 #14566] DEBUG -- : -------> building new state...
D, [2018-03-31T11:08:28.057620 #14566] DEBUG -- : -------> building selection...
D, [2018-03-31T11:08:28.058047 #14566] DEBUG -- : -------> building new state...
D, [2018-03-31T11:08:28.058316 #14566] DEBUG -- : -------> building selection...
D, [2018-03-31T11:08:28.058682 #14566] DEBUG -- : -------> building new state...
D, [2018-03-31T11:08:28.058928 #14566] DEBUG -- : -------> building selection...
D, [2018-03-31T11:08:28.059276 #14566] DEBUG -- : -------> building new state...
D, [2018-03-31T11:08:28.059422 #14566] DEBUG -- : -------> building new state...
D, [2018-03-31T11:08:28.059632 #14566] DEBUG -- : -------> building selection...
D, [2018-03-31T11:08:28.059970 #14566] DEBUG -- : -------> building new state...
D, [2018-03-31T11:08:28.060078 #14566] DEBUG -- : -------> building new state...
D, [2018-03-31T11:08:28.060280 #14566] DEBUG -- : -------> building selection...
D, [2018-03-31T11:08:28.060667 #14566] DEBUG -- : -------> building new state...
D, [2018-03-31T11:08:28.060777 #14566] DEBUG -- : -------> building new state...
D, [2018-03-31T11:08:28.060974 #14566] DEBUG -- : -------> building selection...
D, [2018-03-31T11:08:28.061320 #14566] DEBUG -- : -------> building new state...
D, [2018-03-31T11:08:28.061434 #14566] DEBUG -- : -------> building new state...
D, [2018-03-31T11:08:28.061630 #14566] DEBUG -- : -------> building selection...
D, [2018-03-31T11:08:28.062047 #14566] DEBUG -- : -------> building new state...
D, [2018-03-31T11:08:28.062160 #14566] DEBUG -- : -------> building new state...
D, [2018-03-31T11:08:28.062356 #14566] DEBUG -- : -------> building selection...
D, [2018-03-31T11:08:28.062781 #14566] DEBUG -- : -------> building new state...
D, [2018-03-31T11:08:28.062923 #14566] DEBUG -- : -------> building new state...
D, [2018-03-31T11:08:28.063180 #14566] DEBUG -- : -------> building selection...
D, [2018-03-31T11:08:28.063540 #14566] DEBUG -- : -------> building new state...
D, [2018-03-31T11:08:28.063696 #14566] DEBUG -- : -------> building new state...
D, [2018-03-31T11:08:28.063978 #14566] DEBUG -- : -------> building selection...
D, [2018-03-31T11:08:28.064330 #14566] DEBUG -- : -------> building new state...
D, [2018-03-31T11:08:28.064436 #14566] DEBUG -- : -------> building new state...
D, [2018-03-31T11:08:28.066261 #14566] DEBUG -- : -------> building selection...
D, [2018-03-31T11:08:28.066765 #14566] DEBUG -- : -------> building new state...
D, [2018-03-31T11:08:28.066895 #14566] DEBUG -- : -------> building new state...
D, [2018-03-31T11:08:28.067263 #14566] DEBUG -- : -------> building selection...
D, [2018-03-31T11:08:28.067681 #14566] DEBUG -- : -------> building new state...
D, [2018-03-31T11:08:28.067805 #14566] DEBUG -- : -------> building new state...
D, [2018-03-31T11:08:28.068000 #14566] DEBUG -- : -------> building selection...
D, [2018-03-31T11:08:28.068345 #14566] DEBUG -- : -------> building new state...
D, [2018-03-31T11:08:28.068447 #14566] DEBUG -- : -------> building new state...
D, [2018-03-31T11:08:28.068653 #14566] DEBUG -- : -------> building selection...
D, [2018-03-31T11:08:28.068998 #14566] DEBUG -- : -------> building new state...
D, [2018-03-31T11:08:28.069099 #14566] DEBUG -- : -------> building new state...
D, [2018-03-31T11:08:28.069287 #14566] DEBUG -- : -------> building selection...
D, [2018-03-31T11:08:28.069615 #14566] DEBUG -- : -------> building new state...
D, [2018-03-31T11:08:28.069750 #14566] DEBUG -- : -------> building new state...
D, [2018-03-31T11:08:28.069939 #14566] DEBUG -- : -------> building selection...
D, [2018-03-31T11:08:28.070266 #14566] DEBUG -- : -------> building new state...
D, [2018-03-31T11:08:28.070369 #14566] DEBUG -- : -------> building new state...
D, [2018-03-31T11:08:28.070555 #14566] DEBUG -- : -------> building selection...
D, [2018-03-31T11:08:28.070891 #14566] DEBUG -- : -------> building new state...
D, [2018-03-31T11:08:28.071047 #14566] DEBUG -- : -------> building new state...
D, [2018-03-31T11:08:28.071238 #14566] DEBUG -- : -------> building selection...
D, [2018-03-31T11:08:28.071561 #14566] DEBUG -- : -------> building new state...
D, [2018-03-31T11:08:28.071658 #14566] DEBUG -- : -------> building new state...
D, [2018-03-31T11:08:28.071847 #14566] DEBUG -- : scoring weighed rated selections...
D, [2018-03-31T11:08:28.071912 #14566] DEBUG -- : Saving scored selections...
D, [2018-03-31T11:08:28.075997 #14566] DEBUG -- : State Score successfully calculated


D, [2018-03-31T11:08:28.076079 #14566] DEBUG -- : Scoring new state: {:rating=>34, :state=>{:unknown=>0, :possibly_lighter=>1, :possibly_heavier=>1, :normal=>6}}
D, [2018-03-31T11:08:28.078780 #14566] DEBUG -- : returning fully calculated score...
D, [2018-03-31T11:08:28.078857 #14566] DEBUG -- : State Score successfully calculated


D, [2018-03-31T11:08:28.078906 #14566] DEBUG -- : Scoring new state: {:rating=>34, :state=>{:unknown=>0, :possibly_lighter=>2, :possibly_heavier=>0, :normal=>6}}
D, [2018-03-31T11:08:28.081427 #14566] DEBUG -- : returning fully calculated score...
D, [2018-03-31T11:08:28.081491 #14566] DEBUG -- : State Score successfully calculated


D, [2018-03-31T11:08:28.081534 #14566] DEBUG -- : Scoring new state: {:rating=>31, :state=>{:unknown=>0, :possibly_lighter=>2, :possibly_heavier=>1, :normal=>5}}
D, [2018-03-31T11:08:28.084083 #14566] DEBUG -- : calculating updated score for older state...
D, [2018-03-31T11:08:28.087570 #14566] DEBUG -- : generating weighed rated selections...
D, [2018-03-31T11:08:28.088671 #14566] DEBUG -- : -------> building selection...
D, [2018-03-31T11:08:28.089547 #14566] DEBUG -- : -------> building new state...
D, [2018-03-31T11:08:28.089900 #14566] DEBUG -- : -------> building new state...
D, [2018-03-31T11:08:28.090149 #14566] DEBUG -- : -------> building selection...
D, [2018-03-31T11:08:28.090495 #14566] DEBUG -- : -------> building new state...
D, [2018-03-31T11:08:28.090611 #14566] DEBUG -- : -------> building new state...
D, [2018-03-31T11:08:28.090838 #14566] DEBUG -- : -------> building selection...
D, [2018-03-31T11:08:28.091219 #14566] DEBUG -- : -------> building new state...
D, [2018-03-31T11:08:28.091322 #14566] DEBUG -- : -------> building new state...
D, [2018-03-31T11:08:28.091518 #14566] DEBUG -- : -------> building selection...
D, [2018-03-31T11:08:28.091850 #14566] DEBUG -- : -------> building new state...
D, [2018-03-31T11:08:28.091951 #14566] DEBUG -- : -------> building new state...
D, [2018-03-31T11:08:28.092162 #14566] DEBUG -- : -------> building selection...
D, [2018-03-31T11:08:28.092499 #14566] DEBUG -- : -------> building new state...
D, [2018-03-31T11:08:28.092603 #14566] DEBUG -- : -------> building new state...
D, [2018-03-31T11:08:28.092792 #14566] DEBUG -- : -------> building selection...
D, [2018-03-31T11:08:28.093119 #14566] DEBUG -- : -------> building new state...
D, [2018-03-31T11:08:28.093258 #14566] DEBUG -- : -------> building new state...
D, [2018-03-31T11:08:28.093449 #14566] DEBUG -- : -------> building selection...
D, [2018-03-31T11:08:28.093774 #14566] DEBUG -- : -------> building new state...
D, [2018-03-31T11:08:28.093875 #14566] DEBUG -- : -------> building new state...
D, [2018-03-31T11:08:28.094082 #14566] DEBUG -- : -------> building selection...
D, [2018-03-31T11:08:28.094441 #14566] DEBUG -- : -------> building new state...
D, [2018-03-31T11:08:28.094542 #14566] DEBUG -- : -------> building new state...
D, [2018-03-31T11:08:28.094733 #14566] DEBUG -- : -------> building selection...
D, [2018-03-31T11:08:28.095092 #14566] DEBUG -- : -------> building new state...
D, [2018-03-31T11:08:28.095194 #14566] DEBUG -- : -------> building new state...
D, [2018-03-31T11:08:28.095384 #14566] DEBUG -- : -------> building selection...
D, [2018-03-31T11:08:28.095752 #14566] DEBUG -- : -------> building new state...
D, [2018-03-31T11:08:28.095857 #14566] DEBUG -- : -------> building new state...
D, [2018-03-31T11:08:28.096046 #14566] DEBUG -- : -------> building selection...
D, [2018-03-31T11:08:28.096371 #14566] DEBUG -- : -------> building new state...
D, [2018-03-31T11:08:28.096472 #14566] DEBUG -- : -------> building new state...
D, [2018-03-31T11:08:28.096660 #14566] DEBUG -- : -------> building selection...
D, [2018-03-31T11:08:28.097025 #14566] DEBUG -- : -------> building new state...
D, [2018-03-31T11:08:28.097130 #14566] DEBUG -- : -------> building new state...
D, [2018-03-31T11:08:28.097318 #14566] DEBUG -- : -------> building selection...
D, [2018-03-31T11:08:28.097641 #14566] DEBUG -- : -------> building new state...
D, [2018-03-31T11:08:28.097744 #14566] DEBUG -- : -------> building new state...
D, [2018-03-31T11:08:28.097947 #14566] DEBUG -- : -------> building selection...
D, [2018-03-31T11:08:28.098314 #14566] DEBUG -- : -------> building new state...
D, [2018-03-31T11:08:28.098415 #14566] DEBUG -- : -------> building new state...
D, [2018-03-31T11:08:28.098605 #14566] DEBUG -- : -------> building selection...
D, [2018-03-31T11:08:28.098943 #14566] DEBUG -- : -------> building new state...
D, [2018-03-31T11:08:28.099047 #14566] DEBUG -- : -------> building new state...
D, [2018-03-31T11:08:28.099242 #14566] DEBUG -- : -------> building selection...
D, [2018-03-31T11:08:28.099637 #14566] DEBUG -- : -------> building new state...
D, [2018-03-31T11:08:28.099737 #14566] DEBUG -- : -------> building new state...
D, [2018-03-31T11:08:28.099925 #14566] DEBUG -- : -------> building selection...
D, [2018-03-31T11:08:28.100248 #14566] DEBUG -- : -------> building new state...
D, [2018-03-31T11:08:28.100405 #14566] DEBUG -- : -------> building new state...
D, [2018-03-31T11:08:28.100608 #14566] DEBUG -- : -------> building selection...
D, [2018-03-31T11:08:28.100933 #14566] DEBUG -- : -------> building new state...
D, [2018-03-31T11:08:28.101032 #14566] DEBUG -- : -------> building new state...
D, [2018-03-31T11:08:28.101220 #14566] DEBUG -- : -------> building selection...
D, [2018-03-31T11:08:28.101620 #14566] DEBUG -- : -------> building new state...
D, [2018-03-31T11:08:28.101724 #14566] DEBUG -- : -------> building new state...
D, [2018-03-31T11:08:28.101913 #14566] DEBUG -- : -------> building selection...
D, [2018-03-31T11:08:28.102237 #14566] DEBUG -- : -------> building new state...
D, [2018-03-31T11:08:28.102335 #14566] DEBUG -- : -------> building new state...
D, [2018-03-31T11:08:28.102583 #14566] DEBUG -- : -------> building selection...
D, [2018-03-31T11:08:28.102937 #14566] DEBUG -- : -------> building new state...
D, [2018-03-31T11:08:28.103042 #14566] DEBUG -- : -------> building new state...
D, [2018-03-31T11:08:28.105356 #14566] DEBUG -- : -------> building selection...
D, [2018-03-31T11:08:28.105893 #14566] DEBUG -- : -------> building new state...
D, [2018-03-31T11:08:28.106032 #14566] DEBUG -- : -------> building new state...
D, [2018-03-31T11:08:28.106245 #14566] DEBUG -- : -------> building selection...
D, [2018-03-31T11:08:28.106600 #14566] DEBUG -- : -------> building new state...
D, [2018-03-31T11:08:28.106704 #14566] DEBUG -- : -------> building new state...
D, [2018-03-31T11:08:28.106966 #14566] DEBUG -- : -------> building selection...
D, [2018-03-31T11:08:28.107335 #14566] DEBUG -- : -------> building new state...
D, [2018-03-31T11:08:28.107445 #14566] DEBUG -- : -------> building new state...
D, [2018-03-31T11:08:28.107635 #14566] DEBUG -- : -------> building selection...
D, [2018-03-31T11:08:28.107964 #14566] DEBUG -- : -------> building new state...
D, [2018-03-31T11:08:28.108102 #14566] DEBUG -- : -------> building new state...
D, [2018-03-31T11:08:28.108297 #14566] DEBUG -- : -------> building selection...
D, [2018-03-31T11:08:28.108617 #14566] DEBUG -- : -------> building new state...
D, [2018-03-31T11:08:28.108716 #14566] DEBUG -- : -------> building new state...
D, [2018-03-31T11:08:28.108905 #14566] DEBUG -- : -------> building selection...
D, [2018-03-31T11:08:28.109229 #14566] DEBUG -- : -------> building new state...
D, [2018-03-31T11:08:28.109364 #14566] DEBUG -- : -------> building new state...
D, [2018-03-31T11:08:28.109558 #14566] DEBUG -- : -------> building selection...
D, [2018-03-31T11:08:28.109878 #14566] DEBUG -- : -------> building new state...
D, [2018-03-31T11:08:28.109981 #14566] DEBUG -- : -------> building new state...
D, [2018-03-31T11:08:28.110172 #14566] DEBUG -- : -------> building selection...
D, [2018-03-31T11:08:28.110492 #14566] DEBUG -- : -------> building new state...
D, [2018-03-31T11:08:28.110625 #14566] DEBUG -- : -------> building new state...
D, [2018-03-31T11:08:28.110844 #14566] DEBUG -- : -------> building selection...
D, [2018-03-31T11:08:28.111174 #14566] DEBUG -- : -------> building new state...
D, [2018-03-31T11:08:28.111275 #14566] DEBUG -- : -------> building new state...
D, [2018-03-31T11:08:28.111462 #14566] DEBUG -- : -------> building selection...
D, [2018-03-31T11:08:28.111888 #14566] DEBUG -- : -------> building new state...
D, [2018-03-31T11:08:28.112007 #14566] DEBUG -- : -------> building new state...
D, [2018-03-31T11:08:28.112196 #14566] DEBUG -- : -------> building selection...
D, [2018-03-31T11:08:28.112526 #14566] DEBUG -- : -------> building new state...
D, [2018-03-31T11:08:28.112626 #14566] DEBUG -- : -------> building new state...
D, [2018-03-31T11:08:28.112857 #14566] DEBUG -- : -------> building selection...
D, [2018-03-31T11:08:28.113289 #14566] DEBUG -- : -------> building new state...
D, [2018-03-31T11:08:28.113449 #14566] DEBUG -- : -------> building new state...
D, [2018-03-31T11:08:28.113649 #14566] DEBUG -- : -------> building selection...
D, [2018-03-31T11:08:28.113987 #14566] DEBUG -- : -------> building new state...
D, [2018-03-31T11:08:28.114088 #14566] DEBUG -- : -------> building new state...
D, [2018-03-31T11:08:28.114312 #14566] DEBUG -- : -------> building selection...
D, [2018-03-31T11:08:28.114650 #14566] DEBUG -- : -------> building new state...
D, [2018-03-31T11:08:28.114752 #14566] DEBUG -- : -------> building new state...
D, [2018-03-31T11:08:28.114958 #14566] DEBUG -- : -------> building selection...
D, [2018-03-31T11:08:28.115297 #14566] DEBUG -- : -------> building new state...
D, [2018-03-31T11:08:28.115444 #14566] DEBUG -- : -------> building new state...
D, [2018-03-31T11:08:28.115632 #14566] DEBUG -- : -------> building selection...
D, [2018-03-31T11:08:28.115957 #14566] DEBUG -- : -------> building new state...
D, [2018-03-31T11:08:28.116056 #14566] DEBUG -- : -------> building new state...
D, [2018-03-31T11:08:28.116275 #14566] DEBUG -- : -------> building selection...
D, [2018-03-31T11:08:28.116638 #14566] DEBUG -- : -------> building new state...
D, [2018-03-31T11:08:28.116740 #14566] DEBUG -- : -------> building new state...
D, [2018-03-31T11:08:28.116954 #14566] DEBUG -- : -------> building selection...
D, [2018-03-31T11:08:28.117295 #14566] DEBUG -- : -------> building new state...
D, [2018-03-31T11:08:28.117424 #14566] DEBUG -- : -------> building new state...
D, [2018-03-31T11:08:28.117624 #14566] DEBUG -- : scoring weighed rated selections...
D, [2018-03-31T11:08:28.117678 #14566] DEBUG -- : Saving scored selections...
D, [2018-03-31T11:08:28.125161 #14566] DEBUG -- : State Score successfully calculated


D, [2018-03-31T11:08:28.125239 #14566] DEBUG -- : Scoring new state: {:rating=>37, :state=>{:unknown=>0, :possibly_lighter=>1, :possibly_heavier=>0, :normal=>7}}
D, [2018-03-31T11:08:28.125264 #14566] DEBUG -- : State Score successfully calculated


D, [2018-03-31T11:08:28.125301 #14566] DEBUG -- : Scoring new state: {:rating=>31, :state=>{:unknown=>0, :possibly_lighter=>2, :possibly_heavier=>1, :normal=>5}}
D, [2018-03-31T11:08:28.128052 #14566] DEBUG -- : calculating updated score for older state...
D, [2018-03-31T11:08:28.131687 #14566] DEBUG -- : generating weighed rated selections...
D, [2018-03-31T11:08:28.132800 #14566] DEBUG -- : -------> building selection...
D, [2018-03-31T11:08:28.133626 #14566] DEBUG -- : -------> building new state...
D, [2018-03-31T11:08:28.133967 #14566] DEBUG -- : -------> building new state...
D, [2018-03-31T11:08:28.134238 #14566] DEBUG -- : -------> building selection...
D, [2018-03-31T11:08:28.134687 #14566] DEBUG -- : -------> building new state...
D, [2018-03-31T11:08:28.134807 #14566] DEBUG -- : -------> building new state...
D, [2018-03-31T11:08:28.135013 #14566] DEBUG -- : -------> building selection...
D, [2018-03-31T11:08:28.135349 #14566] DEBUG -- : -------> building new state...
D, [2018-03-31T11:08:28.135485 #14566] DEBUG -- : -------> building new state...
D, [2018-03-31T11:08:28.135684 #14566] DEBUG -- : -------> building selection...
D, [2018-03-31T11:08:28.136015 #14566] DEBUG -- : -------> building new state...
D, [2018-03-31T11:08:28.136120 #14566] DEBUG -- : -------> building new state...
D, [2018-03-31T11:08:28.136309 #14566] DEBUG -- : -------> building selection...
D, [2018-03-31T11:08:28.136673 #14566] DEBUG -- : -------> building new state...
D, [2018-03-31T11:08:28.136775 #14566] DEBUG -- : -------> building new state...
D, [2018-03-31T11:08:28.137022 #14566] DEBUG -- : -------> building selection...
D, [2018-03-31T11:08:28.137386 #14566] DEBUG -- : -------> building new state...
D, [2018-03-31T11:08:28.137489 #14566] DEBUG -- : -------> building new state...
D, [2018-03-31T11:08:28.137716 #14566] DEBUG -- : -------> building selection...
D, [2018-03-31T11:08:28.138065 #14566] DEBUG -- : -------> building new state...
D, [2018-03-31T11:08:28.138176 #14566] DEBUG -- : -------> building new state...
D, [2018-03-31T11:08:28.138371 #14566] DEBUG -- : -------> building selection...
D, [2018-03-31T11:08:28.138846 #14566] DEBUG -- : -------> building new state...
D, [2018-03-31T11:08:28.139004 #14566] DEBUG -- : -------> building new state...
D, [2018-03-31T11:08:28.139208 #14566] DEBUG -- : -------> building selection...
D, [2018-03-31T11:08:28.139545 #14566] DEBUG -- : -------> building new state...
D, [2018-03-31T11:08:28.139650 #14566] DEBUG -- : -------> building new state...
D, [2018-03-31T11:08:28.139839 #14566] DEBUG -- : -------> building selection...
D, [2018-03-31T11:08:28.140192 #14566] DEBUG -- : -------> building new state...
D, [2018-03-31T11:08:28.140304 #14566] DEBUG -- : -------> building new state...
D, [2018-03-31T11:08:28.140493 #14566] DEBUG -- : -------> building selection...
D, [2018-03-31T11:08:28.140822 #14566] DEBUG -- : -------> building new state...
D, [2018-03-31T11:08:28.140990 #14566] DEBUG -- : -------> building new state...
D, [2018-03-31T11:08:28.141232 #14566] DEBUG -- : -------> building selection...
D, [2018-03-31T11:08:28.141585 #14566] DEBUG -- : -------> building new state...
D, [2018-03-31T11:08:28.141697 #14566] DEBUG -- : -------> building new state...
D, [2018-03-31T11:08:28.141898 #14566] DEBUG -- : -------> building selection...
D, [2018-03-31T11:08:28.142269 #14566] DEBUG -- : -------> building new state...
D, [2018-03-31T11:08:28.142399 #14566] DEBUG -- : -------> building new state...
D, [2018-03-31T11:08:28.142604 #14566] DEBUG -- : -------> building selection...
D, [2018-03-31T11:08:28.142957 #14566] DEBUG -- : -------> building new state...
D, [2018-03-31T11:08:28.143140 #14566] DEBUG -- : -------> building new state...
D, [2018-03-31T11:08:28.143353 #14566] DEBUG -- : -------> building selection...
D, [2018-03-31T11:08:28.143729 #14566] DEBUG -- : -------> building new state...
D, [2018-03-31T11:08:28.143834 #14566] DEBUG -- : -------> building new state...
D, [2018-03-31T11:08:28.144022 #14566] DEBUG -- : -------> building selection...
D, [2018-03-31T11:08:28.144385 #14566] DEBUG -- : -------> building new state...
D, [2018-03-31T11:08:28.144596 #14566] DEBUG -- : -------> building new state...
D, [2018-03-31T11:08:28.144849 #14566] DEBUG -- : -------> building selection...
D, [2018-03-31T11:08:28.145321 #14566] DEBUG -- : -------> building new state...
D, [2018-03-31T11:08:28.145428 #14566] DEBUG -- : -------> building new state...
D, [2018-03-31T11:08:28.145625 #14566] DEBUG -- : -------> building selection...
D, [2018-03-31T11:08:28.145959 #14566] DEBUG -- : -------> building new state...
D, [2018-03-31T11:08:28.146096 #14566] DEBUG -- : -------> building new state...
D, [2018-03-31T11:08:28.146313 #14566] DEBUG -- : -------> building selection...
D, [2018-03-31T11:08:28.146655 #14566] DEBUG -- : -------> building new state...
D, [2018-03-31T11:08:28.146757 #14566] DEBUG -- : -------> building new state...
D, [2018-03-31T11:08:28.146974 #14566] DEBUG -- : -------> building selection...
D, [2018-03-31T11:08:28.147341 #14566] DEBUG -- : -------> building new state...
D, [2018-03-31T11:08:28.147452 #14566] DEBUG -- : -------> building new state...
D, [2018-03-31T11:08:28.147643 #14566] DEBUG -- : -------> building selection...
D, [2018-03-31T11:08:28.147971 #14566] DEBUG -- : -------> building new state...
D, [2018-03-31T11:08:28.148073 #14566] DEBUG -- : -------> building new state...
D, [2018-03-31T11:08:28.148266 #14566] DEBUG -- : -------> building selection...
D, [2018-03-31T11:08:28.148629 #14566] DEBUG -- : -------> building new state...
D, [2018-03-31T11:08:28.148732 #14566] DEBUG -- : -------> building new state...
D, [2018-03-31T11:08:28.148919 #14566] DEBUG -- : -------> building selection...
D, [2018-03-31T11:08:28.149242 #14566] DEBUG -- : -------> building new state...
D, [2018-03-31T11:08:28.149340 #14566] DEBUG -- : -------> building new state...
D, [2018-03-31T11:08:28.149530 #14566] DEBUG -- : -------> building selection...
D, [2018-03-31T11:08:28.149893 #14566] DEBUG -- : -------> building new state...
D, [2018-03-31T11:08:28.149994 #14566] DEBUG -- : -------> building new state...
D, [2018-03-31T11:08:28.150181 #14566] DEBUG -- : -------> building selection...
D, [2018-03-31T11:08:28.150562 #14566] DEBUG -- : -------> building new state...
D, [2018-03-31T11:08:28.150769 #14566] DEBUG -- : -------> building new state...
D, [2018-03-31T11:08:28.150993 #14566] DEBUG -- : -------> building selection...
D, [2018-03-31T11:08:28.151388 #14566] DEBUG -- : -------> building new state...
D, [2018-03-31T11:08:28.151492 #14566] DEBUG -- : -------> building new state...
D, [2018-03-31T11:08:28.151684 #14566] DEBUG -- : -------> building selection...
D, [2018-03-31T11:08:28.152055 #14566] DEBUG -- : -------> building new state...
D, [2018-03-31T11:08:28.152158 #14566] DEBUG -- : -------> building new state...
D, [2018-03-31T11:08:28.152347 #14566] DEBUG -- : -------> building selection...
D, [2018-03-31T11:08:28.152696 #14566] DEBUG -- : -------> building new state...
D, [2018-03-31T11:08:28.152828 #14566] DEBUG -- : -------> building new state...
D, [2018-03-31T11:08:28.153112 #14566] DEBUG -- : -------> building selection...
D, [2018-03-31T11:08:28.153491 #14566] DEBUG -- : -------> building new state...
D, [2018-03-31T11:08:28.153662 #14566] DEBUG -- : -------> building new state...
D, [2018-03-31T11:08:28.153869 #14566] DEBUG -- : -------> building selection...
D, [2018-03-31T11:08:28.154233 #14566] DEBUG -- : -------> building new state...
D, [2018-03-31T11:08:28.154338 #14566] DEBUG -- : -------> building new state...
D, [2018-03-31T11:08:28.154552 #14566] DEBUG -- : -------> building selection...
D, [2018-03-31T11:08:28.154898 #14566] DEBUG -- : -------> building new state...
D, [2018-03-31T11:08:28.155002 #14566] DEBUG -- : -------> building new state...
D, [2018-03-31T11:08:28.155214 #14566] DEBUG -- : -------> building selection...
D, [2018-03-31T11:08:28.155542 #14566] DEBUG -- : -------> building new state...
D, [2018-03-31T11:08:28.155657 #14566] DEBUG -- : -------> building new state...
D, [2018-03-31T11:08:28.155848 #14566] DEBUG -- : -------> building selection...
D, [2018-03-31T11:08:28.156191 #14566] DEBUG -- : -------> building new state...
D, [2018-03-31T11:08:28.156290 #14566] DEBUG -- : -------> building new state...
D, [2018-03-31T11:08:28.156479 #14566] DEBUG -- : -------> building selection...
D, [2018-03-31T11:08:28.156816 #14566] DEBUG -- : -------> building new state...
D, [2018-03-31T11:08:28.156925 #14566] DEBUG -- : -------> building new state...
D, [2018-03-31T11:08:28.157114 #14566] DEBUG -- : -------> building selection...
D, [2018-03-31T11:08:28.157487 #14566] DEBUG -- : -------> building new state...
D, [2018-03-31T11:08:28.157587 #14566] DEBUG -- : -------> building new state...
D, [2018-03-31T11:08:28.157793 #14566] DEBUG -- : -------> building selection...
D, [2018-03-31T11:08:28.158117 #14566] DEBUG -- : -------> building new state...
D, [2018-03-31T11:08:28.158218 #14566] DEBUG -- : -------> building new state...
D, [2018-03-31T11:08:28.158425 #14566] DEBUG -- : -------> building selection...
D, [2018-03-31T11:08:28.158749 #14566] DEBUG -- : -------> building new state...
D, [2018-03-31T11:08:28.158878 #14566] DEBUG -- : -------> building new state...
D, [2018-03-31T11:08:28.159077 #14566] DEBUG -- : -------> building selection...
D, [2018-03-31T11:08:28.159440 #14566] DEBUG -- : -------> building new state...
D, [2018-03-31T11:08:28.159554 #14566] DEBUG -- : -------> building new state...
D, [2018-03-31T11:08:28.159746 #14566] DEBUG -- : -------> building selection...
D, [2018-03-31T11:08:28.160092 #14566] DEBUG -- : -------> building new state...
D, [2018-03-31T11:08:28.160195 #14566] DEBUG -- : -------> building new state...
D, [2018-03-31T11:08:28.160420 #14566] DEBUG -- : scoring weighed rated selections...
D, [2018-03-31T11:08:28.160500 #14566] DEBUG -- : Saving scored selections...
D, [2018-03-31T11:08:28.167737 #14566] DEBUG -- : State Score successfully calculated


D, [2018-03-31T11:08:28.167813 #14566] DEBUG -- : Scoring new state: {:rating=>37, :state=>{:unknown=>0, :possibly_lighter=>1, :possibly_heavier=>0, :normal=>7}}
D, [2018-03-31T11:08:28.167837 #14566] DEBUG -- : State Score successfully calculated


D, [2018-03-31T11:08:28.167874 #14566] DEBUG -- : Scoring new state: {:rating=>34, :state=>{:unknown=>0, :possibly_lighter=>1, :possibly_heavier=>1, :normal=>6}}
D, [2018-03-31T11:08:28.170606 #14566] DEBUG -- : returning fully calculated score...
D, [2018-03-31T11:08:28.170663 #14566] DEBUG -- : State Score successfully calculated


D, [2018-03-31T11:08:28.170713 #14566] DEBUG -- : Scoring new state: {:rating=>34, :state=>{:unknown=>0, :possibly_lighter=>2, :possibly_heavier=>0, :normal=>6}}
D, [2018-03-31T11:08:28.173362 #14566] DEBUG -- : returning fully calculated score...
D, [2018-03-31T11:08:28.173440 #14566] DEBUG -- : State Score successfully calculated


D, [2018-03-31T11:08:28.173487 #14566] DEBUG -- : Scoring new state: {:rating=>37, :state=>{:unknown=>0, :possibly_lighter=>0, :possibly_heavier=>1, :normal=>7}}
D, [2018-03-31T11:08:28.173509 #14566] DEBUG -- : State Score successfully calculated


D, [2018-03-31T11:08:28.173552 #14566] DEBUG -- : Scoring new state: {:rating=>31, :state=>{:unknown=>0, :possibly_lighter=>3, :possibly_heavier=>0, :normal=>5}}
D, [2018-03-31T11:08:28.176073 #14566] DEBUG -- : calculating updated score for older state...
D, [2018-03-31T11:08:28.179517 #14566] DEBUG -- : generating weighed rated selections...
D, [2018-03-31T11:08:28.180648 #14566] DEBUG -- : -------> building selection...
D, [2018-03-31T11:08:28.181552 #14566] DEBUG -- : -------> building new state...
D, [2018-03-31T11:08:28.182066 #14566] DEBUG -- : -------> building selection...
D, [2018-03-31T11:08:28.182418 #14566] DEBUG -- : -------> building new state...
D, [2018-03-31T11:08:28.182615 #14566] DEBUG -- : -------> building selection...
D, [2018-03-31T11:08:28.182996 #14566] DEBUG -- : -------> building new state...
D, [2018-03-31T11:08:28.183196 #14566] DEBUG -- : -------> building selection...
D, [2018-03-31T11:08:28.183625 #14566] DEBUG -- : -------> building new state...
D, [2018-03-31T11:08:28.183828 #14566] DEBUG -- : -------> building new state...
D, [2018-03-31T11:08:28.184059 #14566] DEBUG -- : -------> building selection...
D, [2018-03-31T11:08:28.184451 #14566] DEBUG -- : -------> building new state...
D, [2018-03-31T11:08:28.184673 #14566] DEBUG -- : -------> building new state...
D, [2018-03-31T11:08:28.184910 #14566] DEBUG -- : -------> building selection...
D, [2018-03-31T11:08:28.185455 #14566] DEBUG -- : -------> building new state...
D, [2018-03-31T11:08:28.185582 #14566] DEBUG -- : -------> building new state...
D, [2018-03-31T11:08:28.185833 #14566] DEBUG -- : -------> building selection...
D, [2018-03-31T11:08:28.186259 #14566] DEBUG -- : -------> building new state...
D, [2018-03-31T11:08:28.186382 #14566] DEBUG -- : -------> building new state...
D, [2018-03-31T11:08:28.186610 #14566] DEBUG -- : -------> building selection...
D, [2018-03-31T11:08:28.186976 #14566] DEBUG -- : -------> building new state...
D, [2018-03-31T11:08:28.187091 #14566] DEBUG -- : -------> building new state...
D, [2018-03-31T11:08:28.187328 #14566] DEBUG -- : -------> building selection...
D, [2018-03-31T11:08:28.188231 #14566] DEBUG -- : -------> building new state...
D, [2018-03-31T11:08:28.188369 #14566] DEBUG -- : -------> building new state...
D, [2018-03-31T11:08:28.188575 #14566] DEBUG -- : -------> building selection...
D, [2018-03-31T11:08:28.188981 #14566] DEBUG -- : -------> building new state...
D, [2018-03-31T11:08:28.189122 #14566] DEBUG -- : -------> building new state...
D, [2018-03-31T11:08:28.189505 #14566] DEBUG -- : -------> building selection...
D, [2018-03-31T11:08:28.189939 #14566] DEBUG -- : -------> building new state...
D, [2018-03-31T11:08:28.190055 #14566] DEBUG -- : -------> building new state...
D, [2018-03-31T11:08:28.190257 #14566] DEBUG -- : -------> building selection...
D, [2018-03-31T11:08:28.190615 #14566] DEBUG -- : -------> building new state...
D, [2018-03-31T11:08:28.190969 #14566] DEBUG -- : -------> building new state...
D, [2018-03-31T11:08:28.191178 #14566] DEBUG -- : -------> building selection...
D, [2018-03-31T11:08:28.191526 #14566] DEBUG -- : -------> building new state...
D, [2018-03-31T11:08:28.191639 #14566] DEBUG -- : -------> building new state...
D, [2018-03-31T11:08:28.191835 #14566] DEBUG -- : -------> building selection...
D, [2018-03-31T11:08:28.192171 #14566] DEBUG -- : -------> building new state...
D, [2018-03-31T11:08:28.192330 #14566] DEBUG -- : -------> building new state...
D, [2018-03-31T11:08:28.192577 #14566] DEBUG -- : -------> building selection...
D, [2018-03-31T11:08:28.194528 #14566] DEBUG -- : -------> building new state...
D, [2018-03-31T11:08:28.194727 #14566] DEBUG -- : -------> building new state...
D, [2018-03-31T11:08:28.195010 #14566] DEBUG -- : -------> building selection...
D, [2018-03-31T11:08:28.195392 #14566] DEBUG -- : -------> building new state...
D, [2018-03-31T11:08:28.195507 #14566] DEBUG -- : -------> building new state...
D, [2018-03-31T11:08:28.195701 #14566] DEBUG -- : -------> building selection...
D, [2018-03-31T11:08:28.196111 #14566] DEBUG -- : -------> building new state...
D, [2018-03-31T11:08:28.196325 #14566] DEBUG -- : -------> building new state...
D, [2018-03-31T11:08:28.196542 #14566] DEBUG -- : -------> building selection...
D, [2018-03-31T11:08:28.196906 #14566] DEBUG -- : -------> building new state...
D, [2018-03-31T11:08:28.197029 #14566] DEBUG -- : -------> building new state...
D, [2018-03-31T11:08:28.197236 #14566] DEBUG -- : -------> building selection...
D, [2018-03-31T11:08:28.197579 #14566] DEBUG -- : -------> building new state...
D, [2018-03-31T11:08:28.197679 #14566] DEBUG -- : -------> building new state...
D, [2018-03-31T11:08:28.197891 #14566] DEBUG -- : scoring weighed rated selections...
D, [2018-03-31T11:08:28.197934 #14566] DEBUG -- : Saving scored selections...
D, [2018-03-31T11:08:28.202140 #14566] DEBUG -- : State Score successfully calculated


D, [2018-03-31T11:08:28.202236 #14566] DEBUG -- : Saving scored selections...
D, [2018-03-31T11:08:28.239396 #14566] DEBUG -- : State Score successfully calculated


D, [2018-03-31T11:08:28.239471 #14566] DEBUG -- : Scoring new state: {:rating=>37, :state=>{:unknown=>0, :possibly_lighter=>0, :possibly_heavier=>1, :normal=>7}}
D, [2018-03-31T11:08:28.239497 #14566] DEBUG -- : State Score successfully calculated


D, [2018-03-31T11:08:28.239523 #14566] DEBUG -- : Scoring new state: {:rating=>31, :state=>{:unknown=>0, :possibly_lighter=>1, :possibly_heavier=>2, :normal=>5}}
D, [2018-03-31T11:08:28.242274 #14566] DEBUG -- : generating score for new state...
D, [2018-03-31T11:08:28.245939 #14566] DEBUG -- : new state info recorded
D, [2018-03-31T11:08:28.249495 #14566] DEBUG -- : generating weighed rated selections...
D, [2018-03-31T11:08:28.446170 #14566] DEBUG -- : scoring weighed rated selections...
D, [2018-03-31T11:08:28.446308 #14566] DEBUG -- : Saving scored selections...
D, [2018-03-31T11:08:28.453661 #14566] DEBUG -- : State Score successfully calculated


D, [2018-03-31T11:08:28.519774 #14566] DEBUG -- : Scoring new state: {:rating=>34, :state=>{:unknown=>0, :possibly_lighter=>1, :possibly_heavier=>1, :normal=>6}}
D, [2018-03-31T11:08:28.522679 #14566] DEBUG -- : generating score for new state...
D, [2018-03-31T11:08:28.526460 #14566] DEBUG -- : new state info recorded
D, [2018-03-31T11:08:28.529905 #14566] DEBUG -- : generating weighed rated selections...
D, [2018-03-31T11:08:28.663635 #14566] DEBUG -- : scoring weighed rated selections...
D, [2018-03-31T11:08:28.663789 #14566] DEBUG -- : Saving scored selections...
D, [2018-03-31T11:08:28.679959 #14566] DEBUG -- : State Score successfully calculated


D, [2018-03-31T11:08:28.680081 #14566] DEBUG -- : Scoring new state: {:rating=>31, :state=>{:unknown=>0, :possibly_lighter=>1, :possibly_heavier=>2, :normal=>5}}
D, [2018-03-31T11:08:28.682680 #14566] DEBUG -- : generating score for new state...
D, [2018-03-31T11:08:28.686251 #14566] DEBUG -- : new state info recorded
D, [2018-03-31T11:08:28.689743 #14566] DEBUG -- : generating weighed rated selections...
D, [2018-03-31T11:08:28.884909 #14566] DEBUG -- : scoring weighed rated selections...
D, [2018-03-31T11:08:28.885059 #14566] DEBUG -- : Saving scored selections...
D, [2018-03-31T11:08:28.892469 #14566] DEBUG -- : State Score successfully calculated


D, [2018-03-31T11:08:28.892570 #14566] DEBUG -- : Scoring new state: {:rating=>34, :state=>{:unknown=>0, :possibly_lighter=>1, :possibly_heavier=>1, :normal=>6}}
D, [2018-03-31T11:08:28.895204 #14566] DEBUG -- : returning fully calculated score...
D, [2018-03-31T11:08:28.895263 #14566] DEBUG -- : State Score successfully calculated


D, [2018-03-31T11:08:28.895298 #14566] DEBUG -- : Scoring new state: {:rating=>31, :state=>{:unknown=>0, :possibly_lighter=>2, :possibly_heavier=>1, :normal=>5}}
D, [2018-03-31T11:08:28.897856 #14566] DEBUG -- : generating score for new state...
D, [2018-03-31T11:08:28.901447 #14566] DEBUG -- : new state info recorded
D, [2018-03-31T11:08:28.904899 #14566] DEBUG -- : generating weighed rated selections...
D, [2018-03-31T11:08:29.101175 #14566] DEBUG -- : scoring weighed rated selections...
D, [2018-03-31T11:08:29.101306 #14566] DEBUG -- : Saving scored selections...
D, [2018-03-31T11:08:29.108550 #14566] DEBUG -- : State Score successfully calculated


D, [2018-03-31T11:08:29.183416 #14566] DEBUG -- : Scoring new state: {:rating=>31, :state=>{:unknown=>0, :possibly_lighter=>1, :possibly_heavier=>2, :normal=>5}}
D, [2018-03-31T11:08:29.186216 #14566] DEBUG -- : generating score for new state...
D, [2018-03-31T11:08:29.189840 #14566] DEBUG -- : new state info recorded
D, [2018-03-31T11:08:29.193268 #14566] DEBUG -- : generating weighed rated selections...
D, [2018-03-31T11:08:29.403987 #14566] DEBUG -- : scoring weighed rated selections...
D, [2018-03-31T11:08:29.404126 #14566] DEBUG -- : Saving scored selections...
D, [2018-03-31T11:08:29.411194 #14566] DEBUG -- : State Score successfully calculated


D, [2018-03-31T11:08:29.411290 #14566] DEBUG -- : Scoring new state: {:rating=>34, :state=>{:unknown=>0, :possibly_lighter=>1, :possibly_heavier=>1, :normal=>6}}
D, [2018-03-31T11:08:29.413925 #14566] DEBUG -- : calculating updated score for older state...
D, [2018-03-31T11:08:29.417577 #14566] DEBUG -- : generating weighed rated selections...
D, [2018-03-31T11:08:29.521656 #14566] DEBUG -- : scoring weighed rated selections...
D, [2018-03-31T11:08:29.521788 #14566] DEBUG -- : Saving scored selections...
D, [2018-03-31T11:08:29.538740 #14566] DEBUG -- : State Score successfully calculated


D, [2018-03-31T11:08:29.538839 #14566] DEBUG -- : Scoring new state: {:rating=>31, :state=>{:unknown=>0, :possibly_lighter=>2, :possibly_heavier=>1, :normal=>5}}
D, [2018-03-31T11:08:29.541495 #14566] DEBUG -- : generating score for new state...
D, [2018-03-31T11:08:29.545079 #14566] DEBUG -- : new state info recorded
D, [2018-03-31T11:08:29.548531 #14566] DEBUG -- : generating weighed rated selections...
D, [2018-03-31T11:08:29.746720 #14566] DEBUG -- : scoring weighed rated selections...
D, [2018-03-31T11:08:29.746875 #14566] DEBUG -- : Saving scored selections...
D, [2018-03-31T11:08:29.754114 #14566] DEBUG -- : State Score successfully calculated


D, [2018-03-31T11:08:30.195171 #14566] DEBUG -- : generating weighed rated selections...
D, [2018-03-31T11:08:30.309083 #14566] DEBUG -- : scoring weighed rated selections...
D, [2018-03-31T11:08:30.309234 #14566] DEBUG -- : Saving scored selections...
D, [2018-03-31T11:08:30.328243 #14566] DEBUG -- : generating weighed rated selections...
D, [2018-03-31T11:08:30.522569 #14566] DEBUG -- : scoring weighed rated selections...
D, [2018-03-31T11:08:30.522708 #14566] DEBUG -- : Saving scored selections...
D, [2018-03-31T11:48:22.352528 #30302] DEBUG -- : calculating updated score for older state...
D, [2018-03-31T11:48:22.356080 #30302] DEBUG -- : generating weighed rated selections...
D, [2018-03-31T11:48:22.368766 #30302] DEBUG -- : scoring weighed rated selections...
D, [2018-03-31T11:48:22.368869 #30302] DEBUG -- : Scoring new state: {:rating=>10, :state=>{:unknown=>1, :possibly_lighter=>0, :possibly_heavier=>0, :normal=>2}}
D, [2018-03-31T11:48:22.371687 #30302] DEBUG -- : calculating updated score for older state...
D, [2018-03-31T11:48:22.375416 #30302] DEBUG -- : generating weighed rated selections...
D, [2018-03-31T11:48:22.395448 #30302] DEBUG -- : scoring weighed rated selections...
D, [2018-03-31T11:48:22.395555 #30302] DEBUG -- : Saving scored selections...
D, [2018-03-31T11:48:22.399055 #30302] DEBUG -- : State Score successfully calculated


D, [2018-03-31T11:48:22.399151 #30302] DEBUG -- : Scoring new state: {:rating=>9, :state=>{:unknown=>0, :possibly_lighter=>1, :possibly_heavier=>1, :normal=>1}}
D, [2018-03-31T11:48:22.401853 #30302] DEBUG -- : calculating updated score for older state...
D, [2018-03-31T11:48:22.405792 #30302] DEBUG -- : generating weighed rated selections...
D, [2018-03-31T11:48:22.435973 #30302] DEBUG -- : scoring weighed rated selections...
D, [2018-03-31T11:48:22.436077 #30302] DEBUG -- : Saving scored selections...
D, [2018-03-31T11:48:22.440739 #30302] DEBUG -- : State Score successfully calculated


D, [2018-03-31T11:48:22.440826 #30302] DEBUG -- : Saving scored selections...
D, [2018-03-31T11:48:22.516103 #30302] DEBUG -- : calculating updated score for older state...
D, [2018-03-31T11:48:22.519719 #30302] DEBUG -- : generating weighed rated selections...
D, [2018-03-31T11:48:22.532721 #30302] DEBUG -- : scoring weighed rated selections...
D, [2018-03-31T11:48:22.532816 #30302] DEBUG -- : Scoring new state: {:rating=>10, :state=>{:unknown=>1, :possibly_lighter=>0, :possibly_heavier=>0, :normal=>2}}
D, [2018-03-31T11:48:22.535689 #30302] DEBUG -- : calculating updated score for older state...
D, [2018-03-31T11:48:22.539335 #30302] DEBUG -- : generating weighed rated selections...
D, [2018-03-31T11:48:22.559093 #30302] DEBUG -- : scoring weighed rated selections...
D, [2018-03-31T11:48:22.559176 #30302] DEBUG -- : Saving scored selections...
D, [2018-03-31T11:48:22.562544 #30302] DEBUG -- : State Score successfully calculated


D, [2018-03-31T11:48:22.562633 #30302] DEBUG -- : Scoring new state: {:rating=>9, :state=>{:unknown=>0, :possibly_lighter=>1, :possibly_heavier=>1, :normal=>1}}
D, [2018-03-31T11:48:22.565172 #30302] DEBUG -- : calculating updated score for older state...
D, [2018-03-31T11:48:22.568618 #30302] DEBUG -- : generating weighed rated selections...
D, [2018-03-31T11:48:22.598931 #30302] DEBUG -- : scoring weighed rated selections...
D, [2018-03-31T11:48:22.599030 #30302] DEBUG -- : Saving scored selections...
D, [2018-03-31T11:48:22.604007 #30302] DEBUG -- : State Score successfully calculated


D, [2018-03-31T11:48:22.604092 #30302] DEBUG -- : Saving scored selections...
D, [2018-03-31T11:48:22.685161 #30302] DEBUG -- : calculating updated score for older state...
D, [2018-03-31T11:48:22.688857 #30302] DEBUG -- : generating weighed rated selections...
D, [2018-03-31T11:48:22.701873 #30302] DEBUG -- : scoring weighed rated selections...
D, [2018-03-31T11:48:22.701971 #30302] DEBUG -- : Scoring new state: {:rating=>10, :state=>{:unknown=>1, :possibly_lighter=>0, :possibly_heavier=>0, :normal=>2}}
D, [2018-03-31T11:48:22.704764 #30302] DEBUG -- : calculating updated score for older state...
D, [2018-03-31T11:48:22.708327 #30302] DEBUG -- : generating weighed rated selections...
D, [2018-03-31T11:48:22.727563 #30302] DEBUG -- : scoring weighed rated selections...
D, [2018-03-31T11:48:22.727661 #30302] DEBUG -- : Saving scored selections...
D, [2018-03-31T11:48:22.731055 #30302] DEBUG -- : State Score successfully calculated


D, [2018-03-31T11:48:22.731143 #30302] DEBUG -- : Scoring new state: {:rating=>9, :state=>{:unknown=>0, :possibly_lighter=>1, :possibly_heavier=>1, :normal=>1}}
D, [2018-03-31T11:48:22.733755 #30302] DEBUG -- : calculating updated score for older state...
D, [2018-03-31T11:48:22.737289 #30302] DEBUG -- : generating weighed rated selections...
D, [2018-03-31T11:48:22.767087 #30302] DEBUG -- : scoring weighed rated selections...
D, [2018-03-31T11:48:22.767189 #30302] DEBUG -- : Saving scored selections...
D, [2018-03-31T11:48:22.772087 #30302] DEBUG -- : State Score successfully calculated


D, [2018-03-31T11:48:22.772183 #30302] DEBUG -- : Saving scored selections...
D, [2018-03-31T11:48:22.846539 #30302] DEBUG -- : calculating updated score for older state...
D, [2018-03-31T11:48:22.850719 #30302] DEBUG -- : generating weighed rated selections...
D, [2018-03-31T11:48:22.878052 #30302] DEBUG -- : scoring weighed rated selections...
D, [2018-03-31T11:48:22.878151 #30302] DEBUG -- : Scoring new state: {:rating=>10, :state=>{:unknown=>1, :possibly_lighter=>0, :possibly_heavier=>0, :normal=>2}}
D, [2018-03-31T11:48:22.881025 #30302] DEBUG -- : calculating updated score for older state...
D, [2018-03-31T11:48:22.884540 #30302] DEBUG -- : generating weighed rated selections...
D, [2018-03-31T11:48:22.904536 #30302] DEBUG -- : scoring weighed rated selections...
D, [2018-03-31T11:48:22.904621 #30302] DEBUG -- : Saving scored selections...
D, [2018-03-31T11:48:22.907932 #30302] DEBUG -- : State Score successfully calculated


D, [2018-03-31T11:48:22.908025 #30302] DEBUG -- : Scoring new state: {:rating=>9, :state=>{:unknown=>0, :possibly_lighter=>1, :possibly_heavier=>1, :normal=>1}}
D, [2018-03-31T11:48:22.910669 #30302] DEBUG -- : calculating updated score for older state...
D, [2018-03-31T11:48:22.914271 #30302] DEBUG -- : generating weighed rated selections...
D, [2018-03-31T11:48:22.944454 #30302] DEBUG -- : scoring weighed rated selections...
D, [2018-03-31T11:48:22.944543 #30302] DEBUG -- : Saving scored selections...
D, [2018-03-31T11:48:22.949451 #30302] DEBUG -- : State Score successfully calculated


D, [2018-03-31T11:48:22.949532 #30302] DEBUG -- : Saving scored selections...
D, [2018-03-31T11:48:23.038174 #30302] DEBUG -- : calculating updated score for older state...
D, [2018-03-31T11:48:23.041698 #30302] DEBUG -- : generating weighed rated selections...
D, [2018-03-31T11:48:23.054613 #30302] DEBUG -- : scoring weighed rated selections...
D, [2018-03-31T11:48:23.054716 #30302] DEBUG -- : Scoring new state: {:rating=>10, :state=>{:unknown=>1, :possibly_lighter=>0, :possibly_heavier=>0, :normal=>2}}
D, [2018-03-31T11:48:23.057588 #30302] DEBUG -- : calculating updated score for older state...
D, [2018-03-31T11:48:23.061194 #30302] DEBUG -- : generating weighed rated selections...
D, [2018-03-31T11:48:23.080925 #30302] DEBUG -- : scoring weighed rated selections...
D, [2018-03-31T11:48:23.081015 #30302] DEBUG -- : Saving scored selections...
D, [2018-03-31T11:48:23.084281 #30302] DEBUG -- : State Score successfully calculated


D, [2018-03-31T11:48:23.084373 #30302] DEBUG -- : Scoring new state: {:rating=>9, :state=>{:unknown=>0, :possibly_lighter=>1, :possibly_heavier=>1, :normal=>1}}
D, [2018-03-31T11:48:23.087038 #30302] DEBUG -- : calculating updated score for older state...
D, [2018-03-31T11:48:23.090525 #30302] DEBUG -- : generating weighed rated selections...
D, [2018-03-31T11:48:23.120259 #30302] DEBUG -- : scoring weighed rated selections...
D, [2018-03-31T11:48:23.120347 #30302] DEBUG -- : Saving scored selections...
D, [2018-03-31T11:48:23.125089 #30302] DEBUG -- : State Score successfully calculated


D, [2018-03-31T11:48:23.125171 #30302] DEBUG -- : Saving scored selections...
D, [2018-03-31T11:48:23.204629 #30302] DEBUG -- : calculating updated score for older state...
D, [2018-03-31T11:48:23.209993 #30302] DEBUG -- : generating weighed rated selections...
D, [2018-03-31T11:48:23.223318 #30302] DEBUG -- : scoring weighed rated selections...
D, [2018-03-31T11:48:23.223424 #30302] DEBUG -- : Scoring new state: {:rating=>10, :state=>{:unknown=>1, :possibly_lighter=>0, :possibly_heavier=>0, :normal=>2}}
D, [2018-03-31T11:48:23.226428 #30302] DEBUG -- : calculating updated score for older state...
D, [2018-03-31T11:48:23.231586 #30302] DEBUG -- : generating weighed rated selections...
D, [2018-03-31T11:48:23.253133 #30302] DEBUG -- : scoring weighed rated selections...
D, [2018-03-31T11:48:23.253228 #30302] DEBUG -- : Saving scored selections...
D, [2018-03-31T11:48:23.256579 #30302] DEBUG -- : State Score successfully calculated


D, [2018-03-31T11:48:23.256676 #30302] DEBUG -- : Scoring new state: {:rating=>9, :state=>{:unknown=>0, :possibly_lighter=>1, :possibly_heavier=>1, :normal=>1}}
D, [2018-03-31T11:48:23.259336 #30302] DEBUG -- : calculating updated score for older state...
D, [2018-03-31T11:48:23.262887 #30302] DEBUG -- : generating weighed rated selections...
D, [2018-03-31T11:48:23.293200 #30302] DEBUG -- : scoring weighed rated selections...
D, [2018-03-31T11:48:23.293286 #30302] DEBUG -- : Saving scored selections...
D, [2018-03-31T11:48:23.298348 #30302] DEBUG -- : State Score successfully calculated


D, [2018-03-31T11:48:23.298434 #30302] DEBUG -- : Saving scored selections...
D, [2018-03-31T11:48:23.372563 #30302] DEBUG -- : calculating updated score for older state...
D, [2018-03-31T11:48:23.376170 #30302] DEBUG -- : generating weighed rated selections...
D, [2018-03-31T11:48:23.388979 #30302] DEBUG -- : scoring weighed rated selections...
D, [2018-03-31T11:48:23.389081 #30302] DEBUG -- : Scoring new state: {:rating=>10, :state=>{:unknown=>1, :possibly_lighter=>0, :possibly_heavier=>0, :normal=>2}}
D, [2018-03-31T11:48:23.392039 #30302] DEBUG -- : calculating updated score for older state...
D, [2018-03-31T11:48:23.395749 #30302] DEBUG -- : generating weighed rated selections...
D, [2018-03-31T11:48:23.415514 #30302] DEBUG -- : scoring weighed rated selections...
D, [2018-03-31T11:48:23.415653 #30302] DEBUG -- : Saving scored selections...
D, [2018-03-31T11:48:23.419131 #30302] DEBUG -- : State Score successfully calculated


D, [2018-03-31T11:48:23.419215 #30302] DEBUG -- : Scoring new state: {:rating=>9, :state=>{:unknown=>0, :possibly_lighter=>1, :possibly_heavier=>1, :normal=>1}}
D, [2018-03-31T11:48:23.421809 #30302] DEBUG -- : calculating updated score for older state...
D, [2018-03-31T11:48:23.425409 #30302] DEBUG -- : generating weighed rated selections...
D, [2018-03-31T11:48:23.454517 #30302] DEBUG -- : scoring weighed rated selections...
D, [2018-03-31T11:48:23.454605 #30302] DEBUG -- : Saving scored selections...
D, [2018-03-31T11:48:23.461237 #30302] DEBUG -- : State Score successfully calculated


D, [2018-03-31T11:48:23.461314 #30302] DEBUG -- : Saving scored selections...
D, [2018-03-31T11:48:23.538776 #30302] DEBUG -- : calculating updated score for older state...
D, [2018-03-31T11:48:23.542295 #30302] DEBUG -- : generating weighed rated selections...
D, [2018-03-31T11:48:23.555095 #30302] DEBUG -- : scoring weighed rated selections...
D, [2018-03-31T11:48:23.555193 #30302] DEBUG -- : Scoring new state: {:rating=>10, :state=>{:unknown=>1, :possibly_lighter=>0, :possibly_heavier=>0, :normal=>2}}
D, [2018-03-31T11:48:23.558012 #30302] DEBUG -- : calculating updated score for older state...
D, [2018-03-31T11:48:23.561515 #30302] DEBUG -- : generating weighed rated selections...
D, [2018-03-31T11:48:23.580634 #30302] DEBUG -- : scoring weighed rated selections...
D, [2018-03-31T11:48:23.580721 #30302] DEBUG -- : Saving scored selections...
D, [2018-03-31T11:48:23.584905 #30302] DEBUG -- : State Score successfully calculated


D, [2018-03-31T11:48:23.585051 #30302] DEBUG -- : Scoring new state: {:rating=>9, :state=>{:unknown=>0, :possibly_lighter=>1, :possibly_heavier=>1, :normal=>1}}
D, [2018-03-31T11:48:23.587813 #30302] DEBUG -- : calculating updated score for older state...
D, [2018-03-31T11:48:23.591434 #30302] DEBUG -- : generating weighed rated selections...
D, [2018-03-31T11:48:23.621774 #30302] DEBUG -- : scoring weighed rated selections...
D, [2018-03-31T11:48:23.621871 #30302] DEBUG -- : Saving scored selections...
D, [2018-03-31T11:48:23.626744 #30302] DEBUG -- : State Score successfully calculated


D, [2018-03-31T11:48:23.626850 #30302] DEBUG -- : Saving scored selections...
D, [2018-03-31T11:48:23.702957 #30302] DEBUG -- : calculating updated score for older state...
D, [2018-03-31T11:48:23.706590 #30302] DEBUG -- : generating weighed rated selections...
D, [2018-03-31T11:48:23.719235 #30302] DEBUG -- : scoring weighed rated selections...
D, [2018-03-31T11:48:23.719333 #30302] DEBUG -- : Scoring new state: {:rating=>10, :state=>{:unknown=>1, :possibly_lighter=>0, :possibly_heavier=>0, :normal=>2}}
D, [2018-03-31T11:48:23.722136 #30302] DEBUG -- : calculating updated score for older state...
D, [2018-03-31T11:48:23.725627 #30302] DEBUG -- : generating weighed rated selections...
D, [2018-03-31T11:48:23.745000 #30302] DEBUG -- : scoring weighed rated selections...
D, [2018-03-31T11:48:23.745088 #30302] DEBUG -- : Saving scored selections...
D, [2018-03-31T11:48:23.748234 #30302] DEBUG -- : State Score successfully calculated


D, [2018-03-31T11:48:23.748323 #30302] DEBUG -- : Scoring new state: {:rating=>9, :state=>{:unknown=>0, :possibly_lighter=>1, :possibly_heavier=>1, :normal=>1}}
D, [2018-03-31T11:48:23.751071 #30302] DEBUG -- : calculating updated score for older state...
D, [2018-03-31T11:48:23.754649 #30302] DEBUG -- : generating weighed rated selections...
D, [2018-03-31T11:48:23.784268 #30302] DEBUG -- : scoring weighed rated selections...
D, [2018-03-31T11:48:23.784357 #30302] DEBUG -- : Saving scored selections...
D, [2018-03-31T11:48:23.789339 #30302] DEBUG -- : State Score successfully calculated


D, [2018-03-31T11:48:23.789423 #30302] DEBUG -- : Saving scored selections...
D, [2018-03-31T11:48:23.862478 #30302] DEBUG -- : calculating updated score for older state...
D, [2018-03-31T11:48:23.866061 #30302] DEBUG -- : generating weighed rated selections...
D, [2018-03-31T11:48:23.879131 #30302] DEBUG -- : scoring weighed rated selections...
D, [2018-03-31T11:48:23.879230 #30302] DEBUG -- : Scoring new state: {:rating=>10, :state=>{:unknown=>1, :possibly_lighter=>0, :possibly_heavier=>0, :normal=>2}}
D, [2018-03-31T11:48:23.882070 #30302] DEBUG -- : calculating updated score for older state...
D, [2018-03-31T11:48:23.885536 #30302] DEBUG -- : generating weighed rated selections...
D, [2018-03-31T11:48:23.905283 #30302] DEBUG -- : scoring weighed rated selections...
D, [2018-03-31T11:48:23.905372 #30302] DEBUG -- : Saving scored selections...
D, [2018-03-31T11:48:23.908768 #30302] DEBUG -- : State Score successfully calculated


D, [2018-03-31T11:48:23.908856 #30302] DEBUG -- : Scoring new state: {:rating=>9, :state=>{:unknown=>0, :possibly_lighter=>1, :possibly_heavier=>1, :normal=>1}}
D, [2018-03-31T11:48:23.911636 #30302] DEBUG -- : calculating updated score for older state...
D, [2018-03-31T11:48:23.915235 #30302] DEBUG -- : generating weighed rated selections...
D, [2018-03-31T11:48:23.947908 #30302] DEBUG -- : scoring weighed rated selections...
D, [2018-03-31T11:48:23.948030 #30302] DEBUG -- : Saving scored selections...
D, [2018-03-31T11:48:23.952786 #30302] DEBUG -- : State Score successfully calculated


D, [2018-03-31T11:48:23.952875 #30302] DEBUG -- : Saving scored selections...
D, [2018-03-31T11:48:24.027163 #30302] DEBUG -- : calculating updated score for older state...
D, [2018-03-31T11:48:24.030731 #30302] DEBUG -- : generating weighed rated selections...
D, [2018-03-31T11:48:24.045196 #30302] DEBUG -- : scoring weighed rated selections...
D, [2018-03-31T11:48:24.045295 #30302] DEBUG -- : Scoring new state: {:rating=>10, :state=>{:unknown=>1, :possibly_lighter=>0, :possibly_heavier=>0, :normal=>2}}
D, [2018-03-31T11:48:24.048127 #30302] DEBUG -- : calculating updated score for older state...
D, [2018-03-31T11:48:24.051736 #30302] DEBUG -- : generating weighed rated selections...
D, [2018-03-31T11:48:24.071506 #30302] DEBUG -- : scoring weighed rated selections...
D, [2018-03-31T11:48:24.071595 #30302] DEBUG -- : Saving scored selections...
D, [2018-03-31T11:48:24.074905 #30302] DEBUG -- : State Score successfully calculated


D, [2018-03-31T11:48:24.075005 #30302] DEBUG -- : Scoring new state: {:rating=>9, :state=>{:unknown=>0, :possibly_lighter=>1, :possibly_heavier=>1, :normal=>1}}
D, [2018-03-31T11:48:24.078521 #30302] DEBUG -- : calculating updated score for older state...
D, [2018-03-31T11:48:24.082060 #30302] DEBUG -- : generating weighed rated selections...
D, [2018-03-31T11:48:24.112046 #30302] DEBUG -- : scoring weighed rated selections...
D, [2018-03-31T11:48:24.112139 #30302] DEBUG -- : Saving scored selections...
D, [2018-03-31T11:48:24.116898 #30302] DEBUG -- : State Score successfully calculated


D, [2018-03-31T11:48:24.116978 #30302] DEBUG -- : Saving scored selections...
D, [2018-03-31T11:48:24.197215 #30302] DEBUG -- : calculating updated score for older state...
D, [2018-03-31T11:48:24.200820 #30302] DEBUG -- : generating weighed rated selections...
D, [2018-03-31T11:48:24.215709 #30302] DEBUG -- : scoring weighed rated selections...
D, [2018-03-31T11:48:24.215815 #30302] DEBUG -- : Scoring new state: {:rating=>10, :state=>{:unknown=>1, :possibly_lighter=>0, :possibly_heavier=>0, :normal=>2}}
D, [2018-03-31T11:48:24.218680 #30302] DEBUG -- : calculating updated score for older state...
D, [2018-03-31T11:48:24.222364 #30302] DEBUG -- : generating weighed rated selections...
D, [2018-03-31T11:48:24.242199 #30302] DEBUG -- : scoring weighed rated selections...
D, [2018-03-31T11:48:24.242284 #30302] DEBUG -- : Saving scored selections...
D, [2018-03-31T11:48:24.245574 #30302] DEBUG -- : State Score successfully calculated


D, [2018-03-31T11:48:24.245693 #30302] DEBUG -- : Scoring new state: {:rating=>9, :state=>{:unknown=>0, :possibly_lighter=>1, :possibly_heavier=>1, :normal=>1}}
D, [2018-03-31T11:48:24.248971 #30302] DEBUG -- : calculating updated score for older state...
D, [2018-03-31T11:48:24.252498 #30302] DEBUG -- : generating weighed rated selections...
D, [2018-03-31T11:48:24.282689 #30302] DEBUG -- : scoring weighed rated selections...
D, [2018-03-31T11:48:24.282822 #30302] DEBUG -- : Saving scored selections...
D, [2018-03-31T11:48:24.287516 #30302] DEBUG -- : State Score successfully calculated


D, [2018-03-31T11:48:24.287607 #30302] DEBUG -- : Saving scored selections...
D, [2018-03-31T11:48:24.365290 #30302] DEBUG -- : calculating updated score for older state...
D, [2018-03-31T11:48:24.368919 #30302] DEBUG -- : generating weighed rated selections...
D, [2018-03-31T11:48:24.381901 #30302] DEBUG -- : scoring weighed rated selections...
D, [2018-03-31T11:48:24.382009 #30302] DEBUG -- : Scoring new state: {:rating=>10, :state=>{:unknown=>1, :possibly_lighter=>0, :possibly_heavier=>0, :normal=>2}}
D, [2018-03-31T11:48:24.384912 #30302] DEBUG -- : calculating updated score for older state...
D, [2018-03-31T11:48:24.388542 #30302] DEBUG -- : generating weighed rated selections...
D, [2018-03-31T11:48:24.408321 #30302] DEBUG -- : scoring weighed rated selections...
D, [2018-03-31T11:48:24.408416 #30302] DEBUG -- : Saving scored selections...
D, [2018-03-31T11:48:24.411658 #30302] DEBUG -- : State Score successfully calculated


D, [2018-03-31T11:48:24.411750 #30302] DEBUG -- : Scoring new state: {:rating=>9, :state=>{:unknown=>0, :possibly_lighter=>1, :possibly_heavier=>1, :normal=>1}}
D, [2018-03-31T11:48:24.414421 #30302] DEBUG -- : calculating updated score for older state...
D, [2018-03-31T11:48:24.418078 #30302] DEBUG -- : generating weighed rated selections...
D, [2018-03-31T11:48:24.449471 #30302] DEBUG -- : scoring weighed rated selections...
D, [2018-03-31T11:48:24.449566 #30302] DEBUG -- : Saving scored selections...
D, [2018-03-31T11:48:24.454374 #30302] DEBUG -- : State Score successfully calculated


D, [2018-03-31T11:48:24.454462 #30302] DEBUG -- : Saving scored selections...
D, [2018-03-31T11:48:24.529635 #30302] DEBUG -- : calculating updated score for older state...
D, [2018-03-31T11:48:24.533227 #30302] DEBUG -- : generating weighed rated selections...
D, [2018-03-31T11:48:24.546215 #30302] DEBUG -- : scoring weighed rated selections...
D, [2018-03-31T11:48:24.546315 #30302] DEBUG -- : Scoring new state: {:rating=>10, :state=>{:unknown=>1, :possibly_lighter=>0, :possibly_heavier=>0, :normal=>2}}
D, [2018-03-31T11:48:24.549114 #30302] DEBUG -- : calculating updated score for older state...
D, [2018-03-31T11:48:24.552664 #30302] DEBUG -- : generating weighed rated selections...
D, [2018-03-31T11:48:24.572771 #30302] DEBUG -- : scoring weighed rated selections...
D, [2018-03-31T11:48:24.572860 #30302] DEBUG -- : Saving scored selections...
D, [2018-03-31T11:48:24.576290 #30302] DEBUG -- : State Score successfully calculated


D, [2018-03-31T11:48:24.576382 #30302] DEBUG -- : Scoring new state: {:rating=>9, :state=>{:unknown=>0, :possibly_lighter=>1, :possibly_heavier=>1, :normal=>1}}
D, [2018-03-31T11:48:24.578974 #30302] DEBUG -- : calculating updated score for older state...
D, [2018-03-31T11:48:24.582495 #30302] DEBUG -- : generating weighed rated selections...
D, [2018-03-31T11:48:24.612232 #30302] DEBUG -- : scoring weighed rated selections...
D, [2018-03-31T11:48:24.612335 #30302] DEBUG -- : Saving scored selections...
D, [2018-03-31T11:48:24.617176 #30302] DEBUG -- : State Score successfully calculated


D, [2018-03-31T11:48:24.617263 #30302] DEBUG -- : Saving scored selections...
D, [2018-03-31T11:48:26.390497 #30302] DEBUG -- : calculating updated score for older state...
D, [2018-03-31T11:48:26.394727 #30302] DEBUG -- : generating weighed rated selections...
D, [2018-03-31T11:48:26.407732 #30302] DEBUG -- : scoring weighed rated selections...
D, [2018-03-31T11:48:26.407832 #30302] DEBUG -- : Scoring new state: {:rating=>10, :state=>{:unknown=>1, :possibly_lighter=>0, :possibly_heavier=>0, :normal=>2}}
D, [2018-03-31T11:48:26.412300 #30302] DEBUG -- : calculating updated score for older state...
D, [2018-03-31T11:48:26.416003 #30302] DEBUG -- : generating weighed rated selections...
D, [2018-03-31T11:48:26.435830 #30302] DEBUG -- : scoring weighed rated selections...
D, [2018-03-31T11:48:26.435970 #30302] DEBUG -- : Saving scored selections...
D, [2018-03-31T11:48:26.441253 #30302] DEBUG -- : State Score successfully calculated


D, [2018-03-31T11:48:26.441354 #30302] DEBUG -- : Scoring new state: {:rating=>9, :state=>{:unknown=>0, :possibly_lighter=>1, :possibly_heavier=>1, :normal=>1}}
D, [2018-03-31T11:48:26.443991 #30302] DEBUG -- : calculating updated score for older state...
D, [2018-03-31T11:48:26.447556 #30302] DEBUG -- : generating weighed rated selections...
D, [2018-03-31T11:48:26.478113 #30302] DEBUG -- : scoring weighed rated selections...
D, [2018-03-31T11:48:26.478206 #30302] DEBUG -- : Saving scored selections...
D, [2018-03-31T11:48:26.483144 #30302] DEBUG -- : State Score successfully calculated


D, [2018-03-31T11:48:26.483217 #30302] DEBUG -- : Saving scored selections...
D, [2018-03-31T11:48:26.489034 #30302] DEBUG -- : -------> building selection...
D, [2018-03-31T11:48:26.489933 #30302] DEBUG -- : -------> building new state...
D, [2018-03-31T11:48:26.490177 #30302] DEBUG -- : -------> building new state...
D, [2018-03-31T11:48:26.490375 #30302] DEBUG -- : -------> building selection...
D, [2018-03-31T11:48:26.490694 #30302] DEBUG -- : -------> building new state...
D, [2018-03-31T11:48:26.490799 #30302] DEBUG -- : -------> building new state...
D, [2018-03-31T11:48:26.490999 #30302] DEBUG -- : -------> building selection...
D, [2018-03-31T11:48:26.491288 #30302] DEBUG -- : -------> building new state...
D, [2018-03-31T11:48:26.491422 #30302] DEBUG -- : -------> building new state...
D, [2018-03-31T11:48:26.491594 #30302] DEBUG -- : -------> building selection...
D, [2018-03-31T11:48:26.491880 #30302] DEBUG -- : -------> building new state...
D, [2018-03-31T11:48:26.492788 #30302] DEBUG -- : -------> building new state...
D, [2018-03-31T11:48:26.493206 #30302] DEBUG -- : -------> building selection...
D, [2018-03-31T11:48:26.494970 #30302] DEBUG -- : -------> building new state...
D, [2018-03-31T11:48:26.495202 #30302] DEBUG -- : -------> building new state...
D, [2018-03-31T11:48:26.495456 #30302] DEBUG -- : -------> building selection...
D, [2018-03-31T11:48:26.495798 #30302] DEBUG -- : -------> building new state...
D, [2018-03-31T11:48:26.496002 #30302] DEBUG -- : -------> building new state...
D, [2018-03-31T11:48:26.566259 #30302] DEBUG -- : calculating updated score for older state...
D, [2018-03-31T11:48:26.569933 #30302] DEBUG -- : generating weighed rated selections...
D, [2018-03-31T11:48:26.583155 #30302] DEBUG -- : scoring weighed rated selections...
D, [2018-03-31T11:48:26.583261 #30302] DEBUG -- : Scoring new state: {:rating=>10, :state=>{:unknown=>1, :possibly_lighter=>0, :possibly_heavier=>0, :normal=>2}}
D, [2018-03-31T11:48:26.586872 #30302] DEBUG -- : calculating updated score for older state...
D, [2018-03-31T11:48:26.590372 #30302] DEBUG -- : generating weighed rated selections...
D, [2018-03-31T11:48:26.611415 #30302] DEBUG -- : scoring weighed rated selections...
D, [2018-03-31T11:48:26.611509 #30302] DEBUG -- : Saving scored selections...
D, [2018-03-31T11:48:26.614846 #30302] DEBUG -- : State Score successfully calculated


D, [2018-03-31T11:48:26.614934 #30302] DEBUG -- : Scoring new state: {:rating=>9, :state=>{:unknown=>0, :possibly_lighter=>1, :possibly_heavier=>1, :normal=>1}}
D, [2018-03-31T11:48:26.617626 #30302] DEBUG -- : calculating updated score for older state...
D, [2018-03-31T11:48:26.621379 #30302] DEBUG -- : generating weighed rated selections...
D, [2018-03-31T11:48:26.651060 #30302] DEBUG -- : scoring weighed rated selections...
D, [2018-03-31T11:48:26.651158 #30302] DEBUG -- : Saving scored selections...
D, [2018-03-31T11:48:26.655997 #30302] DEBUG -- : State Score successfully calculated


D, [2018-03-31T11:48:26.656086 #30302] DEBUG -- : Saving scored selections...
D, [2018-03-31T11:48:26.660398 #30302] DEBUG -- : -------> building new state...
D, [2018-03-31T11:48:26.661165 #30302] DEBUG -- : -------> building new state...
D, [2018-03-31T11:48:26.732197 #30302] DEBUG -- : calculating updated score for older state...
D, [2018-03-31T11:48:26.735944 #30302] DEBUG -- : generating weighed rated selections...
D, [2018-03-31T11:48:26.749163 #30302] DEBUG -- : scoring weighed rated selections...
D, [2018-03-31T11:48:26.749268 #30302] DEBUG -- : Scoring new state: {:rating=>10, :state=>{:unknown=>1, :possibly_lighter=>0, :possibly_heavier=>0, :normal=>2}}
D, [2018-03-31T11:48:26.752198 #30302] DEBUG -- : calculating updated score for older state...
D, [2018-03-31T11:48:26.755790 #30302] DEBUG -- : generating weighed rated selections...
D, [2018-03-31T11:48:26.775656 #30302] DEBUG -- : scoring weighed rated selections...
D, [2018-03-31T11:48:26.775739 #30302] DEBUG -- : Saving scored selections...
D, [2018-03-31T11:48:26.780031 #30302] DEBUG -- : State Score successfully calculated


D, [2018-03-31T11:48:26.780119 #30302] DEBUG -- : Scoring new state: {:rating=>9, :state=>{:unknown=>0, :possibly_lighter=>1, :possibly_heavier=>1, :normal=>1}}
D, [2018-03-31T11:48:26.782880 #30302] DEBUG -- : calculating updated score for older state...
D, [2018-03-31T11:48:26.786536 #30302] DEBUG -- : generating weighed rated selections...
D, [2018-03-31T11:48:26.816671 #30302] DEBUG -- : scoring weighed rated selections...
D, [2018-03-31T11:48:26.816766 #30302] DEBUG -- : Saving scored selections...
D, [2018-03-31T11:48:26.821717 #30302] DEBUG -- : State Score successfully calculated


D, [2018-03-31T11:48:26.821809 #30302] DEBUG -- : Saving scored selections...
D, [2018-03-31T11:48:26.895526 #30302] DEBUG -- : calculating updated score for older state...
D, [2018-03-31T11:48:26.899249 #30302] DEBUG -- : generating weighed rated selections...
D, [2018-03-31T11:48:26.912408 #30302] DEBUG -- : scoring weighed rated selections...
D, [2018-03-31T11:48:26.912507 #30302] DEBUG -- : Scoring new state: {:rating=>10, :state=>{:unknown=>1, :possibly_lighter=>0, :possibly_heavier=>0, :normal=>2}}
D, [2018-03-31T11:48:26.915398 #30302] DEBUG -- : calculating updated score for older state...
D, [2018-03-31T11:48:26.918975 #30302] DEBUG -- : generating weighed rated selections...
D, [2018-03-31T11:48:26.939128 #30302] DEBUG -- : scoring weighed rated selections...
D, [2018-03-31T11:48:26.939227 #30302] DEBUG -- : Saving scored selections...
D, [2018-03-31T11:48:26.942407 #30302] DEBUG -- : State Score successfully calculated


D, [2018-03-31T11:48:26.942501 #30302] DEBUG -- : Scoring new state: {:rating=>9, :state=>{:unknown=>0, :possibly_lighter=>1, :possibly_heavier=>1, :normal=>1}}
D, [2018-03-31T11:48:26.945202 #30302] DEBUG -- : calculating updated score for older state...
D, [2018-03-31T11:48:26.948844 #30302] DEBUG -- : generating weighed rated selections...
D, [2018-03-31T11:48:26.978959 #30302] DEBUG -- : scoring weighed rated selections...
D, [2018-03-31T11:48:26.979060 #30302] DEBUG -- : Saving scored selections...
D, [2018-03-31T11:48:26.983801 #30302] DEBUG -- : State Score successfully calculated


D, [2018-03-31T11:48:26.983880 #30302] DEBUG -- : Saving scored selections...
D, [2018-03-31T11:48:26.989143 #30302] DEBUG -- : -------> building selection...
D, [2018-03-31T11:48:26.990003 #30302] DEBUG -- : -------> building new state...
D, [2018-03-31T11:48:26.990258 #30302] DEBUG -- : -------> building new state...
D, [2018-03-31T11:48:26.990650 #30302] DEBUG -- : -------> building selection...
D, [2018-03-31T11:48:26.991174 #30302] DEBUG -- : -------> building new state...
D, [2018-03-31T11:48:26.991327 #30302] DEBUG -- : -------> building new state...
D, [2018-03-31T11:48:26.991531 #30302] DEBUG -- : -------> building selection...
D, [2018-03-31T11:48:26.993441 #30302] DEBUG -- : -------> building new state...
D, [2018-03-31T11:48:26.993602 #30302] DEBUG -- : -------> building new state...
D, [2018-03-31T11:48:26.993804 #30302] DEBUG -- : -------> building selection...
D, [2018-03-31T11:48:26.994108 #30302] DEBUG -- : -------> building new state...
D, [2018-03-31T11:48:26.994216 #30302] DEBUG -- : -------> building new state...
D, [2018-03-31T11:48:26.994390 #30302] DEBUG -- : -------> building selection...
D, [2018-03-31T11:48:26.994675 #30302] DEBUG -- : -------> building new state...
D, [2018-03-31T11:48:26.994781 #30302] DEBUG -- : -------> building new state...
D, [2018-03-31T11:48:27.075264 #30302] DEBUG -- : generating weighed rated selections...
D, [2018-03-31T11:48:27.190288 #30302] DEBUG -- : scoring weighed rated selections...
D, [2018-03-31T11:48:27.190430 #30302] DEBUG -- : Saving scored selections...
D, [2018-03-31T11:48:27.209521 #30302] DEBUG -- : generating weighed rated selections...
D, [2018-03-31T11:48:27.421531 #30302] DEBUG -- : scoring weighed rated selections...
D, [2018-03-31T11:48:27.421653 #30302] DEBUG -- : Saving scored selections...
D, [2018-03-31T11:48:27.730849 #30302] DEBUG -- : Scoring new state: {:rating=>29, :state=>{:unknown=>1, :possibly_lighter=>2, :possibly_heavier=>0, :normal=>5}}
D, [2018-03-31T11:48:27.733671 #30302] DEBUG -- : generating score for new state...
D, [2018-03-31T11:48:27.737272 #30302] DEBUG -- : new state info recorded
D, [2018-03-31T11:48:27.740673 #30302] DEBUG -- : generating weighed rated selections...
D, [2018-03-31T11:48:27.986349 #30302] DEBUG -- : scoring weighed rated selections...
D, [2018-03-31T11:48:27.986471 #30302] DEBUG -- : Scoring new state: {:rating=>32, :state=>{:unknown=>1, :possibly_lighter=>1, :possibly_heavier=>0, :normal=>6}}
D, [2018-03-31T11:48:27.990576 #30302] DEBUG -- : calculating updated score for older state...
D, [2018-03-31T11:48:27.994073 #30302] DEBUG -- : generating weighed rated selections...
D, [2018-03-31T11:48:28.123981 #30302] DEBUG -- : scoring weighed rated selections...
D, [2018-03-31T11:48:28.124103 #30302] DEBUG -- : Saving scored selections...
D, [2018-03-31T11:48:28.130435 #30302] DEBUG -- : State Score successfully calculated


D, [2018-03-31T11:48:28.130538 #30302] DEBUG -- : Scoring new state: {:rating=>37, :state=>{:unknown=>0, :possibly_lighter=>1, :possibly_heavier=>0, :normal=>7}}
D, [2018-03-31T11:48:28.130563 #30302] DEBUG -- : State Score successfully calculated


D, [2018-03-31T11:48:28.130604 #30302] DEBUG -- : Scoring new state: {:rating=>37, :state=>{:unknown=>0, :possibly_lighter=>0, :possibly_heavier=>1, :normal=>7}}
D, [2018-03-31T11:48:28.130625 #30302] DEBUG -- : State Score successfully calculated


D, [2018-03-31T11:48:28.130651 #30302] DEBUG -- : Scoring new state: {:rating=>37, :state=>{:unknown=>0, :possibly_lighter=>1, :possibly_heavier=>0, :normal=>7}}
D, [2018-03-31T11:48:28.130739 #30302] DEBUG -- : State Score successfully calculated


D, [2018-03-31T11:48:28.130766 #30302] DEBUG -- : Scoring new state: {:rating=>34, :state=>{:unknown=>0, :possibly_lighter=>2, :possibly_heavier=>0, :normal=>6}}
D, [2018-03-31T11:48:28.133420 #30302] DEBUG -- : calculating updated score for older state...
D, [2018-03-31T11:48:28.136882 #30302] DEBUG -- : generating weighed rated selections...
D, [2018-03-31T11:48:28.181179 #30302] DEBUG -- : scoring weighed rated selections...
D, [2018-03-31T11:48:28.181302 #30302] DEBUG -- : Saving scored selections...
D, [2018-03-31T11:48:28.192608 #30302] DEBUG -- : State Score successfully calculated


D, [2018-03-31T11:48:28.192710 #30302] DEBUG -- : Scoring new state: {:rating=>32, :state=>{:unknown=>1, :possibly_lighter=>1, :possibly_heavier=>0, :normal=>6}}
D, [2018-03-31T11:48:28.195627 #30302] DEBUG -- : calculating updated score for older state...
D, [2018-03-31T11:48:28.199126 #30302] DEBUG -- : generating weighed rated selections...
D, [2018-03-31T11:48:28.200199 #30302] DEBUG -- : -------> building selection...
D, [2018-03-31T11:48:28.201065 #30302] DEBUG -- : -------> building new state...
D, [2018-03-31T11:48:28.201372 #30302] DEBUG -- : -------> building new state...
D, [2018-03-31T11:48:28.201661 #30302] DEBUG -- : -------> building selection...
D, [2018-03-31T11:48:28.202085 #30302] DEBUG -- : -------> building new state...
D, [2018-03-31T11:48:28.202195 #30302] DEBUG -- : -------> building new state...
D, [2018-03-31T11:48:28.202384 #30302] DEBUG -- : -------> building selection...
D, [2018-03-31T11:48:28.202690 #30302] DEBUG -- : -------> building new state...
D, [2018-03-31T11:48:28.202829 #30302] DEBUG -- : -------> building new state...
D, [2018-03-31T11:48:28.203025 #30302] DEBUG -- : -------> building selection...
D, [2018-03-31T11:48:28.203332 #30302] DEBUG -- : -------> building new state...
D, [2018-03-31T11:48:28.203430 #30302] DEBUG -- : -------> building new state...
D, [2018-03-31T11:48:28.203605 #30302] DEBUG -- : -------> building selection...
D, [2018-03-31T11:48:28.203939 #30302] DEBUG -- : -------> building new state...
D, [2018-03-31T11:48:28.204039 #30302] DEBUG -- : -------> building new state...
D, [2018-03-31T11:48:28.204213 #30302] DEBUG -- : -------> building selection...
D, [2018-03-31T11:48:28.204532 #30302] DEBUG -- : -------> building new state...
D, [2018-03-31T11:48:28.204733 #30302] DEBUG -- : -------> building new state...
D, [2018-03-31T11:48:28.204933 #30302] DEBUG -- : -------> building selection...
D, [2018-03-31T11:48:28.205282 #30302] DEBUG -- : -------> building new state...
D, [2018-03-31T11:48:28.205394 #30302] DEBUG -- : -------> building new state...
D, [2018-03-31T11:48:28.205579 #30302] DEBUG -- : -------> building selection...
D, [2018-03-31T11:48:28.205891 #30302] DEBUG -- : -------> building new state...
D, [2018-03-31T11:48:28.205998 #30302] DEBUG -- : -------> building new state...
D, [2018-03-31T11:48:28.206187 #30302] DEBUG -- : -------> building selection...
D, [2018-03-31T11:48:28.206537 #30302] DEBUG -- : -------> building new state...
D, [2018-03-31T11:48:28.206646 #30302] DEBUG -- : -------> building new state...
D, [2018-03-31T11:48:28.206883 #30302] DEBUG -- : -------> building selection...
D, [2018-03-31T11:48:28.207246 #30302] DEBUG -- : -------> building new state...
D, [2018-03-31T11:48:28.207423 #30302] DEBUG -- : -------> building new state...
D, [2018-03-31T11:48:28.207655 #30302] DEBUG -- : -------> building selection...
D, [2018-03-31T11:48:28.207982 #30302] DEBUG -- : -------> building new state...
D, [2018-03-31T11:48:28.208083 #30302] DEBUG -- : -------> building new state...
D, [2018-03-31T11:48:28.208262 #30302] DEBUG -- : -------> building selection...
D, [2018-03-31T11:48:28.208571 #30302] DEBUG -- : -------> building new state...
D, [2018-03-31T11:48:28.208672 #30302] DEBUG -- : -------> building new state...
D, [2018-03-31T11:48:28.208880 #30302] DEBUG -- : -------> building selection...
D, [2018-03-31T11:48:28.209214 #30302] DEBUG -- : -------> building new state...
D, [2018-03-31T11:48:28.209330 #30302] DEBUG -- : -------> building new state...
D, [2018-03-31T11:48:28.209507 #30302] DEBUG -- : -------> building selection...
D, [2018-03-31T11:48:28.209809 #30302] DEBUG -- : -------> building new state...
D, [2018-03-31T11:48:28.209932 #30302] DEBUG -- : -------> building new state...
D, [2018-03-31T11:48:28.210117 #30302] DEBUG -- : -------> building selection...
D, [2018-03-31T11:48:28.210415 #30302] DEBUG -- : -------> building new state...
D, [2018-03-31T11:48:28.210513 #30302] DEBUG -- : -------> building new state...
D, [2018-03-31T11:48:28.210722 #30302] DEBUG -- : -------> building selection...
D, [2018-03-31T11:48:28.211095 #30302] DEBUG -- : -------> building new state...
D, [2018-03-31T11:48:28.211201 #30302] DEBUG -- : -------> building new state...
D, [2018-03-31T11:48:28.211416 #30302] DEBUG -- : -------> building selection...
D, [2018-03-31T11:48:28.211722 #30302] DEBUG -- : -------> building new state...
D, [2018-03-31T11:48:28.211851 #30302] DEBUG -- : -------> building new state...
D, [2018-03-31T11:48:28.212059 #30302] DEBUG -- : -------> building selection...
D, [2018-03-31T11:48:28.212366 #30302] DEBUG -- : -------> building new state...
D, [2018-03-31T11:48:28.212465 #30302] DEBUG -- : -------> building new state...
D, [2018-03-31T11:48:28.212659 #30302] DEBUG -- : -------> building selection...
D, [2018-03-31T11:48:28.212986 #30302] DEBUG -- : -------> building new state...
D, [2018-03-31T11:48:28.213090 #30302] DEBUG -- : -------> building new state...
D, [2018-03-31T11:48:28.213266 #30302] DEBUG -- : -------> building selection...
D, [2018-03-31T11:48:28.213586 #30302] DEBUG -- : -------> building new state...
D, [2018-03-31T11:48:28.213691 #30302] DEBUG -- : -------> building new state...
D, [2018-03-31T11:48:28.213866 #30302] DEBUG -- : -------> building selection...
D, [2018-03-31T11:48:28.214187 #30302] DEBUG -- : -------> building new state...
D, [2018-03-31T11:48:28.214287 #30302] DEBUG -- : -------> building new state...
D, [2018-03-31T11:48:28.214476 #30302] DEBUG -- : -------> building selection...
D, [2018-03-31T11:48:28.214797 #30302] DEBUG -- : -------> building new state...
D, [2018-03-31T11:48:28.214932 #30302] DEBUG -- : -------> building new state...
D, [2018-03-31T11:48:28.215116 #30302] DEBUG -- : -------> building selection...
D, [2018-03-31T11:48:28.215442 #30302] DEBUG -- : -------> building new state...
D, [2018-03-31T11:48:28.215544 #30302] DEBUG -- : -------> building new state...
D, [2018-03-31T11:48:28.215765 #30302] DEBUG -- : -------> building selection...
D, [2018-03-31T11:48:28.216087 #30302] DEBUG -- : -------> building new state...
D, [2018-03-31T11:48:28.216224 #30302] DEBUG -- : -------> building new state...
D, [2018-03-31T11:48:28.216409 #30302] DEBUG -- : -------> building selection...
D, [2018-03-31T11:48:28.216733 #30302] DEBUG -- : -------> building new state...
D, [2018-03-31T11:48:28.216840 #30302] DEBUG -- : -------> building new state...
D, [2018-03-31T11:48:28.217115 #30302] DEBUG -- : -------> building selection...
D, [2018-03-31T11:48:28.217428 #30302] DEBUG -- : -------> building new state...
D, [2018-03-31T11:48:28.217528 #30302] DEBUG -- : -------> building new state...
D, [2018-03-31T11:48:28.217732 #30302] DEBUG -- : scoring weighed rated selections...
D, [2018-03-31T11:48:28.217777 #30302] DEBUG -- : Saving scored selections...
D, [2018-03-31T11:48:28.224425 #30302] DEBUG -- : State Score successfully calculated


D, [2018-03-31T11:48:28.224510 #30302] DEBUG -- : Scoring new state: {:rating=>37, :state=>{:unknown=>0, :possibly_lighter=>1, :possibly_heavier=>0, :normal=>7}}
D, [2018-03-31T11:48:28.224535 #30302] DEBUG -- : State Score successfully calculated


D, [2018-03-31T11:48:28.224572 #30302] DEBUG -- : Scoring new state: {:rating=>35, :state=>{:unknown=>1, :possibly_lighter=>0, :possibly_heavier=>0, :normal=>7}}
D, [2018-03-31T11:48:28.227275 #30302] DEBUG -- : calculating updated score for older state...
D, [2018-03-31T11:48:28.230797 #30302] DEBUG -- : generating weighed rated selections...
D, [2018-03-31T11:48:28.281071 #30302] DEBUG -- : scoring weighed rated selections...
D, [2018-03-31T11:48:28.281180 #30302] DEBUG -- : Saving scored selections...
D, [2018-03-31T11:48:28.289210 #30302] DEBUG -- : State Score successfully calculated


D, [2018-03-31T11:48:28.289297 #30302] DEBUG -- : Scoring new state: {:rating=>37, :state=>{:unknown=>0, :possibly_lighter=>1, :possibly_heavier=>0, :normal=>7}}
D, [2018-03-31T11:48:28.289323 #30302] DEBUG -- : State Score successfully calculated


D, [2018-03-31T11:48:28.289360 #30302] DEBUG -- : Scoring new state: {:rating=>34, :state=>{:unknown=>0, :possibly_lighter=>1, :possibly_heavier=>1, :normal=>6}}
D, [2018-03-31T11:48:28.291913 #30302] DEBUG -- : calculating updated score for older state...
D, [2018-03-31T11:48:28.295361 #30302] DEBUG -- : generating weighed rated selections...
D, [2018-03-31T11:48:28.403842 #30302] DEBUG -- : scoring weighed rated selections...
D, [2018-03-31T11:48:28.403967 #30302] DEBUG -- : Saving scored selections...
D, [2018-03-31T11:48:28.419594 #30302] DEBUG -- : State Score successfully calculated


D, [2018-03-31T11:48:28.419688 #30302] DEBUG -- : Scoring new state: {:rating=>37, :state=>{:unknown=>0, :possibly_lighter=>1, :possibly_heavier=>0, :normal=>7}}
D, [2018-03-31T11:48:28.419713 #30302] DEBUG -- : State Score successfully calculated


D, [2018-03-31T11:48:28.419749 #30302] DEBUG -- : Scoring new state: {:rating=>37, :state=>{:unknown=>0, :possibly_lighter=>0, :possibly_heavier=>1, :normal=>7}}
D, [2018-03-31T11:48:28.419769 #30302] DEBUG -- : State Score successfully calculated


D, [2018-03-31T11:48:28.419794 #30302] DEBUG -- : Scoring new state: {:rating=>37, :state=>{:unknown=>0, :possibly_lighter=>1, :possibly_heavier=>0, :normal=>7}}
D, [2018-03-31T11:48:28.419814 #30302] DEBUG -- : State Score successfully calculated


D, [2018-03-31T11:48:28.419838 #30302] DEBUG -- : Scoring new state: {:rating=>34, :state=>{:unknown=>0, :possibly_lighter=>2, :possibly_heavier=>0, :normal=>6}}
D, [2018-03-31T11:48:28.422475 #30302] DEBUG -- : returning fully calculated score...
D, [2018-03-31T11:48:28.422539 #30302] DEBUG -- : State Score successfully calculated


D, [2018-03-31T11:48:28.422580 #30302] DEBUG -- : Scoring new state: {:rating=>34, :state=>{:unknown=>0, :possibly_lighter=>1, :possibly_heavier=>1, :normal=>6}}
D, [2018-03-31T11:48:28.425203 #30302] DEBUG -- : returning fully calculated score...
D, [2018-03-31T11:48:28.425275 #30302] DEBUG -- : State Score successfully calculated


D, [2018-03-31T11:48:28.425311 #30302] DEBUG -- : Scoring new state: {:rating=>37, :state=>{:unknown=>0, :possibly_lighter=>1, :possibly_heavier=>0, :normal=>7}}
D, [2018-03-31T11:48:28.425334 #30302] DEBUG -- : State Score successfully calculated


D, [2018-03-31T11:48:28.425368 #30302] DEBUG -- : Scoring new state: {:rating=>32, :state=>{:unknown=>1, :possibly_lighter=>1, :possibly_heavier=>0, :normal=>6}}
D, [2018-03-31T11:48:28.427864 #30302] DEBUG -- : calculating updated score for older state...
D, [2018-03-31T11:48:28.431245 #30302] DEBUG -- : generating weighed rated selections...
D, [2018-03-31T11:48:28.432284 #30302] DEBUG -- : -------> building selection...
D, [2018-03-31T11:48:28.433216 #30302] DEBUG -- : -------> building new state...
D, [2018-03-31T11:48:28.433512 #30302] DEBUG -- : -------> building new state...
D, [2018-03-31T11:48:28.433719 #30302] DEBUG -- : -------> building selection...
D, [2018-03-31T11:48:28.434047 #30302] DEBUG -- : -------> building new state...
D, [2018-03-31T11:48:28.434180 #30302] DEBUG -- : -------> building new state...
D, [2018-03-31T11:48:28.434366 #30302] DEBUG -- : -------> building selection...
D, [2018-03-31T11:48:28.434676 #30302] DEBUG -- : -------> building new state...
D, [2018-03-31T11:48:28.434780 #30302] DEBUG -- : -------> building new state...
D, [2018-03-31T11:48:28.434988 #30302] DEBUG -- : -------> building selection...
D, [2018-03-31T11:48:28.435302 #30302] DEBUG -- : -------> building new state...
D, [2018-03-31T11:48:28.435424 #30302] DEBUG -- : -------> building new state...
D, [2018-03-31T11:48:28.435608 #30302] DEBUG -- : -------> building selection...
D, [2018-03-31T11:48:28.435922 #30302] DEBUG -- : -------> building new state...
D, [2018-03-31T11:48:28.436019 #30302] DEBUG -- : -------> building new state...
D, [2018-03-31T11:48:28.436198 #30302] DEBUG -- : -------> building selection...
D, [2018-03-31T11:48:28.436539 #30302] DEBUG -- : -------> building new state...
D, [2018-03-31T11:48:28.436645 #30302] DEBUG -- : -------> building new state...
D, [2018-03-31T11:48:28.436829 #30302] DEBUG -- : -------> building selection...
D, [2018-03-31T11:48:28.437140 #30302] DEBUG -- : -------> building new state...
D, [2018-03-31T11:48:28.437239 #30302] DEBUG -- : -------> building new state...
D, [2018-03-31T11:48:28.437449 #30302] DEBUG -- : -------> building selection...
D, [2018-03-31T11:48:28.437771 #30302] DEBUG -- : -------> building new state...
D, [2018-03-31T11:48:28.437871 #30302] DEBUG -- : -------> building new state...
D, [2018-03-31T11:48:28.438049 #30302] DEBUG -- : -------> building selection...
D, [2018-03-31T11:48:28.438368 #30302] DEBUG -- : -------> building new state...
D, [2018-03-31T11:48:28.438488 #30302] DEBUG -- : -------> building new state...
D, [2018-03-31T11:48:28.438669 #30302] DEBUG -- : -------> building selection...
D, [2018-03-31T11:48:28.439048 #30302] DEBUG -- : -------> building new state...
D, [2018-03-31T11:48:28.439276 #30302] DEBUG -- : -------> building new state...
D, [2018-03-31T11:48:28.439483 #30302] DEBUG -- : -------> building selection...
D, [2018-03-31T11:48:28.439874 #30302] DEBUG -- : -------> building new state...
D, [2018-03-31T11:48:28.439978 #30302] DEBUG -- : -------> building new state...
D, [2018-03-31T11:48:28.440160 #30302] DEBUG -- : -------> building selection...
D, [2018-03-31T11:48:28.440473 #30302] DEBUG -- : -------> building new state...
D, [2018-03-31T11:48:28.440655 #30302] DEBUG -- : -------> building new state...
D, [2018-03-31T11:48:28.440863 #30302] DEBUG -- : -------> building selection...
D, [2018-03-31T11:48:28.441224 #30302] DEBUG -- : -------> building new state...
D, [2018-03-31T11:48:28.441328 #30302] DEBUG -- : -------> building new state...
D, [2018-03-31T11:48:28.441513 #30302] DEBUG -- : -------> building selection...
D, [2018-03-31T11:48:28.441828 #30302] DEBUG -- : -------> building new state...
D, [2018-03-31T11:48:28.441952 #30302] DEBUG -- : -------> building new state...
D, [2018-03-31T11:48:28.442134 #30302] DEBUG -- : -------> building selection...
D, [2018-03-31T11:48:28.442474 #30302] DEBUG -- : -------> building new state...
D, [2018-03-31T11:48:28.442572 #30302] DEBUG -- : -------> building new state...
D, [2018-03-31T11:48:28.442750 #30302] DEBUG -- : -------> building selection...
D, [2018-03-31T11:48:28.443113 #30302] DEBUG -- : -------> building new state...
D, [2018-03-31T11:48:28.443244 #30302] DEBUG -- : -------> building new state...
D, [2018-03-31T11:48:28.443428 #30302] DEBUG -- : -------> building selection...
D, [2018-03-31T11:48:28.443738 #30302] DEBUG -- : -------> building new state...
D, [2018-03-31T11:48:28.443862 #30302] DEBUG -- : -------> building new state...
D, [2018-03-31T11:48:28.444045 #30302] DEBUG -- : -------> building selection...
D, [2018-03-31T11:48:28.444356 #30302] DEBUG -- : -------> building new state...
D, [2018-03-31T11:48:28.444464 #30302] DEBUG -- : -------> building new state...
D, [2018-03-31T11:48:28.444643 #30302] DEBUG -- : -------> building selection...
D, [2018-03-31T11:48:28.444974 #30302] DEBUG -- : -------> building new state...
D, [2018-03-31T11:48:28.445073 #30302] DEBUG -- : -------> building new state...
D, [2018-03-31T11:48:28.445250 #30302] DEBUG -- : -------> building selection...
D, [2018-03-31T11:48:28.445558 #30302] DEBUG -- : -------> building new state...
D, [2018-03-31T11:48:28.445656 #30302] DEBUG -- : -------> building new state...
D, [2018-03-31T11:48:28.445852 #30302] DEBUG -- : -------> building selection...
D, [2018-03-31T11:48:28.446160 #30302] DEBUG -- : -------> building new state...
D, [2018-03-31T11:48:28.446258 #30302] DEBUG -- : -------> building new state...
D, [2018-03-31T11:48:28.446435 #30302] DEBUG -- : -------> building selection...
D, [2018-03-31T11:48:28.446773 #30302] DEBUG -- : -------> building new state...
D, [2018-03-31T11:48:28.446884 #30302] DEBUG -- : -------> building new state...
D, [2018-03-31T11:48:28.447066 #30302] DEBUG -- : -------> building selection...
D, [2018-03-31T11:48:28.447377 #30302] DEBUG -- : -------> building new state...
D, [2018-03-31T11:48:28.447475 #30302] DEBUG -- : -------> building new state...
D, [2018-03-31T11:48:28.447653 #30302] DEBUG -- : -------> building selection...
D, [2018-03-31T11:48:28.447992 #30302] DEBUG -- : -------> building new state...
D, [2018-03-31T11:48:28.448094 #30302] DEBUG -- : -------> building new state...
D, [2018-03-31T11:48:28.448273 #30302] DEBUG -- : -------> building selection...
D, [2018-03-31T11:48:28.448582 #30302] DEBUG -- : -------> building new state...
D, [2018-03-31T11:48:28.448680 #30302] DEBUG -- : -------> building new state...
D, [2018-03-31T11:48:28.448867 #30302] DEBUG -- : -------> building selection...
D, [2018-03-31T11:48:28.449209 #30302] DEBUG -- : -------> building new state...
D, [2018-03-31T11:48:28.449312 #30302] DEBUG -- : -------> building new state...
D, [2018-03-31T11:48:28.449492 #30302] DEBUG -- : scoring weighed rated selections...
D, [2018-03-31T11:48:28.449535 #30302] DEBUG -- : Saving scored selections...
D, [2018-03-31T11:48:28.455931 #30302] DEBUG -- : State Score successfully calculated


D, [2018-03-31T11:48:28.456004 #30302] DEBUG -- : Scoring new state: {:rating=>37, :state=>{:unknown=>0, :possibly_lighter=>1, :possibly_heavier=>0, :normal=>7}}
D, [2018-03-31T11:48:28.456030 #30302] DEBUG -- : State Score successfully calculated


D, [2018-03-31T11:48:28.456065 #30302] DEBUG -- : Scoring new state: {:rating=>37, :state=>{:unknown=>0, :possibly_lighter=>0, :possibly_heavier=>1, :normal=>7}}
D, [2018-03-31T11:48:28.456085 #30302] DEBUG -- : State Score successfully calculated


D, [2018-03-31T11:48:28.456109 #30302] DEBUG -- : Scoring new state: {:rating=>37, :state=>{:unknown=>0, :possibly_lighter=>1, :possibly_heavier=>0, :normal=>7}}
D, [2018-03-31T11:48:28.456128 #30302] DEBUG -- : State Score successfully calculated


D, [2018-03-31T11:48:28.456152 #30302] DEBUG -- : Scoring new state: {:rating=>34, :state=>{:unknown=>0, :possibly_lighter=>2, :possibly_heavier=>0, :normal=>6}}
D, [2018-03-31T11:48:28.458923 #30302] DEBUG -- : returning fully calculated score...
D, [2018-03-31T11:48:28.458977 #30302] DEBUG -- : State Score successfully calculated


D, [2018-03-31T11:48:28.459018 #30302] DEBUG -- : Scoring new state: {:rating=>35, :state=>{:unknown=>1, :possibly_lighter=>0, :possibly_heavier=>0, :normal=>7}}
D, [2018-03-31T11:48:28.461560 #30302] DEBUG -- : returning fully calculated score...
D, [2018-03-31T11:48:28.461624 #30302] DEBUG -- : State Score successfully calculated


D, [2018-03-31T11:48:28.461660 #30302] DEBUG -- : Scoring new state: {:rating=>34, :state=>{:unknown=>0, :possibly_lighter=>2, :possibly_heavier=>0, :normal=>6}}
D, [2018-03-31T11:48:28.464126 #30302] DEBUG -- : returning fully calculated score...
D, [2018-03-31T11:48:28.464189 #30302] DEBUG -- : State Score successfully calculated


D, [2018-03-31T11:48:28.464253 #30302] DEBUG -- : Scoring new state: {:rating=>37, :state=>{:unknown=>0, :possibly_lighter=>0, :possibly_heavier=>1, :normal=>7}}
D, [2018-03-31T11:48:28.464277 #30302] DEBUG -- : State Score successfully calculated


D, [2018-03-31T11:48:28.464303 #30302] DEBUG -- : Scoring new state: {:rating=>34, :state=>{:unknown=>0, :possibly_lighter=>2, :possibly_heavier=>0, :normal=>6}}
D, [2018-03-31T11:48:28.466709 #30302] DEBUG -- : returning fully calculated score...
D, [2018-03-31T11:48:28.466775 #30302] DEBUG -- : State Score successfully calculated


D, [2018-03-31T11:48:28.466822 #30302] DEBUG -- : Scoring new state: {:rating=>37, :state=>{:unknown=>0, :possibly_lighter=>1, :possibly_heavier=>0, :normal=>7}}
D, [2018-03-31T11:48:28.466846 #30302] DEBUG -- : State Score successfully calculated


D, [2018-03-31T11:48:28.466880 #30302] DEBUG -- : Scoring new state: {:rating=>32, :state=>{:unknown=>1, :possibly_lighter=>1, :possibly_heavier=>0, :normal=>6}}
D, [2018-03-31T11:48:28.469417 #30302] DEBUG -- : calculating updated score for older state...
D, [2018-03-31T11:48:28.472817 #30302] DEBUG -- : generating weighed rated selections...
D, [2018-03-31T11:48:28.473871 #30302] DEBUG -- : -------> building selection...
D, [2018-03-31T11:48:28.474838 #30302] DEBUG -- : -------> building new state...
D, [2018-03-31T11:48:28.475130 #30302] DEBUG -- : -------> building new state...
D, [2018-03-31T11:48:28.475361 #30302] DEBUG -- : -------> building selection...
D, [2018-03-31T11:48:28.475684 #30302] DEBUG -- : -------> building new state...
D, [2018-03-31T11:48:28.475782 #30302] DEBUG -- : -------> building new state...
D, [2018-03-31T11:48:28.476045 #30302] DEBUG -- : -------> building selection...
D, [2018-03-31T11:48:28.476363 #30302] DEBUG -- : -------> building new state...
D, [2018-03-31T11:48:28.476473 #30302] DEBUG -- : -------> building new state...
D, [2018-03-31T11:48:28.476654 #30302] DEBUG -- : -------> building selection...
D, [2018-03-31T11:48:28.476969 #30302] DEBUG -- : -------> building new state...
D, [2018-03-31T11:48:28.477133 #30302] DEBUG -- : -------> building new state...
D, [2018-03-31T11:48:28.477328 #30302] DEBUG -- : -------> building selection...
D, [2018-03-31T11:48:28.477645 #30302] DEBUG -- : -------> building new state...
D, [2018-03-31T11:48:28.477747 #30302] DEBUG -- : -------> building new state...
D, [2018-03-31T11:48:28.477924 #30302] DEBUG -- : -------> building selection...
D, [2018-03-31T11:48:28.478302 #30302] DEBUG -- : -------> building new state...
D, [2018-03-31T11:48:28.478409 #30302] DEBUG -- : -------> building new state...
D, [2018-03-31T11:48:28.478587 #30302] DEBUG -- : -------> building selection...
D, [2018-03-31T11:48:28.478916 #30302] DEBUG -- : -------> building new state...
D, [2018-03-31T11:48:28.479022 #30302] DEBUG -- : -------> building new state...
D, [2018-03-31T11:48:28.479269 #30302] DEBUG -- : -------> building selection...
D, [2018-03-31T11:48:28.479582 #30302] DEBUG -- : -------> building new state...
D, [2018-03-31T11:48:28.479761 #30302] DEBUG -- : -------> building new state...
D, [2018-03-31T11:48:28.479965 #30302] DEBUG -- : -------> building selection...
D, [2018-03-31T11:48:28.480274 #30302] DEBUG -- : -------> building new state...
D, [2018-03-31T11:48:28.480443 #30302] DEBUG -- : -------> building new state...
D, [2018-03-31T11:48:28.480643 #30302] DEBUG -- : -------> building selection...
D, [2018-03-31T11:48:28.480955 #30302] DEBUG -- : -------> building new state...
D, [2018-03-31T11:48:28.481053 #30302] DEBUG -- : -------> building new state...
D, [2018-03-31T11:48:28.481271 #30302] DEBUG -- : -------> building selection...
D, [2018-03-31T11:48:28.481800 #30302] DEBUG -- : -------> building new state...
D, [2018-03-31T11:48:28.481915 #30302] DEBUG -- : -------> building new state...
D, [2018-03-31T11:48:28.482104 #30302] DEBUG -- : -------> building selection...
D, [2018-03-31T11:48:28.482420 #30302] DEBUG -- : -------> building new state...
D, [2018-03-31T11:48:28.482520 #30302] DEBUG -- : -------> building new state...
D, [2018-03-31T11:48:28.482776 #30302] DEBUG -- : -------> building selection...
D, [2018-03-31T11:48:28.483122 #30302] DEBUG -- : -------> building new state...
D, [2018-03-31T11:48:28.483227 #30302] DEBUG -- : -------> building new state...
D, [2018-03-31T11:48:28.483408 #30302] DEBUG -- : -------> building selection...
D, [2018-03-31T11:48:28.483724 #30302] DEBUG -- : -------> building new state...
D, [2018-03-31T11:48:28.483861 #30302] DEBUG -- : -------> building new state...
D, [2018-03-31T11:48:28.484049 #30302] DEBUG -- : -------> building selection...
D, [2018-03-31T11:48:28.484359 #30302] DEBUG -- : -------> building new state...
D, [2018-03-31T11:48:28.484518 #30302] DEBUG -- : -------> building new state...
D, [2018-03-31T11:48:28.484718 #30302] DEBUG -- : -------> building selection...
D, [2018-03-31T11:48:28.485033 #30302] DEBUG -- : -------> building new state...
D, [2018-03-31T11:48:28.485133 #30302] DEBUG -- : -------> building new state...
D, [2018-03-31T11:48:28.485316 #30302] DEBUG -- : -------> building selection...
D, [2018-03-31T11:48:28.487129 #30302] DEBUG -- : -------> building new state...
D, [2018-03-31T11:48:28.487292 #30302] DEBUG -- : -------> building new state...
D, [2018-03-31T11:48:28.487481 #30302] DEBUG -- : -------> building selection...
D, [2018-03-31T11:48:28.487800 #30302] DEBUG -- : -------> building new state...
D, [2018-03-31T11:48:28.487899 #30302] DEBUG -- : -------> building new state...
D, [2018-03-31T11:48:28.488118 #30302] DEBUG -- : -------> building selection...
D, [2018-03-31T11:48:28.488515 #30302] DEBUG -- : -------> building new state...
D, [2018-03-31T11:48:28.488624 #30302] DEBUG -- : -------> building new state...
D, [2018-03-31T11:48:28.488812 #30302] DEBUG -- : -------> building selection...
D, [2018-03-31T11:48:28.489128 #30302] DEBUG -- : -------> building new state...
D, [2018-03-31T11:48:28.489245 #30302] DEBUG -- : -------> building new state...
D, [2018-03-31T11:48:28.489511 #30302] DEBUG -- : -------> building selection...
D, [2018-03-31T11:48:28.489841 #30302] DEBUG -- : -------> building new state...
D, [2018-03-31T11:48:28.489942 #30302] DEBUG -- : -------> building new state...
D, [2018-03-31T11:48:28.490119 #30302] DEBUG -- : -------> building selection...
D, [2018-03-31T11:48:28.490459 #30302] DEBUG -- : -------> building new state...
D, [2018-03-31T11:48:28.490559 #30302] DEBUG -- : -------> building new state...
D, [2018-03-31T11:48:28.490762 #30302] DEBUG -- : -------> building selection...
D, [2018-03-31T11:48:28.491106 #30302] DEBUG -- : -------> building new state...
D, [2018-03-31T11:48:28.491207 #30302] DEBUG -- : -------> building new state...
D, [2018-03-31T11:48:28.491387 #30302] DEBUG -- : -------> building selection...
D, [2018-03-31T11:48:28.491697 #30302] DEBUG -- : -------> building new state...
D, [2018-03-31T11:48:28.491814 #30302] DEBUG -- : -------> building new state...
D, [2018-03-31T11:48:28.492022 #30302] DEBUG -- : -------> building selection...
D, [2018-03-31T11:48:28.492333 #30302] DEBUG -- : -------> building new state...
D, [2018-03-31T11:48:28.492432 #30302] DEBUG -- : -------> building new state...
D, [2018-03-31T11:48:28.492609 #30302] DEBUG -- : -------> building selection...
D, [2018-03-31T11:48:28.492917 #30302] DEBUG -- : -------> building new state...
D, [2018-03-31T11:48:28.493044 #30302] DEBUG -- : -------> building new state...
D, [2018-03-31T11:48:28.493229 #30302] DEBUG -- : scoring weighed rated selections...
D, [2018-03-31T11:48:28.493276 #30302] DEBUG -- : Saving scored selections...
D, [2018-03-31T11:48:28.499650 #30302] DEBUG -- : State Score successfully calculated


D, [2018-03-31T11:48:28.499725 #30302] DEBUG -- : Scoring new state: {:rating=>37, :state=>{:unknown=>0, :possibly_lighter=>1, :possibly_heavier=>0, :normal=>7}}
D, [2018-03-31T11:48:28.499752 #30302] DEBUG -- : State Score successfully calculated


D, [2018-03-31T11:48:28.499788 #30302] DEBUG -- : Scoring new state: {:rating=>35, :state=>{:unknown=>1, :possibly_lighter=>0, :possibly_heavier=>0, :normal=>7}}
D, [2018-03-31T11:48:28.502498 #30302] DEBUG -- : returning fully calculated score...
D, [2018-03-31T11:48:28.502557 #30302] DEBUG -- : State Score successfully calculated


D, [2018-03-31T11:48:28.502592 #30302] DEBUG -- : Scoring new state: {:rating=>37, :state=>{:unknown=>0, :possibly_lighter=>1, :possibly_heavier=>0, :normal=>7}}
D, [2018-03-31T11:48:28.502613 #30302] DEBUG -- : State Score successfully calculated


D, [2018-03-31T11:48:28.502646 #30302] DEBUG -- : Scoring new state: {:rating=>34, :state=>{:unknown=>0, :possibly_lighter=>1, :possibly_heavier=>1, :normal=>6}}
D, [2018-03-31T11:48:28.505281 #30302] DEBUG -- : returning fully calculated score...
D, [2018-03-31T11:48:28.505341 #30302] DEBUG -- : State Score successfully calculated


D, [2018-03-31T11:48:28.505375 #30302] DEBUG -- : Scoring new state: {:rating=>37, :state=>{:unknown=>0, :possibly_lighter=>1, :possibly_heavier=>0, :normal=>7}}
D, [2018-03-31T11:48:28.505398 #30302] DEBUG -- : State Score successfully calculated


D, [2018-03-31T11:48:28.505433 #30302] DEBUG -- : Scoring new state: {:rating=>34, :state=>{:unknown=>0, :possibly_lighter=>1, :possibly_heavier=>1, :normal=>6}}
D, [2018-03-31T11:48:28.507895 #30302] DEBUG -- : returning fully calculated score...
D, [2018-03-31T11:48:28.507961 #30302] DEBUG -- : State Score successfully calculated


D, [2018-03-31T11:48:28.507993 #30302] DEBUG -- : Scoring new state: {:rating=>34, :state=>{:unknown=>0, :possibly_lighter=>2, :possibly_heavier=>0, :normal=>6}}
D, [2018-03-31T11:48:28.510484 #30302] DEBUG -- : returning fully calculated score...
D, [2018-03-31T11:48:28.510548 #30302] DEBUG -- : State Score successfully calculated


D, [2018-03-31T11:48:28.510593 #30302] DEBUG -- : Scoring new state: {:rating=>37, :state=>{:unknown=>0, :possibly_lighter=>0, :possibly_heavier=>1, :normal=>7}}
D, [2018-03-31T11:48:28.510616 #30302] DEBUG -- : State Score successfully calculated


D, [2018-03-31T11:48:28.510655 #30302] DEBUG -- : Scoring new state: {:rating=>37, :state=>{:unknown=>0, :possibly_lighter=>1, :possibly_heavier=>0, :normal=>7}}
D, [2018-03-31T11:48:28.510676 #30302] DEBUG -- : State Score successfully calculated


D, [2018-03-31T11:48:28.510725 #30302] DEBUG -- : Scoring new state: {:rating=>34, :state=>{:unknown=>0, :possibly_lighter=>2, :possibly_heavier=>0, :normal=>6}}
D, [2018-03-31T11:48:28.513200 #30302] DEBUG -- : returning fully calculated score...
D, [2018-03-31T11:48:28.513270 #30302] DEBUG -- : State Score successfully calculated


D, [2018-03-31T11:48:28.513311 #30302] DEBUG -- : Scoring new state: {:rating=>34, :state=>{:unknown=>0, :possibly_lighter=>1, :possibly_heavier=>1, :normal=>6}}
D, [2018-03-31T11:48:28.515805 #30302] DEBUG -- : returning fully calculated score...
D, [2018-03-31T11:48:28.515871 #30302] DEBUG -- : State Score successfully calculated


D, [2018-03-31T11:48:28.515907 #30302] DEBUG -- : Scoring new state: {:rating=>37, :state=>{:unknown=>0, :possibly_lighter=>1, :possibly_heavier=>0, :normal=>7}}
D, [2018-03-31T11:48:28.515930 #30302] DEBUG -- : State Score successfully calculated


D, [2018-03-31T11:48:28.515966 #30302] DEBUG -- : Scoring new state: {:rating=>31, :state=>{:unknown=>0, :possibly_lighter=>2, :possibly_heavier=>1, :normal=>5}}
D, [2018-03-31T11:48:28.518462 #30302] DEBUG -- : calculating updated score for older state...
D, [2018-03-31T11:48:28.521872 #30302] DEBUG -- : generating weighed rated selections...
D, [2018-03-31T11:48:28.709920 #30302] DEBUG -- : scoring weighed rated selections...
D, [2018-03-31T11:48:28.710037 #30302] DEBUG -- : Saving scored selections...
D, [2018-03-31T11:48:28.717238 #30302] DEBUG -- : State Score successfully calculated


D, [2018-03-31T11:48:28.717339 #30302] DEBUG -- : Scoring new state: {:rating=>37, :state=>{:unknown=>0, :possibly_lighter=>1, :possibly_heavier=>0, :normal=>7}}
D, [2018-03-31T11:48:28.717365 #30302] DEBUG -- : State Score successfully calculated


D, [2018-03-31T11:48:28.717404 #30302] DEBUG -- : Scoring new state: {:rating=>35, :state=>{:unknown=>1, :possibly_lighter=>0, :possibly_heavier=>0, :normal=>7}}
D, [2018-03-31T11:48:28.719960 #30302] DEBUG -- : returning fully calculated score...
D, [2018-03-31T11:48:28.720057 #30302] DEBUG -- : State Score successfully calculated


D, [2018-03-31T11:48:28.720092 #30302] DEBUG -- : Scoring new state: {:rating=>34, :state=>{:unknown=>0, :possibly_lighter=>2, :possibly_heavier=>0, :normal=>6}}
D, [2018-03-31T11:48:28.722653 #30302] DEBUG -- : returning fully calculated score...
D, [2018-03-31T11:48:28.722725 #30302] DEBUG -- : State Score successfully calculated


D, [2018-03-31T11:48:28.722778 #30302] DEBUG -- : Scoring new state: {:rating=>31, :state=>{:unknown=>0, :possibly_lighter=>2, :possibly_heavier=>1, :normal=>5}}
D, [2018-03-31T11:48:28.725338 #30302] DEBUG -- : calculating updated score for older state...
D, [2018-03-31T11:48:28.728886 #30302] DEBUG -- : generating weighed rated selections...
D, [2018-03-31T11:48:28.730076 #30302] DEBUG -- : -------> building selection...
D, [2018-03-31T11:48:28.731021 #30302] DEBUG -- : -------> building new state...
D, [2018-03-31T11:48:28.731310 #30302] DEBUG -- : -------> building new state...
D, [2018-03-31T11:48:28.731558 #30302] DEBUG -- : -------> building selection...
D, [2018-03-31T11:48:28.731956 #30302] DEBUG -- : -------> building new state...
D, [2018-03-31T11:48:28.732064 #30302] DEBUG -- : -------> building new state...
D, [2018-03-31T11:48:28.732256 #30302] DEBUG -- : -------> building selection...
D, [2018-03-31T11:48:28.732582 #30302] DEBUG -- : -------> building new state...
D, [2018-03-31T11:48:28.732724 #30302] DEBUG -- : -------> building new state...
D, [2018-03-31T11:48:28.732916 #30302] DEBUG -- : -------> building selection...
D, [2018-03-31T11:48:28.733253 #30302] DEBUG -- : -------> building new state...
D, [2018-03-31T11:48:28.733357 #30302] DEBUG -- : -------> building new state...
D, [2018-03-31T11:48:28.733587 #30302] DEBUG -- : -------> building selection...
D, [2018-03-31T11:48:28.733920 #30302] DEBUG -- : -------> building new state...
D, [2018-03-31T11:48:28.734036 #30302] DEBUG -- : -------> building new state...
D, [2018-03-31T11:48:28.734231 #30302] DEBUG -- : -------> building selection...
D, [2018-03-31T11:48:28.734575 #30302] DEBUG -- : -------> building new state...
D, [2018-03-31T11:48:28.734677 #30302] DEBUG -- : -------> building new state...
D, [2018-03-31T11:48:28.734901 #30302] DEBUG -- : -------> building selection...
D, [2018-03-31T11:48:28.735249 #30302] DEBUG -- : -------> building new state...
D, [2018-03-31T11:48:28.735370 #30302] DEBUG -- : -------> building new state...
D, [2018-03-31T11:48:28.735562 #30302] DEBUG -- : -------> building selection...
D, [2018-03-31T11:48:28.735907 #30302] DEBUG -- : -------> building new state...
D, [2018-03-31T11:48:28.736021 #30302] DEBUG -- : -------> building new state...
D, [2018-03-31T11:48:28.736229 #30302] DEBUG -- : -------> building selection...
D, [2018-03-31T11:48:28.736558 #30302] DEBUG -- : -------> building new state...
D, [2018-03-31T11:48:28.736662 #30302] DEBUG -- : -------> building new state...
D, [2018-03-31T11:48:28.736878 #30302] DEBUG -- : -------> building selection...
D, [2018-03-31T11:48:28.737203 #30302] DEBUG -- : -------> building new state...
D, [2018-03-31T11:48:28.737361 #30302] DEBUG -- : -------> building new state...
D, [2018-03-31T11:48:28.740284 #30302] DEBUG -- : -------> building selection...
D, [2018-03-31T11:48:28.740758 #30302] DEBUG -- : -------> building new state...
D, [2018-03-31T11:48:28.740897 #30302] DEBUG -- : -------> building new state...
D, [2018-03-31T11:48:28.741243 #30302] DEBUG -- : -------> building selection...
D, [2018-03-31T11:48:28.741596 #30302] DEBUG -- : -------> building new state...
D, [2018-03-31T11:48:28.741715 #30302] DEBUG -- : -------> building new state...
D, [2018-03-31T11:48:28.741924 #30302] DEBUG -- : -------> building selection...
D, [2018-03-31T11:48:28.742262 #30302] DEBUG -- : -------> building new state...
D, [2018-03-31T11:48:28.742364 #30302] DEBUG -- : -------> building new state...
D, [2018-03-31T11:48:28.742566 #30302] DEBUG -- : -------> building selection...
D, [2018-03-31T11:48:28.743048 #30302] DEBUG -- : -------> building new state...
D, [2018-03-31T11:48:28.743261 #30302] DEBUG -- : -------> building new state...
D, [2018-03-31T11:48:28.743513 #30302] DEBUG -- : -------> building selection...
D, [2018-03-31T11:48:28.743906 #30302] DEBUG -- : -------> building new state...
D, [2018-03-31T11:48:28.744082 #30302] DEBUG -- : -------> building new state...
D, [2018-03-31T11:48:28.744312 #30302] DEBUG -- : -------> building selection...
D, [2018-03-31T11:48:28.744648 #30302] DEBUG -- : -------> building new state...
D, [2018-03-31T11:48:28.744749 #30302] DEBUG -- : -------> building new state...
D, [2018-03-31T11:48:28.744956 #30302] DEBUG -- : -------> building selection...
D, [2018-03-31T11:48:28.745311 #30302] DEBUG -- : -------> building new state...
D, [2018-03-31T11:48:28.745412 #30302] DEBUG -- : -------> building new state...
D, [2018-03-31T11:48:28.745612 #30302] DEBUG -- : -------> building selection...
D, [2018-03-31T11:48:28.745948 #30302] DEBUG -- : -------> building new state...
D, [2018-03-31T11:48:28.746048 #30302] DEBUG -- : -------> building new state...
D, [2018-03-31T11:48:28.746251 #30302] DEBUG -- : -------> building selection...
D, [2018-03-31T11:48:28.746575 #30302] DEBUG -- : -------> building new state...
D, [2018-03-31T11:48:28.746675 #30302] DEBUG -- : -------> building new state...
D, [2018-03-31T11:48:28.746890 #30302] DEBUG -- : -------> building selection...
D, [2018-03-31T11:48:28.747218 #30302] DEBUG -- : -------> building new state...
D, [2018-03-31T11:48:28.747319 #30302] DEBUG -- : -------> building new state...
D, [2018-03-31T11:48:28.747556 #30302] DEBUG -- : -------> building selection...
D, [2018-03-31T11:48:28.747879 #30302] DEBUG -- : -------> building new state...
D, [2018-03-31T11:48:28.747977 #30302] DEBUG -- : -------> building new state...
D, [2018-03-31T11:48:28.748174 #30302] DEBUG -- : -------> building selection...
D, [2018-03-31T11:48:28.748546 #30302] DEBUG -- : -------> building new state...
D, [2018-03-31T11:48:28.748649 #30302] DEBUG -- : -------> building new state...
D, [2018-03-31T11:48:28.748833 #30302] DEBUG -- : -------> building selection...
D, [2018-03-31T11:48:28.749181 #30302] DEBUG -- : -------> building new state...
D, [2018-03-31T11:48:28.749280 #30302] DEBUG -- : -------> building new state...
D, [2018-03-31T11:48:28.749482 #30302] DEBUG -- : -------> building selection...
D, [2018-03-31T11:48:28.749823 #30302] DEBUG -- : -------> building new state...
D, [2018-03-31T11:48:28.749955 #30302] DEBUG -- : -------> building new state...
D, [2018-03-31T11:48:28.750262 #30302] DEBUG -- : -------> building selection...
D, [2018-03-31T11:48:28.750617 #30302] DEBUG -- : -------> building new state...
D, [2018-03-31T11:48:28.750729 #30302] DEBUG -- : -------> building new state...
D, [2018-03-31T11:48:28.750960 #30302] DEBUG -- : -------> building selection...
D, [2018-03-31T11:48:28.751444 #30302] DEBUG -- : -------> building new state...
D, [2018-03-31T11:48:28.751571 #30302] DEBUG -- : -------> building new state...
D, [2018-03-31T11:48:28.751783 #30302] DEBUG -- : -------> building selection...
D, [2018-03-31T11:48:28.752136 #30302] DEBUG -- : -------> building new state...
D, [2018-03-31T11:48:28.752239 #30302] DEBUG -- : -------> building new state...
D, [2018-03-31T11:48:28.752441 #30302] DEBUG -- : -------> building selection...
D, [2018-03-31T11:48:28.752768 #30302] DEBUG -- : -------> building new state...
D, [2018-03-31T11:48:28.752878 #30302] DEBUG -- : -------> building new state...
D, [2018-03-31T11:48:28.753079 #30302] DEBUG -- : -------> building selection...
D, [2018-03-31T11:48:28.753399 #30302] DEBUG -- : -------> building new state...
D, [2018-03-31T11:48:28.753518 #30302] DEBUG -- : -------> building new state...
D, [2018-03-31T11:48:28.753707 #30302] DEBUG -- : -------> building selection...
D, [2018-03-31T11:48:28.754043 #30302] DEBUG -- : -------> building new state...
D, [2018-03-31T11:48:28.754145 #30302] DEBUG -- : -------> building new state...
D, [2018-03-31T11:48:28.754361 #30302] DEBUG -- : -------> building selection...
D, [2018-03-31T11:48:28.754702 #30302] DEBUG -- : -------> building new state...
D, [2018-03-31T11:48:28.754824 #30302] DEBUG -- : -------> building new state...
D, [2018-03-31T11:48:28.755041 #30302] DEBUG -- : -------> building selection...
D, [2018-03-31T11:48:28.755505 #30302] DEBUG -- : -------> building new state...
D, [2018-03-31T11:48:28.755611 #30302] DEBUG -- : -------> building new state...
D, [2018-03-31T11:48:28.755805 #30302] DEBUG -- : -------> building selection...
D, [2018-03-31T11:48:28.756238 #30302] DEBUG -- : -------> building new state...
D, [2018-03-31T11:48:28.756355 #30302] DEBUG -- : -------> building new state...
D, [2018-03-31T11:48:28.756554 #30302] DEBUG -- : -------> building selection...
D, [2018-03-31T11:48:28.756893 #30302] DEBUG -- : -------> building new state...
D, [2018-03-31T11:48:28.756994 #30302] DEBUG -- : -------> building new state...
D, [2018-03-31T11:48:28.757187 #30302] DEBUG -- : -------> building selection...
D, [2018-03-31T11:48:28.757543 #30302] DEBUG -- : -------> building new state...
D, [2018-03-31T11:48:28.757642 #30302] DEBUG -- : -------> building new state...
D, [2018-03-31T11:48:28.757827 #30302] DEBUG -- : -------> building selection...
D, [2018-03-31T11:48:28.758159 #30302] DEBUG -- : -------> building new state...
D, [2018-03-31T11:48:28.758267 #30302] DEBUG -- : -------> building new state...
D, [2018-03-31T11:48:28.758459 #30302] DEBUG -- : -------> building selection...
D, [2018-03-31T11:48:28.758787 #30302] DEBUG -- : -------> building new state...
D, [2018-03-31T11:48:28.758904 #30302] DEBUG -- : -------> building new state...
D, [2018-03-31T11:48:28.759105 #30302] DEBUG -- : -------> building selection...
D, [2018-03-31T11:48:28.759450 #30302] DEBUG -- : -------> building new state...
D, [2018-03-31T11:48:28.759592 #30302] DEBUG -- : -------> building new state...
D, [2018-03-31T11:48:28.759805 #30302] DEBUG -- : -------> building selection...
D, [2018-03-31T11:48:28.760141 #30302] DEBUG -- : -------> building new state...
D, [2018-03-31T11:48:28.760246 #30302] DEBUG -- : -------> building new state...
D, [2018-03-31T11:48:28.760443 #30302] DEBUG -- : scoring weighed rated selections...
D, [2018-03-31T11:48:28.760503 #30302] DEBUG -- : Saving scored selections...
D, [2018-03-31T11:48:28.767689 #30302] DEBUG -- : State Score successfully calculated


D, [2018-03-31T11:48:28.767758 #30302] DEBUG -- : Scoring new state: {:rating=>37, :state=>{:unknown=>0, :possibly_lighter=>1, :possibly_heavier=>0, :normal=>7}}
D, [2018-03-31T11:48:28.767789 #30302] DEBUG -- : State Score successfully calculated


D, [2018-03-31T11:48:28.767825 #30302] DEBUG -- : Scoring new state: {:rating=>37, :state=>{:unknown=>0, :possibly_lighter=>0, :possibly_heavier=>1, :normal=>7}}
D, [2018-03-31T11:48:28.767847 #30302] DEBUG -- : State Score successfully calculated


D, [2018-03-31T11:48:28.767879 #30302] DEBUG -- : Scoring new state: {:rating=>34, :state=>{:unknown=>0, :possibly_lighter=>2, :possibly_heavier=>0, :normal=>6}}
D, [2018-03-31T11:48:28.770646 #30302] DEBUG -- : returning fully calculated score...
D, [2018-03-31T11:48:28.770702 #30302] DEBUG -- : State Score successfully calculated


D, [2018-03-31T11:48:28.770736 #30302] DEBUG -- : Scoring new state: {:rating=>37, :state=>{:unknown=>0, :possibly_lighter=>1, :possibly_heavier=>0, :normal=>7}}
D, [2018-03-31T11:48:28.770770 #30302] DEBUG -- : State Score successfully calculated


D, [2018-03-31T11:48:28.770820 #30302] DEBUG -- : Scoring new state: {:rating=>34, :state=>{:unknown=>0, :possibly_lighter=>1, :possibly_heavier=>1, :normal=>6}}
D, [2018-03-31T11:48:28.773375 #30302] DEBUG -- : returning fully calculated score...
D, [2018-03-31T11:48:28.773441 #30302] DEBUG -- : State Score successfully calculated


D, [2018-03-31T11:48:28.773481 #30302] DEBUG -- : Scoring new state: {:rating=>34, :state=>{:unknown=>0, :possibly_lighter=>2, :possibly_heavier=>0, :normal=>6}}
D, [2018-03-31T11:48:28.775957 #30302] DEBUG -- : returning fully calculated score...
D, [2018-03-31T11:48:28.776025 #30302] DEBUG -- : State Score successfully calculated


D, [2018-03-31T11:48:28.776072 #30302] DEBUG -- : Scoring new state: {:rating=>32, :state=>{:unknown=>1, :possibly_lighter=>1, :possibly_heavier=>0, :normal=>6}}
D, [2018-03-31T11:48:28.778492 #30302] DEBUG -- : calculating updated score for older state...
D, [2018-03-31T11:48:28.781826 #30302] DEBUG -- : generating weighed rated selections...
D, [2018-03-31T11:48:28.782924 #30302] DEBUG -- : -------> building selection...
D, [2018-03-31T11:48:28.783801 #30302] DEBUG -- : -------> building new state...
D, [2018-03-31T11:48:28.784169 #30302] DEBUG -- : -------> building new state...
D, [2018-03-31T11:48:28.784439 #30302] DEBUG -- : -------> building selection...
D, [2018-03-31T11:48:28.784816 #30302] DEBUG -- : -------> building new state...
D, [2018-03-31T11:48:28.784941 #30302] DEBUG -- : -------> building new state...
D, [2018-03-31T11:48:28.785154 #30302] DEBUG -- : -------> building selection...
D, [2018-03-31T11:48:28.786315 #30302] DEBUG -- : -------> building new state...
D, [2018-03-31T11:48:28.786455 #30302] DEBUG -- : -------> building new state...
D, [2018-03-31T11:48:28.786649 #30302] DEBUG -- : -------> building selection...
D, [2018-03-31T11:48:28.787047 #30302] DEBUG -- : -------> building new state...
D, [2018-03-31T11:48:28.787258 #30302] DEBUG -- : -------> building new state...
D, [2018-03-31T11:48:28.787527 #30302] DEBUG -- : -------> building selection...
D, [2018-03-31T11:48:28.787889 #30302] DEBUG -- : -------> building new state...
D, [2018-03-31T11:48:28.787995 #30302] DEBUG -- : -------> building new state...
D, [2018-03-31T11:48:28.788183 #30302] DEBUG -- : -------> building selection...
D, [2018-03-31T11:48:28.788598 #30302] DEBUG -- : -------> building new state...
D, [2018-03-31T11:48:28.788777 #30302] DEBUG -- : -------> building new state...
D, [2018-03-31T11:48:28.788995 #30302] DEBUG -- : -------> building selection...
D, [2018-03-31T11:48:28.789334 #30302] DEBUG -- : -------> building new state...
D, [2018-03-31T11:48:28.789433 #30302] DEBUG -- : -------> building new state...
D, [2018-03-31T11:48:28.789618 #30302] DEBUG -- : -------> building selection...
D, [2018-03-31T11:48:28.789993 #30302] DEBUG -- : -------> building new state...
D, [2018-03-31T11:48:28.790092 #30302] DEBUG -- : -------> building new state...
D, [2018-03-31T11:48:28.790276 #30302] DEBUG -- : -------> building selection...
D, [2018-03-31T11:48:28.790612 #30302] DEBUG -- : -------> building new state...
D, [2018-03-31T11:48:28.790795 #30302] DEBUG -- : -------> building new state...
D, [2018-03-31T11:48:28.793101 #30302] DEBUG -- : -------> building selection...
D, [2018-03-31T11:48:28.793525 #30302] DEBUG -- : -------> building new state...
D, [2018-03-31T11:48:28.793654 #30302] DEBUG -- : -------> building new state...
D, [2018-03-31T11:48:28.793846 #30302] DEBUG -- : -------> building selection...
D, [2018-03-31T11:48:28.794213 #30302] DEBUG -- : -------> building new state...
D, [2018-03-31T11:48:28.794317 #30302] DEBUG -- : -------> building new state...
D, [2018-03-31T11:48:28.794502 #30302] DEBUG -- : -------> building selection...
D, [2018-03-31T11:48:28.794861 #30302] DEBUG -- : -------> building new state...
D, [2018-03-31T11:48:28.794969 #30302] DEBUG -- : -------> building new state...
D, [2018-03-31T11:48:28.795194 #30302] DEBUG -- : -------> building selection...
D, [2018-03-31T11:48:28.795522 #30302] DEBUG -- : -------> building new state...
D, [2018-03-31T11:48:28.795625 #30302] DEBUG -- : -------> building new state...
D, [2018-03-31T11:48:28.795810 #30302] DEBUG -- : -------> building selection...
D, [2018-03-31T11:48:28.796131 #30302] DEBUG -- : -------> building new state...
D, [2018-03-31T11:48:28.796229 #30302] DEBUG -- : -------> building new state...
D, [2018-03-31T11:48:28.796445 #30302] DEBUG -- : -------> building selection...
D, [2018-03-31T11:48:28.796765 #30302] DEBUG -- : -------> building new state...
D, [2018-03-31T11:48:28.796862 #30302] DEBUG -- : -------> building new state...
D, [2018-03-31T11:48:28.797050 #30302] DEBUG -- : -------> building selection...
D, [2018-03-31T11:48:28.797407 #30302] DEBUG -- : -------> building new state...
D, [2018-03-31T11:48:28.797509 #30302] DEBUG -- : -------> building new state...
D, [2018-03-31T11:48:28.797690 #30302] DEBUG -- : -------> building selection...
D, [2018-03-31T11:48:28.798015 #30302] DEBUG -- : -------> building new state...
D, [2018-03-31T11:48:28.798117 #30302] DEBUG -- : -------> building new state...
D, [2018-03-31T11:48:28.798299 #30302] DEBUG -- : -------> building selection...
D, [2018-03-31T11:48:28.798700 #30302] DEBUG -- : -------> building new state...
D, [2018-03-31T11:48:28.798922 #30302] DEBUG -- : -------> building new state...
D, [2018-03-31T11:48:28.799134 #30302] DEBUG -- : -------> building selection...
D, [2018-03-31T11:48:28.799495 #30302] DEBUG -- : -------> building new state...
D, [2018-03-31T11:48:28.799614 #30302] DEBUG -- : -------> building new state...
D, [2018-03-31T11:48:28.799838 #30302] DEBUG -- : -------> building selection...
D, [2018-03-31T11:48:28.800171 #30302] DEBUG -- : -------> building new state...
D, [2018-03-31T11:48:28.800275 #30302] DEBUG -- : -------> building new state...
D, [2018-03-31T11:48:28.800459 #30302] DEBUG -- : -------> building selection...
D, [2018-03-31T11:48:28.800824 #30302] DEBUG -- : -------> building new state...
D, [2018-03-31T11:48:28.800926 #30302] DEBUG -- : -------> building new state...
D, [2018-03-31T11:48:28.801109 #30302] DEBUG -- : -------> building selection...
D, [2018-03-31T11:48:28.801426 #30302] DEBUG -- : -------> building new state...
D, [2018-03-31T11:48:28.801527 #30302] DEBUG -- : -------> building new state...
D, [2018-03-31T11:48:28.801713 #30302] DEBUG -- : -------> building selection...
D, [2018-03-31T11:48:28.802061 #30302] DEBUG -- : -------> building new state...
D, [2018-03-31T11:48:28.802159 #30302] DEBUG -- : -------> building new state...
D, [2018-03-31T11:48:28.802359 #30302] DEBUG -- : -------> building selection...
D, [2018-03-31T11:48:28.802680 #30302] DEBUG -- : -------> building new state...
D, [2018-03-31T11:48:28.802826 #30302] DEBUG -- : -------> building new state...
D, [2018-03-31T11:48:28.803027 #30302] DEBUG -- : -------> building selection...
D, [2018-03-31T11:48:28.803348 #30302] DEBUG -- : -------> building new state...
D, [2018-03-31T11:48:28.803446 #30302] DEBUG -- : -------> building new state...
D, [2018-03-31T11:48:28.803629 #30302] DEBUG -- : -------> building selection...
D, [2018-03-31T11:48:28.803981 #30302] DEBUG -- : -------> building new state...
D, [2018-03-31T11:48:28.804089 #30302] DEBUG -- : -------> building new state...
D, [2018-03-31T11:48:28.804272 #30302] DEBUG -- : scoring weighed rated selections...
D, [2018-03-31T11:48:28.804316 #30302] DEBUG -- : Saving scored selections...
D, [2018-03-31T11:48:28.810692 #30302] DEBUG -- : State Score successfully calculated


D, [2018-03-31T11:48:28.810766 #30302] DEBUG -- : Scoring new state: {:rating=>37, :state=>{:unknown=>0, :possibly_lighter=>1, :possibly_heavier=>0, :normal=>7}}
D, [2018-03-31T11:48:28.810792 #30302] DEBUG -- : State Score successfully calculated


D, [2018-03-31T11:48:28.810839 #30302] DEBUG -- : Scoring new state: {:rating=>37, :state=>{:unknown=>0, :possibly_lighter=>0, :possibly_heavier=>1, :normal=>7}}
D, [2018-03-31T11:48:28.810860 #30302] DEBUG -- : State Score successfully calculated


D, [2018-03-31T11:48:28.810886 #30302] DEBUG -- : Scoring new state: {:rating=>37, :state=>{:unknown=>0, :possibly_lighter=>1, :possibly_heavier=>0, :normal=>7}}
D, [2018-03-31T11:48:28.810905 #30302] DEBUG -- : State Score successfully calculated


D, [2018-03-31T11:48:28.810929 #30302] DEBUG -- : Scoring new state: {:rating=>34, :state=>{:unknown=>0, :possibly_lighter=>2, :possibly_heavier=>0, :normal=>6}}
D, [2018-03-31T11:48:28.813641 #30302] DEBUG -- : returning fully calculated score...
D, [2018-03-31T11:48:28.813697 #30302] DEBUG -- : State Score successfully calculated


D, [2018-03-31T11:48:28.813740 #30302] DEBUG -- : Scoring new state: {:rating=>35, :state=>{:unknown=>1, :possibly_lighter=>0, :possibly_heavier=>0, :normal=>7}}
D, [2018-03-31T11:48:28.816384 #30302] DEBUG -- : returning fully calculated score...
D, [2018-03-31T11:48:28.816452 #30302] DEBUG -- : State Score successfully calculated


D, [2018-03-31T11:48:28.816520 #30302] DEBUG -- : Scoring new state: {:rating=>34, :state=>{:unknown=>0, :possibly_lighter=>2, :possibly_heavier=>0, :normal=>6}}
D, [2018-03-31T11:48:28.819058 #30302] DEBUG -- : returning fully calculated score...
D, [2018-03-31T11:48:28.819115 #30302] DEBUG -- : State Score successfully calculated


D, [2018-03-31T11:48:28.819160 #30302] DEBUG -- : Scoring new state: {:rating=>37, :state=>{:unknown=>0, :possibly_lighter=>0, :possibly_heavier=>1, :normal=>7}}
D, [2018-03-31T11:48:28.819180 #30302] DEBUG -- : State Score successfully calculated


D, [2018-03-31T11:48:28.819205 #30302] DEBUG -- : Scoring new state: {:rating=>34, :state=>{:unknown=>0, :possibly_lighter=>2, :possibly_heavier=>0, :normal=>6}}
D, [2018-03-31T11:48:28.821679 #30302] DEBUG -- : returning fully calculated score...
D, [2018-03-31T11:48:28.821743 #30302] DEBUG -- : State Score successfully calculated


D, [2018-03-31T11:48:28.821778 #30302] DEBUG -- : Scoring new state: {:rating=>37, :state=>{:unknown=>0, :possibly_lighter=>1, :possibly_heavier=>0, :normal=>7}}
D, [2018-03-31T11:48:28.821802 #30302] DEBUG -- : State Score successfully calculated


D, [2018-03-31T11:48:28.821839 #30302] DEBUG -- : Scoring new state: {:rating=>37, :state=>{:unknown=>0, :possibly_lighter=>0, :possibly_heavier=>1, :normal=>7}}
D, [2018-03-31T11:48:28.821887 #30302] DEBUG -- : State Score successfully calculated


D, [2018-03-31T11:48:28.821913 #30302] DEBUG -- : Scoring new state: {:rating=>31, :state=>{:unknown=>0, :possibly_lighter=>3, :possibly_heavier=>0, :normal=>5}}
D, [2018-03-31T11:48:28.824387 #30302] DEBUG -- : calculating updated score for older state...
D, [2018-03-31T11:48:28.827931 #30302] DEBUG -- : generating weighed rated selections...
D, [2018-03-31T11:48:28.917761 #30302] DEBUG -- : scoring weighed rated selections...
D, [2018-03-31T11:48:28.917859 #30302] DEBUG -- : Saving scored selections...
D, [2018-03-31T11:48:28.923562 #30302] DEBUG -- : State Score successfully calculated


D, [2018-03-31T11:48:28.923664 #30302] DEBUG -- : Scoring new state: {:rating=>32, :state=>{:unknown=>1, :possibly_lighter=>1, :possibly_heavier=>0, :normal=>6}}
D, [2018-03-31T11:48:28.926259 #30302] DEBUG -- : calculating updated score for older state...
D, [2018-03-31T11:48:28.929713 #30302] DEBUG -- : generating weighed rated selections...
D, [2018-03-31T11:48:28.930844 #30302] DEBUG -- : -------> building selection...
D, [2018-03-31T11:48:28.931779 #30302] DEBUG -- : -------> building new state...
D, [2018-03-31T11:48:28.932114 #30302] DEBUG -- : -------> building new state...
D, [2018-03-31T11:48:28.932363 #30302] DEBUG -- : -------> building selection...
D, [2018-03-31T11:48:28.932713 #30302] DEBUG -- : -------> building new state...
D, [2018-03-31T11:48:28.932815 #30302] DEBUG -- : -------> building new state...
D, [2018-03-31T11:48:28.933058 #30302] DEBUG -- : -------> building selection...
D, [2018-03-31T11:48:28.933394 #30302] DEBUG -- : -------> building new state...
D, [2018-03-31T11:48:28.933495 #30302] DEBUG -- : -------> building new state...
D, [2018-03-31T11:48:28.933686 #30302] DEBUG -- : -------> building selection...
D, [2018-03-31T11:48:28.934186 #30302] DEBUG -- : -------> building new state...
D, [2018-03-31T11:48:28.934406 #30302] DEBUG -- : -------> building new state...
D, [2018-03-31T11:48:28.934619 #30302] DEBUG -- : -------> building selection...
D, [2018-03-31T11:48:28.934990 #30302] DEBUG -- : -------> building new state...
D, [2018-03-31T11:48:28.935096 #30302] DEBUG -- : -------> building new state...
D, [2018-03-31T11:48:28.935290 #30302] DEBUG -- : -------> building selection...
D, [2018-03-31T11:48:28.935681 #30302] DEBUG -- : -------> building new state...
D, [2018-03-31T11:48:28.935786 #30302] DEBUG -- : -------> building new state...
D, [2018-03-31T11:48:28.936005 #30302] DEBUG -- : -------> building selection...
D, [2018-03-31T11:48:28.936353 #30302] DEBUG -- : -------> building new state...
D, [2018-03-31T11:48:28.936456 #30302] DEBUG -- : -------> building new state...
D, [2018-03-31T11:48:28.936648 #30302] DEBUG -- : -------> building selection...
D, [2018-03-31T11:48:28.937009 #30302] DEBUG -- : -------> building new state...
D, [2018-03-31T11:48:28.937120 #30302] DEBUG -- : -------> building new state...
D, [2018-03-31T11:48:28.937312 #30302] DEBUG -- : -------> building selection...
D, [2018-03-31T11:48:28.937641 #30302] DEBUG -- : -------> building new state...
D, [2018-03-31T11:48:28.937803 #30302] DEBUG -- : -------> building new state...
D, [2018-03-31T11:48:28.939882 #30302] DEBUG -- : -------> building selection...
D, [2018-03-31T11:48:28.940309 #30302] DEBUG -- : -------> building new state...
D, [2018-03-31T11:48:28.940446 #30302] DEBUG -- : -------> building new state...
D, [2018-03-31T11:48:28.940736 #30302] DEBUG -- : -------> building selection...
D, [2018-03-31T11:48:28.941212 #30302] DEBUG -- : -------> building new state...
D, [2018-03-31T11:48:28.941413 #30302] DEBUG -- : -------> building new state...
D, [2018-03-31T11:48:28.941639 #30302] DEBUG -- : -------> building selection...
D, [2018-03-31T11:48:28.941974 #30302] DEBUG -- : -------> building new state...
D, [2018-03-31T11:48:28.942075 #30302] DEBUG -- : -------> building new state...
D, [2018-03-31T11:48:28.942264 #30302] DEBUG -- : -------> building selection...
D, [2018-03-31T11:48:28.942615 #30302] DEBUG -- : -------> building new state...
D, [2018-03-31T11:48:28.942724 #30302] DEBUG -- : -------> building new state...
D, [2018-03-31T11:48:28.942972 #30302] DEBUG -- : -------> building selection...
D, [2018-03-31T11:48:28.943418 #30302] DEBUG -- : -------> building new state...
D, [2018-03-31T11:48:28.943527 #30302] DEBUG -- : -------> building new state...
D, [2018-03-31T11:48:28.943738 #30302] DEBUG -- : -------> building selection...
D, [2018-03-31T11:48:28.944098 #30302] DEBUG -- : -------> building new state...
D, [2018-03-31T11:48:28.944201 #30302] DEBUG -- : -------> building new state...
D, [2018-03-31T11:48:28.944388 #30302] DEBUG -- : -------> building selection...
D, [2018-03-31T11:48:28.944716 #30302] DEBUG -- : -------> building new state...
D, [2018-03-31T11:48:28.944841 #30302] DEBUG -- : -------> building new state...
D, [2018-03-31T11:48:28.945053 #30302] DEBUG -- : -------> building selection...
D, [2018-03-31T11:48:28.945414 #30302] DEBUG -- : -------> building new state...
D, [2018-03-31T11:48:28.945519 #30302] DEBUG -- : -------> building new state...
D, [2018-03-31T11:48:28.945708 #30302] DEBUG -- : -------> building selection...
D, [2018-03-31T11:48:28.946034 #30302] DEBUG -- : -------> building new state...
D, [2018-03-31T11:48:28.946132 #30302] DEBUG -- : -------> building new state...
D, [2018-03-31T11:48:28.946321 #30302] DEBUG -- : -------> building selection...
D, [2018-03-31T11:48:28.946676 #30302] DEBUG -- : -------> building new state...
D, [2018-03-31T11:48:28.946776 #30302] DEBUG -- : -------> building new state...
D, [2018-03-31T11:48:28.946988 #30302] DEBUG -- : -------> building selection...
D, [2018-03-31T11:48:28.947346 #30302] DEBUG -- : -------> building new state...
D, [2018-03-31T11:48:28.947466 #30302] DEBUG -- : -------> building new state...
D, [2018-03-31T11:48:28.947686 #30302] DEBUG -- : -------> building selection...
D, [2018-03-31T11:48:28.948043 #30302] DEBUG -- : -------> building new state...
D, [2018-03-31T11:48:28.948253 #30302] DEBUG -- : -------> building new state...
D, [2018-03-31T11:48:28.948465 #30302] DEBUG -- : -------> building selection...
D, [2018-03-31T11:48:28.948809 #30302] DEBUG -- : -------> building new state...
D, [2018-03-31T11:48:28.948939 #30302] DEBUG -- : -------> building new state...
D, [2018-03-31T11:48:28.949137 #30302] DEBUG -- : -------> building selection...
D, [2018-03-31T11:48:28.949463 #30302] DEBUG -- : -------> building new state...
D, [2018-03-31T11:48:28.949560 #30302] DEBUG -- : -------> building new state...
D, [2018-03-31T11:48:28.949748 #30302] DEBUG -- : -------> building selection...
D, [2018-03-31T11:48:28.950130 #30302] DEBUG -- : -------> building new state...
D, [2018-03-31T11:48:28.950336 #30302] DEBUG -- : -------> building new state...
D, [2018-03-31T11:48:28.950546 #30302] DEBUG -- : -------> building selection...
D, [2018-03-31T11:48:28.950902 #30302] DEBUG -- : -------> building new state...
D, [2018-03-31T11:48:28.951038 #30302] DEBUG -- : -------> building new state...
D, [2018-03-31T11:48:28.951243 #30302] DEBUG -- : -------> building selection...
D, [2018-03-31T11:48:28.951574 #30302] DEBUG -- : -------> building new state...
D, [2018-03-31T11:48:28.951675 #30302] DEBUG -- : -------> building new state...
D, [2018-03-31T11:48:28.951868 #30302] DEBUG -- : scoring weighed rated selections...
D, [2018-03-31T11:48:28.951919 #30302] DEBUG -- : Saving scored selections...
D, [2018-03-31T11:48:28.958272 #30302] DEBUG -- : State Score successfully calculated


D, [2018-03-31T11:48:28.958348 #30302] DEBUG -- : Scoring new state: {:rating=>37, :state=>{:unknown=>0, :possibly_lighter=>1, :possibly_heavier=>0, :normal=>7}}
D, [2018-03-31T11:48:28.958373 #30302] DEBUG -- : State Score successfully calculated


D, [2018-03-31T11:48:28.958440 #30302] DEBUG -- : Scoring new state: {:rating=>35, :state=>{:unknown=>1, :possibly_lighter=>0, :possibly_heavier=>0, :normal=>7}}
D, [2018-03-31T11:48:28.961130 #30302] DEBUG -- : returning fully calculated score...
D, [2018-03-31T11:48:28.961186 #30302] DEBUG -- : State Score successfully calculated


D, [2018-03-31T11:48:28.961218 #30302] DEBUG -- : Scoring new state: {:rating=>37, :state=>{:unknown=>0, :possibly_lighter=>1, :possibly_heavier=>0, :normal=>7}}
D, [2018-03-31T11:48:28.961241 #30302] DEBUG -- : State Score successfully calculated


D, [2018-03-31T11:48:28.961277 #30302] DEBUG -- : Scoring new state: {:rating=>34, :state=>{:unknown=>0, :possibly_lighter=>1, :possibly_heavier=>1, :normal=>6}}
D, [2018-03-31T11:48:28.963844 #30302] DEBUG -- : returning fully calculated score...
D, [2018-03-31T11:48:28.963906 #30302] DEBUG -- : State Score successfully calculated


D, [2018-03-31T11:48:28.963942 #30302] DEBUG -- : Scoring new state: {:rating=>37, :state=>{:unknown=>0, :possibly_lighter=>1, :possibly_heavier=>0, :normal=>7}}
D, [2018-03-31T11:48:28.963963 #30302] DEBUG -- : State Score successfully calculated


D, [2018-03-31T11:48:28.963994 #30302] DEBUG -- : Scoring new state: {:rating=>34, :state=>{:unknown=>0, :possibly_lighter=>1, :possibly_heavier=>1, :normal=>6}}
D, [2018-03-31T11:48:28.966452 #30302] DEBUG -- : returning fully calculated score...
D, [2018-03-31T11:48:28.966548 #30302] DEBUG -- : State Score successfully calculated


D, [2018-03-31T11:48:28.966580 #30302] DEBUG -- : Scoring new state: {:rating=>34, :state=>{:unknown=>0, :possibly_lighter=>2, :possibly_heavier=>0, :normal=>6}}
D, [2018-03-31T11:48:28.969044 #30302] DEBUG -- : returning fully calculated score...
D, [2018-03-31T11:48:28.969108 #30302] DEBUG -- : State Score successfully calculated


D, [2018-03-31T11:48:28.969152 #30302] DEBUG -- : Scoring new state: {:rating=>37, :state=>{:unknown=>0, :possibly_lighter=>0, :possibly_heavier=>1, :normal=>7}}
D, [2018-03-31T11:48:28.969173 #30302] DEBUG -- : State Score successfully calculated


D, [2018-03-31T11:48:28.969198 #30302] DEBUG -- : Scoring new state: {:rating=>37, :state=>{:unknown=>0, :possibly_lighter=>1, :possibly_heavier=>0, :normal=>7}}
D, [2018-03-31T11:48:28.969215 #30302] DEBUG -- : State Score successfully calculated


D, [2018-03-31T11:48:28.969238 #30302] DEBUG -- : Scoring new state: {:rating=>34, :state=>{:unknown=>0, :possibly_lighter=>2, :possibly_heavier=>0, :normal=>6}}
D, [2018-03-31T11:48:28.971695 #30302] DEBUG -- : returning fully calculated score...
D, [2018-03-31T11:48:28.971760 #30302] DEBUG -- : State Score successfully calculated


D, [2018-03-31T11:48:28.971803 #30302] DEBUG -- : Scoring new state: {:rating=>34, :state=>{:unknown=>0, :possibly_lighter=>1, :possibly_heavier=>1, :normal=>6}}
D, [2018-03-31T11:48:28.974333 #30302] DEBUG -- : returning fully calculated score...
D, [2018-03-31T11:48:28.974399 #30302] DEBUG -- : State Score successfully calculated


D, [2018-03-31T11:48:28.974434 #30302] DEBUG -- : Scoring new state: {:rating=>37, :state=>{:unknown=>0, :possibly_lighter=>1, :possibly_heavier=>0, :normal=>7}}
D, [2018-03-31T11:48:28.974458 #30302] DEBUG -- : State Score successfully calculated


D, [2018-03-31T11:48:28.974490 #30302] DEBUG -- : Scoring new state: {:rating=>31, :state=>{:unknown=>0, :possibly_lighter=>2, :possibly_heavier=>1, :normal=>5}}
D, [2018-03-31T11:48:28.976945 #30302] DEBUG -- : calculating updated score for older state...
D, [2018-03-31T11:48:28.980291 #30302] DEBUG -- : generating weighed rated selections...
D, [2018-03-31T11:48:28.981404 #30302] DEBUG -- : -------> building selection...
D, [2018-03-31T11:48:28.982376 #30302] DEBUG -- : -------> building new state...
D, [2018-03-31T11:48:28.982740 #30302] DEBUG -- : -------> building new state...
D, [2018-03-31T11:48:28.983020 #30302] DEBUG -- : -------> building selection...
D, [2018-03-31T11:48:28.983367 #30302] DEBUG -- : -------> building new state...
D, [2018-03-31T11:48:28.983472 #30302] DEBUG -- : -------> building new state...
D, [2018-03-31T11:48:28.983715 #30302] DEBUG -- : -------> building selection...
D, [2018-03-31T11:48:28.984046 #30302] DEBUG -- : -------> building new state...
D, [2018-03-31T11:48:28.984148 #30302] DEBUG -- : -------> building new state...
D, [2018-03-31T11:48:28.984339 #30302] DEBUG -- : -------> building selection...
D, [2018-03-31T11:48:28.984665 #30302] DEBUG -- : -------> building new state...
D, [2018-03-31T11:48:28.984803 #30302] DEBUG -- : -------> building new state...
D, [2018-03-31T11:48:28.984993 #30302] DEBUG -- : -------> building selection...
D, [2018-03-31T11:48:28.985353 #30302] DEBUG -- : -------> building new state...
D, [2018-03-31T11:48:28.985467 #30302] DEBUG -- : -------> building new state...
D, [2018-03-31T11:48:28.985657 #30302] DEBUG -- : -------> building selection...
D, [2018-03-31T11:48:28.986019 #30302] DEBUG -- : -------> building new state...
D, [2018-03-31T11:48:28.986127 #30302] DEBUG -- : -------> building new state...
D, [2018-03-31T11:48:28.986315 #30302] DEBUG -- : -------> building selection...
D, [2018-03-31T11:48:28.986641 #30302] DEBUG -- : -------> building new state...
D, [2018-03-31T11:48:28.986743 #30302] DEBUG -- : -------> building new state...
D, [2018-03-31T11:48:28.986947 #30302] DEBUG -- : -------> building selection...
D, [2018-03-31T11:48:28.987305 #30302] DEBUG -- : -------> building new state...
D, [2018-03-31T11:48:28.987405 #30302] DEBUG -- : -------> building new state...
D, [2018-03-31T11:48:28.987594 #30302] DEBUG -- : -------> building selection...
D, [2018-03-31T11:48:28.987917 #30302] DEBUG -- : -------> building new state...
D, [2018-03-31T11:48:28.988016 #30302] DEBUG -- : -------> building new state...
D, [2018-03-31T11:48:28.988230 #30302] DEBUG -- : -------> building selection...
D, [2018-03-31T11:48:28.988562 #30302] DEBUG -- : -------> building new state...
D, [2018-03-31T11:48:28.988662 #30302] DEBUG -- : -------> building new state...
D, [2018-03-31T11:48:28.988852 #30302] DEBUG -- : -------> building selection...
D, [2018-03-31T11:48:28.989179 #30302] DEBUG -- : -------> building new state...
D, [2018-03-31T11:48:28.989313 #30302] DEBUG -- : -------> building new state...
D, [2018-03-31T11:48:28.989503 #30302] DEBUG -- : -------> building selection...
D, [2018-03-31T11:48:28.989827 #30302] DEBUG -- : -------> building new state...
D, [2018-03-31T11:48:28.989942 #30302] DEBUG -- : -------> building new state...
D, [2018-03-31T11:48:28.990132 #30302] DEBUG -- : -------> building selection...
D, [2018-03-31T11:48:28.990486 #30302] DEBUG -- : -------> building new state...
D, [2018-03-31T11:48:28.990588 #30302] DEBUG -- : -------> building new state...
D, [2018-03-31T11:48:28.990789 #30302] DEBUG -- : -------> building selection...
D, [2018-03-31T11:48:28.991146 #30302] DEBUG -- : -------> building new state...
D, [2018-03-31T11:48:28.991246 #30302] DEBUG -- : -------> building new state...
D, [2018-03-31T11:48:28.991483 #30302] DEBUG -- : -------> building selection...
D, [2018-03-31T11:48:28.991820 #30302] DEBUG -- : -------> building new state...
D, [2018-03-31T11:48:28.991924 #30302] DEBUG -- : -------> building new state...
D, [2018-03-31T11:48:28.992112 #30302] DEBUG -- : -------> building selection...
D, [2018-03-31T11:48:28.992700 #30302] DEBUG -- : -------> building new state...
D, [2018-03-31T11:48:28.992889 #30302] DEBUG -- : -------> building new state...
D, [2018-03-31T11:48:28.993147 #30302] DEBUG -- : -------> building selection...
D, [2018-03-31T11:48:28.993488 #30302] DEBUG -- : -------> building new state...
D, [2018-03-31T11:48:28.993588 #30302] DEBUG -- : -------> building new state...
D, [2018-03-31T11:48:28.993778 #30302] DEBUG -- : -------> building selection...
D, [2018-03-31T11:48:28.994160 #30302] DEBUG -- : -------> building new state...
D, [2018-03-31T11:48:28.994263 #30302] DEBUG -- : -------> building new state...
D, [2018-03-31T11:48:28.994453 #30302] DEBUG -- : -------> building selection...
D, [2018-03-31T11:48:28.994783 #30302] DEBUG -- : -------> building new state...
D, [2018-03-31T11:48:28.994900 #30302] DEBUG -- : -------> building new state...
D, [2018-03-31T11:48:28.995092 #30302] DEBUG -- : -------> building selection...
D, [2018-03-31T11:48:28.995446 #30302] DEBUG -- : -------> building new state...
D, [2018-03-31T11:48:28.995550 #30302] DEBUG -- : -------> building new state...
D, [2018-03-31T11:48:28.995741 #30302] DEBUG -- : -------> building selection...
D, [2018-03-31T11:48:28.996064 #30302] DEBUG -- : -------> building new state...
D, [2018-03-31T11:48:28.996163 #30302] DEBUG -- : -------> building new state...
D, [2018-03-31T11:48:28.996380 #30302] DEBUG -- : -------> building selection...
D, [2018-03-31T11:48:28.996713 #30302] DEBUG -- : -------> building new state...
D, [2018-03-31T11:48:28.996826 #30302] DEBUG -- : -------> building new state...
D, [2018-03-31T11:48:28.997017 #30302] DEBUG -- : -------> building selection...
D, [2018-03-31T11:48:28.997343 #30302] DEBUG -- : -------> building new state...
D, [2018-03-31T11:48:28.997441 #30302] DEBUG -- : -------> building new state...
D, [2018-03-31T11:48:28.997654 #30302] DEBUG -- : -------> building selection...
D, [2018-03-31T11:48:28.997980 #30302] DEBUG -- : -------> building new state...
D, [2018-03-31T11:48:28.998087 #30302] DEBUG -- : -------> building new state...
D, [2018-03-31T11:48:28.998320 #30302] DEBUG -- : -------> building selection...
D, [2018-03-31T11:48:28.998664 #30302] DEBUG -- : -------> building new state...
D, [2018-03-31T11:48:28.998768 #30302] DEBUG -- : -------> building new state...
D, [2018-03-31T11:48:28.998969 #30302] DEBUG -- : -------> building selection...
D, [2018-03-31T11:48:28.999292 #30302] DEBUG -- : -------> building new state...
D, [2018-03-31T11:48:28.999390 #30302] DEBUG -- : -------> building new state...
D, [2018-03-31T11:48:28.999654 #30302] DEBUG -- : -------> building selection...
D, [2018-03-31T11:48:28.999988 #30302] DEBUG -- : -------> building new state...
D, [2018-03-31T11:48:29.000091 #30302] DEBUG -- : -------> building new state...
D, [2018-03-31T11:48:29.000280 #30302] DEBUG -- : -------> building selection...
D, [2018-03-31T11:48:29.000672 #30302] DEBUG -- : -------> building new state...
D, [2018-03-31T11:48:29.000777 #30302] DEBUG -- : -------> building new state...
D, [2018-03-31T11:48:29.000966 #30302] DEBUG -- : -------> building selection...
D, [2018-03-31T11:48:29.001290 #30302] DEBUG -- : -------> building new state...
D, [2018-03-31T11:48:29.001448 #30302] DEBUG -- : -------> building new state...
D, [2018-03-31T11:48:29.001660 #30302] DEBUG -- : -------> building selection...
D, [2018-03-31T11:48:29.001990 #30302] DEBUG -- : -------> building new state...
D, [2018-03-31T11:48:29.002092 #30302] DEBUG -- : -------> building new state...
D, [2018-03-31T11:48:29.002278 #30302] DEBUG -- : -------> building selection...
D, [2018-03-31T11:48:29.002699 #30302] DEBUG -- : -------> building new state...
D, [2018-03-31T11:48:29.002823 #30302] DEBUG -- : -------> building new state...
D, [2018-03-31T11:48:29.003028 #30302] DEBUG -- : -------> building selection...
D, [2018-03-31T11:48:29.003358 #30302] DEBUG -- : -------> building new state...
D, [2018-03-31T11:48:29.003462 #30302] DEBUG -- : -------> building new state...
D, [2018-03-31T11:48:29.003649 #30302] DEBUG -- : -------> building selection...
D, [2018-03-31T11:48:29.004047 #30302] DEBUG -- : -------> building new state...
D, [2018-03-31T11:48:29.004150 #30302] DEBUG -- : -------> building new state...
D, [2018-03-31T11:48:29.004350 #30302] DEBUG -- : -------> building selection...
D, [2018-03-31T11:48:29.004853 #30302] DEBUG -- : -------> building new state...
D, [2018-03-31T11:48:29.005087 #30302] DEBUG -- : -------> building new state...
D, [2018-03-31T11:48:29.005319 #30302] DEBUG -- : -------> building selection...
D, [2018-03-31T11:48:29.005669 #30302] DEBUG -- : -------> building new state...
D, [2018-03-31T11:48:29.005774 #30302] DEBUG -- : -------> building new state...
D, [2018-03-31T11:48:29.005968 #30302] DEBUG -- : -------> building selection...
D, [2018-03-31T11:48:29.006377 #30302] DEBUG -- : -------> building new state...
D, [2018-03-31T11:48:29.006488 #30302] DEBUG -- : -------> building new state...
D, [2018-03-31T11:48:29.006679 #30302] DEBUG -- : -------> building selection...
D, [2018-03-31T11:48:29.007036 #30302] DEBUG -- : -------> building new state...
D, [2018-03-31T11:48:29.007142 #30302] DEBUG -- : -------> building new state...
D, [2018-03-31T11:48:29.007370 #30302] DEBUG -- : -------> building selection...
D, [2018-03-31T11:48:29.007717 #30302] DEBUG -- : -------> building new state...
D, [2018-03-31T11:48:29.007825 #30302] DEBUG -- : -------> building new state...
D, [2018-03-31T11:48:29.008017 #30302] DEBUG -- : -------> building selection...
D, [2018-03-31T11:48:29.008387 #30302] DEBUG -- : -------> building new state...
D, [2018-03-31T11:48:29.008512 #30302] DEBUG -- : -------> building new state...
D, [2018-03-31T11:48:29.008714 #30302] DEBUG -- : scoring weighed rated selections...
D, [2018-03-31T11:48:29.008765 #30302] DEBUG -- : Saving scored selections...
D, [2018-03-31T11:48:29.016154 #30302] DEBUG -- : State Score successfully calculated


D, [2018-03-31T11:48:29.016244 #30302] DEBUG -- : Scoring new state: {:rating=>37, :state=>{:unknown=>0, :possibly_lighter=>1, :possibly_heavier=>0, :normal=>7}}
D, [2018-03-31T11:48:29.016270 #30302] DEBUG -- : State Score successfully calculated


D, [2018-03-31T11:48:29.016308 #30302] DEBUG -- : Scoring new state: {:rating=>35, :state=>{:unknown=>1, :possibly_lighter=>0, :possibly_heavier=>0, :normal=>7}}
D, [2018-03-31T11:48:29.019079 #30302] DEBUG -- : returning fully calculated score...
D, [2018-03-31T11:48:29.019143 #30302] DEBUG -- : State Score successfully calculated


D, [2018-03-31T11:48:29.019181 #30302] DEBUG -- : Scoring new state: {:rating=>34, :state=>{:unknown=>0, :possibly_lighter=>2, :possibly_heavier=>0, :normal=>6}}
D, [2018-03-31T11:48:29.021895 #30302] DEBUG -- : returning fully calculated score...
D, [2018-03-31T11:48:29.021963 #30302] DEBUG -- : State Score successfully calculated


D, [2018-03-31T11:48:29.022011 #30302] DEBUG -- : Scoring new state: {:rating=>31, :state=>{:unknown=>0, :possibly_lighter=>2, :possibly_heavier=>1, :normal=>5}}
D, [2018-03-31T11:48:29.024549 #30302] DEBUG -- : calculating updated score for older state...
D, [2018-03-31T11:48:29.027989 #30302] DEBUG -- : generating weighed rated selections...
D, [2018-03-31T11:48:29.029151 #30302] DEBUG -- : -------> building selection...
D, [2018-03-31T11:48:29.030097 #30302] DEBUG -- : -------> building new state...
D, [2018-03-31T11:48:29.030402 #30302] DEBUG -- : -------> building new state...
D, [2018-03-31T11:48:29.030648 #30302] DEBUG -- : -------> building selection...
D, [2018-03-31T11:48:29.031011 #30302] DEBUG -- : -------> building new state...
D, [2018-03-31T11:48:29.031135 #30302] DEBUG -- : -------> building new state...
D, [2018-03-31T11:48:29.031441 #30302] DEBUG -- : -------> building selection...
D, [2018-03-31T11:48:29.031797 #30302] DEBUG -- : -------> building new state...
D, [2018-03-31T11:48:29.031902 #30302] DEBUG -- : -------> building new state...
D, [2018-03-31T11:48:29.032129 #30302] DEBUG -- : -------> building selection...
D, [2018-03-31T11:48:29.032474 #30302] DEBUG -- : -------> building new state...
D, [2018-03-31T11:48:29.032577 #30302] DEBUG -- : -------> building new state...
D, [2018-03-31T11:48:29.032774 #30302] DEBUG -- : -------> building selection...
D, [2018-03-31T11:48:29.033128 #30302] DEBUG -- : -------> building new state...
D, [2018-03-31T11:48:29.033249 #30302] DEBUG -- : -------> building new state...
D, [2018-03-31T11:48:29.033449 #30302] DEBUG -- : -------> building selection...
D, [2018-03-31T11:48:29.033782 #30302] DEBUG -- : -------> building new state...
D, [2018-03-31T11:48:29.033896 #30302] DEBUG -- : -------> building new state...
D, [2018-03-31T11:48:29.034088 #30302] DEBUG -- : -------> building selection...
D, [2018-03-31T11:48:29.034480 #30302] DEBUG -- : -------> building new state...
D, [2018-03-31T11:48:29.034603 #30302] DEBUG -- : -------> building new state...
D, [2018-03-31T11:48:29.034861 #30302] DEBUG -- : -------> building selection...
D, [2018-03-31T11:48:29.035330 #30302] DEBUG -- : -------> building new state...
D, [2018-03-31T11:48:29.035438 #30302] DEBUG -- : -------> building new state...
D, [2018-03-31T11:48:29.035659 #30302] DEBUG -- : -------> building selection...
D, [2018-03-31T11:48:29.036015 #30302] DEBUG -- : -------> building new state...
D, [2018-03-31T11:48:29.036142 #30302] DEBUG -- : -------> building new state...
D, [2018-03-31T11:48:29.036338 #30302] DEBUG -- : -------> building selection...
D, [2018-03-31T11:48:29.036665 #30302] DEBUG -- : -------> building new state...
D, [2018-03-31T11:48:29.036789 #30302] DEBUG -- : -------> building new state...
D, [2018-03-31T11:48:29.036996 #30302] DEBUG -- : -------> building selection...
D, [2018-03-31T11:48:29.037352 #30302] DEBUG -- : -------> building new state...
D, [2018-03-31T11:48:29.037451 #30302] DEBUG -- : -------> building new state...
D, [2018-03-31T11:48:29.037661 #30302] DEBUG -- : -------> building selection...
D, [2018-03-31T11:48:29.037991 #30302] DEBUG -- : -------> building new state...
D, [2018-03-31T11:48:29.038093 #30302] DEBUG -- : -------> building new state...
D, [2018-03-31T11:48:29.038310 #30302] DEBUG -- : -------> building selection...
D, [2018-03-31T11:48:29.038639 #30302] DEBUG -- : -------> building new state...
D, [2018-03-31T11:48:29.038741 #30302] DEBUG -- : -------> building new state...
D, [2018-03-31T11:48:29.038991 #30302] DEBUG -- : -------> building selection...
D, [2018-03-31T11:48:29.039323 #30302] DEBUG -- : -------> building new state...
D, [2018-03-31T11:48:29.039443 #30302] DEBUG -- : -------> building new state...
D, [2018-03-31T11:48:29.039639 #30302] DEBUG -- : -------> building selection...
D, [2018-03-31T11:48:29.039993 #30302] DEBUG -- : -------> building new state...
D, [2018-03-31T11:48:29.040108 #30302] DEBUG -- : -------> building new state...
D, [2018-03-31T11:48:29.040300 #30302] DEBUG -- : -------> building selection...
D, [2018-03-31T11:48:29.040660 #30302] DEBUG -- : -------> building new state...
D, [2018-03-31T11:48:29.040762 #30302] DEBUG -- : -------> building new state...
D, [2018-03-31T11:48:29.040972 #30302] DEBUG -- : -------> building selection...
D, [2018-03-31T11:48:29.041318 #30302] DEBUG -- : -------> building new state...
D, [2018-03-31T11:48:29.041442 #30302] DEBUG -- : -------> building new state...
D, [2018-03-31T11:48:29.041635 #30302] DEBUG -- : -------> building selection...
D, [2018-03-31T11:48:29.041960 #30302] DEBUG -- : -------> building new state...
D, [2018-03-31T11:48:29.042087 #30302] DEBUG -- : -------> building new state...
D, [2018-03-31T11:48:29.042283 #30302] DEBUG -- : -------> building selection...
D, [2018-03-31T11:48:29.042606 #30302] DEBUG -- : -------> building new state...
D, [2018-03-31T11:48:29.042704 #30302] DEBUG -- : -------> building new state...
D, [2018-03-31T11:48:29.042905 #30302] DEBUG -- : -------> building selection...
D, [2018-03-31T11:48:29.043264 #30302] DEBUG -- : -------> building new state...
D, [2018-03-31T11:48:29.043365 #30302] DEBUG -- : -------> building new state...
D, [2018-03-31T11:48:29.043570 #30302] DEBUG -- : -------> building selection...
D, [2018-03-31T11:48:29.043913 #30302] DEBUG -- : -------> building new state...
D, [2018-03-31T11:48:29.044014 #30302] DEBUG -- : -------> building new state...
D, [2018-03-31T11:48:29.044217 #30302] DEBUG -- : -------> building selection...
D, [2018-03-31T11:48:29.044542 #30302] DEBUG -- : -------> building new state...
D, [2018-03-31T11:48:29.044700 #30302] DEBUG -- : -------> building new state...
D, [2018-03-31T11:48:29.046486 #30302] DEBUG -- : -------> building selection...
D, [2018-03-31T11:48:29.046883 #30302] DEBUG -- : -------> building new state...
D, [2018-03-31T11:48:29.046998 #30302] DEBUG -- : -------> building new state...
D, [2018-03-31T11:48:29.047207 #30302] DEBUG -- : -------> building selection...
D, [2018-03-31T11:48:29.047553 #30302] DEBUG -- : -------> building new state...
D, [2018-03-31T11:48:29.047656 #30302] DEBUG -- : -------> building new state...
D, [2018-03-31T11:48:29.047861 #30302] DEBUG -- : -------> building selection...
D, [2018-03-31T11:48:29.048193 #30302] DEBUG -- : -------> building new state...
D, [2018-03-31T11:48:29.048308 #30302] DEBUG -- : -------> building new state...
D, [2018-03-31T11:48:29.048506 #30302] DEBUG -- : -------> building selection...
D, [2018-03-31T11:48:29.048831 #30302] DEBUG -- : -------> building new state...
D, [2018-03-31T11:48:29.048928 #30302] DEBUG -- : -------> building new state...
D, [2018-03-31T11:48:29.049118 #30302] DEBUG -- : -------> building selection...
D, [2018-03-31T11:48:29.049460 #30302] DEBUG -- : -------> building new state...
D, [2018-03-31T11:48:29.049559 #30302] DEBUG -- : -------> building new state...
D, [2018-03-31T11:48:29.049774 #30302] DEBUG -- : -------> building selection...
D, [2018-03-31T11:48:29.050117 #30302] DEBUG -- : -------> building new state...
D, [2018-03-31T11:48:29.050215 #30302] DEBUG -- : -------> building new state...
D, [2018-03-31T11:48:29.050414 #30302] DEBUG -- : -------> building selection...
D, [2018-03-31T11:48:29.050756 #30302] DEBUG -- : -------> building new state...
D, [2018-03-31T11:48:29.050873 #30302] DEBUG -- : -------> building new state...
D, [2018-03-31T11:48:29.051076 #30302] DEBUG -- : -------> building selection...
D, [2018-03-31T11:48:29.051423 #30302] DEBUG -- : -------> building new state...
D, [2018-03-31T11:48:29.051524 #30302] DEBUG -- : -------> building new state...
D, [2018-03-31T11:48:29.051710 #30302] DEBUG -- : -------> building selection...
D, [2018-03-31T11:48:29.052052 #30302] DEBUG -- : -------> building new state...
D, [2018-03-31T11:48:29.052150 #30302] DEBUG -- : -------> building new state...
D, [2018-03-31T11:48:29.052350 #30302] DEBUG -- : -------> building selection...
D, [2018-03-31T11:48:29.052686 #30302] DEBUG -- : -------> building new state...
D, [2018-03-31T11:48:29.052803 #30302] DEBUG -- : -------> building new state...
D, [2018-03-31T11:48:29.053010 #30302] DEBUG -- : -------> building selection...
D, [2018-03-31T11:48:29.053343 #30302] DEBUG -- : -------> building new state...
D, [2018-03-31T11:48:29.053453 #30302] DEBUG -- : -------> building new state...
D, [2018-03-31T11:48:29.053641 #30302] DEBUG -- : -------> building selection...
D, [2018-03-31T11:48:29.053987 #30302] DEBUG -- : -------> building new state...
D, [2018-03-31T11:48:29.054086 #30302] DEBUG -- : -------> building new state...
D, [2018-03-31T11:48:29.054279 #30302] DEBUG -- : -------> building selection...
D, [2018-03-31T11:48:29.054632 #30302] DEBUG -- : -------> building new state...
D, [2018-03-31T11:48:29.054749 #30302] DEBUG -- : -------> building new state...
D, [2018-03-31T11:48:29.054957 #30302] DEBUG -- : -------> building selection...
D, [2018-03-31T11:48:29.055320 #30302] DEBUG -- : -------> building new state...
D, [2018-03-31T11:48:29.055424 #30302] DEBUG -- : -------> building new state...
D, [2018-03-31T11:48:29.055619 #30302] DEBUG -- : -------> building selection...
D, [2018-03-31T11:48:29.055957 #30302] DEBUG -- : -------> building new state...
D, [2018-03-31T11:48:29.056061 #30302] DEBUG -- : -------> building new state...
D, [2018-03-31T11:48:29.056259 #30302] DEBUG -- : -------> building selection...
D, [2018-03-31T11:48:29.056611 #30302] DEBUG -- : -------> building new state...
D, [2018-03-31T11:48:29.056725 #30302] DEBUG -- : -------> building new state...
D, [2018-03-31T11:48:29.056915 #30302] DEBUG -- : -------> building selection...
D, [2018-03-31T11:48:29.057253 #30302] DEBUG -- : -------> building new state...
D, [2018-03-31T11:48:29.057361 #30302] DEBUG -- : -------> building new state...
D, [2018-03-31T11:48:29.057567 #30302] DEBUG -- : scoring weighed rated selections...
D, [2018-03-31T11:48:29.057623 #30302] DEBUG -- : Saving scored selections...
D, [2018-03-31T11:48:29.064810 #30302] DEBUG -- : State Score successfully calculated


D, [2018-03-31T11:48:29.064898 #30302] DEBUG -- : Scoring new state: {:rating=>37, :state=>{:unknown=>0, :possibly_lighter=>1, :possibly_heavier=>0, :normal=>7}}
D, [2018-03-31T11:48:29.064923 #30302] DEBUG -- : State Score successfully calculated


D, [2018-03-31T11:48:29.064958 #30302] DEBUG -- : Scoring new state: {:rating=>37, :state=>{:unknown=>0, :possibly_lighter=>0, :possibly_heavier=>1, :normal=>7}}
D, [2018-03-31T11:48:29.064986 #30302] DEBUG -- : State Score successfully calculated


D, [2018-03-31T11:48:29.065011 #30302] DEBUG -- : Scoring new state: {:rating=>34, :state=>{:unknown=>0, :possibly_lighter=>2, :possibly_heavier=>0, :normal=>6}}
D, [2018-03-31T11:48:29.067776 #30302] DEBUG -- : returning fully calculated score...
D, [2018-03-31T11:48:29.067838 #30302] DEBUG -- : State Score successfully calculated


D, [2018-03-31T11:48:29.067871 #30302] DEBUG -- : Scoring new state: {:rating=>37, :state=>{:unknown=>0, :possibly_lighter=>1, :possibly_heavier=>0, :normal=>7}}
D, [2018-03-31T11:48:29.067905 #30302] DEBUG -- : State Score successfully calculated


D, [2018-03-31T11:48:29.067939 #30302] DEBUG -- : Scoring new state: {:rating=>34, :state=>{:unknown=>0, :possibly_lighter=>1, :possibly_heavier=>1, :normal=>6}}
D, [2018-03-31T11:48:29.070572 #30302] DEBUG -- : returning fully calculated score...
D, [2018-03-31T11:48:29.070643 #30302] DEBUG -- : State Score successfully calculated


D, [2018-03-31T11:48:29.070688 #30302] DEBUG -- : Scoring new state: {:rating=>34, :state=>{:unknown=>0, :possibly_lighter=>2, :possibly_heavier=>0, :normal=>6}}
D, [2018-03-31T11:48:29.073245 #30302] DEBUG -- : returning fully calculated score...
D, [2018-03-31T11:48:29.073316 #30302] DEBUG -- : State Score successfully calculated


D, [2018-03-31T11:48:29.073376 #30302] DEBUG -- : Scoring new state: {:rating=>37, :state=>{:unknown=>0, :possibly_lighter=>0, :possibly_heavier=>1, :normal=>7}}
D, [2018-03-31T11:48:29.073400 #30302] DEBUG -- : State Score successfully calculated


D, [2018-03-31T11:48:29.073434 #30302] DEBUG -- : Scoring new state: {:rating=>31, :state=>{:unknown=>0, :possibly_lighter=>3, :possibly_heavier=>0, :normal=>5}}
D, [2018-03-31T11:48:29.075970 #30302] DEBUG -- : calculating updated score for older state...
D, [2018-03-31T11:48:29.079460 #30302] DEBUG -- : generating weighed rated selections...
D, [2018-03-31T11:48:29.080547 #30302] DEBUG -- : -------> building selection...
D, [2018-03-31T11:48:29.081465 #30302] DEBUG -- : -------> building new state...
D, [2018-03-31T11:48:29.081924 #30302] DEBUG -- : -------> building selection...
D, [2018-03-31T11:48:29.082398 #30302] DEBUG -- : -------> building new state...
D, [2018-03-31T11:48:29.082626 #30302] DEBUG -- : -------> building selection...
D, [2018-03-31T11:48:29.082996 #30302] DEBUG -- : -------> building new state...
D, [2018-03-31T11:48:29.083207 #30302] DEBUG -- : -------> building selection...
D, [2018-03-31T11:48:29.083568 #30302] DEBUG -- : -------> building new state...
D, [2018-03-31T11:48:29.084227 #30302] DEBUG -- : -------> building new state...
D, [2018-03-31T11:48:29.084426 #30302] DEBUG -- : -------> building selection...
D, [2018-03-31T11:48:29.084754 #30302] DEBUG -- : -------> building new state...
D, [2018-03-31T11:48:29.084856 #30302] DEBUG -- : -------> building new state...
D, [2018-03-31T11:48:29.085044 #30302] DEBUG -- : -------> building selection...
D, [2018-03-31T11:48:29.085411 #30302] DEBUG -- : -------> building new state...
D, [2018-03-31T11:48:29.085515 #30302] DEBUG -- : -------> building new state...
D, [2018-03-31T11:48:29.085704 #30302] DEBUG -- : -------> building selection...
D, [2018-03-31T11:48:29.086046 #30302] DEBUG -- : -------> building new state...
D, [2018-03-31T11:48:29.086147 #30302] DEBUG -- : -------> building new state...
D, [2018-03-31T11:48:29.086338 #30302] DEBUG -- : -------> building selection...
D, [2018-03-31T11:48:29.086694 #30302] DEBUG -- : -------> building new state...
D, [2018-03-31T11:48:29.086795 #30302] DEBUG -- : -------> building new state...
D, [2018-03-31T11:48:29.087004 #30302] DEBUG -- : -------> building selection...
D, [2018-03-31T11:48:29.087332 #30302] DEBUG -- : -------> building new state...
D, [2018-03-31T11:48:29.087459 #30302] DEBUG -- : -------> building new state...
D, [2018-03-31T11:48:29.087654 #30302] DEBUG -- : -------> building selection...
D, [2018-03-31T11:48:29.087981 #30302] DEBUG -- : -------> building new state...
D, [2018-03-31T11:48:29.088084 #30302] DEBUG -- : -------> building new state...
D, [2018-03-31T11:48:29.088268 #30302] DEBUG -- : -------> building selection...
D, [2018-03-31T11:48:29.088641 #30302] DEBUG -- : -------> building new state...
D, [2018-03-31T11:48:29.088741 #30302] DEBUG -- : -------> building new state...
D, [2018-03-31T11:48:29.088928 #30302] DEBUG -- : -------> building selection...
D, [2018-03-31T11:48:29.089252 #30302] DEBUG -- : -------> building new state...
D, [2018-03-31T11:48:29.089354 #30302] DEBUG -- : -------> building new state...
D, [2018-03-31T11:48:29.089552 #30302] DEBUG -- : -------> building selection...
D, [2018-03-31T11:48:29.089906 #30302] DEBUG -- : -------> building new state...
D, [2018-03-31T11:48:29.090006 #30302] DEBUG -- : -------> building new state...
D, [2018-03-31T11:48:29.090210 #30302] DEBUG -- : -------> building selection...
D, [2018-03-31T11:48:29.090628 #30302] DEBUG -- : -------> building new state...
D, [2018-03-31T11:48:29.090764 #30302] DEBUG -- : -------> building new state...
D, [2018-03-31T11:48:29.090999 #30302] DEBUG -- : -------> building selection...
D, [2018-03-31T11:48:29.091335 #30302] DEBUG -- : -------> building new state...
D, [2018-03-31T11:48:29.091434 #30302] DEBUG -- : -------> building new state...
D, [2018-03-31T11:48:29.091625 #30302] DEBUG -- : -------> building selection...
D, [2018-03-31T11:48:29.091985 #30302] DEBUG -- : -------> building new state...
D, [2018-03-31T11:48:29.092087 #30302] DEBUG -- : -------> building new state...
D, [2018-03-31T11:48:29.092272 #30302] DEBUG -- : -------> building selection...
D, [2018-03-31T11:48:29.092604 #30302] DEBUG -- : -------> building new state...
D, [2018-03-31T11:48:29.092706 #30302] DEBUG -- : -------> building new state...
D, [2018-03-31T11:48:29.092930 #30302] DEBUG -- : -------> building selection...
D, [2018-03-31T11:48:29.093259 #30302] DEBUG -- : -------> building new state...
D, [2018-03-31T11:48:29.093361 #30302] DEBUG -- : -------> building new state...
D, [2018-03-31T11:48:29.093549 #30302] DEBUG -- : -------> building selection...
D, [2018-03-31T11:48:29.093874 #30302] DEBUG -- : -------> building new state...
D, [2018-03-31T11:48:29.094001 #30302] DEBUG -- : -------> building new state...
D, [2018-03-31T11:48:29.094199 #30302] DEBUG -- : scoring weighed rated selections...
D, [2018-03-31T11:48:29.094237 #30302] DEBUG -- : Saving scored selections...
D, [2018-03-31T11:48:29.098374 #30302] DEBUG -- : State Score successfully calculated


D, [2018-03-31T11:48:29.098457 #30302] DEBUG -- : Scoring new state: {:rating=>37, :state=>{:unknown=>0, :possibly_lighter=>0, :possibly_heavier=>1, :normal=>7}}
D, [2018-03-31T11:48:29.098482 #30302] DEBUG -- : State Score successfully calculated


D, [2018-03-31T11:48:29.098508 #30302] DEBUG -- : Scoring new state: {:rating=>31, :state=>{:unknown=>0, :possibly_lighter=>3, :possibly_heavier=>0, :normal=>5}}
D, [2018-03-31T11:48:29.101195 #30302] DEBUG -- : calculating updated score for older state...
D, [2018-03-31T11:48:29.104721 #30302] DEBUG -- : generating weighed rated selections...
D, [2018-03-31T11:48:29.105748 #30302] DEBUG -- : -------> building selection...
D, [2018-03-31T11:48:29.106666 #30302] DEBUG -- : -------> building new state...
D, [2018-03-31T11:48:29.107162 #30302] DEBUG -- : -------> building selection...
D, [2018-03-31T11:48:29.107567 #30302] DEBUG -- : -------> building new state...
D, [2018-03-31T11:48:29.107764 #30302] DEBUG -- : -------> building selection...
D, [2018-03-31T11:48:29.108100 #30302] DEBUG -- : -------> building new state...
D, [2018-03-31T11:48:29.108295 #30302] DEBUG -- : -------> building selection...
D, [2018-03-31T11:48:29.108627 #30302] DEBUG -- : -------> building new state...
D, [2018-03-31T11:48:29.108761 #30302] DEBUG -- : -------> building new state...
D, [2018-03-31T11:48:29.108952 #30302] DEBUG -- : -------> building selection...
D, [2018-03-31T11:48:29.109279 #30302] DEBUG -- : -------> building new state...
D, [2018-03-31T11:48:29.109382 #30302] DEBUG -- : -------> building new state...
D, [2018-03-31T11:48:29.109585 #30302] DEBUG -- : -------> building selection...
D, [2018-03-31T11:48:29.109951 #30302] DEBUG -- : -------> building new state...
D, [2018-03-31T11:48:29.110051 #30302] DEBUG -- : -------> building new state...
D, [2018-03-31T11:48:29.110254 #30302] DEBUG -- : -------> building selection...
D, [2018-03-31T11:48:29.110582 #30302] DEBUG -- : -------> building new state...
D, [2018-03-31T11:48:29.110682 #30302] DEBUG -- : -------> building new state...
D, [2018-03-31T11:48:29.110944 #30302] DEBUG -- : -------> building selection...
D, [2018-03-31T11:48:29.111294 #30302] DEBUG -- : -------> building new state...
D, [2018-03-31T11:48:29.111398 #30302] DEBUG -- : -------> building new state...
D, [2018-03-31T11:48:29.111586 #30302] DEBUG -- : -------> building selection...
D, [2018-03-31T11:48:29.111918 #30302] DEBUG -- : -------> building new state...
D, [2018-03-31T11:48:29.112019 #30302] DEBUG -- : -------> building new state...
D, [2018-03-31T11:48:29.112228 #30302] DEBUG -- : -------> building selection...
D, [2018-03-31T11:48:29.112607 #30302] DEBUG -- : -------> building new state...
D, [2018-03-31T11:48:29.112846 #30302] DEBUG -- : -------> building new state...
D, [2018-03-31T11:48:29.113065 #30302] DEBUG -- : -------> building selection...
D, [2018-03-31T11:48:29.113444 #30302] DEBUG -- : -------> building new state...
D, [2018-03-31T11:48:29.113553 #30302] DEBUG -- : -------> building new state...
D, [2018-03-31T11:48:29.113755 #30302] DEBUG -- : -------> building selection...
D, [2018-03-31T11:48:29.115261 #30302] DEBUG -- : -------> building new state...
D, [2018-03-31T11:48:29.115447 #30302] DEBUG -- : -------> building new state...
D, [2018-03-31T11:48:29.115757 #30302] DEBUG -- : -------> building selection...
D, [2018-03-31T11:48:29.116161 #30302] DEBUG -- : -------> building new state...
D, [2018-03-31T11:48:29.116283 #30302] DEBUG -- : -------> building new state...
D, [2018-03-31T11:48:29.116474 #30302] DEBUG -- : -------> building selection...
D, [2018-03-31T11:48:29.116803 #30302] DEBUG -- : -------> building new state...
D, [2018-03-31T11:48:29.116907 #30302] DEBUG -- : -------> building new state...
D, [2018-03-31T11:48:29.117090 #30302] DEBUG -- : -------> building selection...
D, [2018-03-31T11:48:29.117438 #30302] DEBUG -- : -------> building new state...
D, [2018-03-31T11:48:29.117537 #30302] DEBUG -- : -------> building new state...
D, [2018-03-31T11:48:29.117738 #30302] DEBUG -- : -------> building selection...
D, [2018-03-31T11:48:29.118062 #30302] DEBUG -- : -------> building new state...
D, [2018-03-31T11:48:29.118162 #30302] DEBUG -- : -------> building new state...
D, [2018-03-31T11:48:29.118350 #30302] DEBUG -- : -------> building selection...
D, [2018-03-31T11:48:29.118707 #30302] DEBUG -- : -------> building new state...
D, [2018-03-31T11:48:29.118821 #30302] DEBUG -- : -------> building new state...
D, [2018-03-31T11:48:29.119018 #30302] DEBUG -- : -------> building selection...
D, [2018-03-31T11:48:29.119373 #30302] DEBUG -- : -------> building new state...
D, [2018-03-31T11:48:29.119475 #30302] DEBUG -- : -------> building new state...
D, [2018-03-31T11:48:29.119661 #30302] DEBUG -- : -------> building selection...
D, [2018-03-31T11:48:29.120012 #30302] DEBUG -- : -------> building new state...
D, [2018-03-31T11:48:29.120110 #30302] DEBUG -- : -------> building new state...
D, [2018-03-31T11:48:29.120297 #30302] DEBUG -- : scoring weighed rated selections...
D, [2018-03-31T11:48:29.120337 #30302] DEBUG -- : Saving scored selections...
D, [2018-03-31T11:48:29.124563 #30302] DEBUG -- : State Score successfully calculated


D, [2018-03-31T11:48:29.124648 #30302] DEBUG -- : Scoring new state: {:rating=>34, :state=>{:unknown=>0, :possibly_lighter=>1, :possibly_heavier=>1, :normal=>6}}
D, [2018-03-31T11:48:29.127375 #30302] DEBUG -- : returning fully calculated score...
D, [2018-03-31T11:48:29.127436 #30302] DEBUG -- : State Score successfully calculated


D, [2018-03-31T11:48:29.127470 #30302] DEBUG -- : Scoring new state: {:rating=>34, :state=>{:unknown=>0, :possibly_lighter=>2, :possibly_heavier=>0, :normal=>6}}
D, [2018-03-31T11:48:29.130059 #30302] DEBUG -- : returning fully calculated score...
D, [2018-03-31T11:48:29.130125 #30302] DEBUG -- : State Score successfully calculated


D, [2018-03-31T11:48:29.130173 #30302] DEBUG -- : Scoring new state: {:rating=>31, :state=>{:unknown=>0, :possibly_lighter=>2, :possibly_heavier=>1, :normal=>5}}
D, [2018-03-31T11:48:29.132576 #30302] DEBUG -- : calculating updated score for older state...
D, [2018-03-31T11:48:29.136012 #30302] DEBUG -- : generating weighed rated selections...
D, [2018-03-31T11:48:29.137122 #30302] DEBUG -- : -------> building selection...
D, [2018-03-31T11:48:29.138056 #30302] DEBUG -- : -------> building new state...
D, [2018-03-31T11:48:29.138362 #30302] DEBUG -- : -------> building new state...
D, [2018-03-31T11:48:29.138610 #30302] DEBUG -- : -------> building selection...
D, [2018-03-31T11:48:29.138960 #30302] DEBUG -- : -------> building new state...
D, [2018-03-31T11:48:29.139066 #30302] DEBUG -- : -------> building new state...
D, [2018-03-31T11:48:29.139305 #30302] DEBUG -- : -------> building selection...
D, [2018-03-31T11:48:29.139645 #30302] DEBUG -- : -------> building new state...
D, [2018-03-31T11:48:29.139748 #30302] DEBUG -- : -------> building new state...
D, [2018-03-31T11:48:29.139964 #30302] DEBUG -- : -------> building selection...
D, [2018-03-31T11:48:29.140350 #30302] DEBUG -- : -------> building new state...
D, [2018-03-31T11:48:29.140533 #30302] DEBUG -- : -------> building new state...
D, [2018-03-31T11:48:29.140798 #30302] DEBUG -- : -------> building selection...
D, [2018-03-31T11:48:29.141152 #30302] DEBUG -- : -------> building new state...
D, [2018-03-31T11:48:29.141287 #30302] DEBUG -- : -------> building new state...
D, [2018-03-31T11:48:29.141496 #30302] DEBUG -- : -------> building selection...
D, [2018-03-31T11:48:29.141836 #30302] DEBUG -- : -------> building new state...
D, [2018-03-31T11:48:29.141938 #30302] DEBUG -- : -------> building new state...
D, [2018-03-31T11:48:29.142163 #30302] DEBUG -- : -------> building selection...
D, [2018-03-31T11:48:29.142511 #30302] DEBUG -- : -------> building new state...
D, [2018-03-31T11:48:29.142612 #30302] DEBUG -- : -------> building new state...
D, [2018-03-31T11:48:29.142827 #30302] DEBUG -- : -------> building selection...
D, [2018-03-31T11:48:29.143239 #30302] DEBUG -- : -------> building new state...
D, [2018-03-31T11:48:29.143385 #30302] DEBUG -- : -------> building new state...
D, [2018-03-31T11:48:29.143594 #30302] DEBUG -- : -------> building selection...
D, [2018-03-31T11:48:29.143950 #30302] DEBUG -- : -------> building new state...
D, [2018-03-31T11:48:29.144086 #30302] DEBUG -- : -------> building new state...
D, [2018-03-31T11:48:29.144287 #30302] DEBUG -- : -------> building selection...
D, [2018-03-31T11:48:29.144654 #30302] DEBUG -- : -------> building new state...
D, [2018-03-31T11:48:29.144769 #30302] DEBUG -- : -------> building new state...
D, [2018-03-31T11:48:29.144963 #30302] DEBUG -- : -------> building selection...
D, [2018-03-31T11:48:29.145289 #30302] DEBUG -- : -------> building new state...
D, [2018-03-31T11:48:29.145387 #30302] DEBUG -- : -------> building new state...
D, [2018-03-31T11:48:29.145582 #30302] DEBUG -- : -------> building selection...
D, [2018-03-31T11:48:29.145953 #30302] DEBUG -- : -------> building new state...
D, [2018-03-31T11:48:29.146053 #30302] DEBUG -- : -------> building new state...
D, [2018-03-31T11:48:29.146241 #30302] DEBUG -- : -------> building selection...
D, [2018-03-31T11:48:29.146564 #30302] DEBUG -- : -------> building new state...
D, [2018-03-31T11:48:29.146667 #30302] DEBUG -- : -------> building new state...
D, [2018-03-31T11:48:29.146868 #30302] DEBUG -- : -------> building selection...
D, [2018-03-31T11:48:29.147240 #30302] DEBUG -- : -------> building new state...
D, [2018-03-31T11:48:29.147342 #30302] DEBUG -- : -------> building new state...
D, [2018-03-31T11:48:29.147530 #30302] DEBUG -- : -------> building selection...
D, [2018-03-31T11:48:29.147856 #30302] DEBUG -- : -------> building new state...
D, [2018-03-31T11:48:29.147959 #30302] DEBUG -- : -------> building new state...
D, [2018-03-31T11:48:29.148148 #30302] DEBUG -- : -------> building selection...
D, [2018-03-31T11:48:29.148507 #30302] DEBUG -- : -------> building new state...
D, [2018-03-31T11:48:29.148609 #30302] DEBUG -- : -------> building new state...
D, [2018-03-31T11:48:29.148795 #30302] DEBUG -- : -------> building selection...
D, [2018-03-31T11:48:29.149205 #30302] DEBUG -- : -------> building new state...
D, [2018-03-31T11:48:29.149322 #30302] DEBUG -- : -------> building new state...
D, [2018-03-31T11:48:29.149510 #30302] DEBUG -- : -------> building selection...
D, [2018-03-31T11:48:29.149834 #30302] DEBUG -- : -------> building new state...
D, [2018-03-31T11:48:29.149932 #30302] DEBUG -- : -------> building new state...
D, [2018-03-31T11:48:29.150118 #30302] DEBUG -- : -------> building selection...
D, [2018-03-31T11:48:29.150522 #30302] DEBUG -- : -------> building new state...
D, [2018-03-31T11:48:29.150625 #30302] DEBUG -- : -------> building new state...
D, [2018-03-31T11:48:29.150833 #30302] DEBUG -- : -------> building selection...
D, [2018-03-31T11:48:29.151168 #30302] DEBUG -- : -------> building new state...
D, [2018-03-31T11:48:29.151330 #30302] DEBUG -- : -------> building new state...
D, [2018-03-31T11:48:29.151540 #30302] DEBUG -- : -------> building selection...
D, [2018-03-31T11:48:29.151870 #30302] DEBUG -- : -------> building new state...
D, [2018-03-31T11:48:29.151970 #30302] DEBUG -- : -------> building new state...
D, [2018-03-31T11:48:29.152159 #30302] DEBUG -- : -------> building selection...
D, [2018-03-31T11:48:29.154515 #30302] DEBUG -- : -------> building new state...
D, [2018-03-31T11:48:29.154758 #30302] DEBUG -- : -------> building new state...
D, [2018-03-31T11:48:29.155029 #30302] DEBUG -- : -------> building selection...
D, [2018-03-31T11:48:29.155390 #30302] DEBUG -- : -------> building new state...
D, [2018-03-31T11:48:29.155505 #30302] DEBUG -- : -------> building new state...
D, [2018-03-31T11:48:29.155701 #30302] DEBUG -- : -------> building selection...
D, [2018-03-31T11:48:29.156089 #30302] DEBUG -- : -------> building new state...
D, [2018-03-31T11:48:29.156195 #30302] DEBUG -- : -------> building new state...
D, [2018-03-31T11:48:29.156383 #30302] DEBUG -- : -------> building selection...
D, [2018-03-31T11:48:29.156712 #30302] DEBUG -- : -------> building new state...
D, [2018-03-31T11:48:29.156814 #30302] DEBUG -- : -------> building new state...
D, [2018-03-31T11:48:29.157007 #30302] DEBUG -- : -------> building selection...
D, [2018-03-31T11:48:29.157378 #30302] DEBUG -- : -------> building new state...
D, [2018-03-31T11:48:29.157478 #30302] DEBUG -- : -------> building new state...
D, [2018-03-31T11:48:29.157752 #30302] DEBUG -- : -------> building selection...
D, [2018-03-31T11:48:29.158082 #30302] DEBUG -- : -------> building new state...
D, [2018-03-31T11:48:29.158181 #30302] DEBUG -- : -------> building new state...
D, [2018-03-31T11:48:29.158420 #30302] DEBUG -- : -------> building selection...
D, [2018-03-31T11:48:29.158753 #30302] DEBUG -- : -------> building new state...
D, [2018-03-31T11:48:29.158866 #30302] DEBUG -- : -------> building new state...
D, [2018-03-31T11:48:29.159061 #30302] DEBUG -- : -------> building selection...
D, [2018-03-31T11:48:29.159407 #30302] DEBUG -- : -------> building new state...
D, [2018-03-31T11:48:29.159544 #30302] DEBUG -- : -------> building new state...
D, [2018-03-31T11:48:29.159746 #30302] DEBUG -- : -------> building selection...
D, [2018-03-31T11:48:29.160084 #30302] DEBUG -- : -------> building new state...
D, [2018-03-31T11:48:29.160187 #30302] DEBUG -- : -------> building new state...
D, [2018-03-31T11:48:29.160375 #30302] DEBUG -- : -------> building selection...
D, [2018-03-31T11:48:29.160725 #30302] DEBUG -- : -------> building new state...
D, [2018-03-31T11:48:29.160897 #30302] DEBUG -- : -------> building new state...
D, [2018-03-31T11:48:29.161196 #30302] DEBUG -- : -------> building selection...
D, [2018-03-31T11:48:29.161549 #30302] DEBUG -- : -------> building new state...
D, [2018-03-31T11:48:29.161655 #30302] DEBUG -- : -------> building new state...
D, [2018-03-31T11:48:29.161885 #30302] DEBUG -- : -------> building selection...
D, [2018-03-31T11:48:29.162220 #30302] DEBUG -- : -------> building new state...
D, [2018-03-31T11:48:29.162320 #30302] DEBUG -- : -------> building new state...
D, [2018-03-31T11:48:29.162513 #30302] DEBUG -- : -------> building selection...
D, [2018-03-31T11:48:29.162850 #30302] DEBUG -- : -------> building new state...
D, [2018-03-31T11:48:29.162964 #30302] DEBUG -- : -------> building new state...
D, [2018-03-31T11:48:29.163228 #30302] DEBUG -- : -------> building selection...
D, [2018-03-31T11:48:29.163609 #30302] DEBUG -- : -------> building new state...
D, [2018-03-31T11:48:29.163782 #30302] DEBUG -- : -------> building new state...
D, [2018-03-31T11:48:29.163995 #30302] DEBUG -- : -------> building selection...
D, [2018-03-31T11:48:29.164339 #30302] DEBUG -- : -------> building new state...
D, [2018-03-31T11:48:29.164477 #30302] DEBUG -- : -------> building new state...
D, [2018-03-31T11:48:29.164677 #30302] DEBUG -- : -------> building selection...
D, [2018-03-31T11:48:29.165010 #30302] DEBUG -- : -------> building new state...
D, [2018-03-31T11:48:29.165112 #30302] DEBUG -- : -------> building new state...
D, [2018-03-31T11:48:29.165302 #30302] DEBUG -- : -------> building selection...
D, [2018-03-31T11:48:29.165634 #30302] DEBUG -- : -------> building new state...
D, [2018-03-31T11:48:29.165786 #30302] DEBUG -- : -------> building new state...
D, [2018-03-31T11:48:29.165975 #30302] DEBUG -- : -------> building selection...
D, [2018-03-31T11:48:29.166300 #30302] DEBUG -- : -------> building new state...
D, [2018-03-31T11:48:29.166404 #30302] DEBUG -- : -------> building new state...
D, [2018-03-31T11:48:29.166596 #30302] DEBUG -- : scoring weighed rated selections...
D, [2018-03-31T11:48:29.166648 #30302] DEBUG -- : Saving scored selections...
D, [2018-03-31T11:48:29.173968 #30302] DEBUG -- : State Score successfully calculated


D, [2018-03-31T11:48:29.174039 #30302] DEBUG -- : Scoring new state: {:rating=>37, :state=>{:unknown=>0, :possibly_lighter=>1, :possibly_heavier=>0, :normal=>7}}
D, [2018-03-31T11:48:29.174065 #30302] DEBUG -- : State Score successfully calculated


D, [2018-03-31T11:48:29.174100 #30302] DEBUG -- : Scoring new state: {:rating=>31, :state=>{:unknown=>0, :possibly_lighter=>2, :possibly_heavier=>1, :normal=>5}}
D, [2018-03-31T11:48:29.176855 #30302] DEBUG -- : calculating updated score for older state...
D, [2018-03-31T11:48:29.180430 #30302] DEBUG -- : generating weighed rated selections...
D, [2018-03-31T11:48:29.181566 #30302] DEBUG -- : -------> building selection...
D, [2018-03-31T11:48:29.182510 #30302] DEBUG -- : -------> building new state...
D, [2018-03-31T11:48:29.182784 #30302] DEBUG -- : -------> building new state...
D, [2018-03-31T11:48:29.183040 #30302] DEBUG -- : -------> building selection...
D, [2018-03-31T11:48:29.183382 #30302] DEBUG -- : -------> building new state...
D, [2018-03-31T11:48:29.183521 #30302] DEBUG -- : -------> building new state...
D, [2018-03-31T11:48:29.183740 #30302] DEBUG -- : -------> building selection...
D, [2018-03-31T11:48:29.184077 #30302] DEBUG -- : -------> building new state...
D, [2018-03-31T11:48:29.184177 #30302] DEBUG -- : -------> building new state...
D, [2018-03-31T11:48:29.184370 #30302] DEBUG -- : -------> building selection...
D, [2018-03-31T11:48:29.184737 #30302] DEBUG -- : -------> building new state...
D, [2018-03-31T11:48:29.184840 #30302] DEBUG -- : -------> building new state...
D, [2018-03-31T11:48:29.185029 #30302] DEBUG -- : -------> building selection...
D, [2018-03-31T11:48:29.185453 #30302] DEBUG -- : -------> building new state...
D, [2018-03-31T11:48:29.185578 #30302] DEBUG -- : -------> building new state...
D, [2018-03-31T11:48:29.185770 #30302] DEBUG -- : -------> building selection...
D, [2018-03-31T11:48:29.186136 #30302] DEBUG -- : -------> building new state...
D, [2018-03-31T11:48:29.186241 #30302] DEBUG -- : -------> building new state...
D, [2018-03-31T11:48:29.186430 #30302] DEBUG -- : -------> building selection...
D, [2018-03-31T11:48:29.186827 #30302] DEBUG -- : -------> building new state...
D, [2018-03-31T11:48:29.186941 #30302] DEBUG -- : -------> building new state...
D, [2018-03-31T11:48:29.187134 #30302] DEBUG -- : -------> building selection...
D, [2018-03-31T11:48:29.187498 #30302] DEBUG -- : -------> building new state...
D, [2018-03-31T11:48:29.187618 #30302] DEBUG -- : -------> building new state...
D, [2018-03-31T11:48:29.187824 #30302] DEBUG -- : -------> building selection...
D, [2018-03-31T11:48:29.188202 #30302] DEBUG -- : -------> building new state...
D, [2018-03-31T11:48:29.188306 #30302] DEBUG -- : -------> building new state...
D, [2018-03-31T11:48:29.188495 #30302] DEBUG -- : -------> building selection...
D, [2018-03-31T11:48:29.188826 #30302] DEBUG -- : -------> building new state...
D, [2018-03-31T11:48:29.188927 #30302] DEBUG -- : -------> building new state...
D, [2018-03-31T11:48:29.189150 #30302] DEBUG -- : -------> building selection...
D, [2018-03-31T11:48:29.189486 #30302] DEBUG -- : -------> building new state...
D, [2018-03-31T11:48:29.189590 #30302] DEBUG -- : -------> building new state...
D, [2018-03-31T11:48:29.189783 #30302] DEBUG -- : -------> building selection...
D, [2018-03-31T11:48:29.190110 #30302] DEBUG -- : -------> building new state...
D, [2018-03-31T11:48:29.190208 #30302] DEBUG -- : -------> building new state...
D, [2018-03-31T11:48:29.192470 #30302] DEBUG -- : -------> building selection...
D, [2018-03-31T11:48:29.192982 #30302] DEBUG -- : -------> building new state...
D, [2018-03-31T11:48:29.193097 #30302] DEBUG -- : -------> building new state...
D, [2018-03-31T11:48:29.193296 #30302] DEBUG -- : -------> building selection...
D, [2018-03-31T11:48:29.193632 #30302] DEBUG -- : -------> building new state...
D, [2018-03-31T11:48:29.193732 #30302] DEBUG -- : -------> building new state...
D, [2018-03-31T11:48:29.193963 #30302] DEBUG -- : -------> building selection...
D, [2018-03-31T11:48:29.194291 #30302] DEBUG -- : -------> building new state...
D, [2018-03-31T11:48:29.194393 #30302] DEBUG -- : -------> building new state...
D, [2018-03-31T11:48:29.194579 #30302] DEBUG -- : -------> building selection...
D, [2018-03-31T11:48:29.194930 #30302] DEBUG -- : -------> building new state...
D, [2018-03-31T11:48:29.195066 #30302] DEBUG -- : -------> building new state...
D, [2018-03-31T11:48:29.195266 #30302] DEBUG -- : -------> building selection...
D, [2018-03-31T11:48:29.195594 #30302] DEBUG -- : -------> building new state...
D, [2018-03-31T11:48:29.195694 #30302] DEBUG -- : -------> building new state...
D, [2018-03-31T11:48:29.195880 #30302] DEBUG -- : -------> building selection...
D, [2018-03-31T11:48:29.196243 #30302] DEBUG -- : -------> building new state...
D, [2018-03-31T11:48:29.196341 #30302] DEBUG -- : -------> building new state...
D, [2018-03-31T11:48:29.196529 #30302] DEBUG -- : -------> building selection...
D, [2018-03-31T11:48:29.196853 #30302] DEBUG -- : -------> building new state...
D, [2018-03-31T11:48:29.196951 #30302] DEBUG -- : -------> building new state...
D, [2018-03-31T11:48:29.197138 #30302] DEBUG -- : -------> building selection...
D, [2018-03-31T11:48:29.197518 #30302] DEBUG -- : -------> building new state...
D, [2018-03-31T11:48:29.197617 #30302] DEBUG -- : -------> building new state...
D, [2018-03-31T11:48:29.197805 #30302] DEBUG -- : -------> building selection...
D, [2018-03-31T11:48:29.198152 #30302] DEBUG -- : -------> building new state...
D, [2018-03-31T11:48:29.198251 #30302] DEBUG -- : -------> building new state...
D, [2018-03-31T11:48:29.198472 #30302] DEBUG -- : -------> building selection...
D, [2018-03-31T11:48:29.198797 #30302] DEBUG -- : -------> building new state...
D, [2018-03-31T11:48:29.198926 #30302] DEBUG -- : -------> building new state...
D, [2018-03-31T11:48:29.199116 #30302] DEBUG -- : -------> building selection...
D, [2018-03-31T11:48:29.199444 #30302] DEBUG -- : -------> building new state...
D, [2018-03-31T11:48:29.199570 #30302] DEBUG -- : -------> building new state...
D, [2018-03-31T11:48:29.199767 #30302] DEBUG -- : -------> building selection...
D, [2018-03-31T11:48:29.200091 #30302] DEBUG -- : -------> building new state...
D, [2018-03-31T11:48:29.200191 #30302] DEBUG -- : -------> building new state...
D, [2018-03-31T11:48:29.200414 #30302] DEBUG -- : -------> building selection...
D, [2018-03-31T11:48:29.200739 #30302] DEBUG -- : -------> building new state...
D, [2018-03-31T11:48:29.200838 #30302] DEBUG -- : -------> building new state...
D, [2018-03-31T11:48:29.201036 #30302] DEBUG -- : -------> building selection...
D, [2018-03-31T11:48:29.201360 #30302] DEBUG -- : -------> building new state...
D, [2018-03-31T11:48:29.201485 #30302] DEBUG -- : -------> building new state...
D, [2018-03-31T11:48:29.201680 #30302] DEBUG -- : -------> building selection...
D, [2018-03-31T11:48:29.202005 #30302] DEBUG -- : -------> building new state...
D, [2018-03-31T11:48:29.202103 #30302] DEBUG -- : -------> building new state...
D, [2018-03-31T11:48:29.202290 #30302] DEBUG -- : -------> building selection...
D, [2018-03-31T11:48:29.202694 #30302] DEBUG -- : -------> building new state...
D, [2018-03-31T11:48:29.202795 #30302] DEBUG -- : -------> building new state...
D, [2018-03-31T11:48:29.203004 #30302] DEBUG -- : -------> building selection...
D, [2018-03-31T11:48:29.203331 #30302] DEBUG -- : -------> building new state...
D, [2018-03-31T11:48:29.203430 #30302] DEBUG -- : -------> building new state...
D, [2018-03-31T11:48:29.203618 #30302] DEBUG -- : -------> building selection...
D, [2018-03-31T11:48:29.203973 #30302] DEBUG -- : -------> building new state...
D, [2018-03-31T11:48:29.204076 #30302] DEBUG -- : -------> building new state...
D, [2018-03-31T11:48:29.204264 #30302] DEBUG -- : -------> building selection...
D, [2018-03-31T11:48:29.204589 #30302] DEBUG -- : -------> building new state...
D, [2018-03-31T11:48:29.204722 #30302] DEBUG -- : -------> building new state...
D, [2018-03-31T11:48:29.204914 #30302] DEBUG -- : -------> building selection...
D, [2018-03-31T11:48:29.205239 #30302] DEBUG -- : -------> building new state...
D, [2018-03-31T11:48:29.205336 #30302] DEBUG -- : -------> building new state...
D, [2018-03-31T11:48:29.205523 #30302] DEBUG -- : -------> building selection...
D, [2018-03-31T11:48:29.205847 #30302] DEBUG -- : -------> building new state...
D, [2018-03-31T11:48:29.205975 #30302] DEBUG -- : -------> building new state...
D, [2018-03-31T11:48:29.206162 #30302] DEBUG -- : -------> building selection...
D, [2018-03-31T11:48:29.206485 #30302] DEBUG -- : -------> building new state...
D, [2018-03-31T11:48:29.206582 #30302] DEBUG -- : -------> building new state...
D, [2018-03-31T11:48:29.206771 #30302] DEBUG -- : -------> building selection...
D, [2018-03-31T11:48:29.207166 #30302] DEBUG -- : -------> building new state...
D, [2018-03-31T11:48:29.207270 #30302] DEBUG -- : -------> building new state...
D, [2018-03-31T11:48:29.207460 #30302] DEBUG -- : -------> building selection...
D, [2018-03-31T11:48:29.207787 #30302] DEBUG -- : -------> building new state...
D, [2018-03-31T11:48:29.207889 #30302] DEBUG -- : -------> building new state...
D, [2018-03-31T11:48:29.208101 #30302] DEBUG -- : -------> building selection...
D, [2018-03-31T11:48:29.208426 #30302] DEBUG -- : -------> building new state...
D, [2018-03-31T11:48:29.208524 #30302] DEBUG -- : -------> building new state...
D, [2018-03-31T11:48:29.208749 #30302] DEBUG -- : -------> building selection...
D, [2018-03-31T11:48:29.209085 #30302] DEBUG -- : -------> building new state...
D, [2018-03-31T11:48:29.209186 #30302] DEBUG -- : -------> building new state...
D, [2018-03-31T11:48:29.209371 #30302] DEBUG -- : -------> building selection...
D, [2018-03-31T11:48:29.209697 #30302] DEBUG -- : -------> building new state...
D, [2018-03-31T11:48:29.209798 #30302] DEBUG -- : -------> building new state...
D, [2018-03-31T11:48:29.210033 #30302] DEBUG -- : scoring weighed rated selections...
D, [2018-03-31T11:48:29.210085 #30302] DEBUG -- : Saving scored selections...
D, [2018-03-31T11:48:29.217642 #30302] DEBUG -- : State Score successfully calculated


D, [2018-03-31T11:48:29.217720 #30302] DEBUG -- : Scoring new state: {:rating=>37, :state=>{:unknown=>0, :possibly_lighter=>1, :possibly_heavier=>0, :normal=>7}}
D, [2018-03-31T11:48:29.217748 #30302] DEBUG -- : State Score successfully calculated


D, [2018-03-31T11:48:29.217786 #30302] DEBUG -- : Scoring new state: {:rating=>34, :state=>{:unknown=>0, :possibly_lighter=>1, :possibly_heavier=>1, :normal=>6}}
D, [2018-03-31T11:48:29.220554 #30302] DEBUG -- : returning fully calculated score...
D, [2018-03-31T11:48:29.220616 #30302] DEBUG -- : State Score successfully calculated


D, [2018-03-31T11:48:29.220649 #30302] DEBUG -- : Scoring new state: {:rating=>34, :state=>{:unknown=>0, :possibly_lighter=>2, :possibly_heavier=>0, :normal=>6}}
D, [2018-03-31T11:48:29.223220 #30302] DEBUG -- : returning fully calculated score...
D, [2018-03-31T11:48:29.223282 #30302] DEBUG -- : State Score successfully calculated


D, [2018-03-31T11:48:29.223328 #30302] DEBUG -- : Scoring new state: {:rating=>37, :state=>{:unknown=>0, :possibly_lighter=>0, :possibly_heavier=>1, :normal=>7}}
D, [2018-03-31T11:48:29.223352 #30302] DEBUG -- : State Score successfully calculated


D, [2018-03-31T11:48:29.223380 #30302] DEBUG -- : Scoring new state: {:rating=>31, :state=>{:unknown=>0, :possibly_lighter=>3, :possibly_heavier=>0, :normal=>5}}
D, [2018-03-31T11:48:29.225850 #30302] DEBUG -- : calculating updated score for older state...
D, [2018-03-31T11:48:29.229296 #30302] DEBUG -- : generating weighed rated selections...
D, [2018-03-31T11:48:29.230389 #30302] DEBUG -- : -------> building selection...
D, [2018-03-31T11:48:29.231345 #30302] DEBUG -- : -------> building new state...
D, [2018-03-31T11:48:29.231757 #30302] DEBUG -- : -------> building selection...
D, [2018-03-31T11:48:29.232105 #30302] DEBUG -- : -------> building new state...
D, [2018-03-31T11:48:29.232302 #30302] DEBUG -- : -------> building selection...
D, [2018-03-31T11:48:29.232716 #30302] DEBUG -- : -------> building new state...
D, [2018-03-31T11:48:29.233026 #30302] DEBUG -- : -------> building selection...
D, [2018-03-31T11:48:29.233407 #30302] DEBUG -- : -------> building new state...
D, [2018-03-31T11:48:29.233511 #30302] DEBUG -- : -------> building new state...
D, [2018-03-31T11:48:29.233701 #30302] DEBUG -- : -------> building selection...
D, [2018-03-31T11:48:29.234087 #30302] DEBUG -- : -------> building new state...
D, [2018-03-31T11:48:29.234189 #30302] DEBUG -- : -------> building new state...
D, [2018-03-31T11:48:29.234378 #30302] DEBUG -- : -------> building selection...
D, [2018-03-31T11:48:29.234706 #30302] DEBUG -- : -------> building new state...
D, [2018-03-31T11:48:29.234819 #30302] DEBUG -- : -------> building new state...
D, [2018-03-31T11:48:29.235016 #30302] DEBUG -- : -------> building selection...
D, [2018-03-31T11:48:29.235384 #30302] DEBUG -- : -------> building new state...
D, [2018-03-31T11:48:29.235492 #30302] DEBUG -- : -------> building new state...
D, [2018-03-31T11:48:29.235680 #30302] DEBUG -- : -------> building selection...
D, [2018-03-31T11:48:29.236022 #30302] DEBUG -- : -------> building new state...
D, [2018-03-31T11:48:29.236124 #30302] DEBUG -- : -------> building new state...
D, [2018-03-31T11:48:29.236354 #30302] DEBUG -- : -------> building selection...
D, [2018-03-31T11:48:29.236683 #30302] DEBUG -- : -------> building new state...
D, [2018-03-31T11:48:29.236780 #30302] DEBUG -- : -------> building new state...
D, [2018-03-31T11:48:29.236973 #30302] DEBUG -- : -------> building selection...
D, [2018-03-31T11:48:29.237302 #30302] DEBUG -- : -------> building new state...
D, [2018-03-31T11:48:29.237431 #30302] DEBUG -- : -------> building new state...
D, [2018-03-31T11:48:29.237624 #30302] DEBUG -- : -------> building selection...
D, [2018-03-31T11:48:29.237952 #30302] DEBUG -- : -------> building new state...
D, [2018-03-31T11:48:29.238054 #30302] DEBUG -- : -------> building new state...
D, [2018-03-31T11:48:29.238278 #30302] DEBUG -- : -------> building selection...
D, [2018-03-31T11:48:29.238610 #30302] DEBUG -- : -------> building new state...
D, [2018-03-31T11:48:29.238712 #30302] DEBUG -- : -------> building new state...
D, [2018-03-31T11:48:29.238940 #30302] DEBUG -- : -------> building selection...
D, [2018-03-31T11:48:29.239278 #30302] DEBUG -- : -------> building new state...
D, [2018-03-31T11:48:29.239382 #30302] DEBUG -- : -------> building new state...
D, [2018-03-31T11:48:29.239581 #30302] DEBUG -- : -------> building selection...
D, [2018-03-31T11:48:29.240024 #30302] DEBUG -- : -------> building new state...
D, [2018-03-31T11:48:29.240139 #30302] DEBUG -- : -------> building new state...
D, [2018-03-31T11:48:29.240336 #30302] DEBUG -- : -------> building selection...
D, [2018-03-31T11:48:29.242301 #30302] DEBUG -- : -------> building new state...
D, [2018-03-31T11:48:29.242503 #30302] DEBUG -- : -------> building new state...
D, [2018-03-31T11:48:29.242717 #30302] DEBUG -- : -------> building selection...
D, [2018-03-31T11:48:29.243075 #30302] DEBUG -- : -------> building new state...
D, [2018-03-31T11:48:29.243204 #30302] DEBUG -- : -------> building new state...
D, [2018-03-31T11:48:29.243405 #30302] DEBUG -- : -------> building selection...
D, [2018-03-31T11:48:29.243770 #30302] DEBUG -- : -------> building new state...
D, [2018-03-31T11:48:29.243882 #30302] DEBUG -- : -------> building new state...
D, [2018-03-31T11:48:29.244076 #30302] DEBUG -- : -------> building selection...
D, [2018-03-31T11:48:29.244434 #30302] DEBUG -- : -------> building new state...
D, [2018-03-31T11:48:29.244534 #30302] DEBUG -- : -------> building new state...
D, [2018-03-31T11:48:29.244741 #30302] DEBUG -- : -------> building selection...
D, [2018-03-31T11:48:29.245106 #30302] DEBUG -- : -------> building new state...
D, [2018-03-31T11:48:29.245219 #30302] DEBUG -- : -------> building new state...
D, [2018-03-31T11:48:29.245414 #30302] DEBUG -- : scoring weighed rated selections...
D, [2018-03-31T11:48:29.245455 #30302] DEBUG -- : Saving scored selections...
D, [2018-03-31T11:48:29.249583 #30302] DEBUG -- : State Score successfully calculated


D, [2018-03-31T11:48:29.249680 #30302] DEBUG -- : Saving scored selections...
D, [2018-03-31T11:48:29.286869 #30302] DEBUG -- : State Score successfully calculated


D, [2018-03-31T11:48:29.286960 #30302] DEBUG -- : Scoring new state: {:rating=>37, :state=>{:unknown=>0, :possibly_lighter=>0, :possibly_heavier=>1, :normal=>7}}
D, [2018-03-31T11:48:29.286987 #30302] DEBUG -- : State Score successfully calculated


D, [2018-03-31T11:48:29.287014 #30302] DEBUG -- : Scoring new state: {:rating=>31, :state=>{:unknown=>0, :possibly_lighter=>1, :possibly_heavier=>2, :normal=>5}}
D, [2018-03-31T11:48:29.289733 #30302] DEBUG -- : generating score for new state...
D, [2018-03-31T11:48:29.293269 #30302] DEBUG -- : new state info recorded
D, [2018-03-31T11:48:29.296762 #30302] DEBUG -- : generating weighed rated selections...
D, [2018-03-31T11:48:29.506901 #30302] DEBUG -- : scoring weighed rated selections...
D, [2018-03-31T11:48:29.507017 #30302] DEBUG -- : Saving scored selections...
D, [2018-03-31T11:48:29.514227 #30302] DEBUG -- : State Score successfully calculated


D, [2018-03-31T11:48:29.580247 #30302] DEBUG -- : Scoring new state: {:rating=>31, :state=>{:unknown=>0, :possibly_lighter=>1, :possibly_heavier=>2, :normal=>5}}
D, [2018-03-31T11:48:29.583111 #30302] DEBUG -- : generating score for new state...
D, [2018-03-31T11:48:29.586787 #30302] DEBUG -- : new state info recorded
D, [2018-03-31T11:48:29.590241 #30302] DEBUG -- : generating weighed rated selections...
D, [2018-03-31T11:48:29.796585 #30302] DEBUG -- : scoring weighed rated selections...
D, [2018-03-31T11:48:29.796752 #30302] DEBUG -- : Saving scored selections...
D, [2018-03-31T11:48:29.803955 #30302] DEBUG -- : State Score successfully calculated


D, [2018-03-31T11:48:29.804049 #30302] DEBUG -- : Scoring new state: {:rating=>34, :state=>{:unknown=>0, :possibly_lighter=>1, :possibly_heavier=>1, :normal=>6}}
D, [2018-03-31T11:48:29.806766 #30302] DEBUG -- : calculating updated score for older state...
D, [2018-03-31T11:48:29.810383 #30302] DEBUG -- : generating weighed rated selections...
D, [2018-03-31T11:48:29.913683 #30302] DEBUG -- : scoring weighed rated selections...
D, [2018-03-31T11:48:29.913810 #30302] DEBUG -- : Saving scored selections...
D, [2018-03-31T11:48:29.929269 #30302] DEBUG -- : State Score successfully calculated


D, [2018-03-31T11:48:29.929361 #30302] DEBUG -- : Scoring new state: {:rating=>31, :state=>{:unknown=>0, :possibly_lighter=>2, :possibly_heavier=>1, :normal=>5}}
D, [2018-03-31T11:48:29.932035 #30302] DEBUG -- : generating score for new state...
D, [2018-03-31T11:48:29.936589 #30302] DEBUG -- : new state info recorded
D, [2018-03-31T11:48:29.940138 #30302] DEBUG -- : generating weighed rated selections...
D, [2018-03-31T11:48:30.131852 #30302] DEBUG -- : scoring weighed rated selections...
D, [2018-03-31T11:48:30.131993 #30302] DEBUG -- : Saving scored selections...
D, [2018-03-31T11:48:30.139944 #30302] DEBUG -- : State Score successfully calculated


D, [2018-03-31T11:48:30.140047 #30302] DEBUG -- : Scoring new state: {:rating=>34, :state=>{:unknown=>0, :possibly_lighter=>1, :possibly_heavier=>1, :normal=>6}}
D, [2018-03-31T11:48:30.142661 #30302] DEBUG -- : returning fully calculated score...
D, [2018-03-31T11:48:30.142731 #30302] DEBUG -- : State Score successfully calculated


D, [2018-03-31T11:48:30.210162 #30302] DEBUG -- : Scoring new state: {:rating=>31, :state=>{:unknown=>0, :possibly_lighter=>1, :possibly_heavier=>2, :normal=>5}}
D, [2018-03-31T11:48:30.212989 #30302] DEBUG -- : generating score for new state...
D, [2018-03-31T11:48:30.216735 #30302] DEBUG -- : new state info recorded
D, [2018-03-31T11:48:30.220109 #30302] DEBUG -- : generating weighed rated selections...
D, [2018-03-31T11:48:30.428454 #30302] DEBUG -- : scoring weighed rated selections...
D, [2018-03-31T11:48:30.428580 #30302] DEBUG -- : Saving scored selections...
D, [2018-03-31T11:48:30.435759 #30302] DEBUG -- : State Score successfully calculated


D, [2018-03-31T11:48:30.435854 #30302] DEBUG -- : Scoring new state: {:rating=>34, :state=>{:unknown=>0, :possibly_lighter=>1, :possibly_heavier=>1, :normal=>6}}
D, [2018-03-31T11:48:30.438387 #30302] DEBUG -- : calculating updated score for older state...
D, [2018-03-31T11:48:30.442136 #30302] DEBUG -- : generating weighed rated selections...
D, [2018-03-31T11:48:30.546988 #30302] DEBUG -- : scoring weighed rated selections...
D, [2018-03-31T11:48:30.547138 #30302] DEBUG -- : Saving scored selections...
D, [2018-03-31T11:48:30.562399 #30302] DEBUG -- : State Score successfully calculated


D, [2018-03-31T11:48:30.562500 #30302] DEBUG -- : Scoring new state: {:rating=>31, :state=>{:unknown=>0, :possibly_lighter=>2, :possibly_heavier=>1, :normal=>5}}
D, [2018-03-31T11:48:30.565040 #30302] DEBUG -- : generating score for new state...
D, [2018-03-31T11:48:30.568577 #30302] DEBUG -- : new state info recorded
D, [2018-03-31T11:48:30.572359 #30302] DEBUG -- : generating weighed rated selections...
D, [2018-03-31T11:48:30.764958 #30302] DEBUG -- : scoring weighed rated selections...
D, [2018-03-31T11:48:30.765092 #30302] DEBUG -- : Saving scored selections...
D, [2018-03-31T11:48:30.772672 #30302] DEBUG -- : State Score successfully calculated


D, [2018-03-31T11:48:30.838799 #30302] DEBUG -- : Scoring new state: {:rating=>34, :state=>{:unknown=>0, :possibly_lighter=>1, :possibly_heavier=>1, :normal=>6}}
D, [2018-03-31T11:48:30.841927 #30302] DEBUG -- : generating score for new state...
D, [2018-03-31T11:48:30.845530 #30302] DEBUG -- : new state info recorded
D, [2018-03-31T11:48:30.848980 #30302] DEBUG -- : generating weighed rated selections...
D, [2018-03-31T11:48:30.965630 #30302] DEBUG -- : scoring weighed rated selections...
D, [2018-03-31T11:48:30.965762 #30302] DEBUG -- : Saving scored selections...
D, [2018-03-31T11:48:30.981437 #30302] DEBUG -- : State Score successfully calculated


D, [2018-03-31T11:48:30.981554 #30302] DEBUG -- : Scoring new state: {:rating=>31, :state=>{:unknown=>0, :possibly_lighter=>1, :possibly_heavier=>2, :normal=>5}}
D, [2018-03-31T11:48:30.984357 #30302] DEBUG -- : generating score for new state...
D, [2018-03-31T11:48:30.987902 #30302] DEBUG -- : new state info recorded
D, [2018-03-31T11:48:30.991355 #30302] DEBUG -- : generating weighed rated selections...
D, [2018-03-31T11:48:31.186923 #30302] DEBUG -- : scoring weighed rated selections...
D, [2018-03-31T11:48:31.187058 #30302] DEBUG -- : Saving scored selections...
D, [2018-03-31T11:48:31.194179 #30302] DEBUG -- : State Score successfully calculated


D, [2018-03-31T11:48:31.194284 #30302] DEBUG -- : Scoring new state: {:rating=>34, :state=>{:unknown=>0, :possibly_lighter=>1, :possibly_heavier=>1, :normal=>6}}
D, [2018-03-31T11:48:31.196908 #30302] DEBUG -- : returning fully calculated score...
D, [2018-03-31T11:48:31.196971 #30302] DEBUG -- : State Score successfully calculated


D, [2018-03-31T11:48:31.197006 #30302] DEBUG -- : Scoring new state: {:rating=>31, :state=>{:unknown=>0, :possibly_lighter=>2, :possibly_heavier=>1, :normal=>5}}
D, [2018-03-31T11:48:31.199468 #30302] DEBUG -- : generating score for new state...
D, [2018-03-31T11:48:31.202929 #30302] DEBUG -- : new state info recorded
D, [2018-03-31T11:48:31.206320 #30302] DEBUG -- : generating weighed rated selections...
D, [2018-03-31T11:48:31.400994 #30302] DEBUG -- : scoring weighed rated selections...
D, [2018-03-31T11:48:31.401120 #30302] DEBUG -- : Saving scored selections...
D, [2018-03-31T11:48:31.408373 #30302] DEBUG -- : State Score successfully calculated


D, [2018-03-31T11:50:47.420368 #31101] DEBUG -- : generating weighed rated selections...
D, [2018-03-31T11:52:36.058973 #31225] DEBUG -- : generating weighed rated selections...
D, [2018-03-31T11:52:36.173492 #31225] DEBUG -- : scoring weighed rated selections...
D, [2018-03-31T11:52:36.173621 #31225] DEBUG -- : Saving scored selections...
D, [2018-03-31T11:52:36.192736 #31225] DEBUG -- : generating weighed rated selections...
D, [2018-03-31T11:52:36.406698 #31225] DEBUG -- : scoring weighed rated selections...
D, [2018-03-31T11:52:36.406816 #31225] DEBUG -- : Saving scored selections...
D, [2018-03-31T11:52:36.638253 #31225] DEBUG -- : calculating updated score for older state...
D, [2018-03-31T11:52:36.641769 #31225] DEBUG -- : generating weighed rated selections...
D, [2018-03-31T11:52:36.654344 #31225] DEBUG -- : scoring weighed rated selections...
D, [2018-03-31T11:52:36.654444 #31225] DEBUG -- : Scoring new state: {:rating=>10, :state=>{:unknown=>1, :possibly_lighter=>0, :possibly_heavier=>0, :normal=>2}}
D, [2018-03-31T11:52:36.657319 #31225] DEBUG -- : calculating updated score for older state...
D, [2018-03-31T11:52:36.660903 #31225] DEBUG -- : generating weighed rated selections...
D, [2018-03-31T11:52:36.680686 #31225] DEBUG -- : scoring weighed rated selections...
D, [2018-03-31T11:52:36.680778 #31225] DEBUG -- : Saving scored selections...
D, [2018-03-31T11:52:36.684067 #31225] DEBUG -- : State Score successfully calculated


D, [2018-03-31T11:52:36.684159 #31225] DEBUG -- : Scoring new state: {:rating=>9, :state=>{:unknown=>0, :possibly_lighter=>1, :possibly_heavier=>1, :normal=>1}}
D, [2018-03-31T11:52:36.687090 #31225] DEBUG -- : calculating updated score for older state...
D, [2018-03-31T11:52:36.691232 #31225] DEBUG -- : generating weighed rated selections...
D, [2018-03-31T11:52:36.720729 #31225] DEBUG -- : scoring weighed rated selections...
D, [2018-03-31T11:52:36.720862 #31225] DEBUG -- : Saving scored selections...
D, [2018-03-31T11:52:36.725589 #31225] DEBUG -- : State Score successfully calculated


D, [2018-03-31T11:52:36.725678 #31225] DEBUG -- : Saving scored selections...
D, [2018-03-31T11:52:36.805333 #31225] DEBUG -- : calculating updated score for older state...
D, [2018-03-31T11:52:36.808798 #31225] DEBUG -- : generating weighed rated selections...
D, [2018-03-31T11:52:36.821700 #31225] DEBUG -- : scoring weighed rated selections...
D, [2018-03-31T11:52:36.821798 #31225] DEBUG -- : Scoring new state: {:rating=>10, :state=>{:unknown=>1, :possibly_lighter=>0, :possibly_heavier=>0, :normal=>2}}
D, [2018-03-31T11:52:36.824636 #31225] DEBUG -- : calculating updated score for older state...
D, [2018-03-31T11:52:36.828083 #31225] DEBUG -- : generating weighed rated selections...
D, [2018-03-31T11:52:36.847813 #31225] DEBUG -- : scoring weighed rated selections...
D, [2018-03-31T11:52:36.847895 #31225] DEBUG -- : Saving scored selections...
D, [2018-03-31T11:52:36.851250 #31225] DEBUG -- : State Score successfully calculated


D, [2018-03-31T11:52:36.851335 #31225] DEBUG -- : Scoring new state: {:rating=>9, :state=>{:unknown=>0, :possibly_lighter=>1, :possibly_heavier=>1, :normal=>1}}
D, [2018-03-31T11:52:36.853844 #31225] DEBUG -- : calculating updated score for older state...
D, [2018-03-31T11:52:36.857262 #31225] DEBUG -- : generating weighed rated selections...
D, [2018-03-31T11:52:36.887190 #31225] DEBUG -- : scoring weighed rated selections...
D, [2018-03-31T11:52:36.887277 #31225] DEBUG -- : Saving scored selections...
D, [2018-03-31T11:52:36.892366 #31225] DEBUG -- : State Score successfully calculated


D, [2018-03-31T11:52:36.892486 #31225] DEBUG -- : Saving scored selections...
D, [2018-03-31T11:52:36.970932 #31225] DEBUG -- : calculating updated score for older state...
D, [2018-03-31T11:52:36.974427 #31225] DEBUG -- : generating weighed rated selections...
D, [2018-03-31T11:52:36.987521 #31225] DEBUG -- : scoring weighed rated selections...
D, [2018-03-31T11:52:36.987619 #31225] DEBUG -- : Scoring new state: {:rating=>10, :state=>{:unknown=>1, :possibly_lighter=>0, :possibly_heavier=>0, :normal=>2}}
D, [2018-03-31T11:52:36.990376 #31225] DEBUG -- : calculating updated score for older state...
D, [2018-03-31T11:52:36.993919 #31225] DEBUG -- : generating weighed rated selections...
D, [2018-03-31T11:52:37.013989 #31225] DEBUG -- : scoring weighed rated selections...
D, [2018-03-31T11:52:37.014067 #31225] DEBUG -- : Saving scored selections...
D, [2018-03-31T11:52:37.017502 #31225] DEBUG -- : State Score successfully calculated


D, [2018-03-31T11:52:37.017603 #31225] DEBUG -- : Scoring new state: {:rating=>9, :state=>{:unknown=>0, :possibly_lighter=>1, :possibly_heavier=>1, :normal=>1}}
D, [2018-03-31T11:52:37.020171 #31225] DEBUG -- : calculating updated score for older state...
D, [2018-03-31T11:52:37.023697 #31225] DEBUG -- : generating weighed rated selections...
D, [2018-03-31T11:52:37.053912 #31225] DEBUG -- : scoring weighed rated selections...
D, [2018-03-31T11:52:37.054000 #31225] DEBUG -- : Saving scored selections...
D, [2018-03-31T11:52:37.058782 #31225] DEBUG -- : State Score successfully calculated


D, [2018-03-31T11:52:37.058877 #31225] DEBUG -- : Saving scored selections...
D, [2018-03-31T11:52:37.134182 #31225] DEBUG -- : calculating updated score for older state...
D, [2018-03-31T11:52:37.137825 #31225] DEBUG -- : generating weighed rated selections...
D, [2018-03-31T11:52:37.150546 #31225] DEBUG -- : scoring weighed rated selections...
D, [2018-03-31T11:52:37.150644 #31225] DEBUG -- : Scoring new state: {:rating=>10, :state=>{:unknown=>1, :possibly_lighter=>0, :possibly_heavier=>0, :normal=>2}}
D, [2018-03-31T11:52:37.153495 #31225] DEBUG -- : calculating updated score for older state...
D, [2018-03-31T11:52:37.157369 #31225] DEBUG -- : generating weighed rated selections...
D, [2018-03-31T11:52:37.176927 #31225] DEBUG -- : scoring weighed rated selections...
D, [2018-03-31T11:52:37.177014 #31225] DEBUG -- : Saving scored selections...
D, [2018-03-31T11:52:37.181392 #31225] DEBUG -- : State Score successfully calculated


D, [2018-03-31T11:52:37.181478 #31225] DEBUG -- : Scoring new state: {:rating=>9, :state=>{:unknown=>0, :possibly_lighter=>1, :possibly_heavier=>1, :normal=>1}}
D, [2018-03-31T11:52:37.184108 #31225] DEBUG -- : calculating updated score for older state...
D, [2018-03-31T11:52:37.187740 #31225] DEBUG -- : generating weighed rated selections...
D, [2018-03-31T11:52:37.217871 #31225] DEBUG -- : scoring weighed rated selections...
D, [2018-03-31T11:52:37.217958 #31225] DEBUG -- : Saving scored selections...
D, [2018-03-31T11:52:37.222826 #31225] DEBUG -- : State Score successfully calculated


D, [2018-03-31T11:52:37.222895 #31225] DEBUG -- : Saving scored selections...
D, [2018-03-31T11:52:37.297762 #31225] DEBUG -- : calculating updated score for older state...
D, [2018-03-31T11:52:37.301364 #31225] DEBUG -- : generating weighed rated selections...
D, [2018-03-31T11:52:37.314384 #31225] DEBUG -- : scoring weighed rated selections...
D, [2018-03-31T11:52:37.314480 #31225] DEBUG -- : Scoring new state: {:rating=>10, :state=>{:unknown=>1, :possibly_lighter=>0, :possibly_heavier=>0, :normal=>2}}
D, [2018-03-31T11:52:37.317271 #31225] DEBUG -- : calculating updated score for older state...
D, [2018-03-31T11:52:37.320721 #31225] DEBUG -- : generating weighed rated selections...
D, [2018-03-31T11:52:37.340527 #31225] DEBUG -- : scoring weighed rated selections...
D, [2018-03-31T11:52:37.340639 #31225] DEBUG -- : Saving scored selections...
D, [2018-03-31T11:52:37.344010 #31225] DEBUG -- : State Score successfully calculated


D, [2018-03-31T11:52:37.344097 #31225] DEBUG -- : Scoring new state: {:rating=>9, :state=>{:unknown=>0, :possibly_lighter=>1, :possibly_heavier=>1, :normal=>1}}
D, [2018-03-31T11:52:37.346637 #31225] DEBUG -- : calculating updated score for older state...
D, [2018-03-31T11:52:37.350118 #31225] DEBUG -- : generating weighed rated selections...
D, [2018-03-31T11:52:37.380405 #31225] DEBUG -- : scoring weighed rated selections...
D, [2018-03-31T11:52:37.380491 #31225] DEBUG -- : Saving scored selections...
D, [2018-03-31T11:52:37.385452 #31225] DEBUG -- : State Score successfully calculated


D, [2018-03-31T11:52:37.385535 #31225] DEBUG -- : Saving scored selections...
D, [2018-03-31T11:52:37.461621 #31225] DEBUG -- : calculating updated score for older state...
D, [2018-03-31T11:52:37.465172 #31225] DEBUG -- : generating weighed rated selections...
D, [2018-03-31T11:52:37.478277 #31225] DEBUG -- : scoring weighed rated selections...
D, [2018-03-31T11:52:37.478373 #31225] DEBUG -- : Scoring new state: {:rating=>10, :state=>{:unknown=>1, :possibly_lighter=>0, :possibly_heavier=>0, :normal=>2}}
D, [2018-03-31T11:52:37.481167 #31225] DEBUG -- : calculating updated score for older state...
D, [2018-03-31T11:52:37.484724 #31225] DEBUG -- : generating weighed rated selections...
D, [2018-03-31T11:52:37.503980 #31225] DEBUG -- : scoring weighed rated selections...
D, [2018-03-31T11:52:37.504066 #31225] DEBUG -- : Saving scored selections...
D, [2018-03-31T11:52:37.507343 #31225] DEBUG -- : State Score successfully calculated


D, [2018-03-31T11:52:37.507428 #31225] DEBUG -- : Scoring new state: {:rating=>9, :state=>{:unknown=>0, :possibly_lighter=>1, :possibly_heavier=>1, :normal=>1}}
D, [2018-03-31T11:52:37.509997 #31225] DEBUG -- : calculating updated score for older state...
D, [2018-03-31T11:52:37.513536 #31225] DEBUG -- : generating weighed rated selections...
D, [2018-03-31T11:52:37.542756 #31225] DEBUG -- : scoring weighed rated selections...
D, [2018-03-31T11:52:37.542855 #31225] DEBUG -- : Saving scored selections...
D, [2018-03-31T11:52:37.547733 #31225] DEBUG -- : State Score successfully calculated


D, [2018-03-31T11:52:37.547814 #31225] DEBUG -- : Saving scored selections...
D, [2018-03-31T11:52:37.622646 #31225] DEBUG -- : calculating updated score for older state...
D, [2018-03-31T11:52:37.626329 #31225] DEBUG -- : generating weighed rated selections...
D, [2018-03-31T11:52:37.639369 #31225] DEBUG -- : scoring weighed rated selections...
D, [2018-03-31T11:52:37.639464 #31225] DEBUG -- : Scoring new state: {:rating=>10, :state=>{:unknown=>1, :possibly_lighter=>0, :possibly_heavier=>0, :normal=>2}}
D, [2018-03-31T11:52:37.642210 #31225] DEBUG -- : calculating updated score for older state...
D, [2018-03-31T11:52:37.645693 #31225] DEBUG -- : generating weighed rated selections...
D, [2018-03-31T11:52:37.665474 #31225] DEBUG -- : scoring weighed rated selections...
D, [2018-03-31T11:52:37.665558 #31225] DEBUG -- : Saving scored selections...
D, [2018-03-31T11:52:37.668756 #31225] DEBUG -- : State Score successfully calculated


D, [2018-03-31T11:52:37.668846 #31225] DEBUG -- : Scoring new state: {:rating=>9, :state=>{:unknown=>0, :possibly_lighter=>1, :possibly_heavier=>1, :normal=>1}}
D, [2018-03-31T11:52:37.671434 #31225] DEBUG -- : calculating updated score for older state...
D, [2018-03-31T11:52:37.674893 #31225] DEBUG -- : generating weighed rated selections...
D, [2018-03-31T11:52:37.723058 #31225] DEBUG -- : scoring weighed rated selections...
D, [2018-03-31T11:52:37.723155 #31225] DEBUG -- : Saving scored selections...
D, [2018-03-31T11:52:37.728078 #31225] DEBUG -- : State Score successfully calculated


D, [2018-03-31T11:52:37.728162 #31225] DEBUG -- : Saving scored selections...
D, [2018-03-31T11:52:37.802872 #31225] DEBUG -- : calculating updated score for older state...
D, [2018-03-31T11:52:37.806404 #31225] DEBUG -- : generating weighed rated selections...
D, [2018-03-31T11:52:37.819199 #31225] DEBUG -- : scoring weighed rated selections...
D, [2018-03-31T11:52:37.819293 #31225] DEBUG -- : Scoring new state: {:rating=>10, :state=>{:unknown=>1, :possibly_lighter=>0, :possibly_heavier=>0, :normal=>2}}
D, [2018-03-31T11:52:37.822171 #31225] DEBUG -- : calculating updated score for older state...
D, [2018-03-31T11:52:37.825598 #31225] DEBUG -- : generating weighed rated selections...
D, [2018-03-31T11:52:37.844831 #31225] DEBUG -- : scoring weighed rated selections...
D, [2018-03-31T11:52:37.844914 #31225] DEBUG -- : Saving scored selections...
D, [2018-03-31T11:52:37.848626 #31225] DEBUG -- : State Score successfully calculated


D, [2018-03-31T11:52:37.848711 #31225] DEBUG -- : Scoring new state: {:rating=>9, :state=>{:unknown=>0, :possibly_lighter=>1, :possibly_heavier=>1, :normal=>1}}
D, [2018-03-31T11:52:37.851287 #31225] DEBUG -- : calculating updated score for older state...
D, [2018-03-31T11:52:37.854855 #31225] DEBUG -- : generating weighed rated selections...
D, [2018-03-31T11:52:37.885004 #31225] DEBUG -- : scoring weighed rated selections...
D, [2018-03-31T11:52:37.885092 #31225] DEBUG -- : Saving scored selections...
D, [2018-03-31T11:52:37.889955 #31225] DEBUG -- : State Score successfully calculated


D, [2018-03-31T11:52:37.890028 #31225] DEBUG -- : Saving scored selections...
D, [2018-03-31T11:52:37.965436 #31225] DEBUG -- : calculating updated score for older state...
D, [2018-03-31T11:52:37.969557 #31225] DEBUG -- : generating weighed rated selections...
D, [2018-03-31T11:52:37.982304 #31225] DEBUG -- : scoring weighed rated selections...
D, [2018-03-31T11:52:37.982399 #31225] DEBUG -- : Scoring new state: {:rating=>10, :state=>{:unknown=>1, :possibly_lighter=>0, :possibly_heavier=>0, :normal=>2}}
D, [2018-03-31T11:52:37.985248 #31225] DEBUG -- : calculating updated score for older state...
D, [2018-03-31T11:52:37.988753 #31225] DEBUG -- : generating weighed rated selections...
D, [2018-03-31T11:52:38.008639 #31225] DEBUG -- : scoring weighed rated selections...
D, [2018-03-31T11:52:38.008731 #31225] DEBUG -- : Saving scored selections...
D, [2018-03-31T11:52:38.011965 #31225] DEBUG -- : State Score successfully calculated


D, [2018-03-31T11:52:38.012053 #31225] DEBUG -- : Scoring new state: {:rating=>9, :state=>{:unknown=>0, :possibly_lighter=>1, :possibly_heavier=>1, :normal=>1}}
D, [2018-03-31T11:52:38.014765 #31225] DEBUG -- : calculating updated score for older state...
D, [2018-03-31T11:52:38.018716 #31225] DEBUG -- : generating weighed rated selections...
D, [2018-03-31T11:52:38.048753 #31225] DEBUG -- : scoring weighed rated selections...
D, [2018-03-31T11:52:38.048847 #31225] DEBUG -- : Saving scored selections...
D, [2018-03-31T11:52:38.053609 #31225] DEBUG -- : State Score successfully calculated


D, [2018-03-31T11:52:38.053689 #31225] DEBUG -- : Saving scored selections...
D, [2018-03-31T11:52:38.128531 #31225] DEBUG -- : calculating updated score for older state...
D, [2018-03-31T11:52:38.132092 #31225] DEBUG -- : generating weighed rated selections...
D, [2018-03-31T11:52:38.146122 #31225] DEBUG -- : scoring weighed rated selections...
D, [2018-03-31T11:52:38.146223 #31225] DEBUG -- : Scoring new state: {:rating=>10, :state=>{:unknown=>1, :possibly_lighter=>0, :possibly_heavier=>0, :normal=>2}}
D, [2018-03-31T11:52:38.148978 #31225] DEBUG -- : calculating updated score for older state...
D, [2018-03-31T11:52:38.152567 #31225] DEBUG -- : generating weighed rated selections...
D, [2018-03-31T11:52:38.172560 #31225] DEBUG -- : scoring weighed rated selections...
D, [2018-03-31T11:52:38.172650 #31225] DEBUG -- : Saving scored selections...
D, [2018-03-31T11:52:38.175920 #31225] DEBUG -- : State Score successfully calculated


D, [2018-03-31T11:52:38.176019 #31225] DEBUG -- : Scoring new state: {:rating=>9, :state=>{:unknown=>0, :possibly_lighter=>1, :possibly_heavier=>1, :normal=>1}}
D, [2018-03-31T11:52:38.178729 #31225] DEBUG -- : calculating updated score for older state...
D, [2018-03-31T11:52:38.183190 #31225] DEBUG -- : generating weighed rated selections...
D, [2018-03-31T11:52:38.213249 #31225] DEBUG -- : scoring weighed rated selections...
D, [2018-03-31T11:52:38.213360 #31225] DEBUG -- : Saving scored selections...
D, [2018-03-31T11:52:38.218222 #31225] DEBUG -- : State Score successfully calculated


D, [2018-03-31T11:52:38.218302 #31225] DEBUG -- : Saving scored selections...
D, [2018-03-31T11:52:38.297589 #31225] DEBUG -- : calculating updated score for older state...
D, [2018-03-31T11:52:38.301221 #31225] DEBUG -- : generating weighed rated selections...
D, [2018-03-31T11:52:38.315754 #31225] DEBUG -- : scoring weighed rated selections...
D, [2018-03-31T11:52:38.315861 #31225] DEBUG -- : Scoring new state: {:rating=>10, :state=>{:unknown=>1, :possibly_lighter=>0, :possibly_heavier=>0, :normal=>2}}
D, [2018-03-31T11:52:38.320210 #31225] DEBUG -- : calculating updated score for older state...
D, [2018-03-31T11:52:38.323754 #31225] DEBUG -- : generating weighed rated selections...
D, [2018-03-31T11:52:38.343511 #31225] DEBUG -- : scoring weighed rated selections...
D, [2018-03-31T11:52:38.343599 #31225] DEBUG -- : Saving scored selections...
D, [2018-03-31T11:52:38.346889 #31225] DEBUG -- : State Score successfully calculated


D, [2018-03-31T11:52:38.346972 #31225] DEBUG -- : Scoring new state: {:rating=>9, :state=>{:unknown=>0, :possibly_lighter=>1, :possibly_heavier=>1, :normal=>1}}
D, [2018-03-31T11:52:38.349655 #31225] DEBUG -- : calculating updated score for older state...
D, [2018-03-31T11:52:38.353205 #31225] DEBUG -- : generating weighed rated selections...
D, [2018-03-31T11:52:38.382463 #31225] DEBUG -- : scoring weighed rated selections...
D, [2018-03-31T11:52:38.382555 #31225] DEBUG -- : Saving scored selections...
D, [2018-03-31T11:52:38.387197 #31225] DEBUG -- : State Score successfully calculated


D, [2018-03-31T11:52:38.387274 #31225] DEBUG -- : Saving scored selections...
D, [2018-03-31T11:52:38.461106 #31225] DEBUG -- : calculating updated score for older state...
D, [2018-03-31T11:52:38.464852 #31225] DEBUG -- : generating weighed rated selections...
D, [2018-03-31T11:52:38.477978 #31225] DEBUG -- : scoring weighed rated selections...
D, [2018-03-31T11:52:38.478075 #31225] DEBUG -- : Scoring new state: {:rating=>10, :state=>{:unknown=>1, :possibly_lighter=>0, :possibly_heavier=>0, :normal=>2}}
D, [2018-03-31T11:52:38.480949 #31225] DEBUG -- : calculating updated score for older state...
D, [2018-03-31T11:52:38.484604 #31225] DEBUG -- : generating weighed rated selections...
D, [2018-03-31T11:52:38.504337 #31225] DEBUG -- : scoring weighed rated selections...
D, [2018-03-31T11:52:38.504427 #31225] DEBUG -- : Saving scored selections...
D, [2018-03-31T11:52:38.507746 #31225] DEBUG -- : State Score successfully calculated


D, [2018-03-31T11:52:38.507837 #31225] DEBUG -- : Scoring new state: {:rating=>9, :state=>{:unknown=>0, :possibly_lighter=>1, :possibly_heavier=>1, :normal=>1}}
D, [2018-03-31T11:52:38.510539 #31225] DEBUG -- : calculating updated score for older state...
D, [2018-03-31T11:52:38.514066 #31225] DEBUG -- : generating weighed rated selections...
D, [2018-03-31T11:52:38.544502 #31225] DEBUG -- : scoring weighed rated selections...
D, [2018-03-31T11:52:38.544594 #31225] DEBUG -- : Saving scored selections...
D, [2018-03-31T11:52:38.549489 #31225] DEBUG -- : State Score successfully calculated


D, [2018-03-31T11:52:38.549574 #31225] DEBUG -- : Saving scored selections...
D, [2018-03-31T11:52:38.623943 #31225] DEBUG -- : calculating updated score for older state...
D, [2018-03-31T11:52:38.628944 #31225] DEBUG -- : generating weighed rated selections...
D, [2018-03-31T11:52:38.642267 #31225] DEBUG -- : scoring weighed rated selections...
D, [2018-03-31T11:52:38.642373 #31225] DEBUG -- : Scoring new state: {:rating=>10, :state=>{:unknown=>1, :possibly_lighter=>0, :possibly_heavier=>0, :normal=>2}}
D, [2018-03-31T11:52:38.645320 #31225] DEBUG -- : calculating updated score for older state...
D, [2018-03-31T11:52:38.648892 #31225] DEBUG -- : generating weighed rated selections...
D, [2018-03-31T11:52:38.668588 #31225] DEBUG -- : scoring weighed rated selections...
D, [2018-03-31T11:52:38.668675 #31225] DEBUG -- : Saving scored selections...
D, [2018-03-31T11:52:38.672073 #31225] DEBUG -- : State Score successfully calculated


D, [2018-03-31T11:52:38.672158 #31225] DEBUG -- : Scoring new state: {:rating=>9, :state=>{:unknown=>0, :possibly_lighter=>1, :possibly_heavier=>1, :normal=>1}}
D, [2018-03-31T11:52:38.675326 #31225] DEBUG -- : calculating updated score for older state...
D, [2018-03-31T11:52:38.678931 #31225] DEBUG -- : generating weighed rated selections...
D, [2018-03-31T11:52:38.709104 #31225] DEBUG -- : scoring weighed rated selections...
D, [2018-03-31T11:52:38.709199 #31225] DEBUG -- : Saving scored selections...
D, [2018-03-31T11:52:38.714162 #31225] DEBUG -- : State Score successfully calculated


D, [2018-03-31T11:52:38.714234 #31225] DEBUG -- : Saving scored selections...
D, [2018-03-31T11:52:38.789864 #31225] DEBUG -- : calculating updated score for older state...
D, [2018-03-31T11:52:38.793553 #31225] DEBUG -- : generating weighed rated selections...
D, [2018-03-31T11:52:38.806641 #31225] DEBUG -- : scoring weighed rated selections...
D, [2018-03-31T11:52:38.806744 #31225] DEBUG -- : Scoring new state: {:rating=>10, :state=>{:unknown=>1, :possibly_lighter=>0, :possibly_heavier=>0, :normal=>2}}
D, [2018-03-31T11:52:38.810241 #31225] DEBUG -- : calculating updated score for older state...
D, [2018-03-31T11:52:38.813801 #31225] DEBUG -- : generating weighed rated selections...
D, [2018-03-31T11:52:38.834150 #31225] DEBUG -- : scoring weighed rated selections...
D, [2018-03-31T11:52:38.834241 #31225] DEBUG -- : Saving scored selections...
D, [2018-03-31T11:52:38.838556 #31225] DEBUG -- : State Score successfully calculated


D, [2018-03-31T11:52:38.838638 #31225] DEBUG -- : Scoring new state: {:rating=>9, :state=>{:unknown=>0, :possibly_lighter=>1, :possibly_heavier=>1, :normal=>1}}
D, [2018-03-31T11:52:38.841284 #31225] DEBUG -- : calculating updated score for older state...
D, [2018-03-31T11:52:38.844773 #31225] DEBUG -- : generating weighed rated selections...
D, [2018-03-31T11:52:38.875745 #31225] DEBUG -- : scoring weighed rated selections...
D, [2018-03-31T11:52:38.875841 #31225] DEBUG -- : Saving scored selections...
D, [2018-03-31T11:52:38.880874 #31225] DEBUG -- : State Score successfully calculated


D, [2018-03-31T11:52:38.880954 #31225] DEBUG -- : Saving scored selections...
D, [2018-03-31T11:52:39.776680 #31225] DEBUG -- : Scoring new state: {:rating=>34, :state=>{:unknown=>0, :possibly_lighter=>1, :possibly_heavier=>1, :normal=>6}}
D, [2018-03-31T11:52:39.779600 #31225] DEBUG -- : generating score for new state...
D, [2018-03-31T11:52:39.783580 #31225] DEBUG -- : new state info recorded
D, [2018-03-31T11:52:39.787359 #31225] DEBUG -- : generating weighed rated selections...
D, [2018-03-31T11:52:39.902375 #31225] DEBUG -- : scoring weighed rated selections...
D, [2018-03-31T11:52:39.902491 #31225] DEBUG -- : Saving scored selections...
D, [2018-03-31T11:52:39.917849 #31225] DEBUG -- : State Score successfully calculated


D, [2018-03-31T11:52:39.917972 #31225] DEBUG -- : Scoring new state: {:rating=>31, :state=>{:unknown=>0, :possibly_lighter=>1, :possibly_heavier=>2, :normal=>5}}
D, [2018-03-31T11:52:39.920608 #31225] DEBUG -- : generating score for new state...
D, [2018-03-31T11:52:39.924149 #31225] DEBUG -- : new state info recorded
D, [2018-03-31T11:52:39.927671 #31225] DEBUG -- : generating weighed rated selections...
D, [2018-03-31T11:52:40.125563 #31225] DEBUG -- : scoring weighed rated selections...
D, [2018-03-31T11:52:40.125679 #31225] DEBUG -- : Saving scored selections...
D, [2018-03-31T11:52:40.132831 #31225] DEBUG -- : State Score successfully calculated


D, [2018-03-31T11:52:40.132933 #31225] DEBUG -- : Scoring new state: {:rating=>34, :state=>{:unknown=>0, :possibly_lighter=>1, :possibly_heavier=>1, :normal=>6}}
D, [2018-03-31T11:52:40.135621 #31225] DEBUG -- : returning fully calculated score...
D, [2018-03-31T11:52:40.135690 #31225] DEBUG -- : State Score successfully calculated


D, [2018-03-31T11:52:40.135728 #31225] DEBUG -- : Scoring new state: {:rating=>31, :state=>{:unknown=>0, :possibly_lighter=>2, :possibly_heavier=>1, :normal=>5}}
D, [2018-03-31T11:52:40.138351 #31225] DEBUG -- : generating score for new state...
D, [2018-03-31T11:52:40.141859 #31225] DEBUG -- : new state info recorded
D, [2018-03-31T11:52:40.145312 #31225] DEBUG -- : generating weighed rated selections...
D, [2018-03-31T11:52:40.345508 #31225] DEBUG -- : scoring weighed rated selections...
D, [2018-03-31T11:52:40.345617 #31225] DEBUG -- : Saving scored selections...
D, [2018-03-31T11:52:40.352761 #31225] DEBUG -- : State Score successfully calculated


D, [2018-03-31T11:52:40.418912 #31225] DEBUG -- : Scoring new state: {:rating=>31, :state=>{:unknown=>0, :possibly_lighter=>1, :possibly_heavier=>2, :normal=>5}}
D, [2018-03-31T11:52:40.421682 #31225] DEBUG -- : generating score for new state...
D, [2018-03-31T11:52:40.425225 #31225] DEBUG -- : new state info recorded
D, [2018-03-31T11:52:40.428644 #31225] DEBUG -- : generating weighed rated selections...
D, [2018-03-31T11:52:40.652937 #31225] DEBUG -- : scoring weighed rated selections...
D, [2018-03-31T11:52:40.653046 #31225] DEBUG -- : Saving scored selections...
D, [2018-03-31T11:52:40.661301 #31225] DEBUG -- : State Score successfully calculated


D, [2018-03-31T11:52:40.661397 #31225] DEBUG -- : Scoring new state: {:rating=>34, :state=>{:unknown=>0, :possibly_lighter=>1, :possibly_heavier=>1, :normal=>6}}
D, [2018-03-31T11:52:40.663937 #31225] DEBUG -- : calculating updated score for older state...
D, [2018-03-31T11:52:40.667450 #31225] DEBUG -- : generating weighed rated selections...
D, [2018-03-31T11:52:40.770694 #31225] DEBUG -- : scoring weighed rated selections...
D, [2018-03-31T11:52:40.770844 #31225] DEBUG -- : Saving scored selections...
D, [2018-03-31T11:52:40.786372 #31225] DEBUG -- : State Score successfully calculated


D, [2018-03-31T11:52:40.786457 #31225] DEBUG -- : Scoring new state: {:rating=>31, :state=>{:unknown=>0, :possibly_lighter=>2, :possibly_heavier=>1, :normal=>5}}
D, [2018-03-31T11:52:40.789025 #31225] DEBUG -- : generating score for new state...
D, [2018-03-31T11:52:40.792592 #31225] DEBUG -- : new state info recorded
D, [2018-03-31T11:52:40.796139 #31225] DEBUG -- : generating weighed rated selections...
D, [2018-03-31T11:52:40.990937 #31225] DEBUG -- : scoring weighed rated selections...
D, [2018-03-31T11:52:40.991064 #31225] DEBUG -- : Saving scored selections...
D, [2018-03-31T11:52:40.998122 #31225] DEBUG -- : State Score successfully calculated


D, [2018-03-31T11:52:41.079574 #31225] DEBUG -- : Scoring new state: {:rating=>31, :state=>{:unknown=>0, :possibly_lighter=>1, :possibly_heavier=>2, :normal=>5}}
D, [2018-03-31T11:52:41.082362 #31225] DEBUG -- : generating score for new state...
D, [2018-03-31T11:52:41.086016 #31225] DEBUG -- : new state info recorded
D, [2018-03-31T11:52:41.089515 #31225] DEBUG -- : generating weighed rated selections...
D, [2018-03-31T11:52:41.300450 #31225] DEBUG -- : scoring weighed rated selections...
D, [2018-03-31T11:52:41.300578 #31225] DEBUG -- : Saving scored selections...
D, [2018-03-31T11:52:41.309424 #31225] DEBUG -- : State Score successfully calculated


D, [2018-03-31T11:52:41.309511 #31225] DEBUG -- : Scoring new state: {:rating=>34, :state=>{:unknown=>0, :possibly_lighter=>1, :possibly_heavier=>1, :normal=>6}}
D, [2018-03-31T11:52:41.312224 #31225] DEBUG -- : calculating updated score for older state...
D, [2018-03-31T11:52:41.316030 #31225] DEBUG -- : generating weighed rated selections...
D, [2018-03-31T11:52:41.421597 #31225] DEBUG -- : scoring weighed rated selections...
D, [2018-03-31T11:52:41.421725 #31225] DEBUG -- : Saving scored selections...
D, [2018-03-31T11:52:41.436834 #31225] DEBUG -- : State Score successfully calculated


D, [2018-03-31T11:52:41.436939 #31225] DEBUG -- : Scoring new state: {:rating=>31, :state=>{:unknown=>0, :possibly_lighter=>2, :possibly_heavier=>1, :normal=>5}}
D, [2018-03-31T11:52:41.439478 #31225] DEBUG -- : generating score for new state...
D, [2018-03-31T11:52:41.442979 #31225] DEBUG -- : new state info recorded
D, [2018-03-31T11:52:41.446460 #31225] DEBUG -- : generating weighed rated selections...
D, [2018-03-31T11:52:41.641788 #31225] DEBUG -- : scoring weighed rated selections...
D, [2018-03-31T11:52:41.641912 #31225] DEBUG -- : Saving scored selections...
D, [2018-03-31T11:52:41.649012 #31225] DEBUG -- : State Score successfully calculated


D, [2018-03-31T11:52:41.649115 #31225] DEBUG -- : Scoring new state: {:rating=>34, :state=>{:unknown=>0, :possibly_lighter=>1, :possibly_heavier=>1, :normal=>6}}
D, [2018-03-31T11:52:41.651752 #31225] DEBUG -- : returning fully calculated score...
D, [2018-03-31T11:52:41.651824 #31225] DEBUG -- : State Score successfully calculated


D, [2018-03-31T11:52:41.717761 #31225] DEBUG -- : Scoring new state: {:rating=>29, :state=>{:unknown=>1, :possibly_lighter=>2, :possibly_heavier=>0, :normal=>5}}
D, [2018-03-31T11:52:41.720563 #31225] DEBUG -- : generating score for new state...
D, [2018-03-31T11:52:41.724152 #31225] DEBUG -- : new state info recorded
D, [2018-03-31T11:52:41.727674 #31225] DEBUG -- : generating weighed rated selections...
D, [2018-03-31T11:52:41.977230 #31225] DEBUG -- : scoring weighed rated selections...
D, [2018-03-31T11:52:41.977357 #31225] DEBUG -- : Scoring new state: {:rating=>32, :state=>{:unknown=>1, :possibly_lighter=>1, :possibly_heavier=>0, :normal=>6}}
D, [2018-03-31T11:52:41.980304 #31225] DEBUG -- : calculating updated score for older state...
D, [2018-03-31T11:52:41.984079 #31225] DEBUG -- : generating weighed rated selections...
D, [2018-03-31T11:52:42.130003 #31225] DEBUG -- : scoring weighed rated selections...
D, [2018-03-31T11:52:42.130118 #31225] DEBUG -- : Saving scored selections...
D, [2018-03-31T11:52:42.138201 #31225] DEBUG -- : State Score successfully calculated


D, [2018-03-31T11:52:42.138290 #31225] DEBUG -- : Scoring new state: {:rating=>37, :state=>{:unknown=>0, :possibly_lighter=>1, :possibly_heavier=>0, :normal=>7}}
D, [2018-03-31T11:52:42.138317 #31225] DEBUG -- : State Score successfully calculated


D, [2018-03-31T11:52:42.138354 #31225] DEBUG -- : Scoring new state: {:rating=>37, :state=>{:unknown=>0, :possibly_lighter=>0, :possibly_heavier=>1, :normal=>7}}
D, [2018-03-31T11:52:42.138375 #31225] DEBUG -- : State Score successfully calculated


D, [2018-03-31T11:52:42.138401 #31225] DEBUG -- : Scoring new state: {:rating=>37, :state=>{:unknown=>0, :possibly_lighter=>1, :possibly_heavier=>0, :normal=>7}}
D, [2018-03-31T11:52:42.138433 #31225] DEBUG -- : State Score successfully calculated


D, [2018-03-31T11:52:42.138458 #31225] DEBUG -- : Scoring new state: {:rating=>34, :state=>{:unknown=>0, :possibly_lighter=>2, :possibly_heavier=>0, :normal=>6}}
D, [2018-03-31T11:52:42.140993 #31225] DEBUG -- : calculating updated score for older state...
D, [2018-03-31T11:52:42.144562 #31225] DEBUG -- : generating weighed rated selections...
D, [2018-03-31T11:52:42.193582 #31225] DEBUG -- : scoring weighed rated selections...
D, [2018-03-31T11:52:42.193698 #31225] DEBUG -- : Saving scored selections...
D, [2018-03-31T11:52:42.203727 #31225] DEBUG -- : State Score successfully calculated


D, [2018-03-31T11:52:42.203824 #31225] DEBUG -- : Scoring new state: {:rating=>32, :state=>{:unknown=>1, :possibly_lighter=>1, :possibly_heavier=>0, :normal=>6}}
D, [2018-03-31T11:52:42.206378 #31225] DEBUG -- : calculating updated score for older state...
D, [2018-03-31T11:52:42.209861 #31225] DEBUG -- : generating weighed rated selections...
D, [2018-03-31T11:52:42.210937 #31225] DEBUG -- : -------> building selection...
D, [2018-03-31T11:52:42.211843 #31225] DEBUG -- : -------> building new state...
D, [2018-03-31T11:52:42.212155 #31225] DEBUG -- : -------> building new state...
D, [2018-03-31T11:52:42.212424 #31225] DEBUG -- : -------> building selection...
D, [2018-03-31T11:52:42.212854 #31225] DEBUG -- : -------> building new state...
D, [2018-03-31T11:52:42.212964 #31225] DEBUG -- : -------> building new state...
D, [2018-03-31T11:52:42.213163 #31225] DEBUG -- : -------> building selection...
D, [2018-03-31T11:52:42.213500 #31225] DEBUG -- : -------> building new state...
D, [2018-03-31T11:52:42.213716 #31225] DEBUG -- : -------> building new state...
D, [2018-03-31T11:52:42.213937 #31225] DEBUG -- : -------> building selection...
D, [2018-03-31T11:52:42.214276 #31225] DEBUG -- : -------> building new state...
D, [2018-03-31T11:52:42.214380 #31225] DEBUG -- : -------> building new state...
D, [2018-03-31T11:52:42.214569 #31225] DEBUG -- : -------> building selection...
D, [2018-03-31T11:52:42.214904 #31225] DEBUG -- : -------> building new state...
D, [2018-03-31T11:52:42.215027 #31225] DEBUG -- : -------> building new state...
D, [2018-03-31T11:52:42.215218 #31225] DEBUG -- : -------> building selection...
D, [2018-03-31T11:52:42.215544 #31225] DEBUG -- : -------> building new state...
D, [2018-03-31T11:52:42.215645 #31225] DEBUG -- : -------> building new state...
D, [2018-03-31T11:52:42.215822 #31225] DEBUG -- : -------> building selection...
D, [2018-03-31T11:52:42.216143 #31225] DEBUG -- : -------> building new state...
D, [2018-03-31T11:52:42.216242 #31225] DEBUG -- : -------> building new state...
D, [2018-03-31T11:52:42.216433 #31225] DEBUG -- : -------> building selection...
D, [2018-03-31T11:52:42.216751 #31225] DEBUG -- : -------> building new state...
D, [2018-03-31T11:52:42.216849 #31225] DEBUG -- : -------> building new state...
D, [2018-03-31T11:52:42.217032 #31225] DEBUG -- : -------> building selection...
D, [2018-03-31T11:52:42.217353 #31225] DEBUG -- : -------> building new state...
D, [2018-03-31T11:52:42.217455 #31225] DEBUG -- : -------> building new state...
D, [2018-03-31T11:52:42.217647 #31225] DEBUG -- : -------> building selection...
D, [2018-03-31T11:52:42.217973 #31225] DEBUG -- : -------> building new state...
D, [2018-03-31T11:52:42.218076 #31225] DEBUG -- : -------> building new state...
D, [2018-03-31T11:52:42.218265 #31225] DEBUG -- : -------> building selection...
D, [2018-03-31T11:52:42.218620 #31225] DEBUG -- : -------> building new state...
D, [2018-03-31T11:52:42.218830 #31225] DEBUG -- : -------> building new state...
D, [2018-03-31T11:52:42.219042 #31225] DEBUG -- : -------> building selection...
D, [2018-03-31T11:52:42.219370 #31225] DEBUG -- : -------> building new state...
D, [2018-03-31T11:52:42.219478 #31225] DEBUG -- : -------> building new state...
D, [2018-03-31T11:52:42.219662 #31225] DEBUG -- : -------> building selection...
D, [2018-03-31T11:52:42.219987 #31225] DEBUG -- : -------> building new state...
D, [2018-03-31T11:52:42.220089 #31225] DEBUG -- : -------> building new state...
D, [2018-03-31T11:52:42.220305 #31225] DEBUG -- : -------> building selection...
D, [2018-03-31T11:52:42.220607 #31225] DEBUG -- : -------> building new state...
D, [2018-03-31T11:52:42.220741 #31225] DEBUG -- : -------> building new state...
D, [2018-03-31T11:52:42.220950 #31225] DEBUG -- : -------> building selection...
D, [2018-03-31T11:52:42.221283 #31225] DEBUG -- : -------> building new state...
D, [2018-03-31T11:52:42.221383 #31225] DEBUG -- : -------> building new state...
D, [2018-03-31T11:52:42.221569 #31225] DEBUG -- : -------> building selection...
D, [2018-03-31T11:52:42.221907 #31225] DEBUG -- : -------> building new state...
D, [2018-03-31T11:52:42.222019 #31225] DEBUG -- : -------> building new state...
D, [2018-03-31T11:52:42.222213 #31225] DEBUG -- : -------> building selection...
D, [2018-03-31T11:52:42.222532 #31225] DEBUG -- : -------> building new state...
D, [2018-03-31T11:52:42.222644 #31225] DEBUG -- : -------> building new state...
D, [2018-03-31T11:52:42.222847 #31225] DEBUG -- : -------> building selection...
D, [2018-03-31T11:52:42.223212 #31225] DEBUG -- : -------> building new state...
D, [2018-03-31T11:52:42.223335 #31225] DEBUG -- : -------> building new state...
D, [2018-03-31T11:52:42.223546 #31225] DEBUG -- : -------> building selection...
D, [2018-03-31T11:52:42.223896 #31225] DEBUG -- : -------> building new state...
D, [2018-03-31T11:52:42.224007 #31225] DEBUG -- : -------> building new state...
D, [2018-03-31T11:52:42.224211 #31225] DEBUG -- : -------> building selection...
D, [2018-03-31T11:52:42.224547 #31225] DEBUG -- : -------> building new state...
D, [2018-03-31T11:52:42.224661 #31225] DEBUG -- : -------> building new state...
D, [2018-03-31T11:52:42.224856 #31225] DEBUG -- : -------> building selection...
D, [2018-03-31T11:52:42.225181 #31225] DEBUG -- : -------> building new state...
D, [2018-03-31T11:52:42.225303 #31225] DEBUG -- : -------> building new state...
D, [2018-03-31T11:52:42.225484 #31225] DEBUG -- : -------> building selection...
D, [2018-03-31T11:52:42.225833 #31225] DEBUG -- : -------> building new state...
D, [2018-03-31T11:52:42.225959 #31225] DEBUG -- : -------> building new state...
D, [2018-03-31T11:52:42.226170 #31225] DEBUG -- : -------> building selection...
D, [2018-03-31T11:52:42.226518 #31225] DEBUG -- : -------> building new state...
D, [2018-03-31T11:52:42.226620 #31225] DEBUG -- : -------> building new state...
D, [2018-03-31T11:52:42.226831 #31225] DEBUG -- : -------> building selection...
D, [2018-03-31T11:52:42.227181 #31225] DEBUG -- : -------> building new state...
D, [2018-03-31T11:52:42.227307 #31225] DEBUG -- : -------> building new state...
D, [2018-03-31T11:52:42.227510 #31225] DEBUG -- : -------> building selection...
D, [2018-03-31T11:52:42.228530 #31225] DEBUG -- : -------> building new state...
D, [2018-03-31T11:52:42.228671 #31225] DEBUG -- : -------> building new state...
D, [2018-03-31T11:52:42.228864 #31225] DEBUG -- : -------> building selection...
D, [2018-03-31T11:52:42.229171 #31225] DEBUG -- : -------> building new state...
D, [2018-03-31T11:52:42.229270 #31225] DEBUG -- : -------> building new state...
D, [2018-03-31T11:52:42.229447 #31225] DEBUG -- : scoring weighed rated selections...
D, [2018-03-31T11:52:42.229488 #31225] DEBUG -- : Saving scored selections...
D, [2018-03-31T11:52:42.236780 #31225] DEBUG -- : State Score successfully calculated


D, [2018-03-31T11:52:42.236849 #31225] DEBUG -- : Scoring new state: {:rating=>37, :state=>{:unknown=>0, :possibly_lighter=>1, :possibly_heavier=>0, :normal=>7}}
D, [2018-03-31T11:52:42.236874 #31225] DEBUG -- : State Score successfully calculated


D, [2018-03-31T11:52:42.236909 #31225] DEBUG -- : Scoring new state: {:rating=>35, :state=>{:unknown=>1, :possibly_lighter=>0, :possibly_heavier=>0, :normal=>7}}
D, [2018-03-31T11:52:42.239613 #31225] DEBUG -- : calculating updated score for older state...
D, [2018-03-31T11:52:42.243168 #31225] DEBUG -- : generating weighed rated selections...
D, [2018-03-31T11:52:42.295451 #31225] DEBUG -- : scoring weighed rated selections...
D, [2018-03-31T11:52:42.295546 #31225] DEBUG -- : Saving scored selections...
D, [2018-03-31T11:52:42.303607 #31225] DEBUG -- : State Score successfully calculated


D, [2018-03-31T11:52:42.303692 #31225] DEBUG -- : Scoring new state: {:rating=>37, :state=>{:unknown=>0, :possibly_lighter=>1, :possibly_heavier=>0, :normal=>7}}
D, [2018-03-31T11:52:42.303718 #31225] DEBUG -- : State Score successfully calculated


D, [2018-03-31T11:52:42.303757 #31225] DEBUG -- : Scoring new state: {:rating=>34, :state=>{:unknown=>0, :possibly_lighter=>1, :possibly_heavier=>1, :normal=>6}}
D, [2018-03-31T11:52:42.306351 #31225] DEBUG -- : calculating updated score for older state...
D, [2018-03-31T11:52:42.309932 #31225] DEBUG -- : generating weighed rated selections...
D, [2018-03-31T11:52:42.435719 #31225] DEBUG -- : scoring weighed rated selections...
D, [2018-03-31T11:52:42.435842 #31225] DEBUG -- : Saving scored selections...
D, [2018-03-31T11:52:42.454451 #31225] DEBUG -- : State Score successfully calculated


D, [2018-03-31T11:52:42.454543 #31225] DEBUG -- : Scoring new state: {:rating=>37, :state=>{:unknown=>0, :possibly_lighter=>1, :possibly_heavier=>0, :normal=>7}}
D, [2018-03-31T11:52:42.454577 #31225] DEBUG -- : State Score successfully calculated


D, [2018-03-31T11:52:42.454613 #31225] DEBUG -- : Scoring new state: {:rating=>37, :state=>{:unknown=>0, :possibly_lighter=>0, :possibly_heavier=>1, :normal=>7}}
D, [2018-03-31T11:52:42.454634 #31225] DEBUG -- : State Score successfully calculated


D, [2018-03-31T11:52:42.454659 #31225] DEBUG -- : Scoring new state: {:rating=>37, :state=>{:unknown=>0, :possibly_lighter=>1, :possibly_heavier=>0, :normal=>7}}
D, [2018-03-31T11:52:42.454678 #31225] DEBUG -- : State Score successfully calculated


D, [2018-03-31T11:52:42.454702 #31225] DEBUG -- : Scoring new state: {:rating=>34, :state=>{:unknown=>0, :possibly_lighter=>2, :possibly_heavier=>0, :normal=>6}}
D, [2018-03-31T11:52:42.457302 #31225] DEBUG -- : returning fully calculated score...
D, [2018-03-31T11:52:42.457368 #31225] DEBUG -- : State Score successfully calculated


D, [2018-03-31T11:52:42.457408 #31225] DEBUG -- : Scoring new state: {:rating=>34, :state=>{:unknown=>0, :possibly_lighter=>1, :possibly_heavier=>1, :normal=>6}}
D, [2018-03-31T11:52:42.459919 #31225] DEBUG -- : returning fully calculated score...
D, [2018-03-31T11:52:42.459989 #31225] DEBUG -- : State Score successfully calculated


D, [2018-03-31T11:52:42.460053 #31225] DEBUG -- : Scoring new state: {:rating=>37, :state=>{:unknown=>0, :possibly_lighter=>1, :possibly_heavier=>0, :normal=>7}}
D, [2018-03-31T11:52:42.460076 #31225] DEBUG -- : State Score successfully calculated


D, [2018-03-31T11:52:42.460110 #31225] DEBUG -- : Scoring new state: {:rating=>32, :state=>{:unknown=>1, :possibly_lighter=>1, :possibly_heavier=>0, :normal=>6}}
D, [2018-03-31T11:52:42.462532 #31225] DEBUG -- : calculating updated score for older state...
D, [2018-03-31T11:52:42.465892 #31225] DEBUG -- : generating weighed rated selections...
D, [2018-03-31T11:52:42.466999 #31225] DEBUG -- : -------> building selection...
D, [2018-03-31T11:52:42.467837 #31225] DEBUG -- : -------> building new state...
D, [2018-03-31T11:52:42.468191 #31225] DEBUG -- : -------> building new state...
D, [2018-03-31T11:52:42.468413 #31225] DEBUG -- : -------> building selection...
D, [2018-03-31T11:52:42.468776 #31225] DEBUG -- : -------> building new state...
D, [2018-03-31T11:52:42.468879 #31225] DEBUG -- : -------> building new state...
D, [2018-03-31T11:52:42.469136 #31225] DEBUG -- : -------> building selection...
D, [2018-03-31T11:52:42.469495 #31225] DEBUG -- : -------> building new state...
D, [2018-03-31T11:52:42.469614 #31225] DEBUG -- : -------> building new state...
D, [2018-03-31T11:52:42.469825 #31225] DEBUG -- : -------> building selection...
D, [2018-03-31T11:52:42.470154 #31225] DEBUG -- : -------> building new state...
D, [2018-03-31T11:52:42.470259 #31225] DEBUG -- : -------> building new state...
D, [2018-03-31T11:52:42.470438 #31225] DEBUG -- : -------> building selection...
D, [2018-03-31T11:52:42.470759 #31225] DEBUG -- : -------> building new state...
D, [2018-03-31T11:52:42.470901 #31225] DEBUG -- : -------> building new state...
D, [2018-03-31T11:52:42.471087 #31225] DEBUG -- : -------> building selection...
D, [2018-03-31T11:52:42.471399 #31225] DEBUG -- : -------> building new state...
D, [2018-03-31T11:52:42.471543 #31225] DEBUG -- : -------> building new state...
D, [2018-03-31T11:52:42.471758 #31225] DEBUG -- : -------> building selection...
D, [2018-03-31T11:52:42.472090 #31225] DEBUG -- : -------> building new state...
D, [2018-03-31T11:52:42.472228 #31225] DEBUG -- : -------> building new state...
D, [2018-03-31T11:52:42.472420 #31225] DEBUG -- : -------> building selection...
D, [2018-03-31T11:52:42.472740 #31225] DEBUG -- : -------> building new state...
D, [2018-03-31T11:52:42.472870 #31225] DEBUG -- : -------> building new state...
D, [2018-03-31T11:52:42.473071 #31225] DEBUG -- : -------> building selection...
D, [2018-03-31T11:52:42.473396 #31225] DEBUG -- : -------> building new state...
D, [2018-03-31T11:52:42.473503 #31225] DEBUG -- : -------> building new state...
D, [2018-03-31T11:52:42.473694 #31225] DEBUG -- : -------> building selection...
D, [2018-03-31T11:52:42.474055 #31225] DEBUG -- : -------> building new state...
D, [2018-03-31T11:52:42.474164 #31225] DEBUG -- : -------> building new state...
D, [2018-03-31T11:52:42.474353 #31225] DEBUG -- : -------> building selection...
D, [2018-03-31T11:52:42.474676 #31225] DEBUG -- : -------> building new state...
D, [2018-03-31T11:52:42.474783 #31225] DEBUG -- : -------> building new state...
D, [2018-03-31T11:52:42.474988 #31225] DEBUG -- : -------> building selection...
D, [2018-03-31T11:52:42.475320 #31225] DEBUG -- : -------> building new state...
D, [2018-03-31T11:52:42.475427 #31225] DEBUG -- : -------> building new state...
D, [2018-03-31T11:52:42.475621 #31225] DEBUG -- : -------> building selection...
D, [2018-03-31T11:52:42.475949 #31225] DEBUG -- : -------> building new state...
D, [2018-03-31T11:52:42.476062 #31225] DEBUG -- : -------> building new state...
D, [2018-03-31T11:52:42.476258 #31225] DEBUG -- : -------> building selection...
D, [2018-03-31T11:52:42.476588 #31225] DEBUG -- : -------> building new state...
D, [2018-03-31T11:52:42.476696 #31225] DEBUG -- : -------> building new state...
D, [2018-03-31T11:52:42.476891 #31225] DEBUG -- : -------> building selection...
D, [2018-03-31T11:52:42.477285 #31225] DEBUG -- : -------> building new state...
D, [2018-03-31T11:52:42.477397 #31225] DEBUG -- : -------> building new state...
D, [2018-03-31T11:52:42.477588 #31225] DEBUG -- : -------> building selection...
D, [2018-03-31T11:52:42.477908 #31225] DEBUG -- : -------> building new state...
D, [2018-03-31T11:52:42.478016 #31225] DEBUG -- : -------> building new state...
D, [2018-03-31T11:52:42.478244 #31225] DEBUG -- : -------> building selection...
D, [2018-03-31T11:52:42.478582 #31225] DEBUG -- : -------> building new state...
D, [2018-03-31T11:52:42.478682 #31225] DEBUG -- : -------> building new state...
D, [2018-03-31T11:52:42.478873 #31225] DEBUG -- : -------> building selection...
D, [2018-03-31T11:52:42.479238 #31225] DEBUG -- : -------> building new state...
D, [2018-03-31T11:52:42.479338 #31225] DEBUG -- : -------> building new state...
D, [2018-03-31T11:52:42.479517 #31225] DEBUG -- : -------> building selection...
D, [2018-03-31T11:52:42.479896 #31225] DEBUG -- : -------> building new state...
D, [2018-03-31T11:52:42.480005 #31225] DEBUG -- : -------> building new state...
D, [2018-03-31T11:52:42.480184 #31225] DEBUG -- : -------> building selection...
D, [2018-03-31T11:52:42.480522 #31225] DEBUG -- : -------> building new state...
D, [2018-03-31T11:52:42.480623 #31225] DEBUG -- : -------> building new state...
D, [2018-03-31T11:52:42.480884 #31225] DEBUG -- : -------> building selection...
D, [2018-03-31T11:52:42.481199 #31225] DEBUG -- : -------> building new state...
D, [2018-03-31T11:52:42.481299 #31225] DEBUG -- : -------> building new state...
D, [2018-03-31T11:52:42.481480 #31225] DEBUG -- : -------> building selection...
D, [2018-03-31T11:52:42.481859 #31225] DEBUG -- : -------> building new state...
D, [2018-03-31T11:52:42.481961 #31225] DEBUG -- : -------> building new state...
D, [2018-03-31T11:52:42.482141 #31225] DEBUG -- : -------> building selection...
D, [2018-03-31T11:52:42.482469 #31225] DEBUG -- : -------> building new state...
D, [2018-03-31T11:52:42.482567 #31225] DEBUG -- : -------> building new state...
D, [2018-03-31T11:52:42.482747 #31225] DEBUG -- : -------> building selection...
D, [2018-03-31T11:52:42.483142 #31225] DEBUG -- : -------> building new state...
D, [2018-03-31T11:52:42.483248 #31225] DEBUG -- : -------> building new state...
D, [2018-03-31T11:52:42.483427 #31225] DEBUG -- : -------> building selection...
D, [2018-03-31T11:52:42.483744 #31225] DEBUG -- : -------> building new state...
D, [2018-03-31T11:52:42.484082 #31225] DEBUG -- : -------> building new state...
D, [2018-03-31T11:52:42.484305 #31225] DEBUG -- : -------> building selection...
D, [2018-03-31T11:52:42.484631 #31225] DEBUG -- : -------> building new state...
D, [2018-03-31T11:52:42.484733 #31225] DEBUG -- : -------> building new state...
D, [2018-03-31T11:52:42.484914 #31225] DEBUG -- : scoring weighed rated selections...
D, [2018-03-31T11:52:42.485023 #31225] DEBUG -- : Saving scored selections...
D, [2018-03-31T11:52:42.496099 #31225] DEBUG -- : State Score successfully calculated


D, [2018-03-31T11:52:42.496171 #31225] DEBUG -- : Scoring new state: {:rating=>37, :state=>{:unknown=>0, :possibly_lighter=>1, :possibly_heavier=>0, :normal=>7}}
D, [2018-03-31T11:52:42.496196 #31225] DEBUG -- : State Score successfully calculated


D, [2018-03-31T11:52:42.496233 #31225] DEBUG -- : Scoring new state: {:rating=>37, :state=>{:unknown=>0, :possibly_lighter=>0, :possibly_heavier=>1, :normal=>7}}
D, [2018-03-31T11:52:42.496254 #31225] DEBUG -- : State Score successfully calculated


D, [2018-03-31T11:52:42.496279 #31225] DEBUG -- : Scoring new state: {:rating=>37, :state=>{:unknown=>0, :possibly_lighter=>1, :possibly_heavier=>0, :normal=>7}}
D, [2018-03-31T11:52:42.496298 #31225] DEBUG -- : State Score successfully calculated


D, [2018-03-31T11:52:42.496323 #31225] DEBUG -- : Scoring new state: {:rating=>34, :state=>{:unknown=>0, :possibly_lighter=>2, :possibly_heavier=>0, :normal=>6}}
D, [2018-03-31T11:52:42.499113 #31225] DEBUG -- : returning fully calculated score...
D, [2018-03-31T11:52:42.499168 #31225] DEBUG -- : State Score successfully calculated


D, [2018-03-31T11:52:42.499209 #31225] DEBUG -- : Scoring new state: {:rating=>35, :state=>{:unknown=>1, :possibly_lighter=>0, :possibly_heavier=>0, :normal=>7}}
D, [2018-03-31T11:52:42.501809 #31225] DEBUG -- : returning fully calculated score...
D, [2018-03-31T11:52:42.501875 #31225] DEBUG -- : State Score successfully calculated


D, [2018-03-31T11:52:42.501911 #31225] DEBUG -- : Scoring new state: {:rating=>34, :state=>{:unknown=>0, :possibly_lighter=>2, :possibly_heavier=>0, :normal=>6}}
D, [2018-03-31T11:52:42.504415 #31225] DEBUG -- : returning fully calculated score...
D, [2018-03-31T11:52:42.504477 #31225] DEBUG -- : State Score successfully calculated


D, [2018-03-31T11:52:42.504521 #31225] DEBUG -- : Scoring new state: {:rating=>37, :state=>{:unknown=>0, :possibly_lighter=>0, :possibly_heavier=>1, :normal=>7}}
D, [2018-03-31T11:52:42.504544 #31225] DEBUG -- : State Score successfully calculated


D, [2018-03-31T11:52:42.504571 #31225] DEBUG -- : Scoring new state: {:rating=>34, :state=>{:unknown=>0, :possibly_lighter=>2, :possibly_heavier=>0, :normal=>6}}
D, [2018-03-31T11:52:42.507119 #31225] DEBUG -- : returning fully calculated score...
D, [2018-03-31T11:52:42.507179 #31225] DEBUG -- : State Score successfully calculated


D, [2018-03-31T11:52:42.507214 #31225] DEBUG -- : Scoring new state: {:rating=>37, :state=>{:unknown=>0, :possibly_lighter=>1, :possibly_heavier=>0, :normal=>7}}
D, [2018-03-31T11:52:42.507235 #31225] DEBUG -- : State Score successfully calculated


D, [2018-03-31T11:52:42.507268 #31225] DEBUG -- : Scoring new state: {:rating=>32, :state=>{:unknown=>1, :possibly_lighter=>1, :possibly_heavier=>0, :normal=>6}}
D, [2018-03-31T11:52:42.509723 #31225] DEBUG -- : calculating updated score for older state...
D, [2018-03-31T11:52:42.514859 #31225] DEBUG -- : generating weighed rated selections...
D, [2018-03-31T11:52:42.515994 #31225] DEBUG -- : -------> building selection...
D, [2018-03-31T11:52:42.516824 #31225] DEBUG -- : -------> building new state...
D, [2018-03-31T11:52:42.517104 #31225] DEBUG -- : -------> building new state...
D, [2018-03-31T11:52:42.517429 #31225] DEBUG -- : -------> building selection...
D, [2018-03-31T11:52:42.517876 #31225] DEBUG -- : -------> building new state...
D, [2018-03-31T11:52:42.517987 #31225] DEBUG -- : -------> building new state...
D, [2018-03-31T11:52:42.518178 #31225] DEBUG -- : -------> building selection...
D, [2018-03-31T11:52:42.518535 #31225] DEBUG -- : -------> building new state...
D, [2018-03-31T11:52:42.518638 #31225] DEBUG -- : -------> building new state...
D, [2018-03-31T11:52:42.518834 #31225] DEBUG -- : -------> building selection...
D, [2018-03-31T11:52:42.519151 #31225] DEBUG -- : -------> building new state...
D, [2018-03-31T11:52:42.519251 #31225] DEBUG -- : -------> building new state...
D, [2018-03-31T11:52:42.519478 #31225] DEBUG -- : -------> building selection...
D, [2018-03-31T11:52:42.519790 #31225] DEBUG -- : -------> building new state...
D, [2018-03-31T11:52:42.519890 #31225] DEBUG -- : -------> building new state...
D, [2018-03-31T11:52:42.520099 #31225] DEBUG -- : -------> building selection...
D, [2018-03-31T11:52:42.520429 #31225] DEBUG -- : -------> building new state...
D, [2018-03-31T11:52:42.520554 #31225] DEBUG -- : -------> building new state...
D, [2018-03-31T11:52:42.520739 #31225] DEBUG -- : -------> building selection...
D, [2018-03-31T11:52:42.521062 #31225] DEBUG -- : -------> building new state...
D, [2018-03-31T11:52:42.521160 #31225] DEBUG -- : -------> building new state...
D, [2018-03-31T11:52:42.521370 #31225] DEBUG -- : -------> building selection...
D, [2018-03-31T11:52:42.521794 #31225] DEBUG -- : -------> building new state...
D, [2018-03-31T11:52:42.521913 #31225] DEBUG -- : -------> building new state...
D, [2018-03-31T11:52:42.522094 #31225] DEBUG -- : -------> building selection...
D, [2018-03-31T11:52:42.522407 #31225] DEBUG -- : -------> building new state...
D, [2018-03-31T11:52:42.522536 #31225] DEBUG -- : -------> building new state...
D, [2018-03-31T11:52:42.522733 #31225] DEBUG -- : -------> building selection...
D, [2018-03-31T11:52:42.523056 #31225] DEBUG -- : -------> building new state...
D, [2018-03-31T11:52:42.523155 #31225] DEBUG -- : -------> building new state...
D, [2018-03-31T11:52:42.523356 #31225] DEBUG -- : -------> building selection...
D, [2018-03-31T11:52:42.523727 #31225] DEBUG -- : -------> building new state...
D, [2018-03-31T11:52:42.523827 #31225] DEBUG -- : -------> building new state...
D, [2018-03-31T11:52:42.524006 #31225] DEBUG -- : -------> building selection...
D, [2018-03-31T11:52:42.524329 #31225] DEBUG -- : -------> building new state...
D, [2018-03-31T11:52:42.524427 #31225] DEBUG -- : -------> building new state...
D, [2018-03-31T11:52:42.524605 #31225] DEBUG -- : -------> building selection...
D, [2018-03-31T11:52:42.525038 #31225] DEBUG -- : -------> building new state...
D, [2018-03-31T11:52:42.525156 #31225] DEBUG -- : -------> building new state...
D, [2018-03-31T11:52:42.525335 #31225] DEBUG -- : -------> building selection...
D, [2018-03-31T11:52:42.525648 #31225] DEBUG -- : -------> building new state...
D, [2018-03-31T11:52:42.525845 #31225] DEBUG -- : -------> building new state...
D, [2018-03-31T11:52:42.526066 #31225] DEBUG -- : -------> building selection...
D, [2018-03-31T11:52:42.526416 #31225] DEBUG -- : -------> building new state...
D, [2018-03-31T11:52:42.526515 #31225] DEBUG -- : -------> building new state...
D, [2018-03-31T11:52:42.526694 #31225] DEBUG -- : -------> building selection...
D, [2018-03-31T11:52:42.527033 #31225] DEBUG -- : -------> building new state...
D, [2018-03-31T11:52:42.527133 #31225] DEBUG -- : -------> building new state...
D, [2018-03-31T11:52:42.527343 #31225] DEBUG -- : -------> building selection...
D, [2018-03-31T11:52:42.527672 #31225] DEBUG -- : -------> building new state...
D, [2018-03-31T11:52:42.527771 #31225] DEBUG -- : -------> building new state...
D, [2018-03-31T11:52:42.527951 #31225] DEBUG -- : -------> building selection...
D, [2018-03-31T11:52:42.528304 #31225] DEBUG -- : -------> building new state...
D, [2018-03-31T11:52:42.528452 #31225] DEBUG -- : -------> building new state...
D, [2018-03-31T11:52:42.528634 #31225] DEBUG -- : -------> building selection...
D, [2018-03-31T11:52:42.528976 #31225] DEBUG -- : -------> building new state...
D, [2018-03-31T11:52:42.529077 #31225] DEBUG -- : -------> building new state...
D, [2018-03-31T11:52:42.529255 #31225] DEBUG -- : -------> building selection...
D, [2018-03-31T11:52:42.529587 #31225] DEBUG -- : -------> building new state...
D, [2018-03-31T11:52:42.529702 #31225] DEBUG -- : -------> building new state...
D, [2018-03-31T11:52:42.529881 #31225] DEBUG -- : -------> building selection...
D, [2018-03-31T11:52:42.530191 #31225] DEBUG -- : -------> building new state...
D, [2018-03-31T11:52:42.530299 #31225] DEBUG -- : -------> building new state...
D, [2018-03-31T11:52:42.530509 #31225] DEBUG -- : -------> building selection...
D, [2018-03-31T11:52:42.530882 #31225] DEBUG -- : -------> building new state...
D, [2018-03-31T11:52:42.530990 #31225] DEBUG -- : -------> building new state...
D, [2018-03-31T11:52:42.531201 #31225] DEBUG -- : -------> building selection...
D, [2018-03-31T11:52:42.531514 #31225] DEBUG -- : -------> building new state...
D, [2018-03-31T11:52:42.531611 #31225] DEBUG -- : -------> building new state...
D, [2018-03-31T11:52:42.531789 #31225] DEBUG -- : -------> building selection...
D, [2018-03-31T11:52:42.532170 #31225] DEBUG -- : -------> building new state...
D, [2018-03-31T11:52:42.532276 #31225] DEBUG -- : -------> building new state...
D, [2018-03-31T11:52:42.532457 #31225] DEBUG -- : -------> building selection...
D, [2018-03-31T11:52:42.532795 #31225] DEBUG -- : -------> building new state...
D, [2018-03-31T11:52:42.532893 #31225] DEBUG -- : -------> building new state...
D, [2018-03-31T11:52:42.533071 #31225] DEBUG -- : -------> building selection...
D, [2018-03-31T11:52:42.533413 #31225] DEBUG -- : -------> building new state...
D, [2018-03-31T11:52:42.533517 #31225] DEBUG -- : -------> building new state...
D, [2018-03-31T11:52:42.533698 #31225] DEBUG -- : scoring weighed rated selections...
D, [2018-03-31T11:52:42.533741 #31225] DEBUG -- : Saving scored selections...
D, [2018-03-31T11:52:42.540399 #31225] DEBUG -- : State Score successfully calculated


D, [2018-03-31T11:52:42.540474 #31225] DEBUG -- : Scoring new state: {:rating=>37, :state=>{:unknown=>0, :possibly_lighter=>1, :possibly_heavier=>0, :normal=>7}}
D, [2018-03-31T11:52:42.540500 #31225] DEBUG -- : State Score successfully calculated


D, [2018-03-31T11:52:42.540535 #31225] DEBUG -- : Scoring new state: {:rating=>35, :state=>{:unknown=>1, :possibly_lighter=>0, :possibly_heavier=>0, :normal=>7}}
D, [2018-03-31T11:52:42.544207 #31225] DEBUG -- : returning fully calculated score...
D, [2018-03-31T11:52:42.544282 #31225] DEBUG -- : State Score successfully calculated


D, [2018-03-31T11:52:42.544321 #31225] DEBUG -- : Scoring new state: {:rating=>37, :state=>{:unknown=>0, :possibly_lighter=>1, :possibly_heavier=>0, :normal=>7}}
D, [2018-03-31T11:52:42.544346 #31225] DEBUG -- : State Score successfully calculated


D, [2018-03-31T11:52:42.544381 #31225] DEBUG -- : Scoring new state: {:rating=>34, :state=>{:unknown=>0, :possibly_lighter=>1, :possibly_heavier=>1, :normal=>6}}
D, [2018-03-31T11:52:42.547048 #31225] DEBUG -- : returning fully calculated score...
D, [2018-03-31T11:52:42.547111 #31225] DEBUG -- : State Score successfully calculated


D, [2018-03-31T11:52:42.547148 #31225] DEBUG -- : Scoring new state: {:rating=>37, :state=>{:unknown=>0, :possibly_lighter=>1, :possibly_heavier=>0, :normal=>7}}
D, [2018-03-31T11:52:42.547172 #31225] DEBUG -- : State Score successfully calculated


D, [2018-03-31T11:52:42.547259 #31225] DEBUG -- : Scoring new state: {:rating=>34, :state=>{:unknown=>0, :possibly_lighter=>1, :possibly_heavier=>1, :normal=>6}}
D, [2018-03-31T11:52:42.549799 #31225] DEBUG -- : returning fully calculated score...
D, [2018-03-31T11:52:42.549861 #31225] DEBUG -- : State Score successfully calculated


D, [2018-03-31T11:52:42.549896 #31225] DEBUG -- : Scoring new state: {:rating=>34, :state=>{:unknown=>0, :possibly_lighter=>2, :possibly_heavier=>0, :normal=>6}}
D, [2018-03-31T11:52:42.552412 #31225] DEBUG -- : returning fully calculated score...
D, [2018-03-31T11:52:42.552475 #31225] DEBUG -- : State Score successfully calculated


D, [2018-03-31T11:52:42.552517 #31225] DEBUG -- : Scoring new state: {:rating=>37, :state=>{:unknown=>0, :possibly_lighter=>0, :possibly_heavier=>1, :normal=>7}}
D, [2018-03-31T11:52:42.552538 #31225] DEBUG -- : State Score successfully calculated


D, [2018-03-31T11:52:42.552563 #31225] DEBUG -- : Scoring new state: {:rating=>37, :state=>{:unknown=>0, :possibly_lighter=>1, :possibly_heavier=>0, :normal=>7}}
D, [2018-03-31T11:52:42.552581 #31225] DEBUG -- : State Score successfully calculated


D, [2018-03-31T11:52:42.552647 #31225] DEBUG -- : Scoring new state: {:rating=>34, :state=>{:unknown=>0, :possibly_lighter=>2, :possibly_heavier=>0, :normal=>6}}
D, [2018-03-31T11:52:42.555136 #31225] DEBUG -- : returning fully calculated score...
D, [2018-03-31T11:52:42.555194 #31225] DEBUG -- : State Score successfully calculated


D, [2018-03-31T11:52:42.555237 #31225] DEBUG -- : Scoring new state: {:rating=>34, :state=>{:unknown=>0, :possibly_lighter=>1, :possibly_heavier=>1, :normal=>6}}
D, [2018-03-31T11:52:42.557759 #31225] DEBUG -- : returning fully calculated score...
D, [2018-03-31T11:52:42.557827 #31225] DEBUG -- : State Score successfully calculated


D, [2018-03-31T11:52:42.557870 #31225] DEBUG -- : Scoring new state: {:rating=>37, :state=>{:unknown=>0, :possibly_lighter=>1, :possibly_heavier=>0, :normal=>7}}
D, [2018-03-31T11:52:42.557893 #31225] DEBUG -- : State Score successfully calculated


D, [2018-03-31T11:52:42.557929 #31225] DEBUG -- : Scoring new state: {:rating=>31, :state=>{:unknown=>0, :possibly_lighter=>2, :possibly_heavier=>1, :normal=>5}}
D, [2018-03-31T11:52:42.560386 #31225] DEBUG -- : calculating updated score for older state...
D, [2018-03-31T11:52:42.563811 #31225] DEBUG -- : generating weighed rated selections...
D, [2018-03-31T11:52:42.773789 #31225] DEBUG -- : scoring weighed rated selections...
D, [2018-03-31T11:52:42.773904 #31225] DEBUG -- : Saving scored selections...
D, [2018-03-31T11:52:42.782734 #31225] DEBUG -- : State Score successfully calculated


D, [2018-03-31T11:52:42.782830 #31225] DEBUG -- : Scoring new state: {:rating=>37, :state=>{:unknown=>0, :possibly_lighter=>1, :possibly_heavier=>0, :normal=>7}}
D, [2018-03-31T11:52:42.782857 #31225] DEBUG -- : State Score successfully calculated


D, [2018-03-31T11:52:42.782893 #31225] DEBUG -- : Scoring new state: {:rating=>35, :state=>{:unknown=>1, :possibly_lighter=>0, :possibly_heavier=>0, :normal=>7}}
D, [2018-03-31T11:52:42.785527 #31225] DEBUG -- : returning fully calculated score...
D, [2018-03-31T11:52:42.785594 #31225] DEBUG -- : State Score successfully calculated


D, [2018-03-31T11:52:42.785627 #31225] DEBUG -- : Scoring new state: {:rating=>34, :state=>{:unknown=>0, :possibly_lighter=>2, :possibly_heavier=>0, :normal=>6}}
D, [2018-03-31T11:52:42.788206 #31225] DEBUG -- : returning fully calculated score...
D, [2018-03-31T11:52:42.788275 #31225] DEBUG -- : State Score successfully calculated


D, [2018-03-31T11:52:42.788319 #31225] DEBUG -- : Scoring new state: {:rating=>31, :state=>{:unknown=>0, :possibly_lighter=>2, :possibly_heavier=>1, :normal=>5}}
D, [2018-03-31T11:52:42.790834 #31225] DEBUG -- : calculating updated score for older state...
D, [2018-03-31T11:52:42.794399 #31225] DEBUG -- : generating weighed rated selections...
D, [2018-03-31T11:52:42.795532 #31225] DEBUG -- : -------> building selection...
D, [2018-03-31T11:52:42.796495 #31225] DEBUG -- : -------> building new state...
D, [2018-03-31T11:52:42.796739 #31225] DEBUG -- : -------> building new state...
D, [2018-03-31T11:52:42.796995 #31225] DEBUG -- : -------> building selection...
D, [2018-03-31T11:52:42.797331 #31225] DEBUG -- : -------> building new state...
D, [2018-03-31T11:52:42.797440 #31225] DEBUG -- : -------> building new state...
D, [2018-03-31T11:52:42.797633 #31225] DEBUG -- : -------> building selection...
D, [2018-03-31T11:52:42.798001 #31225] DEBUG -- : -------> building new state...
D, [2018-03-31T11:52:42.798105 #31225] DEBUG -- : -------> building new state...
D, [2018-03-31T11:52:42.798297 #31225] DEBUG -- : -------> building selection...
D, [2018-03-31T11:52:42.798620 #31225] DEBUG -- : -------> building new state...
D, [2018-03-31T11:52:42.798721 #31225] DEBUG -- : -------> building new state...
D, [2018-03-31T11:52:42.798935 #31225] DEBUG -- : -------> building selection...
D, [2018-03-31T11:52:42.799303 #31225] DEBUG -- : -------> building new state...
D, [2018-03-31T11:52:42.799406 #31225] DEBUG -- : -------> building new state...
D, [2018-03-31T11:52:42.799594 #31225] DEBUG -- : -------> building selection...
D, [2018-03-31T11:52:42.800103 #31225] DEBUG -- : -------> building new state...
D, [2018-03-31T11:52:42.800205 #31225] DEBUG -- : -------> building new state...
D, [2018-03-31T11:52:42.800459 #31225] DEBUG -- : -------> building selection...
D, [2018-03-31T11:52:42.800793 #31225] DEBUG -- : -------> building new state...
D, [2018-03-31T11:52:42.800896 #31225] DEBUG -- : -------> building new state...
D, [2018-03-31T11:52:42.801083 #31225] DEBUG -- : -------> building selection...
D, [2018-03-31T11:52:42.801488 #31225] DEBUG -- : -------> building new state...
D, [2018-03-31T11:52:42.801596 #31225] DEBUG -- : -------> building new state...
D, [2018-03-31T11:52:42.801782 #31225] DEBUG -- : -------> building selection...
D, [2018-03-31T11:52:42.802098 #31225] DEBUG -- : -------> building new state...
D, [2018-03-31T11:52:42.802212 #31225] DEBUG -- : -------> building new state...
D, [2018-03-31T11:52:42.802397 #31225] DEBUG -- : -------> building selection...
D, [2018-03-31T11:52:42.804504 #31225] DEBUG -- : -------> building new state...
D, [2018-03-31T11:52:42.804678 #31225] DEBUG -- : -------> building new state...
D, [2018-03-31T11:52:42.804914 #31225] DEBUG -- : -------> building selection...
D, [2018-03-31T11:52:42.805247 #31225] DEBUG -- : -------> building new state...
D, [2018-03-31T11:52:42.805379 #31225] DEBUG -- : -------> building new state...
D, [2018-03-31T11:52:42.805578 #31225] DEBUG -- : -------> building selection...
D, [2018-03-31T11:52:42.805908 #31225] DEBUG -- : -------> building new state...
D, [2018-03-31T11:52:42.806008 #31225] DEBUG -- : -------> building new state...
D, [2018-03-31T11:52:42.806271 #31225] DEBUG -- : -------> building selection...
D, [2018-03-31T11:52:42.806607 #31225] DEBUG -- : -------> building new state...
D, [2018-03-31T11:52:42.806708 #31225] DEBUG -- : -------> building new state...
D, [2018-03-31T11:52:42.806913 #31225] DEBUG -- : -------> building selection...
D, [2018-03-31T11:52:42.807242 #31225] DEBUG -- : -------> building new state...
D, [2018-03-31T11:52:42.807346 #31225] DEBUG -- : -------> building new state...
D, [2018-03-31T11:52:42.807558 #31225] DEBUG -- : -------> building selection...
D, [2018-03-31T11:52:42.807880 #31225] DEBUG -- : -------> building new state...
D, [2018-03-31T11:52:42.807985 #31225] DEBUG -- : -------> building new state...
D, [2018-03-31T11:52:42.808175 #31225] DEBUG -- : -------> building selection...
D, [2018-03-31T11:52:42.808500 #31225] DEBUG -- : -------> building new state...
D, [2018-03-31T11:52:42.808628 #31225] DEBUG -- : -------> building new state...
D, [2018-03-31T11:52:42.808825 #31225] DEBUG -- : -------> building selection...
D, [2018-03-31T11:52:42.809153 #31225] DEBUG -- : -------> building new state...
D, [2018-03-31T11:52:42.809252 #31225] DEBUG -- : -------> building new state...
D, [2018-03-31T11:52:42.809437 #31225] DEBUG -- : -------> building selection...
D, [2018-03-31T11:52:42.809803 #31225] DEBUG -- : -------> building new state...
D, [2018-03-31T11:52:42.809903 #31225] DEBUG -- : -------> building new state...
D, [2018-03-31T11:52:42.810089 #31225] DEBUG -- : -------> building selection...
D, [2018-03-31T11:52:42.810418 #31225] DEBUG -- : -------> building new state...
D, [2018-03-31T11:52:42.810519 #31225] DEBUG -- : -------> building new state...
D, [2018-03-31T11:52:42.810734 #31225] DEBUG -- : -------> building selection...
D, [2018-03-31T11:52:42.811086 #31225] DEBUG -- : -------> building new state...
D, [2018-03-31T11:52:42.811191 #31225] DEBUG -- : -------> building new state...
D, [2018-03-31T11:52:42.811376 #31225] DEBUG -- : -------> building selection...
D, [2018-03-31T11:52:42.811722 #31225] DEBUG -- : -------> building new state...
D, [2018-03-31T11:52:42.811825 #31225] DEBUG -- : -------> building new state...
D, [2018-03-31T11:52:42.812010 #31225] DEBUG -- : -------> building selection...
D, [2018-03-31T11:52:42.812326 #31225] DEBUG -- : -------> building new state...
D, [2018-03-31T11:52:42.812489 #31225] DEBUG -- : -------> building new state...
D, [2018-03-31T11:52:42.812736 #31225] DEBUG -- : -------> building selection...
D, [2018-03-31T11:52:42.813177 #31225] DEBUG -- : -------> building new state...
D, [2018-03-31T11:52:42.813284 #31225] DEBUG -- : -------> building new state...
D, [2018-03-31T11:52:42.813493 #31225] DEBUG -- : -------> building selection...
D, [2018-03-31T11:52:42.813821 #31225] DEBUG -- : -------> building new state...
D, [2018-03-31T11:52:42.813937 #31225] DEBUG -- : -------> building new state...
D, [2018-03-31T11:52:42.814128 #31225] DEBUG -- : -------> building selection...
D, [2018-03-31T11:52:42.814483 #31225] DEBUG -- : -------> building new state...
D, [2018-03-31T11:52:42.814585 #31225] DEBUG -- : -------> building new state...
D, [2018-03-31T11:52:42.814770 #31225] DEBUG -- : -------> building selection...
D, [2018-03-31T11:52:42.815104 #31225] DEBUG -- : -------> building new state...
D, [2018-03-31T11:52:42.815205 #31225] DEBUG -- : -------> building new state...
D, [2018-03-31T11:52:42.815390 #31225] DEBUG -- : -------> building selection...
D, [2018-03-31T11:52:42.815743 #31225] DEBUG -- : -------> building new state...
D, [2018-03-31T11:52:42.815842 #31225] DEBUG -- : -------> building new state...
D, [2018-03-31T11:52:42.816028 #31225] DEBUG -- : -------> building selection...
D, [2018-03-31T11:52:42.816351 #31225] DEBUG -- : -------> building new state...
D, [2018-03-31T11:52:42.816451 #31225] DEBUG -- : -------> building new state...
D, [2018-03-31T11:52:42.816637 #31225] DEBUG -- : -------> building selection...
D, [2018-03-31T11:52:42.816987 #31225] DEBUG -- : -------> building new state...
D, [2018-03-31T11:52:42.817087 #31225] DEBUG -- : -------> building new state...
D, [2018-03-31T11:52:42.817272 #31225] DEBUG -- : -------> building selection...
D, [2018-03-31T11:52:42.817616 #31225] DEBUG -- : -------> building new state...
D, [2018-03-31T11:52:42.817737 #31225] DEBUG -- : -------> building new state...
D, [2018-03-31T11:52:42.817926 #31225] DEBUG -- : -------> building selection...
D, [2018-03-31T11:52:42.818247 #31225] DEBUG -- : -------> building new state...
D, [2018-03-31T11:52:42.818347 #31225] DEBUG -- : -------> building new state...
D, [2018-03-31T11:52:42.818554 #31225] DEBUG -- : -------> building selection...
D, [2018-03-31T11:52:42.818919 #31225] DEBUG -- : -------> building new state...
D, [2018-03-31T11:52:42.819027 #31225] DEBUG -- : -------> building new state...
D, [2018-03-31T11:52:42.819215 #31225] DEBUG -- : -------> building selection...
D, [2018-03-31T11:52:42.819539 #31225] DEBUG -- : -------> building new state...
D, [2018-03-31T11:52:42.819685 #31225] DEBUG -- : -------> building new state...
D, [2018-03-31T11:52:42.819883 #31225] DEBUG -- : -------> building selection...
D, [2018-03-31T11:52:42.820206 #31225] DEBUG -- : -------> building new state...
D, [2018-03-31T11:52:42.820304 #31225] DEBUG -- : -------> building new state...
D, [2018-03-31T11:52:42.820542 #31225] DEBUG -- : -------> building selection...
D, [2018-03-31T11:52:42.820863 #31225] DEBUG -- : -------> building new state...
D, [2018-03-31T11:52:42.820962 #31225] DEBUG -- : -------> building new state...
D, [2018-03-31T11:52:42.821148 #31225] DEBUG -- : -------> building selection...
D, [2018-03-31T11:52:42.821518 #31225] DEBUG -- : -------> building new state...
D, [2018-03-31T11:52:42.821621 #31225] DEBUG -- : -------> building new state...
D, [2018-03-31T11:52:42.821804 #31225] DEBUG -- : -------> building selection...
D, [2018-03-31T11:52:42.822181 #31225] DEBUG -- : -------> building new state...
D, [2018-03-31T11:52:42.822283 #31225] DEBUG -- : -------> building new state...
D, [2018-03-31T11:52:42.822468 #31225] DEBUG -- : -------> building selection...
D, [2018-03-31T11:52:42.822822 #31225] DEBUG -- : -------> building new state...
D, [2018-03-31T11:52:42.822928 #31225] DEBUG -- : -------> building new state...
D, [2018-03-31T11:52:42.823163 #31225] DEBUG -- : -------> building selection...
D, [2018-03-31T11:52:42.823488 #31225] DEBUG -- : -------> building new state...
D, [2018-03-31T11:52:42.823589 #31225] DEBUG -- : -------> building new state...
D, [2018-03-31T11:52:42.823785 #31225] DEBUG -- : scoring weighed rated selections...
D, [2018-03-31T11:52:42.823868 #31225] DEBUG -- : Saving scored selections...
D, [2018-03-31T11:52:42.834633 #31225] DEBUG -- : State Score successfully calculated


D, [2018-03-31T11:52:42.834701 #31225] DEBUG -- : Scoring new state: {:rating=>37, :state=>{:unknown=>0, :possibly_lighter=>1, :possibly_heavier=>0, :normal=>7}}
D, [2018-03-31T11:52:42.834727 #31225] DEBUG -- : State Score successfully calculated


D, [2018-03-31T11:52:42.834762 #31225] DEBUG -- : Scoring new state: {:rating=>37, :state=>{:unknown=>0, :possibly_lighter=>0, :possibly_heavier=>1, :normal=>7}}
D, [2018-03-31T11:52:42.834782 #31225] DEBUG -- : State Score successfully calculated


D, [2018-03-31T11:52:42.834819 #31225] DEBUG -- : Scoring new state: {:rating=>34, :state=>{:unknown=>0, :possibly_lighter=>2, :possibly_heavier=>0, :normal=>6}}
D, [2018-03-31T11:52:42.837553 #31225] DEBUG -- : returning fully calculated score...
D, [2018-03-31T11:52:42.837611 #31225] DEBUG -- : State Score successfully calculated


D, [2018-03-31T11:52:42.837645 #31225] DEBUG -- : Scoring new state: {:rating=>37, :state=>{:unknown=>0, :possibly_lighter=>1, :possibly_heavier=>0, :normal=>7}}
D, [2018-03-31T11:52:42.837667 #31225] DEBUG -- : State Score successfully calculated


D, [2018-03-31T11:52:42.837701 #31225] DEBUG -- : Scoring new state: {:rating=>34, :state=>{:unknown=>0, :possibly_lighter=>1, :possibly_heavier=>1, :normal=>6}}
D, [2018-03-31T11:52:42.840503 #31225] DEBUG -- : returning fully calculated score...
D, [2018-03-31T11:52:42.840575 #31225] DEBUG -- : State Score successfully calculated


D, [2018-03-31T11:52:42.840614 #31225] DEBUG -- : Scoring new state: {:rating=>34, :state=>{:unknown=>0, :possibly_lighter=>2, :possibly_heavier=>0, :normal=>6}}
D, [2018-03-31T11:52:42.843218 #31225] DEBUG -- : returning fully calculated score...
D, [2018-03-31T11:52:42.843285 #31225] DEBUG -- : State Score successfully calculated


D, [2018-03-31T11:52:42.843330 #31225] DEBUG -- : Scoring new state: {:rating=>32, :state=>{:unknown=>1, :possibly_lighter=>1, :possibly_heavier=>0, :normal=>6}}
D, [2018-03-31T11:52:42.845764 #31225] DEBUG -- : calculating updated score for older state...
D, [2018-03-31T11:52:42.849186 #31225] DEBUG -- : generating weighed rated selections...
D, [2018-03-31T11:52:42.850261 #31225] DEBUG -- : -------> building selection...
D, [2018-03-31T11:52:42.851218 #31225] DEBUG -- : -------> building new state...
D, [2018-03-31T11:52:42.851583 #31225] DEBUG -- : -------> building new state...
D, [2018-03-31T11:52:42.851838 #31225] DEBUG -- : -------> building selection...
D, [2018-03-31T11:52:42.852189 #31225] DEBUG -- : -------> building new state...
D, [2018-03-31T11:52:42.852294 #31225] DEBUG -- : -------> building new state...
D, [2018-03-31T11:52:42.852482 #31225] DEBUG -- : -------> building selection...
D, [2018-03-31T11:52:42.852843 #31225] DEBUG -- : -------> building new state...
D, [2018-03-31T11:52:42.852946 #31225] DEBUG -- : -------> building new state...
D, [2018-03-31T11:52:42.853138 #31225] DEBUG -- : -------> building selection...
D, [2018-03-31T11:52:42.853466 #31225] DEBUG -- : -------> building new state...
D, [2018-03-31T11:52:42.853593 #31225] DEBUG -- : -------> building new state...
D, [2018-03-31T11:52:42.853785 #31225] DEBUG -- : -------> building selection...
D, [2018-03-31T11:52:42.854113 #31225] DEBUG -- : -------> building new state...
D, [2018-03-31T11:52:42.854215 #31225] DEBUG -- : -------> building new state...
D, [2018-03-31T11:52:42.854400 #31225] DEBUG -- : -------> building selection...
D, [2018-03-31T11:52:42.854760 #31225] DEBUG -- : -------> building new state...
D, [2018-03-31T11:52:42.854883 #31225] DEBUG -- : -------> building new state...
D, [2018-03-31T11:52:42.855076 #31225] DEBUG -- : -------> building selection...
D, [2018-03-31T11:52:42.855424 #31225] DEBUG -- : -------> building new state...
D, [2018-03-31T11:52:42.855663 #31225] DEBUG -- : -------> building new state...
D, [2018-03-31T11:52:42.855876 #31225] DEBUG -- : -------> building selection...
D, [2018-03-31T11:52:42.856228 #31225] DEBUG -- : -------> building new state...
D, [2018-03-31T11:52:42.856332 #31225] DEBUG -- : -------> building new state...
D, [2018-03-31T11:52:42.856518 #31225] DEBUG -- : -------> building selection...
D, [2018-03-31T11:52:42.856870 #31225] DEBUG -- : -------> building new state...
D, [2018-03-31T11:52:42.856994 #31225] DEBUG -- : -------> building new state...
D, [2018-03-31T11:52:42.857203 #31225] DEBUG -- : -------> building selection...
D, [2018-03-31T11:52:42.857526 #31225] DEBUG -- : -------> building new state...
D, [2018-03-31T11:52:42.857625 #31225] DEBUG -- : -------> building new state...
D, [2018-03-31T11:52:42.857818 #31225] DEBUG -- : -------> building selection...
D, [2018-03-31T11:52:42.858161 #31225] DEBUG -- : -------> building new state...
D, [2018-03-31T11:52:42.858261 #31225] DEBUG -- : -------> building new state...
D, [2018-03-31T11:52:42.858448 #31225] DEBUG -- : -------> building selection...
D, [2018-03-31T11:52:42.858770 #31225] DEBUG -- : -------> building new state...
D, [2018-03-31T11:52:42.858902 #31225] DEBUG -- : -------> building new state...
D, [2018-03-31T11:52:42.859122 #31225] DEBUG -- : -------> building selection...
D, [2018-03-31T11:52:42.859456 #31225] DEBUG -- : -------> building new state...
D, [2018-03-31T11:52:42.859555 #31225] DEBUG -- : -------> building new state...
D, [2018-03-31T11:52:42.859739 #31225] DEBUG -- : -------> building selection...
D, [2018-03-31T11:52:42.860137 #31225] DEBUG -- : -------> building new state...
D, [2018-03-31T11:52:42.860257 #31225] DEBUG -- : -------> building new state...
D, [2018-03-31T11:52:42.860440 #31225] DEBUG -- : -------> building selection...
D, [2018-03-31T11:52:42.860766 #31225] DEBUG -- : -------> building new state...
D, [2018-03-31T11:52:42.860867 #31225] DEBUG -- : -------> building new state...
D, [2018-03-31T11:52:42.861078 #31225] DEBUG -- : -------> building selection...
D, [2018-03-31T11:52:42.861399 #31225] DEBUG -- : -------> building new state...
D, [2018-03-31T11:52:42.861501 #31225] DEBUG -- : -------> building new state...
D, [2018-03-31T11:52:42.861682 #31225] DEBUG -- : -------> building selection...
D, [2018-03-31T11:52:42.862029 #31225] DEBUG -- : -------> building new state...
D, [2018-03-31T11:52:42.862132 #31225] DEBUG -- : -------> building new state...
D, [2018-03-31T11:52:42.862317 #31225] DEBUG -- : -------> building selection...
D, [2018-03-31T11:52:42.862671 #31225] DEBUG -- : -------> building new state...
D, [2018-03-31T11:52:42.862771 #31225] DEBUG -- : -------> building new state...
D, [2018-03-31T11:52:42.862978 #31225] DEBUG -- : -------> building selection...
D, [2018-03-31T11:52:42.863301 #31225] DEBUG -- : -------> building new state...
D, [2018-03-31T11:52:42.863400 #31225] DEBUG -- : -------> building new state...
D, [2018-03-31T11:52:42.863584 #31225] DEBUG -- : -------> building selection...
D, [2018-03-31T11:52:42.863950 #31225] DEBUG -- : -------> building new state...
D, [2018-03-31T11:52:42.864052 #31225] DEBUG -- : -------> building new state...
D, [2018-03-31T11:52:42.864233 #31225] DEBUG -- : -------> building selection...
D, [2018-03-31T11:52:42.864553 #31225] DEBUG -- : -------> building new state...
D, [2018-03-31T11:52:42.864655 #31225] DEBUG -- : -------> building new state...
D, [2018-03-31T11:52:42.864877 #31225] DEBUG -- : -------> building selection...
D, [2018-03-31T11:52:42.865199 #31225] DEBUG -- : -------> building new state...
D, [2018-03-31T11:52:42.865301 #31225] DEBUG -- : -------> building new state...
D, [2018-03-31T11:52:42.865484 #31225] DEBUG -- : -------> building selection...
D, [2018-03-31T11:52:42.865800 #31225] DEBUG -- : -------> building new state...
D, [2018-03-31T11:52:42.865943 #31225] DEBUG -- : -------> building new state...
D, [2018-03-31T11:52:42.866151 #31225] DEBUG -- : -------> building selection...
D, [2018-03-31T11:52:42.866471 #31225] DEBUG -- : -------> building new state...
D, [2018-03-31T11:52:42.866572 #31225] DEBUG -- : -------> building new state...
D, [2018-03-31T11:52:42.866767 #31225] DEBUG -- : -------> building selection...
D, [2018-03-31T11:52:42.867127 #31225] DEBUG -- : -------> building new state...
D, [2018-03-31T11:52:42.867243 #31225] DEBUG -- : -------> building new state...
D, [2018-03-31T11:52:42.867431 #31225] DEBUG -- : -------> building selection...
D, [2018-03-31T11:52:42.867751 #31225] DEBUG -- : -------> building new state...
D, [2018-03-31T11:52:42.867851 #31225] DEBUG -- : -------> building new state...
D, [2018-03-31T11:52:42.868069 #31225] DEBUG -- : scoring weighed rated selections...
D, [2018-03-31T11:52:42.868113 #31225] DEBUG -- : Saving scored selections...
D, [2018-03-31T11:52:42.876201 #31225] DEBUG -- : State Score successfully calculated


D, [2018-03-31T11:52:42.876276 #31225] DEBUG -- : Scoring new state: {:rating=>37, :state=>{:unknown=>0, :possibly_lighter=>1, :possibly_heavier=>0, :normal=>7}}
D, [2018-03-31T11:52:42.876301 #31225] DEBUG -- : State Score successfully calculated


D, [2018-03-31T11:52:42.876338 #31225] DEBUG -- : Scoring new state: {:rating=>37, :state=>{:unknown=>0, :possibly_lighter=>0, :possibly_heavier=>1, :normal=>7}}
D, [2018-03-31T11:52:42.876359 #31225] DEBUG -- : State Score successfully calculated


D, [2018-03-31T11:52:42.876385 #31225] DEBUG -- : Scoring new state: {:rating=>37, :state=>{:unknown=>0, :possibly_lighter=>1, :possibly_heavier=>0, :normal=>7}}
D, [2018-03-31T11:52:42.876405 #31225] DEBUG -- : State Score successfully calculated


D, [2018-03-31T11:52:42.876430 #31225] DEBUG -- : Scoring new state: {:rating=>34, :state=>{:unknown=>0, :possibly_lighter=>2, :possibly_heavier=>0, :normal=>6}}
D, [2018-03-31T11:52:42.879131 #31225] DEBUG -- : returning fully calculated score...
D, [2018-03-31T11:52:42.879181 #31225] DEBUG -- : State Score successfully calculated


D, [2018-03-31T11:52:42.879219 #31225] DEBUG -- : Scoring new state: {:rating=>35, :state=>{:unknown=>1, :possibly_lighter=>0, :possibly_heavier=>0, :normal=>7}}
D, [2018-03-31T11:52:42.881800 #31225] DEBUG -- : returning fully calculated score...
D, [2018-03-31T11:52:42.881863 #31225] DEBUG -- : State Score successfully calculated


D, [2018-03-31T11:52:42.881896 #31225] DEBUG -- : Scoring new state: {:rating=>34, :state=>{:unknown=>0, :possibly_lighter=>2, :possibly_heavier=>0, :normal=>6}}
D, [2018-03-31T11:52:42.884376 #31225] DEBUG -- : returning fully calculated score...
D, [2018-03-31T11:52:42.884437 #31225] DEBUG -- : State Score successfully calculated


D, [2018-03-31T11:52:42.884483 #31225] DEBUG -- : Scoring new state: {:rating=>37, :state=>{:unknown=>0, :possibly_lighter=>0, :possibly_heavier=>1, :normal=>7}}
D, [2018-03-31T11:52:42.884507 #31225] DEBUG -- : State Score successfully calculated


D, [2018-03-31T11:52:42.884534 #31225] DEBUG -- : Scoring new state: {:rating=>34, :state=>{:unknown=>0, :possibly_lighter=>2, :possibly_heavier=>0, :normal=>6}}
D, [2018-03-31T11:52:42.888157 #31225] DEBUG -- : returning fully calculated score...
D, [2018-03-31T11:52:42.888228 #31225] DEBUG -- : State Score successfully calculated


D, [2018-03-31T11:52:42.888265 #31225] DEBUG -- : Scoring new state: {:rating=>37, :state=>{:unknown=>0, :possibly_lighter=>1, :possibly_heavier=>0, :normal=>7}}
D, [2018-03-31T11:52:42.888287 #31225] DEBUG -- : State Score successfully calculated


D, [2018-03-31T11:52:42.888323 #31225] DEBUG -- : Scoring new state: {:rating=>37, :state=>{:unknown=>0, :possibly_lighter=>0, :possibly_heavier=>1, :normal=>7}}
D, [2018-03-31T11:52:42.888343 #31225] DEBUG -- : State Score successfully calculated


D, [2018-03-31T11:52:42.888369 #31225] DEBUG -- : Scoring new state: {:rating=>31, :state=>{:unknown=>0, :possibly_lighter=>3, :possibly_heavier=>0, :normal=>5}}
D, [2018-03-31T11:52:42.890887 #31225] DEBUG -- : calculating updated score for older state...
D, [2018-03-31T11:52:42.894385 #31225] DEBUG -- : generating weighed rated selections...
D, [2018-03-31T11:52:42.984968 #31225] DEBUG -- : scoring weighed rated selections...
D, [2018-03-31T11:52:42.985063 #31225] DEBUG -- : Saving scored selections...
D, [2018-03-31T11:52:42.989233 #31225] DEBUG -- : State Score successfully calculated


D, [2018-03-31T11:52:42.989335 #31225] DEBUG -- : Scoring new state: {:rating=>32, :state=>{:unknown=>1, :possibly_lighter=>1, :possibly_heavier=>0, :normal=>6}}
D, [2018-03-31T11:52:42.991895 #31225] DEBUG -- : calculating updated score for older state...
D, [2018-03-31T11:52:42.995402 #31225] DEBUG -- : generating weighed rated selections...
D, [2018-03-31T11:52:42.996503 #31225] DEBUG -- : -------> building selection...
D, [2018-03-31T11:52:42.997500 #31225] DEBUG -- : -------> building new state...
D, [2018-03-31T11:52:42.997796 #31225] DEBUG -- : -------> building new state...
D, [2018-03-31T11:52:42.998038 #31225] DEBUG -- : -------> building selection...
D, [2018-03-31T11:52:42.998411 #31225] DEBUG -- : -------> building new state...
D, [2018-03-31T11:52:42.998534 #31225] DEBUG -- : -------> building new state...
D, [2018-03-31T11:52:42.998729 #31225] DEBUG -- : -------> building selection...
D, [2018-03-31T11:52:42.999102 #31225] DEBUG -- : -------> building new state...
D, [2018-03-31T11:52:42.999211 #31225] DEBUG -- : -------> building new state...
D, [2018-03-31T11:52:42.999404 #31225] DEBUG -- : -------> building selection...
D, [2018-03-31T11:52:42.999747 #31225] DEBUG -- : -------> building new state...
D, [2018-03-31T11:52:42.999850 #31225] DEBUG -- : -------> building new state...
D, [2018-03-31T11:52:43.000063 #31225] DEBUG -- : -------> building selection...
D, [2018-03-31T11:52:43.000389 #31225] DEBUG -- : -------> building new state...
D, [2018-03-31T11:52:43.000490 #31225] DEBUG -- : -------> building new state...
D, [2018-03-31T11:52:43.000698 #31225] DEBUG -- : -------> building selection...
D, [2018-03-31T11:52:43.001096 #31225] DEBUG -- : -------> building new state...
D, [2018-03-31T11:52:43.001238 #31225] DEBUG -- : -------> building new state...
D, [2018-03-31T11:52:43.001476 #31225] DEBUG -- : -------> building selection...
D, [2018-03-31T11:52:43.001804 #31225] DEBUG -- : -------> building new state...
D, [2018-03-31T11:52:43.001910 #31225] DEBUG -- : -------> building new state...
D, [2018-03-31T11:52:43.002120 #31225] DEBUG -- : -------> building selection...
D, [2018-03-31T11:52:43.002446 #31225] DEBUG -- : -------> building new state...
D, [2018-03-31T11:52:43.002565 #31225] DEBUG -- : -------> building new state...
D, [2018-03-31T11:52:43.002762 #31225] DEBUG -- : -------> building selection...
D, [2018-03-31T11:52:43.003171 #31225] DEBUG -- : -------> building new state...
D, [2018-03-31T11:52:43.003273 #31225] DEBUG -- : -------> building new state...
D, [2018-03-31T11:52:43.003485 #31225] DEBUG -- : -------> building selection...
D, [2018-03-31T11:52:43.003909 #31225] DEBUG -- : -------> building new state...
D, [2018-03-31T11:52:43.004021 #31225] DEBUG -- : -------> building new state...
D, [2018-03-31T11:52:43.004227 #31225] DEBUG -- : -------> building selection...
D, [2018-03-31T11:52:43.004587 #31225] DEBUG -- : -------> building new state...
D, [2018-03-31T11:52:43.004697 #31225] DEBUG -- : -------> building new state...
D, [2018-03-31T11:52:43.004917 #31225] DEBUG -- : -------> building selection...
D, [2018-03-31T11:52:43.005270 #31225] DEBUG -- : -------> building new state...
D, [2018-03-31T11:52:43.005379 #31225] DEBUG -- : -------> building new state...
D, [2018-03-31T11:52:43.005612 #31225] DEBUG -- : -------> building selection...
D, [2018-03-31T11:52:43.006038 #31225] DEBUG -- : -------> building new state...
D, [2018-03-31T11:52:43.006152 #31225] DEBUG -- : -------> building new state...
D, [2018-03-31T11:52:43.006440 #31225] DEBUG -- : -------> building selection...
D, [2018-03-31T11:52:43.006835 #31225] DEBUG -- : -------> building new state...
D, [2018-03-31T11:52:43.006943 #31225] DEBUG -- : -------> building new state...
D, [2018-03-31T11:52:43.007160 #31225] DEBUG -- : -------> building selection...
D, [2018-03-31T11:52:43.007506 #31225] DEBUG -- : -------> building new state...
D, [2018-03-31T11:52:43.007643 #31225] DEBUG -- : -------> building new state...
D, [2018-03-31T11:52:43.007853 #31225] DEBUG -- : -------> building selection...
D, [2018-03-31T11:52:43.008185 #31225] DEBUG -- : -------> building new state...
D, [2018-03-31T11:52:43.008306 #31225] DEBUG -- : -------> building new state...
D, [2018-03-31T11:52:43.008494 #31225] DEBUG -- : -------> building selection...
D, [2018-03-31T11:52:43.008822 #31225] DEBUG -- : -------> building new state...
D, [2018-03-31T11:52:43.008922 #31225] DEBUG -- : -------> building new state...
D, [2018-03-31T11:52:43.009118 #31225] DEBUG -- : -------> building selection...
D, [2018-03-31T11:52:43.009457 #31225] DEBUG -- : -------> building new state...
D, [2018-03-31T11:52:43.009559 #31225] DEBUG -- : -------> building new state...
D, [2018-03-31T11:52:43.009745 #31225] DEBUG -- : -------> building selection...
D, [2018-03-31T11:52:43.010089 #31225] DEBUG -- : -------> building new state...
D, [2018-03-31T11:52:43.010192 #31225] DEBUG -- : -------> building new state...
D, [2018-03-31T11:52:43.010394 #31225] DEBUG -- : -------> building selection...
D, [2018-03-31T11:52:43.010732 #31225] DEBUG -- : -------> building new state...
D, [2018-03-31T11:52:43.010845 #31225] DEBUG -- : -------> building new state...
D, [2018-03-31T11:52:43.011035 #31225] DEBUG -- : -------> building selection...
D, [2018-03-31T11:52:43.011373 #31225] DEBUG -- : -------> building new state...
D, [2018-03-31T11:52:43.011472 #31225] DEBUG -- : -------> building new state...
D, [2018-03-31T11:52:43.011735 #31225] DEBUG -- : -------> building selection...
D, [2018-03-31T11:52:43.012089 #31225] DEBUG -- : -------> building new state...
D, [2018-03-31T11:52:43.012190 #31225] DEBUG -- : -------> building new state...
D, [2018-03-31T11:52:43.012399 #31225] DEBUG -- : -------> building selection...
D, [2018-03-31T11:52:43.012726 #31225] DEBUG -- : -------> building new state...
D, [2018-03-31T11:52:43.012826 #31225] DEBUG -- : -------> building new state...
D, [2018-03-31T11:52:43.013031 #31225] DEBUG -- : -------> building selection...
D, [2018-03-31T11:52:43.013378 #31225] DEBUG -- : -------> building new state...
D, [2018-03-31T11:52:43.013479 #31225] DEBUG -- : -------> building new state...
D, [2018-03-31T11:52:43.013677 #31225] DEBUG -- : -------> building selection...
D, [2018-03-31T11:52:43.014003 #31225] DEBUG -- : -------> building new state...
D, [2018-03-31T11:52:43.014115 #31225] DEBUG -- : -------> building new state...
D, [2018-03-31T11:52:43.014304 #31225] DEBUG -- : -------> building selection...
D, [2018-03-31T11:52:43.014638 #31225] DEBUG -- : -------> building new state...
D, [2018-03-31T11:52:43.014761 #31225] DEBUG -- : -------> building new state...
D, [2018-03-31T11:52:43.015047 #31225] DEBUG -- : scoring weighed rated selections...
D, [2018-03-31T11:52:43.015100 #31225] DEBUG -- : Saving scored selections...
D, [2018-03-31T11:52:43.021563 #31225] DEBUG -- : State Score successfully calculated


D, [2018-03-31T11:52:43.021644 #31225] DEBUG -- : Scoring new state: {:rating=>37, :state=>{:unknown=>0, :possibly_lighter=>1, :possibly_heavier=>0, :normal=>7}}
D, [2018-03-31T11:52:43.021671 #31225] DEBUG -- : State Score successfully calculated


D, [2018-03-31T11:52:43.021708 #31225] DEBUG -- : Scoring new state: {:rating=>35, :state=>{:unknown=>1, :possibly_lighter=>0, :possibly_heavier=>0, :normal=>7}}
D, [2018-03-31T11:52:43.024499 #31225] DEBUG -- : returning fully calculated score...
D, [2018-03-31T11:52:43.024565 #31225] DEBUG -- : State Score successfully calculated


D, [2018-03-31T11:52:43.024612 #31225] DEBUG -- : Scoring new state: {:rating=>37, :state=>{:unknown=>0, :possibly_lighter=>1, :possibly_heavier=>0, :normal=>7}}
D, [2018-03-31T11:52:43.024634 #31225] DEBUG -- : State Score successfully calculated


D, [2018-03-31T11:52:43.024667 #31225] DEBUG -- : Scoring new state: {:rating=>34, :state=>{:unknown=>0, :possibly_lighter=>1, :possibly_heavier=>1, :normal=>6}}
D, [2018-03-31T11:52:43.027372 #31225] DEBUG -- : returning fully calculated score...
D, [2018-03-31T11:52:43.027436 #31225] DEBUG -- : State Score successfully calculated


D, [2018-03-31T11:52:43.027480 #31225] DEBUG -- : Scoring new state: {:rating=>37, :state=>{:unknown=>0, :possibly_lighter=>1, :possibly_heavier=>0, :normal=>7}}
D, [2018-03-31T11:52:43.027503 #31225] DEBUG -- : State Score successfully calculated


D, [2018-03-31T11:52:43.027537 #31225] DEBUG -- : Scoring new state: {:rating=>34, :state=>{:unknown=>0, :possibly_lighter=>1, :possibly_heavier=>1, :normal=>6}}
D, [2018-03-31T11:52:43.030049 #31225] DEBUG -- : returning fully calculated score...
D, [2018-03-31T11:52:43.030115 #31225] DEBUG -- : State Score successfully calculated


D, [2018-03-31T11:52:43.030158 #31225] DEBUG -- : Scoring new state: {:rating=>34, :state=>{:unknown=>0, :possibly_lighter=>2, :possibly_heavier=>0, :normal=>6}}
D, [2018-03-31T11:52:43.032605 #31225] DEBUG -- : returning fully calculated score...
D, [2018-03-31T11:52:43.032672 #31225] DEBUG -- : State Score successfully calculated


D, [2018-03-31T11:52:43.032725 #31225] DEBUG -- : Scoring new state: {:rating=>37, :state=>{:unknown=>0, :possibly_lighter=>0, :possibly_heavier=>1, :normal=>7}}
D, [2018-03-31T11:52:43.032747 #31225] DEBUG -- : State Score successfully calculated


D, [2018-03-31T11:52:43.032773 #31225] DEBUG -- : Scoring new state: {:rating=>37, :state=>{:unknown=>0, :possibly_lighter=>1, :possibly_heavier=>0, :normal=>7}}
D, [2018-03-31T11:52:43.032793 #31225] DEBUG -- : State Score successfully calculated


D, [2018-03-31T11:52:43.032817 #31225] DEBUG -- : Scoring new state: {:rating=>34, :state=>{:unknown=>0, :possibly_lighter=>2, :possibly_heavier=>0, :normal=>6}}
D, [2018-03-31T11:52:43.035260 #31225] DEBUG -- : returning fully calculated score...
D, [2018-03-31T11:52:43.035332 #31225] DEBUG -- : State Score successfully calculated


D, [2018-03-31T11:52:43.035377 #31225] DEBUG -- : Scoring new state: {:rating=>34, :state=>{:unknown=>0, :possibly_lighter=>1, :possibly_heavier=>1, :normal=>6}}
D, [2018-03-31T11:52:43.037937 #31225] DEBUG -- : returning fully calculated score...
D, [2018-03-31T11:52:43.038004 #31225] DEBUG -- : State Score successfully calculated


D, [2018-03-31T11:52:43.038041 #31225] DEBUG -- : Scoring new state: {:rating=>37, :state=>{:unknown=>0, :possibly_lighter=>1, :possibly_heavier=>0, :normal=>7}}
D, [2018-03-31T11:52:43.038071 #31225] DEBUG -- : State Score successfully calculated


D, [2018-03-31T11:52:43.038103 #31225] DEBUG -- : Scoring new state: {:rating=>31, :state=>{:unknown=>0, :possibly_lighter=>2, :possibly_heavier=>1, :normal=>5}}
D, [2018-03-31T11:52:43.040640 #31225] DEBUG -- : calculating updated score for older state...
D, [2018-03-31T11:52:43.044068 #31225] DEBUG -- : generating weighed rated selections...
D, [2018-03-31T11:52:43.045207 #31225] DEBUG -- : -------> building selection...
D, [2018-03-31T11:52:43.046056 #31225] DEBUG -- : -------> building new state...
D, [2018-03-31T11:52:43.046317 #31225] DEBUG -- : -------> building new state...
D, [2018-03-31T11:52:43.046620 #31225] DEBUG -- : -------> building selection...
D, [2018-03-31T11:52:43.047028 #31225] DEBUG -- : -------> building new state...
D, [2018-03-31T11:52:43.047139 #31225] DEBUG -- : -------> building new state...
D, [2018-03-31T11:52:43.047345 #31225] DEBUG -- : -------> building selection...
D, [2018-03-31T11:52:43.047674 #31225] DEBUG -- : -------> building new state...
D, [2018-03-31T11:52:43.047795 #31225] DEBUG -- : -------> building new state...
D, [2018-03-31T11:52:43.047985 #31225] DEBUG -- : -------> building selection...
D, [2018-03-31T11:52:43.048323 #31225] DEBUG -- : -------> building new state...
D, [2018-03-31T11:52:43.048468 #31225] DEBUG -- : -------> building new state...
D, [2018-03-31T11:52:43.048696 #31225] DEBUG -- : -------> building selection...
D, [2018-03-31T11:52:43.049051 #31225] DEBUG -- : -------> building new state...
D, [2018-03-31T11:52:43.049206 #31225] DEBUG -- : -------> building new state...
D, [2018-03-31T11:52:43.049461 #31225] DEBUG -- : -------> building selection...
D, [2018-03-31T11:52:43.049821 #31225] DEBUG -- : -------> building new state...
D, [2018-03-31T11:52:43.050024 #31225] DEBUG -- : -------> building new state...
D, [2018-03-31T11:52:43.050247 #31225] DEBUG -- : -------> building selection...
D, [2018-03-31T11:52:43.050595 #31225] DEBUG -- : -------> building new state...
D, [2018-03-31T11:52:43.050702 #31225] DEBUG -- : -------> building new state...
D, [2018-03-31T11:52:43.050915 #31225] DEBUG -- : -------> building selection...
D, [2018-03-31T11:52:43.051251 #31225] DEBUG -- : -------> building new state...
D, [2018-03-31T11:52:43.051360 #31225] DEBUG -- : -------> building new state...
D, [2018-03-31T11:52:43.051556 #31225] DEBUG -- : -------> building selection...
D, [2018-03-31T11:52:43.051966 #31225] DEBUG -- : -------> building new state...
D, [2018-03-31T11:52:43.052066 #31225] DEBUG -- : -------> building new state...
D, [2018-03-31T11:52:43.052269 #31225] DEBUG -- : -------> building selection...
D, [2018-03-31T11:52:43.052600 #31225] DEBUG -- : -------> building new state...
D, [2018-03-31T11:52:43.052701 #31225] DEBUG -- : -------> building new state...
D, [2018-03-31T11:52:43.052909 #31225] DEBUG -- : -------> building selection...
D, [2018-03-31T11:52:43.053252 #31225] DEBUG -- : -------> building new state...
D, [2018-03-31T11:52:43.053374 #31225] DEBUG -- : -------> building new state...
D, [2018-03-31T11:52:43.053567 #31225] DEBUG -- : -------> building selection...
D, [2018-03-31T11:52:43.053927 #31225] DEBUG -- : -------> building new state...
D, [2018-03-31T11:52:43.054044 #31225] DEBUG -- : -------> building new state...
D, [2018-03-31T11:52:43.054252 #31225] DEBUG -- : -------> building selection...
D, [2018-03-31T11:52:43.054599 #31225] DEBUG -- : -------> building new state...
D, [2018-03-31T11:52:43.054725 #31225] DEBUG -- : -------> building new state...
D, [2018-03-31T11:52:43.054958 #31225] DEBUG -- : -------> building selection...
D, [2018-03-31T11:52:43.055327 #31225] DEBUG -- : -------> building new state...
D, [2018-03-31T11:52:43.055444 #31225] DEBUG -- : -------> building new state...
D, [2018-03-31T11:52:43.055676 #31225] DEBUG -- : -------> building selection...
D, [2018-03-31T11:52:43.056040 #31225] DEBUG -- : -------> building new state...
D, [2018-03-31T11:52:43.056161 #31225] DEBUG -- : -------> building new state...
D, [2018-03-31T11:52:43.056381 #31225] DEBUG -- : -------> building selection...
D, [2018-03-31T11:52:43.056728 #31225] DEBUG -- : -------> building new state...
D, [2018-03-31T11:52:43.056847 #31225] DEBUG -- : -------> building new state...
D, [2018-03-31T11:52:43.057055 #31225] DEBUG -- : -------> building selection...
D, [2018-03-31T11:52:43.057424 #31225] DEBUG -- : -------> building new state...
D, [2018-03-31T11:52:43.057526 #31225] DEBUG -- : -------> building new state...
D, [2018-03-31T11:52:43.057738 #31225] DEBUG -- : -------> building selection...
D, [2018-03-31T11:52:43.058099 #31225] DEBUG -- : -------> building new state...
D, [2018-03-31T11:52:43.058219 #31225] DEBUG -- : -------> building new state...
D, [2018-03-31T11:52:43.058434 #31225] DEBUG -- : -------> building selection...
D, [2018-03-31T11:52:43.058791 #31225] DEBUG -- : -------> building new state...
D, [2018-03-31T11:52:43.058922 #31225] DEBUG -- : -------> building new state...
D, [2018-03-31T11:52:43.059139 #31225] DEBUG -- : -------> building selection...
D, [2018-03-31T11:52:43.059508 #31225] DEBUG -- : -------> building new state...
D, [2018-03-31T11:52:43.059630 #31225] DEBUG -- : -------> building new state...
D, [2018-03-31T11:52:43.060499 #31225] DEBUG -- : -------> building selection...
D, [2018-03-31T11:52:43.060885 #31225] DEBUG -- : -------> building new state...
D, [2018-03-31T11:52:43.060988 #31225] DEBUG -- : -------> building new state...
D, [2018-03-31T11:52:43.061177 #31225] DEBUG -- : -------> building selection...
D, [2018-03-31T11:52:43.061511 #31225] DEBUG -- : -------> building new state...
D, [2018-03-31T11:52:43.061673 #31225] DEBUG -- : -------> building new state...
D, [2018-03-31T11:52:43.061867 #31225] DEBUG -- : -------> building selection...
D, [2018-03-31T11:52:43.062190 #31225] DEBUG -- : -------> building new state...
D, [2018-03-31T11:52:43.062341 #31225] DEBUG -- : -------> building new state...
D, [2018-03-31T11:52:43.062545 #31225] DEBUG -- : -------> building selection...
D, [2018-03-31T11:52:43.062881 #31225] DEBUG -- : -------> building new state...
D, [2018-03-31T11:52:43.062987 #31225] DEBUG -- : -------> building new state...
D, [2018-03-31T11:52:43.063178 #31225] DEBUG -- : -------> building selection...
D, [2018-03-31T11:52:43.063563 #31225] DEBUG -- : -------> building new state...
D, [2018-03-31T11:52:43.063689 #31225] DEBUG -- : -------> building new state...
D, [2018-03-31T11:52:43.063893 #31225] DEBUG -- : -------> building selection...
D, [2018-03-31T11:52:43.065860 #31225] DEBUG -- : -------> building new state...
D, [2018-03-31T11:52:43.066027 #31225] DEBUG -- : -------> building new state...
D, [2018-03-31T11:52:43.066264 #31225] DEBUG -- : -------> building selection...
D, [2018-03-31T11:52:43.066597 #31225] DEBUG -- : -------> building new state...
D, [2018-03-31T11:52:43.066698 #31225] DEBUG -- : -------> building new state...
D, [2018-03-31T11:52:43.066952 #31225] DEBUG -- : -------> building selection...
D, [2018-03-31T11:52:43.067288 #31225] DEBUG -- : -------> building new state...
D, [2018-03-31T11:52:43.067387 #31225] DEBUG -- : -------> building new state...
D, [2018-03-31T11:52:43.067660 #31225] DEBUG -- : -------> building selection...
D, [2018-03-31T11:52:43.068249 #31225] DEBUG -- : -------> building new state...
D, [2018-03-31T11:52:43.068466 #31225] DEBUG -- : -------> building new state...
D, [2018-03-31T11:52:43.068760 #31225] DEBUG -- : -------> building selection...
D, [2018-03-31T11:52:43.069116 #31225] DEBUG -- : -------> building new state...
D, [2018-03-31T11:52:43.069224 #31225] DEBUG -- : -------> building new state...
D, [2018-03-31T11:52:43.069457 #31225] DEBUG -- : -------> building selection...
D, [2018-03-31T11:52:43.069785 #31225] DEBUG -- : -------> building new state...
D, [2018-03-31T11:52:43.069889 #31225] DEBUG -- : -------> building new state...
D, [2018-03-31T11:52:43.070081 #31225] DEBUG -- : -------> building selection...
D, [2018-03-31T11:52:43.070449 #31225] DEBUG -- : -------> building new state...
D, [2018-03-31T11:52:43.070552 #31225] DEBUG -- : -------> building new state...
D, [2018-03-31T11:52:43.070741 #31225] DEBUG -- : -------> building selection...
D, [2018-03-31T11:52:43.071089 #31225] DEBUG -- : -------> building new state...
D, [2018-03-31T11:52:43.071190 #31225] DEBUG -- : -------> building new state...
D, [2018-03-31T11:52:43.071384 #31225] DEBUG -- : -------> building selection...
D, [2018-03-31T11:52:43.071754 #31225] DEBUG -- : -------> building new state...
D, [2018-03-31T11:52:43.071854 #31225] DEBUG -- : -------> building new state...
D, [2018-03-31T11:52:43.072042 #31225] DEBUG -- : -------> building selection...
D, [2018-03-31T11:52:43.072385 #31225] DEBUG -- : -------> building new state...
D, [2018-03-31T11:52:43.072494 #31225] DEBUG -- : -------> building new state...
D, [2018-03-31T11:52:43.072735 #31225] DEBUG -- : -------> building selection...
D, [2018-03-31T11:52:43.073077 #31225] DEBUG -- : -------> building new state...
D, [2018-03-31T11:52:43.073191 #31225] DEBUG -- : -------> building new state...
D, [2018-03-31T11:52:43.073388 #31225] DEBUG -- : -------> building selection...
D, [2018-03-31T11:52:43.073755 #31225] DEBUG -- : -------> building new state...
D, [2018-03-31T11:52:43.073873 #31225] DEBUG -- : -------> building new state...
D, [2018-03-31T11:52:43.074073 #31225] DEBUG -- : -------> building selection...
D, [2018-03-31T11:52:43.074407 #31225] DEBUG -- : -------> building new state...
D, [2018-03-31T11:52:43.074517 #31225] DEBUG -- : -------> building new state...
D, [2018-03-31T11:52:43.074760 #31225] DEBUG -- : -------> building selection...
D, [2018-03-31T11:52:43.075116 #31225] DEBUG -- : -------> building new state...
D, [2018-03-31T11:52:43.075229 #31225] DEBUG -- : -------> building new state...
D, [2018-03-31T11:52:43.075451 #31225] DEBUG -- : scoring weighed rated selections...
D, [2018-03-31T11:52:43.075509 #31225] DEBUG -- : Saving scored selections...
D, [2018-03-31T11:52:43.083021 #31225] DEBUG -- : State Score successfully calculated


D, [2018-03-31T11:52:43.083086 #31225] DEBUG -- : Scoring new state: {:rating=>37, :state=>{:unknown=>0, :possibly_lighter=>1, :possibly_heavier=>0, :normal=>7}}
D, [2018-03-31T11:52:43.083113 #31225] DEBUG -- : State Score successfully calculated


D, [2018-03-31T11:52:43.083187 #31225] DEBUG -- : Scoring new state: {:rating=>35, :state=>{:unknown=>1, :possibly_lighter=>0, :possibly_heavier=>0, :normal=>7}}
D, [2018-03-31T11:52:43.085919 #31225] DEBUG -- : returning fully calculated score...
D, [2018-03-31T11:52:43.085978 #31225] DEBUG -- : State Score successfully calculated


D, [2018-03-31T11:52:43.086012 #31225] DEBUG -- : Scoring new state: {:rating=>34, :state=>{:unknown=>0, :possibly_lighter=>2, :possibly_heavier=>0, :normal=>6}}
D, [2018-03-31T11:52:43.088612 #31225] DEBUG -- : returning fully calculated score...
D, [2018-03-31T11:52:43.088677 #31225] DEBUG -- : State Score successfully calculated


D, [2018-03-31T11:52:43.088725 #31225] DEBUG -- : Scoring new state: {:rating=>31, :state=>{:unknown=>0, :possibly_lighter=>2, :possibly_heavier=>1, :normal=>5}}
D, [2018-03-31T11:52:43.091169 #31225] DEBUG -- : calculating updated score for older state...
D, [2018-03-31T11:52:43.094750 #31225] DEBUG -- : generating weighed rated selections...
D, [2018-03-31T11:52:43.095881 #31225] DEBUG -- : -------> building selection...
D, [2018-03-31T11:52:43.096707 #31225] DEBUG -- : -------> building new state...
D, [2018-03-31T11:52:43.097087 #31225] DEBUG -- : -------> building new state...
D, [2018-03-31T11:52:43.097326 #31225] DEBUG -- : -------> building selection...
D, [2018-03-31T11:52:43.097673 #31225] DEBUG -- : -------> building new state...
D, [2018-03-31T11:52:43.097775 #31225] DEBUG -- : -------> building new state...
D, [2018-03-31T11:52:43.097966 #31225] DEBUG -- : -------> building selection...
D, [2018-03-31T11:52:43.098347 #31225] DEBUG -- : -------> building new state...
D, [2018-03-31T11:52:43.098464 #31225] DEBUG -- : -------> building new state...
D, [2018-03-31T11:52:43.098662 #31225] DEBUG -- : -------> building selection...
D, [2018-03-31T11:52:43.099013 #31225] DEBUG -- : -------> building new state...
D, [2018-03-31T11:52:43.099179 #31225] DEBUG -- : -------> building new state...
D, [2018-03-31T11:52:43.099395 #31225] DEBUG -- : -------> building selection...
D, [2018-03-31T11:52:43.099811 #31225] DEBUG -- : -------> building new state...
D, [2018-03-31T11:52:43.099992 #31225] DEBUG -- : -------> building new state...
D, [2018-03-31T11:52:43.100279 #31225] DEBUG -- : -------> building selection...
D, [2018-03-31T11:52:43.100617 #31225] DEBUG -- : -------> building new state...
D, [2018-03-31T11:52:43.100727 #31225] DEBUG -- : -------> building new state...
D, [2018-03-31T11:52:43.100965 #31225] DEBUG -- : -------> building selection...
D, [2018-03-31T11:52:43.101366 #31225] DEBUG -- : -------> building new state...
D, [2018-03-31T11:52:43.101578 #31225] DEBUG -- : -------> building new state...
D, [2018-03-31T11:52:43.101794 #31225] DEBUG -- : -------> building selection...
D, [2018-03-31T11:52:43.102171 #31225] DEBUG -- : -------> building new state...
D, [2018-03-31T11:52:43.102285 #31225] DEBUG -- : -------> building new state...
D, [2018-03-31T11:52:43.102480 #31225] DEBUG -- : -------> building selection...
D, [2018-03-31T11:52:43.102817 #31225] DEBUG -- : -------> building new state...
D, [2018-03-31T11:52:43.102925 #31225] DEBUG -- : -------> building new state...
D, [2018-03-31T11:52:43.103123 #31225] DEBUG -- : -------> building selection...
D, [2018-03-31T11:52:43.103493 #31225] DEBUG -- : -------> building new state...
D, [2018-03-31T11:52:43.103592 #31225] DEBUG -- : -------> building new state...
D, [2018-03-31T11:52:43.103782 #31225] DEBUG -- : -------> building selection...
D, [2018-03-31T11:52:43.104122 #31225] DEBUG -- : -------> building new state...
D, [2018-03-31T11:52:43.104220 #31225] DEBUG -- : -------> building new state...
D, [2018-03-31T11:52:43.104408 #31225] DEBUG -- : -------> building selection...
D, [2018-03-31T11:52:43.104782 #31225] DEBUG -- : -------> building new state...
D, [2018-03-31T11:52:43.104881 #31225] DEBUG -- : -------> building new state...
D, [2018-03-31T11:52:43.105067 #31225] DEBUG -- : -------> building selection...
D, [2018-03-31T11:52:43.105391 #31225] DEBUG -- : -------> building new state...
D, [2018-03-31T11:52:43.105517 #31225] DEBUG -- : -------> building new state...
D, [2018-03-31T11:52:43.105708 #31225] DEBUG -- : -------> building selection...
D, [2018-03-31T11:52:43.106030 #31225] DEBUG -- : -------> building new state...
D, [2018-03-31T11:52:43.106130 #31225] DEBUG -- : -------> building new state...
D, [2018-03-31T11:52:43.106356 #31225] DEBUG -- : -------> building selection...
D, [2018-03-31T11:52:43.106678 #31225] DEBUG -- : -------> building new state...
D, [2018-03-31T11:52:43.106778 #31225] DEBUG -- : -------> building new state...
D, [2018-03-31T11:52:43.106987 #31225] DEBUG -- : -------> building selection...
D, [2018-03-31T11:52:43.107340 #31225] DEBUG -- : -------> building new state...
D, [2018-03-31T11:52:43.107445 #31225] DEBUG -- : -------> building new state...
D, [2018-03-31T11:52:43.107691 #31225] DEBUG -- : -------> building selection...
D, [2018-03-31T11:52:43.108076 #31225] DEBUG -- : -------> building new state...
D, [2018-03-31T11:52:43.108251 #31225] DEBUG -- : -------> building new state...
D, [2018-03-31T11:52:43.108495 #31225] DEBUG -- : -------> building selection...
D, [2018-03-31T11:52:43.108859 #31225] DEBUG -- : -------> building new state...
D, [2018-03-31T11:52:43.109064 #31225] DEBUG -- : -------> building new state...
D, [2018-03-31T11:52:43.109284 #31225] DEBUG -- : -------> building selection...
D, [2018-03-31T11:52:43.109664 #31225] DEBUG -- : -------> building new state...
D, [2018-03-31T11:52:43.109766 #31225] DEBUG -- : -------> building new state...
D, [2018-03-31T11:52:43.109980 #31225] DEBUG -- : -------> building selection...
D, [2018-03-31T11:52:43.110326 #31225] DEBUG -- : -------> building new state...
D, [2018-03-31T11:52:43.110455 #31225] DEBUG -- : -------> building new state...
D, [2018-03-31T11:52:43.110657 #31225] DEBUG -- : -------> building selection...
D, [2018-03-31T11:52:43.111008 #31225] DEBUG -- : -------> building new state...
D, [2018-03-31T11:52:43.111114 #31225] DEBUG -- : -------> building new state...
D, [2018-03-31T11:52:43.111573 #31225] DEBUG -- : -------> building selection...
D, [2018-03-31T11:52:43.111954 #31225] DEBUG -- : -------> building new state...
D, [2018-03-31T11:52:43.112057 #31225] DEBUG -- : -------> building new state...
D, [2018-03-31T11:52:43.112249 #31225] DEBUG -- : -------> building selection...
D, [2018-03-31T11:52:43.112576 #31225] DEBUG -- : -------> building new state...
D, [2018-03-31T11:52:43.112714 #31225] DEBUG -- : -------> building new state...
D, [2018-03-31T11:52:43.112959 #31225] DEBUG -- : -------> building selection...
D, [2018-03-31T11:52:43.113300 #31225] DEBUG -- : -------> building new state...
D, [2018-03-31T11:52:43.113408 #31225] DEBUG -- : -------> building new state...
D, [2018-03-31T11:52:43.113603 #31225] DEBUG -- : -------> building selection...
D, [2018-03-31T11:52:43.115116 #31225] DEBUG -- : -------> building new state...
D, [2018-03-31T11:52:43.115263 #31225] DEBUG -- : -------> building new state...
D, [2018-03-31T11:52:43.115521 #31225] DEBUG -- : -------> building selection...
D, [2018-03-31T11:52:43.116035 #31225] DEBUG -- : -------> building new state...
D, [2018-03-31T11:52:43.116222 #31225] DEBUG -- : -------> building new state...
D, [2018-03-31T11:52:43.116515 #31225] DEBUG -- : -------> building selection...
D, [2018-03-31T11:52:43.116875 #31225] DEBUG -- : -------> building new state...
D, [2018-03-31T11:52:43.116989 #31225] DEBUG -- : -------> building new state...
D, [2018-03-31T11:52:43.117230 #31225] DEBUG -- : -------> building selection...
D, [2018-03-31T11:52:43.117584 #31225] DEBUG -- : -------> building new state...
D, [2018-03-31T11:52:43.117767 #31225] DEBUG -- : -------> building new state...
D, [2018-03-31T11:52:43.117984 #31225] DEBUG -- : -------> building selection...
D, [2018-03-31T11:52:43.118325 #31225] DEBUG -- : -------> building new state...
D, [2018-03-31T11:52:43.118425 #31225] DEBUG -- : -------> building new state...
D, [2018-03-31T11:52:43.118656 #31225] DEBUG -- : -------> building selection...
D, [2018-03-31T11:52:43.119017 #31225] DEBUG -- : -------> building new state...
D, [2018-03-31T11:52:43.119120 #31225] DEBUG -- : -------> building new state...
D, [2018-03-31T11:52:43.119309 #31225] DEBUG -- : -------> building selection...
D, [2018-03-31T11:52:43.119672 #31225] DEBUG -- : -------> building new state...
D, [2018-03-31T11:52:43.119773 #31225] DEBUG -- : -------> building new state...
D, [2018-03-31T11:52:43.119961 #31225] DEBUG -- : -------> building selection...
D, [2018-03-31T11:52:43.120315 #31225] DEBUG -- : -------> building new state...
D, [2018-03-31T11:52:43.120433 #31225] DEBUG -- : -------> building new state...
D, [2018-03-31T11:52:43.120655 #31225] DEBUG -- : -------> building selection...
D, [2018-03-31T11:52:43.120987 #31225] DEBUG -- : -------> building new state...
D, [2018-03-31T11:52:43.121088 #31225] DEBUG -- : -------> building new state...
D, [2018-03-31T11:52:43.121275 #31225] DEBUG -- : -------> building selection...
D, [2018-03-31T11:52:43.121639 #31225] DEBUG -- : -------> building new state...
D, [2018-03-31T11:52:43.121741 #31225] DEBUG -- : -------> building new state...
D, [2018-03-31T11:52:43.121929 #31225] DEBUG -- : -------> building selection...
D, [2018-03-31T11:52:43.122250 #31225] DEBUG -- : -------> building new state...
D, [2018-03-31T11:52:43.122389 #31225] DEBUG -- : -------> building new state...
D, [2018-03-31T11:52:43.122686 #31225] DEBUG -- : -------> building selection...
D, [2018-03-31T11:52:43.123058 #31225] DEBUG -- : -------> building new state...
D, [2018-03-31T11:52:43.123236 #31225] DEBUG -- : -------> building new state...
D, [2018-03-31T11:52:43.123444 #31225] DEBUG -- : -------> building selection...
D, [2018-03-31T11:52:43.123981 #31225] DEBUG -- : -------> building new state...
D, [2018-03-31T11:52:43.124136 #31225] DEBUG -- : -------> building new state...
D, [2018-03-31T11:52:43.124353 #31225] DEBUG -- : -------> building selection...
D, [2018-03-31T11:52:43.124705 #31225] DEBUG -- : -------> building new state...
D, [2018-03-31T11:52:43.124814 #31225] DEBUG -- : -------> building new state...
D, [2018-03-31T11:52:43.125006 #31225] DEBUG -- : -------> building selection...
D, [2018-03-31T11:52:43.125370 #31225] DEBUG -- : -------> building new state...
D, [2018-03-31T11:52:43.125477 #31225] DEBUG -- : -------> building new state...
D, [2018-03-31T11:52:43.125745 #31225] DEBUG -- : scoring weighed rated selections...
D, [2018-03-31T11:52:43.125808 #31225] DEBUG -- : Saving scored selections...
D, [2018-03-31T11:52:43.133031 #31225] DEBUG -- : State Score successfully calculated


D, [2018-03-31T11:52:43.133107 #31225] DEBUG -- : Scoring new state: {:rating=>37, :state=>{:unknown=>0, :possibly_lighter=>1, :possibly_heavier=>0, :normal=>7}}
D, [2018-03-31T11:52:43.133132 #31225] DEBUG -- : State Score successfully calculated


D, [2018-03-31T11:52:43.133170 #31225] DEBUG -- : Scoring new state: {:rating=>37, :state=>{:unknown=>0, :possibly_lighter=>0, :possibly_heavier=>1, :normal=>7}}
D, [2018-03-31T11:52:43.133191 #31225] DEBUG -- : State Score successfully calculated


D, [2018-03-31T11:52:43.133216 #31225] DEBUG -- : Scoring new state: {:rating=>34, :state=>{:unknown=>0, :possibly_lighter=>2, :possibly_heavier=>0, :normal=>6}}
D, [2018-03-31T11:52:43.135995 #31225] DEBUG -- : returning fully calculated score...
D, [2018-03-31T11:52:43.136047 #31225] DEBUG -- : State Score successfully calculated


D, [2018-03-31T11:52:43.136080 #31225] DEBUG -- : Scoring new state: {:rating=>37, :state=>{:unknown=>0, :possibly_lighter=>1, :possibly_heavier=>0, :normal=>7}}
D, [2018-03-31T11:52:43.136103 #31225] DEBUG -- : State Score successfully calculated


D, [2018-03-31T11:52:43.136136 #31225] DEBUG -- : Scoring new state: {:rating=>34, :state=>{:unknown=>0, :possibly_lighter=>1, :possibly_heavier=>1, :normal=>6}}
D, [2018-03-31T11:52:43.138684 #31225] DEBUG -- : returning fully calculated score...
D, [2018-03-31T11:52:43.138746 #31225] DEBUG -- : State Score successfully calculated


D, [2018-03-31T11:52:43.138780 #31225] DEBUG -- : Scoring new state: {:rating=>34, :state=>{:unknown=>0, :possibly_lighter=>2, :possibly_heavier=>0, :normal=>6}}
D, [2018-03-31T11:52:43.141311 #31225] DEBUG -- : returning fully calculated score...
D, [2018-03-31T11:52:43.141377 #31225] DEBUG -- : State Score successfully calculated


D, [2018-03-31T11:52:43.141454 #31225] DEBUG -- : Scoring new state: {:rating=>37, :state=>{:unknown=>0, :possibly_lighter=>0, :possibly_heavier=>1, :normal=>7}}
D, [2018-03-31T11:52:43.141478 #31225] DEBUG -- : State Score successfully calculated


D, [2018-03-31T11:52:43.141504 #31225] DEBUG -- : Scoring new state: {:rating=>31, :state=>{:unknown=>0, :possibly_lighter=>3, :possibly_heavier=>0, :normal=>5}}
D, [2018-03-31T11:52:43.143997 #31225] DEBUG -- : calculating updated score for older state...
D, [2018-03-31T11:52:43.147439 #31225] DEBUG -- : generating weighed rated selections...
D, [2018-03-31T11:52:43.148503 #31225] DEBUG -- : -------> building selection...
D, [2018-03-31T11:52:43.149422 #31225] DEBUG -- : -------> building new state...
D, [2018-03-31T11:52:43.149876 #31225] DEBUG -- : -------> building selection...
D, [2018-03-31T11:52:43.150281 #31225] DEBUG -- : -------> building new state...
D, [2018-03-31T11:52:43.150476 #31225] DEBUG -- : -------> building selection...
D, [2018-03-31T11:52:43.150825 #31225] DEBUG -- : -------> building new state...
D, [2018-03-31T11:52:43.151026 #31225] DEBUG -- : -------> building selection...
D, [2018-03-31T11:52:43.151437 #31225] DEBUG -- : -------> building new state...
D, [2018-03-31T11:52:43.151644 #31225] DEBUG -- : -------> building new state...
D, [2018-03-31T11:52:43.151892 #31225] DEBUG -- : -------> building selection...
D, [2018-03-31T11:52:43.152238 #31225] DEBUG -- : -------> building new state...
D, [2018-03-31T11:52:43.152340 #31225] DEBUG -- : -------> building new state...
D, [2018-03-31T11:52:43.152532 #31225] DEBUG -- : -------> building selection...
D, [2018-03-31T11:52:43.152910 #31225] DEBUG -- : -------> building new state...
D, [2018-03-31T11:52:43.153010 #31225] DEBUG -- : -------> building new state...
D, [2018-03-31T11:52:43.153202 #31225] DEBUG -- : -------> building selection...
D, [2018-03-31T11:52:43.153529 #31225] DEBUG -- : -------> building new state...
D, [2018-03-31T11:52:43.153630 #31225] DEBUG -- : -------> building new state...
D, [2018-03-31T11:52:43.153862 #31225] DEBUG -- : -------> building selection...
D, [2018-03-31T11:52:43.154191 #31225] DEBUG -- : -------> building new state...
D, [2018-03-31T11:52:43.154291 #31225] DEBUG -- : -------> building new state...
D, [2018-03-31T11:52:43.154475 #31225] DEBUG -- : -------> building selection...
D, [2018-03-31T11:52:43.154811 #31225] DEBUG -- : -------> building new state...
D, [2018-03-31T11:52:43.154952 #31225] DEBUG -- : -------> building new state...
D, [2018-03-31T11:52:43.155148 #31225] DEBUG -- : -------> building selection...
D, [2018-03-31T11:52:43.155477 #31225] DEBUG -- : -------> building new state...
D, [2018-03-31T11:52:43.155581 #31225] DEBUG -- : -------> building new state...
D, [2018-03-31T11:52:43.155766 #31225] DEBUG -- : -------> building selection...
D, [2018-03-31T11:52:43.156147 #31225] DEBUG -- : -------> building new state...
D, [2018-03-31T11:52:43.156253 #31225] DEBUG -- : -------> building new state...
D, [2018-03-31T11:52:43.156440 #31225] DEBUG -- : -------> building selection...
D, [2018-03-31T11:52:43.156763 #31225] DEBUG -- : -------> building new state...
D, [2018-03-31T11:52:43.156864 #31225] DEBUG -- : -------> building new state...
D, [2018-03-31T11:52:43.157086 #31225] DEBUG -- : -------> building selection...
D, [2018-03-31T11:52:43.157410 #31225] DEBUG -- : -------> building new state...
D, [2018-03-31T11:52:43.157511 #31225] DEBUG -- : -------> building new state...
D, [2018-03-31T11:52:43.157708 #31225] DEBUG -- : -------> building selection...
D, [2018-03-31T11:52:43.158185 #31225] DEBUG -- : -------> building new state...
D, [2018-03-31T11:52:43.158390 #31225] DEBUG -- : -------> building new state...
D, [2018-03-31T11:52:43.158714 #31225] DEBUG -- : -------> building selection...
D, [2018-03-31T11:52:43.159241 #31225] DEBUG -- : -------> building new state...
D, [2018-03-31T11:52:43.159512 #31225] DEBUG -- : -------> building new state...
D, [2018-03-31T11:52:43.159782 #31225] DEBUG -- : -------> building selection...
D, [2018-03-31T11:52:43.160135 #31225] DEBUG -- : -------> building new state...
D, [2018-03-31T11:52:43.160247 #31225] DEBUG -- : -------> building new state...
D, [2018-03-31T11:52:43.160442 #31225] DEBUG -- : -------> building selection...
D, [2018-03-31T11:52:43.160831 #31225] DEBUG -- : -------> building new state...
D, [2018-03-31T11:52:43.161034 #31225] DEBUG -- : -------> building new state...
D, [2018-03-31T11:52:43.161277 #31225] DEBUG -- : -------> building selection...
D, [2018-03-31T11:52:43.161624 #31225] DEBUG -- : -------> building new state...
D, [2018-03-31T11:52:43.161725 #31225] DEBUG -- : -------> building new state...
D, [2018-03-31T11:52:43.161917 #31225] DEBUG -- : -------> building selection...
D, [2018-03-31T11:52:43.162262 #31225] DEBUG -- : -------> building new state...
D, [2018-03-31T11:52:43.162362 #31225] DEBUG -- : -------> building new state...
D, [2018-03-31T11:52:43.162553 #31225] DEBUG -- : scoring weighed rated selections...
D, [2018-03-31T11:52:43.162593 #31225] DEBUG -- : Saving scored selections...
D, [2018-03-31T11:52:43.166684 #31225] DEBUG -- : State Score successfully calculated


D, [2018-03-31T11:52:43.166769 #31225] DEBUG -- : Scoring new state: {:rating=>37, :state=>{:unknown=>0, :possibly_lighter=>0, :possibly_heavier=>1, :normal=>7}}
D, [2018-03-31T11:52:43.166796 #31225] DEBUG -- : State Score successfully calculated


D, [2018-03-31T11:52:43.166876 #31225] DEBUG -- : Scoring new state: {:rating=>31, :state=>{:unknown=>0, :possibly_lighter=>3, :possibly_heavier=>0, :normal=>5}}
D, [2018-03-31T11:52:43.169557 #31225] DEBUG -- : calculating updated score for older state...
D, [2018-03-31T11:52:43.173040 #31225] DEBUG -- : generating weighed rated selections...
D, [2018-03-31T11:52:43.174072 #31225] DEBUG -- : -------> building selection...
D, [2018-03-31T11:52:43.175018 #31225] DEBUG -- : -------> building new state...
D, [2018-03-31T11:52:43.175483 #31225] DEBUG -- : -------> building selection...
D, [2018-03-31T11:52:43.175898 #31225] DEBUG -- : -------> building new state...
D, [2018-03-31T11:52:43.176099 #31225] DEBUG -- : -------> building selection...
D, [2018-03-31T11:52:43.176466 #31225] DEBUG -- : -------> building new state...
D, [2018-03-31T11:52:43.176664 #31225] DEBUG -- : -------> building selection...
D, [2018-03-31T11:52:43.176996 #31225] DEBUG -- : -------> building new state...
D, [2018-03-31T11:52:43.177097 #31225] DEBUG -- : -------> building new state...
D, [2018-03-31T11:52:43.177282 #31225] DEBUG -- : -------> building selection...
D, [2018-03-31T11:52:43.177651 #31225] DEBUG -- : -------> building new state...
D, [2018-03-31T11:52:43.177755 #31225] DEBUG -- : -------> building new state...
D, [2018-03-31T11:52:43.177943 #31225] DEBUG -- : -------> building selection...
D, [2018-03-31T11:52:43.178274 #31225] DEBUG -- : -------> building new state...
D, [2018-03-31T11:52:43.178376 #31225] DEBUG -- : -------> building new state...
D, [2018-03-31T11:52:43.178603 #31225] DEBUG -- : -------> building selection...
D, [2018-03-31T11:52:43.178947 #31225] DEBUG -- : -------> building new state...
D, [2018-03-31T11:52:43.179055 #31225] DEBUG -- : -------> building new state...
D, [2018-03-31T11:52:43.179244 #31225] DEBUG -- : -------> building selection...
D, [2018-03-31T11:52:43.179574 #31225] DEBUG -- : -------> building new state...
D, [2018-03-31T11:52:43.179679 #31225] DEBUG -- : -------> building new state...
D, [2018-03-31T11:52:43.179901 #31225] DEBUG -- : -------> building selection...
D, [2018-03-31T11:52:43.180241 #31225] DEBUG -- : -------> building new state...
D, [2018-03-31T11:52:43.180341 #31225] DEBUG -- : -------> building new state...
D, [2018-03-31T11:52:43.180531 #31225] DEBUG -- : -------> building selection...
D, [2018-03-31T11:52:43.180858 #31225] DEBUG -- : -------> building new state...
D, [2018-03-31T11:52:43.180990 #31225] DEBUG -- : -------> building new state...
D, [2018-03-31T11:52:43.181180 #31225] DEBUG -- : -------> building selection...
D, [2018-03-31T11:52:43.181511 #31225] DEBUG -- : -------> building new state...
D, [2018-03-31T11:52:43.181614 #31225] DEBUG -- : -------> building new state...
D, [2018-03-31T11:52:43.181801 #31225] DEBUG -- : -------> building selection...
D, [2018-03-31T11:52:43.182153 #31225] DEBUG -- : -------> building new state...
D, [2018-03-31T11:52:43.182261 #31225] DEBUG -- : -------> building new state...
D, [2018-03-31T11:52:43.182450 #31225] DEBUG -- : -------> building selection...
D, [2018-03-31T11:52:43.182777 #31225] DEBUG -- : -------> building new state...
D, [2018-03-31T11:52:43.182961 #31225] DEBUG -- : -------> building new state...
D, [2018-03-31T11:52:43.183186 #31225] DEBUG -- : -------> building selection...
D, [2018-03-31T11:52:43.183553 #31225] DEBUG -- : -------> building new state...
D, [2018-03-31T11:52:43.183657 #31225] DEBUG -- : -------> building new state...
D, [2018-03-31T11:52:43.183842 #31225] DEBUG -- : -------> building selection...
D, [2018-03-31T11:52:43.184177 #31225] DEBUG -- : -------> building new state...
D, [2018-03-31T11:52:43.184275 #31225] DEBUG -- : -------> building new state...
D, [2018-03-31T11:52:43.184541 #31225] DEBUG -- : -------> building selection...
D, [2018-03-31T11:52:43.184884 #31225] DEBUG -- : -------> building new state...
D, [2018-03-31T11:52:43.184990 #31225] DEBUG -- : -------> building new state...
D, [2018-03-31T11:52:43.185188 #31225] DEBUG -- : -------> building selection...
D, [2018-03-31T11:52:43.185521 #31225] DEBUG -- : -------> building new state...
D, [2018-03-31T11:52:43.185621 #31225] DEBUG -- : -------> building new state...
D, [2018-03-31T11:52:43.185853 #31225] DEBUG -- : -------> building selection...
D, [2018-03-31T11:52:43.186181 #31225] DEBUG -- : -------> building new state...
D, [2018-03-31T11:52:43.186281 #31225] DEBUG -- : -------> building new state...
D, [2018-03-31T11:52:43.186471 #31225] DEBUG -- : -------> building selection...
D, [2018-03-31T11:52:43.186833 #31225] DEBUG -- : -------> building new state...
D, [2018-03-31T11:52:43.186938 #31225] DEBUG -- : -------> building new state...
D, [2018-03-31T11:52:43.187165 #31225] DEBUG -- : scoring weighed rated selections...
D, [2018-03-31T11:52:43.187205 #31225] DEBUG -- : Saving scored selections...
D, [2018-03-31T11:52:43.191226 #31225] DEBUG -- : State Score successfully calculated


D, [2018-03-31T11:52:43.191305 #31225] DEBUG -- : Scoring new state: {:rating=>34, :state=>{:unknown=>0, :possibly_lighter=>1, :possibly_heavier=>1, :normal=>6}}
D, [2018-03-31T11:52:43.193989 #31225] DEBUG -- : returning fully calculated score...
D, [2018-03-31T11:52:43.194048 #31225] DEBUG -- : State Score successfully calculated


D, [2018-03-31T11:52:43.194082 #31225] DEBUG -- : Scoring new state: {:rating=>34, :state=>{:unknown=>0, :possibly_lighter=>2, :possibly_heavier=>0, :normal=>6}}
D, [2018-03-31T11:52:43.196740 #31225] DEBUG -- : returning fully calculated score...
D, [2018-03-31T11:52:43.196807 #31225] DEBUG -- : State Score successfully calculated


D, [2018-03-31T11:52:43.196852 #31225] DEBUG -- : Scoring new state: {:rating=>31, :state=>{:unknown=>0, :possibly_lighter=>2, :possibly_heavier=>1, :normal=>5}}
D, [2018-03-31T11:52:43.199493 #31225] DEBUG -- : calculating updated score for older state...
D, [2018-03-31T11:52:43.202965 #31225] DEBUG -- : generating weighed rated selections...
D, [2018-03-31T11:52:43.204152 #31225] DEBUG -- : -------> building selection...
D, [2018-03-31T11:52:43.205050 #31225] DEBUG -- : -------> building new state...
D, [2018-03-31T11:52:43.205369 #31225] DEBUG -- : -------> building new state...
D, [2018-03-31T11:52:43.205625 #31225] DEBUG -- : -------> building selection...
D, [2018-03-31T11:52:43.206038 #31225] DEBUG -- : -------> building new state...
D, [2018-03-31T11:52:43.206145 #31225] DEBUG -- : -------> building new state...
D, [2018-03-31T11:52:43.206354 #31225] DEBUG -- : -------> building selection...
D, [2018-03-31T11:52:43.206728 #31225] DEBUG -- : -------> building new state...
D, [2018-03-31T11:52:43.206849 #31225] DEBUG -- : -------> building new state...
D, [2018-03-31T11:52:43.207052 #31225] DEBUG -- : -------> building selection...
D, [2018-03-31T11:52:43.207401 #31225] DEBUG -- : -------> building new state...
D, [2018-03-31T11:52:43.207572 #31225] DEBUG -- : -------> building new state...
D, [2018-03-31T11:52:43.209353 #31225] DEBUG -- : -------> building selection...
D, [2018-03-31T11:52:43.209762 #31225] DEBUG -- : -------> building new state...
D, [2018-03-31T11:52:43.209868 #31225] DEBUG -- : -------> building new state...
D, [2018-03-31T11:52:43.210100 #31225] DEBUG -- : -------> building selection...
D, [2018-03-31T11:52:43.212049 #31225] DEBUG -- : -------> building new state...
D, [2018-03-31T11:52:43.212225 #31225] DEBUG -- : -------> building new state...
D, [2018-03-31T11:52:43.212426 #31225] DEBUG -- : -------> building selection...
D, [2018-03-31T11:52:43.212797 #31225] DEBUG -- : -------> building new state...
D, [2018-03-31T11:52:43.212928 #31225] DEBUG -- : -------> building new state...
D, [2018-03-31T11:52:43.213149 #31225] DEBUG -- : -------> building selection...
D, [2018-03-31T11:52:43.213482 #31225] DEBUG -- : -------> building new state...
D, [2018-03-31T11:52:43.213582 #31225] DEBUG -- : -------> building new state...
D, [2018-03-31T11:52:43.213788 #31225] DEBUG -- : -------> building selection...
D, [2018-03-31T11:52:43.214116 #31225] DEBUG -- : -------> building new state...
D, [2018-03-31T11:52:43.214226 #31225] DEBUG -- : -------> building new state...
D, [2018-03-31T11:52:43.214420 #31225] DEBUG -- : -------> building selection...
D, [2018-03-31T11:52:43.214746 #31225] DEBUG -- : -------> building new state...
D, [2018-03-31T11:52:43.214867 #31225] DEBUG -- : -------> building new state...
D, [2018-03-31T11:52:43.215089 #31225] DEBUG -- : -------> building selection...
D, [2018-03-31T11:52:43.215425 #31225] DEBUG -- : -------> building new state...
D, [2018-03-31T11:52:43.215527 #31225] DEBUG -- : -------> building new state...
D, [2018-03-31T11:52:43.215740 #31225] DEBUG -- : -------> building selection...
D, [2018-03-31T11:52:43.216090 #31225] DEBUG -- : -------> building new state...
D, [2018-03-31T11:52:43.216193 #31225] DEBUG -- : -------> building new state...
D, [2018-03-31T11:52:43.216403 #31225] DEBUG -- : -------> building selection...
D, [2018-03-31T11:52:43.216729 #31225] DEBUG -- : -------> building new state...
D, [2018-03-31T11:52:43.216842 #31225] DEBUG -- : -------> building new state...
D, [2018-03-31T11:52:43.217040 #31225] DEBUG -- : -------> building selection...
D, [2018-03-31T11:52:43.217394 #31225] DEBUG -- : -------> building new state...
D, [2018-03-31T11:52:43.217493 #31225] DEBUG -- : -------> building new state...
D, [2018-03-31T11:52:43.217681 #31225] DEBUG -- : -------> building selection...
D, [2018-03-31T11:52:43.218055 #31225] DEBUG -- : -------> building new state...
D, [2018-03-31T11:52:43.218158 #31225] DEBUG -- : -------> building new state...
D, [2018-03-31T11:52:43.218345 #31225] DEBUG -- : -------> building selection...
D, [2018-03-31T11:52:43.218695 #31225] DEBUG -- : -------> building new state...
D, [2018-03-31T11:52:43.218796 #31225] DEBUG -- : -------> building new state...
D, [2018-03-31T11:52:43.218999 #31225] DEBUG -- : -------> building selection...
D, [2018-03-31T11:52:43.219345 #31225] DEBUG -- : -------> building new state...
D, [2018-03-31T11:52:43.219445 #31225] DEBUG -- : -------> building new state...
D, [2018-03-31T11:52:43.219632 #31225] DEBUG -- : -------> building selection...
D, [2018-03-31T11:52:43.219984 #31225] DEBUG -- : -------> building new state...
D, [2018-03-31T11:52:43.220083 #31225] DEBUG -- : -------> building new state...
D, [2018-03-31T11:52:43.220284 #31225] DEBUG -- : -------> building selection...
D, [2018-03-31T11:52:43.220628 #31225] DEBUG -- : -------> building new state...
D, [2018-03-31T11:52:43.220727 #31225] DEBUG -- : -------> building new state...
D, [2018-03-31T11:52:43.220971 #31225] DEBUG -- : -------> building selection...
D, [2018-03-31T11:52:43.221296 #31225] DEBUG -- : -------> building new state...
D, [2018-03-31T11:52:43.221394 #31225] DEBUG -- : -------> building new state...
D, [2018-03-31T11:52:43.221686 #31225] DEBUG -- : -------> building selection...
D, [2018-03-31T11:52:43.222107 #31225] DEBUG -- : -------> building new state...
D, [2018-03-31T11:52:43.222226 #31225] DEBUG -- : -------> building new state...
D, [2018-03-31T11:52:43.222436 #31225] DEBUG -- : -------> building selection...
D, [2018-03-31T11:52:43.222778 #31225] DEBUG -- : -------> building new state...
D, [2018-03-31T11:52:43.222921 #31225] DEBUG -- : -------> building new state...
D, [2018-03-31T11:52:43.223115 #31225] DEBUG -- : -------> building selection...
D, [2018-03-31T11:52:43.223454 #31225] DEBUG -- : -------> building new state...
D, [2018-03-31T11:52:43.223582 #31225] DEBUG -- : -------> building new state...
D, [2018-03-31T11:52:43.223777 #31225] DEBUG -- : -------> building selection...
D, [2018-03-31T11:52:43.224114 #31225] DEBUG -- : -------> building new state...
D, [2018-03-31T11:52:43.224217 #31225] DEBUG -- : -------> building new state...
D, [2018-03-31T11:52:43.224403 #31225] DEBUG -- : -------> building selection...
D, [2018-03-31T11:52:43.224746 #31225] DEBUG -- : -------> building new state...
D, [2018-03-31T11:52:43.224848 #31225] DEBUG -- : -------> building new state...
D, [2018-03-31T11:52:43.225035 #31225] DEBUG -- : -------> building selection...
D, [2018-03-31T11:52:43.225386 #31225] DEBUG -- : -------> building new state...
D, [2018-03-31T11:52:43.225565 #31225] DEBUG -- : -------> building new state...
D, [2018-03-31T11:52:43.225797 #31225] DEBUG -- : -------> building selection...
D, [2018-03-31T11:52:43.226160 #31225] DEBUG -- : -------> building new state...
D, [2018-03-31T11:52:43.226261 #31225] DEBUG -- : -------> building new state...
D, [2018-03-31T11:52:43.226467 #31225] DEBUG -- : -------> building selection...
D, [2018-03-31T11:52:43.226819 #31225] DEBUG -- : -------> building new state...
D, [2018-03-31T11:52:43.226927 #31225] DEBUG -- : -------> building new state...
D, [2018-03-31T11:52:43.227128 #31225] DEBUG -- : -------> building selection...
D, [2018-03-31T11:52:43.227472 #31225] DEBUG -- : -------> building new state...
D, [2018-03-31T11:52:43.227571 #31225] DEBUG -- : -------> building new state...
D, [2018-03-31T11:52:43.227779 #31225] DEBUG -- : -------> building selection...
D, [2018-03-31T11:52:43.228103 #31225] DEBUG -- : -------> building new state...
D, [2018-03-31T11:52:43.228219 #31225] DEBUG -- : -------> building new state...
D, [2018-03-31T11:52:43.228409 #31225] DEBUG -- : -------> building selection...
D, [2018-03-31T11:52:43.228757 #31225] DEBUG -- : -------> building new state...
D, [2018-03-31T11:52:43.228857 #31225] DEBUG -- : -------> building new state...
D, [2018-03-31T11:52:43.229046 #31225] DEBUG -- : -------> building selection...
D, [2018-03-31T11:52:43.229392 #31225] DEBUG -- : -------> building new state...
D, [2018-03-31T11:52:43.229491 #31225] DEBUG -- : -------> building new state...
D, [2018-03-31T11:52:43.229676 #31225] DEBUG -- : -------> building selection...
D, [2018-03-31T11:52:43.230007 #31225] DEBUG -- : -------> building new state...
D, [2018-03-31T11:52:43.230119 #31225] DEBUG -- : -------> building new state...
D, [2018-03-31T11:52:43.230322 #31225] DEBUG -- : -------> building selection...
D, [2018-03-31T11:52:43.230664 #31225] DEBUG -- : -------> building new state...
D, [2018-03-31T11:52:43.230762 #31225] DEBUG -- : -------> building new state...
D, [2018-03-31T11:52:43.230998 #31225] DEBUG -- : -------> building selection...
D, [2018-03-31T11:52:43.231330 #31225] DEBUG -- : -------> building new state...
D, [2018-03-31T11:52:43.231454 #31225] DEBUG -- : -------> building new state...
D, [2018-03-31T11:52:43.231643 #31225] DEBUG -- : -------> building selection...
D, [2018-03-31T11:52:43.232000 #31225] DEBUG -- : -------> building new state...
D, [2018-03-31T11:52:43.232101 #31225] DEBUG -- : -------> building new state...
D, [2018-03-31T11:52:43.232287 #31225] DEBUG -- : -------> building selection...
D, [2018-03-31T11:52:43.232653 #31225] DEBUG -- : -------> building new state...
D, [2018-03-31T11:52:43.232768 #31225] DEBUG -- : -------> building new state...
D, [2018-03-31T11:52:43.232961 #31225] DEBUG -- : -------> building selection...
D, [2018-03-31T11:52:43.233298 #31225] DEBUG -- : -------> building new state...
D, [2018-03-31T11:52:43.233399 #31225] DEBUG -- : -------> building new state...
D, [2018-03-31T11:52:43.233592 #31225] DEBUG -- : -------> building selection...
D, [2018-03-31T11:52:43.233926 #31225] DEBUG -- : -------> building new state...
D, [2018-03-31T11:52:43.234038 #31225] DEBUG -- : -------> building new state...
D, [2018-03-31T11:52:43.234238 #31225] DEBUG -- : scoring weighed rated selections...
D, [2018-03-31T11:52:43.234290 #31225] DEBUG -- : Saving scored selections...
D, [2018-03-31T11:52:43.241554 #31225] DEBUG -- : State Score successfully calculated


D, [2018-03-31T11:52:43.241628 #31225] DEBUG -- : Scoring new state: {:rating=>37, :state=>{:unknown=>0, :possibly_lighter=>1, :possibly_heavier=>0, :normal=>7}}
D, [2018-03-31T11:52:43.241658 #31225] DEBUG -- : State Score successfully calculated


D, [2018-03-31T11:52:43.241694 #31225] DEBUG -- : Scoring new state: {:rating=>31, :state=>{:unknown=>0, :possibly_lighter=>2, :possibly_heavier=>1, :normal=>5}}
D, [2018-03-31T11:52:43.244417 #31225] DEBUG -- : calculating updated score for older state...
D, [2018-03-31T11:52:43.247936 #31225] DEBUG -- : generating weighed rated selections...
D, [2018-03-31T11:52:43.249029 #31225] DEBUG -- : -------> building selection...
D, [2018-03-31T11:52:43.249916 #31225] DEBUG -- : -------> building new state...
D, [2018-03-31T11:52:43.250252 #31225] DEBUG -- : -------> building new state...
D, [2018-03-31T11:52:43.250499 #31225] DEBUG -- : -------> building selection...
D, [2018-03-31T11:52:43.250872 #31225] DEBUG -- : -------> building new state...
D, [2018-03-31T11:52:43.250980 #31225] DEBUG -- : -------> building new state...
D, [2018-03-31T11:52:43.251189 #31225] DEBUG -- : -------> building selection...
D, [2018-03-31T11:52:43.251519 #31225] DEBUG -- : -------> building new state...
D, [2018-03-31T11:52:43.251636 #31225] DEBUG -- : -------> building new state...
D, [2018-03-31T11:52:43.251825 #31225] DEBUG -- : -------> building selection...
D, [2018-03-31T11:52:43.252169 #31225] DEBUG -- : -------> building new state...
D, [2018-03-31T11:52:43.252274 #31225] DEBUG -- : -------> building new state...
D, [2018-03-31T11:52:43.252476 #31225] DEBUG -- : -------> building selection...
D, [2018-03-31T11:52:43.252811 #31225] DEBUG -- : -------> building new state...
D, [2018-03-31T11:52:43.252923 #31225] DEBUG -- : -------> building new state...
D, [2018-03-31T11:52:43.253122 #31225] DEBUG -- : -------> building selection...
D, [2018-03-31T11:52:43.253449 #31225] DEBUG -- : -------> building new state...
D, [2018-03-31T11:52:43.253566 #31225] DEBUG -- : -------> building new state...
D, [2018-03-31T11:52:43.253755 #31225] DEBUG -- : -------> building selection...
D, [2018-03-31T11:52:43.254111 #31225] DEBUG -- : -------> building new state...
D, [2018-03-31T11:52:43.254216 #31225] DEBUG -- : -------> building new state...
D, [2018-03-31T11:52:43.254422 #31225] DEBUG -- : -------> building selection...
D, [2018-03-31T11:52:43.254790 #31225] DEBUG -- : -------> building new state...
D, [2018-03-31T11:52:43.254989 #31225] DEBUG -- : -------> building new state...
D, [2018-03-31T11:52:43.255286 #31225] DEBUG -- : -------> building selection...
D, [2018-03-31T11:52:43.255712 #31225] DEBUG -- : -------> building new state...
D, [2018-03-31T11:52:43.255914 #31225] DEBUG -- : -------> building new state...
D, [2018-03-31T11:52:43.256139 #31225] DEBUG -- : -------> building selection...
D, [2018-03-31T11:52:43.256502 #31225] DEBUG -- : -------> building new state...
D, [2018-03-31T11:52:43.256625 #31225] DEBUG -- : -------> building new state...
D, [2018-03-31T11:52:43.256836 #31225] DEBUG -- : -------> building selection...
D, [2018-03-31T11:52:43.257164 #31225] DEBUG -- : -------> building new state...
D, [2018-03-31T11:52:43.257269 #31225] DEBUG -- : -------> building new state...
D, [2018-03-31T11:52:43.257471 #31225] DEBUG -- : -------> building selection...
D, [2018-03-31T11:52:43.257804 #31225] DEBUG -- : -------> building new state...
D, [2018-03-31T11:52:43.257913 #31225] DEBUG -- : -------> building new state...
D, [2018-03-31T11:52:43.258114 #31225] DEBUG -- : -------> building selection...
D, [2018-03-31T11:52:43.258448 #31225] DEBUG -- : -------> building new state...
D, [2018-03-31T11:52:43.258556 #31225] DEBUG -- : -------> building new state...
D, [2018-03-31T11:52:43.258753 #31225] DEBUG -- : -------> building selection...
D, [2018-03-31T11:52:43.259118 #31225] DEBUG -- : -------> building new state...
D, [2018-03-31T11:52:43.259232 #31225] DEBUG -- : -------> building new state...
D, [2018-03-31T11:52:43.259436 #31225] DEBUG -- : -------> building selection...
D, [2018-03-31T11:52:43.259785 #31225] DEBUG -- : -------> building new state...
D, [2018-03-31T11:52:43.259903 #31225] DEBUG -- : -------> building new state...
D, [2018-03-31T11:52:43.260099 #31225] DEBUG -- : -------> building selection...
D, [2018-03-31T11:52:43.260447 #31225] DEBUG -- : -------> building new state...
D, [2018-03-31T11:52:43.260548 #31225] DEBUG -- : -------> building new state...
D, [2018-03-31T11:52:43.260747 #31225] DEBUG -- : -------> building selection...
D, [2018-03-31T11:52:43.261081 #31225] DEBUG -- : -------> building new state...
D, [2018-03-31T11:52:43.261189 #31225] DEBUG -- : -------> building new state...
D, [2018-03-31T11:52:43.261383 #31225] DEBUG -- : -------> building selection...
D, [2018-03-31T11:52:43.261722 #31225] DEBUG -- : -------> building new state...
D, [2018-03-31T11:52:43.261848 #31225] DEBUG -- : -------> building new state...
D, [2018-03-31T11:52:43.262053 #31225] DEBUG -- : -------> building selection...
D, [2018-03-31T11:52:43.262392 #31225] DEBUG -- : -------> building new state...
D, [2018-03-31T11:52:43.262500 #31225] DEBUG -- : -------> building new state...
D, [2018-03-31T11:52:43.262704 #31225] DEBUG -- : -------> building selection...
D, [2018-03-31T11:52:43.263066 #31225] DEBUG -- : -------> building new state...
D, [2018-03-31T11:52:43.263178 #31225] DEBUG -- : -------> building new state...
D, [2018-03-31T11:52:43.263385 #31225] DEBUG -- : -------> building selection...
D, [2018-03-31T11:52:43.263723 #31225] DEBUG -- : -------> building new state...
D, [2018-03-31T11:52:43.264268 #31225] DEBUG -- : -------> building new state...
D, [2018-03-31T11:52:43.264506 #31225] DEBUG -- : -------> building selection...
D, [2018-03-31T11:52:43.264851 #31225] DEBUG -- : -------> building new state...
D, [2018-03-31T11:52:43.264953 #31225] DEBUG -- : -------> building new state...
D, [2018-03-31T11:52:43.265138 #31225] DEBUG -- : -------> building selection...
D, [2018-03-31T11:52:43.265466 #31225] DEBUG -- : -------> building new state...
D, [2018-03-31T11:52:43.265596 #31225] DEBUG -- : -------> building new state...
D, [2018-03-31T11:52:43.265784 #31225] DEBUG -- : -------> building selection...
D, [2018-03-31T11:52:43.266104 #31225] DEBUG -- : -------> building new state...
D, [2018-03-31T11:52:43.266209 #31225] DEBUG -- : -------> building new state...
D, [2018-03-31T11:52:43.266431 #31225] DEBUG -- : -------> building selection...
D, [2018-03-31T11:52:43.266755 #31225] DEBUG -- : -------> building new state...
D, [2018-03-31T11:52:43.266867 #31225] DEBUG -- : -------> building new state...
D, [2018-03-31T11:52:43.267054 #31225] DEBUG -- : -------> building selection...
D, [2018-03-31T11:52:43.267403 #31225] DEBUG -- : -------> building new state...
D, [2018-03-31T11:52:43.267501 #31225] DEBUG -- : -------> building new state...
D, [2018-03-31T11:52:43.267697 #31225] DEBUG -- : -------> building selection...
D, [2018-03-31T11:52:43.268084 #31225] DEBUG -- : -------> building new state...
D, [2018-03-31T11:52:43.268188 #31225] DEBUG -- : -------> building new state...
D, [2018-03-31T11:52:43.268374 #31225] DEBUG -- : -------> building selection...
D, [2018-03-31T11:52:43.268704 #31225] DEBUG -- : -------> building new state...
D, [2018-03-31T11:52:43.268803 #31225] DEBUG -- : -------> building new state...
D, [2018-03-31T11:52:43.269022 #31225] DEBUG -- : -------> building selection...
D, [2018-03-31T11:52:43.269351 #31225] DEBUG -- : -------> building new state...
D, [2018-03-31T11:52:43.269450 #31225] DEBUG -- : -------> building new state...
D, [2018-03-31T11:52:43.269635 #31225] DEBUG -- : -------> building selection...
D, [2018-03-31T11:52:43.270002 #31225] DEBUG -- : -------> building new state...
D, [2018-03-31T11:52:43.270106 #31225] DEBUG -- : -------> building new state...
D, [2018-03-31T11:52:43.270291 #31225] DEBUG -- : -------> building selection...
D, [2018-03-31T11:52:43.270611 #31225] DEBUG -- : -------> building new state...
D, [2018-03-31T11:52:43.270709 #31225] DEBUG -- : -------> building new state...
D, [2018-03-31T11:52:43.270908 #31225] DEBUG -- : -------> building selection...
D, [2018-03-31T11:52:43.271270 #31225] DEBUG -- : -------> building new state...
D, [2018-03-31T11:52:43.271370 #31225] DEBUG -- : -------> building new state...
D, [2018-03-31T11:52:43.271558 #31225] DEBUG -- : -------> building selection...
D, [2018-03-31T11:52:43.271882 #31225] DEBUG -- : -------> building new state...
D, [2018-03-31T11:52:43.272023 #31225] DEBUG -- : -------> building new state...
D, [2018-03-31T11:52:43.272218 #31225] DEBUG -- : -------> building selection...
D, [2018-03-31T11:52:43.272548 #31225] DEBUG -- : -------> building new state...
D, [2018-03-31T11:52:43.272647 #31225] DEBUG -- : -------> building new state...
D, [2018-03-31T11:52:43.272835 #31225] DEBUG -- : -------> building selection...
D, [2018-03-31T11:52:43.273206 #31225] DEBUG -- : -------> building new state...
D, [2018-03-31T11:52:43.273309 #31225] DEBUG -- : -------> building new state...
D, [2018-03-31T11:52:43.273495 #31225] DEBUG -- : -------> building selection...
D, [2018-03-31T11:52:43.273825 #31225] DEBUG -- : -------> building new state...
D, [2018-03-31T11:52:43.273927 #31225] DEBUG -- : -------> building new state...
D, [2018-03-31T11:52:43.274113 #31225] DEBUG -- : -------> building selection...
D, [2018-03-31T11:52:43.274480 #31225] DEBUG -- : -------> building new state...
D, [2018-03-31T11:52:43.274581 #31225] DEBUG -- : -------> building new state...
D, [2018-03-31T11:52:43.274771 #31225] DEBUG -- : -------> building selection...
D, [2018-03-31T11:52:43.275112 #31225] DEBUG -- : -------> building new state...
D, [2018-03-31T11:52:43.275246 #31225] DEBUG -- : -------> building new state...
D, [2018-03-31T11:52:43.275441 #31225] DEBUG -- : -------> building selection...
D, [2018-03-31T11:52:43.275769 #31225] DEBUG -- : -------> building new state...
D, [2018-03-31T11:52:43.275874 #31225] DEBUG -- : -------> building new state...
D, [2018-03-31T11:52:43.276114 #31225] DEBUG -- : scoring weighed rated selections...
D, [2018-03-31T11:52:43.276164 #31225] DEBUG -- : Saving scored selections...
D, [2018-03-31T11:52:43.283738 #31225] DEBUG -- : State Score successfully calculated


D, [2018-03-31T11:52:43.283812 #31225] DEBUG -- : Scoring new state: {:rating=>37, :state=>{:unknown=>0, :possibly_lighter=>1, :possibly_heavier=>0, :normal=>7}}
D, [2018-03-31T11:52:43.283837 #31225] DEBUG -- : State Score successfully calculated


D, [2018-03-31T11:52:43.283873 #31225] DEBUG -- : Scoring new state: {:rating=>34, :state=>{:unknown=>0, :possibly_lighter=>1, :possibly_heavier=>1, :normal=>6}}
D, [2018-03-31T11:52:43.286631 #31225] DEBUG -- : returning fully calculated score...
D, [2018-03-31T11:52:43.286688 #31225] DEBUG -- : State Score successfully calculated


D, [2018-03-31T11:52:43.286721 #31225] DEBUG -- : Scoring new state: {:rating=>34, :state=>{:unknown=>0, :possibly_lighter=>2, :possibly_heavier=>0, :normal=>6}}
D, [2018-03-31T11:52:43.289284 #31225] DEBUG -- : returning fully calculated score...
D, [2018-03-31T11:52:43.289405 #31225] DEBUG -- : State Score successfully calculated


D, [2018-03-31T11:52:43.289447 #31225] DEBUG -- : Scoring new state: {:rating=>37, :state=>{:unknown=>0, :possibly_lighter=>0, :possibly_heavier=>1, :normal=>7}}
D, [2018-03-31T11:52:43.289468 #31225] DEBUG -- : State Score successfully calculated


D, [2018-03-31T11:52:43.289492 #31225] DEBUG -- : Scoring new state: {:rating=>31, :state=>{:unknown=>0, :possibly_lighter=>3, :possibly_heavier=>0, :normal=>5}}
D, [2018-03-31T11:52:43.293036 #31225] DEBUG -- : calculating updated score for older state...
D, [2018-03-31T11:52:43.296525 #31225] DEBUG -- : generating weighed rated selections...
D, [2018-03-31T11:52:43.297592 #31225] DEBUG -- : -------> building selection...
D, [2018-03-31T11:52:43.298609 #31225] DEBUG -- : -------> building new state...
D, [2018-03-31T11:52:43.299020 #31225] DEBUG -- : -------> building selection...
D, [2018-03-31T11:52:43.299419 #31225] DEBUG -- : -------> building new state...
D, [2018-03-31T11:52:43.299726 #31225] DEBUG -- : -------> building selection...
D, [2018-03-31T11:52:43.300117 #31225] DEBUG -- : -------> building new state...
D, [2018-03-31T11:52:43.300313 #31225] DEBUG -- : -------> building selection...
D, [2018-03-31T11:52:43.300645 #31225] DEBUG -- : -------> building new state...
D, [2018-03-31T11:52:43.300750 #31225] DEBUG -- : -------> building new state...
D, [2018-03-31T11:52:43.300981 #31225] DEBUG -- : -------> building selection...
D, [2018-03-31T11:52:43.301309 #31225] DEBUG -- : -------> building new state...
D, [2018-03-31T11:52:43.301412 #31225] DEBUG -- : -------> building new state...
D, [2018-03-31T11:52:43.301615 #31225] DEBUG -- : -------> building selection...
D, [2018-03-31T11:52:43.301939 #31225] DEBUG -- : -------> building new state...
D, [2018-03-31T11:52:43.302062 #31225] DEBUG -- : -------> building new state...
D, [2018-03-31T11:52:43.302261 #31225] DEBUG -- : -------> building selection...
D, [2018-03-31T11:52:43.302587 #31225] DEBUG -- : -------> building new state...
D, [2018-03-31T11:52:43.302688 #31225] DEBUG -- : -------> building new state...
D, [2018-03-31T11:52:43.302934 #31225] DEBUG -- : -------> building selection...
D, [2018-03-31T11:52:43.303287 #31225] DEBUG -- : -------> building new state...
D, [2018-03-31T11:52:43.303391 #31225] DEBUG -- : -------> building new state...
D, [2018-03-31T11:52:43.303576 #31225] DEBUG -- : -------> building selection...
D, [2018-03-31T11:52:43.303903 #31225] DEBUG -- : -------> building new state...
D, [2018-03-31T11:52:43.304018 #31225] DEBUG -- : -------> building new state...
D, [2018-03-31T11:52:43.304209 #31225] DEBUG -- : -------> building selection...
D, [2018-03-31T11:52:43.304577 #31225] DEBUG -- : -------> building new state...
D, [2018-03-31T11:52:43.304682 #31225] DEBUG -- : -------> building new state...
D, [2018-03-31T11:52:43.304867 #31225] DEBUG -- : -------> building selection...
D, [2018-03-31T11:52:43.305191 #31225] DEBUG -- : -------> building new state...
D, [2018-03-31T11:52:43.305291 #31225] DEBUG -- : -------> building new state...
D, [2018-03-31T11:52:43.305477 #31225] DEBUG -- : -------> building selection...
D, [2018-03-31T11:52:43.305837 #31225] DEBUG -- : -------> building new state...
D, [2018-03-31T11:52:43.305939 #31225] DEBUG -- : -------> building new state...
D, [2018-03-31T11:52:43.306137 #31225] DEBUG -- : -------> building selection...
D, [2018-03-31T11:52:43.306459 #31225] DEBUG -- : -------> building new state...
D, [2018-03-31T11:52:43.306559 #31225] DEBUG -- : -------> building new state...
D, [2018-03-31T11:52:43.306791 #31225] DEBUG -- : -------> building selection...
D, [2018-03-31T11:52:43.307153 #31225] DEBUG -- : -------> building new state...
D, [2018-03-31T11:52:43.307257 #31225] DEBUG -- : -------> building new state...
D, [2018-03-31T11:52:43.307446 #31225] DEBUG -- : -------> building selection...
D, [2018-03-31T11:52:43.307787 #31225] DEBUG -- : -------> building new state...
D, [2018-03-31T11:52:43.307909 #31225] DEBUG -- : -------> building new state...
D, [2018-03-31T11:52:43.308101 #31225] DEBUG -- : -------> building selection...
D, [2018-03-31T11:52:43.308429 #31225] DEBUG -- : -------> building new state...
D, [2018-03-31T11:52:43.308532 #31225] DEBUG -- : -------> building new state...
D, [2018-03-31T11:52:43.308750 #31225] DEBUG -- : -------> building selection...
D, [2018-03-31T11:52:43.309163 #31225] DEBUG -- : -------> building new state...
D, [2018-03-31T11:52:43.309262 #31225] DEBUG -- : -------> building new state...
D, [2018-03-31T11:52:43.309450 #31225] DEBUG -- : -------> building selection...
D, [2018-03-31T11:52:43.309814 #31225] DEBUG -- : -------> building new state...
D, [2018-03-31T11:52:43.309916 #31225] DEBUG -- : -------> building new state...
D, [2018-03-31T11:52:43.310104 #31225] DEBUG -- : -------> building selection...
D, [2018-03-31T11:52:43.310424 #31225] DEBUG -- : -------> building new state...
D, [2018-03-31T11:52:43.310521 #31225] DEBUG -- : -------> building new state...
D, [2018-03-31T11:52:43.310742 #31225] DEBUG -- : scoring weighed rated selections...
D, [2018-03-31T11:52:43.310780 #31225] DEBUG -- : Saving scored selections...
D, [2018-03-31T11:52:43.314988 #31225] DEBUG -- : State Score successfully calculated


D, [2018-03-31T11:52:43.315078 #31225] DEBUG -- : Saving scored selections...
D, [2018-03-31T11:52:43.352015 #31225] DEBUG -- : State Score successfully calculated


D, [2018-03-31T11:52:43.352089 #31225] DEBUG -- : Scoring new state: {:rating=>37, :state=>{:unknown=>0, :possibly_lighter=>0, :possibly_heavier=>1, :normal=>7}}
D, [2018-03-31T11:52:43.352115 #31225] DEBUG -- : State Score successfully calculated


D, [2018-03-31T11:52:43.352141 #31225] DEBUG -- : Scoring new state: {:rating=>31, :state=>{:unknown=>0, :possibly_lighter=>1, :possibly_heavier=>2, :normal=>5}}
D, [2018-03-31T11:52:43.354851 #31225] DEBUG -- : generating score for new state...
D, [2018-03-31T11:52:43.358524 #31225] DEBUG -- : new state info recorded
D, [2018-03-31T11:52:43.361961 #31225] DEBUG -- : generating weighed rated selections...
D, [2018-03-31T11:52:43.560511 #31225] DEBUG -- : scoring weighed rated selections...
D, [2018-03-31T11:52:43.560651 #31225] DEBUG -- : Saving scored selections...
D, [2018-03-31T11:52:43.567865 #31225] DEBUG -- : State Score successfully calculated


D, [2018-03-31T11:52:45.116994 #31225] DEBUG -- : calculating updated score for older state...
D, [2018-03-31T11:52:45.120569 #31225] DEBUG -- : generating weighed rated selections...
D, [2018-03-31T11:52:45.133832 #31225] DEBUG -- : scoring weighed rated selections...
D, [2018-03-31T11:52:45.133926 #31225] DEBUG -- : Scoring new state: {:rating=>10, :state=>{:unknown=>1, :possibly_lighter=>0, :possibly_heavier=>0, :normal=>2}}
D, [2018-03-31T11:52:45.138124 #31225] DEBUG -- : calculating updated score for older state...
D, [2018-03-31T11:52:45.141607 #31225] DEBUG -- : generating weighed rated selections...
D, [2018-03-31T11:52:45.164235 #31225] DEBUG -- : scoring weighed rated selections...
D, [2018-03-31T11:52:45.164319 #31225] DEBUG -- : Saving scored selections...
D, [2018-03-31T11:52:45.167677 #31225] DEBUG -- : State Score successfully calculated


D, [2018-03-31T11:52:45.167766 #31225] DEBUG -- : Scoring new state: {:rating=>9, :state=>{:unknown=>0, :possibly_lighter=>1, :possibly_heavier=>1, :normal=>1}}
D, [2018-03-31T11:52:45.170291 #31225] DEBUG -- : calculating updated score for older state...
D, [2018-03-31T11:52:45.173724 #31225] DEBUG -- : generating weighed rated selections...
D, [2018-03-31T11:52:45.233480 #31225] DEBUG -- : scoring weighed rated selections...
D, [2018-03-31T11:52:45.233568 #31225] DEBUG -- : Saving scored selections...
D, [2018-03-31T11:52:45.238455 #31225] DEBUG -- : State Score successfully calculated


D, [2018-03-31T11:52:45.238540 #31225] DEBUG -- : Saving scored selections...
D, [2018-03-31T11:52:45.245757 #31225] DEBUG -- : -------> building selection...
D, [2018-03-31T11:52:45.246584 #31225] DEBUG -- : -------> building new state...
D, [2018-03-31T11:52:45.246901 #31225] DEBUG -- : -------> building new state...
D, [2018-03-31T11:52:45.247117 #31225] DEBUG -- : -------> building selection...
D, [2018-03-31T11:52:45.247418 #31225] DEBUG -- : -------> building new state...
D, [2018-03-31T11:52:45.247518 #31225] DEBUG -- : -------> building new state...
D, [2018-03-31T11:52:45.247794 #31225] DEBUG -- : -------> building selection...
D, [2018-03-31T11:52:45.248144 #31225] DEBUG -- : -------> building new state...
D, [2018-03-31T11:52:45.248254 #31225] DEBUG -- : -------> building new state...
D, [2018-03-31T11:52:45.248427 #31225] DEBUG -- : -------> building selection...
D, [2018-03-31T11:52:45.248859 #31225] DEBUG -- : -------> building new state...
D, [2018-03-31T11:52:45.248973 #31225] DEBUG -- : -------> building new state...
D, [2018-03-31T11:52:45.249251 #31225] DEBUG -- : -------> building selection...
D, [2018-03-31T11:52:45.249583 #31225] DEBUG -- : -------> building new state...
D, [2018-03-31T11:52:45.249683 #31225] DEBUG -- : -------> building new state...
D, [2018-03-31T11:52:45.249859 #31225] DEBUG -- : -------> building selection...
D, [2018-03-31T11:52:45.250143 #31225] DEBUG -- : -------> building new state...
D, [2018-03-31T11:52:45.250241 #31225] DEBUG -- : -------> building new state...
D, [2018-03-31T11:52:45.326436 #31225] DEBUG -- : calculating updated score for older state...
D, [2018-03-31T11:52:45.330138 #31225] DEBUG -- : generating weighed rated selections...
D, [2018-03-31T11:52:45.342929 #31225] DEBUG -- : scoring weighed rated selections...
D, [2018-03-31T11:52:45.343057 #31225] DEBUG -- : Scoring new state: {:rating=>10, :state=>{:unknown=>1, :possibly_lighter=>0, :possibly_heavier=>0, :normal=>2}}
D, [2018-03-31T11:52:45.346630 #31225] DEBUG -- : calculating updated score for older state...
D, [2018-03-31T11:52:45.350364 #31225] DEBUG -- : generating weighed rated selections...
D, [2018-03-31T11:52:45.370496 #31225] DEBUG -- : scoring weighed rated selections...
D, [2018-03-31T11:52:45.370590 #31225] DEBUG -- : Saving scored selections...
D, [2018-03-31T11:52:45.374223 #31225] DEBUG -- : State Score successfully calculated


D, [2018-03-31T11:52:45.374320 #31225] DEBUG -- : Scoring new state: {:rating=>9, :state=>{:unknown=>0, :possibly_lighter=>1, :possibly_heavier=>1, :normal=>1}}
D, [2018-03-31T11:52:45.377021 #31225] DEBUG -- : calculating updated score for older state...
D, [2018-03-31T11:52:45.380563 #31225] DEBUG -- : generating weighed rated selections...
D, [2018-03-31T11:52:45.411010 #31225] DEBUG -- : scoring weighed rated selections...
D, [2018-03-31T11:52:45.411101 #31225] DEBUG -- : Saving scored selections...
D, [2018-03-31T11:52:45.416134 #31225] DEBUG -- : State Score successfully calculated


D, [2018-03-31T11:52:45.416225 #31225] DEBUG -- : Saving scored selections...
D, [2018-03-31T11:52:45.490792 #31225] DEBUG -- : calculating updated score for older state...
D, [2018-03-31T11:52:45.494798 #31225] DEBUG -- : generating weighed rated selections...
D, [2018-03-31T11:52:45.507713 #31225] DEBUG -- : scoring weighed rated selections...
D, [2018-03-31T11:52:45.507814 #31225] DEBUG -- : Scoring new state: {:rating=>10, :state=>{:unknown=>1, :possibly_lighter=>0, :possibly_heavier=>0, :normal=>2}}
D, [2018-03-31T11:52:45.510766 #31225] DEBUG -- : calculating updated score for older state...
D, [2018-03-31T11:52:45.514257 #31225] DEBUG -- : generating weighed rated selections...
D, [2018-03-31T11:52:45.534501 #31225] DEBUG -- : scoring weighed rated selections...
D, [2018-03-31T11:52:45.534594 #31225] DEBUG -- : Saving scored selections...
D, [2018-03-31T11:52:45.537879 #31225] DEBUG -- : State Score successfully calculated


D, [2018-03-31T11:52:45.537968 #31225] DEBUG -- : Scoring new state: {:rating=>9, :state=>{:unknown=>0, :possibly_lighter=>1, :possibly_heavier=>1, :normal=>1}}
D, [2018-03-31T11:52:45.540597 #31225] DEBUG -- : calculating updated score for older state...
D, [2018-03-31T11:52:45.544081 #31225] DEBUG -- : generating weighed rated selections...
D, [2018-03-31T11:52:45.573884 #31225] DEBUG -- : scoring weighed rated selections...
D, [2018-03-31T11:52:45.573976 #31225] DEBUG -- : Saving scored selections...
D, [2018-03-31T11:52:45.578878 #31225] DEBUG -- : State Score successfully calculated


D, [2018-03-31T11:52:45.578977 #31225] DEBUG -- : Saving scored selections...
D, [2018-03-31T11:52:45.583370 #31225] DEBUG -- : -------> building new state...
D, [2018-03-31T11:52:45.584135 #31225] DEBUG -- : -------> building new state...
D, [2018-03-31T11:52:45.656546 #31225] DEBUG -- : calculating updated score for older state...
D, [2018-03-31T11:52:45.660355 #31225] DEBUG -- : generating weighed rated selections...
D, [2018-03-31T11:52:45.673226 #31225] DEBUG -- : scoring weighed rated selections...
D, [2018-03-31T11:52:45.673325 #31225] DEBUG -- : Scoring new state: {:rating=>10, :state=>{:unknown=>1, :possibly_lighter=>0, :possibly_heavier=>0, :normal=>2}}
D, [2018-03-31T11:52:45.676126 #31225] DEBUG -- : calculating updated score for older state...
D, [2018-03-31T11:52:45.679672 #31225] DEBUG -- : generating weighed rated selections...
D, [2018-03-31T11:52:45.699254 #31225] DEBUG -- : scoring weighed rated selections...
D, [2018-03-31T11:52:45.699343 #31225] DEBUG -- : Saving scored selections...
D, [2018-03-31T11:52:45.702710 #31225] DEBUG -- : State Score successfully calculated


D, [2018-03-31T11:52:45.702799 #31225] DEBUG -- : Scoring new state: {:rating=>9, :state=>{:unknown=>0, :possibly_lighter=>1, :possibly_heavier=>1, :normal=>1}}
D, [2018-03-31T11:52:45.707361 #31225] DEBUG -- : calculating updated score for older state...
D, [2018-03-31T11:52:45.712960 #31225] DEBUG -- : generating weighed rated selections...
D, [2018-03-31T11:52:45.743050 #31225] DEBUG -- : scoring weighed rated selections...
D, [2018-03-31T11:52:45.743138 #31225] DEBUG -- : Saving scored selections...
D, [2018-03-31T11:52:45.747816 #31225] DEBUG -- : State Score successfully calculated


D, [2018-03-31T11:52:45.747895 #31225] DEBUG -- : Saving scored selections...
D, [2018-03-31T11:52:45.752915 #31225] DEBUG -- : -------> building selection...
D, [2018-03-31T11:52:45.753708 #31225] DEBUG -- : -------> building new state...
D, [2018-03-31T11:52:45.754021 #31225] DEBUG -- : -------> building new state...
D, [2018-03-31T11:52:45.754339 #31225] DEBUG -- : -------> building selection...
D, [2018-03-31T11:52:45.754649 #31225] DEBUG -- : -------> building new state...
D, [2018-03-31T11:52:45.754752 #31225] DEBUG -- : -------> building new state...
D, [2018-03-31T11:52:45.754995 #31225] DEBUG -- : -------> building selection...
D, [2018-03-31T11:52:45.755288 #31225] DEBUG -- : -------> building new state...
D, [2018-03-31T11:52:45.755392 #31225] DEBUG -- : -------> building new state...
D, [2018-03-31T11:52:45.755608 #31225] DEBUG -- : -------> building selection...
D, [2018-03-31T11:52:45.755892 #31225] DEBUG -- : -------> building new state...
D, [2018-03-31T11:52:45.755991 #31225] DEBUG -- : -------> building new state...
D, [2018-03-31T11:52:45.756180 #31225] DEBUG -- : -------> building selection...
D, [2018-03-31T11:52:45.756486 #31225] DEBUG -- : -------> building new state...
D, [2018-03-31T11:52:45.756587 #31225] DEBUG -- : -------> building new state...
D, [2018-03-31T11:53:01.795610 #31998] DEBUG -- : Scoring new state: {:rating=>31, :state=>{:unknown=>0, :possibly_lighter=>1, :possibly_heavier=>2, :normal=>5}}
D, [2018-03-31T11:53:01.798605 #31998] DEBUG -- : generating score for new state...
D, [2018-03-31T11:53:01.802424 #31998] DEBUG -- : new state info recorded
D, [2018-03-31T11:53:01.805916 #31998] DEBUG -- : generating weighed rated selections...
D, [2018-03-31T11:53:02.018365 #31998] DEBUG -- : scoring weighed rated selections...
D, [2018-03-31T11:53:02.018483 #31998] DEBUG -- : Saving scored selections...
D, [2018-03-31T11:53:02.025974 #31998] DEBUG -- : State Score successfully calculated


D, [2018-03-31T11:53:02.026070 #31998] DEBUG -- : Scoring new state: {:rating=>34, :state=>{:unknown=>0, :possibly_lighter=>1, :possibly_heavier=>1, :normal=>6}}
D, [2018-03-31T11:53:02.028957 #31998] DEBUG -- : calculating updated score for older state...
D, [2018-03-31T11:53:02.032751 #31998] DEBUG -- : generating weighed rated selections...
D, [2018-03-31T11:53:02.138068 #31998] DEBUG -- : scoring weighed rated selections...
D, [2018-03-31T11:53:02.138204 #31998] DEBUG -- : Saving scored selections...
D, [2018-03-31T11:53:02.154009 #31998] DEBUG -- : State Score successfully calculated


D, [2018-03-31T11:53:02.154113 #31998] DEBUG -- : Scoring new state: {:rating=>31, :state=>{:unknown=>0, :possibly_lighter=>2, :possibly_heavier=>1, :normal=>5}}
D, [2018-03-31T11:53:02.156828 #31998] DEBUG -- : generating score for new state...
D, [2018-03-31T11:53:02.160426 #31998] DEBUG -- : new state info recorded
D, [2018-03-31T11:53:02.164568 #31998] DEBUG -- : generating weighed rated selections...
D, [2018-03-31T11:53:02.359541 #31998] DEBUG -- : scoring weighed rated selections...
D, [2018-03-31T11:53:02.359672 #31998] DEBUG -- : Saving scored selections...
D, [2018-03-31T11:53:02.366935 #31998] DEBUG -- : State Score successfully calculated


D, [2018-03-31T11:53:02.367028 #31998] DEBUG -- : Scoring new state: {:rating=>34, :state=>{:unknown=>0, :possibly_lighter=>1, :possibly_heavier=>1, :normal=>6}}
D, [2018-03-31T11:53:02.369709 #31998] DEBUG -- : returning fully calculated score...
D, [2018-03-31T11:53:02.369777 #31998] DEBUG -- : State Score successfully calculated


D, [2018-03-31T11:53:02.434878 #31998] DEBUG -- : Scoring new state: {:rating=>31, :state=>{:unknown=>0, :possibly_lighter=>1, :possibly_heavier=>2, :normal=>5}}
D, [2018-03-31T11:53:02.437751 #31998] DEBUG -- : generating score for new state...
D, [2018-03-31T11:53:02.441377 #31998] DEBUG -- : new state info recorded
D, [2018-03-31T11:53:02.444848 #31998] DEBUG -- : generating weighed rated selections...
D, [2018-03-31T11:53:02.662397 #31998] DEBUG -- : scoring weighed rated selections...
D, [2018-03-31T11:53:02.662516 #31998] DEBUG -- : Saving scored selections...
D, [2018-03-31T11:53:02.670964 #31998] DEBUG -- : State Score successfully calculated


D, [2018-03-31T11:53:02.671046 #31998] DEBUG -- : Scoring new state: {:rating=>34, :state=>{:unknown=>0, :possibly_lighter=>1, :possibly_heavier=>1, :normal=>6}}
D, [2018-03-31T11:53:02.673650 #31998] DEBUG -- : calculating updated score for older state...
D, [2018-03-31T11:53:02.677186 #31998] DEBUG -- : generating weighed rated selections...
D, [2018-03-31T11:53:02.781591 #31998] DEBUG -- : scoring weighed rated selections...
D, [2018-03-31T11:53:02.781709 #31998] DEBUG -- : Saving scored selections...
D, [2018-03-31T11:53:02.797415 #31998] DEBUG -- : State Score successfully calculated


D, [2018-03-31T11:53:02.797514 #31998] DEBUG -- : Scoring new state: {:rating=>31, :state=>{:unknown=>0, :possibly_lighter=>2, :possibly_heavier=>1, :normal=>5}}
D, [2018-03-31T11:53:02.800076 #31998] DEBUG -- : generating score for new state...
D, [2018-03-31T11:53:02.804679 #31998] DEBUG -- : new state info recorded
D, [2018-03-31T11:53:02.808212 #31998] DEBUG -- : generating weighed rated selections...
D, [2018-03-31T11:53:03.005687 #31998] DEBUG -- : scoring weighed rated selections...
D, [2018-03-31T11:53:03.005815 #31998] DEBUG -- : Saving scored selections...
D, [2018-03-31T11:53:03.014688 #31998] DEBUG -- : State Score successfully calculated


D, [2018-03-31T11:53:03.081657 #31998] DEBUG -- : Scoring new state: {:rating=>29, :state=>{:unknown=>1, :possibly_lighter=>2, :possibly_heavier=>0, :normal=>5}}
D, [2018-03-31T11:53:03.084484 #31998] DEBUG -- : generating score for new state...
D, [2018-03-31T11:53:03.088109 #31998] DEBUG -- : new state info recorded
D, [2018-03-31T11:53:03.091615 #31998] DEBUG -- : generating weighed rated selections...
D, [2018-03-31T11:53:03.329318 #31998] DEBUG -- : scoring weighed rated selections...
D, [2018-03-31T11:53:03.329459 #31998] DEBUG -- : Scoring new state: {:rating=>32, :state=>{:unknown=>1, :possibly_lighter=>1, :possibly_heavier=>0, :normal=>6}}
D, [2018-03-31T11:53:03.333445 #31998] DEBUG -- : calculating updated score for older state...
D, [2018-03-31T11:53:03.336941 #31998] DEBUG -- : generating weighed rated selections...
D, [2018-03-31T11:53:03.466292 #31998] DEBUG -- : scoring weighed rated selections...
D, [2018-03-31T11:53:03.466414 #31998] DEBUG -- : Saving scored selections...
D, [2018-03-31T11:53:03.473816 #31998] DEBUG -- : State Score successfully calculated


D, [2018-03-31T11:53:03.473912 #31998] DEBUG -- : Scoring new state: {:rating=>37, :state=>{:unknown=>0, :possibly_lighter=>1, :possibly_heavier=>0, :normal=>7}}
D, [2018-03-31T11:53:03.473955 #31998] DEBUG -- : State Score successfully calculated


D, [2018-03-31T11:53:03.473990 #31998] DEBUG -- : Scoring new state: {:rating=>37, :state=>{:unknown=>0, :possibly_lighter=>0, :possibly_heavier=>1, :normal=>7}}
D, [2018-03-31T11:53:03.474015 #31998] DEBUG -- : State Score successfully calculated


D, [2018-03-31T11:53:03.474041 #31998] DEBUG -- : Scoring new state: {:rating=>37, :state=>{:unknown=>0, :possibly_lighter=>1, :possibly_heavier=>0, :normal=>7}}
D, [2018-03-31T11:53:03.474059 #31998] DEBUG -- : State Score successfully calculated


D, [2018-03-31T11:53:03.474084 #31998] DEBUG -- : Scoring new state: {:rating=>34, :state=>{:unknown=>0, :possibly_lighter=>2, :possibly_heavier=>0, :normal=>6}}
D, [2018-03-31T11:53:03.476744 #31998] DEBUG -- : calculating updated score for older state...
D, [2018-03-31T11:53:03.480222 #31998] DEBUG -- : generating weighed rated selections...
D, [2018-03-31T11:53:03.525286 #31998] DEBUG -- : scoring weighed rated selections...
D, [2018-03-31T11:53:03.525386 #31998] DEBUG -- : Saving scored selections...
D, [2018-03-31T11:53:03.534891 #31998] DEBUG -- : State Score successfully calculated


D, [2018-03-31T11:53:03.534988 #31998] DEBUG -- : Scoring new state: {:rating=>32, :state=>{:unknown=>1, :possibly_lighter=>1, :possibly_heavier=>0, :normal=>6}}
D, [2018-03-31T11:53:03.537640 #31998] DEBUG -- : calculating updated score for older state...
D, [2018-03-31T11:53:03.541192 #31998] DEBUG -- : generating weighed rated selections...
D, [2018-03-31T11:53:03.542261 #31998] DEBUG -- : -------> building selection...
D, [2018-03-31T11:53:03.543108 #31998] DEBUG -- : -------> building new state...
D, [2018-03-31T11:53:03.543469 #31998] DEBUG -- : -------> building new state...
D, [2018-03-31T11:53:03.543708 #31998] DEBUG -- : -------> building selection...
D, [2018-03-31T11:53:03.544056 #31998] DEBUG -- : -------> building new state...
D, [2018-03-31T11:53:03.544170 #31998] DEBUG -- : -------> building new state...
D, [2018-03-31T11:53:03.544353 #31998] DEBUG -- : -------> building selection...
D, [2018-03-31T11:53:03.544657 #31998] DEBUG -- : -------> building new state...
D, [2018-03-31T11:53:03.544756 #31998] DEBUG -- : -------> building new state...
D, [2018-03-31T11:53:03.544950 #31998] DEBUG -- : -------> building selection...
D, [2018-03-31T11:53:03.545253 #31998] DEBUG -- : -------> building new state...
D, [2018-03-31T11:53:03.545373 #31998] DEBUG -- : -------> building new state...
D, [2018-03-31T11:53:03.545554 #31998] DEBUG -- : -------> building selection...
D, [2018-03-31T11:53:03.545860 #31998] DEBUG -- : -------> building new state...
D, [2018-03-31T11:53:03.545960 #31998] DEBUG -- : -------> building new state...
D, [2018-03-31T11:53:03.546151 #31998] DEBUG -- : -------> building selection...
D, [2018-03-31T11:53:03.546458 #31998] DEBUG -- : -------> building new state...
D, [2018-03-31T11:53:03.546559 #31998] DEBUG -- : -------> building new state...
D, [2018-03-31T11:53:03.546748 #31998] DEBUG -- : -------> building selection...
D, [2018-03-31T11:53:03.547074 #31998] DEBUG -- : -------> building new state...
D, [2018-03-31T11:53:03.547195 #31998] DEBUG -- : -------> building new state...
D, [2018-03-31T11:53:03.547373 #31998] DEBUG -- : -------> building selection...
D, [2018-03-31T11:53:03.547787 #31998] DEBUG -- : -------> building new state...
D, [2018-03-31T11:53:03.547973 #31998] DEBUG -- : -------> building new state...
D, [2018-03-31T11:53:03.548172 #31998] DEBUG -- : -------> building selection...
D, [2018-03-31T11:53:03.548490 #31998] DEBUG -- : -------> building new state...
D, [2018-03-31T11:53:03.548612 #31998] DEBUG -- : -------> building new state...
D, [2018-03-31T11:53:03.548833 #31998] DEBUG -- : -------> building selection...
D, [2018-03-31T11:53:03.549296 #31998] DEBUG -- : -------> building new state...
D, [2018-03-31T11:53:03.549404 #31998] DEBUG -- : -------> building new state...
D, [2018-03-31T11:53:03.549609 #31998] DEBUG -- : -------> building selection...
D, [2018-03-31T11:53:03.549959 #31998] DEBUG -- : -------> building new state...
D, [2018-03-31T11:53:03.550156 #31998] DEBUG -- : -------> building new state...
D, [2018-03-31T11:53:03.550366 #31998] DEBUG -- : -------> building selection...
D, [2018-03-31T11:53:03.550697 #31998] DEBUG -- : -------> building new state...
D, [2018-03-31T11:53:03.550809 #31998] DEBUG -- : -------> building new state...
D, [2018-03-31T11:53:03.550998 #31998] DEBUG -- : -------> building selection...
D, [2018-03-31T11:53:03.551300 #31998] DEBUG -- : -------> building new state...
D, [2018-03-31T11:53:03.551413 #31998] DEBUG -- : -------> building new state...
D, [2018-03-31T11:53:03.551625 #31998] DEBUG -- : -------> building selection...
D, [2018-03-31T11:53:03.552038 #31998] DEBUG -- : -------> building new state...
D, [2018-03-31T11:53:03.552142 #31998] DEBUG -- : -------> building new state...
D, [2018-03-31T11:53:03.552342 #31998] DEBUG -- : -------> building selection...
D, [2018-03-31T11:53:03.552648 #31998] DEBUG -- : -------> building new state...
D, [2018-03-31T11:53:03.552759 #31998] DEBUG -- : -------> building new state...
D, [2018-03-31T11:53:03.552935 #31998] DEBUG -- : -------> building selection...
D, [2018-03-31T11:53:03.553251 #31998] DEBUG -- : -------> building new state...
D, [2018-03-31T11:53:03.553352 #31998] DEBUG -- : -------> building new state...
D, [2018-03-31T11:53:03.553529 #31998] DEBUG -- : -------> building selection...
D, [2018-03-31T11:53:03.553842 #31998] DEBUG -- : -------> building new state...
D, [2018-03-31T11:53:03.553951 #31998] DEBUG -- : -------> building new state...
D, [2018-03-31T11:53:03.554125 #31998] DEBUG -- : -------> building selection...
D, [2018-03-31T11:53:03.554441 #31998] DEBUG -- : -------> building new state...
D, [2018-03-31T11:53:03.554545 #31998] DEBUG -- : -------> building new state...
D, [2018-03-31T11:53:03.554732 #31998] DEBUG -- : -------> building selection...
D, [2018-03-31T11:53:03.555103 #31998] DEBUG -- : -------> building new state...
D, [2018-03-31T11:53:03.555298 #31998] DEBUG -- : -------> building new state...
D, [2018-03-31T11:53:03.555624 #31998] DEBUG -- : -------> building selection...
D, [2018-03-31T11:53:03.555968 #31998] DEBUG -- : -------> building new state...
D, [2018-03-31T11:53:03.556112 #31998] DEBUG -- : -------> building new state...
D, [2018-03-31T11:53:03.556309 #31998] DEBUG -- : -------> building selection...
D, [2018-03-31T11:53:03.556643 #31998] DEBUG -- : -------> building new state...
D, [2018-03-31T11:53:03.556764 #31998] DEBUG -- : -------> building new state...
D, [2018-03-31T11:53:03.556971 #31998] DEBUG -- : -------> building selection...
D, [2018-03-31T11:53:03.557307 #31998] DEBUG -- : -------> building new state...
D, [2018-03-31T11:53:03.557419 #31998] DEBUG -- : -------> building new state...
D, [2018-03-31T11:53:03.557632 #31998] DEBUG -- : -------> building selection...
D, [2018-03-31T11:53:03.557964 #31998] DEBUG -- : -------> building new state...
D, [2018-03-31T11:53:03.558084 #31998] DEBUG -- : -------> building new state...
D, [2018-03-31T11:53:03.558262 #31998] DEBUG -- : -------> building selection...
D, [2018-03-31T11:53:03.558576 #31998] DEBUG -- : -------> building new state...
D, [2018-03-31T11:53:03.558691 #31998] DEBUG -- : -------> building new state...
D, [2018-03-31T11:53:03.558899 #31998] DEBUG -- : -------> building selection...
D, [2018-03-31T11:53:03.559220 #31998] DEBUG -- : -------> building new state...
D, [2018-03-31T11:53:03.559321 #31998] DEBUG -- : -------> building new state...
D, [2018-03-31T11:53:03.559511 #31998] DEBUG -- : -------> building selection...
D, [2018-03-31T11:53:03.559839 #31998] DEBUG -- : -------> building new state...
D, [2018-03-31T11:53:03.559952 #31998] DEBUG -- : -------> building new state...
D, [2018-03-31T11:53:03.560145 #31998] DEBUG -- : scoring weighed rated selections...
D, [2018-03-31T11:53:03.560189 #31998] DEBUG -- : Saving scored selections...
D, [2018-03-31T11:53:03.566686 #31998] DEBUG -- : State Score successfully calculated


D, [2018-03-31T11:53:03.566770 #31998] DEBUG -- : Scoring new state: {:rating=>37, :state=>{:unknown=>0, :possibly_lighter=>1, :possibly_heavier=>0, :normal=>7}}
D, [2018-03-31T11:53:03.566794 #31998] DEBUG -- : State Score successfully calculated


D, [2018-03-31T11:53:03.566839 #31998] DEBUG -- : Scoring new state: {:rating=>35, :state=>{:unknown=>1, :possibly_lighter=>0, :possibly_heavier=>0, :normal=>7}}
D, [2018-03-31T11:53:03.569590 #31998] DEBUG -- : calculating updated score for older state...
D, [2018-03-31T11:53:03.573048 #31998] DEBUG -- : generating weighed rated selections...
D, [2018-03-31T11:53:03.624739 #31998] DEBUG -- : scoring weighed rated selections...
D, [2018-03-31T11:53:03.624854 #31998] DEBUG -- : Saving scored selections...
D, [2018-03-31T11:53:03.633859 #31998] DEBUG -- : State Score successfully calculated


D, [2018-03-31T11:53:03.633952 #31998] DEBUG -- : Scoring new state: {:rating=>37, :state=>{:unknown=>0, :possibly_lighter=>1, :possibly_heavier=>0, :normal=>7}}
D, [2018-03-31T11:53:03.633978 #31998] DEBUG -- : State Score successfully calculated


D, [2018-03-31T11:53:03.634014 #31998] DEBUG -- : Scoring new state: {:rating=>34, :state=>{:unknown=>0, :possibly_lighter=>1, :possibly_heavier=>1, :normal=>6}}
D, [2018-03-31T11:53:03.636653 #31998] DEBUG -- : calculating updated score for older state...
D, [2018-03-31T11:53:03.640301 #31998] DEBUG -- : generating weighed rated selections...
D, [2018-03-31T11:53:03.749375 #31998] DEBUG -- : scoring weighed rated selections...
D, [2018-03-31T11:53:03.749488 #31998] DEBUG -- : Saving scored selections...
D, [2018-03-31T11:53:03.765200 #31998] DEBUG -- : State Score successfully calculated


D, [2018-03-31T11:53:03.765292 #31998] DEBUG -- : Scoring new state: {:rating=>37, :state=>{:unknown=>0, :possibly_lighter=>1, :possibly_heavier=>0, :normal=>7}}
D, [2018-03-31T11:53:03.765318 #31998] DEBUG -- : State Score successfully calculated


D, [2018-03-31T11:53:03.765378 #31998] DEBUG -- : Scoring new state: {:rating=>37, :state=>{:unknown=>0, :possibly_lighter=>0, :possibly_heavier=>1, :normal=>7}}
D, [2018-03-31T11:53:03.765398 #31998] DEBUG -- : State Score successfully calculated


D, [2018-03-31T11:53:03.765423 #31998] DEBUG -- : Scoring new state: {:rating=>37, :state=>{:unknown=>0, :possibly_lighter=>1, :possibly_heavier=>0, :normal=>7}}
D, [2018-03-31T11:53:03.765441 #31998] DEBUG -- : State Score successfully calculated


D, [2018-03-31T11:53:03.765465 #31998] DEBUG -- : Scoring new state: {:rating=>34, :state=>{:unknown=>0, :possibly_lighter=>2, :possibly_heavier=>0, :normal=>6}}
D, [2018-03-31T11:53:03.768073 #31998] DEBUG -- : returning fully calculated score...
D, [2018-03-31T11:53:03.768134 #31998] DEBUG -- : State Score successfully calculated


D, [2018-03-31T11:53:03.768175 #31998] DEBUG -- : Scoring new state: {:rating=>34, :state=>{:unknown=>0, :possibly_lighter=>1, :possibly_heavier=>1, :normal=>6}}
D, [2018-03-31T11:53:03.770703 #31998] DEBUG -- : returning fully calculated score...
D, [2018-03-31T11:53:03.770767 #31998] DEBUG -- : State Score successfully calculated


D, [2018-03-31T11:53:03.770820 #31998] DEBUG -- : Scoring new state: {:rating=>37, :state=>{:unknown=>0, :possibly_lighter=>1, :possibly_heavier=>0, :normal=>7}}
D, [2018-03-31T11:53:03.770842 #31998] DEBUG -- : State Score successfully calculated


D, [2018-03-31T11:53:03.770873 #31998] DEBUG -- : Scoring new state: {:rating=>32, :state=>{:unknown=>1, :possibly_lighter=>1, :possibly_heavier=>0, :normal=>6}}
D, [2018-03-31T11:53:03.773336 #31998] DEBUG -- : calculating updated score for older state...
D, [2018-03-31T11:53:03.777122 #31998] DEBUG -- : generating weighed rated selections...
D, [2018-03-31T11:53:03.778165 #31998] DEBUG -- : -------> building selection...
D, [2018-03-31T11:53:03.779040 #31998] DEBUG -- : -------> building new state...
D, [2018-03-31T11:53:03.779427 #31998] DEBUG -- : -------> building new state...
D, [2018-03-31T11:53:03.779727 #31998] DEBUG -- : -------> building selection...
D, [2018-03-31T11:53:03.780216 #31998] DEBUG -- : -------> building new state...
D, [2018-03-31T11:53:03.780327 #31998] DEBUG -- : -------> building new state...
D, [2018-03-31T11:53:03.780515 #31998] DEBUG -- : -------> building selection...
D, [2018-03-31T11:53:03.780837 #31998] DEBUG -- : -------> building new state...
D, [2018-03-31T11:53:03.780970 #31998] DEBUG -- : -------> building new state...
D, [2018-03-31T11:53:03.781153 #31998] DEBUG -- : -------> building selection...
D, [2018-03-31T11:53:03.781468 #31998] DEBUG -- : -------> building new state...
D, [2018-03-31T11:53:03.781567 #31998] DEBUG -- : -------> building new state...
D, [2018-03-31T11:53:03.781743 #31998] DEBUG -- : -------> building selection...
D, [2018-03-31T11:53:03.782049 #31998] DEBUG -- : -------> building new state...
D, [2018-03-31T11:53:03.782180 #31998] DEBUG -- : -------> building new state...
D, [2018-03-31T11:53:03.782364 #31998] DEBUG -- : -------> building selection...
D, [2018-03-31T11:53:03.782672 #31998] DEBUG -- : -------> building new state...
D, [2018-03-31T11:53:03.782770 #31998] DEBUG -- : -------> building new state...
D, [2018-03-31T11:53:03.783017 #31998] DEBUG -- : -------> building selection...
D, [2018-03-31T11:53:03.783347 #31998] DEBUG -- : -------> building new state...
D, [2018-03-31T11:53:03.783476 #31998] DEBUG -- : -------> building new state...
D, [2018-03-31T11:53:03.783674 #31998] DEBUG -- : -------> building selection...
D, [2018-03-31T11:53:03.783982 #31998] DEBUG -- : -------> building new state...
D, [2018-03-31T11:53:03.784080 #31998] DEBUG -- : -------> building new state...
D, [2018-03-31T11:53:03.784257 #31998] DEBUG -- : -------> building selection...
D, [2018-03-31T11:53:03.784599 #31998] DEBUG -- : -------> building new state...
D, [2018-03-31T11:53:03.784700 #31998] DEBUG -- : -------> building new state...
D, [2018-03-31T11:53:03.784877 #31998] DEBUG -- : -------> building selection...
D, [2018-03-31T11:53:03.785216 #31998] DEBUG -- : -------> building new state...
D, [2018-03-31T11:53:03.785314 #31998] DEBUG -- : -------> building new state...
D, [2018-03-31T11:53:03.785491 #31998] DEBUG -- : -------> building selection...
D, [2018-03-31T11:53:03.787792 #31998] DEBUG -- : -------> building new state...
D, [2018-03-31T11:53:03.788014 #31998] DEBUG -- : -------> building new state...
D, [2018-03-31T11:53:03.788235 #31998] DEBUG -- : -------> building selection...
D, [2018-03-31T11:53:03.788552 #31998] DEBUG -- : -------> building new state...
D, [2018-03-31T11:53:03.788679 #31998] DEBUG -- : -------> building new state...
D, [2018-03-31T11:53:03.788899 #31998] DEBUG -- : -------> building selection...
D, [2018-03-31T11:53:03.789343 #31998] DEBUG -- : -------> building new state...
D, [2018-03-31T11:53:03.789448 #31998] DEBUG -- : -------> building new state...
D, [2018-03-31T11:53:03.789643 #31998] DEBUG -- : -------> building selection...
D, [2018-03-31T11:53:03.789956 #31998] DEBUG -- : -------> building new state...
D, [2018-03-31T11:53:03.790054 #31998] DEBUG -- : -------> building new state...
D, [2018-03-31T11:53:03.790230 #31998] DEBUG -- : -------> building selection...
D, [2018-03-31T11:53:03.790565 #31998] DEBUG -- : -------> building new state...
D, [2018-03-31T11:53:03.790664 #31998] DEBUG -- : -------> building new state...
D, [2018-03-31T11:53:03.790877 #31998] DEBUG -- : -------> building selection...
D, [2018-03-31T11:53:03.791192 #31998] DEBUG -- : -------> building new state...
D, [2018-03-31T11:53:03.791291 #31998] DEBUG -- : -------> building new state...
D, [2018-03-31T11:53:03.791466 #31998] DEBUG -- : -------> building selection...
D, [2018-03-31T11:53:03.791813 #31998] DEBUG -- : -------> building new state...
D, [2018-03-31T11:53:03.791924 #31998] DEBUG -- : -------> building new state...
D, [2018-03-31T11:53:03.792100 #31998] DEBUG -- : -------> building selection...
D, [2018-03-31T11:53:03.792411 #31998] DEBUG -- : -------> building new state...
D, [2018-03-31T11:53:03.792508 #31998] DEBUG -- : -------> building new state...
D, [2018-03-31T11:53:03.792684 #31998] DEBUG -- : -------> building selection...
D, [2018-03-31T11:53:03.793050 #31998] DEBUG -- : -------> building new state...
D, [2018-03-31T11:53:03.793148 #31998] DEBUG -- : -------> building new state...
D, [2018-03-31T11:53:03.793324 #31998] DEBUG -- : -------> building selection...
D, [2018-03-31T11:53:03.793788 #31998] DEBUG -- : -------> building new state...
D, [2018-03-31T11:53:03.793910 #31998] DEBUG -- : -------> building new state...
D, [2018-03-31T11:53:03.794118 #31998] DEBUG -- : -------> building selection...
D, [2018-03-31T11:53:03.794432 #31998] DEBUG -- : -------> building new state...
D, [2018-03-31T11:53:03.794531 #31998] DEBUG -- : -------> building new state...
D, [2018-03-31T11:53:03.794705 #31998] DEBUG -- : -------> building selection...
D, [2018-03-31T11:53:03.795036 #31998] DEBUG -- : -------> building new state...
D, [2018-03-31T11:53:03.795138 #31998] DEBUG -- : -------> building new state...
D, [2018-03-31T11:53:03.795345 #31998] DEBUG -- : -------> building selection...
D, [2018-03-31T11:53:03.795743 #31998] DEBUG -- : -------> building new state...
D, [2018-03-31T11:53:03.795868 #31998] DEBUG -- : -------> building new state...
D, [2018-03-31T11:53:03.796052 #31998] DEBUG -- : -------> building selection...
D, [2018-03-31T11:53:03.796360 #31998] DEBUG -- : -------> building new state...
D, [2018-03-31T11:53:03.796484 #31998] DEBUG -- : -------> building new state...
D, [2018-03-31T11:53:03.796681 #31998] DEBUG -- : -------> building selection...
D, [2018-03-31T11:53:03.796991 #31998] DEBUG -- : -------> building new state...
D, [2018-03-31T11:53:03.797089 #31998] DEBUG -- : -------> building new state...
D, [2018-03-31T11:53:03.797270 #31998] DEBUG -- : -------> building selection...
D, [2018-03-31T11:53:03.797577 #31998] DEBUG -- : -------> building new state...
D, [2018-03-31T11:53:03.797703 #31998] DEBUG -- : -------> building new state...
D, [2018-03-31T11:53:03.797890 #31998] DEBUG -- : scoring weighed rated selections...
D, [2018-03-31T11:53:03.797935 #31998] DEBUG -- : Saving scored selections...
D, [2018-03-31T11:53:03.804587 #31998] DEBUG -- : State Score successfully calculated


D, [2018-03-31T11:53:03.804661 #31998] DEBUG -- : Scoring new state: {:rating=>37, :state=>{:unknown=>0, :possibly_lighter=>1, :possibly_heavier=>0, :normal=>7}}
D, [2018-03-31T11:53:03.804685 #31998] DEBUG -- : State Score successfully calculated


D, [2018-03-31T11:53:03.804721 #31998] DEBUG -- : Scoring new state: {:rating=>37, :state=>{:unknown=>0, :possibly_lighter=>0, :possibly_heavier=>1, :normal=>7}}
D, [2018-03-31T11:53:03.804741 #31998] DEBUG -- : State Score successfully calculated


D, [2018-03-31T11:53:03.804767 #31998] DEBUG -- : Scoring new state: {:rating=>37, :state=>{:unknown=>0, :possibly_lighter=>1, :possibly_heavier=>0, :normal=>7}}
D, [2018-03-31T11:53:03.804785 #31998] DEBUG -- : State Score successfully calculated


D, [2018-03-31T11:53:03.804810 #31998] DEBUG -- : Scoring new state: {:rating=>34, :state=>{:unknown=>0, :possibly_lighter=>2, :possibly_heavier=>0, :normal=>6}}
D, [2018-03-31T11:53:03.807579 #31998] DEBUG -- : returning fully calculated score...
D, [2018-03-31T11:53:03.807635 #31998] DEBUG -- : State Score successfully calculated


D, [2018-03-31T11:53:03.807677 #31998] DEBUG -- : Scoring new state: {:rating=>35, :state=>{:unknown=>1, :possibly_lighter=>0, :possibly_heavier=>0, :normal=>7}}
D, [2018-03-31T11:53:03.810292 #31998] DEBUG -- : returning fully calculated score...
D, [2018-03-31T11:53:03.810352 #31998] DEBUG -- : State Score successfully calculated


D, [2018-03-31T11:53:03.810386 #31998] DEBUG -- : Scoring new state: {:rating=>34, :state=>{:unknown=>0, :possibly_lighter=>2, :possibly_heavier=>0, :normal=>6}}
D, [2018-03-31T11:53:03.812962 #31998] DEBUG -- : returning fully calculated score...
D, [2018-03-31T11:53:03.813020 #31998] DEBUG -- : State Score successfully calculated


D, [2018-03-31T11:53:03.813064 #31998] DEBUG -- : Scoring new state: {:rating=>37, :state=>{:unknown=>0, :possibly_lighter=>0, :possibly_heavier=>1, :normal=>7}}
D, [2018-03-31T11:53:03.813087 #31998] DEBUG -- : State Score successfully calculated


D, [2018-03-31T11:53:03.813114 #31998] DEBUG -- : Scoring new state: {:rating=>34, :state=>{:unknown=>0, :possibly_lighter=>2, :possibly_heavier=>0, :normal=>6}}
D, [2018-03-31T11:53:03.815637 #31998] DEBUG -- : returning fully calculated score...
D, [2018-03-31T11:53:03.815701 #31998] DEBUG -- : State Score successfully calculated


D, [2018-03-31T11:53:03.815734 #31998] DEBUG -- : Scoring new state: {:rating=>37, :state=>{:unknown=>0, :possibly_lighter=>1, :possibly_heavier=>0, :normal=>7}}
D, [2018-03-31T11:53:03.815754 #31998] DEBUG -- : State Score successfully calculated


D, [2018-03-31T11:53:03.815821 #31998] DEBUG -- : Scoring new state: {:rating=>32, :state=>{:unknown=>1, :possibly_lighter=>1, :possibly_heavier=>0, :normal=>6}}
D, [2018-03-31T11:53:03.818263 #31998] DEBUG -- : calculating updated score for older state...
D, [2018-03-31T11:53:03.821714 #31998] DEBUG -- : generating weighed rated selections...
D, [2018-03-31T11:53:03.822840 #31998] DEBUG -- : -------> building selection...
D, [2018-03-31T11:53:03.823722 #31998] DEBUG -- : -------> building new state...
D, [2018-03-31T11:53:03.824011 #31998] DEBUG -- : -------> building new state...
D, [2018-03-31T11:53:03.824419 #31998] DEBUG -- : -------> building selection...
D, [2018-03-31T11:53:03.824840 #31998] DEBUG -- : -------> building new state...
D, [2018-03-31T11:53:03.825044 #31998] DEBUG -- : -------> building new state...
D, [2018-03-31T11:53:03.825249 #31998] DEBUG -- : -------> building selection...
D, [2018-03-31T11:53:03.825615 #31998] DEBUG -- : -------> building new state...
D, [2018-03-31T11:53:03.825717 #31998] DEBUG -- : -------> building new state...
D, [2018-03-31T11:53:03.825899 #31998] DEBUG -- : -------> building selection...
D, [2018-03-31T11:53:03.826220 #31998] DEBUG -- : -------> building new state...
D, [2018-03-31T11:53:03.826324 #31998] DEBUG -- : -------> building new state...
D, [2018-03-31T11:53:03.826532 #31998] DEBUG -- : -------> building selection...
D, [2018-03-31T11:53:03.826859 #31998] DEBUG -- : -------> building new state...
D, [2018-03-31T11:53:03.826963 #31998] DEBUG -- : -------> building new state...
D, [2018-03-31T11:53:03.827158 #31998] DEBUG -- : -------> building selection...
D, [2018-03-31T11:53:03.827555 #31998] DEBUG -- : -------> building new state...
D, [2018-03-31T11:53:03.827660 #31998] DEBUG -- : -------> building new state...
D, [2018-03-31T11:53:03.827844 #31998] DEBUG -- : -------> building selection...
D, [2018-03-31T11:53:03.828154 #31998] DEBUG -- : -------> building new state...
D, [2018-03-31T11:53:03.828252 #31998] DEBUG -- : -------> building new state...
D, [2018-03-31T11:53:03.828427 #31998] DEBUG -- : -------> building selection...
D, [2018-03-31T11:53:03.828828 #31998] DEBUG -- : -------> building new state...
D, [2018-03-31T11:53:03.828929 #31998] DEBUG -- : -------> building new state...
D, [2018-03-31T11:53:03.829106 #31998] DEBUG -- : -------> building selection...
D, [2018-03-31T11:53:03.829552 #31998] DEBUG -- : -------> building new state...
D, [2018-03-31T11:53:03.829670 #31998] DEBUG -- : -------> building new state...
D, [2018-03-31T11:53:03.829932 #31998] DEBUG -- : -------> building selection...
D, [2018-03-31T11:53:03.830245 #31998] DEBUG -- : -------> building new state...
D, [2018-03-31T11:53:03.830341 #31998] DEBUG -- : -------> building new state...
D, [2018-03-31T11:53:03.830518 #31998] DEBUG -- : -------> building selection...
D, [2018-03-31T11:53:03.830909 #31998] DEBUG -- : -------> building new state...
D, [2018-03-31T11:53:03.831031 #31998] DEBUG -- : -------> building new state...
D, [2018-03-31T11:53:03.831212 #31998] DEBUG -- : -------> building selection...
D, [2018-03-31T11:53:03.831532 #31998] DEBUG -- : -------> building new state...
D, [2018-03-31T11:53:03.831630 #31998] DEBUG -- : -------> building new state...
D, [2018-03-31T11:53:03.831805 #31998] DEBUG -- : -------> building selection...
D, [2018-03-31T11:53:03.832184 #31998] DEBUG -- : -------> building new state...
D, [2018-03-31T11:53:03.832285 #31998] DEBUG -- : -------> building new state...
D, [2018-03-31T11:53:03.832461 #31998] DEBUG -- : -------> building selection...
D, [2018-03-31T11:53:03.832778 #31998] DEBUG -- : -------> building new state...
D, [2018-03-31T11:53:03.832880 #31998] DEBUG -- : -------> building new state...
D, [2018-03-31T11:53:03.833122 #31998] DEBUG -- : -------> building selection...
D, [2018-03-31T11:53:03.833436 #31998] DEBUG -- : -------> building new state...
D, [2018-03-31T11:53:03.833533 #31998] DEBUG -- : -------> building new state...
D, [2018-03-31T11:53:03.833710 #31998] DEBUG -- : -------> building selection...
D, [2018-03-31T11:53:03.834016 #31998] DEBUG -- : -------> building new state...
D, [2018-03-31T11:53:03.834168 #31998] DEBUG -- : -------> building new state...
D, [2018-03-31T11:53:03.834353 #31998] DEBUG -- : -------> building selection...
D, [2018-03-31T11:53:03.834661 #31998] DEBUG -- : -------> building new state...
D, [2018-03-31T11:53:03.834778 #31998] DEBUG -- : -------> building new state...
D, [2018-03-31T11:53:03.834972 #31998] DEBUG -- : -------> building selection...
D, [2018-03-31T11:53:03.835344 #31998] DEBUG -- : -------> building new state...
D, [2018-03-31T11:53:03.835479 #31998] DEBUG -- : -------> building new state...
D, [2018-03-31T11:53:03.835712 #31998] DEBUG -- : -------> building selection...
D, [2018-03-31T11:53:03.836144 #31998] DEBUG -- : -------> building new state...
D, [2018-03-31T11:53:03.836279 #31998] DEBUG -- : -------> building new state...
D, [2018-03-31T11:53:03.838459 #31998] DEBUG -- : -------> building selection...
D, [2018-03-31T11:53:03.838891 #31998] DEBUG -- : -------> building new state...
D, [2018-03-31T11:53:03.839004 #31998] DEBUG -- : -------> building new state...
D, [2018-03-31T11:53:03.839191 #31998] DEBUG -- : -------> building selection...
D, [2018-03-31T11:53:03.839506 #31998] DEBUG -- : -------> building new state...
D, [2018-03-31T11:53:03.839604 #31998] DEBUG -- : -------> building new state...
D, [2018-03-31T11:53:03.839849 #31998] DEBUG -- : -------> building selection...
D, [2018-03-31T11:53:03.840164 #31998] DEBUG -- : -------> building new state...
D, [2018-03-31T11:53:03.840263 #31998] DEBUG -- : -------> building new state...
D, [2018-03-31T11:53:03.840443 #31998] DEBUG -- : -------> building selection...
D, [2018-03-31T11:53:03.840756 #31998] DEBUG -- : -------> building new state...
D, [2018-03-31T11:53:03.840855 #31998] DEBUG -- : -------> building new state...
D, [2018-03-31T11:53:03.841056 #31998] DEBUG -- : -------> building selection...
D, [2018-03-31T11:53:03.841365 #31998] DEBUG -- : -------> building new state...
D, [2018-03-31T11:53:03.841463 #31998] DEBUG -- : -------> building new state...
D, [2018-03-31T11:53:03.841639 #31998] DEBUG -- : -------> building selection...
D, [2018-03-31T11:53:03.841952 #31998] DEBUG -- : -------> building new state...
D, [2018-03-31T11:53:03.842078 #31998] DEBUG -- : -------> building new state...
D, [2018-03-31T11:53:03.842259 #31998] DEBUG -- : -------> building selection...
D, [2018-03-31T11:53:03.842565 #31998] DEBUG -- : -------> building new state...
D, [2018-03-31T11:53:03.842667 #31998] DEBUG -- : -------> building new state...
D, [2018-03-31T11:53:03.842867 #31998] DEBUG -- : scoring weighed rated selections...
D, [2018-03-31T11:53:03.842917 #31998] DEBUG -- : Saving scored selections...
D, [2018-03-31T11:53:03.849412 #31998] DEBUG -- : State Score successfully calculated


D, [2018-03-31T11:53:03.849486 #31998] DEBUG -- : Scoring new state: {:rating=>37, :state=>{:unknown=>0, :possibly_lighter=>1, :possibly_heavier=>0, :normal=>7}}
D, [2018-03-31T11:53:03.849510 #31998] DEBUG -- : State Score successfully calculated


D, [2018-03-31T11:53:03.849557 #31998] DEBUG -- : Scoring new state: {:rating=>35, :state=>{:unknown=>1, :possibly_lighter=>0, :possibly_heavier=>0, :normal=>7}}
D, [2018-03-31T11:53:03.852327 #31998] DEBUG -- : returning fully calculated score...
D, [2018-03-31T11:53:03.852384 #31998] DEBUG -- : State Score successfully calculated


D, [2018-03-31T11:53:03.852417 #31998] DEBUG -- : Scoring new state: {:rating=>37, :state=>{:unknown=>0, :possibly_lighter=>1, :possibly_heavier=>0, :normal=>7}}
D, [2018-03-31T11:53:03.852441 #31998] DEBUG -- : State Score successfully calculated


D, [2018-03-31T11:53:03.852474 #31998] DEBUG -- : Scoring new state: {:rating=>34, :state=>{:unknown=>0, :possibly_lighter=>1, :possibly_heavier=>1, :normal=>6}}
D, [2018-03-31T11:53:03.855093 #31998] DEBUG -- : returning fully calculated score...
D, [2018-03-31T11:53:03.855149 #31998] DEBUG -- : State Score successfully calculated


D, [2018-03-31T11:53:03.855183 #31998] DEBUG -- : Scoring new state: {:rating=>37, :state=>{:unknown=>0, :possibly_lighter=>1, :possibly_heavier=>0, :normal=>7}}
D, [2018-03-31T11:53:03.855205 #31998] DEBUG -- : State Score successfully calculated


D, [2018-03-31T11:53:03.855239 #31998] DEBUG -- : Scoring new state: {:rating=>34, :state=>{:unknown=>0, :possibly_lighter=>1, :possibly_heavier=>1, :normal=>6}}
D, [2018-03-31T11:53:03.857721 #31998] DEBUG -- : returning fully calculated score...
D, [2018-03-31T11:53:03.857784 #31998] DEBUG -- : State Score successfully calculated


D, [2018-03-31T11:53:03.857849 #31998] DEBUG -- : Scoring new state: {:rating=>34, :state=>{:unknown=>0, :possibly_lighter=>2, :possibly_heavier=>0, :normal=>6}}
D, [2018-03-31T11:53:03.860376 #31998] DEBUG -- : returning fully calculated score...
D, [2018-03-31T11:53:03.860441 #31998] DEBUG -- : State Score successfully calculated


D, [2018-03-31T11:53:03.860483 #31998] DEBUG -- : Scoring new state: {:rating=>37, :state=>{:unknown=>0, :possibly_lighter=>0, :possibly_heavier=>1, :normal=>7}}
D, [2018-03-31T11:53:03.860505 #31998] DEBUG -- : State Score successfully calculated


D, [2018-03-31T11:53:03.860531 #31998] DEBUG -- : Scoring new state: {:rating=>37, :state=>{:unknown=>0, :possibly_lighter=>1, :possibly_heavier=>0, :normal=>7}}
D, [2018-03-31T11:53:03.860551 #31998] DEBUG -- : State Score successfully calculated


D, [2018-03-31T11:53:03.860576 #31998] DEBUG -- : Scoring new state: {:rating=>34, :state=>{:unknown=>0, :possibly_lighter=>2, :possibly_heavier=>0, :normal=>6}}
D, [2018-03-31T11:53:03.863104 #31998] DEBUG -- : returning fully calculated score...
D, [2018-03-31T11:53:03.863164 #31998] DEBUG -- : State Score successfully calculated


D, [2018-03-31T11:53:03.863206 #31998] DEBUG -- : Scoring new state: {:rating=>34, :state=>{:unknown=>0, :possibly_lighter=>1, :possibly_heavier=>1, :normal=>6}}
D, [2018-03-31T11:53:03.865682 #31998] DEBUG -- : returning fully calculated score...
D, [2018-03-31T11:53:03.865745 #31998] DEBUG -- : State Score successfully calculated


D, [2018-03-31T11:53:03.865779 #31998] DEBUG -- : Scoring new state: {:rating=>37, :state=>{:unknown=>0, :possibly_lighter=>1, :possibly_heavier=>0, :normal=>7}}
D, [2018-03-31T11:53:03.865802 #31998] DEBUG -- : State Score successfully calculated


D, [2018-03-31T11:53:03.865835 #31998] DEBUG -- : Scoring new state: {:rating=>31, :state=>{:unknown=>0, :possibly_lighter=>2, :possibly_heavier=>1, :normal=>5}}
D, [2018-03-31T11:53:03.868276 #31998] DEBUG -- : calculating updated score for older state...
D, [2018-03-31T11:53:03.871681 #31998] DEBUG -- : generating weighed rated selections...
D, [2018-03-31T11:53:04.064962 #31998] DEBUG -- : scoring weighed rated selections...
D, [2018-03-31T11:53:04.065092 #31998] DEBUG -- : Saving scored selections...
D, [2018-03-31T11:53:04.072488 #31998] DEBUG -- : State Score successfully calculated


D, [2018-03-31T11:53:04.072582 #31998] DEBUG -- : Scoring new state: {:rating=>37, :state=>{:unknown=>0, :possibly_lighter=>1, :possibly_heavier=>0, :normal=>7}}
D, [2018-03-31T11:53:04.072609 #31998] DEBUG -- : State Score successfully calculated


D, [2018-03-31T11:53:04.072656 #31998] DEBUG -- : Scoring new state: {:rating=>35, :state=>{:unknown=>1, :possibly_lighter=>0, :possibly_heavier=>0, :normal=>7}}
D, [2018-03-31T11:53:04.075284 #31998] DEBUG -- : returning fully calculated score...
D, [2018-03-31T11:53:04.075340 #31998] DEBUG -- : State Score successfully calculated


D, [2018-03-31T11:53:04.075377 #31998] DEBUG -- : Scoring new state: {:rating=>34, :state=>{:unknown=>0, :possibly_lighter=>2, :possibly_heavier=>0, :normal=>6}}
D, [2018-03-31T11:53:04.078212 #31998] DEBUG -- : returning fully calculated score...
D, [2018-03-31T11:53:04.078278 #31998] DEBUG -- : State Score successfully calculated


D, [2018-03-31T11:53:04.078323 #31998] DEBUG -- : Scoring new state: {:rating=>31, :state=>{:unknown=>0, :possibly_lighter=>2, :possibly_heavier=>1, :normal=>5}}
D, [2018-03-31T11:53:04.080893 #31998] DEBUG -- : calculating updated score for older state...
D, [2018-03-31T11:53:04.084357 #31998] DEBUG -- : generating weighed rated selections...
D, [2018-03-31T11:53:04.085510 #31998] DEBUG -- : -------> building selection...
D, [2018-03-31T11:53:04.086561 #31998] DEBUG -- : -------> building new state...
D, [2018-03-31T11:53:04.086886 #31998] DEBUG -- : -------> building new state...
D, [2018-03-31T11:53:04.087168 #31998] DEBUG -- : -------> building selection...
D, [2018-03-31T11:53:04.087640 #31998] DEBUG -- : -------> building new state...
D, [2018-03-31T11:53:04.087755 #31998] DEBUG -- : -------> building new state...
D, [2018-03-31T11:53:04.087954 #31998] DEBUG -- : -------> building selection...
D, [2018-03-31T11:53:04.088335 #31998] DEBUG -- : -------> building new state...
D, [2018-03-31T11:53:04.088493 #31998] DEBUG -- : -------> building new state...
D, [2018-03-31T11:53:04.088719 #31998] DEBUG -- : -------> building selection...
D, [2018-03-31T11:53:04.089049 #31998] DEBUG -- : -------> building new state...
D, [2018-03-31T11:53:04.089168 #31998] DEBUG -- : -------> building new state...
D, [2018-03-31T11:53:04.089358 #31998] DEBUG -- : -------> building selection...
D, [2018-03-31T11:53:04.089703 #31998] DEBUG -- : -------> building new state...
D, [2018-03-31T11:53:04.089805 #31998] DEBUG -- : -------> building new state...
D, [2018-03-31T11:53:04.089990 #31998] DEBUG -- : -------> building selection...
D, [2018-03-31T11:53:04.090326 #31998] DEBUG -- : -------> building new state...
D, [2018-03-31T11:53:04.090426 #31998] DEBUG -- : -------> building new state...
D, [2018-03-31T11:53:04.090618 #31998] DEBUG -- : -------> building selection...
D, [2018-03-31T11:53:04.090976 #31998] DEBUG -- : -------> building new state...
D, [2018-03-31T11:53:04.091082 #31998] DEBUG -- : -------> building new state...
D, [2018-03-31T11:53:04.091270 #31998] DEBUG -- : -------> building selection...
D, [2018-03-31T11:53:04.091782 #31998] DEBUG -- : -------> building new state...
D, [2018-03-31T11:53:04.091972 #31998] DEBUG -- : -------> building new state...
D, [2018-03-31T11:53:04.092199 #31998] DEBUG -- : -------> building selection...
D, [2018-03-31T11:53:04.092554 #31998] DEBUG -- : -------> building new state...
D, [2018-03-31T11:53:04.092657 #31998] DEBUG -- : -------> building new state...
D, [2018-03-31T11:53:04.092860 #31998] DEBUG -- : -------> building selection...
D, [2018-03-31T11:53:04.093190 #31998] DEBUG -- : -------> building new state...
D, [2018-03-31T11:53:04.093300 #31998] DEBUG -- : -------> building new state...
D, [2018-03-31T11:53:04.093494 #31998] DEBUG -- : -------> building selection...
D, [2018-03-31T11:53:04.093842 #31998] DEBUG -- : -------> building new state...
D, [2018-03-31T11:53:04.093951 #31998] DEBUG -- : -------> building new state...
D, [2018-03-31T11:53:04.094146 #31998] DEBUG -- : -------> building selection...
D, [2018-03-31T11:53:04.094494 #31998] DEBUG -- : -------> building new state...
D, [2018-03-31T11:53:04.094608 #31998] DEBUG -- : -------> building new state...
D, [2018-03-31T11:53:04.094795 #31998] DEBUG -- : -------> building selection...
D, [2018-03-31T11:53:04.095205 #31998] DEBUG -- : -------> building new state...
D, [2018-03-31T11:53:04.095328 #31998] DEBUG -- : -------> building new state...
D, [2018-03-31T11:53:04.095532 #31998] DEBUG -- : -------> building selection...
D, [2018-03-31T11:53:04.095852 #31998] DEBUG -- : -------> building new state...
D, [2018-03-31T11:53:04.095972 #31998] DEBUG -- : -------> building new state...
D, [2018-03-31T11:53:04.096163 #31998] DEBUG -- : -------> building selection...
D, [2018-03-31T11:53:04.096497 #31998] DEBUG -- : -------> building new state...
D, [2018-03-31T11:53:04.096598 #31998] DEBUG -- : -------> building new state...
D, [2018-03-31T11:53:04.096796 #31998] DEBUG -- : -------> building selection...
D, [2018-03-31T11:53:04.097163 #31998] DEBUG -- : -------> building new state...
D, [2018-03-31T11:53:04.097302 #31998] DEBUG -- : -------> building new state...
D, [2018-03-31T11:53:04.097509 #31998] DEBUG -- : -------> building selection...
D, [2018-03-31T11:53:04.097867 #31998] DEBUG -- : -------> building new state...
D, [2018-03-31T11:53:04.097985 #31998] DEBUG -- : -------> building new state...
D, [2018-03-31T11:53:04.098183 #31998] DEBUG -- : -------> building selection...
D, [2018-03-31T11:53:04.098516 #31998] DEBUG -- : -------> building new state...
D, [2018-03-31T11:53:04.098639 #31998] DEBUG -- : -------> building new state...
D, [2018-03-31T11:53:04.098850 #31998] DEBUG -- : -------> building selection...
D, [2018-03-31T11:53:04.099189 #31998] DEBUG -- : -------> building new state...
D, [2018-03-31T11:53:04.099297 #31998] DEBUG -- : -------> building new state...
D, [2018-03-31T11:53:04.099600 #31998] DEBUG -- : -------> building selection...
D, [2018-03-31T11:53:04.099992 #31998] DEBUG -- : -------> building new state...
D, [2018-03-31T11:53:04.100166 #31998] DEBUG -- : -------> building new state...
D, [2018-03-31T11:53:04.100380 #31998] DEBUG -- : -------> building selection...
D, [2018-03-31T11:53:04.100736 #31998] DEBUG -- : -------> building new state...
D, [2018-03-31T11:53:04.100852 #31998] DEBUG -- : -------> building new state...
D, [2018-03-31T11:53:04.101053 #31998] DEBUG -- : -------> building selection...
D, [2018-03-31T11:53:04.101387 #31998] DEBUG -- : -------> building new state...
D, [2018-03-31T11:53:04.101492 #31998] DEBUG -- : -------> building new state...
D, [2018-03-31T11:53:04.101717 #31998] DEBUG -- : -------> building selection...
D, [2018-03-31T11:53:04.102075 #31998] DEBUG -- : -------> building new state...
D, [2018-03-31T11:53:04.102185 #31998] DEBUG -- : -------> building new state...
D, [2018-03-31T11:53:04.102388 #31998] DEBUG -- : -------> building selection...
D, [2018-03-31T11:53:04.102725 #31998] DEBUG -- : -------> building new state...
D, [2018-03-31T11:53:04.102851 #31998] DEBUG -- : -------> building new state...
D, [2018-03-31T11:53:04.103774 #31998] DEBUG -- : -------> building selection...
D, [2018-03-31T11:53:04.104174 #31998] DEBUG -- : -------> building new state...
D, [2018-03-31T11:53:04.104280 #31998] DEBUG -- : -------> building new state...
D, [2018-03-31T11:53:04.104465 #31998] DEBUG -- : -------> building selection...
D, [2018-03-31T11:53:04.104790 #31998] DEBUG -- : -------> building new state...
D, [2018-03-31T11:53:04.104891 #31998] DEBUG -- : -------> building new state...
D, [2018-03-31T11:53:04.105138 #31998] DEBUG -- : -------> building selection...
D, [2018-03-31T11:53:04.105461 #31998] DEBUG -- : -------> building new state...
D, [2018-03-31T11:53:04.105560 #31998] DEBUG -- : -------> building new state...
D, [2018-03-31T11:53:04.105744 #31998] DEBUG -- : -------> building selection...
D, [2018-03-31T11:53:04.106110 #31998] DEBUG -- : -------> building new state...
D, [2018-03-31T11:53:04.106221 #31998] DEBUG -- : -------> building new state...
D, [2018-03-31T11:53:04.106407 #31998] DEBUG -- : -------> building selection...
D, [2018-03-31T11:53:04.106725 #31998] DEBUG -- : -------> building new state...
D, [2018-03-31T11:53:04.106840 #31998] DEBUG -- : -------> building new state...
D, [2018-03-31T11:53:04.107033 #31998] DEBUG -- : -------> building selection...
D, [2018-03-31T11:53:04.109344 #31998] DEBUG -- : -------> building new state...
D, [2018-03-31T11:53:04.109548 #31998] DEBUG -- : -------> building new state...
D, [2018-03-31T11:53:04.109752 #31998] DEBUG -- : -------> building selection...
D, [2018-03-31T11:53:04.110083 #31998] DEBUG -- : -------> building new state...
D, [2018-03-31T11:53:04.110183 #31998] DEBUG -- : -------> building new state...
D, [2018-03-31T11:53:04.110418 #31998] DEBUG -- : -------> building selection...
D, [2018-03-31T11:53:04.110975 #31998] DEBUG -- : -------> building new state...
D, [2018-03-31T11:53:04.111090 #31998] DEBUG -- : -------> building new state...
D, [2018-03-31T11:53:04.111288 #31998] DEBUG -- : -------> building selection...
D, [2018-03-31T11:53:04.111612 #31998] DEBUG -- : -------> building new state...
D, [2018-03-31T11:53:04.111710 #31998] DEBUG -- : -------> building new state...
D, [2018-03-31T11:53:04.111898 #31998] DEBUG -- : -------> building selection...
D, [2018-03-31T11:53:04.112242 #31998] DEBUG -- : -------> building new state...
D, [2018-03-31T11:53:04.112341 #31998] DEBUG -- : -------> building new state...
D, [2018-03-31T11:53:04.112526 #31998] DEBUG -- : -------> building selection...
D, [2018-03-31T11:53:04.112843 #31998] DEBUG -- : -------> building new state...
D, [2018-03-31T11:53:04.112941 #31998] DEBUG -- : -------> building new state...
D, [2018-03-31T11:53:04.113123 #31998] DEBUG -- : -------> building selection...
D, [2018-03-31T11:53:04.113472 #31998] DEBUG -- : -------> building new state...
D, [2018-03-31T11:53:04.113574 #31998] DEBUG -- : -------> building new state...
D, [2018-03-31T11:53:04.113759 #31998] DEBUG -- : -------> building selection...
D, [2018-03-31T11:53:04.114077 #31998] DEBUG -- : -------> building new state...
D, [2018-03-31T11:53:04.114174 #31998] DEBUG -- : -------> building new state...
D, [2018-03-31T11:53:04.114360 #31998] DEBUG -- : -------> building selection...
D, [2018-03-31T11:53:04.114711 #31998] DEBUG -- : -------> building new state...
D, [2018-03-31T11:53:04.114823 #31998] DEBUG -- : -------> building new state...
D, [2018-03-31T11:53:04.115016 #31998] DEBUG -- : -------> building selection...
D, [2018-03-31T11:53:04.115338 #31998] DEBUG -- : -------> building new state...
D, [2018-03-31T11:53:04.115522 #31998] DEBUG -- : -------> building new state...
D, [2018-03-31T11:53:04.115768 #31998] DEBUG -- : scoring weighed rated selections...
D, [2018-03-31T11:53:04.115872 #31998] DEBUG -- : Saving scored selections...
D, [2018-03-31T11:53:04.123244 #31998] DEBUG -- : State Score successfully calculated


D, [2018-03-31T11:53:04.123317 #31998] DEBUG -- : Scoring new state: {:rating=>37, :state=>{:unknown=>0, :possibly_lighter=>1, :possibly_heavier=>0, :normal=>7}}
D, [2018-03-31T11:53:04.123341 #31998] DEBUG -- : State Score successfully calculated


D, [2018-03-31T11:53:04.123376 #31998] DEBUG -- : Scoring new state: {:rating=>37, :state=>{:unknown=>0, :possibly_lighter=>0, :possibly_heavier=>1, :normal=>7}}
D, [2018-03-31T11:53:04.123396 #31998] DEBUG -- : State Score successfully calculated


D, [2018-03-31T11:53:04.123421 #31998] DEBUG -- : Scoring new state: {:rating=>34, :state=>{:unknown=>0, :possibly_lighter=>2, :possibly_heavier=>0, :normal=>6}}
D, [2018-03-31T11:53:04.126180 #31998] DEBUG -- : returning fully calculated score...
D, [2018-03-31T11:53:04.126237 #31998] DEBUG -- : State Score successfully calculated


D, [2018-03-31T11:53:04.126268 #31998] DEBUG -- : Scoring new state: {:rating=>37, :state=>{:unknown=>0, :possibly_lighter=>1, :possibly_heavier=>0, :normal=>7}}
D, [2018-03-31T11:53:04.126287 #31998] DEBUG -- : State Score successfully calculated


D, [2018-03-31T11:53:04.126319 #31998] DEBUG -- : Scoring new state: {:rating=>34, :state=>{:unknown=>0, :possibly_lighter=>1, :possibly_heavier=>1, :normal=>6}}
D, [2018-03-31T11:53:04.128925 #31998] DEBUG -- : returning fully calculated score...
D, [2018-03-31T11:53:04.129019 #31998] DEBUG -- : State Score successfully calculated


D, [2018-03-31T11:53:04.129055 #31998] DEBUG -- : Scoring new state: {:rating=>34, :state=>{:unknown=>0, :possibly_lighter=>2, :possibly_heavier=>0, :normal=>6}}
D, [2018-03-31T11:53:04.131573 #31998] DEBUG -- : returning fully calculated score...
D, [2018-03-31T11:53:04.131640 #31998] DEBUG -- : State Score successfully calculated


D, [2018-03-31T11:53:04.131686 #31998] DEBUG -- : Scoring new state: {:rating=>32, :state=>{:unknown=>1, :possibly_lighter=>1, :possibly_heavier=>0, :normal=>6}}
D, [2018-03-31T11:53:04.134137 #31998] DEBUG -- : calculating updated score for older state...
D, [2018-03-31T11:53:04.137515 #31998] DEBUG -- : generating weighed rated selections...
D, [2018-03-31T11:53:04.138614 #31998] DEBUG -- : -------> building selection...
D, [2018-03-31T11:53:04.139552 #31998] DEBUG -- : -------> building new state...
D, [2018-03-31T11:53:04.139901 #31998] DEBUG -- : -------> building new state...
D, [2018-03-31T11:53:04.140146 #31998] DEBUG -- : -------> building selection...
D, [2018-03-31T11:53:04.140519 #31998] DEBUG -- : -------> building new state...
D, [2018-03-31T11:53:04.140622 #31998] DEBUG -- : -------> building new state...
D, [2018-03-31T11:53:04.140815 #31998] DEBUG -- : -------> building selection...
D, [2018-03-31T11:53:04.141142 #31998] DEBUG -- : -------> building new state...
D, [2018-03-31T11:53:04.141242 #31998] DEBUG -- : -------> building new state...
D, [2018-03-31T11:53:04.141427 #31998] DEBUG -- : -------> building selection...
D, [2018-03-31T11:53:04.141770 #31998] DEBUG -- : -------> building new state...
D, [2018-03-31T11:53:04.141869 #31998] DEBUG -- : -------> building new state...
D, [2018-03-31T11:53:04.142054 #31998] DEBUG -- : -------> building selection...
D, [2018-03-31T11:53:04.142387 #31998] DEBUG -- : -------> building new state...
D, [2018-03-31T11:53:04.142512 #31998] DEBUG -- : -------> building new state...
D, [2018-03-31T11:53:04.142698 #31998] DEBUG -- : -------> building selection...
D, [2018-03-31T11:53:04.143038 #31998] DEBUG -- : -------> building new state...
D, [2018-03-31T11:53:04.143143 #31998] DEBUG -- : -------> building new state...
D, [2018-03-31T11:53:04.143328 #31998] DEBUG -- : -------> building selection...
D, [2018-03-31T11:53:04.143655 #31998] DEBUG -- : -------> building new state...
D, [2018-03-31T11:53:04.143784 #31998] DEBUG -- : -------> building new state...
D, [2018-03-31T11:53:04.143975 #31998] DEBUG -- : -------> building selection...
D, [2018-03-31T11:53:04.144296 #31998] DEBUG -- : -------> building new state...
D, [2018-03-31T11:53:04.144394 #31998] DEBUG -- : -------> building new state...
D, [2018-03-31T11:53:04.144577 #31998] DEBUG -- : -------> building selection...
D, [2018-03-31T11:53:04.144928 #31998] DEBUG -- : -------> building new state...
D, [2018-03-31T11:53:04.145038 #31998] DEBUG -- : -------> building new state...
D, [2018-03-31T11:53:04.145223 #31998] DEBUG -- : -------> building selection...
D, [2018-03-31T11:53:04.145546 #31998] DEBUG -- : -------> building new state...
D, [2018-03-31T11:53:04.145648 #31998] DEBUG -- : -------> building new state...
D, [2018-03-31T11:53:04.145832 #31998] DEBUG -- : -------> building selection...
D, [2018-03-31T11:53:04.146227 #31998] DEBUG -- : -------> building new state...
D, [2018-03-31T11:53:04.146338 #31998] DEBUG -- : -------> building new state...
D, [2018-03-31T11:53:04.146524 #31998] DEBUG -- : -------> building selection...
D, [2018-03-31T11:53:04.146854 #31998] DEBUG -- : -------> building new state...
D, [2018-03-31T11:53:04.146956 #31998] DEBUG -- : -------> building new state...
D, [2018-03-31T11:53:04.147146 #31998] DEBUG -- : -------> building selection...
D, [2018-03-31T11:53:04.147721 #31998] DEBUG -- : -------> building new state...
D, [2018-03-31T11:53:04.147865 #31998] DEBUG -- : -------> building new state...
D, [2018-03-31T11:53:04.148063 #31998] DEBUG -- : -------> building selection...
D, [2018-03-31T11:53:04.148390 #31998] DEBUG -- : -------> building new state...
D, [2018-03-31T11:53:04.148488 #31998] DEBUG -- : -------> building new state...
D, [2018-03-31T11:53:04.148762 #31998] DEBUG -- : -------> building selection...
D, [2018-03-31T11:53:04.149084 #31998] DEBUG -- : -------> building new state...
D, [2018-03-31T11:53:04.149195 #31998] DEBUG -- : -------> building new state...
D, [2018-03-31T11:53:04.149384 #31998] DEBUG -- : -------> building selection...
D, [2018-03-31T11:53:04.149774 #31998] DEBUG -- : -------> building new state...
D, [2018-03-31T11:53:04.149877 #31998] DEBUG -- : -------> building new state...
D, [2018-03-31T11:53:04.150063 #31998] DEBUG -- : -------> building selection...
D, [2018-03-31T11:53:04.150384 #31998] DEBUG -- : -------> building new state...
D, [2018-03-31T11:53:04.150483 #31998] DEBUG -- : -------> building new state...
D, [2018-03-31T11:53:04.150664 #31998] DEBUG -- : -------> building selection...
D, [2018-03-31T11:53:04.151051 #31998] DEBUG -- : -------> building new state...
D, [2018-03-31T11:53:04.151159 #31998] DEBUG -- : -------> building new state...
D, [2018-03-31T11:53:04.151344 #31998] DEBUG -- : -------> building selection...
D, [2018-03-31T11:53:04.151703 #31998] DEBUG -- : -------> building new state...
D, [2018-03-31T11:53:04.151905 #31998] DEBUG -- : -------> building new state...
D, [2018-03-31T11:53:04.152188 #31998] DEBUG -- : -------> building selection...
D, [2018-03-31T11:53:04.154501 #31998] DEBUG -- : -------> building new state...
D, [2018-03-31T11:53:04.154646 #31998] DEBUG -- : -------> building new state...
D, [2018-03-31T11:53:04.154861 #31998] DEBUG -- : -------> building selection...
D, [2018-03-31T11:53:04.155193 #31998] DEBUG -- : -------> building new state...
D, [2018-03-31T11:53:04.155294 #31998] DEBUG -- : -------> building new state...
D, [2018-03-31T11:53:04.155526 #31998] DEBUG -- : -------> building selection...
D, [2018-03-31T11:53:04.155850 #31998] DEBUG -- : -------> building new state...
D, [2018-03-31T11:53:04.155949 #31998] DEBUG -- : -------> building new state...
D, [2018-03-31T11:53:04.156133 #31998] DEBUG -- : -------> building selection...
D, [2018-03-31T11:53:04.156460 #31998] DEBUG -- : -------> building new state...
D, [2018-03-31T11:53:04.156561 #31998] DEBUG -- : -------> building new state...
D, [2018-03-31T11:53:04.156786 #31998] DEBUG -- : -------> building selection...
D, [2018-03-31T11:53:04.157128 #31998] DEBUG -- : -------> building new state...
D, [2018-03-31T11:53:04.157230 #31998] DEBUG -- : -------> building new state...
D, [2018-03-31T11:53:04.157415 #31998] DEBUG -- : -------> building selection...
D, [2018-03-31T11:53:04.157735 #31998] DEBUG -- : -------> building new state...
D, [2018-03-31T11:53:04.157885 #31998] DEBUG -- : -------> building new state...
D, [2018-03-31T11:53:04.158096 #31998] DEBUG -- : -------> building selection...
D, [2018-03-31T11:53:04.158421 #31998] DEBUG -- : -------> building new state...
D, [2018-03-31T11:53:04.158521 #31998] DEBUG -- : -------> building new state...
D, [2018-03-31T11:53:04.158706 #31998] DEBUG -- : scoring weighed rated selections...
D, [2018-03-31T11:53:04.158753 #31998] DEBUG -- : Saving scored selections...
D, [2018-03-31T11:53:04.165262 #31998] DEBUG -- : State Score successfully calculated


D, [2018-03-31T11:53:04.165332 #31998] DEBUG -- : Scoring new state: {:rating=>37, :state=>{:unknown=>0, :possibly_lighter=>1, :possibly_heavier=>0, :normal=>7}}
D, [2018-03-31T11:53:04.165388 #31998] DEBUG -- : State Score successfully calculated


D, [2018-03-31T11:53:04.165424 #31998] DEBUG -- : Scoring new state: {:rating=>37, :state=>{:unknown=>0, :possibly_lighter=>0, :possibly_heavier=>1, :normal=>7}}
D, [2018-03-31T11:53:04.165445 #31998] DEBUG -- : State Score successfully calculated


D, [2018-03-31T11:53:04.165469 #31998] DEBUG -- : Scoring new state: {:rating=>37, :state=>{:unknown=>0, :possibly_lighter=>1, :possibly_heavier=>0, :normal=>7}}
D, [2018-03-31T11:53:04.165488 #31998] DEBUG -- : State Score successfully calculated


D, [2018-03-31T11:53:04.165511 #31998] DEBUG -- : Scoring new state: {:rating=>34, :state=>{:unknown=>0, :possibly_lighter=>2, :possibly_heavier=>0, :normal=>6}}
D, [2018-03-31T11:53:04.168238 #31998] DEBUG -- : returning fully calculated score...
D, [2018-03-31T11:53:04.168297 #31998] DEBUG -- : State Score successfully calculated


D, [2018-03-31T11:53:04.168350 #31998] DEBUG -- : Scoring new state: {:rating=>35, :state=>{:unknown=>1, :possibly_lighter=>0, :possibly_heavier=>0, :normal=>7}}
D, [2018-03-31T11:53:04.170905 #31998] DEBUG -- : returning fully calculated score...
D, [2018-03-31T11:53:04.170963 #31998] DEBUG -- : State Score successfully calculated


D, [2018-03-31T11:53:04.170999 #31998] DEBUG -- : Scoring new state: {:rating=>34, :state=>{:unknown=>0, :possibly_lighter=>2, :possibly_heavier=>0, :normal=>6}}
D, [2018-03-31T11:53:04.173508 #31998] DEBUG -- : returning fully calculated score...
D, [2018-03-31T11:53:04.173571 #31998] DEBUG -- : State Score successfully calculated


D, [2018-03-31T11:53:04.173615 #31998] DEBUG -- : Scoring new state: {:rating=>37, :state=>{:unknown=>0, :possibly_lighter=>0, :possibly_heavier=>1, :normal=>7}}
D, [2018-03-31T11:53:04.173639 #31998] DEBUG -- : State Score successfully calculated


D, [2018-03-31T11:53:04.173665 #31998] DEBUG -- : Scoring new state: {:rating=>34, :state=>{:unknown=>0, :possibly_lighter=>2, :possibly_heavier=>0, :normal=>6}}
D, [2018-03-31T11:53:04.176209 #31998] DEBUG -- : returning fully calculated score...
D, [2018-03-31T11:53:04.176270 #31998] DEBUG -- : State Score successfully calculated


D, [2018-03-31T11:53:04.176301 #31998] DEBUG -- : Scoring new state: {:rating=>37, :state=>{:unknown=>0, :possibly_lighter=>1, :possibly_heavier=>0, :normal=>7}}
D, [2018-03-31T11:53:04.176321 #31998] DEBUG -- : State Score successfully calculated


D, [2018-03-31T11:53:04.176355 #31998] DEBUG -- : Scoring new state: {:rating=>37, :state=>{:unknown=>0, :possibly_lighter=>0, :possibly_heavier=>1, :normal=>7}}
D, [2018-03-31T11:53:04.176374 #31998] DEBUG -- : State Score successfully calculated


D, [2018-03-31T11:53:04.176397 #31998] DEBUG -- : Scoring new state: {:rating=>31, :state=>{:unknown=>0, :possibly_lighter=>3, :possibly_heavier=>0, :normal=>5}}
D, [2018-03-31T11:53:04.178950 #31998] DEBUG -- : calculating updated score for older state...
D, [2018-03-31T11:53:04.182441 #31998] DEBUG -- : generating weighed rated selections...
D, [2018-03-31T11:53:04.274826 #31998] DEBUG -- : scoring weighed rated selections...
D, [2018-03-31T11:53:04.274920 #31998] DEBUG -- : Saving scored selections...
D, [2018-03-31T11:53:04.278930 #31998] DEBUG -- : State Score successfully calculated


D, [2018-03-31T11:53:04.279022 #31998] DEBUG -- : Scoring new state: {:rating=>32, :state=>{:unknown=>1, :possibly_lighter=>1, :possibly_heavier=>0, :normal=>6}}
D, [2018-03-31T11:53:04.281573 #31998] DEBUG -- : calculating updated score for older state...
D, [2018-03-31T11:53:04.285076 #31998] DEBUG -- : generating weighed rated selections...
D, [2018-03-31T11:53:04.286152 #31998] DEBUG -- : -------> building selection...
D, [2018-03-31T11:53:04.287152 #31998] DEBUG -- : -------> building new state...
D, [2018-03-31T11:53:04.287434 #31998] DEBUG -- : -------> building new state...
D, [2018-03-31T11:53:04.287675 #31998] DEBUG -- : -------> building selection...
D, [2018-03-31T11:53:04.288061 #31998] DEBUG -- : -------> building new state...
D, [2018-03-31T11:53:04.288164 #31998] DEBUG -- : -------> building new state...
D, [2018-03-31T11:53:04.288372 #31998] DEBUG -- : -------> building selection...
D, [2018-03-31T11:53:04.288699 #31998] DEBUG -- : -------> building new state...
D, [2018-03-31T11:53:04.288799 #31998] DEBUG -- : -------> building new state...
D, [2018-03-31T11:53:04.288992 #31998] DEBUG -- : -------> building selection...
D, [2018-03-31T11:53:04.289360 #31998] DEBUG -- : -------> building new state...
D, [2018-03-31T11:53:04.289460 #31998] DEBUG -- : -------> building new state...
D, [2018-03-31T11:53:04.289646 #31998] DEBUG -- : -------> building selection...
D, [2018-03-31T11:53:04.289988 #31998] DEBUG -- : -------> building new state...
D, [2018-03-31T11:53:04.290088 #31998] DEBUG -- : -------> building new state...
D, [2018-03-31T11:53:04.290311 #31998] DEBUG -- : -------> building selection...
D, [2018-03-31T11:53:04.290650 #31998] DEBUG -- : -------> building new state...
D, [2018-03-31T11:53:04.290763 #31998] DEBUG -- : -------> building new state...
D, [2018-03-31T11:53:04.290962 #31998] DEBUG -- : -------> building selection...
D, [2018-03-31T11:53:04.291297 #31998] DEBUG -- : -------> building new state...
D, [2018-03-31T11:53:04.291399 #31998] DEBUG -- : -------> building new state...
D, [2018-03-31T11:53:04.291629 #31998] DEBUG -- : -------> building selection...
D, [2018-03-31T11:53:04.291982 #31998] DEBUG -- : -------> building new state...
D, [2018-03-31T11:53:04.292197 #31998] DEBUG -- : -------> building new state...
D, [2018-03-31T11:53:04.292415 #31998] DEBUG -- : -------> building selection...
D, [2018-03-31T11:53:04.292768 #31998] DEBUG -- : -------> building new state...
D, [2018-03-31T11:53:04.292910 #31998] DEBUG -- : -------> building new state...
D, [2018-03-31T11:53:04.293110 #31998] DEBUG -- : -------> building selection...
D, [2018-03-31T11:53:04.293438 #31998] DEBUG -- : -------> building new state...
D, [2018-03-31T11:53:04.293538 #31998] DEBUG -- : -------> building new state...
D, [2018-03-31T11:53:04.293726 #31998] DEBUG -- : -------> building selection...
D, [2018-03-31T11:53:04.294049 #31998] DEBUG -- : -------> building new state...
D, [2018-03-31T11:53:04.294180 #31998] DEBUG -- : -------> building new state...
D, [2018-03-31T11:53:04.294381 #31998] DEBUG -- : -------> building selection...
D, [2018-03-31T11:53:04.294709 #31998] DEBUG -- : -------> building new state...
D, [2018-03-31T11:53:04.294825 #31998] DEBUG -- : -------> building new state...
D, [2018-03-31T11:53:04.295024 #31998] DEBUG -- : -------> building selection...
D, [2018-03-31T11:53:04.295390 #31998] DEBUG -- : -------> building new state...
D, [2018-03-31T11:53:04.295496 #31998] DEBUG -- : -------> building new state...
D, [2018-03-31T11:53:04.295682 #31998] DEBUG -- : -------> building selection...
D, [2018-03-31T11:53:04.296005 #31998] DEBUG -- : -------> building new state...
D, [2018-03-31T11:53:04.296102 #31998] DEBUG -- : -------> building new state...
D, [2018-03-31T11:53:04.296288 #31998] DEBUG -- : -------> building selection...
D, [2018-03-31T11:53:04.296659 #31998] DEBUG -- : -------> building new state...
D, [2018-03-31T11:53:04.296762 #31998] DEBUG -- : -------> building new state...
D, [2018-03-31T11:53:04.296949 #31998] DEBUG -- : -------> building selection...
D, [2018-03-31T11:53:04.297276 #31998] DEBUG -- : -------> building new state...
D, [2018-03-31T11:53:04.297379 #31998] DEBUG -- : -------> building new state...
D, [2018-03-31T11:53:04.297563 #31998] DEBUG -- : -------> building selection...
D, [2018-03-31T11:53:04.297941 #31998] DEBUG -- : -------> building new state...
D, [2018-03-31T11:53:04.298045 #31998] DEBUG -- : -------> building new state...
D, [2018-03-31T11:53:04.298231 #31998] DEBUG -- : -------> building selection...
D, [2018-03-31T11:53:04.298553 #31998] DEBUG -- : -------> building new state...
D, [2018-03-31T11:53:04.298650 #31998] DEBUG -- : -------> building new state...
D, [2018-03-31T11:53:04.298848 #31998] DEBUG -- : -------> building selection...
D, [2018-03-31T11:53:04.301136 #31998] DEBUG -- : -------> building new state...
D, [2018-03-31T11:53:04.301288 #31998] DEBUG -- : -------> building new state...
D, [2018-03-31T11:53:04.301498 #31998] DEBUG -- : -------> building selection...
D, [2018-03-31T11:53:04.301845 #31998] DEBUG -- : -------> building new state...
D, [2018-03-31T11:53:04.301954 #31998] DEBUG -- : -------> building new state...
D, [2018-03-31T11:53:04.302155 #31998] DEBUG -- : -------> building selection...
D, [2018-03-31T11:53:04.302562 #31998] DEBUG -- : -------> building new state...
D, [2018-03-31T11:53:04.302676 #31998] DEBUG -- : -------> building new state...
D, [2018-03-31T11:53:04.302899 #31998] DEBUG -- : -------> building selection...
D, [2018-03-31T11:53:04.303241 #31998] DEBUG -- : -------> building new state...
D, [2018-03-31T11:53:04.303350 #31998] DEBUG -- : -------> building new state...
D, [2018-03-31T11:53:04.303578 #31998] DEBUG -- : -------> building selection...
D, [2018-03-31T11:53:04.303913 #31998] DEBUG -- : -------> building new state...
D, [2018-03-31T11:53:04.304031 #31998] DEBUG -- : -------> building new state...
D, [2018-03-31T11:53:04.304227 #31998] DEBUG -- : -------> building selection...
D, [2018-03-31T11:53:04.304568 #31998] DEBUG -- : -------> building new state...
D, [2018-03-31T11:53:04.304699 #31998] DEBUG -- : -------> building new state...
D, [2018-03-31T11:53:04.304894 #31998] DEBUG -- : -------> building selection...
D, [2018-03-31T11:53:04.305229 #31998] DEBUG -- : -------> building new state...
D, [2018-03-31T11:53:04.305339 #31998] DEBUG -- : -------> building new state...
D, [2018-03-31T11:53:04.305532 #31998] DEBUG -- : -------> building selection...
D, [2018-03-31T11:53:04.305864 #31998] DEBUG -- : -------> building new state...
D, [2018-03-31T11:53:04.306008 #31998] DEBUG -- : -------> building new state...
D, [2018-03-31T11:53:04.306206 #31998] DEBUG -- : scoring weighed rated selections...
D, [2018-03-31T11:53:04.306252 #31998] DEBUG -- : Saving scored selections...
D, [2018-03-31T11:53:04.312719 #31998] DEBUG -- : State Score successfully calculated


D, [2018-03-31T11:53:04.312789 #31998] DEBUG -- : Scoring new state: {:rating=>37, :state=>{:unknown=>0, :possibly_lighter=>1, :possibly_heavier=>0, :normal=>7}}
D, [2018-03-31T11:53:04.312814 #31998] DEBUG -- : State Score successfully calculated


D, [2018-03-31T11:53:04.312849 #31998] DEBUG -- : Scoring new state: {:rating=>35, :state=>{:unknown=>1, :possibly_lighter=>0, :possibly_heavier=>0, :normal=>7}}
D, [2018-03-31T11:53:04.315575 #31998] DEBUG -- : returning fully calculated score...
D, [2018-03-31T11:53:04.315629 #31998] DEBUG -- : State Score successfully calculated


D, [2018-03-31T11:53:04.315662 #31998] DEBUG -- : Scoring new state: {:rating=>37, :state=>{:unknown=>0, :possibly_lighter=>1, :possibly_heavier=>0, :normal=>7}}
D, [2018-03-31T11:53:04.315682 #31998] DEBUG -- : State Score successfully calculated


D, [2018-03-31T11:53:04.315715 #31998] DEBUG -- : Scoring new state: {:rating=>34, :state=>{:unknown=>0, :possibly_lighter=>1, :possibly_heavier=>1, :normal=>6}}
D, [2018-03-31T11:53:04.318381 #31998] DEBUG -- : returning fully calculated score...
D, [2018-03-31T11:53:04.318443 #31998] DEBUG -- : State Score successfully calculated


D, [2018-03-31T11:53:04.318476 #31998] DEBUG -- : Scoring new state: {:rating=>37, :state=>{:unknown=>0, :possibly_lighter=>1, :possibly_heavier=>0, :normal=>7}}
D, [2018-03-31T11:53:04.318498 #31998] DEBUG -- : State Score successfully calculated


D, [2018-03-31T11:53:04.318532 #31998] DEBUG -- : Scoring new state: {:rating=>34, :state=>{:unknown=>0, :possibly_lighter=>1, :possibly_heavier=>1, :normal=>6}}
D, [2018-03-31T11:53:04.321031 #31998] DEBUG -- : returning fully calculated score...
D, [2018-03-31T11:53:04.321098 #31998] DEBUG -- : State Score successfully calculated


D, [2018-03-31T11:53:04.321133 #31998] DEBUG -- : Scoring new state: {:rating=>34, :state=>{:unknown=>0, :possibly_lighter=>2, :possibly_heavier=>0, :normal=>6}}
D, [2018-03-31T11:53:04.323657 #31998] DEBUG -- : returning fully calculated score...
D, [2018-03-31T11:53:04.323722 #31998] DEBUG -- : State Score successfully calculated


D, [2018-03-31T11:53:04.323764 #31998] DEBUG -- : Scoring new state: {:rating=>37, :state=>{:unknown=>0, :possibly_lighter=>0, :possibly_heavier=>1, :normal=>7}}
D, [2018-03-31T11:53:04.323785 #31998] DEBUG -- : State Score successfully calculated


D, [2018-03-31T11:53:04.323809 #31998] DEBUG -- : Scoring new state: {:rating=>37, :state=>{:unknown=>0, :possibly_lighter=>1, :possibly_heavier=>0, :normal=>7}}
D, [2018-03-31T11:53:04.323859 #31998] DEBUG -- : State Score successfully calculated


D, [2018-03-31T11:53:04.323883 #31998] DEBUG -- : Scoring new state: {:rating=>34, :state=>{:unknown=>0, :possibly_lighter=>2, :possibly_heavier=>0, :normal=>6}}
D, [2018-03-31T11:53:04.326414 #31998] DEBUG -- : returning fully calculated score...
D, [2018-03-31T11:53:04.326479 #31998] DEBUG -- : State Score successfully calculated


D, [2018-03-31T11:53:04.326520 #31998] DEBUG -- : Scoring new state: {:rating=>34, :state=>{:unknown=>0, :possibly_lighter=>1, :possibly_heavier=>1, :normal=>6}}
D, [2018-03-31T11:53:04.328961 #31998] DEBUG -- : returning fully calculated score...
D, [2018-03-31T11:53:04.329031 #31998] DEBUG -- : State Score successfully calculated


D, [2018-03-31T11:53:04.329066 #31998] DEBUG -- : Scoring new state: {:rating=>37, :state=>{:unknown=>0, :possibly_lighter=>1, :possibly_heavier=>0, :normal=>7}}
D, [2018-03-31T11:53:04.329088 #31998] DEBUG -- : State Score successfully calculated


D, [2018-03-31T11:53:04.329121 #31998] DEBUG -- : Scoring new state: {:rating=>31, :state=>{:unknown=>0, :possibly_lighter=>2, :possibly_heavier=>1, :normal=>5}}
D, [2018-03-31T11:53:04.331620 #31998] DEBUG -- : calculating updated score for older state...
D, [2018-03-31T11:53:04.335065 #31998] DEBUG -- : generating weighed rated selections...
D, [2018-03-31T11:53:04.336169 #31998] DEBUG -- : -------> building selection...
D, [2018-03-31T11:53:04.337061 #31998] DEBUG -- : -------> building new state...
D, [2018-03-31T11:53:04.337392 #31998] DEBUG -- : -------> building new state...
D, [2018-03-31T11:53:04.337672 #31998] DEBUG -- : -------> building selection...
D, [2018-03-31T11:53:04.338022 #31998] DEBUG -- : -------> building new state...
D, [2018-03-31T11:53:04.338126 #31998] DEBUG -- : -------> building new state...
D, [2018-03-31T11:53:04.338323 #31998] DEBUG -- : -------> building selection...
D, [2018-03-31T11:53:04.338691 #31998] DEBUG -- : -------> building new state...
D, [2018-03-31T11:53:04.338794 #31998] DEBUG -- : -------> building new state...
D, [2018-03-31T11:53:04.339005 #31998] DEBUG -- : -------> building selection...
D, [2018-03-31T11:53:04.339332 #31998] DEBUG -- : -------> building new state...
D, [2018-03-31T11:53:04.339432 #31998] DEBUG -- : -------> building new state...
D, [2018-03-31T11:53:04.339622 #31998] DEBUG -- : -------> building selection...
D, [2018-03-31T11:53:04.339975 #31998] DEBUG -- : -------> building new state...
D, [2018-03-31T11:53:04.340082 #31998] DEBUG -- : -------> building new state...
D, [2018-03-31T11:53:04.340275 #31998] DEBUG -- : -------> building selection...
D, [2018-03-31T11:53:04.340596 #31998] DEBUG -- : -------> building new state...
D, [2018-03-31T11:53:04.340696 #31998] DEBUG -- : -------> building new state...
D, [2018-03-31T11:53:04.340926 #31998] DEBUG -- : -------> building selection...
D, [2018-03-31T11:53:04.341255 #31998] DEBUG -- : -------> building new state...
D, [2018-03-31T11:53:04.341356 #31998] DEBUG -- : -------> building new state...
D, [2018-03-31T11:53:04.341543 #31998] DEBUG -- : -------> building selection...
D, [2018-03-31T11:53:04.341878 #31998] DEBUG -- : -------> building new state...
D, [2018-03-31T11:53:04.341977 #31998] DEBUG -- : -------> building new state...
D, [2018-03-31T11:53:04.342195 #31998] DEBUG -- : -------> building selection...
D, [2018-03-31T11:53:04.342544 #31998] DEBUG -- : -------> building new state...
D, [2018-03-31T11:53:04.342643 #31998] DEBUG -- : -------> building new state...
D, [2018-03-31T11:53:04.342869 #31998] DEBUG -- : -------> building selection...
D, [2018-03-31T11:53:04.343228 #31998] DEBUG -- : -------> building new state...
D, [2018-03-31T11:53:04.343327 #31998] DEBUG -- : -------> building new state...
D, [2018-03-31T11:53:04.343544 #31998] DEBUG -- : -------> building selection...
D, [2018-03-31T11:53:04.343878 #31998] DEBUG -- : -------> building new state...
D, [2018-03-31T11:53:04.343979 #31998] DEBUG -- : -------> building new state...
D, [2018-03-31T11:53:04.344168 #31998] DEBUG -- : -------> building selection...
D, [2018-03-31T11:53:04.344490 #31998] DEBUG -- : -------> building new state...
D, [2018-03-31T11:53:04.344626 #31998] DEBUG -- : -------> building new state...
D, [2018-03-31T11:53:04.344821 #31998] DEBUG -- : -------> building selection...
D, [2018-03-31T11:53:04.345165 #31998] DEBUG -- : -------> building new state...
D, [2018-03-31T11:53:04.345266 #31998] DEBUG -- : -------> building new state...
D, [2018-03-31T11:53:04.345473 #31998] DEBUG -- : -------> building selection...
D, [2018-03-31T11:53:04.345820 #31998] DEBUG -- : -------> building new state...
D, [2018-03-31T11:53:04.345919 #31998] DEBUG -- : -------> building new state...
D, [2018-03-31T11:53:04.346120 #31998] DEBUG -- : -------> building selection...
D, [2018-03-31T11:53:04.346464 #31998] DEBUG -- : -------> building new state...
D, [2018-03-31T11:53:04.346565 #31998] DEBUG -- : -------> building new state...
D, [2018-03-31T11:53:04.346751 #31998] DEBUG -- : -------> building selection...
D, [2018-03-31T11:53:04.347109 #31998] DEBUG -- : -------> building new state...
D, [2018-03-31T11:53:04.347223 #31998] DEBUG -- : -------> building new state...
D, [2018-03-31T11:53:04.347426 #31998] DEBUG -- : -------> building selection...
D, [2018-03-31T11:53:04.347756 #31998] DEBUG -- : -------> building new state...
D, [2018-03-31T11:53:04.347881 #31998] DEBUG -- : -------> building new state...
D, [2018-03-31T11:53:04.348076 #31998] DEBUG -- : -------> building selection...
D, [2018-03-31T11:53:04.348404 #31998] DEBUG -- : -------> building new state...
D, [2018-03-31T11:53:04.348507 #31998] DEBUG -- : -------> building new state...
D, [2018-03-31T11:53:04.348707 #31998] DEBUG -- : -------> building selection...
D, [2018-03-31T11:53:04.349057 #31998] DEBUG -- : -------> building new state...
D, [2018-03-31T11:53:04.349170 #31998] DEBUG -- : -------> building new state...
D, [2018-03-31T11:53:04.349358 #31998] DEBUG -- : -------> building selection...
D, [2018-03-31T11:53:04.349701 #31998] DEBUG -- : -------> building new state...
D, [2018-03-31T11:53:04.349799 #31998] DEBUG -- : -------> building new state...
D, [2018-03-31T11:53:04.349999 #31998] DEBUG -- : -------> building selection...
D, [2018-03-31T11:53:04.350325 #31998] DEBUG -- : -------> building new state...
D, [2018-03-31T11:53:04.350428 #31998] DEBUG -- : -------> building new state...
D, [2018-03-31T11:53:04.350623 #31998] DEBUG -- : -------> building selection...
D, [2018-03-31T11:53:04.350980 #31998] DEBUG -- : -------> building new state...
D, [2018-03-31T11:53:04.351083 #31998] DEBUG -- : -------> building new state...
D, [2018-03-31T11:53:04.351290 #31998] DEBUG -- : -------> building selection...
D, [2018-03-31T11:53:04.351627 #31998] DEBUG -- : -------> building new state...
D, [2018-03-31T11:53:04.351726 #31998] DEBUG -- : -------> building new state...
D, [2018-03-31T11:53:04.351919 #31998] DEBUG -- : -------> building selection...
D, [2018-03-31T11:53:04.352262 #31998] DEBUG -- : -------> building new state...
D, [2018-03-31T11:53:04.352365 #31998] DEBUG -- : -------> building new state...
D, [2018-03-31T11:53:04.352563 #31998] DEBUG -- : -------> building selection...
D, [2018-03-31T11:53:04.352922 #31998] DEBUG -- : -------> building new state...
D, [2018-03-31T11:53:04.353041 #31998] DEBUG -- : -------> building new state...
D, [2018-03-31T11:53:04.353232 #31998] DEBUG -- : -------> building selection...
D, [2018-03-31T11:53:04.353582 #31998] DEBUG -- : -------> building new state...
D, [2018-03-31T11:53:04.353683 #31998] DEBUG -- : -------> building new state...
D, [2018-03-31T11:53:04.353874 #31998] DEBUG -- : -------> building selection...
D, [2018-03-31T11:53:04.354225 #31998] DEBUG -- : -------> building new state...
D, [2018-03-31T11:53:04.354324 #31998] DEBUG -- : -------> building new state...
D, [2018-03-31T11:53:04.354517 #31998] DEBUG -- : -------> building selection...
D, [2018-03-31T11:53:04.354888 #31998] DEBUG -- : -------> building new state...
D, [2018-03-31T11:53:04.355001 #31998] DEBUG -- : -------> building new state...
D, [2018-03-31T11:53:04.355195 #31998] DEBUG -- : -------> building selection...
D, [2018-03-31T11:53:04.355669 #31998] DEBUG -- : -------> building new state...
D, [2018-03-31T11:53:04.355924 #31998] DEBUG -- : -------> building new state...
D, [2018-03-31T11:53:04.356148 #31998] DEBUG -- : -------> building selection...
D, [2018-03-31T11:53:04.356497 #31998] DEBUG -- : -------> building new state...
D, [2018-03-31T11:53:04.356621 #31998] DEBUG -- : -------> building new state...
D, [2018-03-31T11:53:04.356827 #31998] DEBUG -- : -------> building selection...
D, [2018-03-31T11:53:04.357178 #31998] DEBUG -- : -------> building new state...
D, [2018-03-31T11:53:04.357278 #31998] DEBUG -- : -------> building new state...
D, [2018-03-31T11:53:04.357492 #31998] DEBUG -- : -------> building selection...
D, [2018-03-31T11:53:04.357823 #31998] DEBUG -- : -------> building new state...
D, [2018-03-31T11:53:04.357925 #31998] DEBUG -- : -------> building new state...
D, [2018-03-31T11:53:04.358135 #31998] DEBUG -- : -------> building selection...
D, [2018-03-31T11:53:04.358465 #31998] DEBUG -- : -------> building new state...
D, [2018-03-31T11:53:04.358583 #31998] DEBUG -- : -------> building new state...
D, [2018-03-31T11:53:04.358818 #31998] DEBUG -- : -------> building selection...
D, [2018-03-31T11:53:04.359217 #31998] DEBUG -- : -------> building new state...
D, [2018-03-31T11:53:04.359418 #31998] DEBUG -- : -------> building new state...
D, [2018-03-31T11:53:04.359663 #31998] DEBUG -- : -------> building selection...
D, [2018-03-31T11:53:04.360012 #31998] DEBUG -- : -------> building new state...
D, [2018-03-31T11:53:04.360117 #31998] DEBUG -- : -------> building new state...
D, [2018-03-31T11:53:04.360378 #31998] DEBUG -- : -------> building selection...
D, [2018-03-31T11:53:04.360747 #31998] DEBUG -- : -------> building new state...
D, [2018-03-31T11:53:04.360947 #31998] DEBUG -- : -------> building new state...
D, [2018-03-31T11:53:04.361155 #31998] DEBUG -- : -------> building selection...
D, [2018-03-31T11:53:04.361534 #31998] DEBUG -- : -------> building new state...
D, [2018-03-31T11:53:04.361638 #31998] DEBUG -- : -------> building new state...
D, [2018-03-31T11:53:04.361875 #31998] DEBUG -- : -------> building selection...
D, [2018-03-31T11:53:04.362229 #31998] DEBUG -- : -------> building new state...
D, [2018-03-31T11:53:04.362331 #31998] DEBUG -- : -------> building new state...
D, [2018-03-31T11:53:04.362563 #31998] DEBUG -- : -------> building selection...
D, [2018-03-31T11:53:04.362908 #31998] DEBUG -- : -------> building new state...
D, [2018-03-31T11:53:04.363013 #31998] DEBUG -- : -------> building new state...
D, [2018-03-31T11:53:04.363243 #31998] DEBUG -- : scoring weighed rated selections...
D, [2018-03-31T11:53:04.363294 #31998] DEBUG -- : Saving scored selections...
D, [2018-03-31T11:53:04.370690 #31998] DEBUG -- : State Score successfully calculated


D, [2018-03-31T11:53:04.370798 #31998] DEBUG -- : Scoring new state: {:rating=>37, :state=>{:unknown=>0, :possibly_lighter=>1, :possibly_heavier=>0, :normal=>7}}
D, [2018-03-31T11:53:04.370842 #31998] DEBUG -- : State Score successfully calculated


D, [2018-03-31T11:53:04.370877 #31998] DEBUG -- : Scoring new state: {:rating=>35, :state=>{:unknown=>1, :possibly_lighter=>0, :possibly_heavier=>0, :normal=>7}}
D, [2018-03-31T11:53:04.373707 #31998] DEBUG -- : returning fully calculated score...
D, [2018-03-31T11:53:04.373764 #31998] DEBUG -- : State Score successfully calculated


D, [2018-03-31T11:53:04.373800 #31998] DEBUG -- : Scoring new state: {:rating=>34, :state=>{:unknown=>0, :possibly_lighter=>2, :possibly_heavier=>0, :normal=>6}}
D, [2018-03-31T11:53:04.376453 #31998] DEBUG -- : returning fully calculated score...
D, [2018-03-31T11:53:04.376511 #31998] DEBUG -- : State Score successfully calculated


D, [2018-03-31T11:53:04.376552 #31998] DEBUG -- : Scoring new state: {:rating=>31, :state=>{:unknown=>0, :possibly_lighter=>2, :possibly_heavier=>1, :normal=>5}}
D, [2018-03-31T11:53:04.379100 #31998] DEBUG -- : calculating updated score for older state...
D, [2018-03-31T11:53:04.382664 #31998] DEBUG -- : generating weighed rated selections...
D, [2018-03-31T11:53:04.383852 #31998] DEBUG -- : -------> building selection...
D, [2018-03-31T11:53:04.384712 #31998] DEBUG -- : -------> building new state...
D, [2018-03-31T11:53:04.385020 #31998] DEBUG -- : -------> building new state...
D, [2018-03-31T11:53:04.385315 #31998] DEBUG -- : -------> building selection...
D, [2018-03-31T11:53:04.385802 #31998] DEBUG -- : -------> building new state...
D, [2018-03-31T11:53:04.386077 #31998] DEBUG -- : -------> building new state...
D, [2018-03-31T11:53:04.386307 #31998] DEBUG -- : -------> building selection...
D, [2018-03-31T11:53:04.386668 #31998] DEBUG -- : -------> building new state...
D, [2018-03-31T11:53:04.386790 #31998] DEBUG -- : -------> building new state...
D, [2018-03-31T11:53:04.387086 #31998] DEBUG -- : -------> building selection...
D, [2018-03-31T11:53:04.387444 #31998] DEBUG -- : -------> building new state...
D, [2018-03-31T11:53:04.387644 #31998] DEBUG -- : -------> building new state...
D, [2018-03-31T11:53:04.387854 #31998] DEBUG -- : -------> building selection...
D, [2018-03-31T11:53:04.388236 #31998] DEBUG -- : -------> building new state...
D, [2018-03-31T11:53:04.388340 #31998] DEBUG -- : -------> building new state...
D, [2018-03-31T11:53:04.388528 #31998] DEBUG -- : -------> building selection...
D, [2018-03-31T11:53:04.388885 #31998] DEBUG -- : -------> building new state...
D, [2018-03-31T11:53:04.388987 #31998] DEBUG -- : -------> building new state...
D, [2018-03-31T11:53:04.389174 #31998] DEBUG -- : -------> building selection...
D, [2018-03-31T11:53:04.389511 #31998] DEBUG -- : -------> building new state...
D, [2018-03-31T11:53:04.389618 #31998] DEBUG -- : -------> building new state...
D, [2018-03-31T11:53:04.389823 #31998] DEBUG -- : -------> building selection...
D, [2018-03-31T11:53:04.390173 #31998] DEBUG -- : -------> building new state...
D, [2018-03-31T11:53:04.390284 #31998] DEBUG -- : -------> building new state...
D, [2018-03-31T11:53:04.390473 #31998] DEBUG -- : -------> building selection...
D, [2018-03-31T11:53:04.390826 #31998] DEBUG -- : -------> building new state...
D, [2018-03-31T11:53:04.390953 #31998] DEBUG -- : -------> building new state...
D, [2018-03-31T11:53:04.391159 #31998] DEBUG -- : -------> building selection...
D, [2018-03-31T11:53:04.391482 #31998] DEBUG -- : -------> building new state...
D, [2018-03-31T11:53:04.391581 #31998] DEBUG -- : -------> building new state...
D, [2018-03-31T11:53:04.391804 #31998] DEBUG -- : -------> building selection...
D, [2018-03-31T11:53:04.392127 #31998] DEBUG -- : -------> building new state...
D, [2018-03-31T11:53:04.392224 #31998] DEBUG -- : -------> building new state...
D, [2018-03-31T11:53:04.392428 #31998] DEBUG -- : -------> building selection...
D, [2018-03-31T11:53:04.392754 #31998] DEBUG -- : -------> building new state...
D, [2018-03-31T11:53:04.392870 #31998] DEBUG -- : -------> building new state...
D, [2018-03-31T11:53:04.393058 #31998] DEBUG -- : -------> building selection...
D, [2018-03-31T11:53:04.393441 #31998] DEBUG -- : -------> building new state...
D, [2018-03-31T11:53:04.393560 #31998] DEBUG -- : -------> building new state...
D, [2018-03-31T11:53:04.393753 #31998] DEBUG -- : -------> building selection...
D, [2018-03-31T11:53:04.394097 #31998] DEBUG -- : -------> building new state...
D, [2018-03-31T11:53:04.394210 #31998] DEBUG -- : -------> building new state...
D, [2018-03-31T11:53:04.394401 #31998] DEBUG -- : -------> building selection...
D, [2018-03-31T11:53:04.394741 #31998] DEBUG -- : -------> building new state...
D, [2018-03-31T11:53:04.394871 #31998] DEBUG -- : -------> building new state...
D, [2018-03-31T11:53:04.395075 #31998] DEBUG -- : -------> building selection...
D, [2018-03-31T11:53:04.395422 #31998] DEBUG -- : -------> building new state...
D, [2018-03-31T11:53:04.395520 #31998] DEBUG -- : -------> building new state...
D, [2018-03-31T11:53:04.395745 #31998] DEBUG -- : -------> building selection...
D, [2018-03-31T11:53:04.396067 #31998] DEBUG -- : -------> building new state...
D, [2018-03-31T11:53:04.396175 #31998] DEBUG -- : -------> building new state...
D, [2018-03-31T11:53:04.396395 #31998] DEBUG -- : -------> building selection...
D, [2018-03-31T11:53:04.396760 #31998] DEBUG -- : -------> building new state...
D, [2018-03-31T11:53:04.396884 #31998] DEBUG -- : -------> building new state...
D, [2018-03-31T11:53:04.397086 #31998] DEBUG -- : -------> building selection...
D, [2018-03-31T11:53:04.397424 #31998] DEBUG -- : -------> building new state...
D, [2018-03-31T11:53:04.397545 #31998] DEBUG -- : -------> building new state...
D, [2018-03-31T11:53:04.397733 #31998] DEBUG -- : -------> building selection...
D, [2018-03-31T11:53:04.398073 #31998] DEBUG -- : -------> building new state...
D, [2018-03-31T11:53:04.398174 #31998] DEBUG -- : -------> building new state...
D, [2018-03-31T11:53:04.398376 #31998] DEBUG -- : -------> building selection...
D, [2018-03-31T11:53:04.398720 #31998] DEBUG -- : -------> building new state...
D, [2018-03-31T11:53:04.398849 #31998] DEBUG -- : -------> building new state...
D, [2018-03-31T11:53:04.399045 #31998] DEBUG -- : -------> building selection...
D, [2018-03-31T11:53:04.399386 #31998] DEBUG -- : -------> building new state...
D, [2018-03-31T11:53:04.399499 #31998] DEBUG -- : -------> building new state...
D, [2018-03-31T11:53:04.399694 #31998] DEBUG -- : -------> building selection...
D, [2018-03-31T11:53:04.400030 #31998] DEBUG -- : -------> building new state...
D, [2018-03-31T11:53:04.400146 #31998] DEBUG -- : -------> building new state...
D, [2018-03-31T11:53:04.400353 #31998] DEBUG -- : -------> building selection...
D, [2018-03-31T11:53:04.400674 #31998] DEBUG -- : -------> building new state...
D, [2018-03-31T11:53:04.400802 #31998] DEBUG -- : -------> building new state...
D, [2018-03-31T11:53:04.402902 #31998] DEBUG -- : -------> building selection...
D, [2018-03-31T11:53:04.403347 #31998] DEBUG -- : -------> building new state...
D, [2018-03-31T11:53:04.403500 #31998] DEBUG -- : -------> building new state...
D, [2018-03-31T11:53:04.403896 #31998] DEBUG -- : -------> building selection...
D, [2018-03-31T11:53:04.404330 #31998] DEBUG -- : -------> building new state...
D, [2018-03-31T11:53:04.404445 #31998] DEBUG -- : -------> building new state...
D, [2018-03-31T11:53:04.404654 #31998] DEBUG -- : -------> building selection...
D, [2018-03-31T11:53:04.404997 #31998] DEBUG -- : -------> building new state...
D, [2018-03-31T11:53:04.405101 #31998] DEBUG -- : -------> building new state...
D, [2018-03-31T11:53:04.405305 #31998] DEBUG -- : -------> building selection...
D, [2018-03-31T11:53:04.405647 #31998] DEBUG -- : -------> building new state...
D, [2018-03-31T11:53:04.405761 #31998] DEBUG -- : -------> building new state...
D, [2018-03-31T11:53:04.405965 #31998] DEBUG -- : -------> building selection...
D, [2018-03-31T11:53:04.406303 #31998] DEBUG -- : -------> building new state...
D, [2018-03-31T11:53:04.406410 #31998] DEBUG -- : -------> building new state...
D, [2018-03-31T11:53:04.406614 #31998] DEBUG -- : -------> building selection...
D, [2018-03-31T11:53:04.406961 #31998] DEBUG -- : -------> building new state...
D, [2018-03-31T11:53:04.407073 #31998] DEBUG -- : -------> building new state...
D, [2018-03-31T11:53:04.407275 #31998] DEBUG -- : -------> building selection...
D, [2018-03-31T11:53:04.407615 #31998] DEBUG -- : -------> building new state...
D, [2018-03-31T11:53:04.407728 #31998] DEBUG -- : -------> building new state...
D, [2018-03-31T11:53:04.407924 #31998] DEBUG -- : -------> building selection...
D, [2018-03-31T11:53:04.408268 #31998] DEBUG -- : -------> building new state...
D, [2018-03-31T11:53:04.409099 #31998] DEBUG -- : -------> building new state...
D, [2018-03-31T11:53:04.409394 #31998] DEBUG -- : -------> building selection...
D, [2018-03-31T11:53:04.409725 #31998] DEBUG -- : -------> building new state...
D, [2018-03-31T11:53:04.409824 #31998] DEBUG -- : -------> building new state...
D, [2018-03-31T11:53:04.410015 #31998] DEBUG -- : -------> building selection...
D, [2018-03-31T11:53:04.410340 #31998] DEBUG -- : -------> building new state...
D, [2018-03-31T11:53:04.410477 #31998] DEBUG -- : -------> building new state...
D, [2018-03-31T11:53:04.410663 #31998] DEBUG -- : -------> building selection...
D, [2018-03-31T11:53:04.411003 #31998] DEBUG -- : -------> building new state...
D, [2018-03-31T11:53:04.411104 #31998] DEBUG -- : -------> building new state...
D, [2018-03-31T11:53:04.411291 #31998] DEBUG -- : -------> building selection...
D, [2018-03-31T11:53:04.411659 #31998] DEBUG -- : -------> building new state...
D, [2018-03-31T11:53:04.411766 #31998] DEBUG -- : -------> building new state...
D, [2018-03-31T11:53:04.411953 #31998] DEBUG -- : -------> building selection...
D, [2018-03-31T11:53:04.412269 #31998] DEBUG -- : -------> building new state...
D, [2018-03-31T11:53:04.412365 #31998] DEBUG -- : -------> building new state...
D, [2018-03-31T11:53:04.412558 #31998] DEBUG -- : -------> building selection...
D, [2018-03-31T11:53:04.412922 #31998] DEBUG -- : -------> building new state...
D, [2018-03-31T11:53:04.413023 #31998] DEBUG -- : -------> building new state...
D, [2018-03-31T11:53:04.413208 #31998] DEBUG -- : -------> building selection...
D, [2018-03-31T11:53:04.413531 #31998] DEBUG -- : -------> building new state...
D, [2018-03-31T11:53:04.413630 #31998] DEBUG -- : -------> building new state...
D, [2018-03-31T11:53:04.413814 #31998] DEBUG -- : scoring weighed rated selections...
D, [2018-03-31T11:53:04.413861 #31998] DEBUG -- : Saving scored selections...
D, [2018-03-31T11:53:04.421326 #31998] DEBUG -- : State Score successfully calculated


D, [2018-03-31T11:53:04.421399 #31998] DEBUG -- : Scoring new state: {:rating=>37, :state=>{:unknown=>0, :possibly_lighter=>1, :possibly_heavier=>0, :normal=>7}}
D, [2018-03-31T11:53:04.421423 #31998] DEBUG -- : State Score successfully calculated


D, [2018-03-31T11:53:04.421458 #31998] DEBUG -- : Scoring new state: {:rating=>37, :state=>{:unknown=>0, :possibly_lighter=>0, :possibly_heavier=>1, :normal=>7}}
D, [2018-03-31T11:53:04.421479 #31998] DEBUG -- : State Score successfully calculated


D, [2018-03-31T11:53:04.421504 #31998] DEBUG -- : Scoring new state: {:rating=>34, :state=>{:unknown=>0, :possibly_lighter=>2, :possibly_heavier=>0, :normal=>6}}
D, [2018-03-31T11:53:04.424536 #31998] DEBUG -- : returning fully calculated score...
D, [2018-03-31T11:53:04.424611 #31998] DEBUG -- : State Score successfully calculated


D, [2018-03-31T11:53:04.424657 #31998] DEBUG -- : Scoring new state: {:rating=>37, :state=>{:unknown=>0, :possibly_lighter=>1, :possibly_heavier=>0, :normal=>7}}
D, [2018-03-31T11:53:04.424689 #31998] DEBUG -- : State Score successfully calculated


D, [2018-03-31T11:53:04.424754 #31998] DEBUG -- : Scoring new state: {:rating=>34, :state=>{:unknown=>0, :possibly_lighter=>1, :possibly_heavier=>1, :normal=>6}}
D, [2018-03-31T11:53:04.427891 #31998] DEBUG -- : returning fully calculated score...
D, [2018-03-31T11:53:04.427958 #31998] DEBUG -- : State Score successfully calculated


D, [2018-03-31T11:53:04.428026 #31998] DEBUG -- : Scoring new state: {:rating=>34, :state=>{:unknown=>0, :possibly_lighter=>2, :possibly_heavier=>0, :normal=>6}}
D, [2018-03-31T11:53:04.430634 #31998] DEBUG -- : returning fully calculated score...
D, [2018-03-31T11:53:04.430698 #31998] DEBUG -- : State Score successfully calculated


D, [2018-03-31T11:53:04.430749 #31998] DEBUG -- : Scoring new state: {:rating=>37, :state=>{:unknown=>0, :possibly_lighter=>0, :possibly_heavier=>1, :normal=>7}}
D, [2018-03-31T11:53:04.430773 #31998] DEBUG -- : State Score successfully calculated


D, [2018-03-31T11:53:04.430818 #31998] DEBUG -- : Scoring new state: {:rating=>31, :state=>{:unknown=>0, :possibly_lighter=>3, :possibly_heavier=>0, :normal=>5}}
D, [2018-03-31T11:53:04.433295 #31998] DEBUG -- : calculating updated score for older state...
D, [2018-03-31T11:53:04.436690 #31998] DEBUG -- : generating weighed rated selections...
D, [2018-03-31T11:53:04.437828 #31998] DEBUG -- : -------> building selection...
D, [2018-03-31T11:53:04.438745 #31998] DEBUG -- : -------> building new state...
D, [2018-03-31T11:53:04.439183 #31998] DEBUG -- : -------> building selection...
D, [2018-03-31T11:53:04.439551 #31998] DEBUG -- : -------> building new state...
D, [2018-03-31T11:53:04.439784 #31998] DEBUG -- : -------> building selection...
D, [2018-03-31T11:53:04.440284 #31998] DEBUG -- : -------> building new state...
D, [2018-03-31T11:53:04.440490 #31998] DEBUG -- : -------> building selection...
D, [2018-03-31T11:53:04.440820 #31998] DEBUG -- : -------> building new state...
D, [2018-03-31T11:53:04.440933 #31998] DEBUG -- : -------> building new state...
D, [2018-03-31T11:53:04.441116 #31998] DEBUG -- : -------> building selection...
D, [2018-03-31T11:53:04.441493 #31998] DEBUG -- : -------> building new state...
D, [2018-03-31T11:53:04.441597 #31998] DEBUG -- : -------> building new state...
D, [2018-03-31T11:53:04.441786 #31998] DEBUG -- : -------> building selection...
D, [2018-03-31T11:53:04.442108 #31998] DEBUG -- : -------> building new state...
D, [2018-03-31T11:53:04.442205 #31998] DEBUG -- : -------> building new state...
D, [2018-03-31T11:53:04.442394 #31998] DEBUG -- : -------> building selection...
D, [2018-03-31T11:53:04.444743 #31998] DEBUG -- : -------> building new state...
D, [2018-03-31T11:53:04.444878 #31998] DEBUG -- : -------> building new state...
D, [2018-03-31T11:53:04.445085 #31998] DEBUG -- : -------> building selection...
D, [2018-03-31T11:53:04.445413 #31998] DEBUG -- : -------> building new state...
D, [2018-03-31T11:53:04.445512 #31998] DEBUG -- : -------> building new state...
D, [2018-03-31T11:53:04.445700 #31998] DEBUG -- : -------> building selection...
D, [2018-03-31T11:53:04.446065 #31998] DEBUG -- : -------> building new state...
D, [2018-03-31T11:53:04.446164 #31998] DEBUG -- : -------> building new state...
D, [2018-03-31T11:53:04.446348 #31998] DEBUG -- : -------> building selection...
D, [2018-03-31T11:53:04.446676 #31998] DEBUG -- : -------> building new state...
D, [2018-03-31T11:53:04.446833 #31998] DEBUG -- : -------> building new state...
D, [2018-03-31T11:53:04.447038 #31998] DEBUG -- : -------> building selection...
D, [2018-03-31T11:53:04.447369 #31998] DEBUG -- : -------> building new state...
D, [2018-03-31T11:53:04.447469 #31998] DEBUG -- : -------> building new state...
D, [2018-03-31T11:53:04.447654 #31998] DEBUG -- : -------> building selection...
D, [2018-03-31T11:53:04.448007 #31998] DEBUG -- : -------> building new state...
D, [2018-03-31T11:53:04.448106 #31998] DEBUG -- : -------> building new state...
D, [2018-03-31T11:53:04.448290 #31998] DEBUG -- : -------> building selection...
D, [2018-03-31T11:53:04.448617 #31998] DEBUG -- : -------> building new state...
D, [2018-03-31T11:53:04.448751 #31998] DEBUG -- : -------> building new state...
D, [2018-03-31T11:53:04.448974 #31998] DEBUG -- : -------> building selection...
D, [2018-03-31T11:53:04.449298 #31998] DEBUG -- : -------> building new state...
D, [2018-03-31T11:53:04.449398 #31998] DEBUG -- : -------> building new state...
D, [2018-03-31T11:53:04.449591 #31998] DEBUG -- : -------> building selection...
D, [2018-03-31T11:53:04.449914 #31998] DEBUG -- : -------> building new state...
D, [2018-03-31T11:53:04.450038 #31998] DEBUG -- : -------> building new state...
D, [2018-03-31T11:53:04.450236 #31998] DEBUG -- : -------> building selection...
D, [2018-03-31T11:53:04.450561 #31998] DEBUG -- : -------> building new state...
D, [2018-03-31T11:53:04.450660 #31998] DEBUG -- : -------> building new state...
D, [2018-03-31T11:53:04.450849 #31998] DEBUG -- : -------> building selection...
D, [2018-03-31T11:53:04.451197 #31998] DEBUG -- : -------> building new state...
D, [2018-03-31T11:53:04.451332 #31998] DEBUG -- : -------> building new state...
D, [2018-03-31T11:53:04.451524 #31998] DEBUG -- : -------> building selection...
D, [2018-03-31T11:53:04.451940 #31998] DEBUG -- : -------> building new state...
D, [2018-03-31T11:53:04.452056 #31998] DEBUG -- : -------> building new state...
D, [2018-03-31T11:53:04.452240 #31998] DEBUG -- : -------> building selection...
D, [2018-03-31T11:53:04.452650 #31998] DEBUG -- : -------> building new state...
D, [2018-03-31T11:53:04.452852 #31998] DEBUG -- : -------> building new state...
D, [2018-03-31T11:53:04.453065 #31998] DEBUG -- : scoring weighed rated selections...
D, [2018-03-31T11:53:04.453104 #31998] DEBUG -- : Saving scored selections...
D, [2018-03-31T11:53:04.457236 #31998] DEBUG -- : State Score successfully calculated


D, [2018-03-31T11:53:04.457312 #31998] DEBUG -- : Scoring new state: {:rating=>37, :state=>{:unknown=>0, :possibly_lighter=>0, :possibly_heavier=>1, :normal=>7}}
D, [2018-03-31T11:53:04.457349 #31998] DEBUG -- : State Score successfully calculated


D, [2018-03-31T11:53:04.457376 #31998] DEBUG -- : Scoring new state: {:rating=>31, :state=>{:unknown=>0, :possibly_lighter=>3, :possibly_heavier=>0, :normal=>5}}
D, [2018-03-31T11:53:04.460150 #31998] DEBUG -- : calculating updated score for older state...
D, [2018-03-31T11:53:04.463742 #31998] DEBUG -- : generating weighed rated selections...
D, [2018-03-31T11:53:04.464783 #31998] DEBUG -- : -------> building selection...
D, [2018-03-31T11:53:04.465640 #31998] DEBUG -- : -------> building new state...
D, [2018-03-31T11:53:04.466070 #31998] DEBUG -- : -------> building selection...
D, [2018-03-31T11:53:04.466491 #31998] DEBUG -- : -------> building new state...
D, [2018-03-31T11:53:04.466741 #31998] DEBUG -- : -------> building selection...
D, [2018-03-31T11:53:04.467095 #31998] DEBUG -- : -------> building new state...
D, [2018-03-31T11:53:04.467289 #31998] DEBUG -- : -------> building selection...
D, [2018-03-31T11:53:04.467616 #31998] DEBUG -- : -------> building new state...
D, [2018-03-31T11:53:04.467719 #31998] DEBUG -- : -------> building new state...
D, [2018-03-31T11:53:04.467949 #31998] DEBUG -- : -------> building selection...
D, [2018-03-31T11:53:04.468277 #31998] DEBUG -- : -------> building new state...
D, [2018-03-31T11:53:04.468380 #31998] DEBUG -- : -------> building new state...
D, [2018-03-31T11:53:04.468566 #31998] DEBUG -- : -------> building selection...
D, [2018-03-31T11:53:04.468889 #31998] DEBUG -- : -------> building new state...
D, [2018-03-31T11:53:04.468991 #31998] DEBUG -- : -------> building new state...
D, [2018-03-31T11:53:04.469226 #31998] DEBUG -- : -------> building selection...
D, [2018-03-31T11:53:04.469549 #31998] DEBUG -- : -------> building new state...
D, [2018-03-31T11:53:04.469649 #31998] DEBUG -- : -------> building new state...
D, [2018-03-31T11:53:04.469839 #31998] DEBUG -- : -------> building selection...
D, [2018-03-31T11:53:04.470162 #31998] DEBUG -- : -------> building new state...
D, [2018-03-31T11:53:04.470302 #31998] DEBUG -- : -------> building new state...
D, [2018-03-31T11:53:04.470497 #31998] DEBUG -- : -------> building selection...
D, [2018-03-31T11:53:04.470831 #31998] DEBUG -- : -------> building new state...
D, [2018-03-31T11:53:04.470933 #31998] DEBUG -- : -------> building new state...
D, [2018-03-31T11:53:04.471119 #31998] DEBUG -- : -------> building selection...
D, [2018-03-31T11:53:04.471481 #31998] DEBUG -- : -------> building new state...
D, [2018-03-31T11:53:04.471594 #31998] DEBUG -- : -------> building new state...
D, [2018-03-31T11:53:04.471776 #31998] DEBUG -- : -------> building selection...
D, [2018-03-31T11:53:04.472100 #31998] DEBUG -- : -------> building new state...
D, [2018-03-31T11:53:04.472202 #31998] DEBUG -- : -------> building new state...
D, [2018-03-31T11:53:04.472386 #31998] DEBUG -- : -------> building selection...
D, [2018-03-31T11:53:04.472747 #31998] DEBUG -- : -------> building new state...
D, [2018-03-31T11:53:04.472847 #31998] DEBUG -- : -------> building new state...
D, [2018-03-31T11:53:04.473030 #31998] DEBUG -- : -------> building selection...
D, [2018-03-31T11:53:04.473347 #31998] DEBUG -- : -------> building new state...
D, [2018-03-31T11:53:04.473453 #31998] DEBUG -- : -------> building new state...
D, [2018-03-31T11:53:04.473640 #31998] DEBUG -- : -------> building selection...
D, [2018-03-31T11:53:04.474006 #31998] DEBUG -- : -------> building new state...
D, [2018-03-31T11:53:04.474108 #31998] DEBUG -- : -------> building new state...
D, [2018-03-31T11:53:04.474296 #31998] DEBUG -- : -------> building selection...
D, [2018-03-31T11:53:04.474616 #31998] DEBUG -- : -------> building new state...
D, [2018-03-31T11:53:04.474713 #31998] DEBUG -- : -------> building new state...
D, [2018-03-31T11:53:04.474908 #31998] DEBUG -- : -------> building selection...
D, [2018-03-31T11:53:04.475282 #31998] DEBUG -- : -------> building new state...
D, [2018-03-31T11:53:04.475480 #31998] DEBUG -- : -------> building new state...
D, [2018-03-31T11:53:04.475684 #31998] DEBUG -- : -------> building selection...
D, [2018-03-31T11:53:04.476022 #31998] DEBUG -- : -------> building new state...
D, [2018-03-31T11:53:04.476122 #31998] DEBUG -- : -------> building new state...
D, [2018-03-31T11:53:04.476352 #31998] DEBUG -- : -------> building selection...
D, [2018-03-31T11:53:04.476678 #31998] DEBUG -- : -------> building new state...
D, [2018-03-31T11:53:04.476777 #31998] DEBUG -- : -------> building new state...
D, [2018-03-31T11:53:04.476965 #31998] DEBUG -- : -------> building selection...
D, [2018-03-31T11:53:04.477288 #31998] DEBUG -- : -------> building new state...
D, [2018-03-31T11:53:04.477387 #31998] DEBUG -- : -------> building new state...
D, [2018-03-31T11:53:04.479555 #31998] DEBUG -- : scoring weighed rated selections...
D, [2018-03-31T11:53:04.479629 #31998] DEBUG -- : Saving scored selections...
D, [2018-03-31T11:53:04.483856 #31998] DEBUG -- : State Score successfully calculated


D, [2018-03-31T11:53:04.483943 #31998] DEBUG -- : Scoring new state: {:rating=>34, :state=>{:unknown=>0, :possibly_lighter=>1, :possibly_heavier=>1, :normal=>6}}
D, [2018-03-31T11:53:04.486603 #31998] DEBUG -- : returning fully calculated score...
D, [2018-03-31T11:53:04.486662 #31998] DEBUG -- : State Score successfully calculated


D, [2018-03-31T11:53:04.486696 #31998] DEBUG -- : Scoring new state: {:rating=>34, :state=>{:unknown=>0, :possibly_lighter=>2, :possibly_heavier=>0, :normal=>6}}
D, [2018-03-31T11:53:04.489227 #31998] DEBUG -- : returning fully calculated score...
D, [2018-03-31T11:53:04.489296 #31998] DEBUG -- : State Score successfully calculated


D, [2018-03-31T11:53:04.489343 #31998] DEBUG -- : Scoring new state: {:rating=>31, :state=>{:unknown=>0, :possibly_lighter=>2, :possibly_heavier=>1, :normal=>5}}
D, [2018-03-31T11:53:04.491906 #31998] DEBUG -- : calculating updated score for older state...
D, [2018-03-31T11:53:04.495327 #31998] DEBUG -- : generating weighed rated selections...
D, [2018-03-31T11:53:04.496435 #31998] DEBUG -- : -------> building selection...
D, [2018-03-31T11:53:04.497310 #31998] DEBUG -- : -------> building new state...
D, [2018-03-31T11:53:04.497585 #31998] DEBUG -- : -------> building new state...
D, [2018-03-31T11:53:04.497876 #31998] DEBUG -- : -------> building selection...
D, [2018-03-31T11:53:04.498224 #31998] DEBUG -- : -------> building new state...
D, [2018-03-31T11:53:04.498332 #31998] DEBUG -- : -------> building new state...
D, [2018-03-31T11:53:04.498528 #31998] DEBUG -- : -------> building selection...
D, [2018-03-31T11:53:04.498917 #31998] DEBUG -- : -------> building new state...
D, [2018-03-31T11:53:04.499032 #31998] DEBUG -- : -------> building new state...
D, [2018-03-31T11:53:04.499292 #31998] DEBUG -- : -------> building selection...
D, [2018-03-31T11:53:04.499641 #31998] DEBUG -- : -------> building new state...
D, [2018-03-31T11:53:04.499745 #31998] DEBUG -- : -------> building new state...
D, [2018-03-31T11:53:04.499941 #31998] DEBUG -- : -------> building selection...
D, [2018-03-31T11:53:04.500307 #31998] DEBUG -- : -------> building new state...
D, [2018-03-31T11:53:04.500410 #31998] DEBUG -- : -------> building new state...
D, [2018-03-31T11:53:04.500600 #31998] DEBUG -- : -------> building selection...
D, [2018-03-31T11:53:04.500929 #31998] DEBUG -- : -------> building new state...
D, [2018-03-31T11:53:04.501032 #31998] DEBUG -- : -------> building new state...
D, [2018-03-31T11:53:04.501221 #31998] DEBUG -- : -------> building selection...
D, [2018-03-31T11:53:04.501595 #31998] DEBUG -- : -------> building new state...
D, [2018-03-31T11:53:04.501697 #31998] DEBUG -- : -------> building new state...
D, [2018-03-31T11:53:04.501886 #31998] DEBUG -- : -------> building selection...
D, [2018-03-31T11:53:04.502235 #31998] DEBUG -- : -------> building new state...
D, [2018-03-31T11:53:04.502351 #31998] DEBUG -- : -------> building new state...
D, [2018-03-31T11:53:04.502543 #31998] DEBUG -- : -------> building selection...
D, [2018-03-31T11:53:04.502938 #31998] DEBUG -- : -------> building new state...
D, [2018-03-31T11:53:04.503048 #31998] DEBUG -- : -------> building new state...
D, [2018-03-31T11:53:04.503239 #31998] DEBUG -- : -------> building selection...
D, [2018-03-31T11:53:04.503565 #31998] DEBUG -- : -------> building new state...
D, [2018-03-31T11:53:04.503668 #31998] DEBUG -- : -------> building new state...
D, [2018-03-31T11:53:04.503861 #31998] DEBUG -- : -------> building selection...
D, [2018-03-31T11:53:04.504219 #31998] DEBUG -- : -------> building new state...
D, [2018-03-31T11:53:04.504318 #31998] DEBUG -- : -------> building new state...
D, [2018-03-31T11:53:04.504513 #31998] DEBUG -- : -------> building selection...
D, [2018-03-31T11:53:04.504841 #31998] DEBUG -- : -------> building new state...
D, [2018-03-31T11:53:04.504940 #31998] DEBUG -- : -------> building new state...
D, [2018-03-31T11:53:04.505128 #31998] DEBUG -- : -------> building selection...
D, [2018-03-31T11:53:04.505491 #31998] DEBUG -- : -------> building new state...
D, [2018-03-31T11:53:04.505593 #31998] DEBUG -- : -------> building new state...
D, [2018-03-31T11:53:04.505780 #31998] DEBUG -- : -------> building selection...
D, [2018-03-31T11:53:04.506105 #31998] DEBUG -- : -------> building new state...
D, [2018-03-31T11:53:04.506209 #31998] DEBUG -- : -------> building new state...
D, [2018-03-31T11:53:04.506435 #31998] DEBUG -- : -------> building selection...
D, [2018-03-31T11:53:04.506762 #31998] DEBUG -- : -------> building new state...
D, [2018-03-31T11:53:04.506872 #31998] DEBUG -- : -------> building new state...
D, [2018-03-31T11:53:04.507111 #31998] DEBUG -- : -------> building selection...
D, [2018-03-31T11:53:04.507499 #31998] DEBUG -- : -------> building new state...
D, [2018-03-31T11:53:04.507685 #31998] DEBUG -- : -------> building new state...
D, [2018-03-31T11:53:04.507945 #31998] DEBUG -- : -------> building selection...
D, [2018-03-31T11:53:04.508284 #31998] DEBUG -- : -------> building new state...
D, [2018-03-31T11:53:04.508383 #31998] DEBUG -- : -------> building new state...
D, [2018-03-31T11:53:04.508582 #31998] DEBUG -- : -------> building selection...
D, [2018-03-31T11:53:04.508909 #31998] DEBUG -- : -------> building new state...
D, [2018-03-31T11:53:04.509007 #31998] DEBUG -- : -------> building new state...
D, [2018-03-31T11:53:04.509239 #31998] DEBUG -- : -------> building selection...
D, [2018-03-31T11:53:04.509569 #31998] DEBUG -- : -------> building new state...
D, [2018-03-31T11:53:04.509674 #31998] DEBUG -- : -------> building new state...
D, [2018-03-31T11:53:04.509867 #31998] DEBUG -- : -------> building selection...
D, [2018-03-31T11:53:04.510209 #31998] DEBUG -- : -------> building new state...
D, [2018-03-31T11:53:04.510338 #31998] DEBUG -- : -------> building new state...
D, [2018-03-31T11:53:04.510533 #31998] DEBUG -- : -------> building selection...
D, [2018-03-31T11:53:04.510893 #31998] DEBUG -- : -------> building new state...
D, [2018-03-31T11:53:04.511000 #31998] DEBUG -- : -------> building new state...
D, [2018-03-31T11:53:04.511191 #31998] DEBUG -- : -------> building selection...
D, [2018-03-31T11:53:04.511560 #31998] DEBUG -- : -------> building new state...
D, [2018-03-31T11:53:04.511666 #31998] DEBUG -- : -------> building new state...
D, [2018-03-31T11:53:04.511857 #31998] DEBUG -- : -------> building selection...
D, [2018-03-31T11:53:04.512193 #31998] DEBUG -- : -------> building new state...
D, [2018-03-31T11:53:04.512292 #31998] DEBUG -- : -------> building new state...
D, [2018-03-31T11:53:04.512556 #31998] DEBUG -- : -------> building selection...
D, [2018-03-31T11:53:04.512884 #31998] DEBUG -- : -------> building new state...
D, [2018-03-31T11:53:04.512990 #31998] DEBUG -- : -------> building new state...
D, [2018-03-31T11:53:04.513180 #31998] DEBUG -- : -------> building selection...
D, [2018-03-31T11:53:04.513499 #31998] DEBUG -- : -------> building new state...
D, [2018-03-31T11:53:04.513655 #31998] DEBUG -- : -------> building new state...
D, [2018-03-31T11:53:04.513874 #31998] DEBUG -- : -------> building selection...
D, [2018-03-31T11:53:04.514213 #31998] DEBUG -- : -------> building new state...
D, [2018-03-31T11:53:04.514312 #31998] DEBUG -- : -------> building new state...
D, [2018-03-31T11:53:04.514513 #31998] DEBUG -- : -------> building selection...
D, [2018-03-31T11:53:04.514925 #31998] DEBUG -- : -------> building new state...
D, [2018-03-31T11:53:04.515032 #31998] DEBUG -- : -------> building new state...
D, [2018-03-31T11:53:04.515222 #31998] DEBUG -- : -------> building selection...
D, [2018-03-31T11:53:04.515570 #31998] DEBUG -- : -------> building new state...
D, [2018-03-31T11:53:04.515667 #31998] DEBUG -- : -------> building new state...
D, [2018-03-31T11:53:04.515950 #31998] DEBUG -- : -------> building selection...
D, [2018-03-31T11:53:04.516323 #31998] DEBUG -- : -------> building new state...
D, [2018-03-31T11:53:04.516431 #31998] DEBUG -- : -------> building new state...
D, [2018-03-31T11:53:04.516627 #31998] DEBUG -- : -------> building selection...
D, [2018-03-31T11:53:04.516958 #31998] DEBUG -- : -------> building new state...
D, [2018-03-31T11:53:04.517064 #31998] DEBUG -- : -------> building new state...
D, [2018-03-31T11:53:04.518783 #31998] DEBUG -- : -------> building selection...
D, [2018-03-31T11:53:04.519245 #31998] DEBUG -- : -------> building new state...
D, [2018-03-31T11:53:04.519355 #31998] DEBUG -- : -------> building new state...
D, [2018-03-31T11:53:04.519553 #31998] DEBUG -- : -------> building selection...
D, [2018-03-31T11:53:04.519877 #31998] DEBUG -- : -------> building new state...
D, [2018-03-31T11:53:04.520011 #31998] DEBUG -- : -------> building new state...
D, [2018-03-31T11:53:04.520225 #31998] DEBUG -- : -------> building selection...
D, [2018-03-31T11:53:04.520555 #31998] DEBUG -- : -------> building new state...
D, [2018-03-31T11:53:04.520653 #31998] DEBUG -- : -------> building new state...
D, [2018-03-31T11:53:04.520841 #31998] DEBUG -- : -------> building selection...
D, [2018-03-31T11:53:04.521177 #31998] DEBUG -- : -------> building new state...
D, [2018-03-31T11:53:04.521310 #31998] DEBUG -- : -------> building new state...
D, [2018-03-31T11:53:04.521508 #31998] DEBUG -- : -------> building selection...
D, [2018-03-31T11:53:04.521847 #31998] DEBUG -- : -------> building new state...
D, [2018-03-31T11:53:04.521946 #31998] DEBUG -- : -------> building new state...
D, [2018-03-31T11:53:04.522135 #31998] DEBUG -- : -------> building selection...
D, [2018-03-31T11:53:04.522483 #31998] DEBUG -- : -------> building new state...
D, [2018-03-31T11:53:04.522606 #31998] DEBUG -- : -------> building new state...
D, [2018-03-31T11:53:04.522793 #31998] DEBUG -- : -------> building selection...
D, [2018-03-31T11:53:04.523138 #31998] DEBUG -- : -------> building new state...
D, [2018-03-31T11:53:04.523236 #31998] DEBUG -- : -------> building new state...
D, [2018-03-31T11:53:04.523426 #31998] DEBUG -- : -------> building selection...
D, [2018-03-31T11:53:04.523790 #31998] DEBUG -- : -------> building new state...
D, [2018-03-31T11:53:04.523893 #31998] DEBUG -- : -------> building new state...
D, [2018-03-31T11:53:04.524078 #31998] DEBUG -- : -------> building selection...
D, [2018-03-31T11:53:04.524399 #31998] DEBUG -- : -------> building new state...
D, [2018-03-31T11:53:04.524500 #31998] DEBUG -- : -------> building new state...
D, [2018-03-31T11:53:04.524687 #31998] DEBUG -- : scoring weighed rated selections...
D, [2018-03-31T11:53:04.524740 #31998] DEBUG -- : Saving scored selections...
D, [2018-03-31T11:53:04.532014 #31998] DEBUG -- : State Score successfully calculated


D, [2018-03-31T11:53:04.532090 #31998] DEBUG -- : Scoring new state: {:rating=>37, :state=>{:unknown=>0, :possibly_lighter=>1, :possibly_heavier=>0, :normal=>7}}
D, [2018-03-31T11:53:04.532115 #31998] DEBUG -- : State Score successfully calculated


D, [2018-03-31T11:53:04.532150 #31998] DEBUG -- : Scoring new state: {:rating=>31, :state=>{:unknown=>0, :possibly_lighter=>2, :possibly_heavier=>1, :normal=>5}}
D, [2018-03-31T11:53:04.534911 #31998] DEBUG -- : calculating updated score for older state...
D, [2018-03-31T11:53:04.538411 #31998] DEBUG -- : generating weighed rated selections...
D, [2018-03-31T11:53:04.539552 #31998] DEBUG -- : -------> building selection...
D, [2018-03-31T11:53:04.540457 #31998] DEBUG -- : -------> building new state...
D, [2018-03-31T11:53:04.540729 #31998] DEBUG -- : -------> building new state...
D, [2018-03-31T11:53:04.540950 #31998] DEBUG -- : -------> building selection...
D, [2018-03-31T11:53:04.541314 #31998] DEBUG -- : -------> building new state...
D, [2018-03-31T11:53:04.541527 #31998] DEBUG -- : -------> building new state...
D, [2018-03-31T11:53:04.541790 #31998] DEBUG -- : -------> building selection...
D, [2018-03-31T11:53:04.542145 #31998] DEBUG -- : -------> building new state...
D, [2018-03-31T11:53:04.542250 #31998] DEBUG -- : -------> building new state...
D, [2018-03-31T11:53:04.542440 #31998] DEBUG -- : -------> building selection...
D, [2018-03-31T11:53:04.542795 #31998] DEBUG -- : -------> building new state...
D, [2018-03-31T11:53:04.542953 #31998] DEBUG -- : -------> building new state...
D, [2018-03-31T11:53:04.543155 #31998] DEBUG -- : -------> building selection...
D, [2018-03-31T11:53:04.543476 #31998] DEBUG -- : -------> building new state...
D, [2018-03-31T11:53:04.543582 #31998] DEBUG -- : -------> building new state...
D, [2018-03-31T11:53:04.543773 #31998] DEBUG -- : -------> building selection...
D, [2018-03-31T11:53:04.544094 #31998] DEBUG -- : -------> building new state...
D, [2018-03-31T11:53:04.544234 #31998] DEBUG -- : -------> building new state...
D, [2018-03-31T11:53:04.544457 #31998] DEBUG -- : -------> building selection...
D, [2018-03-31T11:53:04.544779 #31998] DEBUG -- : -------> building new state...
D, [2018-03-31T11:53:04.544879 #31998] DEBUG -- : -------> building new state...
D, [2018-03-31T11:53:04.545064 #31998] DEBUG -- : -------> building selection...
D, [2018-03-31T11:53:04.545424 #31998] DEBUG -- : -------> building new state...
D, [2018-03-31T11:53:04.545524 #31998] DEBUG -- : -------> building new state...
D, [2018-03-31T11:53:04.545712 #31998] DEBUG -- : -------> building selection...
D, [2018-03-31T11:53:04.546030 #31998] DEBUG -- : -------> building new state...
D, [2018-03-31T11:53:04.546127 #31998] DEBUG -- : -------> building new state...
D, [2018-03-31T11:53:04.546312 #31998] DEBUG -- : -------> building selection...
D, [2018-03-31T11:53:04.546691 #31998] DEBUG -- : -------> building new state...
D, [2018-03-31T11:53:04.546792 #31998] DEBUG -- : -------> building new state...
D, [2018-03-31T11:53:04.547001 #31998] DEBUG -- : -------> building selection...
D, [2018-03-31T11:53:04.547326 #31998] DEBUG -- : -------> building new state...
D, [2018-03-31T11:53:04.547424 #31998] DEBUG -- : -------> building new state...
D, [2018-03-31T11:53:04.547611 #31998] DEBUG -- : -------> building selection...
D, [2018-03-31T11:53:04.547967 #31998] DEBUG -- : -------> building new state...
D, [2018-03-31T11:53:04.548065 #31998] DEBUG -- : -------> building new state...
D, [2018-03-31T11:53:04.548251 #31998] DEBUG -- : -------> building selection...
D, [2018-03-31T11:53:04.548569 #31998] DEBUG -- : -------> building new state...
D, [2018-03-31T11:53:04.548669 #31998] DEBUG -- : -------> building new state...
D, [2018-03-31T11:53:04.548891 #31998] DEBUG -- : -------> building selection...
D, [2018-03-31T11:53:04.549213 #31998] DEBUG -- : -------> building new state...
D, [2018-03-31T11:53:04.549311 #31998] DEBUG -- : -------> building new state...
D, [2018-03-31T11:53:04.549497 #31998] DEBUG -- : -------> building selection...
D, [2018-03-31T11:53:04.549816 #31998] DEBUG -- : -------> building new state...
D, [2018-03-31T11:53:04.549951 #31998] DEBUG -- : -------> building new state...
D, [2018-03-31T11:53:04.550145 #31998] DEBUG -- : -------> building selection...
D, [2018-03-31T11:53:04.550467 #31998] DEBUG -- : -------> building new state...
D, [2018-03-31T11:53:04.550565 #31998] DEBUG -- : -------> building new state...
D, [2018-03-31T11:53:04.550751 #31998] DEBUG -- : -------> building selection...
D, [2018-03-31T11:53:04.551117 #31998] DEBUG -- : -------> building new state...
D, [2018-03-31T11:53:04.551262 #31998] DEBUG -- : -------> building new state...
D, [2018-03-31T11:53:04.551460 #31998] DEBUG -- : -------> building selection...
D, [2018-03-31T11:53:04.551782 #31998] DEBUG -- : -------> building new state...
D, [2018-03-31T11:53:04.551880 #31998] DEBUG -- : -------> building new state...
D, [2018-03-31T11:53:04.552066 #31998] DEBUG -- : -------> building selection...
D, [2018-03-31T11:53:04.552454 #31998] DEBUG -- : -------> building new state...
D, [2018-03-31T11:53:04.552582 #31998] DEBUG -- : -------> building new state...
D, [2018-03-31T11:53:04.552771 #31998] DEBUG -- : -------> building selection...
D, [2018-03-31T11:53:04.553092 #31998] DEBUG -- : -------> building new state...
D, [2018-03-31T11:53:04.553190 #31998] DEBUG -- : -------> building new state...
D, [2018-03-31T11:53:04.553375 #31998] DEBUG -- : -------> building selection...
D, [2018-03-31T11:53:04.555202 #31998] DEBUG -- : -------> building new state...
D, [2018-03-31T11:53:04.555351 #31998] DEBUG -- : -------> building new state...
D, [2018-03-31T11:53:04.555648 #31998] DEBUG -- : -------> building selection...
D, [2018-03-31T11:53:04.556069 #31998] DEBUG -- : -------> building new state...
D, [2018-03-31T11:53:04.556173 #31998] DEBUG -- : -------> building new state...
D, [2018-03-31T11:53:04.556367 #31998] DEBUG -- : -------> building selection...
D, [2018-03-31T11:53:04.556727 #31998] DEBUG -- : -------> building new state...
D, [2018-03-31T11:53:04.556825 #31998] DEBUG -- : -------> building new state...
D, [2018-03-31T11:53:04.557013 #31998] DEBUG -- : -------> building selection...
D, [2018-03-31T11:53:04.557337 #31998] DEBUG -- : -------> building new state...
D, [2018-03-31T11:53:04.557468 #31998] DEBUG -- : -------> building new state...
D, [2018-03-31T11:53:04.557659 #31998] DEBUG -- : -------> building selection...
D, [2018-03-31T11:53:04.557978 #31998] DEBUG -- : -------> building new state...
D, [2018-03-31T11:53:04.558077 #31998] DEBUG -- : -------> building new state...
D, [2018-03-31T11:53:04.558260 #31998] DEBUG -- : -------> building selection...
D, [2018-03-31T11:53:04.558610 #31998] DEBUG -- : -------> building new state...
D, [2018-03-31T11:53:04.558709 #31998] DEBUG -- : -------> building new state...
D, [2018-03-31T11:53:04.558914 #31998] DEBUG -- : -------> building selection...
D, [2018-03-31T11:53:04.559237 #31998] DEBUG -- : -------> building new state...
D, [2018-03-31T11:53:04.559335 #31998] DEBUG -- : -------> building new state...
D, [2018-03-31T11:53:04.559581 #31998] DEBUG -- : -------> building selection...
D, [2018-03-31T11:53:04.559909 #31998] DEBUG -- : -------> building new state...
D, [2018-03-31T11:53:04.560008 #31998] DEBUG -- : -------> building new state...
D, [2018-03-31T11:53:04.560193 #31998] DEBUG -- : -------> building selection...
D, [2018-03-31T11:53:04.560511 #31998] DEBUG -- : -------> building new state...
D, [2018-03-31T11:53:04.560608 #31998] DEBUG -- : -------> building new state...
D, [2018-03-31T11:53:04.560830 #31998] DEBUG -- : -------> building selection...
D, [2018-03-31T11:53:04.561150 #31998] DEBUG -- : -------> building new state...
D, [2018-03-31T11:53:04.561250 #31998] DEBUG -- : -------> building new state...
D, [2018-03-31T11:53:04.561432 #31998] DEBUG -- : -------> building selection...
D, [2018-03-31T11:53:04.561752 #31998] DEBUG -- : -------> building new state...
D, [2018-03-31T11:53:04.561880 #31998] DEBUG -- : -------> building new state...
D, [2018-03-31T11:53:04.562073 #31998] DEBUG -- : -------> building selection...
D, [2018-03-31T11:53:04.562391 #31998] DEBUG -- : -------> building new state...
D, [2018-03-31T11:53:04.562489 #31998] DEBUG -- : -------> building new state...
D, [2018-03-31T11:53:04.562673 #31998] DEBUG -- : -------> building selection...
D, [2018-03-31T11:53:04.563015 #31998] DEBUG -- : -------> building new state...
D, [2018-03-31T11:53:04.563117 #31998] DEBUG -- : -------> building new state...
D, [2018-03-31T11:53:04.563303 #31998] DEBUG -- : -------> building selection...
D, [2018-03-31T11:53:04.563656 #31998] DEBUG -- : -------> building new state...
D, [2018-03-31T11:53:04.563786 #31998] DEBUG -- : -------> building new state...
D, [2018-03-31T11:53:04.563975 #31998] DEBUG -- : -------> building selection...
D, [2018-03-31T11:53:04.564307 #31998] DEBUG -- : -------> building new state...
D, [2018-03-31T11:53:04.564414 #31998] DEBUG -- : -------> building new state...
D, [2018-03-31T11:53:04.564616 #31998] DEBUG -- : -------> building selection...
D, [2018-03-31T11:53:04.564954 #31998] DEBUG -- : -------> building new state...
D, [2018-03-31T11:53:04.565056 #31998] DEBUG -- : -------> building new state...
D, [2018-03-31T11:53:04.565263 #31998] DEBUG -- : -------> building selection...
D, [2018-03-31T11:53:04.565595 #31998] DEBUG -- : -------> building new state...
D, [2018-03-31T11:53:04.565711 #31998] DEBUG -- : -------> building new state...
D, [2018-03-31T11:53:04.565900 #31998] DEBUG -- : -------> building selection...
D, [2018-03-31T11:53:04.566241 #31998] DEBUG -- : -------> building new state...
D, [2018-03-31T11:53:04.566341 #31998] DEBUG -- : -------> building new state...
D, [2018-03-31T11:53:04.566524 #31998] DEBUG -- : -------> building selection...
D, [2018-03-31T11:53:04.566869 #31998] DEBUG -- : -------> building new state...
D, [2018-03-31T11:53:04.566973 #31998] DEBUG -- : -------> building new state...
D, [2018-03-31T11:53:04.567160 #31998] DEBUG -- : scoring weighed rated selections...
D, [2018-03-31T11:53:04.567227 #31998] DEBUG -- : Saving scored selections...
D, [2018-03-31T11:53:04.574538 #31998] DEBUG -- : State Score successfully calculated


D, [2018-03-31T11:53:04.574610 #31998] DEBUG -- : Scoring new state: {:rating=>37, :state=>{:unknown=>0, :possibly_lighter=>1, :possibly_heavier=>0, :normal=>7}}
D, [2018-03-31T11:53:04.574635 #31998] DEBUG -- : State Score successfully calculated


D, [2018-03-31T11:53:04.574672 #31998] DEBUG -- : Scoring new state: {:rating=>34, :state=>{:unknown=>0, :possibly_lighter=>1, :possibly_heavier=>1, :normal=>6}}
D, [2018-03-31T11:53:04.577427 #31998] DEBUG -- : returning fully calculated score...
D, [2018-03-31T11:53:04.577482 #31998] DEBUG -- : State Score successfully calculated


D, [2018-03-31T11:53:04.577516 #31998] DEBUG -- : Scoring new state: {:rating=>34, :state=>{:unknown=>0, :possibly_lighter=>2, :possibly_heavier=>0, :normal=>6}}
D, [2018-03-31T11:53:04.580126 #31998] DEBUG -- : returning fully calculated score...
D, [2018-03-31T11:53:04.580188 #31998] DEBUG -- : State Score successfully calculated


D, [2018-03-31T11:53:04.580233 #31998] DEBUG -- : Scoring new state: {:rating=>37, :state=>{:unknown=>0, :possibly_lighter=>0, :possibly_heavier=>1, :normal=>7}}
D, [2018-03-31T11:53:04.580256 #31998] DEBUG -- : State Score successfully calculated


D, [2018-03-31T11:53:04.580284 #31998] DEBUG -- : Scoring new state: {:rating=>31, :state=>{:unknown=>0, :possibly_lighter=>3, :possibly_heavier=>0, :normal=>5}}
D, [2018-03-31T11:53:04.582748 #31998] DEBUG -- : calculating updated score for older state...
D, [2018-03-31T11:53:04.586116 #31998] DEBUG -- : generating weighed rated selections...
D, [2018-03-31T11:53:04.587204 #31998] DEBUG -- : -------> building selection...
D, [2018-03-31T11:53:04.588114 #31998] DEBUG -- : -------> building new state...
D, [2018-03-31T11:53:04.588576 #31998] DEBUG -- : -------> building selection...
D, [2018-03-31T11:53:04.589063 #31998] DEBUG -- : -------> building new state...
D, [2018-03-31T11:53:04.589311 #31998] DEBUG -- : -------> building selection...
D, [2018-03-31T11:53:04.589661 #31998] DEBUG -- : -------> building new state...
D, [2018-03-31T11:53:04.589865 #31998] DEBUG -- : -------> building selection...
D, [2018-03-31T11:53:04.590195 #31998] DEBUG -- : -------> building new state...
D, [2018-03-31T11:53:04.590314 #31998] DEBUG -- : -------> building new state...
D, [2018-03-31T11:53:04.590501 #31998] DEBUG -- : -------> building selection...
D, [2018-03-31T11:53:04.590855 #31998] DEBUG -- : -------> building new state...
D, [2018-03-31T11:53:04.590960 #31998] DEBUG -- : -------> building new state...
D, [2018-03-31T11:53:04.591162 #31998] DEBUG -- : -------> building selection...
D, [2018-03-31T11:53:04.591512 #31998] DEBUG -- : -------> building new state...
D, [2018-03-31T11:53:04.591614 #31998] DEBUG -- : -------> building new state...
D, [2018-03-31T11:53:04.591800 #31998] DEBUG -- : -------> building selection...
D, [2018-03-31T11:53:04.592144 #31998] DEBUG -- : -------> building new state...
D, [2018-03-31T11:53:04.592247 #31998] DEBUG -- : -------> building new state...
D, [2018-03-31T11:53:04.592434 #31998] DEBUG -- : -------> building selection...
D, [2018-03-31T11:53:04.592778 #31998] DEBUG -- : -------> building new state...
D, [2018-03-31T11:53:04.592878 #31998] DEBUG -- : -------> building new state...
D, [2018-03-31T11:53:04.593068 #31998] DEBUG -- : -------> building selection...
D, [2018-03-31T11:53:04.593402 #31998] DEBUG -- : -------> building new state...
D, [2018-03-31T11:53:04.593499 #31998] DEBUG -- : -------> building new state...
D, [2018-03-31T11:53:04.593699 #31998] DEBUG -- : -------> building selection...
D, [2018-03-31T11:53:04.594051 #31998] DEBUG -- : -------> building new state...
D, [2018-03-31T11:53:04.594170 #31998] DEBUG -- : -------> building new state...
D, [2018-03-31T11:53:04.594359 #31998] DEBUG -- : -------> building selection...
D, [2018-03-31T11:53:04.594684 #31998] DEBUG -- : -------> building new state...
D, [2018-03-31T11:53:04.594821 #31998] DEBUG -- : -------> building new state...
D, [2018-03-31T11:53:04.595018 #31998] DEBUG -- : -------> building selection...
D, [2018-03-31T11:53:04.595369 #31998] DEBUG -- : -------> building new state...
D, [2018-03-31T11:53:04.595471 #31998] DEBUG -- : -------> building new state...
D, [2018-03-31T11:53:04.595658 #31998] DEBUG -- : -------> building selection...
D, [2018-03-31T11:53:04.596009 #31998] DEBUG -- : -------> building new state...
D, [2018-03-31T11:53:04.596113 #31998] DEBUG -- : -------> building new state...
D, [2018-03-31T11:53:04.596296 #31998] DEBUG -- : -------> building selection...
D, [2018-03-31T11:53:04.596651 #31998] DEBUG -- : -------> building new state...
D, [2018-03-31T11:53:04.596757 #31998] DEBUG -- : -------> building new state...
D, [2018-03-31T11:53:04.596942 #31998] DEBUG -- : -------> building selection...
D, [2018-03-31T11:53:04.597260 #31998] DEBUG -- : -------> building new state...
D, [2018-03-31T11:53:04.597357 #31998] DEBUG -- : -------> building new state...
D, [2018-03-31T11:53:04.597567 #31998] DEBUG -- : -------> building selection...
D, [2018-03-31T11:53:04.597891 #31998] DEBUG -- : -------> building new state...
D, [2018-03-31T11:53:04.598012 #31998] DEBUG -- : -------> building new state...
D, [2018-03-31T11:53:04.598204 #31998] DEBUG -- : -------> building selection...
D, [2018-03-31T11:53:04.598527 #31998] DEBUG -- : -------> building new state...
D, [2018-03-31T11:53:04.598645 #31998] DEBUG -- : -------> building new state...
D, [2018-03-31T11:53:04.598842 #31998] DEBUG -- : -------> building selection...
D, [2018-03-31T11:53:04.599212 #31998] DEBUG -- : -------> building new state...
D, [2018-03-31T11:53:04.599456 #31998] DEBUG -- : -------> building new state...
D, [2018-03-31T11:53:04.599677 #31998] DEBUG -- : -------> building selection...
D, [2018-03-31T11:53:04.600047 #31998] DEBUG -- : -------> building new state...
D, [2018-03-31T11:53:04.600148 #31998] DEBUG -- : -------> building new state...
D, [2018-03-31T11:53:04.600340 #31998] DEBUG -- : scoring weighed rated selections...
D, [2018-03-31T11:53:04.600377 #31998] DEBUG -- : Saving scored selections...
D, [2018-03-31T11:53:04.604651 #31998] DEBUG -- : State Score successfully calculated


D, [2018-03-31T11:53:04.604742 #31998] DEBUG -- : Saving scored selections...
D, [2018-03-31T11:53:04.641973 #31998] DEBUG -- : State Score successfully calculated


D, [2018-03-31T11:53:04.642047 #31998] DEBUG -- : Scoring new state: {:rating=>37, :state=>{:unknown=>0, :possibly_lighter=>0, :possibly_heavier=>1, :normal=>7}}
D, [2018-03-31T11:53:04.642073 #31998] DEBUG -- : State Score successfully calculated


D, [2018-03-31T11:53:04.642117 #31998] DEBUG -- : Scoring new state: {:rating=>31, :state=>{:unknown=>0, :possibly_lighter=>1, :possibly_heavier=>2, :normal=>5}}
D, [2018-03-31T11:53:04.644876 #31998] DEBUG -- : generating score for new state...
D, [2018-03-31T11:53:04.648423 #31998] DEBUG -- : new state info recorded
D, [2018-03-31T11:53:04.651887 #31998] DEBUG -- : generating weighed rated selections...
D, [2018-03-31T11:53:04.865509 #31998] DEBUG -- : scoring weighed rated selections...
D, [2018-03-31T11:53:04.865640 #31998] DEBUG -- : Saving scored selections...
D, [2018-03-31T11:53:04.873006 #31998] DEBUG -- : State Score successfully calculated


D, [2018-03-31T11:53:04.940624 #31998] DEBUG -- : Scoring new state: {:rating=>34, :state=>{:unknown=>0, :possibly_lighter=>1, :possibly_heavier=>1, :normal=>6}}
D, [2018-03-31T11:53:04.943555 #31998] DEBUG -- : generating score for new state...
D, [2018-03-31T11:53:04.947927 #31998] DEBUG -- : new state info recorded
D, [2018-03-31T11:53:04.951432 #31998] DEBUG -- : generating weighed rated selections...
D, [2018-03-31T11:53:05.066621 #31998] DEBUG -- : scoring weighed rated selections...
D, [2018-03-31T11:53:05.066773 #31998] DEBUG -- : Saving scored selections...
D, [2018-03-31T11:53:05.083304 #31998] DEBUG -- : State Score successfully calculated


D, [2018-03-31T11:53:05.083421 #31998] DEBUG -- : Scoring new state: {:rating=>31, :state=>{:unknown=>0, :possibly_lighter=>1, :possibly_heavier=>2, :normal=>5}}
D, [2018-03-31T11:53:05.086010 #31998] DEBUG -- : generating score for new state...
D, [2018-03-31T11:53:05.089550 #31998] DEBUG -- : new state info recorded
D, [2018-03-31T11:53:05.093041 #31998] DEBUG -- : generating weighed rated selections...
D, [2018-03-31T11:53:05.287539 #31998] DEBUG -- : scoring weighed rated selections...
D, [2018-03-31T11:53:05.287650 #31998] DEBUG -- : Saving scored selections...
D, [2018-03-31T11:53:05.294953 #31998] DEBUG -- : State Score successfully calculated


D, [2018-03-31T11:53:05.295046 #31998] DEBUG -- : Scoring new state: {:rating=>34, :state=>{:unknown=>0, :possibly_lighter=>1, :possibly_heavier=>1, :normal=>6}}
D, [2018-03-31T11:53:05.297672 #31998] DEBUG -- : returning fully calculated score...
D, [2018-03-31T11:53:05.297738 #31998] DEBUG -- : State Score successfully calculated


D, [2018-03-31T11:53:05.297773 #31998] DEBUG -- : Scoring new state: {:rating=>31, :state=>{:unknown=>0, :possibly_lighter=>2, :possibly_heavier=>1, :normal=>5}}
D, [2018-03-31T11:53:05.300256 #31998] DEBUG -- : generating score for new state...
D, [2018-03-31T11:53:05.303798 #31998] DEBUG -- : new state info recorded
D, [2018-03-31T11:53:05.307216 #31998] DEBUG -- : generating weighed rated selections...
D, [2018-03-31T11:53:05.502753 #31998] DEBUG -- : scoring weighed rated selections...
D, [2018-03-31T11:53:05.502920 #31998] DEBUG -- : Saving scored selections...
D, [2018-03-31T11:53:05.510257 #31998] DEBUG -- : State Score successfully calculated


D, [2018-03-31T11:53:06.577069 #31998] DEBUG -- : generating weighed rated selections...
D, [2018-03-31T11:53:06.695926 #31998] DEBUG -- : scoring weighed rated selections...
D, [2018-03-31T11:53:06.696084 #31998] DEBUG -- : Saving scored selections...
D, [2018-03-31T11:53:06.718484 #31998] DEBUG -- : generating weighed rated selections...
D, [2018-03-31T11:53:06.920206 #31998] DEBUG -- : scoring weighed rated selections...
D, [2018-03-31T11:53:06.920334 #31998] DEBUG -- : Saving scored selections...
D, [2018-03-31T11:53:07.827245 #31998] DEBUG -- : calculating updated score for older state...
D, [2018-03-31T11:53:07.831005 #31998] DEBUG -- : generating weighed rated selections...
D, [2018-03-31T11:53:07.843943 #31998] DEBUG -- : scoring weighed rated selections...
D, [2018-03-31T11:53:07.844116 #31998] DEBUG -- : Scoring new state: {:rating=>10, :state=>{:unknown=>1, :possibly_lighter=>0, :possibly_heavier=>0, :normal=>2}}
D, [2018-03-31T11:53:07.847192 #31998] DEBUG -- : calculating updated score for older state...
D, [2018-03-31T11:53:07.850729 #31998] DEBUG -- : generating weighed rated selections...
D, [2018-03-31T11:53:07.871044 #31998] DEBUG -- : scoring weighed rated selections...
D, [2018-03-31T11:53:07.871163 #31998] DEBUG -- : Saving scored selections...
D, [2018-03-31T11:53:07.874346 #31998] DEBUG -- : State Score successfully calculated


D, [2018-03-31T11:53:07.874435 #31998] DEBUG -- : Scoring new state: {:rating=>9, :state=>{:unknown=>0, :possibly_lighter=>1, :possibly_heavier=>1, :normal=>1}}
D, [2018-03-31T11:53:07.877187 #31998] DEBUG -- : calculating updated score for older state...
D, [2018-03-31T11:53:07.880823 #31998] DEBUG -- : generating weighed rated selections...
D, [2018-03-31T11:53:07.910260 #31998] DEBUG -- : scoring weighed rated selections...
D, [2018-03-31T11:53:07.910368 #31998] DEBUG -- : Saving scored selections...
D, [2018-03-31T11:53:07.915169 #31998] DEBUG -- : State Score successfully calculated


D, [2018-03-31T11:53:07.915242 #31998] DEBUG -- : Saving scored selections...
D, [2018-03-31T11:53:07.989169 #31998] DEBUG -- : calculating updated score for older state...
D, [2018-03-31T11:53:07.994099 #31998] DEBUG -- : generating weighed rated selections...
D, [2018-03-31T11:53:08.007302 #31998] DEBUG -- : scoring weighed rated selections...
D, [2018-03-31T11:53:08.007404 #31998] DEBUG -- : Scoring new state: {:rating=>10, :state=>{:unknown=>1, :possibly_lighter=>0, :possibly_heavier=>0, :normal=>2}}
D, [2018-03-31T11:53:08.010482 #31998] DEBUG -- : calculating updated score for older state...
D, [2018-03-31T11:53:08.013992 #31998] DEBUG -- : generating weighed rated selections...
D, [2018-03-31T11:53:08.034003 #31998] DEBUG -- : scoring weighed rated selections...
D, [2018-03-31T11:53:08.034096 #31998] DEBUG -- : Saving scored selections...
D, [2018-03-31T11:53:08.037445 #31998] DEBUG -- : State Score successfully calculated


D, [2018-03-31T11:53:08.037539 #31998] DEBUG -- : Scoring new state: {:rating=>9, :state=>{:unknown=>0, :possibly_lighter=>1, :possibly_heavier=>1, :normal=>1}}
D, [2018-03-31T11:53:08.040225 #31998] DEBUG -- : calculating updated score for older state...
D, [2018-03-31T11:53:08.043841 #31998] DEBUG -- : generating weighed rated selections...
D, [2018-03-31T11:53:08.073974 #31998] DEBUG -- : scoring weighed rated selections...
D, [2018-03-31T11:53:08.074064 #31998] DEBUG -- : Saving scored selections...
D, [2018-03-31T11:53:08.078889 #31998] DEBUG -- : State Score successfully calculated


D, [2018-03-31T11:53:08.078966 #31998] DEBUG -- : Saving scored selections...
D, [2018-03-31T11:53:08.083386 #31998] DEBUG -- : -------> building new state...
D, [2018-03-31T11:53:08.084187 #31998] DEBUG -- : -------> building new state...
D, [2018-03-31T11:53:08.153203 #31998] DEBUG -- : calculating updated score for older state...
D, [2018-03-31T11:53:08.156991 #31998] DEBUG -- : generating weighed rated selections...
D, [2018-03-31T11:53:08.170019 #31998] DEBUG -- : scoring weighed rated selections...
D, [2018-03-31T11:53:08.170116 #31998] DEBUG -- : Scoring new state: {:rating=>10, :state=>{:unknown=>1, :possibly_lighter=>0, :possibly_heavier=>0, :normal=>2}}
D, [2018-03-31T11:53:08.172965 #31998] DEBUG -- : calculating updated score for older state...
D, [2018-03-31T11:53:08.176538 #31998] DEBUG -- : generating weighed rated selections...
D, [2018-03-31T11:53:08.196255 #31998] DEBUG -- : scoring weighed rated selections...
D, [2018-03-31T11:53:08.196339 #31998] DEBUG -- : Saving scored selections...
D, [2018-03-31T11:53:08.199731 #31998] DEBUG -- : State Score successfully calculated


D, [2018-03-31T11:53:08.199816 #31998] DEBUG -- : Scoring new state: {:rating=>9, :state=>{:unknown=>0, :possibly_lighter=>1, :possibly_heavier=>1, :normal=>1}}
D, [2018-03-31T11:53:08.202439 #31998] DEBUG -- : calculating updated score for older state...
D, [2018-03-31T11:53:08.205903 #31998] DEBUG -- : generating weighed rated selections...
D, [2018-03-31T11:53:08.236067 #31998] DEBUG -- : scoring weighed rated selections...
D, [2018-03-31T11:53:08.237170 #31998] DEBUG -- : Saving scored selections...
D, [2018-03-31T11:53:08.242843 #31998] DEBUG -- : State Score successfully calculated


D, [2018-03-31T11:53:08.242919 #31998] DEBUG -- : Saving scored selections...
D, [2018-03-31T11:53:08.248105 #31998] DEBUG -- : -------> building selection...
D, [2018-03-31T11:53:08.248954 #31998] DEBUG -- : -------> building new state...
D, [2018-03-31T11:53:08.249222 #31998] DEBUG -- : -------> building new state...
D, [2018-03-31T11:53:08.249478 #31998] DEBUG -- : -------> building selection...
D, [2018-03-31T11:53:08.249809 #31998] DEBUG -- : -------> building new state...
D, [2018-03-31T11:53:08.249988 #31998] DEBUG -- : -------> building new state...
D, [2018-03-31T11:53:08.250169 #31998] DEBUG -- : -------> building selection...
D, [2018-03-31T11:53:08.250473 #31998] DEBUG -- : -------> building new state...
D, [2018-03-31T11:53:08.250624 #31998] DEBUG -- : -------> building new state...
D, [2018-03-31T11:53:08.250835 #31998] DEBUG -- : -------> building selection...
D, [2018-03-31T11:53:08.251140 #31998] DEBUG -- : -------> building new state...
D, [2018-03-31T11:53:08.251249 #31998] DEBUG -- : -------> building new state...
D, [2018-03-31T11:53:08.251551 #31998] DEBUG -- : -------> building selection...
D, [2018-03-31T11:53:08.251859 #31998] DEBUG -- : -------> building new state...
D, [2018-03-31T11:53:08.252011 #31998] DEBUG -- : -------> building new state...
D, [2018-03-31T11:53:08.252192 #31998] DEBUG -- : -------> building selection...
D, [2018-03-31T11:53:08.252488 #31998] DEBUG -- : -------> building new state...
D, [2018-03-31T11:53:08.252595 #31998] DEBUG -- : -------> building new state...
D, [2018-03-31T11:53:08.322252 #31998] DEBUG -- : calculating updated score for older state...
D, [2018-03-31T11:53:08.325822 #31998] DEBUG -- : generating weighed rated selections...
D, [2018-03-31T11:53:08.338431 #31998] DEBUG -- : scoring weighed rated selections...
D, [2018-03-31T11:53:08.338532 #31998] DEBUG -- : Scoring new state: {:rating=>10, :state=>{:unknown=>1, :possibly_lighter=>0, :possibly_heavier=>0, :normal=>2}}
D, [2018-03-31T11:53:08.341390 #31998] DEBUG -- : calculating updated score for older state...
D, [2018-03-31T11:53:08.344939 #31998] DEBUG -- : generating weighed rated selections...
D, [2018-03-31T11:53:08.364238 #31998] DEBUG -- : scoring weighed rated selections...
D, [2018-03-31T11:53:08.364358 #31998] DEBUG -- : Saving scored selections...
D, [2018-03-31T11:53:08.367627 #31998] DEBUG -- : State Score successfully calculated


D, [2018-03-31T11:53:08.367723 #31998] DEBUG -- : Scoring new state: {:rating=>9, :state=>{:unknown=>0, :possibly_lighter=>1, :possibly_heavier=>1, :normal=>1}}
D, [2018-03-31T11:53:08.370308 #31998] DEBUG -- : calculating updated score for older state...
D, [2018-03-31T11:53:08.373785 #31998] DEBUG -- : generating weighed rated selections...
D, [2018-03-31T11:53:08.403447 #31998] DEBUG -- : scoring weighed rated selections...
D, [2018-03-31T11:53:08.403541 #31998] DEBUG -- : Saving scored selections...
D, [2018-03-31T11:53:08.409448 #31998] DEBUG -- : State Score successfully calculated


D, [2018-03-31T11:53:08.409525 #31998] DEBUG -- : Saving scored selections...
D, [2018-03-31T11:53:08.414605 #31998] DEBUG -- : -------> building selection...
D, [2018-03-31T11:53:08.415435 #31998] DEBUG -- : -------> building new state...
D, [2018-03-31T11:53:08.415779 #31998] DEBUG -- : -------> building new state...
D, [2018-03-31T11:53:08.418086 #31998] DEBUG -- : -------> building selection...
D, [2018-03-31T11:53:08.418524 #31998] DEBUG -- : -------> building new state...
D, [2018-03-31T11:53:08.418631 #31998] DEBUG -- : -------> building new state...
D, [2018-03-31T11:53:08.418799 #31998] DEBUG -- : -------> building selection...
D, [2018-03-31T11:53:08.422715 #31998] DEBUG -- : -------> building new state...
D, [2018-03-31T11:53:08.422926 #31998] DEBUG -- : -------> building new state...
D, [2018-03-31T11:53:08.423148 #31998] DEBUG -- : -------> building selection...
D, [2018-03-31T11:53:08.423443 #31998] DEBUG -- : -------> building new state...
D, [2018-03-31T11:53:08.423542 #31998] DEBUG -- : -------> building new state...
D, [2018-03-31T11:53:08.423790 #31998] DEBUG -- : -------> building selection...
D, [2018-03-31T11:53:08.424090 #31998] DEBUG -- : -------> building new state...
D, [2018-03-31T11:53:08.424189 #31998] DEBUG -- : -------> building new state...
D, [2018-03-31T11:53:08.498252 #31998] DEBUG -- : calculating updated score for older state...
D, [2018-03-31T11:53:08.501864 #31998] DEBUG -- : generating weighed rated selections...
D, [2018-03-31T11:53:08.514769 #31998] DEBUG -- : scoring weighed rated selections...
D, [2018-03-31T11:53:08.514904 #31998] DEBUG -- : Scoring new state: {:rating=>10, :state=>{:unknown=>1, :possibly_lighter=>0, :possibly_heavier=>0, :normal=>2}}
D, [2018-03-31T11:53:08.517896 #31998] DEBUG -- : calculating updated score for older state...
D, [2018-03-31T11:53:08.521585 #31998] DEBUG -- : generating weighed rated selections...
D, [2018-03-31T11:53:08.541829 #31998] DEBUG -- : scoring weighed rated selections...
D, [2018-03-31T11:53:08.541919 #31998] DEBUG -- : Saving scored selections...
D, [2018-03-31T11:53:08.545309 #31998] DEBUG -- : State Score successfully calculated


D, [2018-03-31T11:53:08.545397 #31998] DEBUG -- : Scoring new state: {:rating=>9, :state=>{:unknown=>0, :possibly_lighter=>1, :possibly_heavier=>1, :normal=>1}}
D, [2018-03-31T11:53:08.548090 #31998] DEBUG -- : calculating updated score for older state...
D, [2018-03-31T11:53:08.551684 #31998] DEBUG -- : generating weighed rated selections...
D, [2018-03-31T11:53:08.580695 #31998] DEBUG -- : scoring weighed rated selections...
D, [2018-03-31T11:53:08.580806 #31998] DEBUG -- : Saving scored selections...
D, [2018-03-31T11:53:08.585715 #31998] DEBUG -- : State Score successfully calculated


D, [2018-03-31T11:53:08.585799 #31998] DEBUG -- : Saving scored selections...
D, [2018-03-31T11:53:08.664750 #31998] DEBUG -- : calculating updated score for older state...
D, [2018-03-31T11:53:08.668390 #31998] DEBUG -- : generating weighed rated selections...
D, [2018-03-31T11:53:08.681234 #31998] DEBUG -- : scoring weighed rated selections...
D, [2018-03-31T11:53:08.681355 #31998] DEBUG -- : Scoring new state: {:rating=>10, :state=>{:unknown=>1, :possibly_lighter=>0, :possibly_heavier=>0, :normal=>2}}
D, [2018-03-31T11:53:08.684250 #31998] DEBUG -- : calculating updated score for older state...
D, [2018-03-31T11:53:08.687867 #31998] DEBUG -- : generating weighed rated selections...
D, [2018-03-31T11:53:08.708290 #31998] DEBUG -- : scoring weighed rated selections...
D, [2018-03-31T11:53:08.708380 #31998] DEBUG -- : Saving scored selections...
D, [2018-03-31T11:53:08.711704 #31998] DEBUG -- : State Score successfully calculated


D, [2018-03-31T11:53:08.711795 #31998] DEBUG -- : Scoring new state: {:rating=>9, :state=>{:unknown=>0, :possibly_lighter=>1, :possibly_heavier=>1, :normal=>1}}
D, [2018-03-31T11:53:08.714392 #31998] DEBUG -- : calculating updated score for older state...
D, [2018-03-31T11:53:08.717968 #31998] DEBUG -- : generating weighed rated selections...
D, [2018-03-31T11:53:08.747795 #31998] DEBUG -- : scoring weighed rated selections...
D, [2018-03-31T11:53:08.747885 #31998] DEBUG -- : Saving scored selections...
D, [2018-03-31T11:53:08.752792 #31998] DEBUG -- : State Score successfully calculated


D, [2018-03-31T11:53:08.752870 #31998] DEBUG -- : Saving scored selections...
D, [2018-03-31T11:53:08.831747 #31998] DEBUG -- : calculating updated score for older state...
D, [2018-03-31T11:53:08.835439 #31998] DEBUG -- : generating weighed rated selections...
D, [2018-03-31T11:53:08.865827 #31998] DEBUG -- : scoring weighed rated selections...
D, [2018-03-31T11:53:08.865926 #31998] DEBUG -- : Scoring new state: {:rating=>10, :state=>{:unknown=>1, :possibly_lighter=>0, :possibly_heavier=>0, :normal=>2}}
D, [2018-03-31T11:53:08.868791 #31998] DEBUG -- : calculating updated score for older state...
D, [2018-03-31T11:53:08.872318 #31998] DEBUG -- : generating weighed rated selections...
D, [2018-03-31T11:53:08.892064 #31998] DEBUG -- : scoring weighed rated selections...
D, [2018-03-31T11:53:08.892159 #31998] DEBUG -- : Saving scored selections...
D, [2018-03-31T11:53:08.895665 #31998] DEBUG -- : State Score successfully calculated


D, [2018-03-31T11:53:08.895766 #31998] DEBUG -- : Scoring new state: {:rating=>9, :state=>{:unknown=>0, :possibly_lighter=>1, :possibly_heavier=>1, :normal=>1}}
D, [2018-03-31T11:53:08.898339 #31998] DEBUG -- : calculating updated score for older state...
D, [2018-03-31T11:53:08.901877 #31998] DEBUG -- : generating weighed rated selections...
D, [2018-03-31T11:53:08.932303 #31998] DEBUG -- : scoring weighed rated selections...
D, [2018-03-31T11:53:08.932393 #31998] DEBUG -- : Saving scored selections...
D, [2018-03-31T11:53:08.937408 #31998] DEBUG -- : State Score successfully calculated


D, [2018-03-31T11:53:08.937492 #31998] DEBUG -- : Saving scored selections...
D, [2018-03-31T11:53:09.013223 #31998] DEBUG -- : calculating updated score for older state...
D, [2018-03-31T11:53:09.016794 #31998] DEBUG -- : generating weighed rated selections...
D, [2018-03-31T11:53:09.029391 #31998] DEBUG -- : scoring weighed rated selections...
D, [2018-03-31T11:53:09.029496 #31998] DEBUG -- : Scoring new state: {:rating=>10, :state=>{:unknown=>1, :possibly_lighter=>0, :possibly_heavier=>0, :normal=>2}}
D, [2018-03-31T11:53:09.032453 #31998] DEBUG -- : calculating updated score for older state...
D, [2018-03-31T11:53:09.036076 #31998] DEBUG -- : generating weighed rated selections...
D, [2018-03-31T11:53:09.060820 #31998] DEBUG -- : scoring weighed rated selections...
D, [2018-03-31T11:53:09.060905 #31998] DEBUG -- : Saving scored selections...
D, [2018-03-31T11:53:09.064122 #31998] DEBUG -- : State Score successfully calculated


D, [2018-03-31T11:53:09.064214 #31998] DEBUG -- : Scoring new state: {:rating=>9, :state=>{:unknown=>0, :possibly_lighter=>1, :possibly_heavier=>1, :normal=>1}}
D, [2018-03-31T11:53:09.066906 #31998] DEBUG -- : calculating updated score for older state...
D, [2018-03-31T11:53:09.070561 #31998] DEBUG -- : generating weighed rated selections...
D, [2018-03-31T11:53:09.108509 #31998] DEBUG -- : scoring weighed rated selections...
D, [2018-03-31T11:53:09.108599 #31998] DEBUG -- : Saving scored selections...
D, [2018-03-31T11:53:09.113422 #31998] DEBUG -- : State Score successfully calculated


D, [2018-03-31T11:53:09.113503 #31998] DEBUG -- : Saving scored selections...
D, [2018-03-31T11:53:09.199611 #31998] DEBUG -- : calculating updated score for older state...
D, [2018-03-31T11:53:09.203252 #31998] DEBUG -- : generating weighed rated selections...
D, [2018-03-31T11:53:09.216463 #31998] DEBUG -- : scoring weighed rated selections...
D, [2018-03-31T11:53:09.216563 #31998] DEBUG -- : Scoring new state: {:rating=>10, :state=>{:unknown=>1, :possibly_lighter=>0, :possibly_heavier=>0, :normal=>2}}
D, [2018-03-31T11:53:09.220641 #31998] DEBUG -- : calculating updated score for older state...
D, [2018-03-31T11:53:09.224484 #31998] DEBUG -- : generating weighed rated selections...
D, [2018-03-31T11:53:09.249922 #31998] DEBUG -- : scoring weighed rated selections...
D, [2018-03-31T11:53:09.250016 #31998] DEBUG -- : Saving scored selections...
D, [2018-03-31T11:53:09.253334 #31998] DEBUG -- : State Score successfully calculated


D, [2018-03-31T11:53:09.253438 #31998] DEBUG -- : Scoring new state: {:rating=>9, :state=>{:unknown=>0, :possibly_lighter=>1, :possibly_heavier=>1, :normal=>1}}
D, [2018-03-31T11:53:09.256101 #31998] DEBUG -- : calculating updated score for older state...
D, [2018-03-31T11:53:09.259815 #31998] DEBUG -- : generating weighed rated selections...
D, [2018-03-31T11:53:09.296230 #31998] DEBUG -- : scoring weighed rated selections...
D, [2018-03-31T11:53:09.296323 #31998] DEBUG -- : Saving scored selections...
D, [2018-03-31T11:53:09.301218 #31998] DEBUG -- : State Score successfully calculated


D, [2018-03-31T11:53:09.301298 #31998] DEBUG -- : Saving scored selections...
D, [2018-03-31T11:53:09.390760 #31998] DEBUG -- : calculating updated score for older state...
D, [2018-03-31T11:53:09.394483 #31998] DEBUG -- : generating weighed rated selections...
D, [2018-03-31T11:53:09.410170 #31998] DEBUG -- : scoring weighed rated selections...
D, [2018-03-31T11:53:09.410285 #31998] DEBUG -- : Scoring new state: {:rating=>10, :state=>{:unknown=>1, :possibly_lighter=>0, :possibly_heavier=>0, :normal=>2}}
D, [2018-03-31T11:53:09.413242 #31998] DEBUG -- : calculating updated score for older state...
D, [2018-03-31T11:53:09.416858 #31998] DEBUG -- : generating weighed rated selections...
D, [2018-03-31T11:53:09.443546 #31998] DEBUG -- : scoring weighed rated selections...
D, [2018-03-31T11:53:09.443632 #31998] DEBUG -- : Saving scored selections...
D, [2018-03-31T11:53:09.448860 #31998] DEBUG -- : State Score successfully calculated


D, [2018-03-31T11:53:09.448960 #31998] DEBUG -- : Scoring new state: {:rating=>9, :state=>{:unknown=>0, :possibly_lighter=>1, :possibly_heavier=>1, :normal=>1}}
D, [2018-03-31T11:53:09.451622 #31998] DEBUG -- : calculating updated score for older state...
D, [2018-03-31T11:53:09.455245 #31998] DEBUG -- : generating weighed rated selections...
D, [2018-03-31T11:53:09.487862 #31998] DEBUG -- : scoring weighed rated selections...
D, [2018-03-31T11:53:09.487954 #31998] DEBUG -- : Saving scored selections...
D, [2018-03-31T11:53:09.492818 #31998] DEBUG -- : State Score successfully calculated


D, [2018-03-31T11:53:09.492899 #31998] DEBUG -- : Saving scored selections...
D, [2018-03-31T11:53:09.582935 #31998] DEBUG -- : calculating updated score for older state...
D, [2018-03-31T11:53:09.586587 #31998] DEBUG -- : generating weighed rated selections...
D, [2018-03-31T11:53:09.600630 #31998] DEBUG -- : scoring weighed rated selections...
D, [2018-03-31T11:53:09.600733 #31998] DEBUG -- : Scoring new state: {:rating=>10, :state=>{:unknown=>1, :possibly_lighter=>0, :possibly_heavier=>0, :normal=>2}}
D, [2018-03-31T11:53:09.603693 #31998] DEBUG -- : calculating updated score for older state...
D, [2018-03-31T11:53:09.607359 #31998] DEBUG -- : generating weighed rated selections...
D, [2018-03-31T11:53:09.642062 #31998] DEBUG -- : scoring weighed rated selections...
D, [2018-03-31T11:53:09.642150 #31998] DEBUG -- : Saving scored selections...
D, [2018-03-31T11:53:09.648538 #31998] DEBUG -- : State Score successfully calculated


D, [2018-03-31T11:53:09.648626 #31998] DEBUG -- : Scoring new state: {:rating=>9, :state=>{:unknown=>0, :possibly_lighter=>1, :possibly_heavier=>1, :normal=>1}}
D, [2018-03-31T11:53:09.651226 #31998] DEBUG -- : calculating updated score for older state...
D, [2018-03-31T11:53:09.654863 #31998] DEBUG -- : generating weighed rated selections...
D, [2018-03-31T11:53:09.687680 #31998] DEBUG -- : scoring weighed rated selections...
D, [2018-03-31T11:53:09.687773 #31998] DEBUG -- : Saving scored selections...
D, [2018-03-31T11:53:09.692574 #31998] DEBUG -- : State Score successfully calculated


D, [2018-03-31T11:53:09.692659 #31998] DEBUG -- : Saving scored selections...
D, [2018-03-31T11:53:09.774159 #31998] DEBUG -- : calculating updated score for older state...
D, [2018-03-31T11:53:09.777830 #31998] DEBUG -- : generating weighed rated selections...
D, [2018-03-31T11:53:09.790922 #31998] DEBUG -- : scoring weighed rated selections...
D, [2018-03-31T11:53:09.791076 #31998] DEBUG -- : Scoring new state: {:rating=>10, :state=>{:unknown=>1, :possibly_lighter=>0, :possibly_heavier=>0, :normal=>2}}
D, [2018-03-31T11:53:09.794780 #31998] DEBUG -- : calculating updated score for older state...
D, [2018-03-31T11:53:09.798377 #31998] DEBUG -- : generating weighed rated selections...
D, [2018-03-31T11:53:09.818439 #31998] DEBUG -- : scoring weighed rated selections...
D, [2018-03-31T11:53:09.818529 #31998] DEBUG -- : Saving scored selections...
D, [2018-03-31T11:53:09.823490 #31998] DEBUG -- : State Score successfully calculated


D, [2018-03-31T11:53:09.823580 #31998] DEBUG -- : Scoring new state: {:rating=>9, :state=>{:unknown=>0, :possibly_lighter=>1, :possibly_heavier=>1, :normal=>1}}
D, [2018-03-31T11:53:09.826281 #31998] DEBUG -- : calculating updated score for older state...
D, [2018-03-31T11:53:09.831458 #31998] DEBUG -- : generating weighed rated selections...
D, [2018-03-31T11:53:09.862286 #31998] DEBUG -- : scoring weighed rated selections...
D, [2018-03-31T11:53:09.862394 #31998] DEBUG -- : Saving scored selections...
D, [2018-03-31T11:53:09.867178 #31998] DEBUG -- : State Score successfully calculated


D, [2018-03-31T11:53:09.867303 #31998] DEBUG -- : Saving scored selections...
D, [2018-03-31T11:53:09.944122 #31998] DEBUG -- : calculating updated score for older state...
D, [2018-03-31T11:53:09.947750 #31998] DEBUG -- : generating weighed rated selections...
D, [2018-03-31T11:53:09.960953 #31998] DEBUG -- : scoring weighed rated selections...
D, [2018-03-31T11:53:09.961059 #31998] DEBUG -- : Scoring new state: {:rating=>10, :state=>{:unknown=>1, :possibly_lighter=>0, :possibly_heavier=>0, :normal=>2}}
D, [2018-03-31T11:53:09.964012 #31998] DEBUG -- : calculating updated score for older state...
D, [2018-03-31T11:53:09.967655 #31998] DEBUG -- : generating weighed rated selections...
D, [2018-03-31T11:53:09.987512 #31998] DEBUG -- : scoring weighed rated selections...
D, [2018-03-31T11:53:09.987622 #31998] DEBUG -- : Saving scored selections...
D, [2018-03-31T11:53:09.990978 #31998] DEBUG -- : State Score successfully calculated


D, [2018-03-31T11:53:09.991063 #31998] DEBUG -- : Scoring new state: {:rating=>9, :state=>{:unknown=>0, :possibly_lighter=>1, :possibly_heavier=>1, :normal=>1}}
D, [2018-03-31T11:53:09.994260 #31998] DEBUG -- : calculating updated score for older state...
D, [2018-03-31T11:53:09.997779 #31998] DEBUG -- : generating weighed rated selections...
D, [2018-03-31T11:53:10.027666 #31998] DEBUG -- : scoring weighed rated selections...
D, [2018-03-31T11:53:10.027761 #31998] DEBUG -- : Saving scored selections...
D, [2018-03-31T11:53:10.032672 #31998] DEBUG -- : State Score successfully calculated


D, [2018-03-31T11:53:10.032752 #31998] DEBUG -- : Saving scored selections...
D, [2018-03-31T11:53:10.106865 #31998] DEBUG -- : calculating updated score for older state...
D, [2018-03-31T11:53:10.110566 #31998] DEBUG -- : generating weighed rated selections...
D, [2018-03-31T11:53:10.125746 #31998] DEBUG -- : scoring weighed rated selections...
D, [2018-03-31T11:53:10.125869 #31998] DEBUG -- : Scoring new state: {:rating=>10, :state=>{:unknown=>1, :possibly_lighter=>0, :possibly_heavier=>0, :normal=>2}}
D, [2018-03-31T11:53:10.128770 #31998] DEBUG -- : calculating updated score for older state...
D, [2018-03-31T11:53:10.132434 #31998] DEBUG -- : generating weighed rated selections...
D, [2018-03-31T11:53:10.152216 #31998] DEBUG -- : scoring weighed rated selections...
D, [2018-03-31T11:53:10.152307 #31998] DEBUG -- : Saving scored selections...
D, [2018-03-31T11:53:10.155775 #31998] DEBUG -- : State Score successfully calculated


D, [2018-03-31T11:53:10.155867 #31998] DEBUG -- : Scoring new state: {:rating=>9, :state=>{:unknown=>0, :possibly_lighter=>1, :possibly_heavier=>1, :normal=>1}}
D, [2018-03-31T11:53:10.158563 #31998] DEBUG -- : calculating updated score for older state...
D, [2018-03-31T11:53:10.162118 #31998] DEBUG -- : generating weighed rated selections...
D, [2018-03-31T11:53:10.191908 #31998] DEBUG -- : scoring weighed rated selections...
D, [2018-03-31T11:53:10.192001 #31998] DEBUG -- : Saving scored selections...
D, [2018-03-31T11:53:10.198226 #31998] DEBUG -- : State Score successfully calculated


D, [2018-03-31T11:53:10.198301 #31998] DEBUG -- : Saving scored selections...
D, [2018-03-31T11:53:10.275678 #31998] DEBUG -- : calculating updated score for older state...
D, [2018-03-31T11:53:10.279394 #31998] DEBUG -- : generating weighed rated selections...
D, [2018-03-31T11:53:10.292665 #31998] DEBUG -- : scoring weighed rated selections...
D, [2018-03-31T11:53:10.292767 #31998] DEBUG -- : Scoring new state: {:rating=>10, :state=>{:unknown=>1, :possibly_lighter=>0, :possibly_heavier=>0, :normal=>2}}
D, [2018-03-31T11:53:10.295697 #31998] DEBUG -- : calculating updated score for older state...
D, [2018-03-31T11:53:10.299290 #31998] DEBUG -- : generating weighed rated selections...
D, [2018-03-31T11:53:10.319153 #31998] DEBUG -- : scoring weighed rated selections...
D, [2018-03-31T11:53:10.319244 #31998] DEBUG -- : Saving scored selections...
D, [2018-03-31T11:53:10.323671 #31998] DEBUG -- : State Score successfully calculated


D, [2018-03-31T11:53:10.323767 #31998] DEBUG -- : Scoring new state: {:rating=>9, :state=>{:unknown=>0, :possibly_lighter=>1, :possibly_heavier=>1, :normal=>1}}
D, [2018-03-31T11:53:10.327116 #31998] DEBUG -- : calculating updated score for older state...
D, [2018-03-31T11:53:10.330723 #31998] DEBUG -- : generating weighed rated selections...
D, [2018-03-31T11:53:10.361339 #31998] DEBUG -- : scoring weighed rated selections...
D, [2018-03-31T11:53:10.361432 #31998] DEBUG -- : Saving scored selections...
D, [2018-03-31T11:53:10.366314 #31998] DEBUG -- : State Score successfully calculated


D, [2018-03-31T11:53:10.366395 #31998] DEBUG -- : Saving scored selections...
D, [2018-03-31T11:53:10.442087 #31998] DEBUG -- : calculating updated score for older state...
D, [2018-03-31T11:53:10.445694 #31998] DEBUG -- : generating weighed rated selections...
D, [2018-03-31T11:53:10.458269 #31998] DEBUG -- : scoring weighed rated selections...
D, [2018-03-31T11:53:10.458363 #31998] DEBUG -- : Scoring new state: {:rating=>10, :state=>{:unknown=>1, :possibly_lighter=>0, :possibly_heavier=>0, :normal=>2}}
D, [2018-03-31T11:53:10.462305 #31998] DEBUG -- : calculating updated score for older state...
D, [2018-03-31T11:53:10.465882 #31998] DEBUG -- : generating weighed rated selections...
D, [2018-03-31T11:53:10.487477 #31998] DEBUG -- : scoring weighed rated selections...
D, [2018-03-31T11:53:10.487570 #31998] DEBUG -- : Saving scored selections...
D, [2018-03-31T11:53:10.490913 #31998] DEBUG -- : State Score successfully calculated


D, [2018-03-31T11:53:10.490997 #31998] DEBUG -- : Scoring new state: {:rating=>9, :state=>{:unknown=>0, :possibly_lighter=>1, :possibly_heavier=>1, :normal=>1}}
D, [2018-03-31T11:53:10.493670 #31998] DEBUG -- : calculating updated score for older state...
D, [2018-03-31T11:53:10.497353 #31998] DEBUG -- : generating weighed rated selections...
D, [2018-03-31T11:53:10.526834 #31998] DEBUG -- : scoring weighed rated selections...
D, [2018-03-31T11:53:10.526927 #31998] DEBUG -- : Saving scored selections...
D, [2018-03-31T11:53:10.532239 #31998] DEBUG -- : State Score successfully calculated


D, [2018-03-31T11:53:10.532326 #31998] DEBUG -- : Saving scored selections...
D, [2018-03-31T11:53:10.611837 #31998] DEBUG -- : calculating updated score for older state...
D, [2018-03-31T11:53:10.617139 #31998] DEBUG -- : generating weighed rated selections...
D, [2018-03-31T11:53:10.630216 #31998] DEBUG -- : scoring weighed rated selections...
D, [2018-03-31T11:53:10.630326 #31998] DEBUG -- : Scoring new state: {:rating=>10, :state=>{:unknown=>1, :possibly_lighter=>0, :possibly_heavier=>0, :normal=>2}}
D, [2018-03-31T11:53:10.633329 #31998] DEBUG -- : calculating updated score for older state...
D, [2018-03-31T11:53:10.637029 #31998] DEBUG -- : generating weighed rated selections...
D, [2018-03-31T11:53:10.657166 #31998] DEBUG -- : scoring weighed rated selections...
D, [2018-03-31T11:53:10.657256 #31998] DEBUG -- : Saving scored selections...
D, [2018-03-31T11:53:10.660547 #31998] DEBUG -- : State Score successfully calculated


D, [2018-03-31T11:53:10.660638 #31998] DEBUG -- : Scoring new state: {:rating=>9, :state=>{:unknown=>0, :possibly_lighter=>1, :possibly_heavier=>1, :normal=>1}}
D, [2018-03-31T11:53:10.663349 #31998] DEBUG -- : calculating updated score for older state...
D, [2018-03-31T11:53:10.666885 #31998] DEBUG -- : generating weighed rated selections...
D, [2018-03-31T11:53:10.697611 #31998] DEBUG -- : scoring weighed rated selections...
D, [2018-03-31T11:53:10.697705 #31998] DEBUG -- : Saving scored selections...
D, [2018-03-31T11:53:10.703634 #31998] DEBUG -- : State Score successfully calculated


D, [2018-03-31T11:53:10.703728 #31998] DEBUG -- : Saving scored selections...
D, [2018-03-31T11:53:10.783498 #31998] DEBUG -- : calculating updated score for older state...
D, [2018-03-31T11:53:10.787806 #31998] DEBUG -- : generating weighed rated selections...
D, [2018-03-31T11:53:10.800949 #31998] DEBUG -- : scoring weighed rated selections...
D, [2018-03-31T11:53:10.801059 #31998] DEBUG -- : Scoring new state: {:rating=>10, :state=>{:unknown=>1, :possibly_lighter=>0, :possibly_heavier=>0, :normal=>2}}
D, [2018-03-31T11:53:10.804008 #31998] DEBUG -- : calculating updated score for older state...
D, [2018-03-31T11:53:10.807538 #31998] DEBUG -- : generating weighed rated selections...
D, [2018-03-31T11:53:10.827194 #31998] DEBUG -- : scoring weighed rated selections...
D, [2018-03-31T11:53:10.827284 #31998] DEBUG -- : Saving scored selections...
D, [2018-03-31T11:53:10.830491 #31998] DEBUG -- : State Score successfully calculated


D, [2018-03-31T11:53:10.830581 #31998] DEBUG -- : Scoring new state: {:rating=>9, :state=>{:unknown=>0, :possibly_lighter=>1, :possibly_heavier=>1, :normal=>1}}
D, [2018-03-31T11:53:10.833278 #31998] DEBUG -- : calculating updated score for older state...
D, [2018-03-31T11:53:10.838123 #31998] DEBUG -- : generating weighed rated selections...
D, [2018-03-31T11:53:10.870028 #31998] DEBUG -- : scoring weighed rated selections...
D, [2018-03-31T11:53:10.870125 #31998] DEBUG -- : Saving scored selections...
D, [2018-03-31T11:53:10.874945 #31998] DEBUG -- : State Score successfully calculated


D, [2018-03-31T11:53:10.875020 #31998] DEBUG -- : Saving scored selections...
D, [2018-03-31T11:53:44.377336 #304] DEBUG -- : generating weighed rated selections...
D, [2018-03-31T11:53:44.498489 #304] DEBUG -- : scoring weighed rated selections...
D, [2018-03-31T11:53:44.498640 #304] DEBUG -- : Saving scored selections...
D, [2018-03-31T11:53:44.518633 #304] DEBUG -- : generating weighed rated selections...
D, [2018-03-31T11:53:44.710852 #304] DEBUG -- : scoring weighed rated selections...
D, [2018-03-31T11:53:44.710961 #304] DEBUG -- : Saving scored selections...
D, [2018-03-31T11:53:44.909832 #304] DEBUG -- : calculating updated score for older state...
D, [2018-03-31T11:53:44.913402 #304] DEBUG -- : generating weighed rated selections...
D, [2018-03-31T11:53:44.926509 #304] DEBUG -- : scoring weighed rated selections...
D, [2018-03-31T11:53:44.926642 #304] DEBUG -- : Scoring new state: {:rating=>10, :state=>{:unknown=>1, :possibly_lighter=>0, :possibly_heavier=>0, :normal=>2}}
D, [2018-03-31T11:53:44.930654 #304] DEBUG -- : calculating updated score for older state...
D, [2018-03-31T11:53:44.934175 #304] DEBUG -- : generating weighed rated selections...
D, [2018-03-31T11:53:44.954082 #304] DEBUG -- : scoring weighed rated selections...
D, [2018-03-31T11:53:44.954183 #304] DEBUG -- : Saving scored selections...
D, [2018-03-31T11:53:44.958653 #304] DEBUG -- : State Score successfully calculated


D, [2018-03-31T11:53:44.958763 #304] DEBUG -- : Scoring new state: {:rating=>9, :state=>{:unknown=>0, :possibly_lighter=>1, :possibly_heavier=>1, :normal=>1}}
D, [2018-03-31T11:53:44.961437 #304] DEBUG -- : calculating updated score for older state...
D, [2018-03-31T11:53:44.964939 #304] DEBUG -- : generating weighed rated selections...
D, [2018-03-31T11:53:44.995387 #304] DEBUG -- : scoring weighed rated selections...
D, [2018-03-31T11:53:44.995475 #304] DEBUG -- : Saving scored selections...
D, [2018-03-31T11:53:45.001425 #304] DEBUG -- : State Score successfully calculated


D, [2018-03-31T11:53:45.001505 #304] DEBUG -- : Saving scored selections...
D, [2018-03-31T11:53:45.075710 #304] DEBUG -- : calculating updated score for older state...
D, [2018-03-31T11:53:45.079287 #304] DEBUG -- : generating weighed rated selections...
D, [2018-03-31T11:53:45.092195 #304] DEBUG -- : scoring weighed rated selections...
D, [2018-03-31T11:53:45.092291 #304] DEBUG -- : Scoring new state: {:rating=>10, :state=>{:unknown=>1, :possibly_lighter=>0, :possibly_heavier=>0, :normal=>2}}
D, [2018-03-31T11:53:45.095247 #304] DEBUG -- : calculating updated score for older state...
D, [2018-03-31T11:53:45.099193 #304] DEBUG -- : generating weighed rated selections...
D, [2018-03-31T11:53:45.119474 #304] DEBUG -- : scoring weighed rated selections...
D, [2018-03-31T11:53:45.119560 #304] DEBUG -- : Saving scored selections...
D, [2018-03-31T11:53:45.122853 #304] DEBUG -- : State Score successfully calculated


D, [2018-03-31T11:53:45.122933 #304] DEBUG -- : Scoring new state: {:rating=>9, :state=>{:unknown=>0, :possibly_lighter=>1, :possibly_heavier=>1, :normal=>1}}
D, [2018-03-31T11:53:45.125561 #304] DEBUG -- : calculating updated score for older state...
D, [2018-03-31T11:53:45.129126 #304] DEBUG -- : generating weighed rated selections...
D, [2018-03-31T11:53:45.158952 #304] DEBUG -- : scoring weighed rated selections...
D, [2018-03-31T11:53:45.159038 #304] DEBUG -- : Saving scored selections...
D, [2018-03-31T11:53:45.163863 #304] DEBUG -- : State Score successfully calculated


D, [2018-03-31T11:53:45.163941 #304] DEBUG -- : Saving scored selections...
D, [2018-03-31T11:53:45.169018 #304] DEBUG -- : -------> building selection...
D, [2018-03-31T11:53:45.169823 #304] DEBUG -- : -------> building new state...
D, [2018-03-31T11:53:45.170067 #304] DEBUG -- : -------> building new state...
D, [2018-03-31T11:53:45.170268 #304] DEBUG -- : -------> building selection...
D, [2018-03-31T11:53:45.170607 #304] DEBUG -- : -------> building new state...
D, [2018-03-31T11:53:45.170712 #304] DEBUG -- : -------> building new state...
D, [2018-03-31T11:53:45.170901 #304] DEBUG -- : -------> building selection...
D, [2018-03-31T11:53:45.171198 #304] DEBUG -- : -------> building new state...
D, [2018-03-31T11:53:45.171322 #304] DEBUG -- : -------> building new state...
D, [2018-03-31T11:53:45.171488 #304] DEBUG -- : -------> building selection...
D, [2018-03-31T11:53:45.171969 #304] DEBUG -- : -------> building new state...
D, [2018-03-31T11:53:45.172112 #304] DEBUG -- : -------> building new state...
D, [2018-03-31T11:53:45.172404 #304] DEBUG -- : -------> building selection...
D, [2018-03-31T11:53:45.172737 #304] DEBUG -- : -------> building new state...
D, [2018-03-31T11:53:45.172857 #304] DEBUG -- : -------> building new state...
D, [2018-03-31T11:53:45.173077 #304] DEBUG -- : -------> building selection...
D, [2018-03-31T11:53:45.173543 #304] DEBUG -- : -------> building new state...
D, [2018-03-31T11:53:45.173657 #304] DEBUG -- : -------> building new state...
D, [2018-03-31T11:53:45.243832 #304] DEBUG -- : calculating updated score for older state...
D, [2018-03-31T11:53:45.247411 #304] DEBUG -- : generating weighed rated selections...
D, [2018-03-31T11:53:45.260298 #304] DEBUG -- : scoring weighed rated selections...
D, [2018-03-31T11:53:45.260396 #304] DEBUG -- : Scoring new state: {:rating=>10, :state=>{:unknown=>1, :possibly_lighter=>0, :possibly_heavier=>0, :normal=>2}}
D, [2018-03-31T11:53:45.263196 #304] DEBUG -- : calculating updated score for older state...
D, [2018-03-31T11:53:45.266687 #304] DEBUG -- : generating weighed rated selections...
D, [2018-03-31T11:53:45.286487 #304] DEBUG -- : scoring weighed rated selections...
D, [2018-03-31T11:53:45.286573 #304] DEBUG -- : Saving scored selections...
D, [2018-03-31T11:53:45.289979 #304] DEBUG -- : State Score successfully calculated


D, [2018-03-31T11:53:45.290064 #304] DEBUG -- : Scoring new state: {:rating=>9, :state=>{:unknown=>0, :possibly_lighter=>1, :possibly_heavier=>1, :normal=>1}}
D, [2018-03-31T11:53:45.292661 #304] DEBUG -- : calculating updated score for older state...
D, [2018-03-31T11:53:45.296227 #304] DEBUG -- : generating weighed rated selections...
D, [2018-03-31T11:53:45.326055 #304] DEBUG -- : scoring weighed rated selections...
D, [2018-03-31T11:53:45.326141 #304] DEBUG -- : Saving scored selections...
D, [2018-03-31T11:53:45.331100 #304] DEBUG -- : State Score successfully calculated


D, [2018-03-31T11:53:45.331175 #304] DEBUG -- : Saving scored selections...
D, [2018-03-31T11:53:45.336202 #304] DEBUG -- : -------> building selection...
D, [2018-03-31T11:53:45.337799 #304] DEBUG -- : -------> building new state...
D, [2018-03-31T11:53:45.338081 #304] DEBUG -- : -------> building new state...
D, [2018-03-31T11:53:45.338550 #304] DEBUG -- : -------> building selection...
D, [2018-03-31T11:53:45.339017 #304] DEBUG -- : -------> building new state...
D, [2018-03-31T11:53:45.340856 #304] DEBUG -- : -------> building new state...
D, [2018-03-31T11:53:45.341188 #304] DEBUG -- : -------> building selection...
D, [2018-03-31T11:53:45.341523 #304] DEBUG -- : -------> building new state...
D, [2018-03-31T11:53:45.341635 #304] DEBUG -- : -------> building new state...
D, [2018-03-31T11:53:45.341812 #304] DEBUG -- : -------> building selection...
D, [2018-03-31T11:53:45.342162 #304] DEBUG -- : -------> building new state...
D, [2018-03-31T11:53:45.342988 #304] DEBUG -- : -------> building new state...
D, [2018-03-31T11:53:45.343280 #304] DEBUG -- : -------> building selection...
D, [2018-03-31T11:53:45.343725 #304] DEBUG -- : -------> building new state...
D, [2018-03-31T11:53:45.343930 #304] DEBUG -- : -------> building new state...
D, [2018-03-31T11:53:45.413505 #304] DEBUG -- : calculating updated score for older state...
D, [2018-03-31T11:53:45.417041 #304] DEBUG -- : generating weighed rated selections...
D, [2018-03-31T11:53:45.431318 #304] DEBUG -- : scoring weighed rated selections...
D, [2018-03-31T11:53:45.431417 #304] DEBUG -- : Scoring new state: {:rating=>10, :state=>{:unknown=>1, :possibly_lighter=>0, :possibly_heavier=>0, :normal=>2}}
D, [2018-03-31T11:53:45.434214 #304] DEBUG -- : calculating updated score for older state...
D, [2018-03-31T11:53:45.437727 #304] DEBUG -- : generating weighed rated selections...
D, [2018-03-31T11:53:45.457180 #304] DEBUG -- : scoring weighed rated selections...
D, [2018-03-31T11:53:45.457261 #304] DEBUG -- : Saving scored selections...
D, [2018-03-31T11:53:45.460570 #304] DEBUG -- : State Score successfully calculated


D, [2018-03-31T11:53:45.460656 #304] DEBUG -- : Scoring new state: {:rating=>9, :state=>{:unknown=>0, :possibly_lighter=>1, :possibly_heavier=>1, :normal=>1}}
D, [2018-03-31T11:53:45.463399 #304] DEBUG -- : calculating updated score for older state...
D, [2018-03-31T11:53:45.467037 #304] DEBUG -- : generating weighed rated selections...
D, [2018-03-31T11:53:45.496582 #304] DEBUG -- : scoring weighed rated selections...
D, [2018-03-31T11:53:45.496676 #304] DEBUG -- : Saving scored selections...
D, [2018-03-31T11:53:45.501586 #304] DEBUG -- : State Score successfully calculated


D, [2018-03-31T11:53:45.501669 #304] DEBUG -- : Saving scored selections...
D, [2018-03-31T11:53:45.506022 #304] DEBUG -- : -------> building new state...
D, [2018-03-31T11:53:45.506784 #304] DEBUG -- : -------> building new state...
D, [2018-03-31T11:53:46.516725 #304] DEBUG -- : calculating updated score for older state...
D, [2018-03-31T11:53:46.520264 #304] DEBUG -- : generating weighed rated selections...
D, [2018-03-31T11:53:46.533803 #304] DEBUG -- : scoring weighed rated selections...
D, [2018-03-31T11:53:46.533903 #304] DEBUG -- : Scoring new state: {:rating=>10, :state=>{:unknown=>1, :possibly_lighter=>0, :possibly_heavier=>0, :normal=>2}}
D, [2018-03-31T11:53:46.536645 #304] DEBUG -- : calculating updated score for older state...
D, [2018-03-31T11:53:46.540223 #304] DEBUG -- : generating weighed rated selections...
D, [2018-03-31T11:53:46.560314 #304] DEBUG -- : scoring weighed rated selections...
D, [2018-03-31T11:53:46.560400 #304] DEBUG -- : Saving scored selections...
D, [2018-03-31T11:53:46.563793 #304] DEBUG -- : State Score successfully calculated


D, [2018-03-31T11:53:46.563881 #304] DEBUG -- : Scoring new state: {:rating=>9, :state=>{:unknown=>0, :possibly_lighter=>1, :possibly_heavier=>1, :normal=>1}}
D, [2018-03-31T11:53:46.566414 #304] DEBUG -- : calculating updated score for older state...
D, [2018-03-31T11:53:46.569919 #304] DEBUG -- : generating weighed rated selections...
D, [2018-03-31T11:53:46.599905 #304] DEBUG -- : scoring weighed rated selections...
D, [2018-03-31T11:53:46.599995 #304] DEBUG -- : Saving scored selections...
D, [2018-03-31T11:53:46.604960 #304] DEBUG -- : State Score successfully calculated


D, [2018-03-31T11:53:46.605036 #304] DEBUG -- : Saving scored selections...
D, [2018-03-31T11:53:46.684651 #304] DEBUG -- : calculating updated score for older state...
D, [2018-03-31T11:53:46.688740 #304] DEBUG -- : generating weighed rated selections...
D, [2018-03-31T11:53:46.701733 #304] DEBUG -- : scoring weighed rated selections...
D, [2018-03-31T11:53:46.701827 #304] DEBUG -- : Scoring new state: {:rating=>10, :state=>{:unknown=>1, :possibly_lighter=>0, :possibly_heavier=>0, :normal=>2}}
D, [2018-03-31T11:53:46.704735 #304] DEBUG -- : calculating updated score for older state...
D, [2018-03-31T11:53:46.708294 #304] DEBUG -- : generating weighed rated selections...
D, [2018-03-31T11:53:46.728432 #304] DEBUG -- : scoring weighed rated selections...
D, [2018-03-31T11:53:46.728521 #304] DEBUG -- : Saving scored selections...
D, [2018-03-31T11:53:46.731807 #304] DEBUG -- : State Score successfully calculated


D, [2018-03-31T11:53:46.731897 #304] DEBUG -- : Scoring new state: {:rating=>9, :state=>{:unknown=>0, :possibly_lighter=>1, :possibly_heavier=>1, :normal=>1}}
D, [2018-03-31T11:53:46.734510 #304] DEBUG -- : calculating updated score for older state...
D, [2018-03-31T11:53:46.738087 #304] DEBUG -- : generating weighed rated selections...
D, [2018-03-31T11:53:46.782722 #304] DEBUG -- : scoring weighed rated selections...
D, [2018-03-31T11:53:46.782833 #304] DEBUG -- : Saving scored selections...
D, [2018-03-31T11:53:46.787741 #304] DEBUG -- : State Score successfully calculated


D, [2018-03-31T11:53:46.787825 #304] DEBUG -- : Saving scored selections...
D, [2018-03-31T11:53:46.867696 #304] DEBUG -- : calculating updated score for older state...
D, [2018-03-31T11:53:46.871212 #304] DEBUG -- : generating weighed rated selections...
D, [2018-03-31T11:53:46.884460 #304] DEBUG -- : scoring weighed rated selections...
D, [2018-03-31T11:53:46.884559 #304] DEBUG -- : Scoring new state: {:rating=>10, :state=>{:unknown=>1, :possibly_lighter=>0, :possibly_heavier=>0, :normal=>2}}
D, [2018-03-31T11:53:46.887412 #304] DEBUG -- : calculating updated score for older state...
D, [2018-03-31T11:53:46.891163 #304] DEBUG -- : generating weighed rated selections...
D, [2018-03-31T11:53:46.911432 #304] DEBUG -- : scoring weighed rated selections...
D, [2018-03-31T11:53:46.911525 #304] DEBUG -- : Saving scored selections...
D, [2018-03-31T11:53:46.914742 #304] DEBUG -- : State Score successfully calculated


D, [2018-03-31T11:53:46.914860 #304] DEBUG -- : Scoring new state: {:rating=>9, :state=>{:unknown=>0, :possibly_lighter=>1, :possibly_heavier=>1, :normal=>1}}
D, [2018-03-31T11:53:46.917482 #304] DEBUG -- : calculating updated score for older state...
D, [2018-03-31T11:53:46.921054 #304] DEBUG -- : generating weighed rated selections...
D, [2018-03-31T11:53:46.952240 #304] DEBUG -- : scoring weighed rated selections...
D, [2018-03-31T11:53:46.952330 #304] DEBUG -- : Saving scored selections...
D, [2018-03-31T11:53:46.957283 #304] DEBUG -- : State Score successfully calculated


D, [2018-03-31T11:53:46.957380 #304] DEBUG -- : Saving scored selections...
D, [2018-03-31T11:53:47.033490 #304] DEBUG -- : calculating updated score for older state...
D, [2018-03-31T11:53:47.037059 #304] DEBUG -- : generating weighed rated selections...
D, [2018-03-31T11:53:47.050734 #304] DEBUG -- : scoring weighed rated selections...
D, [2018-03-31T11:53:47.050850 #304] DEBUG -- : Scoring new state: {:rating=>10, :state=>{:unknown=>1, :possibly_lighter=>0, :possibly_heavier=>0, :normal=>2}}
D, [2018-03-31T11:53:47.053719 #304] DEBUG -- : calculating updated score for older state...
D, [2018-03-31T11:53:47.057261 #304] DEBUG -- : generating weighed rated selections...
D, [2018-03-31T11:53:47.077950 #304] DEBUG -- : scoring weighed rated selections...
D, [2018-03-31T11:53:47.078034 #304] DEBUG -- : Saving scored selections...
D, [2018-03-31T11:53:47.081445 #304] DEBUG -- : State Score successfully calculated


D, [2018-03-31T11:53:47.081543 #304] DEBUG -- : Scoring new state: {:rating=>9, :state=>{:unknown=>0, :possibly_lighter=>1, :possibly_heavier=>1, :normal=>1}}
D, [2018-03-31T11:53:47.084330 #304] DEBUG -- : calculating updated score for older state...
D, [2018-03-31T11:53:47.087963 #304] DEBUG -- : generating weighed rated selections...
D, [2018-03-31T11:53:47.119025 #304] DEBUG -- : scoring weighed rated selections...
D, [2018-03-31T11:53:47.119135 #304] DEBUG -- : Saving scored selections...
D, [2018-03-31T11:53:47.123928 #304] DEBUG -- : State Score successfully calculated


D, [2018-03-31T11:53:47.124026 #304] DEBUG -- : Saving scored selections...
D, [2018-03-31T11:53:47.201707 #304] DEBUG -- : calculating updated score for older state...
D, [2018-03-31T11:53:47.205304 #304] DEBUG -- : generating weighed rated selections...
D, [2018-03-31T11:53:47.219001 #304] DEBUG -- : scoring weighed rated selections...
D, [2018-03-31T11:53:47.219133 #304] DEBUG -- : Scoring new state: {:rating=>10, :state=>{:unknown=>1, :possibly_lighter=>0, :possibly_heavier=>0, :normal=>2}}
D, [2018-03-31T11:53:47.223449 #304] DEBUG -- : calculating updated score for older state...
D, [2018-03-31T11:53:47.227020 #304] DEBUG -- : generating weighed rated selections...
D, [2018-03-31T11:53:47.247223 #304] DEBUG -- : scoring weighed rated selections...
D, [2018-03-31T11:53:47.247308 #304] DEBUG -- : Saving scored selections...
D, [2018-03-31T11:53:47.250904 #304] DEBUG -- : State Score successfully calculated


D, [2018-03-31T11:53:47.250998 #304] DEBUG -- : Scoring new state: {:rating=>9, :state=>{:unknown=>0, :possibly_lighter=>1, :possibly_heavier=>1, :normal=>1}}
D, [2018-03-31T11:53:47.253621 #304] DEBUG -- : calculating updated score for older state...
D, [2018-03-31T11:53:47.257537 #304] DEBUG -- : generating weighed rated selections...
D, [2018-03-31T11:53:47.288684 #304] DEBUG -- : scoring weighed rated selections...
D, [2018-03-31T11:53:47.288782 #304] DEBUG -- : Saving scored selections...
D, [2018-03-31T11:53:47.293790 #304] DEBUG -- : State Score successfully calculated


D, [2018-03-31T11:53:47.293873 #304] DEBUG -- : Saving scored selections...
D, [2018-03-31T11:53:47.374027 #304] DEBUG -- : calculating updated score for older state...
D, [2018-03-31T11:53:47.377601 #304] DEBUG -- : generating weighed rated selections...
D, [2018-03-31T11:53:47.390715 #304] DEBUG -- : scoring weighed rated selections...
D, [2018-03-31T11:53:47.390827 #304] DEBUG -- : Scoring new state: {:rating=>10, :state=>{:unknown=>1, :possibly_lighter=>0, :possibly_heavier=>0, :normal=>2}}
D, [2018-03-31T11:53:47.393707 #304] DEBUG -- : calculating updated score for older state...
D, [2018-03-31T11:53:47.397315 #304] DEBUG -- : generating weighed rated selections...
D, [2018-03-31T11:53:47.417289 #304] DEBUG -- : scoring weighed rated selections...
D, [2018-03-31T11:53:47.417378 #304] DEBUG -- : Saving scored selections...
D, [2018-03-31T11:53:47.420794 #304] DEBUG -- : State Score successfully calculated


D, [2018-03-31T11:53:47.420887 #304] DEBUG -- : Scoring new state: {:rating=>9, :state=>{:unknown=>0, :possibly_lighter=>1, :possibly_heavier=>1, :normal=>1}}
D, [2018-03-31T11:53:47.423532 #304] DEBUG -- : calculating updated score for older state...
D, [2018-03-31T11:53:47.427068 #304] DEBUG -- : generating weighed rated selections...
D, [2018-03-31T11:53:47.457170 #304] DEBUG -- : scoring weighed rated selections...
D, [2018-03-31T11:53:47.457263 #304] DEBUG -- : Saving scored selections...
D, [2018-03-31T11:53:47.462076 #304] DEBUG -- : State Score successfully calculated


D, [2018-03-31T11:53:47.462159 #304] DEBUG -- : Saving scored selections...
D, [2018-03-31T11:53:47.536667 #304] DEBUG -- : calculating updated score for older state...
D, [2018-03-31T11:53:47.540360 #304] DEBUG -- : generating weighed rated selections...
D, [2018-03-31T11:53:47.554306 #304] DEBUG -- : scoring weighed rated selections...
D, [2018-03-31T11:53:47.554406 #304] DEBUG -- : Scoring new state: {:rating=>10, :state=>{:unknown=>1, :possibly_lighter=>0, :possibly_heavier=>0, :normal=>2}}
D, [2018-03-31T11:53:47.557268 #304] DEBUG -- : calculating updated score for older state...
D, [2018-03-31T11:53:47.560741 #304] DEBUG -- : generating weighed rated selections...
D, [2018-03-31T11:53:47.580965 #304] DEBUG -- : scoring weighed rated selections...
D, [2018-03-31T11:53:47.581054 #304] DEBUG -- : Saving scored selections...
D, [2018-03-31T11:53:47.584334 #304] DEBUG -- : State Score successfully calculated


D, [2018-03-31T11:53:47.584428 #304] DEBUG -- : Scoring new state: {:rating=>9, :state=>{:unknown=>0, :possibly_lighter=>1, :possibly_heavier=>1, :normal=>1}}
D, [2018-03-31T11:53:47.587072 #304] DEBUG -- : calculating updated score for older state...
D, [2018-03-31T11:53:47.590598 #304] DEBUG -- : generating weighed rated selections...
D, [2018-03-31T11:53:47.620309 #304] DEBUG -- : scoring weighed rated selections...
D, [2018-03-31T11:53:47.620401 #304] DEBUG -- : Saving scored selections...
D, [2018-03-31T11:53:47.625376 #304] DEBUG -- : State Score successfully calculated


D, [2018-03-31T11:53:47.625462 #304] DEBUG -- : Saving scored selections...
D, [2018-03-31T11:53:47.700216 #304] DEBUG -- : calculating updated score for older state...
D, [2018-03-31T11:53:47.705238 #304] DEBUG -- : generating weighed rated selections...
D, [2018-03-31T11:53:47.718505 #304] DEBUG -- : scoring weighed rated selections...
D, [2018-03-31T11:53:47.718612 #304] DEBUG -- : Scoring new state: {:rating=>10, :state=>{:unknown=>1, :possibly_lighter=>0, :possibly_heavier=>0, :normal=>2}}
D, [2018-03-31T11:53:47.721535 #304] DEBUG -- : calculating updated score for older state...
D, [2018-03-31T11:53:47.725096 #304] DEBUG -- : generating weighed rated selections...
D, [2018-03-31T11:53:47.745207 #304] DEBUG -- : scoring weighed rated selections...
D, [2018-03-31T11:53:47.745317 #304] DEBUG -- : Saving scored selections...
D, [2018-03-31T11:53:47.748624 #304] DEBUG -- : State Score successfully calculated


D, [2018-03-31T11:53:47.748714 #304] DEBUG -- : Scoring new state: {:rating=>9, :state=>{:unknown=>0, :possibly_lighter=>1, :possibly_heavier=>1, :normal=>1}}
D, [2018-03-31T11:53:47.751337 #304] DEBUG -- : calculating updated score for older state...
D, [2018-03-31T11:53:47.754958 #304] DEBUG -- : generating weighed rated selections...
D, [2018-03-31T11:53:47.785818 #304] DEBUG -- : scoring weighed rated selections...
D, [2018-03-31T11:53:47.785932 #304] DEBUG -- : Saving scored selections...
D, [2018-03-31T11:53:47.790650 #304] DEBUG -- : State Score successfully calculated


D, [2018-03-31T11:53:47.790734 #304] DEBUG -- : Saving scored selections...
D, [2018-03-31T11:53:47.867752 #304] DEBUG -- : calculating updated score for older state...
D, [2018-03-31T11:53:47.871349 #304] DEBUG -- : generating weighed rated selections...
D, [2018-03-31T11:53:47.884450 #304] DEBUG -- : scoring weighed rated selections...
D, [2018-03-31T11:53:47.884575 #304] DEBUG -- : Scoring new state: {:rating=>10, :state=>{:unknown=>1, :possibly_lighter=>0, :possibly_heavier=>0, :normal=>2}}
D, [2018-03-31T11:53:47.887480 #304] DEBUG -- : calculating updated score for older state...
D, [2018-03-31T11:53:47.891086 #304] DEBUG -- : generating weighed rated selections...
D, [2018-03-31T11:53:47.913114 #304] DEBUG -- : scoring weighed rated selections...
D, [2018-03-31T11:53:47.913233 #304] DEBUG -- : Saving scored selections...
D, [2018-03-31T11:53:47.916701 #304] DEBUG -- : State Score successfully calculated


D, [2018-03-31T11:53:47.916792 #304] DEBUG -- : Scoring new state: {:rating=>9, :state=>{:unknown=>0, :possibly_lighter=>1, :possibly_heavier=>1, :normal=>1}}
D, [2018-03-31T11:53:47.919520 #304] DEBUG -- : calculating updated score for older state...
D, [2018-03-31T11:53:47.924242 #304] DEBUG -- : generating weighed rated selections...
D, [2018-03-31T11:53:47.954596 #304] DEBUG -- : scoring weighed rated selections...
D, [2018-03-31T11:53:47.954689 #304] DEBUG -- : Saving scored selections...
D, [2018-03-31T11:53:47.960569 #304] DEBUG -- : State Score successfully calculated


D, [2018-03-31T11:53:47.960672 #304] DEBUG -- : Saving scored selections...
D, [2018-03-31T11:53:48.040189 #304] DEBUG -- : calculating updated score for older state...
D, [2018-03-31T11:53:48.043898 #304] DEBUG -- : generating weighed rated selections...
D, [2018-03-31T11:53:48.059587 #304] DEBUG -- : scoring weighed rated selections...
D, [2018-03-31T11:53:48.059690 #304] DEBUG -- : Scoring new state: {:rating=>10, :state=>{:unknown=>1, :possibly_lighter=>0, :possibly_heavier=>0, :normal=>2}}
D, [2018-03-31T11:53:48.063410 #304] DEBUG -- : calculating updated score for older state...
D, [2018-03-31T11:53:48.067147 #304] DEBUG -- : generating weighed rated selections...
D, [2018-03-31T11:53:48.087028 #304] DEBUG -- : scoring weighed rated selections...
D, [2018-03-31T11:53:48.087121 #304] DEBUG -- : Saving scored selections...
D, [2018-03-31T11:53:48.090491 #304] DEBUG -- : State Score successfully calculated


D, [2018-03-31T11:53:48.090583 #304] DEBUG -- : Scoring new state: {:rating=>9, :state=>{:unknown=>0, :possibly_lighter=>1, :possibly_heavier=>1, :normal=>1}}
D, [2018-03-31T11:53:48.093192 #304] DEBUG -- : calculating updated score for older state...
D, [2018-03-31T11:53:48.096743 #304] DEBUG -- : generating weighed rated selections...
D, [2018-03-31T11:53:48.127117 #304] DEBUG -- : scoring weighed rated selections...
D, [2018-03-31T11:53:48.127214 #304] DEBUG -- : Saving scored selections...
D, [2018-03-31T11:53:48.132115 #304] DEBUG -- : State Score successfully calculated


D, [2018-03-31T11:53:48.132198 #304] DEBUG -- : Saving scored selections...
D, [2018-03-31T11:53:48.210262 #304] DEBUG -- : calculating updated score for older state...
D, [2018-03-31T11:53:48.215002 #304] DEBUG -- : generating weighed rated selections...
D, [2018-03-31T11:53:48.227837 #304] DEBUG -- : scoring weighed rated selections...
D, [2018-03-31T11:53:48.227941 #304] DEBUG -- : Scoring new state: {:rating=>10, :state=>{:unknown=>1, :possibly_lighter=>0, :possibly_heavier=>0, :normal=>2}}
D, [2018-03-31T11:53:48.230731 #304] DEBUG -- : calculating updated score for older state...
D, [2018-03-31T11:53:48.234358 #304] DEBUG -- : generating weighed rated selections...
D, [2018-03-31T11:53:48.255020 #304] DEBUG -- : scoring weighed rated selections...
D, [2018-03-31T11:53:48.255114 #304] DEBUG -- : Saving scored selections...
D, [2018-03-31T11:53:48.258520 #304] DEBUG -- : State Score successfully calculated


D, [2018-03-31T11:53:48.258609 #304] DEBUG -- : Scoring new state: {:rating=>9, :state=>{:unknown=>0, :possibly_lighter=>1, :possibly_heavier=>1, :normal=>1}}
D, [2018-03-31T11:53:48.261258 #304] DEBUG -- : calculating updated score for older state...
D, [2018-03-31T11:53:48.265823 #304] DEBUG -- : generating weighed rated selections...
D, [2018-03-31T11:53:48.297464 #304] DEBUG -- : scoring weighed rated selections...
D, [2018-03-31T11:53:48.297558 #304] DEBUG -- : Saving scored selections...
D, [2018-03-31T11:53:48.303996 #304] DEBUG -- : State Score successfully calculated


D, [2018-03-31T11:53:48.304072 #304] DEBUG -- : Saving scored selections...
D, [2018-03-31T11:53:48.381370 #304] DEBUG -- : calculating updated score for older state...
D, [2018-03-31T11:53:48.385094 #304] DEBUG -- : generating weighed rated selections...
D, [2018-03-31T11:53:48.400286 #304] DEBUG -- : scoring weighed rated selections...
D, [2018-03-31T11:53:48.400392 #304] DEBUG -- : Scoring new state: {:rating=>10, :state=>{:unknown=>1, :possibly_lighter=>0, :possibly_heavier=>0, :normal=>2}}
D, [2018-03-31T11:53:48.403435 #304] DEBUG -- : calculating updated score for older state...
D, [2018-03-31T11:53:48.407013 #304] DEBUG -- : generating weighed rated selections...
D, [2018-03-31T11:53:48.427163 #304] DEBUG -- : scoring weighed rated selections...
D, [2018-03-31T11:53:48.427256 #304] DEBUG -- : Saving scored selections...
D, [2018-03-31T11:53:48.430513 #304] DEBUG -- : State Score successfully calculated


D, [2018-03-31T11:53:48.430604 #304] DEBUG -- : Scoring new state: {:rating=>9, :state=>{:unknown=>0, :possibly_lighter=>1, :possibly_heavier=>1, :normal=>1}}
D, [2018-03-31T11:53:48.435172 #304] DEBUG -- : calculating updated score for older state...
D, [2018-03-31T11:53:48.439421 #304] DEBUG -- : generating weighed rated selections...
D, [2018-03-31T11:53:48.470505 #304] DEBUG -- : scoring weighed rated selections...
D, [2018-03-31T11:53:48.470598 #304] DEBUG -- : Saving scored selections...
D, [2018-03-31T11:53:48.475496 #304] DEBUG -- : State Score successfully calculated


D, [2018-03-31T11:53:48.475592 #304] DEBUG -- : Saving scored selections...
D, [2018-03-31T11:53:48.559607 #304] DEBUG -- : calculating updated score for older state...
D, [2018-03-31T11:53:48.563210 #304] DEBUG -- : generating weighed rated selections...
D, [2018-03-31T11:53:48.576751 #304] DEBUG -- : scoring weighed rated selections...
D, [2018-03-31T11:53:48.576850 #304] DEBUG -- : Scoring new state: {:rating=>10, :state=>{:unknown=>1, :possibly_lighter=>0, :possibly_heavier=>0, :normal=>2}}
D, [2018-03-31T11:53:48.579749 #304] DEBUG -- : calculating updated score for older state...
D, [2018-03-31T11:53:48.583371 #304] DEBUG -- : generating weighed rated selections...
D, [2018-03-31T11:53:48.604764 #304] DEBUG -- : scoring weighed rated selections...
D, [2018-03-31T11:53:48.604857 #304] DEBUG -- : Saving scored selections...
D, [2018-03-31T11:53:48.608010 #304] DEBUG -- : State Score successfully calculated


D, [2018-03-31T11:53:48.608092 #304] DEBUG -- : Scoring new state: {:rating=>9, :state=>{:unknown=>0, :possibly_lighter=>1, :possibly_heavier=>1, :normal=>1}}
D, [2018-03-31T11:53:48.612677 #304] DEBUG -- : calculating updated score for older state...
D, [2018-03-31T11:53:48.616330 #304] DEBUG -- : generating weighed rated selections...
D, [2018-03-31T11:53:48.646566 #304] DEBUG -- : scoring weighed rated selections...
D, [2018-03-31T11:53:48.646661 #304] DEBUG -- : Saving scored selections...
D, [2018-03-31T11:53:48.651455 #304] DEBUG -- : State Score successfully calculated


D, [2018-03-31T11:53:48.651533 #304] DEBUG -- : Saving scored selections...
D, [2018-03-31T11:53:48.727233 #304] DEBUG -- : calculating updated score for older state...
D, [2018-03-31T11:53:48.730875 #304] DEBUG -- : generating weighed rated selections...
D, [2018-03-31T11:53:48.744693 #304] DEBUG -- : scoring weighed rated selections...
D, [2018-03-31T11:53:48.744792 #304] DEBUG -- : Scoring new state: {:rating=>10, :state=>{:unknown=>1, :possibly_lighter=>0, :possibly_heavier=>0, :normal=>2}}
D, [2018-03-31T11:53:48.748469 #304] DEBUG -- : calculating updated score for older state...
D, [2018-03-31T11:53:48.752131 #304] DEBUG -- : generating weighed rated selections...
D, [2018-03-31T11:53:48.772374 #304] DEBUG -- : scoring weighed rated selections...
D, [2018-03-31T11:53:48.772467 #304] DEBUG -- : Saving scored selections...
D, [2018-03-31T11:53:48.775929 #304] DEBUG -- : State Score successfully calculated


D, [2018-03-31T11:53:48.776017 #304] DEBUG -- : Scoring new state: {:rating=>9, :state=>{:unknown=>0, :possibly_lighter=>1, :possibly_heavier=>1, :normal=>1}}
D, [2018-03-31T11:53:48.778655 #304] DEBUG -- : calculating updated score for older state...
D, [2018-03-31T11:53:48.782228 #304] DEBUG -- : generating weighed rated selections...
D, [2018-03-31T11:53:48.813260 #304] DEBUG -- : scoring weighed rated selections...
D, [2018-03-31T11:53:48.813353 #304] DEBUG -- : Saving scored selections...
D, [2018-03-31T11:53:48.818415 #304] DEBUG -- : State Score successfully calculated


D, [2018-03-31T11:53:48.818493 #304] DEBUG -- : Saving scored selections...
D, [2018-03-31T11:53:50.379310 #304] DEBUG -- : Scoring new state: {:rating=>31, :state=>{:unknown=>0, :possibly_lighter=>1, :possibly_heavier=>2, :normal=>5}}
D, [2018-03-31T11:53:50.382249 #304] DEBUG -- : generating score for new state...
D, [2018-03-31T11:53:50.386042 #304] DEBUG -- : new state info recorded
D, [2018-03-31T11:53:50.389940 #304] DEBUG -- : generating weighed rated selections...
D, [2018-03-31T11:53:50.604141 #304] DEBUG -- : scoring weighed rated selections...
D, [2018-03-31T11:53:50.604251 #304] DEBUG -- : Saving scored selections...
D, [2018-03-31T11:53:50.613255 #304] DEBUG -- : State Score successfully calculated


D, [2018-03-31T11:53:50.613382 #304] DEBUG -- : Scoring new state: {:rating=>34, :state=>{:unknown=>0, :possibly_lighter=>1, :possibly_heavier=>1, :normal=>6}}
D, [2018-03-31T11:53:50.616168 #304] DEBUG -- : calculating updated score for older state...
D, [2018-03-31T11:53:50.619854 #304] DEBUG -- : generating weighed rated selections...
D, [2018-03-31T11:53:50.727519 #304] DEBUG -- : scoring weighed rated selections...
D, [2018-03-31T11:53:50.727650 #304] DEBUG -- : Saving scored selections...
D, [2018-03-31T11:53:50.744277 #304] DEBUG -- : State Score successfully calculated


D, [2018-03-31T11:53:50.744804 #304] DEBUG -- : Scoring new state: {:rating=>31, :state=>{:unknown=>0, :possibly_lighter=>2, :possibly_heavier=>1, :normal=>5}}
D, [2018-03-31T11:53:50.747485 #304] DEBUG -- : generating score for new state...
D, [2018-03-31T11:53:50.751018 #304] DEBUG -- : new state info recorded
D, [2018-03-31T11:53:50.754561 #304] DEBUG -- : generating weighed rated selections...
D, [2018-03-31T11:53:50.953026 #304] DEBUG -- : scoring weighed rated selections...
D, [2018-03-31T11:53:50.953153 #304] DEBUG -- : Saving scored selections...
D, [2018-03-31T11:53:50.961308 #304] DEBUG -- : State Score successfully calculated


D, [2018-03-31T11:53:50.961408 #304] DEBUG -- : Scoring new state: {:rating=>34, :state=>{:unknown=>0, :possibly_lighter=>1, :possibly_heavier=>1, :normal=>6}}
D, [2018-03-31T11:53:50.964078 #304] DEBUG -- : returning fully calculated score...
D, [2018-03-31T11:53:50.964147 #304] DEBUG -- : State Score successfully calculated


D, [2018-03-31T11:53:51.029970 #304] DEBUG -- : Scoring new state: {:rating=>34, :state=>{:unknown=>0, :possibly_lighter=>1, :possibly_heavier=>1, :normal=>6}}
D, [2018-03-31T11:53:51.032840 #304] DEBUG -- : generating score for new state...
D, [2018-03-31T11:53:51.036578 #304] DEBUG -- : new state info recorded
D, [2018-03-31T11:53:51.039990 #304] DEBUG -- : generating weighed rated selections...
D, [2018-03-31T11:53:51.157816 #304] DEBUG -- : scoring weighed rated selections...
D, [2018-03-31T11:53:51.157951 #304] DEBUG -- : Saving scored selections...
D, [2018-03-31T11:53:51.173250 #304] DEBUG -- : State Score successfully calculated


D, [2018-03-31T11:53:51.173372 #304] DEBUG -- : Scoring new state: {:rating=>31, :state=>{:unknown=>0, :possibly_lighter=>1, :possibly_heavier=>2, :normal=>5}}
D, [2018-03-31T11:53:51.175967 #304] DEBUG -- : generating score for new state...
D, [2018-03-31T11:53:51.179438 #304] DEBUG -- : new state info recorded
D, [2018-03-31T11:53:51.182854 #304] DEBUG -- : generating weighed rated selections...
D, [2018-03-31T11:53:51.378939 #304] DEBUG -- : scoring weighed rated selections...
D, [2018-03-31T11:53:51.379047 #304] DEBUG -- : Saving scored selections...
D, [2018-03-31T11:53:51.386203 #304] DEBUG -- : State Score successfully calculated


D, [2018-03-31T11:53:51.386300 #304] DEBUG -- : Scoring new state: {:rating=>34, :state=>{:unknown=>0, :possibly_lighter=>1, :possibly_heavier=>1, :normal=>6}}
D, [2018-03-31T11:53:51.388837 #304] DEBUG -- : returning fully calculated score...
D, [2018-03-31T11:53:51.388901 #304] DEBUG -- : State Score successfully calculated


D, [2018-03-31T11:53:51.388935 #304] DEBUG -- : Scoring new state: {:rating=>31, :state=>{:unknown=>0, :possibly_lighter=>2, :possibly_heavier=>1, :normal=>5}}
D, [2018-03-31T11:53:51.391400 #304] DEBUG -- : generating score for new state...
D, [2018-03-31T11:53:51.394903 #304] DEBUG -- : new state info recorded
D, [2018-03-31T11:53:51.398252 #304] DEBUG -- : generating weighed rated selections...
D, [2018-03-31T11:53:51.594876 #304] DEBUG -- : scoring weighed rated selections...
D, [2018-03-31T11:53:51.594983 #304] DEBUG -- : Saving scored selections...
D, [2018-03-31T11:53:51.602187 #304] DEBUG -- : State Score successfully calculated


D, [2018-03-31T11:53:51.666896 #304] DEBUG -- : Scoring new state: {:rating=>31, :state=>{:unknown=>0, :possibly_lighter=>1, :possibly_heavier=>2, :normal=>5}}
D, [2018-03-31T11:53:51.669694 #304] DEBUG -- : generating score for new state...
D, [2018-03-31T11:53:51.673297 #304] DEBUG -- : new state info recorded
D, [2018-03-31T11:53:51.676694 #304] DEBUG -- : generating weighed rated selections...
D, [2018-03-31T11:53:51.884996 #304] DEBUG -- : scoring weighed rated selections...
D, [2018-03-31T11:53:51.885111 #304] DEBUG -- : Saving scored selections...
D, [2018-03-31T11:53:51.893439 #304] DEBUG -- : State Score successfully calculated


D, [2018-03-31T11:53:51.893530 #304] DEBUG -- : Scoring new state: {:rating=>34, :state=>{:unknown=>0, :possibly_lighter=>1, :possibly_heavier=>1, :normal=>6}}
D, [2018-03-31T11:53:51.896225 #304] DEBUG -- : calculating updated score for older state...
D, [2018-03-31T11:53:51.899852 #304] DEBUG -- : generating weighed rated selections...
D, [2018-03-31T11:53:52.003181 #304] DEBUG -- : scoring weighed rated selections...
D, [2018-03-31T11:53:52.003331 #304] DEBUG -- : Saving scored selections...
D, [2018-03-31T11:53:52.020481 #304] DEBUG -- : State Score successfully calculated


D, [2018-03-31T11:53:52.020567 #304] DEBUG -- : Scoring new state: {:rating=>31, :state=>{:unknown=>0, :possibly_lighter=>2, :possibly_heavier=>1, :normal=>5}}
D, [2018-03-31T11:53:52.023390 #304] DEBUG -- : generating score for new state...
D, [2018-03-31T11:53:52.027077 #304] DEBUG -- : new state info recorded
D, [2018-03-31T11:53:52.030455 #304] DEBUG -- : generating weighed rated selections...
D, [2018-03-31T11:53:52.228242 #304] DEBUG -- : scoring weighed rated selections...
D, [2018-03-31T11:53:52.228373 #304] DEBUG -- : Saving scored selections...
D, [2018-03-31T11:53:52.235727 #304] DEBUG -- : State Score successfully calculated


D, [2018-03-31T11:53:52.301391 #304] DEBUG -- : Scoring new state: {:rating=>29, :state=>{:unknown=>1, :possibly_lighter=>2, :possibly_heavier=>0, :normal=>5}}
D, [2018-03-31T11:53:52.304249 #304] DEBUG -- : generating score for new state...
D, [2018-03-31T11:53:52.308416 #304] DEBUG -- : new state info recorded
D, [2018-03-31T11:53:52.311884 #304] DEBUG -- : generating weighed rated selections...
D, [2018-03-31T11:53:52.551600 #304] DEBUG -- : scoring weighed rated selections...
D, [2018-03-31T11:53:52.551736 #304] DEBUG -- : Scoring new state: {:rating=>32, :state=>{:unknown=>1, :possibly_lighter=>1, :possibly_heavier=>0, :normal=>6}}
D, [2018-03-31T11:53:52.555189 #304] DEBUG -- : calculating updated score for older state...
D, [2018-03-31T11:53:52.558769 #304] DEBUG -- : generating weighed rated selections...
D, [2018-03-31T11:53:52.688473 #304] DEBUG -- : scoring weighed rated selections...
D, [2018-03-31T11:53:52.688600 #304] DEBUG -- : Saving scored selections...
D, [2018-03-31T11:53:52.695108 #304] DEBUG -- : State Score successfully calculated


D, [2018-03-31T11:53:52.695194 #304] DEBUG -- : Scoring new state: {:rating=>37, :state=>{:unknown=>0, :possibly_lighter=>1, :possibly_heavier=>0, :normal=>7}}
D, [2018-03-31T11:53:52.695221 #304] DEBUG -- : State Score successfully calculated


D, [2018-03-31T11:53:52.695268 #304] DEBUG -- : Scoring new state: {:rating=>37, :state=>{:unknown=>0, :possibly_lighter=>0, :possibly_heavier=>1, :normal=>7}}
D, [2018-03-31T11:53:52.695290 #304] DEBUG -- : State Score successfully calculated


D, [2018-03-31T11:53:52.695315 #304] DEBUG -- : Scoring new state: {:rating=>37, :state=>{:unknown=>0, :possibly_lighter=>1, :possibly_heavier=>0, :normal=>7}}
D, [2018-03-31T11:53:52.695358 #304] DEBUG -- : State Score successfully calculated


D, [2018-03-31T11:53:52.695384 #304] DEBUG -- : Scoring new state: {:rating=>34, :state=>{:unknown=>0, :possibly_lighter=>2, :possibly_heavier=>0, :normal=>6}}
D, [2018-03-31T11:53:52.698023 #304] DEBUG -- : calculating updated score for older state...
D, [2018-03-31T11:53:52.702157 #304] DEBUG -- : generating weighed rated selections...
D, [2018-03-31T11:53:52.746159 #304] DEBUG -- : scoring weighed rated selections...
D, [2018-03-31T11:53:52.746266 #304] DEBUG -- : Saving scored selections...
D, [2018-03-31T11:53:52.755788 #304] DEBUG -- : State Score successfully calculated


D, [2018-03-31T11:53:52.755882 #304] DEBUG -- : Scoring new state: {:rating=>32, :state=>{:unknown=>1, :possibly_lighter=>1, :possibly_heavier=>0, :normal=>6}}
D, [2018-03-31T11:53:52.758456 #304] DEBUG -- : calculating updated score for older state...
D, [2018-03-31T11:53:52.761896 #304] DEBUG -- : generating weighed rated selections...
D, [2018-03-31T11:53:52.763000 #304] DEBUG -- : -------> building selection...
D, [2018-03-31T11:53:52.763955 #304] DEBUG -- : -------> building new state...
D, [2018-03-31T11:53:52.764266 #304] DEBUG -- : -------> building new state...
D, [2018-03-31T11:53:52.764607 #304] DEBUG -- : -------> building selection...
D, [2018-03-31T11:53:52.765070 #304] DEBUG -- : -------> building new state...
D, [2018-03-31T11:53:52.765180 #304] DEBUG -- : -------> building new state...
D, [2018-03-31T11:53:52.765380 #304] DEBUG -- : -------> building selection...
D, [2018-03-31T11:53:52.765714 #304] DEBUG -- : -------> building new state...
D, [2018-03-31T11:53:52.765815 #304] DEBUG -- : -------> building new state...
D, [2018-03-31T11:53:52.766006 #304] DEBUG -- : -------> building selection...
D, [2018-03-31T11:53:52.766328 #304] DEBUG -- : -------> building new state...
D, [2018-03-31T11:53:52.766442 #304] DEBUG -- : -------> building new state...
D, [2018-03-31T11:53:52.766623 #304] DEBUG -- : -------> building selection...
D, [2018-03-31T11:53:52.768948 #304] DEBUG -- : -------> building new state...
D, [2018-03-31T11:53:52.769122 #304] DEBUG -- : -------> building new state...
D, [2018-03-31T11:53:52.769314 #304] DEBUG -- : -------> building selection...
D, [2018-03-31T11:53:52.769645 #304] DEBUG -- : -------> building new state...
D, [2018-03-31T11:53:52.769747 #304] DEBUG -- : -------> building new state...
D, [2018-03-31T11:53:52.769994 #304] DEBUG -- : -------> building selection...
D, [2018-03-31T11:53:52.770306 #304] DEBUG -- : -------> building new state...
D, [2018-03-31T11:53:52.770419 #304] DEBUG -- : -------> building new state...
D, [2018-03-31T11:53:52.770642 #304] DEBUG -- : -------> building selection...
D, [2018-03-31T11:53:52.770971 #304] DEBUG -- : -------> building new state...
D, [2018-03-31T11:53:52.771073 #304] DEBUG -- : -------> building new state...
D, [2018-03-31T11:53:52.771258 #304] DEBUG -- : -------> building selection...
D, [2018-03-31T11:53:52.771587 #304] DEBUG -- : -------> building new state...
D, [2018-03-31T11:53:52.771687 #304] DEBUG -- : -------> building new state...
D, [2018-03-31T11:53:52.771866 #304] DEBUG -- : -------> building selection...
D, [2018-03-31T11:53:52.772177 #304] DEBUG -- : -------> building new state...
D, [2018-03-31T11:53:52.772282 #304] DEBUG -- : -------> building new state...
D, [2018-03-31T11:53:52.772461 #304] DEBUG -- : -------> building selection...
D, [2018-03-31T11:53:52.772776 #304] DEBUG -- : -------> building new state...
D, [2018-03-31T11:53:52.772890 #304] DEBUG -- : -------> building new state...
D, [2018-03-31T11:53:52.773070 #304] DEBUG -- : -------> building selection...
D, [2018-03-31T11:53:52.773384 #304] DEBUG -- : -------> building new state...
D, [2018-03-31T11:53:52.773496 #304] DEBUG -- : -------> building new state...
D, [2018-03-31T11:53:52.773697 #304] DEBUG -- : -------> building selection...
D, [2018-03-31T11:53:52.774016 #304] DEBUG -- : -------> building new state...
D, [2018-03-31T11:53:52.774129 #304] DEBUG -- : -------> building new state...
D, [2018-03-31T11:53:52.774307 #304] DEBUG -- : -------> building selection...
D, [2018-03-31T11:53:52.774617 #304] DEBUG -- : -------> building new state...
D, [2018-03-31T11:53:52.774727 #304] DEBUG -- : -------> building new state...
D, [2018-03-31T11:53:52.774966 #304] DEBUG -- : -------> building selection...
D, [2018-03-31T11:53:52.775434 #304] DEBUG -- : -------> building new state...
D, [2018-03-31T11:53:52.775544 #304] DEBUG -- : -------> building new state...
D, [2018-03-31T11:53:52.775769 #304] DEBUG -- : -------> building selection...
D, [2018-03-31T11:53:52.776215 #304] DEBUG -- : -------> building new state...
D, [2018-03-31T11:53:52.776337 #304] DEBUG -- : -------> building new state...
D, [2018-03-31T11:53:52.776570 #304] DEBUG -- : -------> building selection...
D, [2018-03-31T11:53:52.776902 #304] DEBUG -- : -------> building new state...
D, [2018-03-31T11:53:52.777033 #304] DEBUG -- : -------> building new state...
D, [2018-03-31T11:53:52.777220 #304] DEBUG -- : -------> building selection...
D, [2018-03-31T11:53:52.777559 #304] DEBUG -- : -------> building new state...
D, [2018-03-31T11:53:52.777672 #304] DEBUG -- : -------> building new state...
D, [2018-03-31T11:53:52.777857 #304] DEBUG -- : -------> building selection...
D, [2018-03-31T11:53:52.778207 #304] DEBUG -- : -------> building new state...
D, [2018-03-31T11:53:52.778330 #304] DEBUG -- : -------> building new state...
D, [2018-03-31T11:53:52.778524 #304] DEBUG -- : -------> building selection...
D, [2018-03-31T11:53:52.778905 #304] DEBUG -- : -------> building new state...
D, [2018-03-31T11:53:52.779014 #304] DEBUG -- : -------> building new state...
D, [2018-03-31T11:53:52.779193 #304] DEBUG -- : -------> building selection...
D, [2018-03-31T11:53:52.779517 #304] DEBUG -- : -------> building new state...
D, [2018-03-31T11:53:52.779617 #304] DEBUG -- : -------> building new state...
D, [2018-03-31T11:53:52.779799 #304] DEBUG -- : -------> building selection...
D, [2018-03-31T11:53:52.780123 #304] DEBUG -- : -------> building new state...
D, [2018-03-31T11:53:52.780223 #304] DEBUG -- : -------> building new state...
D, [2018-03-31T11:53:52.780415 #304] DEBUG -- : -------> building selection...
D, [2018-03-31T11:53:52.780772 #304] DEBUG -- : -------> building new state...
D, [2018-03-31T11:53:52.780884 #304] DEBUG -- : -------> building new state...
D, [2018-03-31T11:53:52.781073 #304] DEBUG -- : -------> building selection...
D, [2018-03-31T11:53:52.781392 #304] DEBUG -- : -------> building new state...
D, [2018-03-31T11:53:52.781494 #304] DEBUG -- : -------> building new state...
D, [2018-03-31T11:53:52.781674 #304] DEBUG -- : -------> building selection...
D, [2018-03-31T11:53:52.781987 #304] DEBUG -- : -------> building new state...
D, [2018-03-31T11:53:52.782092 #304] DEBUG -- : -------> building new state...
D, [2018-03-31T11:53:52.782274 #304] DEBUG -- : -------> building selection...
D, [2018-03-31T11:53:52.782584 #304] DEBUG -- : -------> building new state...
D, [2018-03-31T11:53:52.782716 #304] DEBUG -- : -------> building new state...
D, [2018-03-31T11:53:52.782988 #304] DEBUG -- : scoring weighed rated selections...
D, [2018-03-31T11:53:52.783040 #304] DEBUG -- : Saving scored selections...
D, [2018-03-31T11:53:52.789410 #304] DEBUG -- : State Score successfully calculated


D, [2018-03-31T11:53:52.789494 #304] DEBUG -- : Scoring new state: {:rating=>37, :state=>{:unknown=>0, :possibly_lighter=>1, :possibly_heavier=>0, :normal=>7}}
D, [2018-03-31T11:53:52.789522 #304] DEBUG -- : State Score successfully calculated


D, [2018-03-31T11:53:52.789573 #304] DEBUG -- : Scoring new state: {:rating=>35, :state=>{:unknown=>1, :possibly_lighter=>0, :possibly_heavier=>0, :normal=>7}}
D, [2018-03-31T11:53:52.792312 #304] DEBUG -- : calculating updated score for older state...
D, [2018-03-31T11:53:52.795817 #304] DEBUG -- : generating weighed rated selections...
D, [2018-03-31T11:53:52.846457 #304] DEBUG -- : scoring weighed rated selections...
D, [2018-03-31T11:53:52.846569 #304] DEBUG -- : Saving scored selections...
D, [2018-03-31T11:53:52.854553 #304] DEBUG -- : State Score successfully calculated


D, [2018-03-31T11:53:52.854649 #304] DEBUG -- : Scoring new state: {:rating=>37, :state=>{:unknown=>0, :possibly_lighter=>1, :possibly_heavier=>0, :normal=>7}}
D, [2018-03-31T11:53:52.854677 #304] DEBUG -- : State Score successfully calculated


D, [2018-03-31T11:53:52.854715 #304] DEBUG -- : Scoring new state: {:rating=>34, :state=>{:unknown=>0, :possibly_lighter=>1, :possibly_heavier=>1, :normal=>6}}
D, [2018-03-31T11:53:52.857385 #304] DEBUG -- : calculating updated score for older state...
D, [2018-03-31T11:53:52.860853 #304] DEBUG -- : generating weighed rated selections...
D, [2018-03-31T11:53:52.969089 #304] DEBUG -- : scoring weighed rated selections...
D, [2018-03-31T11:53:52.969205 #304] DEBUG -- : Saving scored selections...
D, [2018-03-31T11:53:52.984773 #304] DEBUG -- : State Score successfully calculated


D, [2018-03-31T11:53:52.984867 #304] DEBUG -- : Scoring new state: {:rating=>37, :state=>{:unknown=>0, :possibly_lighter=>1, :possibly_heavier=>0, :normal=>7}}
D, [2018-03-31T11:53:52.984893 #304] DEBUG -- : State Score successfully calculated


D, [2018-03-31T11:53:52.984938 #304] DEBUG -- : Scoring new state: {:rating=>37, :state=>{:unknown=>0, :possibly_lighter=>0, :possibly_heavier=>1, :normal=>7}}
D, [2018-03-31T11:53:52.984958 #304] DEBUG -- : State Score successfully calculated


D, [2018-03-31T11:53:52.984983 #304] DEBUG -- : Scoring new state: {:rating=>37, :state=>{:unknown=>0, :possibly_lighter=>1, :possibly_heavier=>0, :normal=>7}}
D, [2018-03-31T11:53:52.985002 #304] DEBUG -- : State Score successfully calculated


D, [2018-03-31T11:53:52.985026 #304] DEBUG -- : Scoring new state: {:rating=>34, :state=>{:unknown=>0, :possibly_lighter=>2, :possibly_heavier=>0, :normal=>6}}
D, [2018-03-31T11:53:52.987639 #304] DEBUG -- : returning fully calculated score...
D, [2018-03-31T11:53:52.987703 #304] DEBUG -- : State Score successfully calculated


D, [2018-03-31T11:53:52.987744 #304] DEBUG -- : Scoring new state: {:rating=>34, :state=>{:unknown=>0, :possibly_lighter=>1, :possibly_heavier=>1, :normal=>6}}
D, [2018-03-31T11:53:52.990254 #304] DEBUG -- : returning fully calculated score...
D, [2018-03-31T11:53:52.990325 #304] DEBUG -- : State Score successfully calculated


D, [2018-03-31T11:53:52.990383 #304] DEBUG -- : Scoring new state: {:rating=>37, :state=>{:unknown=>0, :possibly_lighter=>1, :possibly_heavier=>0, :normal=>7}}
D, [2018-03-31T11:53:52.990407 #304] DEBUG -- : State Score successfully calculated


D, [2018-03-31T11:53:52.990442 #304] DEBUG -- : Scoring new state: {:rating=>32, :state=>{:unknown=>1, :possibly_lighter=>1, :possibly_heavier=>0, :normal=>6}}
D, [2018-03-31T11:53:52.993065 #304] DEBUG -- : calculating updated score for older state...
D, [2018-03-31T11:53:52.996583 #304] DEBUG -- : generating weighed rated selections...
D, [2018-03-31T11:53:52.997651 #304] DEBUG -- : -------> building selection...
D, [2018-03-31T11:53:52.998499 #304] DEBUG -- : -------> building new state...
D, [2018-03-31T11:53:52.998859 #304] DEBUG -- : -------> building new state...
D, [2018-03-31T11:53:52.999147 #304] DEBUG -- : -------> building selection...
D, [2018-03-31T11:53:52.999527 #304] DEBUG -- : -------> building new state...
D, [2018-03-31T11:53:52.999632 #304] DEBUG -- : -------> building new state...
D, [2018-03-31T11:53:52.999815 #304] DEBUG -- : -------> building selection...
D, [2018-03-31T11:53:53.000127 #304] DEBUG -- : -------> building new state...
D, [2018-03-31T11:53:53.000231 #304] DEBUG -- : -------> building new state...
D, [2018-03-31T11:53:53.000415 #304] DEBUG -- : -------> building selection...
D, [2018-03-31T11:53:53.000757 #304] DEBUG -- : -------> building new state...
D, [2018-03-31T11:53:53.000857 #304] DEBUG -- : -------> building new state...
D, [2018-03-31T11:53:53.001039 #304] DEBUG -- : -------> building selection...
D, [2018-03-31T11:53:53.001350 #304] DEBUG -- : -------> building new state...
D, [2018-03-31T11:53:53.001448 #304] DEBUG -- : -------> building new state...
D, [2018-03-31T11:53:53.001623 #304] DEBUG -- : -------> building selection...
D, [2018-03-31T11:53:53.001965 #304] DEBUG -- : -------> building new state...
D, [2018-03-31T11:53:53.002064 #304] DEBUG -- : -------> building new state...
D, [2018-03-31T11:53:53.002241 #304] DEBUG -- : -------> building selection...
D, [2018-03-31T11:53:53.002548 #304] DEBUG -- : -------> building new state...
D, [2018-03-31T11:53:53.002646 #304] DEBUG -- : -------> building new state...
D, [2018-03-31T11:53:53.002838 #304] DEBUG -- : -------> building selection...
D, [2018-03-31T11:53:53.003191 #304] DEBUG -- : -------> building new state...
D, [2018-03-31T11:53:53.003295 #304] DEBUG -- : -------> building new state...
D, [2018-03-31T11:53:53.003473 #304] DEBUG -- : -------> building selection...
D, [2018-03-31T11:53:53.003782 #304] DEBUG -- : -------> building new state...
D, [2018-03-31T11:53:53.003881 #304] DEBUG -- : -------> building new state...
D, [2018-03-31T11:53:53.004058 #304] DEBUG -- : -------> building selection...
D, [2018-03-31T11:53:53.004393 #304] DEBUG -- : -------> building new state...
D, [2018-03-31T11:53:53.004503 #304] DEBUG -- : -------> building new state...
D, [2018-03-31T11:53:53.004685 #304] DEBUG -- : -------> building selection...
D, [2018-03-31T11:53:53.004999 #304] DEBUG -- : -------> building new state...
D, [2018-03-31T11:53:53.005124 #304] DEBUG -- : -------> building new state...
D, [2018-03-31T11:53:53.005306 #304] DEBUG -- : -------> building selection...
D, [2018-03-31T11:53:53.005616 #304] DEBUG -- : -------> building new state...
D, [2018-03-31T11:53:53.005713 #304] DEBUG -- : -------> building new state...
D, [2018-03-31T11:53:53.005889 #304] DEBUG -- : -------> building selection...
D, [2018-03-31T11:53:53.006198 #304] DEBUG -- : -------> building new state...
D, [2018-03-31T11:53:53.006324 #304] DEBUG -- : -------> building new state...
D, [2018-03-31T11:53:53.006507 #304] DEBUG -- : -------> building selection...
D, [2018-03-31T11:53:53.006861 #304] DEBUG -- : -------> building new state...
D, [2018-03-31T11:53:53.007080 #304] DEBUG -- : -------> building new state...
D, [2018-03-31T11:53:53.007294 #304] DEBUG -- : -------> building selection...
D, [2018-03-31T11:53:53.007634 #304] DEBUG -- : -------> building new state...
D, [2018-03-31T11:53:53.007758 #304] DEBUG -- : -------> building new state...
D, [2018-03-31T11:53:53.007941 #304] DEBUG -- : -------> building selection...
D, [2018-03-31T11:53:53.008262 #304] DEBUG -- : -------> building new state...
D, [2018-03-31T11:53:53.008363 #304] DEBUG -- : -------> building new state...
D, [2018-03-31T11:53:53.008575 #304] DEBUG -- : -------> building selection...
D, [2018-03-31T11:53:53.008895 #304] DEBUG -- : -------> building new state...
D, [2018-03-31T11:53:53.008996 #304] DEBUG -- : -------> building new state...
D, [2018-03-31T11:53:53.009174 #304] DEBUG -- : -------> building selection...
D, [2018-03-31T11:53:53.009483 #304] DEBUG -- : -------> building new state...
D, [2018-03-31T11:53:53.009590 #304] DEBUG -- : -------> building new state...
D, [2018-03-31T11:53:53.009776 #304] DEBUG -- : -------> building selection...
D, [2018-03-31T11:53:53.010086 #304] DEBUG -- : -------> building new state...
D, [2018-03-31T11:53:53.010182 #304] DEBUG -- : -------> building new state...
D, [2018-03-31T11:53:53.010365 #304] DEBUG -- : -------> building selection...
D, [2018-03-31T11:53:53.010682 #304] DEBUG -- : -------> building new state...
D, [2018-03-31T11:53:53.010779 #304] DEBUG -- : -------> building new state...
D, [2018-03-31T11:53:53.011029 #304] DEBUG -- : -------> building selection...
D, [2018-03-31T11:53:53.011372 #304] DEBUG -- : -------> building new state...
D, [2018-03-31T11:53:53.011472 #304] DEBUG -- : -------> building new state...
D, [2018-03-31T11:53:53.011721 #304] DEBUG -- : -------> building selection...
D, [2018-03-31T11:53:53.012044 #304] DEBUG -- : -------> building new state...
D, [2018-03-31T11:53:53.012141 #304] DEBUG -- : -------> building new state...
D, [2018-03-31T11:53:53.012319 #304] DEBUG -- : -------> building selection...
D, [2018-03-31T11:53:53.012694 #304] DEBUG -- : -------> building new state...
D, [2018-03-31T11:53:53.012812 #304] DEBUG -- : -------> building new state...
D, [2018-03-31T11:53:53.012991 #304] DEBUG -- : -------> building selection...
D, [2018-03-31T11:53:53.013300 #304] DEBUG -- : -------> building new state...
D, [2018-03-31T11:53:53.013401 #304] DEBUG -- : -------> building new state...
D, [2018-03-31T11:53:53.013576 #304] DEBUG -- : -------> building selection...
D, [2018-03-31T11:53:53.013951 #304] DEBUG -- : -------> building new state...
D, [2018-03-31T11:53:53.014061 #304] DEBUG -- : -------> building new state...
D, [2018-03-31T11:53:53.014238 #304] DEBUG -- : -------> building selection...
D, [2018-03-31T11:53:53.014544 #304] DEBUG -- : -------> building new state...
D, [2018-03-31T11:53:53.014705 #304] DEBUG -- : -------> building new state...
D, [2018-03-31T11:53:53.014925 #304] DEBUG -- : scoring weighed rated selections...
D, [2018-03-31T11:53:53.014972 #304] DEBUG -- : Saving scored selections...
D, [2018-03-31T11:53:53.021578 #304] DEBUG -- : State Score successfully calculated


D, [2018-03-31T11:53:53.021670 #304] DEBUG -- : Scoring new state: {:rating=>37, :state=>{:unknown=>0, :possibly_lighter=>1, :possibly_heavier=>0, :normal=>7}}
D, [2018-03-31T11:53:53.021696 #304] DEBUG -- : State Score successfully calculated


D, [2018-03-31T11:53:53.021736 #304] DEBUG -- : Scoring new state: {:rating=>37, :state=>{:unknown=>0, :possibly_lighter=>0, :possibly_heavier=>1, :normal=>7}}
D, [2018-03-31T11:53:53.021757 #304] DEBUG -- : State Score successfully calculated


D, [2018-03-31T11:53:53.021783 #304] DEBUG -- : Scoring new state: {:rating=>37, :state=>{:unknown=>0, :possibly_lighter=>1, :possibly_heavier=>0, :normal=>7}}
D, [2018-03-31T11:53:53.021803 #304] DEBUG -- : State Score successfully calculated


D, [2018-03-31T11:53:53.021828 #304] DEBUG -- : Scoring new state: {:rating=>34, :state=>{:unknown=>0, :possibly_lighter=>2, :possibly_heavier=>0, :normal=>6}}
D, [2018-03-31T11:53:53.024643 #304] DEBUG -- : returning fully calculated score...
D, [2018-03-31T11:53:53.024705 #304] DEBUG -- : State Score successfully calculated


D, [2018-03-31T11:53:53.024746 #304] DEBUG -- : Scoring new state: {:rating=>35, :state=>{:unknown=>1, :possibly_lighter=>0, :possibly_heavier=>0, :normal=>7}}
D, [2018-03-31T11:53:53.027369 #304] DEBUG -- : returning fully calculated score...
D, [2018-03-31T11:53:53.027432 #304] DEBUG -- : State Score successfully calculated


D, [2018-03-31T11:53:53.027469 #304] DEBUG -- : Scoring new state: {:rating=>34, :state=>{:unknown=>0, :possibly_lighter=>2, :possibly_heavier=>0, :normal=>6}}
D, [2018-03-31T11:53:53.029965 #304] DEBUG -- : returning fully calculated score...
D, [2018-03-31T11:53:53.030026 #304] DEBUG -- : State Score successfully calculated


D, [2018-03-31T11:53:53.030073 #304] DEBUG -- : Scoring new state: {:rating=>37, :state=>{:unknown=>0, :possibly_lighter=>0, :possibly_heavier=>1, :normal=>7}}
D, [2018-03-31T11:53:53.030144 #304] DEBUG -- : State Score successfully calculated


D, [2018-03-31T11:53:53.030169 #304] DEBUG -- : Scoring new state: {:rating=>34, :state=>{:unknown=>0, :possibly_lighter=>2, :possibly_heavier=>0, :normal=>6}}
D, [2018-03-31T11:53:53.032625 #304] DEBUG -- : returning fully calculated score...
D, [2018-03-31T11:53:53.032692 #304] DEBUG -- : State Score successfully calculated


D, [2018-03-31T11:53:53.032728 #304] DEBUG -- : Scoring new state: {:rating=>37, :state=>{:unknown=>0, :possibly_lighter=>1, :possibly_heavier=>0, :normal=>7}}
D, [2018-03-31T11:53:53.032753 #304] DEBUG -- : State Score successfully calculated


D, [2018-03-31T11:53:53.032788 #304] DEBUG -- : Scoring new state: {:rating=>32, :state=>{:unknown=>1, :possibly_lighter=>1, :possibly_heavier=>0, :normal=>6}}
D, [2018-03-31T11:53:53.035377 #304] DEBUG -- : calculating updated score for older state...
D, [2018-03-31T11:53:53.038720 #304] DEBUG -- : generating weighed rated selections...
D, [2018-03-31T11:53:53.039763 #304] DEBUG -- : -------> building selection...
D, [2018-03-31T11:53:53.040613 #304] DEBUG -- : -------> building new state...
D, [2018-03-31T11:53:53.040958 #304] DEBUG -- : -------> building new state...
D, [2018-03-31T11:53:53.041194 #304] DEBUG -- : -------> building selection...
D, [2018-03-31T11:53:53.041520 #304] DEBUG -- : -------> building new state...
D, [2018-03-31T11:53:53.041621 #304] DEBUG -- : -------> building new state...
D, [2018-03-31T11:53:53.041803 #304] DEBUG -- : -------> building selection...
D, [2018-03-31T11:53:53.042193 #304] DEBUG -- : -------> building new state...
D, [2018-03-31T11:53:53.042302 #304] DEBUG -- : -------> building new state...
D, [2018-03-31T11:53:53.042483 #304] DEBUG -- : -------> building selection...
D, [2018-03-31T11:53:53.042797 #304] DEBUG -- : -------> building new state...
D, [2018-03-31T11:53:53.042924 #304] DEBUG -- : -------> building new state...
D, [2018-03-31T11:53:53.043159 #304] DEBUG -- : -------> building selection...
D, [2018-03-31T11:53:53.043481 #304] DEBUG -- : -------> building new state...
D, [2018-03-31T11:53:53.043592 #304] DEBUG -- : -------> building new state...
D, [2018-03-31T11:53:53.043790 #304] DEBUG -- : -------> building selection...
D, [2018-03-31T11:53:53.044097 #304] DEBUG -- : -------> building new state...
D, [2018-03-31T11:53:53.044196 #304] DEBUG -- : -------> building new state...
D, [2018-03-31T11:53:53.046324 #304] DEBUG -- : -------> building selection...
D, [2018-03-31T11:53:53.046838 #304] DEBUG -- : -------> building new state...
D, [2018-03-31T11:53:53.046973 #304] DEBUG -- : -------> building new state...
D, [2018-03-31T11:53:53.047163 #304] DEBUG -- : -------> building selection...
D, [2018-03-31T11:53:53.047498 #304] DEBUG -- : -------> building new state...
D, [2018-03-31T11:53:53.047656 #304] DEBUG -- : -------> building new state...
D, [2018-03-31T11:53:53.047862 #304] DEBUG -- : -------> building selection...
D, [2018-03-31T11:53:53.048188 #304] DEBUG -- : -------> building new state...
D, [2018-03-31T11:53:53.048290 #304] DEBUG -- : -------> building new state...
D, [2018-03-31T11:53:53.048467 #304] DEBUG -- : -------> building selection...
D, [2018-03-31T11:53:53.048795 #304] DEBUG -- : -------> building new state...
D, [2018-03-31T11:53:53.048899 #304] DEBUG -- : -------> building new state...
D, [2018-03-31T11:53:53.049082 #304] DEBUG -- : -------> building selection...
D, [2018-03-31T11:53:53.049393 #304] DEBUG -- : -------> building new state...
D, [2018-03-31T11:53:53.049492 #304] DEBUG -- : -------> building new state...
D, [2018-03-31T11:53:53.049720 #304] DEBUG -- : -------> building selection...
D, [2018-03-31T11:53:53.050121 #304] DEBUG -- : -------> building new state...
D, [2018-03-31T11:53:53.050308 #304] DEBUG -- : -------> building new state...
D, [2018-03-31T11:53:53.050522 #304] DEBUG -- : -------> building selection...
D, [2018-03-31T11:53:53.050876 #304] DEBUG -- : -------> building new state...
D, [2018-03-31T11:53:53.050981 #304] DEBUG -- : -------> building new state...
D, [2018-03-31T11:53:53.051209 #304] DEBUG -- : -------> building selection...
D, [2018-03-31T11:53:53.051528 #304] DEBUG -- : -------> building new state...
D, [2018-03-31T11:53:53.051628 #304] DEBUG -- : -------> building new state...
D, [2018-03-31T11:53:53.051806 #304] DEBUG -- : -------> building selection...
D, [2018-03-31T11:53:53.052145 #304] DEBUG -- : -------> building new state...
D, [2018-03-31T11:53:53.052275 #304] DEBUG -- : -------> building new state...
D, [2018-03-31T11:53:53.052460 #304] DEBUG -- : -------> building selection...
D, [2018-03-31T11:53:53.052771 #304] DEBUG -- : -------> building new state...
D, [2018-03-31T11:53:53.052872 #304] DEBUG -- : -------> building new state...
D, [2018-03-31T11:53:53.053051 #304] DEBUG -- : -------> building selection...
D, [2018-03-31T11:53:53.053403 #304] DEBUG -- : -------> building new state...
D, [2018-03-31T11:53:53.053503 #304] DEBUG -- : -------> building new state...
D, [2018-03-31T11:53:53.053681 #304] DEBUG -- : -------> building selection...
D, [2018-03-31T11:53:53.053988 #304] DEBUG -- : -------> building new state...
D, [2018-03-31T11:53:53.054086 #304] DEBUG -- : -------> building new state...
D, [2018-03-31T11:53:53.054290 #304] DEBUG -- : -------> building selection...
D, [2018-03-31T11:53:53.054603 #304] DEBUG -- : -------> building new state...
D, [2018-03-31T11:53:53.054712 #304] DEBUG -- : -------> building new state...
D, [2018-03-31T11:53:53.055027 #304] DEBUG -- : -------> building selection...
D, [2018-03-31T11:53:53.055428 #304] DEBUG -- : -------> building new state...
D, [2018-03-31T11:53:53.055667 #304] DEBUG -- : -------> building new state...
D, [2018-03-31T11:53:53.055874 #304] DEBUG -- : -------> building selection...
D, [2018-03-31T11:53:53.056205 #304] DEBUG -- : -------> building new state...
D, [2018-03-31T11:53:53.056309 #304] DEBUG -- : -------> building new state...
D, [2018-03-31T11:53:53.056490 #304] DEBUG -- : -------> building selection...
D, [2018-03-31T11:53:53.056801 #304] DEBUG -- : -------> building new state...
D, [2018-03-31T11:53:53.056927 #304] DEBUG -- : -------> building new state...
D, [2018-03-31T11:53:53.057123 #304] DEBUG -- : -------> building selection...
D, [2018-03-31T11:53:53.057447 #304] DEBUG -- : -------> building new state...
D, [2018-03-31T11:53:53.057545 #304] DEBUG -- : -------> building new state...
D, [2018-03-31T11:53:53.057729 #304] DEBUG -- : -------> building selection...
D, [2018-03-31T11:53:53.058079 #304] DEBUG -- : -------> building new state...
D, [2018-03-31T11:53:53.058179 #304] DEBUG -- : -------> building new state...
D, [2018-03-31T11:53:53.058356 #304] DEBUG -- : -------> building selection...
D, [2018-03-31T11:53:53.058670 #304] DEBUG -- : -------> building new state...
D, [2018-03-31T11:53:53.058771 #304] DEBUG -- : -------> building new state...
D, [2018-03-31T11:53:53.058980 #304] DEBUG -- : -------> building selection...
D, [2018-03-31T11:53:53.059334 #304] DEBUG -- : -------> building new state...
D, [2018-03-31T11:53:53.059436 #304] DEBUG -- : -------> building new state...
D, [2018-03-31T11:53:53.059616 #304] DEBUG -- : scoring weighed rated selections...
D, [2018-03-31T11:53:53.059661 #304] DEBUG -- : Saving scored selections...
D, [2018-03-31T11:53:53.066151 #304] DEBUG -- : State Score successfully calculated


D, [2018-03-31T11:53:53.066218 #304] DEBUG -- : Scoring new state: {:rating=>37, :state=>{:unknown=>0, :possibly_lighter=>1, :possibly_heavier=>0, :normal=>7}}
D, [2018-03-31T11:53:53.066244 #304] DEBUG -- : State Score successfully calculated


D, [2018-03-31T11:53:53.066279 #304] DEBUG -- : Scoring new state: {:rating=>35, :state=>{:unknown=>1, :possibly_lighter=>0, :possibly_heavier=>0, :normal=>7}}
D, [2018-03-31T11:53:53.069028 #304] DEBUG -- : returning fully calculated score...
D, [2018-03-31T11:53:53.069086 #304] DEBUG -- : State Score successfully calculated


D, [2018-03-31T11:53:53.069120 #304] DEBUG -- : Scoring new state: {:rating=>37, :state=>{:unknown=>0, :possibly_lighter=>1, :possibly_heavier=>0, :normal=>7}}
D, [2018-03-31T11:53:53.069143 #304] DEBUG -- : State Score successfully calculated


D, [2018-03-31T11:53:53.069178 #304] DEBUG -- : Scoring new state: {:rating=>34, :state=>{:unknown=>0, :possibly_lighter=>1, :possibly_heavier=>1, :normal=>6}}
D, [2018-03-31T11:53:53.071833 #304] DEBUG -- : returning fully calculated score...
D, [2018-03-31T11:53:53.071890 #304] DEBUG -- : State Score successfully calculated


D, [2018-03-31T11:53:53.071924 #304] DEBUG -- : Scoring new state: {:rating=>37, :state=>{:unknown=>0, :possibly_lighter=>1, :possibly_heavier=>0, :normal=>7}}
D, [2018-03-31T11:53:53.071945 #304] DEBUG -- : State Score successfully calculated


D, [2018-03-31T11:53:53.071977 #304] DEBUG -- : Scoring new state: {:rating=>34, :state=>{:unknown=>0, :possibly_lighter=>1, :possibly_heavier=>1, :normal=>6}}
D, [2018-03-31T11:53:53.074511 #304] DEBUG -- : returning fully calculated score...
D, [2018-03-31T11:53:53.074600 #304] DEBUG -- : State Score successfully calculated


D, [2018-03-31T11:53:53.074635 #304] DEBUG -- : Scoring new state: {:rating=>34, :state=>{:unknown=>0, :possibly_lighter=>2, :possibly_heavier=>0, :normal=>6}}
D, [2018-03-31T11:53:53.077092 #304] DEBUG -- : returning fully calculated score...
D, [2018-03-31T11:53:53.077157 #304] DEBUG -- : State Score successfully calculated


D, [2018-03-31T11:53:53.077203 #304] DEBUG -- : Scoring new state: {:rating=>37, :state=>{:unknown=>0, :possibly_lighter=>0, :possibly_heavier=>1, :normal=>7}}
D, [2018-03-31T11:53:53.077227 #304] DEBUG -- : State Score successfully calculated


D, [2018-03-31T11:53:53.077253 #304] DEBUG -- : Scoring new state: {:rating=>37, :state=>{:unknown=>0, :possibly_lighter=>1, :possibly_heavier=>0, :normal=>7}}
D, [2018-03-31T11:53:53.077274 #304] DEBUG -- : State Score successfully calculated


D, [2018-03-31T11:53:53.077300 #304] DEBUG -- : Scoring new state: {:rating=>34, :state=>{:unknown=>0, :possibly_lighter=>2, :possibly_heavier=>0, :normal=>6}}
D, [2018-03-31T11:53:53.079806 #304] DEBUG -- : returning fully calculated score...
D, [2018-03-31T11:53:53.079870 #304] DEBUG -- : State Score successfully calculated


D, [2018-03-31T11:53:53.079913 #304] DEBUG -- : Scoring new state: {:rating=>34, :state=>{:unknown=>0, :possibly_lighter=>1, :possibly_heavier=>1, :normal=>6}}
D, [2018-03-31T11:53:53.082396 #304] DEBUG -- : returning fully calculated score...
D, [2018-03-31T11:53:53.082459 #304] DEBUG -- : State Score successfully calculated


D, [2018-03-31T11:53:53.082493 #304] DEBUG -- : Scoring new state: {:rating=>37, :state=>{:unknown=>0, :possibly_lighter=>1, :possibly_heavier=>0, :normal=>7}}
D, [2018-03-31T11:53:53.082513 #304] DEBUG -- : State Score successfully calculated


D, [2018-03-31T11:53:53.082546 #304] DEBUG -- : Scoring new state: {:rating=>31, :state=>{:unknown=>0, :possibly_lighter=>2, :possibly_heavier=>1, :normal=>5}}
D, [2018-03-31T11:53:53.085004 #304] DEBUG -- : calculating updated score for older state...
D, [2018-03-31T11:53:53.088487 #304] DEBUG -- : generating weighed rated selections...
D, [2018-03-31T11:53:53.282610 #304] DEBUG -- : scoring weighed rated selections...
D, [2018-03-31T11:53:53.282723 #304] DEBUG -- : Saving scored selections...
D, [2018-03-31T11:53:53.290135 #304] DEBUG -- : State Score successfully calculated


D, [2018-03-31T11:53:53.290228 #304] DEBUG -- : Scoring new state: {:rating=>37, :state=>{:unknown=>0, :possibly_lighter=>1, :possibly_heavier=>0, :normal=>7}}
D, [2018-03-31T11:53:53.290256 #304] DEBUG -- : State Score successfully calculated


D, [2018-03-31T11:53:53.290303 #304] DEBUG -- : Scoring new state: {:rating=>35, :state=>{:unknown=>1, :possibly_lighter=>0, :possibly_heavier=>0, :normal=>7}}
D, [2018-03-31T11:53:53.292851 #304] DEBUG -- : returning fully calculated score...
D, [2018-03-31T11:53:53.292917 #304] DEBUG -- : State Score successfully calculated


D, [2018-03-31T11:53:53.292962 #304] DEBUG -- : Scoring new state: {:rating=>34, :state=>{:unknown=>0, :possibly_lighter=>2, :possibly_heavier=>0, :normal=>6}}
D, [2018-03-31T11:53:53.295550 #304] DEBUG -- : returning fully calculated score...
D, [2018-03-31T11:53:53.295617 #304] DEBUG -- : State Score successfully calculated


D, [2018-03-31T11:53:53.295661 #304] DEBUG -- : Scoring new state: {:rating=>31, :state=>{:unknown=>0, :possibly_lighter=>2, :possibly_heavier=>1, :normal=>5}}
D, [2018-03-31T11:53:53.298136 #304] DEBUG -- : calculating updated score for older state...
D, [2018-03-31T11:53:53.301539 #304] DEBUG -- : generating weighed rated selections...
D, [2018-03-31T11:53:53.302682 #304] DEBUG -- : -------> building selection...
D, [2018-03-31T11:53:53.303597 #304] DEBUG -- : -------> building new state...
D, [2018-03-31T11:53:53.303947 #304] DEBUG -- : -------> building new state...
D, [2018-03-31T11:53:53.304192 #304] DEBUG -- : -------> building selection...
D, [2018-03-31T11:53:53.304571 #304] DEBUG -- : -------> building new state...
D, [2018-03-31T11:53:53.304676 #304] DEBUG -- : -------> building new state...
D, [2018-03-31T11:53:53.304915 #304] DEBUG -- : -------> building selection...
D, [2018-03-31T11:53:53.305269 #304] DEBUG -- : -------> building new state...
D, [2018-03-31T11:53:53.305380 #304] DEBUG -- : -------> building new state...
D, [2018-03-31T11:53:53.305616 #304] DEBUG -- : -------> building selection...
D, [2018-03-31T11:53:53.306029 #304] DEBUG -- : -------> building new state...
D, [2018-03-31T11:53:53.306151 #304] DEBUG -- : -------> building new state...
D, [2018-03-31T11:53:53.306356 #304] DEBUG -- : -------> building selection...
D, [2018-03-31T11:53:53.306737 #304] DEBUG -- : -------> building new state...
D, [2018-03-31T11:53:53.306881 #304] DEBUG -- : -------> building new state...
D, [2018-03-31T11:53:53.307094 #304] DEBUG -- : -------> building selection...
D, [2018-03-31T11:53:53.308141 #304] DEBUG -- : -------> building new state...
D, [2018-03-31T11:53:53.308304 #304] DEBUG -- : -------> building new state...
D, [2018-03-31T11:53:53.308502 #304] DEBUG -- : -------> building selection...
D, [2018-03-31T11:53:53.308829 #304] DEBUG -- : -------> building new state...
D, [2018-03-31T11:53:53.308962 #304] DEBUG -- : -------> building new state...
D, [2018-03-31T11:53:53.309169 #304] DEBUG -- : -------> building selection...
D, [2018-03-31T11:53:53.309491 #304] DEBUG -- : -------> building new state...
D, [2018-03-31T11:53:53.309601 #304] DEBUG -- : -------> building new state...
D, [2018-03-31T11:53:53.309803 #304] DEBUG -- : -------> building selection...
D, [2018-03-31T11:53:53.310157 #304] DEBUG -- : -------> building new state...
D, [2018-03-31T11:53:53.310264 #304] DEBUG -- : -------> building new state...
D, [2018-03-31T11:53:53.310450 #304] DEBUG -- : -------> building selection...
D, [2018-03-31T11:53:53.310825 #304] DEBUG -- : -------> building new state...
D, [2018-03-31T11:53:53.311024 #304] DEBUG -- : -------> building new state...
D, [2018-03-31T11:53:53.311238 #304] DEBUG -- : -------> building selection...
D, [2018-03-31T11:53:53.311619 #304] DEBUG -- : -------> building new state...
D, [2018-03-31T11:53:53.311720 #304] DEBUG -- : -------> building new state...
D, [2018-03-31T11:53:53.311909 #304] DEBUG -- : -------> building selection...
D, [2018-03-31T11:53:53.312233 #304] DEBUG -- : -------> building new state...
D, [2018-03-31T11:53:53.312332 #304] DEBUG -- : -------> building new state...
D, [2018-03-31T11:53:53.312518 #304] DEBUG -- : -------> building selection...
D, [2018-03-31T11:53:53.312865 #304] DEBUG -- : -------> building new state...
D, [2018-03-31T11:53:53.312966 #304] DEBUG -- : -------> building new state...
D, [2018-03-31T11:53:53.313150 #304] DEBUG -- : -------> building selection...
D, [2018-03-31T11:53:53.313474 #304] DEBUG -- : -------> building new state...
D, [2018-03-31T11:53:53.313631 #304] DEBUG -- : -------> building new state...
D, [2018-03-31T11:53:53.313833 #304] DEBUG -- : -------> building selection...
D, [2018-03-31T11:53:53.314150 #304] DEBUG -- : -------> building new state...
D, [2018-03-31T11:53:53.314249 #304] DEBUG -- : -------> building new state...
D, [2018-03-31T11:53:53.314432 #304] DEBUG -- : -------> building selection...
D, [2018-03-31T11:53:53.314824 #304] DEBUG -- : -------> building new state...
D, [2018-03-31T11:53:53.314936 #304] DEBUG -- : -------> building new state...
D, [2018-03-31T11:53:53.315126 #304] DEBUG -- : -------> building selection...
D, [2018-03-31T11:53:53.315449 #304] DEBUG -- : -------> building new state...
D, [2018-03-31T11:53:53.315597 #304] DEBUG -- : -------> building new state...
D, [2018-03-31T11:53:53.315786 #304] DEBUG -- : -------> building selection...
D, [2018-03-31T11:53:53.316107 #304] DEBUG -- : -------> building new state...
D, [2018-03-31T11:53:53.316264 #304] DEBUG -- : -------> building new state...
D, [2018-03-31T11:53:53.318312 #304] DEBUG -- : -------> building selection...
D, [2018-03-31T11:53:53.318768 #304] DEBUG -- : -------> building new state...
D, [2018-03-31T11:53:53.318903 #304] DEBUG -- : -------> building new state...
D, [2018-03-31T11:53:53.319111 #304] DEBUG -- : -------> building selection...
D, [2018-03-31T11:53:53.319510 #304] DEBUG -- : -------> building new state...
D, [2018-03-31T11:53:53.319614 #304] DEBUG -- : -------> building new state...
D, [2018-03-31T11:53:53.319805 #304] DEBUG -- : -------> building selection...
D, [2018-03-31T11:53:53.320226 #304] DEBUG -- : -------> building new state...
D, [2018-03-31T11:53:53.320427 #304] DEBUG -- : -------> building new state...
D, [2018-03-31T11:53:53.320637 #304] DEBUG -- : -------> building selection...
D, [2018-03-31T11:53:53.321015 #304] DEBUG -- : -------> building new state...
D, [2018-03-31T11:53:53.321233 #304] DEBUG -- : -------> building new state...
D, [2018-03-31T11:53:53.321440 #304] DEBUG -- : -------> building selection...
D, [2018-03-31T11:53:53.321831 #304] DEBUG -- : -------> building new state...
D, [2018-03-31T11:53:53.322025 #304] DEBUG -- : -------> building new state...
D, [2018-03-31T11:53:53.322259 #304] DEBUG -- : -------> building selection...
D, [2018-03-31T11:53:53.322618 #304] DEBUG -- : -------> building new state...
D, [2018-03-31T11:53:53.322732 #304] DEBUG -- : -------> building new state...
D, [2018-03-31T11:53:53.322968 #304] DEBUG -- : -------> building selection...
D, [2018-03-31T11:53:53.323342 #304] DEBUG -- : -------> building new state...
D, [2018-03-31T11:53:53.323447 #304] DEBUG -- : -------> building new state...
D, [2018-03-31T11:53:53.323645 #304] DEBUG -- : -------> building selection...
D, [2018-03-31T11:53:53.323971 #304] DEBUG -- : -------> building new state...
D, [2018-03-31T11:53:53.324073 #304] DEBUG -- : -------> building new state...
D, [2018-03-31T11:53:53.324259 #304] DEBUG -- : -------> building selection...
D, [2018-03-31T11:53:53.324616 #304] DEBUG -- : -------> building new state...
D, [2018-03-31T11:53:53.324721 #304] DEBUG -- : -------> building new state...
D, [2018-03-31T11:53:53.324910 #304] DEBUG -- : -------> building selection...
D, [2018-03-31T11:53:53.325228 #304] DEBUG -- : -------> building new state...
D, [2018-03-31T11:53:53.325326 #304] DEBUG -- : -------> building new state...
D, [2018-03-31T11:53:53.325558 #304] DEBUG -- : -------> building selection...
D, [2018-03-31T11:53:53.325880 #304] DEBUG -- : -------> building new state...
D, [2018-03-31T11:53:53.325979 #304] DEBUG -- : -------> building new state...
D, [2018-03-31T11:53:53.326187 #304] DEBUG -- : -------> building selection...
D, [2018-03-31T11:53:53.326633 #304] DEBUG -- : -------> building new state...
D, [2018-03-31T11:53:53.326773 #304] DEBUG -- : -------> building new state...
D, [2018-03-31T11:53:53.326991 #304] DEBUG -- : -------> building selection...
D, [2018-03-31T11:53:53.327337 #304] DEBUG -- : -------> building new state...
D, [2018-03-31T11:53:53.327440 #304] DEBUG -- : -------> building new state...
D, [2018-03-31T11:53:53.327628 #304] DEBUG -- : -------> building selection...
D, [2018-03-31T11:53:53.327983 #304] DEBUG -- : -------> building new state...
D, [2018-03-31T11:53:53.328091 #304] DEBUG -- : -------> building new state...
D, [2018-03-31T11:53:53.328280 #304] DEBUG -- : -------> building selection...
D, [2018-03-31T11:53:53.328630 #304] DEBUG -- : -------> building new state...
D, [2018-03-31T11:53:53.328731 #304] DEBUG -- : -------> building new state...
D, [2018-03-31T11:53:53.328920 #304] DEBUG -- : -------> building selection...
D, [2018-03-31T11:53:53.329276 #304] DEBUG -- : -------> building new state...
D, [2018-03-31T11:53:53.329377 #304] DEBUG -- : -------> building new state...
D, [2018-03-31T11:53:53.329564 #304] DEBUG -- : -------> building selection...
D, [2018-03-31T11:53:53.329882 #304] DEBUG -- : -------> building new state...
D, [2018-03-31T11:53:53.329980 #304] DEBUG -- : -------> building new state...
D, [2018-03-31T11:53:53.330192 #304] DEBUG -- : -------> building selection...
D, [2018-03-31T11:53:53.330549 #304] DEBUG -- : -------> building new state...
D, [2018-03-31T11:53:53.330650 #304] DEBUG -- : -------> building new state...
D, [2018-03-31T11:53:53.330850 #304] DEBUG -- : -------> building selection...
D, [2018-03-31T11:53:53.331182 #304] DEBUG -- : -------> building new state...
D, [2018-03-31T11:53:53.331283 #304] DEBUG -- : -------> building new state...
D, [2018-03-31T11:53:53.331511 #304] DEBUG -- : -------> building selection...
D, [2018-03-31T11:53:53.331834 #304] DEBUG -- : -------> building new state...
D, [2018-03-31T11:53:53.331936 #304] DEBUG -- : -------> building new state...
D, [2018-03-31T11:53:53.332121 #304] DEBUG -- : -------> building selection...
D, [2018-03-31T11:53:53.332442 #304] DEBUG -- : -------> building new state...
D, [2018-03-31T11:53:53.332575 #304] DEBUG -- : -------> building new state...
D, [2018-03-31T11:53:53.332790 #304] DEBUG -- : scoring weighed rated selections...
D, [2018-03-31T11:53:53.332840 #304] DEBUG -- : Saving scored selections...
D, [2018-03-31T11:53:53.339965 #304] DEBUG -- : State Score successfully calculated


D, [2018-03-31T11:53:53.340034 #304] DEBUG -- : Scoring new state: {:rating=>37, :state=>{:unknown=>0, :possibly_lighter=>1, :possibly_heavier=>0, :normal=>7}}
D, [2018-03-31T11:53:53.340059 #304] DEBUG -- : State Score successfully calculated


D, [2018-03-31T11:53:53.340095 #304] DEBUG -- : Scoring new state: {:rating=>37, :state=>{:unknown=>0, :possibly_lighter=>0, :possibly_heavier=>1, :normal=>7}}
D, [2018-03-31T11:53:53.340116 #304] DEBUG -- : State Score successfully calculated


D, [2018-03-31T11:53:53.340150 #304] DEBUG -- : Scoring new state: {:rating=>34, :state=>{:unknown=>0, :possibly_lighter=>2, :possibly_heavier=>0, :normal=>6}}
D, [2018-03-31T11:53:53.342882 #304] DEBUG -- : returning fully calculated score...
D, [2018-03-31T11:53:53.342935 #304] DEBUG -- : State Score successfully calculated


D, [2018-03-31T11:53:53.342969 #304] DEBUG -- : Scoring new state: {:rating=>37, :state=>{:unknown=>0, :possibly_lighter=>1, :possibly_heavier=>0, :normal=>7}}
D, [2018-03-31T11:53:53.342992 #304] DEBUG -- : State Score successfully calculated


D, [2018-03-31T11:53:53.343087 #304] DEBUG -- : Scoring new state: {:rating=>34, :state=>{:unknown=>0, :possibly_lighter=>1, :possibly_heavier=>1, :normal=>6}}
D, [2018-03-31T11:53:53.345676 #304] DEBUG -- : returning fully calculated score...
D, [2018-03-31T11:53:53.345740 #304] DEBUG -- : State Score successfully calculated


D, [2018-03-31T11:53:53.345774 #304] DEBUG -- : Scoring new state: {:rating=>34, :state=>{:unknown=>0, :possibly_lighter=>2, :possibly_heavier=>0, :normal=>6}}
D, [2018-03-31T11:53:53.348317 #304] DEBUG -- : returning fully calculated score...
D, [2018-03-31T11:53:53.348384 #304] DEBUG -- : State Score successfully calculated


D, [2018-03-31T11:53:53.348430 #304] DEBUG -- : Scoring new state: {:rating=>32, :state=>{:unknown=>1, :possibly_lighter=>1, :possibly_heavier=>0, :normal=>6}}
D, [2018-03-31T11:53:53.351062 #304] DEBUG -- : calculating updated score for older state...
D, [2018-03-31T11:53:53.354443 #304] DEBUG -- : generating weighed rated selections...
D, [2018-03-31T11:53:53.355542 #304] DEBUG -- : -------> building selection...
D, [2018-03-31T11:53:53.356486 #304] DEBUG -- : -------> building new state...
D, [2018-03-31T11:53:53.356844 #304] DEBUG -- : -------> building new state...
D, [2018-03-31T11:53:53.357088 #304] DEBUG -- : -------> building selection...
D, [2018-03-31T11:53:53.357427 #304] DEBUG -- : -------> building new state...
D, [2018-03-31T11:53:53.357530 #304] DEBUG -- : -------> building new state...
D, [2018-03-31T11:53:53.357805 #304] DEBUG -- : -------> building selection...
D, [2018-03-31T11:53:53.358137 #304] DEBUG -- : -------> building new state...
D, [2018-03-31T11:53:53.358240 #304] DEBUG -- : -------> building new state...
D, [2018-03-31T11:53:53.358426 #304] DEBUG -- : -------> building selection...
D, [2018-03-31T11:53:53.358749 #304] DEBUG -- : -------> building new state...
D, [2018-03-31T11:53:53.358897 #304] DEBUG -- : -------> building new state...
D, [2018-03-31T11:53:53.359095 #304] DEBUG -- : -------> building selection...
D, [2018-03-31T11:53:53.359421 #304] DEBUG -- : -------> building new state...
D, [2018-03-31T11:53:53.359522 #304] DEBUG -- : -------> building new state...
D, [2018-03-31T11:53:53.359707 #304] DEBUG -- : -------> building selection...
D, [2018-03-31T11:53:53.362102 #304] DEBUG -- : -------> building new state...
D, [2018-03-31T11:53:53.362346 #304] DEBUG -- : -------> building new state...
D, [2018-03-31T11:53:53.362589 #304] DEBUG -- : -------> building selection...
D, [2018-03-31T11:53:53.362962 #304] DEBUG -- : -------> building new state...
D, [2018-03-31T11:53:53.363128 #304] DEBUG -- : -------> building new state...
D, [2018-03-31T11:53:53.363321 #304] DEBUG -- : -------> building selection...
D, [2018-03-31T11:53:53.363646 #304] DEBUG -- : -------> building new state...
D, [2018-03-31T11:53:53.363745 #304] DEBUG -- : -------> building new state...
D, [2018-03-31T11:53:53.363942 #304] DEBUG -- : -------> building selection...
D, [2018-03-31T11:53:53.364303 #304] DEBUG -- : -------> building new state...
D, [2018-03-31T11:53:53.364403 #304] DEBUG -- : -------> building new state...
D, [2018-03-31T11:53:53.364626 #304] DEBUG -- : -------> building selection...
D, [2018-03-31T11:53:53.364984 #304] DEBUG -- : -------> building new state...
D, [2018-03-31T11:53:53.365172 #304] DEBUG -- : -------> building new state...
D, [2018-03-31T11:53:53.365413 #304] DEBUG -- : -------> building selection...
D, [2018-03-31T11:53:53.365802 #304] DEBUG -- : -------> building new state...
D, [2018-03-31T11:53:53.365916 #304] DEBUG -- : -------> building new state...
D, [2018-03-31T11:53:53.366103 #304] DEBUG -- : -------> building selection...
D, [2018-03-31T11:53:53.366433 #304] DEBUG -- : -------> building new state...
D, [2018-03-31T11:53:53.366537 #304] DEBUG -- : -------> building new state...
D, [2018-03-31T11:53:53.366725 #304] DEBUG -- : -------> building selection...
D, [2018-03-31T11:53:53.367100 #304] DEBUG -- : -------> building new state...
D, [2018-03-31T11:53:53.367217 #304] DEBUG -- : -------> building new state...
D, [2018-03-31T11:53:53.367406 #304] DEBUG -- : -------> building selection...
D, [2018-03-31T11:53:53.367728 #304] DEBUG -- : -------> building new state...
D, [2018-03-31T11:53:53.367826 #304] DEBUG -- : -------> building new state...
D, [2018-03-31T11:53:53.368061 #304] DEBUG -- : -------> building selection...
D, [2018-03-31T11:53:53.368384 #304] DEBUG -- : -------> building new state...
D, [2018-03-31T11:53:53.368483 #304] DEBUG -- : -------> building new state...
D, [2018-03-31T11:53:53.368665 #304] DEBUG -- : -------> building selection...
D, [2018-03-31T11:53:53.368983 #304] DEBUG -- : -------> building new state...
D, [2018-03-31T11:53:53.369083 #304] DEBUG -- : -------> building new state...
D, [2018-03-31T11:53:53.369299 #304] DEBUG -- : -------> building selection...
D, [2018-03-31T11:53:53.369618 #304] DEBUG -- : -------> building new state...
D, [2018-03-31T11:53:53.369718 #304] DEBUG -- : -------> building new state...
D, [2018-03-31T11:53:53.369898 #304] DEBUG -- : -------> building selection...
D, [2018-03-31T11:53:53.370267 #304] DEBUG -- : -------> building new state...
D, [2018-03-31T11:53:53.370369 #304] DEBUG -- : -------> building new state...
D, [2018-03-31T11:53:53.370552 #304] DEBUG -- : -------> building selection...
D, [2018-03-31T11:53:53.370897 #304] DEBUG -- : -------> building new state...
D, [2018-03-31T11:53:53.371013 #304] DEBUG -- : -------> building new state...
D, [2018-03-31T11:53:53.371200 #304] DEBUG -- : -------> building selection...
D, [2018-03-31T11:53:53.371556 #304] DEBUG -- : -------> building new state...
D, [2018-03-31T11:53:53.371656 #304] DEBUG -- : -------> building new state...
D, [2018-03-31T11:53:53.371847 #304] DEBUG -- : -------> building selection...
D, [2018-03-31T11:53:53.372168 #304] DEBUG -- : -------> building new state...
D, [2018-03-31T11:53:53.372268 #304] DEBUG -- : -------> building new state...
D, [2018-03-31T11:53:53.372476 #304] DEBUG -- : -------> building selection...
D, [2018-03-31T11:53:53.372805 #304] DEBUG -- : -------> building new state...
D, [2018-03-31T11:53:53.372903 #304] DEBUG -- : -------> building new state...
D, [2018-03-31T11:53:53.373086 #304] DEBUG -- : -------> building selection...
D, [2018-03-31T11:53:53.373442 #304] DEBUG -- : -------> building new state...
D, [2018-03-31T11:53:53.373542 #304] DEBUG -- : -------> building new state...
D, [2018-03-31T11:53:53.373724 #304] DEBUG -- : -------> building selection...
D, [2018-03-31T11:53:53.374040 #304] DEBUG -- : -------> building new state...
D, [2018-03-31T11:53:53.374140 #304] DEBUG -- : -------> building new state...
D, [2018-03-31T11:53:53.374322 #304] DEBUG -- : -------> building selection...
D, [2018-03-31T11:53:53.374668 #304] DEBUG -- : -------> building new state...
D, [2018-03-31T11:53:53.374796 #304] DEBUG -- : -------> building new state...
D, [2018-03-31T11:53:53.375027 #304] DEBUG -- : -------> building selection...
D, [2018-03-31T11:53:53.375350 #304] DEBUG -- : -------> building new state...
D, [2018-03-31T11:53:53.375474 #304] DEBUG -- : -------> building new state...
D, [2018-03-31T11:53:53.375676 #304] DEBUG -- : scoring weighed rated selections...
D, [2018-03-31T11:53:53.375721 #304] DEBUG -- : Saving scored selections...
D, [2018-03-31T11:53:53.382346 #304] DEBUG -- : State Score successfully calculated


D, [2018-03-31T11:53:53.382415 #304] DEBUG -- : Scoring new state: {:rating=>37, :state=>{:unknown=>0, :possibly_lighter=>1, :possibly_heavier=>0, :normal=>7}}
D, [2018-03-31T11:53:53.382441 #304] DEBUG -- : State Score successfully calculated


D, [2018-03-31T11:53:53.382488 #304] DEBUG -- : Scoring new state: {:rating=>37, :state=>{:unknown=>0, :possibly_lighter=>0, :possibly_heavier=>1, :normal=>7}}
D, [2018-03-31T11:53:53.382510 #304] DEBUG -- : State Score successfully calculated


D, [2018-03-31T11:53:53.382535 #304] DEBUG -- : Scoring new state: {:rating=>37, :state=>{:unknown=>0, :possibly_lighter=>1, :possibly_heavier=>0, :normal=>7}}
D, [2018-03-31T11:53:53.382555 #304] DEBUG -- : State Score successfully calculated


D, [2018-03-31T11:53:53.382580 #304] DEBUG -- : Scoring new state: {:rating=>34, :state=>{:unknown=>0, :possibly_lighter=>2, :possibly_heavier=>0, :normal=>6}}
D, [2018-03-31T11:53:53.385879 #304] DEBUG -- : returning fully calculated score...
D, [2018-03-31T11:53:53.385938 #304] DEBUG -- : State Score successfully calculated


D, [2018-03-31T11:53:53.385979 #304] DEBUG -- : Scoring new state: {:rating=>35, :state=>{:unknown=>1, :possibly_lighter=>0, :possibly_heavier=>0, :normal=>7}}
D, [2018-03-31T11:53:53.388555 #304] DEBUG -- : returning fully calculated score...
D, [2018-03-31T11:53:53.388617 #304] DEBUG -- : State Score successfully calculated


D, [2018-03-31T11:53:53.388653 #304] DEBUG -- : Scoring new state: {:rating=>34, :state=>{:unknown=>0, :possibly_lighter=>2, :possibly_heavier=>0, :normal=>6}}
D, [2018-03-31T11:53:53.391126 #304] DEBUG -- : returning fully calculated score...
D, [2018-03-31T11:53:53.391183 #304] DEBUG -- : State Score successfully calculated


D, [2018-03-31T11:53:53.391227 #304] DEBUG -- : Scoring new state: {:rating=>37, :state=>{:unknown=>0, :possibly_lighter=>0, :possibly_heavier=>1, :normal=>7}}
D, [2018-03-31T11:53:53.391251 #304] DEBUG -- : State Score successfully calculated


D, [2018-03-31T11:53:53.391278 #304] DEBUG -- : Scoring new state: {:rating=>34, :state=>{:unknown=>0, :possibly_lighter=>2, :possibly_heavier=>0, :normal=>6}}
D, [2018-03-31T11:53:53.393830 #304] DEBUG -- : returning fully calculated score...
D, [2018-03-31T11:53:53.393893 #304] DEBUG -- : State Score successfully calculated


D, [2018-03-31T11:53:53.393925 #304] DEBUG -- : Scoring new state: {:rating=>37, :state=>{:unknown=>0, :possibly_lighter=>1, :possibly_heavier=>0, :normal=>7}}
D, [2018-03-31T11:53:53.393947 #304] DEBUG -- : State Score successfully calculated


D, [2018-03-31T11:53:53.393982 #304] DEBUG -- : Scoring new state: {:rating=>37, :state=>{:unknown=>0, :possibly_lighter=>0, :possibly_heavier=>1, :normal=>7}}
D, [2018-03-31T11:53:53.394003 #304] DEBUG -- : State Score successfully calculated


D, [2018-03-31T11:53:53.394028 #304] DEBUG -- : Scoring new state: {:rating=>31, :state=>{:unknown=>0, :possibly_lighter=>3, :possibly_heavier=>0, :normal=>5}}
D, [2018-03-31T11:53:53.396547 #304] DEBUG -- : calculating updated score for older state...
D, [2018-03-31T11:53:53.400057 #304] DEBUG -- : generating weighed rated selections...
D, [2018-03-31T11:53:53.490300 #304] DEBUG -- : scoring weighed rated selections...
D, [2018-03-31T11:53:53.490398 #304] DEBUG -- : Saving scored selections...
D, [2018-03-31T11:53:53.495657 #304] DEBUG -- : State Score successfully calculated


D, [2018-03-31T11:53:53.495759 #304] DEBUG -- : Scoring new state: {:rating=>32, :state=>{:unknown=>1, :possibly_lighter=>1, :possibly_heavier=>0, :normal=>6}}
D, [2018-03-31T11:53:53.498309 #304] DEBUG -- : calculating updated score for older state...
D, [2018-03-31T11:53:53.501877 #304] DEBUG -- : generating weighed rated selections...
D, [2018-03-31T11:53:53.503002 #304] DEBUG -- : -------> building selection...
D, [2018-03-31T11:53:53.504045 #304] DEBUG -- : -------> building new state...
D, [2018-03-31T11:53:53.504392 #304] DEBUG -- : -------> building new state...
D, [2018-03-31T11:53:53.504645 #304] DEBUG -- : -------> building selection...
D, [2018-03-31T11:53:53.505063 #304] DEBUG -- : -------> building new state...
D, [2018-03-31T11:53:53.505220 #304] DEBUG -- : -------> building new state...
D, [2018-03-31T11:53:53.505439 #304] DEBUG -- : -------> building selection...
D, [2018-03-31T11:53:53.505799 #304] DEBUG -- : -------> building new state...
D, [2018-03-31T11:53:53.505933 #304] DEBUG -- : -------> building new state...
D, [2018-03-31T11:53:53.506249 #304] DEBUG -- : -------> building selection...
D, [2018-03-31T11:53:53.506603 #304] DEBUG -- : -------> building new state...
D, [2018-03-31T11:53:53.506813 #304] DEBUG -- : -------> building new state...
D, [2018-03-31T11:53:53.507039 #304] DEBUG -- : -------> building selection...
D, [2018-03-31T11:53:53.509349 #304] DEBUG -- : -------> building new state...
D, [2018-03-31T11:53:53.509562 #304] DEBUG -- : -------> building new state...
D, [2018-03-31T11:53:53.509773 #304] DEBUG -- : -------> building selection...
D, [2018-03-31T11:53:53.510112 #304] DEBUG -- : -------> building new state...
D, [2018-03-31T11:53:53.510214 #304] DEBUG -- : -------> building new state...
D, [2018-03-31T11:53:53.510493 #304] DEBUG -- : -------> building selection...
D, [2018-03-31T11:53:53.510941 #304] DEBUG -- : -------> building new state...
D, [2018-03-31T11:53:53.511061 #304] DEBUG -- : -------> building new state...
D, [2018-03-31T11:53:53.511264 #304] DEBUG -- : -------> building selection...
D, [2018-03-31T11:53:53.511592 #304] DEBUG -- : -------> building new state...
D, [2018-03-31T11:53:53.511756 #304] DEBUG -- : -------> building new state...
D, [2018-03-31T11:53:53.511963 #304] DEBUG -- : -------> building selection...
D, [2018-03-31T11:53:53.512351 #304] DEBUG -- : -------> building new state...
D, [2018-03-31T11:53:53.512452 #304] DEBUG -- : -------> building new state...
D, [2018-03-31T11:53:53.512647 #304] DEBUG -- : -------> building selection...
D, [2018-03-31T11:53:53.512987 #304] DEBUG -- : -------> building new state...
D, [2018-03-31T11:53:53.513087 #304] DEBUG -- : -------> building new state...
D, [2018-03-31T11:53:53.513279 #304] DEBUG -- : -------> building selection...
D, [2018-03-31T11:53:53.513607 #304] DEBUG -- : -------> building new state...
D, [2018-03-31T11:53:53.513705 #304] DEBUG -- : -------> building new state...
D, [2018-03-31T11:53:53.513891 #304] DEBUG -- : -------> building selection...
D, [2018-03-31T11:53:53.514245 #304] DEBUG -- : -------> building new state...
D, [2018-03-31T11:53:53.514343 #304] DEBUG -- : -------> building new state...
D, [2018-03-31T11:53:53.514529 #304] DEBUG -- : -------> building selection...
D, [2018-03-31T11:53:53.514902 #304] DEBUG -- : -------> building new state...
D, [2018-03-31T11:53:53.515111 #304] DEBUG -- : -------> building new state...
D, [2018-03-31T11:53:53.515326 #304] DEBUG -- : -------> building selection...
D, [2018-03-31T11:53:53.515752 #304] DEBUG -- : -------> building new state...
D, [2018-03-31T11:53:53.515941 #304] DEBUG -- : -------> building new state...
D, [2018-03-31T11:53:53.516150 #304] DEBUG -- : -------> building selection...
D, [2018-03-31T11:53:53.516493 #304] DEBUG -- : -------> building new state...
D, [2018-03-31T11:53:53.516596 #304] DEBUG -- : -------> building new state...
D, [2018-03-31T11:53:53.516786 #304] DEBUG -- : -------> building selection...
D, [2018-03-31T11:53:53.517156 #304] DEBUG -- : -------> building new state...
D, [2018-03-31T11:53:53.517260 #304] DEBUG -- : -------> building new state...
D, [2018-03-31T11:53:53.517446 #304] DEBUG -- : -------> building selection...
D, [2018-03-31T11:53:53.517769 #304] DEBUG -- : -------> building new state...
D, [2018-03-31T11:53:53.517868 #304] DEBUG -- : -------> building new state...
D, [2018-03-31T11:53:53.518055 #304] DEBUG -- : -------> building selection...
D, [2018-03-31T11:53:53.518418 #304] DEBUG -- : -------> building new state...
D, [2018-03-31T11:53:53.518517 #304] DEBUG -- : -------> building new state...
D, [2018-03-31T11:53:53.518705 #304] DEBUG -- : -------> building selection...
D, [2018-03-31T11:53:53.519072 #304] DEBUG -- : -------> building new state...
D, [2018-03-31T11:53:53.519175 #304] DEBUG -- : -------> building new state...
D, [2018-03-31T11:53:53.519364 #304] DEBUG -- : -------> building selection...
D, [2018-03-31T11:53:53.519756 #304] DEBUG -- : -------> building new state...
D, [2018-03-31T11:53:53.519956 #304] DEBUG -- : -------> building new state...
D, [2018-03-31T11:53:53.520176 #304] DEBUG -- : -------> building selection...
D, [2018-03-31T11:53:53.520552 #304] DEBUG -- : -------> building new state...
D, [2018-03-31T11:53:53.520769 #304] DEBUG -- : -------> building new state...
D, [2018-03-31T11:53:53.520975 #304] DEBUG -- : -------> building selection...
D, [2018-03-31T11:53:53.521323 #304] DEBUG -- : -------> building new state...
D, [2018-03-31T11:53:53.521443 #304] DEBUG -- : -------> building new state...
D, [2018-03-31T11:53:53.521734 #304] DEBUG -- : -------> building selection...
D, [2018-03-31T11:53:53.522184 #304] DEBUG -- : -------> building new state...
D, [2018-03-31T11:53:53.522311 #304] DEBUG -- : -------> building new state...
D, [2018-03-31T11:53:53.522508 #304] DEBUG -- : -------> building selection...
D, [2018-03-31T11:53:53.522857 #304] DEBUG -- : -------> building new state...
D, [2018-03-31T11:53:53.522981 #304] DEBUG -- : -------> building new state...
D, [2018-03-31T11:53:53.523169 #304] DEBUG -- : -------> building selection...
D, [2018-03-31T11:53:53.523520 #304] DEBUG -- : -------> building new state...
D, [2018-03-31T11:53:53.523622 #304] DEBUG -- : -------> building new state...
D, [2018-03-31T11:53:53.523809 #304] DEBUG -- : -------> building selection...
D, [2018-03-31T11:53:53.524152 #304] DEBUG -- : -------> building new state...
D, [2018-03-31T11:53:53.524256 #304] DEBUG -- : -------> building new state...
D, [2018-03-31T11:53:53.524465 #304] DEBUG -- : scoring weighed rated selections...
D, [2018-03-31T11:53:53.524510 #304] DEBUG -- : Saving scored selections...
D, [2018-03-31T11:53:53.531046 #304] DEBUG -- : State Score successfully calculated


D, [2018-03-31T11:53:53.531109 #304] DEBUG -- : Scoring new state: {:rating=>37, :state=>{:unknown=>0, :possibly_lighter=>1, :possibly_heavier=>0, :normal=>7}}
D, [2018-03-31T11:53:53.531133 #304] DEBUG -- : State Score successfully calculated


D, [2018-03-31T11:53:53.531188 #304] DEBUG -- : Scoring new state: {:rating=>35, :state=>{:unknown=>1, :possibly_lighter=>0, :possibly_heavier=>0, :normal=>7}}
D, [2018-03-31T11:53:53.533897 #304] DEBUG -- : returning fully calculated score...
D, [2018-03-31T11:53:53.533952 #304] DEBUG -- : State Score successfully calculated


D, [2018-03-31T11:53:53.533987 #304] DEBUG -- : Scoring new state: {:rating=>37, :state=>{:unknown=>0, :possibly_lighter=>1, :possibly_heavier=>0, :normal=>7}}
D, [2018-03-31T11:53:53.534010 #304] DEBUG -- : State Score successfully calculated


D, [2018-03-31T11:53:53.534046 #304] DEBUG -- : Scoring new state: {:rating=>34, :state=>{:unknown=>0, :possibly_lighter=>1, :possibly_heavier=>1, :normal=>6}}
D, [2018-03-31T11:53:53.536709 #304] DEBUG -- : returning fully calculated score...
D, [2018-03-31T11:53:53.536772 #304] DEBUG -- : State Score successfully calculated


D, [2018-03-31T11:53:53.536810 #304] DEBUG -- : Scoring new state: {:rating=>37, :state=>{:unknown=>0, :possibly_lighter=>1, :possibly_heavier=>0, :normal=>7}}
D, [2018-03-31T11:53:53.536831 #304] DEBUG -- : State Score successfully calculated


D, [2018-03-31T11:53:53.536878 #304] DEBUG -- : Scoring new state: {:rating=>34, :state=>{:unknown=>0, :possibly_lighter=>1, :possibly_heavier=>1, :normal=>6}}
D, [2018-03-31T11:53:53.539416 #304] DEBUG -- : returning fully calculated score...
D, [2018-03-31T11:53:53.539502 #304] DEBUG -- : State Score successfully calculated


D, [2018-03-31T11:53:53.539537 #304] DEBUG -- : Scoring new state: {:rating=>34, :state=>{:unknown=>0, :possibly_lighter=>2, :possibly_heavier=>0, :normal=>6}}
D, [2018-03-31T11:53:53.541966 #304] DEBUG -- : returning fully calculated score...
D, [2018-03-31T11:53:53.542028 #304] DEBUG -- : State Score successfully calculated


D, [2018-03-31T11:53:53.542072 #304] DEBUG -- : Scoring new state: {:rating=>37, :state=>{:unknown=>0, :possibly_lighter=>0, :possibly_heavier=>1, :normal=>7}}
D, [2018-03-31T11:53:53.542095 #304] DEBUG -- : State Score successfully calculated


D, [2018-03-31T11:53:53.542141 #304] DEBUG -- : Scoring new state: {:rating=>37, :state=>{:unknown=>0, :possibly_lighter=>1, :possibly_heavier=>0, :normal=>7}}
D, [2018-03-31T11:53:53.542173 #304] DEBUG -- : State Score successfully calculated


D, [2018-03-31T11:53:53.542198 #304] DEBUG -- : Scoring new state: {:rating=>34, :state=>{:unknown=>0, :possibly_lighter=>2, :possibly_heavier=>0, :normal=>6}}
D, [2018-03-31T11:53:53.544663 #304] DEBUG -- : returning fully calculated score...
D, [2018-03-31T11:53:53.544727 #304] DEBUG -- : State Score successfully calculated


D, [2018-03-31T11:53:53.544773 #304] DEBUG -- : Scoring new state: {:rating=>34, :state=>{:unknown=>0, :possibly_lighter=>1, :possibly_heavier=>1, :normal=>6}}
D, [2018-03-31T11:53:53.547271 #304] DEBUG -- : returning fully calculated score...
D, [2018-03-31T11:53:53.547335 #304] DEBUG -- : State Score successfully calculated


D, [2018-03-31T11:53:53.547370 #304] DEBUG -- : Scoring new state: {:rating=>37, :state=>{:unknown=>0, :possibly_lighter=>1, :possibly_heavier=>0, :normal=>7}}
D, [2018-03-31T11:53:53.547393 #304] DEBUG -- : State Score successfully calculated


D, [2018-03-31T11:53:53.547429 #304] DEBUG -- : Scoring new state: {:rating=>31, :state=>{:unknown=>0, :possibly_lighter=>2, :possibly_heavier=>1, :normal=>5}}
D, [2018-03-31T11:53:53.549858 #304] DEBUG -- : calculating updated score for older state...
D, [2018-03-31T11:53:53.553299 #304] DEBUG -- : generating weighed rated selections...
D, [2018-03-31T11:53:53.554410 #304] DEBUG -- : -------> building selection...
D, [2018-03-31T11:53:53.555295 #304] DEBUG -- : -------> building new state...
D, [2018-03-31T11:53:53.555681 #304] DEBUG -- : -------> building new state...
D, [2018-03-31T11:53:53.555914 #304] DEBUG -- : -------> building selection...
D, [2018-03-31T11:53:53.556290 #304] DEBUG -- : -------> building new state...
D, [2018-03-31T11:53:53.556398 #304] DEBUG -- : -------> building new state...
D, [2018-03-31T11:53:53.556593 #304] DEBUG -- : -------> building selection...
D, [2018-03-31T11:53:53.556935 #304] DEBUG -- : -------> building new state...
D, [2018-03-31T11:53:53.557034 #304] DEBUG -- : -------> building new state...
D, [2018-03-31T11:53:53.557269 #304] DEBUG -- : -------> building selection...
D, [2018-03-31T11:53:53.557641 #304] DEBUG -- : -------> building new state...
D, [2018-03-31T11:53:53.557780 #304] DEBUG -- : -------> building new state...
D, [2018-03-31T11:53:53.557985 #304] DEBUG -- : -------> building selection...
D, [2018-03-31T11:53:53.558330 #304] DEBUG -- : -------> building new state...
D, [2018-03-31T11:53:53.558460 #304] DEBUG -- : -------> building new state...
D, [2018-03-31T11:53:53.558663 #304] DEBUG -- : -------> building selection...
D, [2018-03-31T11:53:53.559056 #304] DEBUG -- : -------> building new state...
D, [2018-03-31T11:53:53.559175 #304] DEBUG -- : -------> building new state...
D, [2018-03-31T11:53:53.559377 #304] DEBUG -- : -------> building selection...
D, [2018-03-31T11:53:53.559742 #304] DEBUG -- : -------> building new state...
D, [2018-03-31T11:53:53.559852 #304] DEBUG -- : -------> building new state...
D, [2018-03-31T11:53:53.560051 #304] DEBUG -- : -------> building selection...
D, [2018-03-31T11:53:53.560415 #304] DEBUG -- : -------> building new state...
D, [2018-03-31T11:53:53.560533 #304] DEBUG -- : -------> building new state...
D, [2018-03-31T11:53:53.560751 #304] DEBUG -- : -------> building selection...
D, [2018-03-31T11:53:53.561126 #304] DEBUG -- : -------> building new state...
D, [2018-03-31T11:53:53.561240 #304] DEBUG -- : -------> building new state...
D, [2018-03-31T11:53:53.561440 #304] DEBUG -- : -------> building selection...
D, [2018-03-31T11:53:53.561796 #304] DEBUG -- : -------> building new state...
D, [2018-03-31T11:53:53.561915 #304] DEBUG -- : -------> building new state...
D, [2018-03-31T11:53:53.562120 #304] DEBUG -- : -------> building selection...
D, [2018-03-31T11:53:53.562482 #304] DEBUG -- : -------> building new state...
D, [2018-03-31T11:53:53.562595 #304] DEBUG -- : -------> building new state...
D, [2018-03-31T11:53:53.562798 #304] DEBUG -- : -------> building selection...
D, [2018-03-31T11:53:53.563182 #304] DEBUG -- : -------> building new state...
D, [2018-03-31T11:53:53.563284 #304] DEBUG -- : -------> building new state...
D, [2018-03-31T11:53:53.563507 #304] DEBUG -- : -------> building selection...
D, [2018-03-31T11:53:53.563839 #304] DEBUG -- : -------> building new state...
D, [2018-03-31T11:53:53.563943 #304] DEBUG -- : -------> building new state...
D, [2018-03-31T11:53:53.564138 #304] DEBUG -- : -------> building selection...
D, [2018-03-31T11:53:53.564485 #304] DEBUG -- : -------> building new state...
D, [2018-03-31T11:53:53.564584 #304] DEBUG -- : -------> building new state...
D, [2018-03-31T11:53:53.564785 #304] DEBUG -- : -------> building selection...
D, [2018-03-31T11:53:53.565140 #304] DEBUG -- : -------> building new state...
D, [2018-03-31T11:53:53.565244 #304] DEBUG -- : -------> building new state...
D, [2018-03-31T11:53:53.565432 #304] DEBUG -- : -------> building selection...
D, [2018-03-31T11:53:53.565819 #304] DEBUG -- : -------> building new state...
D, [2018-03-31T11:53:53.566033 #304] DEBUG -- : -------> building new state...
D, [2018-03-31T11:53:53.566249 #304] DEBUG -- : -------> building selection...
D, [2018-03-31T11:53:53.566603 #304] DEBUG -- : -------> building new state...
D, [2018-03-31T11:53:53.566712 #304] DEBUG -- : -------> building new state...
D, [2018-03-31T11:53:53.566916 #304] DEBUG -- : -------> building selection...
D, [2018-03-31T11:53:53.567263 #304] DEBUG -- : -------> building new state...
D, [2018-03-31T11:53:53.567373 #304] DEBUG -- : -------> building new state...
D, [2018-03-31T11:53:53.567562 #304] DEBUG -- : -------> building selection...
D, [2018-03-31T11:53:53.567907 #304] DEBUG -- : -------> building new state...
D, [2018-03-31T11:53:53.568010 #304] DEBUG -- : -------> building new state...
D, [2018-03-31T11:53:53.568200 #304] DEBUG -- : -------> building selection...
D, [2018-03-31T11:53:53.568541 #304] DEBUG -- : -------> building new state...
D, [2018-03-31T11:53:53.568639 #304] DEBUG -- : -------> building new state...
D, [2018-03-31T11:53:53.568851 #304] DEBUG -- : -------> building selection...
D, [2018-03-31T11:53:53.569176 #304] DEBUG -- : -------> building new state...
D, [2018-03-31T11:53:53.569283 #304] DEBUG -- : -------> building new state...
D, [2018-03-31T11:53:53.569492 #304] DEBUG -- : -------> building selection...
D, [2018-03-31T11:53:53.569823 #304] DEBUG -- : -------> building new state...
D, [2018-03-31T11:53:53.569924 #304] DEBUG -- : -------> building new state...
D, [2018-03-31T11:53:53.570124 #304] DEBUG -- : -------> building selection...
D, [2018-03-31T11:53:53.570497 #304] DEBUG -- : -------> building new state...
D, [2018-03-31T11:53:53.570599 #304] DEBUG -- : -------> building new state...
D, [2018-03-31T11:53:53.570830 #304] DEBUG -- : -------> building selection...
D, [2018-03-31T11:53:53.571180 #304] DEBUG -- : -------> building new state...
D, [2018-03-31T11:53:53.571299 #304] DEBUG -- : -------> building new state...
D, [2018-03-31T11:53:53.571511 #304] DEBUG -- : -------> building selection...
D, [2018-03-31T11:53:53.571875 #304] DEBUG -- : -------> building new state...
D, [2018-03-31T11:53:53.571979 #304] DEBUG -- : -------> building new state...
D, [2018-03-31T11:53:53.572181 #304] DEBUG -- : -------> building selection...
D, [2018-03-31T11:53:53.572537 #304] DEBUG -- : -------> building new state...
D, [2018-03-31T11:53:53.572640 #304] DEBUG -- : -------> building new state...
D, [2018-03-31T11:53:53.572850 #304] DEBUG -- : -------> building selection...
D, [2018-03-31T11:53:53.573203 #304] DEBUG -- : -------> building new state...
D, [2018-03-31T11:53:53.573315 #304] DEBUG -- : -------> building new state...
D, [2018-03-31T11:53:53.573523 #304] DEBUG -- : -------> building selection...
D, [2018-03-31T11:53:53.573873 #304] DEBUG -- : -------> building new state...
D, [2018-03-31T11:53:53.574001 #304] DEBUG -- : -------> building new state...
D, [2018-03-31T11:53:53.574196 #304] DEBUG -- : -------> building selection...
D, [2018-03-31T11:53:53.574542 #304] DEBUG -- : -------> building new state...
D, [2018-03-31T11:53:53.574686 #304] DEBUG -- : -------> building new state...
D, [2018-03-31T11:53:53.574975 #304] DEBUG -- : -------> building selection...
D, [2018-03-31T11:53:53.575439 #304] DEBUG -- : -------> building new state...
D, [2018-03-31T11:53:53.575549 #304] DEBUG -- : -------> building new state...
D, [2018-03-31T11:53:53.575766 #304] DEBUG -- : -------> building selection...
D, [2018-03-31T11:53:53.576137 #304] DEBUG -- : -------> building new state...
D, [2018-03-31T11:53:53.576252 #304] DEBUG -- : -------> building new state...
D, [2018-03-31T11:53:53.576458 #304] DEBUG -- : -------> building selection...
D, [2018-03-31T11:53:53.576824 #304] DEBUG -- : -------> building new state...
D, [2018-03-31T11:53:53.576944 #304] DEBUG -- : -------> building new state...
D, [2018-03-31T11:53:53.577138 #304] DEBUG -- : -------> building selection...
D, [2018-03-31T11:53:53.577514 #304] DEBUG -- : -------> building new state...
D, [2018-03-31T11:53:53.577616 #304] DEBUG -- : -------> building new state...
D, [2018-03-31T11:53:53.577827 #304] DEBUG -- : -------> building selection...
D, [2018-03-31T11:53:53.578192 #304] DEBUG -- : -------> building new state...
D, [2018-03-31T11:53:53.578298 #304] DEBUG -- : -------> building new state...
D, [2018-03-31T11:53:53.578514 #304] DEBUG -- : -------> building selection...
D, [2018-03-31T11:53:53.578888 #304] DEBUG -- : -------> building new state...
D, [2018-03-31T11:53:53.578999 #304] DEBUG -- : -------> building new state...
D, [2018-03-31T11:53:53.579207 #304] DEBUG -- : -------> building selection...
D, [2018-03-31T11:53:53.579549 #304] DEBUG -- : -------> building new state...
D, [2018-03-31T11:53:53.579662 #304] DEBUG -- : -------> building new state...
D, [2018-03-31T11:53:53.579860 #304] DEBUG -- : -------> building selection...
D, [2018-03-31T11:53:53.580218 #304] DEBUG -- : -------> building new state...
D, [2018-03-31T11:53:53.580330 #304] DEBUG -- : -------> building new state...
D, [2018-03-31T11:53:53.580537 #304] DEBUG -- : -------> building selection...
D, [2018-03-31T11:53:53.580889 #304] DEBUG -- : -------> building new state...
D, [2018-03-31T11:53:53.580991 #304] DEBUG -- : -------> building new state...
D, [2018-03-31T11:53:53.581187 #304] DEBUG -- : -------> building selection...
D, [2018-03-31T11:53:53.581534 #304] DEBUG -- : -------> building new state...
D, [2018-03-31T11:53:53.581636 #304] DEBUG -- : -------> building new state...
D, [2018-03-31T11:53:53.581836 #304] DEBUG -- : scoring weighed rated selections...
D, [2018-03-31T11:53:53.581889 #304] DEBUG -- : Saving scored selections...
D, [2018-03-31T11:53:53.589341 #304] DEBUG -- : State Score successfully calculated


D, [2018-03-31T11:53:53.589408 #304] DEBUG -- : Scoring new state: {:rating=>37, :state=>{:unknown=>0, :possibly_lighter=>1, :possibly_heavier=>0, :normal=>7}}
D, [2018-03-31T11:53:53.589434 #304] DEBUG -- : State Score successfully calculated


D, [2018-03-31T11:53:53.589479 #304] DEBUG -- : Scoring new state: {:rating=>35, :state=>{:unknown=>1, :possibly_lighter=>0, :possibly_heavier=>0, :normal=>7}}
D, [2018-03-31T11:53:53.592333 #304] DEBUG -- : returning fully calculated score...
D, [2018-03-31T11:53:53.592393 #304] DEBUG -- : State Score successfully calculated


D, [2018-03-31T11:53:53.592433 #304] DEBUG -- : Scoring new state: {:rating=>34, :state=>{:unknown=>0, :possibly_lighter=>2, :possibly_heavier=>0, :normal=>6}}
D, [2018-03-31T11:53:53.595334 #304] DEBUG -- : returning fully calculated score...
D, [2018-03-31T11:53:53.595401 #304] DEBUG -- : State Score successfully calculated


D, [2018-03-31T11:53:53.595456 #304] DEBUG -- : Scoring new state: {:rating=>31, :state=>{:unknown=>0, :possibly_lighter=>2, :possibly_heavier=>1, :normal=>5}}
D, [2018-03-31T11:53:53.598059 #304] DEBUG -- : calculating updated score for older state...
D, [2018-03-31T11:53:53.601506 #304] DEBUG -- : generating weighed rated selections...
D, [2018-03-31T11:53:53.602648 #304] DEBUG -- : -------> building selection...
D, [2018-03-31T11:53:53.604271 #304] DEBUG -- : -------> building new state...
D, [2018-03-31T11:53:53.604646 #304] DEBUG -- : -------> building new state...
D, [2018-03-31T11:53:53.604920 #304] DEBUG -- : -------> building selection...
D, [2018-03-31T11:53:53.605320 #304] DEBUG -- : -------> building new state...
D, [2018-03-31T11:53:53.605426 #304] DEBUG -- : -------> building new state...
D, [2018-03-31T11:53:53.605617 #304] DEBUG -- : -------> building selection...
D, [2018-03-31T11:53:53.605969 #304] DEBUG -- : -------> building new state...
D, [2018-03-31T11:53:53.606071 #304] DEBUG -- : -------> building new state...
D, [2018-03-31T11:53:53.606262 #304] DEBUG -- : -------> building selection...
D, [2018-03-31T11:53:53.606647 #304] DEBUG -- : -------> building new state...
D, [2018-03-31T11:53:53.606751 #304] DEBUG -- : -------> building new state...
D, [2018-03-31T11:53:53.606953 #304] DEBUG -- : -------> building selection...
D, [2018-03-31T11:53:53.607286 #304] DEBUG -- : -------> building new state...
D, [2018-03-31T11:53:53.607393 #304] DEBUG -- : -------> building new state...
D, [2018-03-31T11:53:53.607581 #304] DEBUG -- : -------> building selection...
D, [2018-03-31T11:53:53.607950 #304] DEBUG -- : -------> building new state...
D, [2018-03-31T11:53:53.608053 #304] DEBUG -- : -------> building new state...
D, [2018-03-31T11:53:53.608240 #304] DEBUG -- : -------> building selection...
D, [2018-03-31T11:53:53.608562 #304] DEBUG -- : -------> building new state...
D, [2018-03-31T11:53:53.608662 #304] DEBUG -- : -------> building new state...
D, [2018-03-31T11:53:53.608879 #304] DEBUG -- : -------> building selection...
D, [2018-03-31T11:53:53.609279 #304] DEBUG -- : -------> building new state...
D, [2018-03-31T11:53:53.609393 #304] DEBUG -- : -------> building new state...
D, [2018-03-31T11:53:53.609599 #304] DEBUG -- : -------> building selection...
D, [2018-03-31T11:53:53.610036 #304] DEBUG -- : -------> building new state...
D, [2018-03-31T11:53:53.610175 #304] DEBUG -- : -------> building new state...
D, [2018-03-31T11:53:53.610456 #304] DEBUG -- : -------> building selection...
D, [2018-03-31T11:53:53.610818 #304] DEBUG -- : -------> building new state...
D, [2018-03-31T11:53:53.610928 #304] DEBUG -- : -------> building new state...
D, [2018-03-31T11:53:53.611156 #304] DEBUG -- : -------> building selection...
D, [2018-03-31T11:53:53.611503 #304] DEBUG -- : -------> building new state...
D, [2018-03-31T11:53:53.611604 #304] DEBUG -- : -------> building new state...
D, [2018-03-31T11:53:53.611795 #304] DEBUG -- : -------> building selection...
D, [2018-03-31T11:53:53.612159 #304] DEBUG -- : -------> building new state...
D, [2018-03-31T11:53:53.612267 #304] DEBUG -- : -------> building new state...
D, [2018-03-31T11:53:53.612454 #304] DEBUG -- : -------> building selection...
D, [2018-03-31T11:53:53.612775 #304] DEBUG -- : -------> building new state...
D, [2018-03-31T11:53:53.612913 #304] DEBUG -- : -------> building new state...
D, [2018-03-31T11:53:53.613101 #304] DEBUG -- : -------> building selection...
D, [2018-03-31T11:53:53.613419 #304] DEBUG -- : -------> building new state...
D, [2018-03-31T11:53:53.613517 #304] DEBUG -- : -------> building new state...
D, [2018-03-31T11:53:53.613719 #304] DEBUG -- : -------> building selection...
D, [2018-03-31T11:53:53.614065 #304] DEBUG -- : -------> building new state...
D, [2018-03-31T11:53:53.614166 #304] DEBUG -- : -------> building new state...
D, [2018-03-31T11:53:53.614354 #304] DEBUG -- : -------> building selection...
D, [2018-03-31T11:53:53.614707 #304] DEBUG -- : -------> building new state...
D, [2018-03-31T11:53:53.614840 #304] DEBUG -- : -------> building new state...
D, [2018-03-31T11:53:53.615034 #304] DEBUG -- : -------> building selection...
D, [2018-03-31T11:53:53.615436 #304] DEBUG -- : -------> building new state...
D, [2018-03-31T11:53:53.615635 #304] DEBUG -- : -------> building new state...
D, [2018-03-31T11:53:53.615846 #304] DEBUG -- : -------> building selection...
D, [2018-03-31T11:53:53.616190 #304] DEBUG -- : -------> building new state...
D, [2018-03-31T11:53:53.616321 #304] DEBUG -- : -------> building new state...
D, [2018-03-31T11:53:53.616528 #304] DEBUG -- : -------> building selection...
D, [2018-03-31T11:53:53.616857 #304] DEBUG -- : -------> building new state...
D, [2018-03-31T11:53:53.616959 #304] DEBUG -- : -------> building new state...
D, [2018-03-31T11:53:53.617193 #304] DEBUG -- : -------> building selection...
D, [2018-03-31T11:53:53.617522 #304] DEBUG -- : -------> building new state...
D, [2018-03-31T11:53:53.617625 #304] DEBUG -- : -------> building new state...
D, [2018-03-31T11:53:53.617811 #304] DEBUG -- : -------> building selection...
D, [2018-03-31T11:53:53.618130 #304] DEBUG -- : -------> building new state...
D, [2018-03-31T11:53:53.618269 #304] DEBUG -- : -------> building new state...
D, [2018-03-31T11:53:53.618468 #304] DEBUG -- : -------> building selection...
D, [2018-03-31T11:53:53.618789 #304] DEBUG -- : -------> building new state...
D, [2018-03-31T11:53:53.618904 #304] DEBUG -- : -------> building new state...
D, [2018-03-31T11:53:53.619093 #304] DEBUG -- : -------> building selection...
D, [2018-03-31T11:53:53.619417 #304] DEBUG -- : -------> building new state...
D, [2018-03-31T11:53:53.619559 #304] DEBUG -- : -------> building new state...
D, [2018-03-31T11:53:53.619749 #304] DEBUG -- : -------> building selection...
D, [2018-03-31T11:53:53.620090 #304] DEBUG -- : -------> building new state...
D, [2018-03-31T11:53:53.620191 #304] DEBUG -- : -------> building new state...
D, [2018-03-31T11:53:53.620376 #304] DEBUG -- : -------> building selection...
D, [2018-03-31T11:53:53.620744 #304] DEBUG -- : -------> building new state...
D, [2018-03-31T11:53:53.620847 #304] DEBUG -- : -------> building new state...
D, [2018-03-31T11:53:53.621030 #304] DEBUG -- : -------> building selection...
D, [2018-03-31T11:53:53.621372 #304] DEBUG -- : -------> building new state...
D, [2018-03-31T11:53:53.621500 #304] DEBUG -- : -------> building new state...
D, [2018-03-31T11:53:53.621728 #304] DEBUG -- : -------> building selection...
D, [2018-03-31T11:53:53.622051 #304] DEBUG -- : -------> building new state...
D, [2018-03-31T11:53:53.622150 #304] DEBUG -- : -------> building new state...
D, [2018-03-31T11:53:53.622337 #304] DEBUG -- : -------> building selection...
D, [2018-03-31T11:53:53.622691 #304] DEBUG -- : -------> building new state...
D, [2018-03-31T11:53:53.622799 #304] DEBUG -- : -------> building new state...
D, [2018-03-31T11:53:53.623015 #304] DEBUG -- : -------> building selection...
D, [2018-03-31T11:53:53.623338 #304] DEBUG -- : -------> building new state...
D, [2018-03-31T11:53:53.623437 #304] DEBUG -- : -------> building new state...
D, [2018-03-31T11:53:53.623622 #304] DEBUG -- : -------> building selection...
D, [2018-03-31T11:53:53.623984 #304] DEBUG -- : -------> building new state...
D, [2018-03-31T11:53:53.624088 #304] DEBUG -- : -------> building new state...
D, [2018-03-31T11:53:53.624273 #304] DEBUG -- : -------> building selection...
D, [2018-03-31T11:53:53.624591 #304] DEBUG -- : -------> building new state...
D, [2018-03-31T11:53:53.624689 #304] DEBUG -- : -------> building new state...
D, [2018-03-31T11:53:53.624907 #304] DEBUG -- : -------> building selection...
D, [2018-03-31T11:53:53.625237 #304] DEBUG -- : -------> building new state...
D, [2018-03-31T11:53:53.625337 #304] DEBUG -- : -------> building new state...
D, [2018-03-31T11:53:53.625521 #304] DEBUG -- : -------> building selection...
D, [2018-03-31T11:53:53.625841 #304] DEBUG -- : -------> building new state...
D, [2018-03-31T11:53:53.625938 #304] DEBUG -- : -------> building new state...
D, [2018-03-31T11:53:53.626172 #304] DEBUG -- : -------> building selection...
D, [2018-03-31T11:53:53.626495 #304] DEBUG -- : -------> building new state...
D, [2018-03-31T11:53:53.626593 #304] DEBUG -- : -------> building new state...
D, [2018-03-31T11:53:53.626778 #304] DEBUG -- : -------> building selection...
D, [2018-03-31T11:53:53.627113 #304] DEBUG -- : -------> building new state...
D, [2018-03-31T11:53:53.627240 #304] DEBUG -- : -------> building new state...
D, [2018-03-31T11:53:53.627434 #304] DEBUG -- : -------> building selection...
D, [2018-03-31T11:53:53.627766 #304] DEBUG -- : -------> building new state...
D, [2018-03-31T11:53:53.627867 #304] DEBUG -- : -------> building new state...
D, [2018-03-31T11:53:53.628053 #304] DEBUG -- : -------> building selection...
D, [2018-03-31T11:53:53.630548 #304] DEBUG -- : -------> building new state...
D, [2018-03-31T11:53:53.630700 #304] DEBUG -- : -------> building new state...
D, [2018-03-31T11:53:53.630931 #304] DEBUG -- : -------> building selection...
D, [2018-03-31T11:53:53.631267 #304] DEBUG -- : -------> building new state...
D, [2018-03-31T11:53:53.631369 #304] DEBUG -- : -------> building new state...
D, [2018-03-31T11:53:53.631652 #304] DEBUG -- : -------> building selection...
D, [2018-03-31T11:53:53.632111 #304] DEBUG -- : -------> building new state...
D, [2018-03-31T11:53:53.632219 #304] DEBUG -- : -------> building new state...
D, [2018-03-31T11:53:53.632424 #304] DEBUG -- : scoring weighed rated selections...
D, [2018-03-31T11:53:53.632482 #304] DEBUG -- : Saving scored selections...
D, [2018-03-31T11:53:53.639704 #304] DEBUG -- : State Score successfully calculated


D, [2018-03-31T11:53:53.639777 #304] DEBUG -- : Scoring new state: {:rating=>37, :state=>{:unknown=>0, :possibly_lighter=>1, :possibly_heavier=>0, :normal=>7}}
D, [2018-03-31T11:53:53.639802 #304] DEBUG -- : State Score successfully calculated


D, [2018-03-31T11:53:53.639839 #304] DEBUG -- : Scoring new state: {:rating=>37, :state=>{:unknown=>0, :possibly_lighter=>0, :possibly_heavier=>1, :normal=>7}}
D, [2018-03-31T11:53:53.639886 #304] DEBUG -- : State Score successfully calculated


D, [2018-03-31T11:53:53.639924 #304] DEBUG -- : Scoring new state: {:rating=>34, :state=>{:unknown=>0, :possibly_lighter=>2, :possibly_heavier=>0, :normal=>6}}
D, [2018-03-31T11:53:53.642589 #304] DEBUG -- : returning fully calculated score...
D, [2018-03-31T11:53:53.642643 #304] DEBUG -- : State Score successfully calculated


D, [2018-03-31T11:53:53.642674 #304] DEBUG -- : Scoring new state: {:rating=>37, :state=>{:unknown=>0, :possibly_lighter=>1, :possibly_heavier=>0, :normal=>7}}
D, [2018-03-31T11:53:53.642695 #304] DEBUG -- : State Score successfully calculated


D, [2018-03-31T11:53:53.642726 #304] DEBUG -- : Scoring new state: {:rating=>34, :state=>{:unknown=>0, :possibly_lighter=>1, :possibly_heavier=>1, :normal=>6}}
D, [2018-03-31T11:53:53.645268 #304] DEBUG -- : returning fully calculated score...
D, [2018-03-31T11:53:53.645332 #304] DEBUG -- : State Score successfully calculated


D, [2018-03-31T11:53:53.645369 #304] DEBUG -- : Scoring new state: {:rating=>34, :state=>{:unknown=>0, :possibly_lighter=>2, :possibly_heavier=>0, :normal=>6}}
D, [2018-03-31T11:53:53.647828 #304] DEBUG -- : returning fully calculated score...
D, [2018-03-31T11:53:53.647935 #304] DEBUG -- : State Score successfully calculated


D, [2018-03-31T11:53:53.647983 #304] DEBUG -- : Scoring new state: {:rating=>37, :state=>{:unknown=>0, :possibly_lighter=>0, :possibly_heavier=>1, :normal=>7}}
D, [2018-03-31T11:53:53.648007 #304] DEBUG -- : State Score successfully calculated


D, [2018-03-31T11:53:53.648031 #304] DEBUG -- : Scoring new state: {:rating=>31, :state=>{:unknown=>0, :possibly_lighter=>3, :possibly_heavier=>0, :normal=>5}}
D, [2018-03-31T11:53:53.650510 #304] DEBUG -- : calculating updated score for older state...
D, [2018-03-31T11:53:53.654069 #304] DEBUG -- : generating weighed rated selections...
D, [2018-03-31T11:53:53.655197 #304] DEBUG -- : -------> building selection...
D, [2018-03-31T11:53:53.656089 #304] DEBUG -- : -------> building new state...
D, [2018-03-31T11:53:53.656509 #304] DEBUG -- : -------> building selection...
D, [2018-03-31T11:53:53.656972 #304] DEBUG -- : -------> building new state...
D, [2018-03-31T11:53:53.657234 #304] DEBUG -- : -------> building selection...
D, [2018-03-31T11:53:53.657564 #304] DEBUG -- : -------> building new state...
D, [2018-03-31T11:53:53.657757 #304] DEBUG -- : -------> building selection...
D, [2018-03-31T11:53:53.658082 #304] DEBUG -- : -------> building new state...
D, [2018-03-31T11:53:53.658195 #304] DEBUG -- : -------> building new state...
D, [2018-03-31T11:53:53.658426 #304] DEBUG -- : -------> building selection...
D, [2018-03-31T11:53:53.658765 #304] DEBUG -- : -------> building new state...
D, [2018-03-31T11:53:53.658881 #304] DEBUG -- : -------> building new state...
D, [2018-03-31T11:53:53.659071 #304] DEBUG -- : -------> building selection...
D, [2018-03-31T11:53:53.659402 #304] DEBUG -- : -------> building new state...
D, [2018-03-31T11:53:53.659505 #304] DEBUG -- : -------> building new state...
D, [2018-03-31T11:53:53.659735 #304] DEBUG -- : -------> building selection...
D, [2018-03-31T11:53:53.660062 #304] DEBUG -- : -------> building new state...
D, [2018-03-31T11:53:53.660165 #304] DEBUG -- : -------> building new state...
D, [2018-03-31T11:53:53.660348 #304] DEBUG -- : -------> building selection...
D, [2018-03-31T11:53:53.660696 #304] DEBUG -- : -------> building new state...
D, [2018-03-31T11:53:53.660951 #304] DEBUG -- : -------> building new state...
D, [2018-03-31T11:53:53.661172 #304] DEBUG -- : -------> building selection...
D, [2018-03-31T11:53:53.661520 #304] DEBUG -- : -------> building new state...
D, [2018-03-31T11:53:53.661622 #304] DEBUG -- : -------> building new state...
D, [2018-03-31T11:53:53.661810 #304] DEBUG -- : -------> building selection...
D, [2018-03-31T11:53:53.662185 #304] DEBUG -- : -------> building new state...
D, [2018-03-31T11:53:53.662348 #304] DEBUG -- : -------> building new state...
D, [2018-03-31T11:53:53.662631 #304] DEBUG -- : -------> building selection...
D, [2018-03-31T11:53:53.662989 #304] DEBUG -- : -------> building new state...
D, [2018-03-31T11:53:53.663096 #304] DEBUG -- : -------> building new state...
D, [2018-03-31T11:53:53.663293 #304] DEBUG -- : -------> building selection...
D, [2018-03-31T11:53:53.663658 #304] DEBUG -- : -------> building new state...
D, [2018-03-31T11:53:53.663759 #304] DEBUG -- : -------> building new state...
D, [2018-03-31T11:53:53.663969 #304] DEBUG -- : -------> building selection...
D, [2018-03-31T11:53:53.664297 #304] DEBUG -- : -------> building new state...
D, [2018-03-31T11:53:53.664398 #304] DEBUG -- : -------> building new state...
D, [2018-03-31T11:53:53.664623 #304] DEBUG -- : -------> building selection...
D, [2018-03-31T11:53:53.664953 #304] DEBUG -- : -------> building new state...
D, [2018-03-31T11:53:53.665054 #304] DEBUG -- : -------> building new state...
D, [2018-03-31T11:53:53.665239 #304] DEBUG -- : -------> building selection...
D, [2018-03-31T11:53:53.665563 #304] DEBUG -- : -------> building new state...
D, [2018-03-31T11:53:53.665709 #304] DEBUG -- : -------> building new state...
D, [2018-03-31T11:53:53.665907 #304] DEBUG -- : -------> building selection...
D, [2018-03-31T11:53:53.666232 #304] DEBUG -- : -------> building new state...
D, [2018-03-31T11:53:53.666332 #304] DEBUG -- : -------> building new state...
D, [2018-03-31T11:53:53.666544 #304] DEBUG -- : -------> building selection...
D, [2018-03-31T11:53:53.666890 #304] DEBUG -- : -------> building new state...
D, [2018-03-31T11:53:53.667020 #304] DEBUG -- : -------> building new state...
D, [2018-03-31T11:53:53.667216 #304] DEBUG -- : -------> building selection...
D, [2018-03-31T11:53:53.667541 #304] DEBUG -- : -------> building new state...
D, [2018-03-31T11:53:53.667638 #304] DEBUG -- : -------> building new state...
D, [2018-03-31T11:53:53.667863 #304] DEBUG -- : -------> building selection...
D, [2018-03-31T11:53:53.668188 #304] DEBUG -- : -------> building new state...
D, [2018-03-31T11:53:53.668287 #304] DEBUG -- : -------> building new state...
D, [2018-03-31T11:53:53.668475 #304] DEBUG -- : scoring weighed rated selections...
D, [2018-03-31T11:53:53.668511 #304] DEBUG -- : Saving scored selections...
D, [2018-03-31T11:53:53.672651 #304] DEBUG -- : State Score successfully calculated


D, [2018-03-31T11:53:53.672727 #304] DEBUG -- : Scoring new state: {:rating=>37, :state=>{:unknown=>0, :possibly_lighter=>0, :possibly_heavier=>1, :normal=>7}}
D, [2018-03-31T11:53:53.672752 #304] DEBUG -- : State Score successfully calculated


D, [2018-03-31T11:53:53.672791 #304] DEBUG -- : Scoring new state: {:rating=>31, :state=>{:unknown=>0, :possibly_lighter=>3, :possibly_heavier=>0, :normal=>5}}
D, [2018-03-31T11:53:53.675588 #304] DEBUG -- : calculating updated score for older state...
D, [2018-03-31T11:53:53.679144 #304] DEBUG -- : generating weighed rated selections...
D, [2018-03-31T11:53:53.680151 #304] DEBUG -- : -------> building selection...
D, [2018-03-31T11:53:53.681092 #304] DEBUG -- : -------> building new state...
D, [2018-03-31T11:53:53.681549 #304] DEBUG -- : -------> building selection...
D, [2018-03-31T11:53:53.681935 #304] DEBUG -- : -------> building new state...
D, [2018-03-31T11:53:53.682136 #304] DEBUG -- : -------> building selection...
D, [2018-03-31T11:53:53.682569 #304] DEBUG -- : -------> building new state...
D, [2018-03-31T11:53:53.682900 #304] DEBUG -- : -------> building selection...
D, [2018-03-31T11:53:53.683256 #304] DEBUG -- : -------> building new state...
D, [2018-03-31T11:53:53.683362 #304] DEBUG -- : -------> building new state...
D, [2018-03-31T11:53:53.683552 #304] DEBUG -- : -------> building selection...
D, [2018-03-31T11:53:53.686604 #304] DEBUG -- : -------> building new state...
D, [2018-03-31T11:53:53.686831 #304] DEBUG -- : -------> building new state...
D, [2018-03-31T11:53:53.687084 #304] DEBUG -- : -------> building selection...
D, [2018-03-31T11:53:53.687539 #304] DEBUG -- : -------> building new state...
D, [2018-03-31T11:53:53.687756 #304] DEBUG -- : -------> building new state...
D, [2018-03-31T11:53:53.688038 #304] DEBUG -- : -------> building selection...
D, [2018-03-31T11:53:53.688474 #304] DEBUG -- : -------> building new state...
D, [2018-03-31T11:53:53.688585 #304] DEBUG -- : -------> building new state...
D, [2018-03-31T11:53:53.688774 #304] DEBUG -- : -------> building selection...
D, [2018-03-31T11:53:53.689101 #304] DEBUG -- : -------> building new state...
D, [2018-03-31T11:53:53.689206 #304] DEBUG -- : -------> building new state...
D, [2018-03-31T11:53:53.689445 #304] DEBUG -- : -------> building selection...
D, [2018-03-31T11:53:53.689774 #304] DEBUG -- : -------> building new state...
D, [2018-03-31T11:53:53.689872 #304] DEBUG -- : -------> building new state...
D, [2018-03-31T11:53:53.690060 #304] DEBUG -- : -------> building selection...
D, [2018-03-31T11:53:53.690385 #304] DEBUG -- : -------> building new state...
D, [2018-03-31T11:53:53.690484 #304] DEBUG -- : -------> building new state...
D, [2018-03-31T11:53:53.690715 #304] DEBUG -- : -------> building selection...
D, [2018-03-31T11:53:53.691094 #304] DEBUG -- : -------> building new state...
D, [2018-03-31T11:53:53.691289 #304] DEBUG -- : -------> building new state...
D, [2018-03-31T11:53:53.691500 #304] DEBUG -- : -------> building selection...
D, [2018-03-31T11:53:53.691874 #304] DEBUG -- : -------> building new state...
D, [2018-03-31T11:53:53.691975 #304] DEBUG -- : -------> building new state...
D, [2018-03-31T11:53:53.692167 #304] DEBUG -- : -------> building selection...
D, [2018-03-31T11:53:53.692497 #304] DEBUG -- : -------> building new state...
D, [2018-03-31T11:53:53.692598 #304] DEBUG -- : -------> building new state...
D, [2018-03-31T11:53:53.692833 #304] DEBUG -- : -------> building selection...
D, [2018-03-31T11:53:53.693163 #304] DEBUG -- : -------> building new state...
D, [2018-03-31T11:53:53.693264 #304] DEBUG -- : -------> building new state...
D, [2018-03-31T11:53:53.693448 #304] DEBUG -- : -------> building selection...
D, [2018-03-31T11:53:53.693777 #304] DEBUG -- : -------> building new state...
D, [2018-03-31T11:53:53.693915 #304] DEBUG -- : -------> building new state...
D, [2018-03-31T11:53:53.694109 #304] DEBUG -- : -------> building selection...
D, [2018-03-31T11:53:53.694438 #304] DEBUG -- : -------> building new state...
D, [2018-03-31T11:53:53.694542 #304] DEBUG -- : -------> building new state...
D, [2018-03-31T11:53:53.694725 #304] DEBUG -- : -------> building selection...
D, [2018-03-31T11:53:53.695078 #304] DEBUG -- : -------> building new state...
D, [2018-03-31T11:53:53.695228 #304] DEBUG -- : -------> building new state...
D, [2018-03-31T11:53:53.695426 #304] DEBUG -- : -------> building selection...
D, [2018-03-31T11:53:53.695752 #304] DEBUG -- : -------> building new state...
D, [2018-03-31T11:53:53.695866 #304] DEBUG -- : -------> building new state...
D, [2018-03-31T11:53:53.696072 #304] DEBUG -- : -------> building selection...
D, [2018-03-31T11:53:53.696543 #304] DEBUG -- : -------> building new state...
D, [2018-03-31T11:53:53.696706 #304] DEBUG -- : -------> building new state...
D, [2018-03-31T11:53:53.696915 #304] DEBUG -- : scoring weighed rated selections...
D, [2018-03-31T11:53:53.696955 #304] DEBUG -- : Saving scored selections...
D, [2018-03-31T11:53:53.701115 #304] DEBUG -- : State Score successfully calculated


D, [2018-03-31T11:53:53.701198 #304] DEBUG -- : Scoring new state: {:rating=>34, :state=>{:unknown=>0, :possibly_lighter=>1, :possibly_heavier=>1, :normal=>6}}
D, [2018-03-31T11:53:53.703933 #304] DEBUG -- : returning fully calculated score...
D, [2018-03-31T11:53:53.703990 #304] DEBUG -- : State Score successfully calculated


D, [2018-03-31T11:53:53.704022 #304] DEBUG -- : Scoring new state: {:rating=>34, :state=>{:unknown=>0, :possibly_lighter=>2, :possibly_heavier=>0, :normal=>6}}
D, [2018-03-31T11:53:53.706664 #304] DEBUG -- : returning fully calculated score...
D, [2018-03-31T11:53:53.706732 #304] DEBUG -- : State Score successfully calculated


D, [2018-03-31T11:53:53.706779 #304] DEBUG -- : Scoring new state: {:rating=>31, :state=>{:unknown=>0, :possibly_lighter=>2, :possibly_heavier=>1, :normal=>5}}
D, [2018-03-31T11:53:53.709288 #304] DEBUG -- : calculating updated score for older state...
D, [2018-03-31T11:53:53.712709 #304] DEBUG -- : generating weighed rated selections...
D, [2018-03-31T11:53:53.713832 #304] DEBUG -- : -------> building selection...
D, [2018-03-31T11:53:53.714743 #304] DEBUG -- : -------> building new state...
D, [2018-03-31T11:53:53.715061 #304] DEBUG -- : -------> building new state...
D, [2018-03-31T11:53:53.715315 #304] DEBUG -- : -------> building selection...
D, [2018-03-31T11:53:53.715703 #304] DEBUG -- : -------> building new state...
D, [2018-03-31T11:53:53.715821 #304] DEBUG -- : -------> building new state...
D, [2018-03-31T11:53:53.716024 #304] DEBUG -- : -------> building selection...
D, [2018-03-31T11:53:53.716414 #304] DEBUG -- : -------> building new state...
D, [2018-03-31T11:53:53.716530 #304] DEBUG -- : -------> building new state...
D, [2018-03-31T11:53:53.716731 #304] DEBUG -- : -------> building selection...
D, [2018-03-31T11:53:53.717068 #304] DEBUG -- : -------> building new state...
D, [2018-03-31T11:53:53.717182 #304] DEBUG -- : -------> building new state...
D, [2018-03-31T11:53:53.717419 #304] DEBUG -- : -------> building selection...
D, [2018-03-31T11:53:53.717756 #304] DEBUG -- : -------> building new state...
D, [2018-03-31T11:53:53.717866 #304] DEBUG -- : -------> building new state...
D, [2018-03-31T11:53:53.718087 #304] DEBUG -- : -------> building selection...
D, [2018-03-31T11:53:53.718423 #304] DEBUG -- : -------> building new state...
D, [2018-03-31T11:53:53.718557 #304] DEBUG -- : -------> building new state...
D, [2018-03-31T11:53:53.718757 #304] DEBUG -- : -------> building selection...
D, [2018-03-31T11:53:53.719115 #304] DEBUG -- : -------> building new state...
D, [2018-03-31T11:53:53.719219 #304] DEBUG -- : -------> building new state...
D, [2018-03-31T11:53:53.719407 #304] DEBUG -- : -------> building selection...
D, [2018-03-31T11:53:53.719820 #304] DEBUG -- : -------> building new state...
D, [2018-03-31T11:53:53.720047 #304] DEBUG -- : -------> building new state...
D, [2018-03-31T11:53:53.720269 #304] DEBUG -- : -------> building selection...
D, [2018-03-31T11:53:53.720623 #304] DEBUG -- : -------> building new state...
D, [2018-03-31T11:53:53.720728 #304] DEBUG -- : -------> building new state...
D, [2018-03-31T11:53:53.720989 #304] DEBUG -- : -------> building selection...
D, [2018-03-31T11:53:53.721324 #304] DEBUG -- : -------> building new state...
D, [2018-03-31T11:53:53.721464 #304] DEBUG -- : -------> building new state...
D, [2018-03-31T11:53:53.721654 #304] DEBUG -- : -------> building selection...
D, [2018-03-31T11:53:53.721983 #304] DEBUG -- : -------> building new state...
D, [2018-03-31T11:53:53.722147 #304] DEBUG -- : -------> building new state...
D, [2018-03-31T11:53:53.722355 #304] DEBUG -- : -------> building selection...
D, [2018-03-31T11:53:53.722687 #304] DEBUG -- : -------> building new state...
D, [2018-03-31T11:53:53.722789 #304] DEBUG -- : -------> building new state...
D, [2018-03-31T11:53:53.722997 #304] DEBUG -- : -------> building selection...
D, [2018-03-31T11:53:53.723452 #304] DEBUG -- : -------> building new state...
D, [2018-03-31T11:53:53.723581 #304] DEBUG -- : -------> building new state...
D, [2018-03-31T11:53:53.723773 #304] DEBUG -- : -------> building selection...
D, [2018-03-31T11:53:53.724110 #304] DEBUG -- : -------> building new state...
D, [2018-03-31T11:53:53.724211 #304] DEBUG -- : -------> building new state...
D, [2018-03-31T11:53:53.724478 #304] DEBUG -- : -------> building selection...
D, [2018-03-31T11:53:53.724807 #304] DEBUG -- : -------> building new state...
D, [2018-03-31T11:53:53.724908 #304] DEBUG -- : -------> building new state...
D, [2018-03-31T11:53:53.725094 #304] DEBUG -- : -------> building selection...
D, [2018-03-31T11:53:53.727021 #304] DEBUG -- : -------> building new state...
D, [2018-03-31T11:53:53.728066 #304] DEBUG -- : -------> building new state...
D, [2018-03-31T11:53:53.728349 #304] DEBUG -- : -------> building selection...
D, [2018-03-31T11:53:53.728791 #304] DEBUG -- : -------> building new state...
D, [2018-03-31T11:53:53.728898 #304] DEBUG -- : -------> building new state...
D, [2018-03-31T11:53:53.729133 #304] DEBUG -- : -------> building selection...
D, [2018-03-31T11:53:53.729489 #304] DEBUG -- : -------> building new state...
D, [2018-03-31T11:53:53.729588 #304] DEBUG -- : -------> building new state...
D, [2018-03-31T11:53:53.729782 #304] DEBUG -- : -------> building selection...
D, [2018-03-31T11:53:53.730109 #304] DEBUG -- : -------> building new state...
D, [2018-03-31T11:53:53.730241 #304] DEBUG -- : -------> building new state...
D, [2018-03-31T11:53:53.730439 #304] DEBUG -- : -------> building selection...
D, [2018-03-31T11:53:53.730766 #304] DEBUG -- : -------> building new state...
D, [2018-03-31T11:53:53.730884 #304] DEBUG -- : -------> building new state...
D, [2018-03-31T11:53:53.731078 #304] DEBUG -- : -------> building selection...
D, [2018-03-31T11:53:53.731447 #304] DEBUG -- : -------> building new state...
D, [2018-03-31T11:53:53.731552 #304] DEBUG -- : -------> building new state...
D, [2018-03-31T11:53:53.731740 #304] DEBUG -- : -------> building selection...
D, [2018-03-31T11:53:53.732067 #304] DEBUG -- : -------> building new state...
D, [2018-03-31T11:53:53.732206 #304] DEBUG -- : -------> building new state...
D, [2018-03-31T11:53:53.732404 #304] DEBUG -- : -------> building selection...
D, [2018-03-31T11:53:53.732730 #304] DEBUG -- : -------> building new state...
D, [2018-03-31T11:53:53.732833 #304] DEBUG -- : -------> building new state...
D, [2018-03-31T11:53:53.733026 #304] DEBUG -- : -------> building selection...
D, [2018-03-31T11:53:53.733391 #304] DEBUG -- : -------> building new state...
D, [2018-03-31T11:53:53.733495 #304] DEBUG -- : -------> building new state...
D, [2018-03-31T11:53:53.733682 #304] DEBUG -- : -------> building selection...
D, [2018-03-31T11:53:53.734004 #304] DEBUG -- : -------> building new state...
D, [2018-03-31T11:53:53.734104 #304] DEBUG -- : -------> building new state...
D, [2018-03-31T11:53:53.734292 #304] DEBUG -- : -------> building selection...
D, [2018-03-31T11:53:53.734655 #304] DEBUG -- : -------> building new state...
D, [2018-03-31T11:53:53.734755 #304] DEBUG -- : -------> building new state...
D, [2018-03-31T11:53:53.734972 #304] DEBUG -- : -------> building selection...
D, [2018-03-31T11:53:53.735321 #304] DEBUG -- : -------> building new state...
D, [2018-03-31T11:53:53.735467 #304] DEBUG -- : -------> building new state...
D, [2018-03-31T11:53:53.735687 #304] DEBUG -- : -------> building selection...
D, [2018-03-31T11:53:53.736031 #304] DEBUG -- : -------> building new state...
D, [2018-03-31T11:53:53.736142 #304] DEBUG -- : -------> building new state...
D, [2018-03-31T11:53:53.736372 #304] DEBUG -- : -------> building selection...
D, [2018-03-31T11:53:53.736752 #304] DEBUG -- : -------> building new state...
D, [2018-03-31T11:53:53.736914 #304] DEBUG -- : -------> building new state...
D, [2018-03-31T11:53:53.737117 #304] DEBUG -- : -------> building selection...
D, [2018-03-31T11:53:53.737563 #304] DEBUG -- : -------> building new state...
D, [2018-03-31T11:53:53.737772 #304] DEBUG -- : -------> building new state...
D, [2018-03-31T11:53:53.737983 #304] DEBUG -- : -------> building selection...
D, [2018-03-31T11:53:53.738375 #304] DEBUG -- : -------> building new state...
D, [2018-03-31T11:53:53.738477 #304] DEBUG -- : -------> building new state...
D, [2018-03-31T11:53:53.738668 #304] DEBUG -- : -------> building selection...
D, [2018-03-31T11:53:53.739011 #304] DEBUG -- : -------> building new state...
D, [2018-03-31T11:53:53.739113 #304] DEBUG -- : -------> building new state...
D, [2018-03-31T11:53:53.739303 #304] DEBUG -- : -------> building selection...
D, [2018-03-31T11:53:53.739668 #304] DEBUG -- : -------> building new state...
D, [2018-03-31T11:53:53.739767 #304] DEBUG -- : -------> building new state...
D, [2018-03-31T11:53:53.740024 #304] DEBUG -- : -------> building selection...
D, [2018-03-31T11:53:53.740378 #304] DEBUG -- : -------> building new state...
D, [2018-03-31T11:53:53.740480 #304] DEBUG -- : -------> building new state...
D, [2018-03-31T11:53:53.740692 #304] DEBUG -- : -------> building selection...
D, [2018-03-31T11:53:53.741101 #304] DEBUG -- : -------> building new state...
D, [2018-03-31T11:53:53.741204 #304] DEBUG -- : -------> building new state...
D, [2018-03-31T11:53:53.741393 #304] DEBUG -- : -------> building selection...
D, [2018-03-31T11:53:53.741730 #304] DEBUG -- : -------> building new state...
D, [2018-03-31T11:53:53.741831 #304] DEBUG -- : -------> building new state...
D, [2018-03-31T11:53:53.742044 #304] DEBUG -- : -------> building selection...
D, [2018-03-31T11:53:53.742373 #304] DEBUG -- : -------> building new state...
D, [2018-03-31T11:53:53.742473 #304] DEBUG -- : -------> building new state...
D, [2018-03-31T11:53:53.742660 #304] DEBUG -- : -------> building selection...
D, [2018-03-31T11:53:53.743036 #304] DEBUG -- : -------> building new state...
D, [2018-03-31T11:53:53.743143 #304] DEBUG -- : -------> building new state...
D, [2018-03-31T11:53:53.743329 #304] DEBUG -- : -------> building selection...
D, [2018-03-31T11:53:53.743670 #304] DEBUG -- : -------> building new state...
D, [2018-03-31T11:53:53.743771 #304] DEBUG -- : -------> building new state...
D, [2018-03-31T11:53:53.743961 #304] DEBUG -- : scoring weighed rated selections...
D, [2018-03-31T11:53:53.744020 #304] DEBUG -- : Saving scored selections...
D, [2018-03-31T11:53:53.751282 #304] DEBUG -- : State Score successfully calculated


D, [2018-03-31T11:53:53.751349 #304] DEBUG -- : Scoring new state: {:rating=>37, :state=>{:unknown=>0, :possibly_lighter=>1, :possibly_heavier=>0, :normal=>7}}
D, [2018-03-31T11:53:53.751374 #304] DEBUG -- : State Score successfully calculated


D, [2018-03-31T11:53:53.751410 #304] DEBUG -- : Scoring new state: {:rating=>31, :state=>{:unknown=>0, :possibly_lighter=>2, :possibly_heavier=>1, :normal=>5}}
D, [2018-03-31T11:53:53.754186 #304] DEBUG -- : calculating updated score for older state...
D, [2018-03-31T11:53:53.757839 #304] DEBUG -- : generating weighed rated selections...
D, [2018-03-31T11:53:53.759010 #304] DEBUG -- : -------> building selection...
D, [2018-03-31T11:53:53.759898 #304] DEBUG -- : -------> building new state...
D, [2018-03-31T11:53:53.760158 #304] DEBUG -- : -------> building new state...
D, [2018-03-31T11:53:53.760398 #304] DEBUG -- : -------> building selection...
D, [2018-03-31T11:53:53.760768 #304] DEBUG -- : -------> building new state...
D, [2018-03-31T11:53:53.760884 #304] DEBUG -- : -------> building new state...
D, [2018-03-31T11:53:53.761118 #304] DEBUG -- : -------> building selection...
D, [2018-03-31T11:53:53.761449 #304] DEBUG -- : -------> building new state...
D, [2018-03-31T11:53:53.761550 #304] DEBUG -- : -------> building new state...
D, [2018-03-31T11:53:53.761770 #304] DEBUG -- : -------> building selection...
D, [2018-03-31T11:53:53.762118 #304] DEBUG -- : -------> building new state...
D, [2018-03-31T11:53:53.762222 #304] DEBUG -- : -------> building new state...
D, [2018-03-31T11:53:53.762437 #304] DEBUG -- : -------> building selection...
D, [2018-03-31T11:53:53.762772 #304] DEBUG -- : -------> building new state...
D, [2018-03-31T11:53:53.762906 #304] DEBUG -- : -------> building new state...
D, [2018-03-31T11:53:53.763104 #304] DEBUG -- : -------> building selection...
D, [2018-03-31T11:53:53.763439 #304] DEBUG -- : -------> building new state...
D, [2018-03-31T11:53:53.763568 #304] DEBUG -- : -------> building new state...
D, [2018-03-31T11:53:53.763757 #304] DEBUG -- : -------> building selection...
D, [2018-03-31T11:53:53.766192 #304] DEBUG -- : -------> building new state...
D, [2018-03-31T11:53:53.766395 #304] DEBUG -- : -------> building new state...
D, [2018-03-31T11:53:53.766602 #304] DEBUG -- : -------> building selection...
D, [2018-03-31T11:53:53.766997 #304] DEBUG -- : -------> building new state...
D, [2018-03-31T11:53:53.767106 #304] DEBUG -- : -------> building new state...
D, [2018-03-31T11:53:53.767303 #304] DEBUG -- : -------> building selection...
D, [2018-03-31T11:53:53.767650 #304] DEBUG -- : -------> building new state...
D, [2018-03-31T11:53:53.767749 #304] DEBUG -- : -------> building new state...
D, [2018-03-31T11:53:53.767968 #304] DEBUG -- : -------> building selection...
D, [2018-03-31T11:53:53.768298 #304] DEBUG -- : -------> building new state...
D, [2018-03-31T11:53:53.768397 #304] DEBUG -- : -------> building new state...
D, [2018-03-31T11:53:53.768601 #304] DEBUG -- : -------> building selection...
D, [2018-03-31T11:53:53.768940 #304] DEBUG -- : -------> building new state...
D, [2018-03-31T11:53:53.769050 #304] DEBUG -- : -------> building new state...
D, [2018-03-31T11:53:53.769240 #304] DEBUG -- : -------> building selection...
D, [2018-03-31T11:53:53.769595 #304] DEBUG -- : -------> building new state...
D, [2018-03-31T11:53:53.769698 #304] DEBUG -- : -------> building new state...
D, [2018-03-31T11:53:53.769887 #304] DEBUG -- : -------> building selection...
D, [2018-03-31T11:53:53.770228 #304] DEBUG -- : -------> building new state...
D, [2018-03-31T11:53:53.770329 #304] DEBUG -- : -------> building new state...
D, [2018-03-31T11:53:53.770542 #304] DEBUG -- : -------> building selection...
D, [2018-03-31T11:53:53.770877 #304] DEBUG -- : -------> building new state...
D, [2018-03-31T11:53:53.771002 #304] DEBUG -- : -------> building new state...
D, [2018-03-31T11:53:53.771204 #304] DEBUG -- : -------> building selection...
D, [2018-03-31T11:53:53.771534 #304] DEBUG -- : -------> building new state...
D, [2018-03-31T11:53:53.771647 #304] DEBUG -- : -------> building new state...
D, [2018-03-31T11:53:53.771868 #304] DEBUG -- : -------> building selection...
D, [2018-03-31T11:53:53.772289 #304] DEBUG -- : -------> building new state...
D, [2018-03-31T11:53:53.772483 #304] DEBUG -- : -------> building new state...
D, [2018-03-31T11:53:53.772728 #304] DEBUG -- : -------> building selection...
D, [2018-03-31T11:53:53.773083 #304] DEBUG -- : -------> building new state...
D, [2018-03-31T11:53:53.773203 #304] DEBUG -- : -------> building new state...
D, [2018-03-31T11:53:53.773408 #304] DEBUG -- : -------> building selection...
D, [2018-03-31T11:53:53.773751 #304] DEBUG -- : -------> building new state...
D, [2018-03-31T11:53:53.773876 #304] DEBUG -- : -------> building new state...
D, [2018-03-31T11:53:53.774075 #304] DEBUG -- : -------> building selection...
D, [2018-03-31T11:53:53.774444 #304] DEBUG -- : -------> building new state...
D, [2018-03-31T11:53:53.774650 #304] DEBUG -- : -------> building new state...
D, [2018-03-31T11:53:53.774925 #304] DEBUG -- : -------> building selection...
D, [2018-03-31T11:53:53.775291 #304] DEBUG -- : -------> building new state...
D, [2018-03-31T11:53:53.775394 #304] DEBUG -- : -------> building new state...
D, [2018-03-31T11:53:53.775586 #304] DEBUG -- : -------> building selection...
D, [2018-03-31T11:53:53.775937 #304] DEBUG -- : -------> building new state...
D, [2018-03-31T11:53:53.776041 #304] DEBUG -- : -------> building new state...
D, [2018-03-31T11:53:53.776245 #304] DEBUG -- : -------> building selection...
D, [2018-03-31T11:53:53.776578 #304] DEBUG -- : -------> building new state...
D, [2018-03-31T11:53:53.776706 #304] DEBUG -- : -------> building new state...
D, [2018-03-31T11:53:53.776895 #304] DEBUG -- : -------> building selection...
D, [2018-03-31T11:53:53.777239 #304] DEBUG -- : -------> building new state...
D, [2018-03-31T11:53:53.777340 #304] DEBUG -- : -------> building new state...
D, [2018-03-31T11:53:53.777544 #304] DEBUG -- : -------> building selection...
D, [2018-03-31T11:53:53.777887 #304] DEBUG -- : -------> building new state...
D, [2018-03-31T11:53:53.777992 #304] DEBUG -- : -------> building new state...
D, [2018-03-31T11:53:53.778192 #304] DEBUG -- : -------> building selection...
D, [2018-03-31T11:53:53.778551 #304] DEBUG -- : -------> building new state...
D, [2018-03-31T11:53:53.778681 #304] DEBUG -- : -------> building new state...
D, [2018-03-31T11:53:53.778901 #304] DEBUG -- : -------> building selection...
D, [2018-03-31T11:53:53.779258 #304] DEBUG -- : -------> building new state...
D, [2018-03-31T11:53:53.779364 #304] DEBUG -- : -------> building new state...
D, [2018-03-31T11:53:53.779559 #304] DEBUG -- : -------> building selection...
D, [2018-03-31T11:53:53.779904 #304] DEBUG -- : -------> building new state...
D, [2018-03-31T11:53:53.780004 #304] DEBUG -- : -------> building new state...
D, [2018-03-31T11:53:53.780219 #304] DEBUG -- : -------> building selection...
D, [2018-03-31T11:53:53.780550 #304] DEBUG -- : -------> building new state...
D, [2018-03-31T11:53:53.780658 #304] DEBUG -- : -------> building new state...
D, [2018-03-31T11:53:53.780892 #304] DEBUG -- : -------> building selection...
D, [2018-03-31T11:53:53.781223 #304] DEBUG -- : -------> building new state...
D, [2018-03-31T11:53:53.781323 #304] DEBUG -- : -------> building new state...
D, [2018-03-31T11:53:53.781525 #304] DEBUG -- : -------> building selection...
D, [2018-03-31T11:53:53.781873 #304] DEBUG -- : -------> building new state...
D, [2018-03-31T11:53:53.781975 #304] DEBUG -- : -------> building new state...
D, [2018-03-31T11:53:53.782173 #304] DEBUG -- : -------> building selection...
D, [2018-03-31T11:53:53.782507 #304] DEBUG -- : -------> building new state...
D, [2018-03-31T11:53:53.782615 #304] DEBUG -- : -------> building new state...
D, [2018-03-31T11:53:53.782822 #304] DEBUG -- : -------> building selection...
D, [2018-03-31T11:53:53.783191 #304] DEBUG -- : -------> building new state...
D, [2018-03-31T11:53:53.783298 #304] DEBUG -- : -------> building new state...
D, [2018-03-31T11:53:53.783485 #304] DEBUG -- : -------> building selection...
D, [2018-03-31T11:53:53.783822 #304] DEBUG -- : -------> building new state...
D, [2018-03-31T11:53:53.783940 #304] DEBUG -- : -------> building new state...
D, [2018-03-31T11:53:53.784133 #304] DEBUG -- : -------> building selection...
D, [2018-03-31T11:53:53.784473 #304] DEBUG -- : -------> building new state...
D, [2018-03-31T11:53:53.784589 #304] DEBUG -- : -------> building new state...
D, [2018-03-31T11:53:53.784792 #304] DEBUG -- : -------> building selection...
D, [2018-03-31T11:53:53.785129 #304] DEBUG -- : -------> building new state...
D, [2018-03-31T11:53:53.785239 #304] DEBUG -- : -------> building new state...
D, [2018-03-31T11:53:53.785444 #304] DEBUG -- : -------> building selection...
D, [2018-03-31T11:53:53.785793 #304] DEBUG -- : -------> building new state...
D, [2018-03-31T11:53:53.785895 #304] DEBUG -- : -------> building new state...
D, [2018-03-31T11:53:53.786102 #304] DEBUG -- : -------> building selection...
D, [2018-03-31T11:53:53.786451 #304] DEBUG -- : -------> building new state...
D, [2018-03-31T11:53:53.786552 #304] DEBUG -- : -------> building new state...
D, [2018-03-31T11:53:53.786757 #304] DEBUG -- : -------> building selection...
D, [2018-03-31T11:53:53.787126 #304] DEBUG -- : -------> building new state...
D, [2018-03-31T11:53:53.787248 #304] DEBUG -- : -------> building new state...
D, [2018-03-31T11:53:53.787454 #304] DEBUG -- : -------> building selection...
D, [2018-03-31T11:53:53.787785 #304] DEBUG -- : -------> building new state...
D, [2018-03-31T11:53:53.787891 #304] DEBUG -- : -------> building new state...
D, [2018-03-31T11:53:53.788113 #304] DEBUG -- : scoring weighed rated selections...
D, [2018-03-31T11:53:53.788169 #304] DEBUG -- : Saving scored selections...
D, [2018-03-31T11:53:53.795733 #304] DEBUG -- : State Score successfully calculated


D, [2018-03-31T11:53:53.795809 #304] DEBUG -- : Scoring new state: {:rating=>37, :state=>{:unknown=>0, :possibly_lighter=>1, :possibly_heavier=>0, :normal=>7}}
D, [2018-03-31T11:53:53.795833 #304] DEBUG -- : State Score successfully calculated


D, [2018-03-31T11:53:53.795882 #304] DEBUG -- : Scoring new state: {:rating=>34, :state=>{:unknown=>0, :possibly_lighter=>1, :possibly_heavier=>1, :normal=>6}}
D, [2018-03-31T11:53:53.798622 #304] DEBUG -- : returning fully calculated score...
D, [2018-03-31T11:53:53.798678 #304] DEBUG -- : State Score successfully calculated


D, [2018-03-31T11:53:53.798713 #304] DEBUG -- : Scoring new state: {:rating=>34, :state=>{:unknown=>0, :possibly_lighter=>2, :possibly_heavier=>0, :normal=>6}}
D, [2018-03-31T11:53:53.801282 #304] DEBUG -- : returning fully calculated score...
D, [2018-03-31T11:53:53.801346 #304] DEBUG -- : State Score successfully calculated


D, [2018-03-31T11:53:53.801395 #304] DEBUG -- : Scoring new state: {:rating=>37, :state=>{:unknown=>0, :possibly_lighter=>0, :possibly_heavier=>1, :normal=>7}}
D, [2018-03-31T11:53:53.801417 #304] DEBUG -- : State Score successfully calculated


D, [2018-03-31T11:53:53.801442 #304] DEBUG -- : Scoring new state: {:rating=>31, :state=>{:unknown=>0, :possibly_lighter=>3, :possibly_heavier=>0, :normal=>5}}
D, [2018-03-31T11:53:53.803961 #304] DEBUG -- : calculating updated score for older state...
D, [2018-03-31T11:53:53.807385 #304] DEBUG -- : generating weighed rated selections...
D, [2018-03-31T11:53:53.808488 #304] DEBUG -- : -------> building selection...
D, [2018-03-31T11:53:53.809375 #304] DEBUG -- : -------> building new state...
D, [2018-03-31T11:53:53.809836 #304] DEBUG -- : -------> building selection...
D, [2018-03-31T11:53:53.810206 #304] DEBUG -- : -------> building new state...
D, [2018-03-31T11:53:53.810413 #304] DEBUG -- : -------> building selection...
D, [2018-03-31T11:53:53.810773 #304] DEBUG -- : -------> building new state...
D, [2018-03-31T11:53:53.812926 #304] DEBUG -- : -------> building selection...
D, [2018-03-31T11:53:53.813392 #304] DEBUG -- : -------> building new state...
D, [2018-03-31T11:53:53.813538 #304] DEBUG -- : -------> building new state...
D, [2018-03-31T11:53:53.813764 #304] DEBUG -- : -------> building selection...
D, [2018-03-31T11:53:53.814135 #304] DEBUG -- : -------> building new state...
D, [2018-03-31T11:53:53.814318 #304] DEBUG -- : -------> building new state...
D, [2018-03-31T11:53:53.814538 #304] DEBUG -- : -------> building selection...
D, [2018-03-31T11:53:53.814944 #304] DEBUG -- : -------> building new state...
D, [2018-03-31T11:53:53.815053 #304] DEBUG -- : -------> building new state...
D, [2018-03-31T11:53:53.815255 #304] DEBUG -- : -------> building selection...
D, [2018-03-31T11:53:53.815635 #304] DEBUG -- : -------> building new state...
D, [2018-03-31T11:53:53.815747 #304] DEBUG -- : -------> building new state...
D, [2018-03-31T11:53:53.815950 #304] DEBUG -- : -------> building selection...
D, [2018-03-31T11:53:53.816311 #304] DEBUG -- : -------> building new state...
D, [2018-03-31T11:53:53.816423 #304] DEBUG -- : -------> building new state...
D, [2018-03-31T11:53:53.816623 #304] DEBUG -- : -------> building selection...
D, [2018-03-31T11:53:53.816991 #304] DEBUG -- : -------> building new state...
D, [2018-03-31T11:53:53.817109 #304] DEBUG -- : -------> building new state...
D, [2018-03-31T11:53:53.817310 #304] DEBUG -- : -------> building selection...
D, [2018-03-31T11:53:53.817683 #304] DEBUG -- : -------> building new state...
D, [2018-03-31T11:53:53.818219 #304] DEBUG -- : -------> building new state...
D, [2018-03-31T11:53:53.818513 #304] DEBUG -- : -------> building selection...
D, [2018-03-31T11:53:53.818861 #304] DEBUG -- : -------> building new state...
D, [2018-03-31T11:53:53.818965 #304] DEBUG -- : -------> building new state...
D, [2018-03-31T11:53:53.819204 #304] DEBUG -- : -------> building selection...
D, [2018-03-31T11:53:53.819540 #304] DEBUG -- : -------> building new state...
D, [2018-03-31T11:53:53.819639 #304] DEBUG -- : -------> building new state...
D, [2018-03-31T11:53:53.819827 #304] DEBUG -- : -------> building selection...
D, [2018-03-31T11:53:53.820156 #304] DEBUG -- : -------> building new state...
D, [2018-03-31T11:53:53.820295 #304] DEBUG -- : -------> building new state...
D, [2018-03-31T11:53:53.820490 #304] DEBUG -- : -------> building selection...
D, [2018-03-31T11:53:53.820822 #304] DEBUG -- : -------> building new state...
D, [2018-03-31T11:53:53.820926 #304] DEBUG -- : -------> building new state...
D, [2018-03-31T11:53:53.821111 #304] DEBUG -- : -------> building selection...
D, [2018-03-31T11:53:53.821437 #304] DEBUG -- : -------> building new state...
D, [2018-03-31T11:53:53.821578 #304] DEBUG -- : -------> building new state...
D, [2018-03-31T11:53:53.821767 #304] DEBUG -- : -------> building selection...
D, [2018-03-31T11:53:53.822092 #304] DEBUG -- : -------> building new state...
D, [2018-03-31T11:53:53.822193 #304] DEBUG -- : -------> building new state...
D, [2018-03-31T11:53:53.822381 #304] DEBUG -- : -------> building selection...
D, [2018-03-31T11:53:53.822745 #304] DEBUG -- : -------> building new state...
D, [2018-03-31T11:53:53.822877 #304] DEBUG -- : -------> building new state...
D, [2018-03-31T11:53:53.823071 #304] DEBUG -- : -------> building selection...
D, [2018-03-31T11:53:53.823446 #304] DEBUG -- : -------> building new state...
D, [2018-03-31T11:53:53.823687 #304] DEBUG -- : -------> building new state...
D, [2018-03-31T11:53:53.823916 #304] DEBUG -- : -------> building selection...
D, [2018-03-31T11:53:53.824264 #304] DEBUG -- : -------> building new state...
D, [2018-03-31T11:53:53.824366 #304] DEBUG -- : -------> building new state...
D, [2018-03-31T11:53:53.824558 #304] DEBUG -- : scoring weighed rated selections...
D, [2018-03-31T11:53:53.824596 #304] DEBUG -- : Saving scored selections...
D, [2018-03-31T11:53:53.828666 #304] DEBUG -- : State Score successfully calculated


D, [2018-03-31T11:53:53.828757 #304] DEBUG -- : Saving scored selections...
D, [2018-03-31T11:53:53.865840 #304] DEBUG -- : State Score successfully calculated


D, [2018-03-31T11:53:53.865945 #304] DEBUG -- : Scoring new state: {:rating=>37, :state=>{:unknown=>0, :possibly_lighter=>0, :possibly_heavier=>1, :normal=>7}}
D, [2018-03-31T11:53:53.865971 #304] DEBUG -- : State Score successfully calculated


D, [2018-03-31T11:53:53.865998 #304] DEBUG -- : Scoring new state: {:rating=>31, :state=>{:unknown=>0, :possibly_lighter=>1, :possibly_heavier=>2, :normal=>5}}
D, [2018-03-31T11:53:53.868729 #304] DEBUG -- : generating score for new state...
D, [2018-03-31T11:53:53.872197 #304] DEBUG -- : new state info recorded
D, [2018-03-31T11:53:53.875673 #304] DEBUG -- : generating weighed rated selections...
D, [2018-03-31T11:53:54.070851 #304] DEBUG -- : scoring weighed rated selections...
D, [2018-03-31T11:53:54.070965 #304] DEBUG -- : Saving scored selections...
D, [2018-03-31T11:53:54.078056 #304] DEBUG -- : State Score successfully calculated


D, [2018-03-31T11:57:34.650093 #1356] DEBUG -- : calculating updated score for older state...
D, [2018-03-31T11:57:34.654321 #1356] DEBUG -- : generating weighed rated selections...
D, [2018-03-31T11:57:34.667851 #1356] DEBUG -- : scoring weighed rated selections...
D, [2018-03-31T11:57:34.667982 #1356] DEBUG -- : Scoring new state: {:rating=>10, :state=>{:unknown=>1, :possibly_lighter=>0, :possibly_heavier=>0, :normal=>2}}
D, [2018-03-31T11:57:34.670831 #1356] DEBUG -- : calculating updated score for older state...
D, [2018-03-31T11:57:34.674867 #1356] DEBUG -- : generating weighed rated selections...
D, [2018-03-31T11:57:34.695875 #1356] DEBUG -- : scoring weighed rated selections...
D, [2018-03-31T11:57:34.695984 #1356] DEBUG -- : Saving scored selections...
D, [2018-03-31T11:57:34.699353 #1356] DEBUG -- : State Score successfully calculated


D, [2018-03-31T11:57:34.699441 #1356] DEBUG -- : Scoring new state: {:rating=>9, :state=>{:unknown=>0, :possibly_lighter=>1, :possibly_heavier=>1, :normal=>1}}
D, [2018-03-31T11:57:34.701995 #1356] DEBUG -- : calculating updated score for older state...
D, [2018-03-31T11:57:34.705493 #1356] DEBUG -- : generating weighed rated selections...
D, [2018-03-31T11:57:34.736876 #1356] DEBUG -- : scoring weighed rated selections...
D, [2018-03-31T11:57:34.736984 #1356] DEBUG -- : Saving scored selections...
D, [2018-03-31T11:57:34.742338 #1356] DEBUG -- : State Score successfully calculated


D, [2018-03-31T11:57:34.742418 #1356] DEBUG -- : Saving scored selections...
D, [2018-03-31T11:57:34.747544 #1356] DEBUG -- : -------> building selection...
D, [2018-03-31T11:57:34.748381 #1356] DEBUG -- : -------> building new state...
D, [2018-03-31T11:57:34.748644 #1356] DEBUG -- : -------> building new state...
D, [2018-03-31T11:57:34.748963 #1356] DEBUG -- : -------> building selection...
D, [2018-03-31T11:57:34.750077 #1356] DEBUG -- : -------> building new state...
D, [2018-03-31T11:57:34.750210 #1356] DEBUG -- : -------> building new state...
D, [2018-03-31T11:57:34.750385 #1356] DEBUG -- : -------> building selection...
D, [2018-03-31T11:57:34.750689 #1356] DEBUG -- : -------> building new state...
D, [2018-03-31T11:57:34.750791 #1356] DEBUG -- : -------> building new state...
D, [2018-03-31T11:57:34.750973 #1356] DEBUG -- : -------> building selection...
D, [2018-03-31T11:57:34.751266 #1356] DEBUG -- : -------> building new state...
D, [2018-03-31T11:57:34.753252 #1356] DEBUG -- : -------> building new state...
D, [2018-03-31T11:57:34.753568 #1356] DEBUG -- : -------> building selection...
D, [2018-03-31T11:57:34.753990 #1356] DEBUG -- : -------> building new state...
D, [2018-03-31T11:57:34.754099 #1356] DEBUG -- : -------> building new state...
D, [2018-03-31T11:57:34.824176 #1356] DEBUG -- : calculating updated score for older state...
D, [2018-03-31T11:57:34.827767 #1356] DEBUG -- : generating weighed rated selections...
D, [2018-03-31T11:57:34.840665 #1356] DEBUG -- : scoring weighed rated selections...
D, [2018-03-31T11:57:34.840779 #1356] DEBUG -- : Scoring new state: {:rating=>10, :state=>{:unknown=>1, :possibly_lighter=>0, :possibly_heavier=>0, :normal=>2}}
D, [2018-03-31T11:57:34.844372 #1356] DEBUG -- : calculating updated score for older state...
D, [2018-03-31T11:57:34.847875 #1356] DEBUG -- : generating weighed rated selections...
D, [2018-03-31T11:57:34.867560 #1356] DEBUG -- : scoring weighed rated selections...
D, [2018-03-31T11:57:34.867644 #1356] DEBUG -- : Saving scored selections...
D, [2018-03-31T11:57:34.871051 #1356] DEBUG -- : State Score successfully calculated


D, [2018-03-31T11:57:34.871131 #1356] DEBUG -- : Scoring new state: {:rating=>9, :state=>{:unknown=>0, :possibly_lighter=>1, :possibly_heavier=>1, :normal=>1}}
D, [2018-03-31T11:57:34.873692 #1356] DEBUG -- : calculating updated score for older state...
D, [2018-03-31T11:57:34.877176 #1356] DEBUG -- : generating weighed rated selections...
D, [2018-03-31T11:57:34.907000 #1356] DEBUG -- : scoring weighed rated selections...
D, [2018-03-31T11:57:34.907132 #1356] DEBUG -- : Saving scored selections...
D, [2018-03-31T11:57:34.912455 #1356] DEBUG -- : State Score successfully calculated


D, [2018-03-31T11:57:34.912534 #1356] DEBUG -- : Saving scored selections...
D, [2018-03-31T11:57:34.916833 #1356] DEBUG -- : -------> building new state...
D, [2018-03-31T11:57:34.917635 #1356] DEBUG -- : -------> building new state...
D, [2018-03-31T11:57:34.986638 #1356] DEBUG -- : calculating updated score for older state...
D, [2018-03-31T11:57:34.990237 #1356] DEBUG -- : generating weighed rated selections...
D, [2018-03-31T11:57:35.002996 #1356] DEBUG -- : scoring weighed rated selections...
D, [2018-03-31T11:57:35.003094 #1356] DEBUG -- : Scoring new state: {:rating=>10, :state=>{:unknown=>1, :possibly_lighter=>0, :possibly_heavier=>0, :normal=>2}}
D, [2018-03-31T11:57:35.005902 #1356] DEBUG -- : calculating updated score for older state...
D, [2018-03-31T11:57:35.009513 #1356] DEBUG -- : generating weighed rated selections...
D, [2018-03-31T11:57:35.028934 #1356] DEBUG -- : scoring weighed rated selections...
D, [2018-03-31T11:57:35.029035 #1356] DEBUG -- : Saving scored selections...
D, [2018-03-31T11:57:35.032409 #1356] DEBUG -- : State Score successfully calculated


D, [2018-03-31T11:57:35.032489 #1356] DEBUG -- : Scoring new state: {:rating=>9, :state=>{:unknown=>0, :possibly_lighter=>1, :possibly_heavier=>1, :normal=>1}}
D, [2018-03-31T11:57:35.035030 #1356] DEBUG -- : calculating updated score for older state...
D, [2018-03-31T11:57:35.038492 #1356] DEBUG -- : generating weighed rated selections...
D, [2018-03-31T11:57:35.067726 #1356] DEBUG -- : scoring weighed rated selections...
D, [2018-03-31T11:57:35.067830 #1356] DEBUG -- : Saving scored selections...
D, [2018-03-31T11:57:35.072553 #1356] DEBUG -- : State Score successfully calculated


D, [2018-03-31T11:57:35.072636 #1356] DEBUG -- : Saving scored selections...
D, [2018-03-31T11:57:35.145779 #1356] DEBUG -- : calculating updated score for older state...
D, [2018-03-31T11:57:35.149519 #1356] DEBUG -- : generating weighed rated selections...
D, [2018-03-31T11:57:35.162370 #1356] DEBUG -- : scoring weighed rated selections...
D, [2018-03-31T11:57:35.162486 #1356] DEBUG -- : Scoring new state: {:rating=>10, :state=>{:unknown=>1, :possibly_lighter=>0, :possibly_heavier=>0, :normal=>2}}
D, [2018-03-31T11:57:35.165292 #1356] DEBUG -- : calculating updated score for older state...
D, [2018-03-31T11:57:35.168803 #1356] DEBUG -- : generating weighed rated selections...
D, [2018-03-31T11:57:35.188504 #1356] DEBUG -- : scoring weighed rated selections...
D, [2018-03-31T11:57:35.188607 #1356] DEBUG -- : Saving scored selections...
D, [2018-03-31T11:57:35.191983 #1356] DEBUG -- : State Score successfully calculated


D, [2018-03-31T11:57:35.192071 #1356] DEBUG -- : Scoring new state: {:rating=>9, :state=>{:unknown=>0, :possibly_lighter=>1, :possibly_heavier=>1, :normal=>1}}
D, [2018-03-31T11:57:35.194662 #1356] DEBUG -- : calculating updated score for older state...
D, [2018-03-31T11:57:35.198179 #1356] DEBUG -- : generating weighed rated selections...
D, [2018-03-31T11:57:35.227912 #1356] DEBUG -- : scoring weighed rated selections...
D, [2018-03-31T11:57:35.228015 #1356] DEBUG -- : Saving scored selections...
D, [2018-03-31T11:57:35.232727 #1356] DEBUG -- : State Score successfully calculated


D, [2018-03-31T11:57:35.232849 #1356] DEBUG -- : Saving scored selections...
D, [2018-03-31T11:57:35.237926 #1356] DEBUG -- : -------> building selection...
D, [2018-03-31T11:57:35.238735 #1356] DEBUG -- : -------> building new state...
D, [2018-03-31T11:57:35.239033 #1356] DEBUG -- : -------> building new state...
D, [2018-03-31T11:57:35.239239 #1356] DEBUG -- : -------> building selection...
D, [2018-03-31T11:57:35.239546 #1356] DEBUG -- : -------> building new state...
D, [2018-03-31T11:57:35.239649 #1356] DEBUG -- : -------> building new state...
D, [2018-03-31T11:57:35.239843 #1356] DEBUG -- : -------> building selection...
D, [2018-03-31T11:57:35.240182 #1356] DEBUG -- : -------> building new state...
D, [2018-03-31T11:57:35.240290 #1356] DEBUG -- : -------> building new state...
D, [2018-03-31T11:57:35.240457 #1356] DEBUG -- : -------> building selection...
D, [2018-03-31T11:57:35.240766 #1356] DEBUG -- : -------> building new state...
D, [2018-03-31T11:57:35.240868 #1356] DEBUG -- : -------> building new state...
D, [2018-03-31T11:57:35.241176 #1356] DEBUG -- : -------> building selection...
D, [2018-03-31T11:57:35.241488 #1356] DEBUG -- : -------> building new state...
D, [2018-03-31T11:57:35.241594 #1356] DEBUG -- : -------> building new state...
D, [2018-03-31T11:57:35.241763 #1356] DEBUG -- : -------> building selection...
D, [2018-03-31T11:57:35.242077 #1356] DEBUG -- : -------> building new state...
D, [2018-03-31T11:57:35.242181 #1356] DEBUG -- : -------> building new state...
D, [2018-03-31T11:57:36.389867 #1356] DEBUG -- : calculating updated score for older state...
D, [2018-03-31T11:57:36.393408 #1356] DEBUG -- : generating weighed rated selections...
D, [2018-03-31T11:57:36.406129 #1356] DEBUG -- : scoring weighed rated selections...
D, [2018-03-31T11:57:36.406239 #1356] DEBUG -- : Scoring new state: {:rating=>10, :state=>{:unknown=>1, :possibly_lighter=>0, :possibly_heavier=>0, :normal=>2}}
D, [2018-03-31T11:57:36.409433 #1356] DEBUG -- : calculating updated score for older state...
D, [2018-03-31T11:57:36.413090 #1356] DEBUG -- : generating weighed rated selections...
D, [2018-03-31T11:57:36.433011 #1356] DEBUG -- : scoring weighed rated selections...
D, [2018-03-31T11:57:36.433117 #1356] DEBUG -- : Saving scored selections...
D, [2018-03-31T11:57:36.436380 #1356] DEBUG -- : State Score successfully calculated


D, [2018-03-31T11:57:36.436469 #1356] DEBUG -- : Scoring new state: {:rating=>9, :state=>{:unknown=>0, :possibly_lighter=>1, :possibly_heavier=>1, :normal=>1}}
D, [2018-03-31T11:57:36.439070 #1356] DEBUG -- : calculating updated score for older state...
D, [2018-03-31T11:57:36.442602 #1356] DEBUG -- : generating weighed rated selections...
D, [2018-03-31T11:57:36.472194 #1356] DEBUG -- : scoring weighed rated selections...
D, [2018-03-31T11:57:36.472306 #1356] DEBUG -- : Saving scored selections...
D, [2018-03-31T11:57:36.477088 #1356] DEBUG -- : State Score successfully calculated


D, [2018-03-31T11:57:36.477166 #1356] DEBUG -- : Saving scored selections...
D, [2018-03-31T11:57:36.554875 #1356] DEBUG -- : calculating updated score for older state...
D, [2018-03-31T11:57:36.558445 #1356] DEBUG -- : generating weighed rated selections...
D, [2018-03-31T11:57:36.571485 #1356] DEBUG -- : scoring weighed rated selections...
D, [2018-03-31T11:57:36.571608 #1356] DEBUG -- : Scoring new state: {:rating=>10, :state=>{:unknown=>1, :possibly_lighter=>0, :possibly_heavier=>0, :normal=>2}}
D, [2018-03-31T11:57:36.574354 #1356] DEBUG -- : calculating updated score for older state...
D, [2018-03-31T11:57:36.577947 #1356] DEBUG -- : generating weighed rated selections...
D, [2018-03-31T11:57:36.597538 #1356] DEBUG -- : scoring weighed rated selections...
D, [2018-03-31T11:57:36.597641 #1356] DEBUG -- : Saving scored selections...
D, [2018-03-31T11:57:36.600788 #1356] DEBUG -- : State Score successfully calculated


D, [2018-03-31T11:57:36.600881 #1356] DEBUG -- : Scoring new state: {:rating=>9, :state=>{:unknown=>0, :possibly_lighter=>1, :possibly_heavier=>1, :normal=>1}}
D, [2018-03-31T11:57:36.603461 #1356] DEBUG -- : calculating updated score for older state...
D, [2018-03-31T11:57:36.608137 #1356] DEBUG -- : generating weighed rated selections...
D, [2018-03-31T11:57:36.637891 #1356] DEBUG -- : scoring weighed rated selections...
D, [2018-03-31T11:57:36.638002 #1356] DEBUG -- : Saving scored selections...
D, [2018-03-31T11:57:36.643611 #1356] DEBUG -- : State Score successfully calculated


D, [2018-03-31T11:57:36.643695 #1356] DEBUG -- : Saving scored selections...
D, [2018-03-31T11:57:36.721115 #1356] DEBUG -- : calculating updated score for older state...
D, [2018-03-31T11:57:36.724609 #1356] DEBUG -- : generating weighed rated selections...
D, [2018-03-31T11:57:36.737562 #1356] DEBUG -- : scoring weighed rated selections...
D, [2018-03-31T11:57:36.737682 #1356] DEBUG -- : Scoring new state: {:rating=>10, :state=>{:unknown=>1, :possibly_lighter=>0, :possibly_heavier=>0, :normal=>2}}
D, [2018-03-31T11:57:36.741273 #1356] DEBUG -- : calculating updated score for older state...
D, [2018-03-31T11:57:36.744804 #1356] DEBUG -- : generating weighed rated selections...
D, [2018-03-31T11:57:36.765115 #1356] DEBUG -- : scoring weighed rated selections...
D, [2018-03-31T11:57:36.765222 #1356] DEBUG -- : Saving scored selections...
D, [2018-03-31T11:57:36.770177 #1356] DEBUG -- : State Score successfully calculated


D, [2018-03-31T11:57:36.770278 #1356] DEBUG -- : Scoring new state: {:rating=>9, :state=>{:unknown=>0, :possibly_lighter=>1, :possibly_heavier=>1, :normal=>1}}
D, [2018-03-31T11:57:36.772964 #1356] DEBUG -- : calculating updated score for older state...
D, [2018-03-31T11:57:36.776596 #1356] DEBUG -- : generating weighed rated selections...
D, [2018-03-31T11:57:36.806298 #1356] DEBUG -- : scoring weighed rated selections...
D, [2018-03-31T11:57:36.806417 #1356] DEBUG -- : Saving scored selections...
D, [2018-03-31T11:57:36.811409 #1356] DEBUG -- : State Score successfully calculated


D, [2018-03-31T11:57:36.811490 #1356] DEBUG -- : Saving scored selections...
D, [2018-03-31T11:57:36.888370 #1356] DEBUG -- : calculating updated score for older state...
D, [2018-03-31T11:57:36.891955 #1356] DEBUG -- : generating weighed rated selections...
D, [2018-03-31T11:57:36.904703 #1356] DEBUG -- : scoring weighed rated selections...
D, [2018-03-31T11:57:36.904858 #1356] DEBUG -- : Scoring new state: {:rating=>10, :state=>{:unknown=>1, :possibly_lighter=>0, :possibly_heavier=>0, :normal=>2}}
D, [2018-03-31T11:57:36.907708 #1356] DEBUG -- : calculating updated score for older state...
D, [2018-03-31T11:57:36.911469 #1356] DEBUG -- : generating weighed rated selections...
D, [2018-03-31T11:57:36.931600 #1356] DEBUG -- : scoring weighed rated selections...
D, [2018-03-31T11:57:36.931688 #1356] DEBUG -- : Saving scored selections...
D, [2018-03-31T11:57:36.935155 #1356] DEBUG -- : State Score successfully calculated


D, [2018-03-31T11:57:36.935242 #1356] DEBUG -- : Scoring new state: {:rating=>9, :state=>{:unknown=>0, :possibly_lighter=>1, :possibly_heavier=>1, :normal=>1}}
D, [2018-03-31T11:57:36.937862 #1356] DEBUG -- : calculating updated score for older state...
D, [2018-03-31T11:57:36.941374 #1356] DEBUG -- : generating weighed rated selections...
D, [2018-03-31T11:57:36.972278 #1356] DEBUG -- : scoring weighed rated selections...
D, [2018-03-31T11:57:36.972390 #1356] DEBUG -- : Saving scored selections...
D, [2018-03-31T11:57:36.977226 #1356] DEBUG -- : State Score successfully calculated


D, [2018-03-31T11:57:36.977311 #1356] DEBUG -- : Saving scored selections...
D, [2018-03-31T11:57:37.051406 #1356] DEBUG -- : calculating updated score for older state...
D, [2018-03-31T11:57:37.055052 #1356] DEBUG -- : generating weighed rated selections...
D, [2018-03-31T11:57:37.067721 #1356] DEBUG -- : scoring weighed rated selections...
D, [2018-03-31T11:57:37.067836 #1356] DEBUG -- : Scoring new state: {:rating=>10, :state=>{:unknown=>1, :possibly_lighter=>0, :possibly_heavier=>0, :normal=>2}}
D, [2018-03-31T11:57:37.070560 #1356] DEBUG -- : calculating updated score for older state...
D, [2018-03-31T11:57:37.074118 #1356] DEBUG -- : generating weighed rated selections...
D, [2018-03-31T11:57:37.093578 #1356] DEBUG -- : scoring weighed rated selections...
D, [2018-03-31T11:57:37.093715 #1356] DEBUG -- : Saving scored selections...
D, [2018-03-31T11:57:37.096962 #1356] DEBUG -- : State Score successfully calculated


D, [2018-03-31T11:57:37.097052 #1356] DEBUG -- : Scoring new state: {:rating=>9, :state=>{:unknown=>0, :possibly_lighter=>1, :possibly_heavier=>1, :normal=>1}}
D, [2018-03-31T11:57:37.099632 #1356] DEBUG -- : calculating updated score for older state...
D, [2018-03-31T11:57:37.103176 #1356] DEBUG -- : generating weighed rated selections...
D, [2018-03-31T11:57:37.132410 #1356] DEBUG -- : scoring weighed rated selections...
D, [2018-03-31T11:57:37.132514 #1356] DEBUG -- : Saving scored selections...
D, [2018-03-31T11:57:37.137341 #1356] DEBUG -- : State Score successfully calculated


D, [2018-03-31T11:57:37.137411 #1356] DEBUG -- : Saving scored selections...
D, [2018-03-31T11:57:37.212557 #1356] DEBUG -- : calculating updated score for older state...
D, [2018-03-31T11:57:37.216225 #1356] DEBUG -- : generating weighed rated selections...
D, [2018-03-31T11:57:37.229127 #1356] DEBUG -- : scoring weighed rated selections...
D, [2018-03-31T11:57:37.229248 #1356] DEBUG -- : Scoring new state: {:rating=>10, :state=>{:unknown=>1, :possibly_lighter=>0, :possibly_heavier=>0, :normal=>2}}
D, [2018-03-31T11:57:37.231968 #1356] DEBUG -- : calculating updated score for older state...
D, [2018-03-31T11:57:37.235904 #1356] DEBUG -- : generating weighed rated selections...
D, [2018-03-31T11:57:37.255117 #1356] DEBUG -- : scoring weighed rated selections...
D, [2018-03-31T11:57:37.255224 #1356] DEBUG -- : Saving scored selections...
D, [2018-03-31T11:57:37.258451 #1356] DEBUG -- : State Score successfully calculated


D, [2018-03-31T11:57:37.258544 #1356] DEBUG -- : Scoring new state: {:rating=>9, :state=>{:unknown=>0, :possibly_lighter=>1, :possibly_heavier=>1, :normal=>1}}
D, [2018-03-31T11:57:37.261096 #1356] DEBUG -- : calculating updated score for older state...
D, [2018-03-31T11:57:37.264578 #1356] DEBUG -- : generating weighed rated selections...
D, [2018-03-31T11:57:37.294646 #1356] DEBUG -- : scoring weighed rated selections...
D, [2018-03-31T11:57:37.294762 #1356] DEBUG -- : Saving scored selections...
D, [2018-03-31T11:57:37.299536 #1356] DEBUG -- : State Score successfully calculated


D, [2018-03-31T11:57:37.299624 #1356] DEBUG -- : Saving scored selections...
D, [2018-03-31T11:57:37.380944 #1356] DEBUG -- : calculating updated score for older state...
D, [2018-03-31T11:57:37.385009 #1356] DEBUG -- : generating weighed rated selections...
D, [2018-03-31T11:57:37.398192 #1356] DEBUG -- : scoring weighed rated selections...
D, [2018-03-31T11:57:37.398316 #1356] DEBUG -- : Scoring new state: {:rating=>10, :state=>{:unknown=>1, :possibly_lighter=>0, :possibly_heavier=>0, :normal=>2}}
D, [2018-03-31T11:57:37.401206 #1356] DEBUG -- : calculating updated score for older state...
D, [2018-03-31T11:57:37.405687 #1356] DEBUG -- : generating weighed rated selections...
D, [2018-03-31T11:57:37.425497 #1356] DEBUG -- : scoring weighed rated selections...
D, [2018-03-31T11:57:37.425604 #1356] DEBUG -- : Saving scored selections...
D, [2018-03-31T11:57:37.428832 #1356] DEBUG -- : State Score successfully calculated


D, [2018-03-31T11:57:37.428921 #1356] DEBUG -- : Scoring new state: {:rating=>9, :state=>{:unknown=>0, :possibly_lighter=>1, :possibly_heavier=>1, :normal=>1}}
D, [2018-03-31T11:57:37.431600 #1356] DEBUG -- : calculating updated score for older state...
D, [2018-03-31T11:57:37.435191 #1356] DEBUG -- : generating weighed rated selections...
D, [2018-03-31T11:57:37.465518 #1356] DEBUG -- : scoring weighed rated selections...
D, [2018-03-31T11:57:37.465621 #1356] DEBUG -- : Saving scored selections...
D, [2018-03-31T11:57:37.472005 #1356] DEBUG -- : State Score successfully calculated


D, [2018-03-31T11:57:37.472078 #1356] DEBUG -- : Saving scored selections...
D, [2018-03-31T11:57:37.552313 #1356] DEBUG -- : calculating updated score for older state...
D, [2018-03-31T11:57:37.556075 #1356] DEBUG -- : generating weighed rated selections...
D, [2018-03-31T11:57:37.568811 #1356] DEBUG -- : scoring weighed rated selections...
D, [2018-03-31T11:57:37.568910 #1356] DEBUG -- : Scoring new state: {:rating=>10, :state=>{:unknown=>1, :possibly_lighter=>0, :possibly_heavier=>0, :normal=>2}}
D, [2018-03-31T11:57:37.571751 #1356] DEBUG -- : calculating updated score for older state...
D, [2018-03-31T11:57:37.576435 #1356] DEBUG -- : generating weighed rated selections...
D, [2018-03-31T11:57:37.596521 #1356] DEBUG -- : scoring weighed rated selections...
D, [2018-03-31T11:57:37.596625 #1356] DEBUG -- : Saving scored selections...
D, [2018-03-31T11:57:37.600107 #1356] DEBUG -- : State Score successfully calculated


D, [2018-03-31T11:57:37.600200 #1356] DEBUG -- : Scoring new state: {:rating=>9, :state=>{:unknown=>0, :possibly_lighter=>1, :possibly_heavier=>1, :normal=>1}}
D, [2018-03-31T11:57:37.602856 #1356] DEBUG -- : calculating updated score for older state...
D, [2018-03-31T11:57:37.606459 #1356] DEBUG -- : generating weighed rated selections...
D, [2018-03-31T11:57:37.635977 #1356] DEBUG -- : scoring weighed rated selections...
D, [2018-03-31T11:57:37.636067 #1356] DEBUG -- : Saving scored selections...
D, [2018-03-31T11:57:37.641809 #1356] DEBUG -- : State Score successfully calculated


D, [2018-03-31T11:57:37.641889 #1356] DEBUG -- : Saving scored selections...
D, [2018-03-31T11:57:37.717704 #1356] DEBUG -- : calculating updated score for older state...
D, [2018-03-31T11:57:37.721274 #1356] DEBUG -- : generating weighed rated selections...
D, [2018-03-31T11:57:37.734151 #1356] DEBUG -- : scoring weighed rated selections...
D, [2018-03-31T11:57:37.734247 #1356] DEBUG -- : Scoring new state: {:rating=>10, :state=>{:unknown=>1, :possibly_lighter=>0, :possibly_heavier=>0, :normal=>2}}
D, [2018-03-31T11:57:37.737130 #1356] DEBUG -- : calculating updated score for older state...
D, [2018-03-31T11:57:37.742161 #1356] DEBUG -- : generating weighed rated selections...
D, [2018-03-31T11:57:37.762200 #1356] DEBUG -- : scoring weighed rated selections...
D, [2018-03-31T11:57:37.762315 #1356] DEBUG -- : Saving scored selections...
D, [2018-03-31T11:57:37.765669 #1356] DEBUG -- : State Score successfully calculated


D, [2018-03-31T11:57:37.765760 #1356] DEBUG -- : Scoring new state: {:rating=>9, :state=>{:unknown=>0, :possibly_lighter=>1, :possibly_heavier=>1, :normal=>1}}
D, [2018-03-31T11:57:37.768350 #1356] DEBUG -- : calculating updated score for older state...
D, [2018-03-31T11:57:37.771854 #1356] DEBUG -- : generating weighed rated selections...
D, [2018-03-31T11:57:37.801740 #1356] DEBUG -- : scoring weighed rated selections...
D, [2018-03-31T11:57:37.802901 #1356] DEBUG -- : Saving scored selections...
D, [2018-03-31T11:57:37.807802 #1356] DEBUG -- : State Score successfully calculated


D, [2018-03-31T11:57:37.807867 #1356] DEBUG -- : Saving scored selections...
D, [2018-03-31T11:57:37.886767 #1356] DEBUG -- : calculating updated score for older state...
D, [2018-03-31T11:57:37.890385 #1356] DEBUG -- : generating weighed rated selections...
D, [2018-03-31T11:57:37.903257 #1356] DEBUG -- : scoring weighed rated selections...
D, [2018-03-31T11:57:37.903374 #1356] DEBUG -- : Scoring new state: {:rating=>10, :state=>{:unknown=>1, :possibly_lighter=>0, :possibly_heavier=>0, :normal=>2}}
D, [2018-03-31T11:57:37.906105 #1356] DEBUG -- : calculating updated score for older state...
D, [2018-03-31T11:57:37.909655 #1356] DEBUG -- : generating weighed rated selections...
D, [2018-03-31T11:57:37.929289 #1356] DEBUG -- : scoring weighed rated selections...
D, [2018-03-31T11:57:37.929393 #1356] DEBUG -- : Saving scored selections...
D, [2018-03-31T11:57:37.932632 #1356] DEBUG -- : State Score successfully calculated


D, [2018-03-31T11:57:37.932726 #1356] DEBUG -- : Scoring new state: {:rating=>9, :state=>{:unknown=>0, :possibly_lighter=>1, :possibly_heavier=>1, :normal=>1}}
D, [2018-03-31T11:57:37.935328 #1356] DEBUG -- : calculating updated score for older state...
D, [2018-03-31T11:57:37.938859 #1356] DEBUG -- : generating weighed rated selections...
D, [2018-03-31T11:57:37.967893 #1356] DEBUG -- : scoring weighed rated selections...
D, [2018-03-31T11:57:37.968909 #1356] DEBUG -- : Saving scored selections...
D, [2018-03-31T11:57:37.974350 #1356] DEBUG -- : State Score successfully calculated


D, [2018-03-31T11:57:37.974439 #1356] DEBUG -- : Saving scored selections...
D, [2018-03-31T11:57:38.056994 #1356] DEBUG -- : calculating updated score for older state...
D, [2018-03-31T11:57:38.060617 #1356] DEBUG -- : generating weighed rated selections...
D, [2018-03-31T11:57:38.073543 #1356] DEBUG -- : scoring weighed rated selections...
D, [2018-03-31T11:57:38.073680 #1356] DEBUG -- : Scoring new state: {:rating=>10, :state=>{:unknown=>1, :possibly_lighter=>0, :possibly_heavier=>0, :normal=>2}}
D, [2018-03-31T11:57:38.076537 #1356] DEBUG -- : calculating updated score for older state...
D, [2018-03-31T11:57:38.080062 #1356] DEBUG -- : generating weighed rated selections...
D, [2018-03-31T11:57:38.099978 #1356] DEBUG -- : scoring weighed rated selections...
D, [2018-03-31T11:57:38.100092 #1356] DEBUG -- : Saving scored selections...
D, [2018-03-31T11:57:38.103528 #1356] DEBUG -- : State Score successfully calculated


D, [2018-03-31T11:57:38.103619 #1356] DEBUG -- : Scoring new state: {:rating=>9, :state=>{:unknown=>0, :possibly_lighter=>1, :possibly_heavier=>1, :normal=>1}}
D, [2018-03-31T11:57:38.106250 #1356] DEBUG -- : calculating updated score for older state...
D, [2018-03-31T11:57:38.111137 #1356] DEBUG -- : generating weighed rated selections...
D, [2018-03-31T11:57:38.159424 #1356] DEBUG -- : scoring weighed rated selections...
D, [2018-03-31T11:57:38.159533 #1356] DEBUG -- : Saving scored selections...
D, [2018-03-31T11:57:38.164463 #1356] DEBUG -- : State Score successfully calculated


D, [2018-03-31T11:57:38.164543 #1356] DEBUG -- : Saving scored selections...
D, [2018-03-31T11:57:38.239426 #1356] DEBUG -- : calculating updated score for older state...
D, [2018-03-31T11:57:38.243037 #1356] DEBUG -- : generating weighed rated selections...
D, [2018-03-31T11:57:38.255826 #1356] DEBUG -- : scoring weighed rated selections...
D, [2018-03-31T11:57:38.255941 #1356] DEBUG -- : Scoring new state: {:rating=>10, :state=>{:unknown=>1, :possibly_lighter=>0, :possibly_heavier=>0, :normal=>2}}
D, [2018-03-31T11:57:38.258750 #1356] DEBUG -- : calculating updated score for older state...
D, [2018-03-31T11:57:38.262377 #1356] DEBUG -- : generating weighed rated selections...
D, [2018-03-31T11:57:38.282533 #1356] DEBUG -- : scoring weighed rated selections...
D, [2018-03-31T11:57:38.282644 #1356] DEBUG -- : Saving scored selections...
D, [2018-03-31T11:57:38.286094 #1356] DEBUG -- : State Score successfully calculated


D, [2018-03-31T11:57:38.286208 #1356] DEBUG -- : Scoring new state: {:rating=>9, :state=>{:unknown=>0, :possibly_lighter=>1, :possibly_heavier=>1, :normal=>1}}
D, [2018-03-31T11:57:38.288979 #1356] DEBUG -- : calculating updated score for older state...
D, [2018-03-31T11:57:38.292608 #1356] DEBUG -- : generating weighed rated selections...
D, [2018-03-31T11:57:38.323373 #1356] DEBUG -- : scoring weighed rated selections...
D, [2018-03-31T11:57:38.323467 #1356] DEBUG -- : Saving scored selections...
D, [2018-03-31T11:57:38.328274 #1356] DEBUG -- : State Score successfully calculated


D, [2018-03-31T11:57:38.328364 #1356] DEBUG -- : Saving scored selections...
D, [2018-03-31T11:57:38.404817 #1356] DEBUG -- : calculating updated score for older state...
D, [2018-03-31T11:57:38.408569 #1356] DEBUG -- : generating weighed rated selections...
D, [2018-03-31T11:57:38.421320 #1356] DEBUG -- : scoring weighed rated selections...
D, [2018-03-31T11:57:38.421465 #1356] DEBUG -- : Scoring new state: {:rating=>10, :state=>{:unknown=>1, :possibly_lighter=>0, :possibly_heavier=>0, :normal=>2}}
D, [2018-03-31T11:57:38.424450 #1356] DEBUG -- : calculating updated score for older state...
D, [2018-03-31T11:57:38.428184 #1356] DEBUG -- : generating weighed rated selections...
D, [2018-03-31T11:57:38.448272 #1356] DEBUG -- : scoring weighed rated selections...
D, [2018-03-31T11:57:38.448385 #1356] DEBUG -- : Saving scored selections...
D, [2018-03-31T11:57:38.451760 #1356] DEBUG -- : State Score successfully calculated


D, [2018-03-31T11:57:38.451847 #1356] DEBUG -- : Scoring new state: {:rating=>9, :state=>{:unknown=>0, :possibly_lighter=>1, :possibly_heavier=>1, :normal=>1}}
D, [2018-03-31T11:57:38.454439 #1356] DEBUG -- : calculating updated score for older state...
D, [2018-03-31T11:57:38.458596 #1356] DEBUG -- : generating weighed rated selections...
D, [2018-03-31T11:57:38.488335 #1356] DEBUG -- : scoring weighed rated selections...
D, [2018-03-31T11:57:38.488442 #1356] DEBUG -- : Saving scored selections...
D, [2018-03-31T11:57:38.493415 #1356] DEBUG -- : State Score successfully calculated


D, [2018-03-31T11:57:38.493501 #1356] DEBUG -- : Saving scored selections...
D, [2018-03-31T11:57:38.569273 #1356] DEBUG -- : calculating updated score for older state...
D, [2018-03-31T11:57:38.574887 #1356] DEBUG -- : generating weighed rated selections...
D, [2018-03-31T11:57:38.588031 #1356] DEBUG -- : scoring weighed rated selections...
D, [2018-03-31T11:57:38.588151 #1356] DEBUG -- : Scoring new state: {:rating=>10, :state=>{:unknown=>1, :possibly_lighter=>0, :possibly_heavier=>0, :normal=>2}}
D, [2018-03-31T11:57:38.591239 #1356] DEBUG -- : calculating updated score for older state...
D, [2018-03-31T11:57:38.594946 #1356] DEBUG -- : generating weighed rated selections...
D, [2018-03-31T11:57:38.614891 #1356] DEBUG -- : scoring weighed rated selections...
D, [2018-03-31T11:57:38.614993 #1356] DEBUG -- : Saving scored selections...
D, [2018-03-31T11:57:38.619109 #1356] DEBUG -- : State Score successfully calculated


D, [2018-03-31T11:57:38.619186 #1356] DEBUG -- : Scoring new state: {:rating=>9, :state=>{:unknown=>0, :possibly_lighter=>1, :possibly_heavier=>1, :normal=>1}}
D, [2018-03-31T11:57:38.621773 #1356] DEBUG -- : calculating updated score for older state...
D, [2018-03-31T11:57:38.625702 #1356] DEBUG -- : generating weighed rated selections...
D, [2018-03-31T11:57:38.656051 #1356] DEBUG -- : scoring weighed rated selections...
D, [2018-03-31T11:57:38.656158 #1356] DEBUG -- : Saving scored selections...
D, [2018-03-31T11:57:38.661059 #1356] DEBUG -- : State Score successfully calculated


D, [2018-03-31T11:57:38.661138 #1356] DEBUG -- : Saving scored selections...
D, [2018-03-31T11:57:40.595250 #1356] DEBUG -- : Scoring new state: {:rating=>29, :state=>{:unknown=>1, :possibly_lighter=>2, :possibly_heavier=>0, :normal=>5}}
D, [2018-03-31T11:57:40.598177 #1356] DEBUG -- : generating score for new state...
D, [2018-03-31T11:57:40.601878 #1356] DEBUG -- : new state info recorded
D, [2018-03-31T11:57:40.605371 #1356] DEBUG -- : generating weighed rated selections...
D, [2018-03-31T11:57:40.850934 #1356] DEBUG -- : scoring weighed rated selections...
D, [2018-03-31T11:57:40.851103 #1356] DEBUG -- : Scoring new state: {:rating=>32, :state=>{:unknown=>1, :possibly_lighter=>1, :possibly_heavier=>0, :normal=>6}}
D, [2018-03-31T11:57:40.854600 #1356] DEBUG -- : calculating updated score for older state...
D, [2018-03-31T11:57:40.858398 #1356] DEBUG -- : generating weighed rated selections...
D, [2018-03-31T11:57:40.991173 #1356] DEBUG -- : scoring weighed rated selections...
D, [2018-03-31T11:57:40.991304 #1356] DEBUG -- : Saving scored selections...
D, [2018-03-31T11:57:40.997827 #1356] DEBUG -- : State Score successfully calculated


D, [2018-03-31T11:57:40.997924 #1356] DEBUG -- : Scoring new state: {:rating=>37, :state=>{:unknown=>0, :possibly_lighter=>1, :possibly_heavier=>0, :normal=>7}}
D, [2018-03-31T11:57:40.997952 #1356] DEBUG -- : State Score successfully calculated


D, [2018-03-31T11:57:40.997990 #1356] DEBUG -- : Scoring new state: {:rating=>37, :state=>{:unknown=>0, :possibly_lighter=>0, :possibly_heavier=>1, :normal=>7}}
D, [2018-03-31T11:57:40.998012 #1356] DEBUG -- : State Score successfully calculated


D, [2018-03-31T11:57:40.998038 #1356] DEBUG -- : Scoring new state: {:rating=>37, :state=>{:unknown=>0, :possibly_lighter=>1, :possibly_heavier=>0, :normal=>7}}
D, [2018-03-31T11:57:40.998059 #1356] DEBUG -- : State Score successfully calculated


D, [2018-03-31T11:57:40.998084 #1356] DEBUG -- : Scoring new state: {:rating=>34, :state=>{:unknown=>0, :possibly_lighter=>2, :possibly_heavier=>0, :normal=>6}}
D, [2018-03-31T11:57:41.000709 #1356] DEBUG -- : calculating updated score for older state...
D, [2018-03-31T11:57:41.004264 #1356] DEBUG -- : generating weighed rated selections...
D, [2018-03-31T11:57:41.048783 #1356] DEBUG -- : scoring weighed rated selections...
D, [2018-03-31T11:57:41.048905 #1356] DEBUG -- : Saving scored selections...
D, [2018-03-31T11:57:41.058567 #1356] DEBUG -- : State Score successfully calculated


D, [2018-03-31T11:57:41.058667 #1356] DEBUG -- : Scoring new state: {:rating=>32, :state=>{:unknown=>1, :possibly_lighter=>1, :possibly_heavier=>0, :normal=>6}}
D, [2018-03-31T11:57:41.061266 #1356] DEBUG -- : calculating updated score for older state...
D, [2018-03-31T11:57:41.064700 #1356] DEBUG -- : generating weighed rated selections...
D, [2018-03-31T11:57:41.065755 #1356] DEBUG -- : -------> building selection...
D, [2018-03-31T11:57:41.066659 #1356] DEBUG -- : -------> building new state...
D, [2018-03-31T11:57:41.066991 #1356] DEBUG -- : -------> building new state...
D, [2018-03-31T11:57:41.067230 #1356] DEBUG -- : -------> building selection...
D, [2018-03-31T11:57:41.067551 #1356] DEBUG -- : -------> building new state...
D, [2018-03-31T11:57:41.067652 #1356] DEBUG -- : -------> building new state...
D, [2018-03-31T11:57:41.067989 #1356] DEBUG -- : -------> building selection...
D, [2018-03-31T11:57:41.068343 #1356] DEBUG -- : -------> building new state...
D, [2018-03-31T11:57:41.068457 #1356] DEBUG -- : -------> building new state...
D, [2018-03-31T11:57:41.068646 #1356] DEBUG -- : -------> building selection...
D, [2018-03-31T11:57:41.068962 #1356] DEBUG -- : -------> building new state...
D, [2018-03-31T11:57:41.069113 #1356] DEBUG -- : -------> building new state...
D, [2018-03-31T11:57:41.069328 #1356] DEBUG -- : -------> building selection...
D, [2018-03-31T11:57:41.069733 #1356] DEBUG -- : -------> building new state...
D, [2018-03-31T11:57:41.069855 #1356] DEBUG -- : -------> building new state...
D, [2018-03-31T11:57:41.070050 #1356] DEBUG -- : -------> building selection...
D, [2018-03-31T11:57:41.070364 #1356] DEBUG -- : -------> building new state...
D, [2018-03-31T11:57:41.070522 #1356] DEBUG -- : -------> building new state...
D, [2018-03-31T11:57:41.070712 #1356] DEBUG -- : -------> building selection...
D, [2018-03-31T11:57:41.071048 #1356] DEBUG -- : -------> building new state...
D, [2018-03-31T11:57:41.071157 #1356] DEBUG -- : -------> building new state...
D, [2018-03-31T11:57:41.071337 #1356] DEBUG -- : -------> building selection...
D, [2018-03-31T11:57:41.071679 #1356] DEBUG -- : -------> building new state...
D, [2018-03-31T11:57:41.071778 #1356] DEBUG -- : -------> building new state...
D, [2018-03-31T11:57:41.072004 #1356] DEBUG -- : -------> building selection...
D, [2018-03-31T11:57:41.072438 #1356] DEBUG -- : -------> building new state...
D, [2018-03-31T11:57:41.072543 #1356] DEBUG -- : -------> building new state...
D, [2018-03-31T11:57:41.072766 #1356] DEBUG -- : -------> building selection...
D, [2018-03-31T11:57:41.073118 #1356] DEBUG -- : -------> building new state...
D, [2018-03-31T11:57:41.073217 #1356] DEBUG -- : -------> building new state...
D, [2018-03-31T11:57:41.073396 #1356] DEBUG -- : -------> building selection...
D, [2018-03-31T11:57:41.073716 #1356] DEBUG -- : -------> building new state...
D, [2018-03-31T11:57:41.073814 #1356] DEBUG -- : -------> building new state...
D, [2018-03-31T11:57:41.073991 #1356] DEBUG -- : -------> building selection...
D, [2018-03-31T11:57:41.074320 #1356] DEBUG -- : -------> building new state...
D, [2018-03-31T11:57:41.074419 #1356] DEBUG -- : -------> building new state...
D, [2018-03-31T11:57:41.074593 #1356] DEBUG -- : -------> building selection...
D, [2018-03-31T11:57:41.074908 #1356] DEBUG -- : -------> building new state...
D, [2018-03-31T11:57:41.075007 #1356] DEBUG -- : -------> building new state...
D, [2018-03-31T11:57:41.075184 #1356] DEBUG -- : -------> building selection...
D, [2018-03-31T11:57:41.075508 #1356] DEBUG -- : -------> building new state...
D, [2018-03-31T11:57:41.075605 #1356] DEBUG -- : -------> building new state...
D, [2018-03-31T11:57:41.075800 #1356] DEBUG -- : -------> building selection...
D, [2018-03-31T11:57:41.076101 #1356] DEBUG -- : -------> building new state...
D, [2018-03-31T11:57:41.076198 #1356] DEBUG -- : -------> building new state...
D, [2018-03-31T11:57:41.076375 #1356] DEBUG -- : -------> building selection...
D, [2018-03-31T11:57:41.076783 #1356] DEBUG -- : -------> building new state...
D, [2018-03-31T11:57:41.076905 #1356] DEBUG -- : -------> building new state...
D, [2018-03-31T11:57:41.077093 #1356] DEBUG -- : -------> building selection...
D, [2018-03-31T11:57:41.077421 #1356] DEBUG -- : -------> building new state...
D, [2018-03-31T11:57:41.077535 #1356] DEBUG -- : -------> building new state...
D, [2018-03-31T11:57:41.077740 #1356] DEBUG -- : -------> building selection...
D, [2018-03-31T11:57:41.078103 #1356] DEBUG -- : -------> building new state...
D, [2018-03-31T11:57:41.078204 #1356] DEBUG -- : -------> building new state...
D, [2018-03-31T11:57:41.078381 #1356] DEBUG -- : -------> building selection...
D, [2018-03-31T11:57:41.078682 #1356] DEBUG -- : -------> building new state...
D, [2018-03-31T11:57:41.078780 #1356] DEBUG -- : -------> building new state...
D, [2018-03-31T11:57:41.079022 #1356] DEBUG -- : -------> building selection...
D, [2018-03-31T11:57:41.079329 #1356] DEBUG -- : -------> building new state...
D, [2018-03-31T11:57:41.079429 #1356] DEBUG -- : -------> building new state...
D, [2018-03-31T11:57:41.079630 #1356] DEBUG -- : -------> building selection...
D, [2018-03-31T11:57:41.079932 #1356] DEBUG -- : -------> building new state...
D, [2018-03-31T11:57:41.080031 #1356] DEBUG -- : -------> building new state...
D, [2018-03-31T11:57:41.080266 #1356] DEBUG -- : -------> building selection...
D, [2018-03-31T11:57:41.080593 #1356] DEBUG -- : -------> building new state...
D, [2018-03-31T11:57:41.080705 #1356] DEBUG -- : -------> building new state...
D, [2018-03-31T11:57:41.080892 #1356] DEBUG -- : -------> building selection...
D, [2018-03-31T11:57:41.081230 #1356] DEBUG -- : -------> building new state...
D, [2018-03-31T11:57:41.082799 #1356] DEBUG -- : -------> building new state...
D, [2018-03-31T11:57:41.083156 #1356] DEBUG -- : -------> building selection...
D, [2018-03-31T11:57:41.083570 #1356] DEBUG -- : -------> building new state...
D, [2018-03-31T11:57:41.083676 #1356] DEBUG -- : -------> building new state...
D, [2018-03-31T11:57:41.083885 #1356] DEBUG -- : -------> building selection...
D, [2018-03-31T11:57:41.084251 #1356] DEBUG -- : -------> building new state...
D, [2018-03-31T11:57:41.084390 #1356] DEBUG -- : -------> building new state...
D, [2018-03-31T11:57:41.084580 #1356] DEBUG -- : -------> building selection...
D, [2018-03-31T11:57:41.084886 #1356] DEBUG -- : -------> building new state...
D, [2018-03-31T11:57:41.084985 #1356] DEBUG -- : -------> building new state...
D, [2018-03-31T11:57:41.085159 #1356] DEBUG -- : scoring weighed rated selections...
D, [2018-03-31T11:57:41.085204 #1356] DEBUG -- : Saving scored selections...
D, [2018-03-31T11:57:41.091767 #1356] DEBUG -- : State Score successfully calculated


D, [2018-03-31T11:57:41.091838 #1356] DEBUG -- : Scoring new state: {:rating=>37, :state=>{:unknown=>0, :possibly_lighter=>1, :possibly_heavier=>0, :normal=>7}}
D, [2018-03-31T11:57:41.091862 #1356] DEBUG -- : State Score successfully calculated


D, [2018-03-31T11:57:41.091898 #1356] DEBUG -- : Scoring new state: {:rating=>35, :state=>{:unknown=>1, :possibly_lighter=>0, :possibly_heavier=>0, :normal=>7}}
D, [2018-03-31T11:57:41.094576 #1356] DEBUG -- : calculating updated score for older state...
D, [2018-03-31T11:57:41.098037 #1356] DEBUG -- : generating weighed rated selections...
D, [2018-03-31T11:57:41.149974 #1356] DEBUG -- : scoring weighed rated selections...
D, [2018-03-31T11:57:41.150079 #1356] DEBUG -- : Saving scored selections...
D, [2018-03-31T11:57:41.158143 #1356] DEBUG -- : State Score successfully calculated


D, [2018-03-31T11:57:41.158234 #1356] DEBUG -- : Scoring new state: {:rating=>37, :state=>{:unknown=>0, :possibly_lighter=>1, :possibly_heavier=>0, :normal=>7}}
D, [2018-03-31T11:57:41.158261 #1356] DEBUG -- : State Score successfully calculated


D, [2018-03-31T11:57:41.158331 #1356] DEBUG -- : Scoring new state: {:rating=>34, :state=>{:unknown=>0, :possibly_lighter=>1, :possibly_heavier=>1, :normal=>6}}
D, [2018-03-31T11:57:41.160911 #1356] DEBUG -- : calculating updated score for older state...
D, [2018-03-31T11:57:41.164406 #1356] DEBUG -- : generating weighed rated selections...
D, [2018-03-31T11:57:41.272705 #1356] DEBUG -- : scoring weighed rated selections...
D, [2018-03-31T11:57:41.272836 #1356] DEBUG -- : Saving scored selections...
D, [2018-03-31T11:57:41.288054 #1356] DEBUG -- : State Score successfully calculated


D, [2018-03-31T11:57:41.288155 #1356] DEBUG -- : Scoring new state: {:rating=>37, :state=>{:unknown=>0, :possibly_lighter=>1, :possibly_heavier=>0, :normal=>7}}
D, [2018-03-31T11:57:41.288183 #1356] DEBUG -- : State Score successfully calculated


D, [2018-03-31T11:57:41.288220 #1356] DEBUG -- : Scoring new state: {:rating=>37, :state=>{:unknown=>0, :possibly_lighter=>0, :possibly_heavier=>1, :normal=>7}}
D, [2018-03-31T11:57:41.288241 #1356] DEBUG -- : State Score successfully calculated


D, [2018-03-31T11:57:41.288266 #1356] DEBUG -- : Scoring new state: {:rating=>37, :state=>{:unknown=>0, :possibly_lighter=>1, :possibly_heavier=>0, :normal=>7}}
D, [2018-03-31T11:57:41.288286 #1356] DEBUG -- : State Score successfully calculated


D, [2018-03-31T11:57:41.288310 #1356] DEBUG -- : Scoring new state: {:rating=>34, :state=>{:unknown=>0, :possibly_lighter=>2, :possibly_heavier=>0, :normal=>6}}
D, [2018-03-31T11:57:41.290889 #1356] DEBUG -- : returning fully calculated score...
D, [2018-03-31T11:57:41.290945 #1356] DEBUG -- : State Score successfully calculated


D, [2018-03-31T11:57:41.291001 #1356] DEBUG -- : Scoring new state: {:rating=>34, :state=>{:unknown=>0, :possibly_lighter=>1, :possibly_heavier=>1, :normal=>6}}
D, [2018-03-31T11:57:41.293515 #1356] DEBUG -- : returning fully calculated score...
D, [2018-03-31T11:57:41.293585 #1356] DEBUG -- : State Score successfully calculated


D, [2018-03-31T11:57:41.293621 #1356] DEBUG -- : Scoring new state: {:rating=>37, :state=>{:unknown=>0, :possibly_lighter=>1, :possibly_heavier=>0, :normal=>7}}
D, [2018-03-31T11:57:41.293643 #1356] DEBUG -- : State Score successfully calculated


D, [2018-03-31T11:57:41.293677 #1356] DEBUG -- : Scoring new state: {:rating=>32, :state=>{:unknown=>1, :possibly_lighter=>1, :possibly_heavier=>0, :normal=>6}}
D, [2018-03-31T11:57:41.296225 #1356] DEBUG -- : calculating updated score for older state...
D, [2018-03-31T11:57:41.299650 #1356] DEBUG -- : generating weighed rated selections...
D, [2018-03-31T11:57:41.300691 #1356] DEBUG -- : -------> building selection...
D, [2018-03-31T11:57:41.301572 #1356] DEBUG -- : -------> building new state...
D, [2018-03-31T11:57:41.301826 #1356] DEBUG -- : -------> building new state...
D, [2018-03-31T11:57:41.302056 #1356] DEBUG -- : -------> building selection...
D, [2018-03-31T11:57:41.302410 #1356] DEBUG -- : -------> building new state...
D, [2018-03-31T11:57:41.302511 #1356] DEBUG -- : -------> building new state...
D, [2018-03-31T11:57:41.302698 #1356] DEBUG -- : -------> building selection...
D, [2018-03-31T11:57:41.303036 #1356] DEBUG -- : -------> building new state...
D, [2018-03-31T11:57:41.303137 #1356] DEBUG -- : -------> building new state...
D, [2018-03-31T11:57:41.303318 #1356] DEBUG -- : -------> building selection...
D, [2018-03-31T11:57:41.303675 #1356] DEBUG -- : -------> building new state...
D, [2018-03-31T11:57:41.303774 #1356] DEBUG -- : -------> building new state...
D, [2018-03-31T11:57:41.303955 #1356] DEBUG -- : -------> building selection...
D, [2018-03-31T11:57:41.304270 #1356] DEBUG -- : -------> building new state...
D, [2018-03-31T11:57:41.304372 #1356] DEBUG -- : -------> building new state...
D, [2018-03-31T11:57:41.304557 #1356] DEBUG -- : -------> building selection...
D, [2018-03-31T11:57:41.304905 #1356] DEBUG -- : -------> building new state...
D, [2018-03-31T11:57:41.305008 #1356] DEBUG -- : -------> building new state...
D, [2018-03-31T11:57:41.305192 #1356] DEBUG -- : -------> building selection...
D, [2018-03-31T11:57:41.305508 #1356] DEBUG -- : -------> building new state...
D, [2018-03-31T11:57:41.305622 #1356] DEBUG -- : -------> building new state...
D, [2018-03-31T11:57:41.305803 #1356] DEBUG -- : -------> building selection...
D, [2018-03-31T11:57:41.306147 #1356] DEBUG -- : -------> building new state...
D, [2018-03-31T11:57:41.306246 #1356] DEBUG -- : -------> building new state...
D, [2018-03-31T11:57:41.306444 #1356] DEBUG -- : -------> building selection...
D, [2018-03-31T11:57:41.306758 #1356] DEBUG -- : -------> building new state...
D, [2018-03-31T11:57:41.306902 #1356] DEBUG -- : -------> building new state...
D, [2018-03-31T11:57:41.307128 #1356] DEBUG -- : -------> building selection...
D, [2018-03-31T11:57:41.307602 #1356] DEBUG -- : -------> building new state...
D, [2018-03-31T11:57:41.307710 #1356] DEBUG -- : -------> building new state...
D, [2018-03-31T11:57:41.307896 #1356] DEBUG -- : -------> building selection...
D, [2018-03-31T11:57:41.308211 #1356] DEBUG -- : -------> building new state...
D, [2018-03-31T11:57:41.308309 #1356] DEBUG -- : -------> building new state...
D, [2018-03-31T11:57:41.308491 #1356] DEBUG -- : -------> building selection...
D, [2018-03-31T11:57:41.308833 #1356] DEBUG -- : -------> building new state...
D, [2018-03-31T11:57:41.308932 #1356] DEBUG -- : -------> building new state...
D, [2018-03-31T11:57:41.309108 #1356] DEBUG -- : -------> building selection...
D, [2018-03-31T11:57:41.309416 #1356] DEBUG -- : -------> building new state...
D, [2018-03-31T11:57:41.309514 #1356] DEBUG -- : -------> building new state...
D, [2018-03-31T11:57:41.309720 #1356] DEBUG -- : -------> building selection...
D, [2018-03-31T11:57:41.310027 #1356] DEBUG -- : -------> building new state...
D, [2018-03-31T11:57:41.310124 #1356] DEBUG -- : -------> building new state...
D, [2018-03-31T11:57:41.310300 #1356] DEBUG -- : -------> building selection...
D, [2018-03-31T11:57:41.310603 #1356] DEBUG -- : -------> building new state...
D, [2018-03-31T11:57:41.310700 #1356] DEBUG -- : -------> building new state...
D, [2018-03-31T11:57:41.310914 #1356] DEBUG -- : -------> building selection...
D, [2018-03-31T11:57:41.311250 #1356] DEBUG -- : -------> building new state...
D, [2018-03-31T11:57:41.311349 #1356] DEBUG -- : -------> building new state...
D, [2018-03-31T11:57:41.311531 #1356] DEBUG -- : -------> building selection...
D, [2018-03-31T11:57:41.311839 #1356] DEBUG -- : -------> building new state...
D, [2018-03-31T11:57:41.311937 #1356] DEBUG -- : -------> building new state...
D, [2018-03-31T11:57:41.312139 #1356] DEBUG -- : -------> building selection...
D, [2018-03-31T11:57:41.312450 #1356] DEBUG -- : -------> building new state...
D, [2018-03-31T11:57:41.312549 #1356] DEBUG -- : -------> building new state...
D, [2018-03-31T11:57:41.312725 #1356] DEBUG -- : -------> building selection...
D, [2018-03-31T11:57:41.313031 #1356] DEBUG -- : -------> building new state...
D, [2018-03-31T11:57:41.313131 #1356] DEBUG -- : -------> building new state...
D, [2018-03-31T11:57:41.313480 #1356] DEBUG -- : -------> building selection...
D, [2018-03-31T11:57:41.313812 #1356] DEBUG -- : -------> building new state...
D, [2018-03-31T11:57:41.313912 #1356] DEBUG -- : -------> building new state...
D, [2018-03-31T11:57:41.314092 #1356] DEBUG -- : -------> building selection...
D, [2018-03-31T11:57:41.314397 #1356] DEBUG -- : -------> building new state...
D, [2018-03-31T11:57:41.314518 #1356] DEBUG -- : -------> building new state...
D, [2018-03-31T11:57:41.314696 #1356] DEBUG -- : -------> building selection...
D, [2018-03-31T11:57:41.315019 #1356] DEBUG -- : -------> building new state...
D, [2018-03-31T11:57:41.315120 #1356] DEBUG -- : -------> building new state...
D, [2018-03-31T11:57:41.315312 #1356] DEBUG -- : -------> building selection...
D, [2018-03-31T11:57:41.315624 #1356] DEBUG -- : -------> building new state...
D, [2018-03-31T11:57:41.315738 #1356] DEBUG -- : -------> building new state...
D, [2018-03-31T11:57:41.315916 #1356] DEBUG -- : -------> building selection...
D, [2018-03-31T11:57:41.316250 #1356] DEBUG -- : -------> building new state...
D, [2018-03-31T11:57:41.316460 #1356] DEBUG -- : -------> building new state...
D, [2018-03-31T11:57:41.316686 #1356] DEBUG -- : -------> building selection...
D, [2018-03-31T11:57:41.317022 #1356] DEBUG -- : -------> building new state...
D, [2018-03-31T11:57:41.317127 #1356] DEBUG -- : -------> building new state...
D, [2018-03-31T11:57:41.317309 #1356] DEBUG -- : -------> building selection...
D, [2018-03-31T11:57:41.317647 #1356] DEBUG -- : -------> building new state...
D, [2018-03-31T11:57:41.317757 #1356] DEBUG -- : -------> building new state...
D, [2018-03-31T11:57:41.317939 #1356] DEBUG -- : scoring weighed rated selections...
D, [2018-03-31T11:57:41.317981 #1356] DEBUG -- : Saving scored selections...
D, [2018-03-31T11:57:41.324440 #1356] DEBUG -- : State Score successfully calculated


D, [2018-03-31T11:57:41.324513 #1356] DEBUG -- : Scoring new state: {:rating=>37, :state=>{:unknown=>0, :possibly_lighter=>1, :possibly_heavier=>0, :normal=>7}}
D, [2018-03-31T11:57:41.324537 #1356] DEBUG -- : State Score successfully calculated


D, [2018-03-31T11:57:41.324573 #1356] DEBUG -- : Scoring new state: {:rating=>37, :state=>{:unknown=>0, :possibly_lighter=>0, :possibly_heavier=>1, :normal=>7}}
D, [2018-03-31T11:57:41.324593 #1356] DEBUG -- : State Score successfully calculated


D, [2018-03-31T11:57:41.324619 #1356] DEBUG -- : Scoring new state: {:rating=>37, :state=>{:unknown=>0, :possibly_lighter=>1, :possibly_heavier=>0, :normal=>7}}
D, [2018-03-31T11:57:41.324638 #1356] DEBUG -- : State Score successfully calculated


D, [2018-03-31T11:57:41.324663 #1356] DEBUG -- : Scoring new state: {:rating=>34, :state=>{:unknown=>0, :possibly_lighter=>2, :possibly_heavier=>0, :normal=>6}}
D, [2018-03-31T11:57:41.327382 #1356] DEBUG -- : returning fully calculated score...
D, [2018-03-31T11:57:41.327442 #1356] DEBUG -- : State Score successfully calculated


D, [2018-03-31T11:57:41.327498 #1356] DEBUG -- : Scoring new state: {:rating=>35, :state=>{:unknown=>1, :possibly_lighter=>0, :possibly_heavier=>0, :normal=>7}}
D, [2018-03-31T11:57:41.330028 #1356] DEBUG -- : returning fully calculated score...
D, [2018-03-31T11:57:41.330087 #1356] DEBUG -- : State Score successfully calculated


D, [2018-03-31T11:57:41.330124 #1356] DEBUG -- : Scoring new state: {:rating=>34, :state=>{:unknown=>0, :possibly_lighter=>2, :possibly_heavier=>0, :normal=>6}}
D, [2018-03-31T11:57:41.332572 #1356] DEBUG -- : returning fully calculated score...
D, [2018-03-31T11:57:41.332635 #1356] DEBUG -- : State Score successfully calculated


D, [2018-03-31T11:57:41.332698 #1356] DEBUG -- : Scoring new state: {:rating=>37, :state=>{:unknown=>0, :possibly_lighter=>0, :possibly_heavier=>1, :normal=>7}}
D, [2018-03-31T11:57:41.332721 #1356] DEBUG -- : State Score successfully calculated


D, [2018-03-31T11:57:41.332748 #1356] DEBUG -- : Scoring new state: {:rating=>34, :state=>{:unknown=>0, :possibly_lighter=>2, :possibly_heavier=>0, :normal=>6}}
D, [2018-03-31T11:57:41.335157 #1356] DEBUG -- : returning fully calculated score...
D, [2018-03-31T11:57:41.335212 #1356] DEBUG -- : State Score successfully calculated


D, [2018-03-31T11:57:41.335246 #1356] DEBUG -- : Scoring new state: {:rating=>37, :state=>{:unknown=>0, :possibly_lighter=>1, :possibly_heavier=>0, :normal=>7}}
D, [2018-03-31T11:57:41.335268 #1356] DEBUG -- : State Score successfully calculated


D, [2018-03-31T11:57:41.335303 #1356] DEBUG -- : Scoring new state: {:rating=>32, :state=>{:unknown=>1, :possibly_lighter=>1, :possibly_heavier=>0, :normal=>6}}
D, [2018-03-31T11:57:41.337699 #1356] DEBUG -- : calculating updated score for older state...
D, [2018-03-31T11:57:41.341018 #1356] DEBUG -- : generating weighed rated selections...
D, [2018-03-31T11:57:41.342053 #1356] DEBUG -- : -------> building selection...
D, [2018-03-31T11:57:41.342973 #1356] DEBUG -- : -------> building new state...
D, [2018-03-31T11:57:41.343222 #1356] DEBUG -- : -------> building new state...
D, [2018-03-31T11:57:41.343448 #1356] DEBUG -- : -------> building selection...
D, [2018-03-31T11:57:41.343782 #1356] DEBUG -- : -------> building new state...
D, [2018-03-31T11:57:41.343899 #1356] DEBUG -- : -------> building new state...
D, [2018-03-31T11:57:41.344082 #1356] DEBUG -- : -------> building selection...
D, [2018-03-31T11:57:41.344407 #1356] DEBUG -- : -------> building new state...
D, [2018-03-31T11:57:41.344514 #1356] DEBUG -- : -------> building new state...
D, [2018-03-31T11:57:41.344716 #1356] DEBUG -- : -------> building selection...
D, [2018-03-31T11:57:41.345022 #1356] DEBUG -- : -------> building new state...
D, [2018-03-31T11:57:41.345131 #1356] DEBUG -- : -------> building new state...
D, [2018-03-31T11:57:41.345323 #1356] DEBUG -- : -------> building selection...
D, [2018-03-31T11:57:41.345655 #1356] DEBUG -- : -------> building new state...
D, [2018-03-31T11:57:41.345755 #1356] DEBUG -- : -------> building new state...
D, [2018-03-31T11:57:41.345935 #1356] DEBUG -- : -------> building selection...
D, [2018-03-31T11:57:41.346253 #1356] DEBUG -- : -------> building new state...
D, [2018-03-31T11:57:41.346351 #1356] DEBUG -- : -------> building new state...
D, [2018-03-31T11:57:41.346527 #1356] DEBUG -- : -------> building selection...
D, [2018-03-31T11:57:41.346864 #1356] DEBUG -- : -------> building new state...
D, [2018-03-31T11:57:41.346969 #1356] DEBUG -- : -------> building new state...
D, [2018-03-31T11:57:41.347145 #1356] DEBUG -- : -------> building selection...
D, [2018-03-31T11:57:41.347460 #1356] DEBUG -- : -------> building new state...
D, [2018-03-31T11:57:41.347573 #1356] DEBUG -- : -------> building new state...
D, [2018-03-31T11:57:41.347813 #1356] DEBUG -- : -------> building selection...
D, [2018-03-31T11:57:41.348172 #1356] DEBUG -- : -------> building new state...
D, [2018-03-31T11:57:41.348359 #1356] DEBUG -- : -------> building new state...
D, [2018-03-31T11:57:41.348607 #1356] DEBUG -- : -------> building selection...
D, [2018-03-31T11:57:41.348979 #1356] DEBUG -- : -------> building new state...
D, [2018-03-31T11:57:41.349081 #1356] DEBUG -- : -------> building new state...
D, [2018-03-31T11:57:41.349288 #1356] DEBUG -- : -------> building selection...
D, [2018-03-31T11:57:41.349636 #1356] DEBUG -- : -------> building new state...
D, [2018-03-31T11:57:41.349756 #1356] DEBUG -- : -------> building new state...
D, [2018-03-31T11:57:41.350773 #1356] DEBUG -- : -------> building selection...
D, [2018-03-31T11:57:41.351255 #1356] DEBUG -- : -------> building new state...
D, [2018-03-31T11:57:41.351386 #1356] DEBUG -- : -------> building new state...
D, [2018-03-31T11:57:41.351663 #1356] DEBUG -- : -------> building selection...
D, [2018-03-31T11:57:41.352038 #1356] DEBUG -- : -------> building new state...
D, [2018-03-31T11:57:41.352141 #1356] DEBUG -- : -------> building new state...
D, [2018-03-31T11:57:41.352362 #1356] DEBUG -- : -------> building selection...
D, [2018-03-31T11:57:41.352671 #1356] DEBUG -- : -------> building new state...
D, [2018-03-31T11:57:41.352769 #1356] DEBUG -- : -------> building new state...
D, [2018-03-31T11:57:41.352984 #1356] DEBUG -- : -------> building selection...
D, [2018-03-31T11:57:41.353292 #1356] DEBUG -- : -------> building new state...
D, [2018-03-31T11:57:41.353434 #1356] DEBUG -- : -------> building new state...
D, [2018-03-31T11:57:41.353622 #1356] DEBUG -- : -------> building selection...
D, [2018-03-31T11:57:41.353951 #1356] DEBUG -- : -------> building new state...
D, [2018-03-31T11:57:41.354157 #1356] DEBUG -- : -------> building new state...
D, [2018-03-31T11:57:41.354380 #1356] DEBUG -- : -------> building selection...
D, [2018-03-31T11:57:41.354763 #1356] DEBUG -- : -------> building new state...
D, [2018-03-31T11:57:41.354896 #1356] DEBUG -- : -------> building new state...
D, [2018-03-31T11:57:41.355082 #1356] DEBUG -- : -------> building selection...
D, [2018-03-31T11:57:41.355431 #1356] DEBUG -- : -------> building new state...
D, [2018-03-31T11:57:41.355532 #1356] DEBUG -- : -------> building new state...
D, [2018-03-31T11:57:41.355778 #1356] DEBUG -- : -------> building selection...
D, [2018-03-31T11:57:41.356092 #1356] DEBUG -- : -------> building new state...
D, [2018-03-31T11:57:41.356190 #1356] DEBUG -- : -------> building new state...
D, [2018-03-31T11:57:41.356378 #1356] DEBUG -- : -------> building selection...
D, [2018-03-31T11:57:41.356725 #1356] DEBUG -- : -------> building new state...
D, [2018-03-31T11:57:41.356825 #1356] DEBUG -- : -------> building new state...
D, [2018-03-31T11:57:41.357045 #1356] DEBUG -- : -------> building selection...
D, [2018-03-31T11:57:41.357358 #1356] DEBUG -- : -------> building new state...
D, [2018-03-31T11:57:41.357492 #1356] DEBUG -- : -------> building new state...
D, [2018-03-31T11:57:41.357676 #1356] DEBUG -- : -------> building selection...
D, [2018-03-31T11:57:41.358026 #1356] DEBUG -- : -------> building new state...
D, [2018-03-31T11:57:41.358128 #1356] DEBUG -- : -------> building new state...
D, [2018-03-31T11:57:41.358351 #1356] DEBUG -- : -------> building selection...
D, [2018-03-31T11:57:41.358665 #1356] DEBUG -- : -------> building new state...
D, [2018-03-31T11:57:41.358766 #1356] DEBUG -- : -------> building new state...
D, [2018-03-31T11:57:41.358998 #1356] DEBUG -- : -------> building selection...
D, [2018-03-31T11:57:41.359318 #1356] DEBUG -- : -------> building new state...
D, [2018-03-31T11:57:41.359419 #1356] DEBUG -- : -------> building new state...
D, [2018-03-31T11:57:41.359621 #1356] DEBUG -- : -------> building selection...
D, [2018-03-31T11:57:41.359933 #1356] DEBUG -- : -------> building new state...
D, [2018-03-31T11:57:41.360033 #1356] DEBUG -- : -------> building new state...
D, [2018-03-31T11:57:41.360234 #1356] DEBUG -- : -------> building selection...
D, [2018-03-31T11:57:41.360544 #1356] DEBUG -- : -------> building new state...
D, [2018-03-31T11:57:41.360643 #1356] DEBUG -- : -------> building new state...
D, [2018-03-31T11:57:41.360871 #1356] DEBUG -- : scoring weighed rated selections...
D, [2018-03-31T11:57:41.360918 #1356] DEBUG -- : Saving scored selections...
D, [2018-03-31T11:57:41.367035 #1356] DEBUG -- : State Score successfully calculated


D, [2018-03-31T11:57:41.367096 #1356] DEBUG -- : Scoring new state: {:rating=>37, :state=>{:unknown=>0, :possibly_lighter=>1, :possibly_heavier=>0, :normal=>7}}
D, [2018-03-31T11:57:41.367121 #1356] DEBUG -- : State Score successfully calculated


D, [2018-03-31T11:57:41.367157 #1356] DEBUG -- : Scoring new state: {:rating=>35, :state=>{:unknown=>1, :possibly_lighter=>0, :possibly_heavier=>0, :normal=>7}}
D, [2018-03-31T11:57:41.369908 #1356] DEBUG -- : returning fully calculated score...
D, [2018-03-31T11:57:41.369967 #1356] DEBUG -- : State Score successfully calculated


D, [2018-03-31T11:57:41.370000 #1356] DEBUG -- : Scoring new state: {:rating=>37, :state=>{:unknown=>0, :possibly_lighter=>1, :possibly_heavier=>0, :normal=>7}}
D, [2018-03-31T11:57:41.370022 #1356] DEBUG -- : State Score successfully calculated


D, [2018-03-31T11:57:41.370056 #1356] DEBUG -- : Scoring new state: {:rating=>34, :state=>{:unknown=>0, :possibly_lighter=>1, :possibly_heavier=>1, :normal=>6}}
D, [2018-03-31T11:57:41.372738 #1356] DEBUG -- : returning fully calculated score...
D, [2018-03-31T11:57:41.372797 #1356] DEBUG -- : State Score successfully calculated


D, [2018-03-31T11:57:41.372836 #1356] DEBUG -- : Scoring new state: {:rating=>37, :state=>{:unknown=>0, :possibly_lighter=>1, :possibly_heavier=>0, :normal=>7}}
D, [2018-03-31T11:57:41.372876 #1356] DEBUG -- : State Score successfully calculated


D, [2018-03-31T11:57:41.372914 #1356] DEBUG -- : Scoring new state: {:rating=>34, :state=>{:unknown=>0, :possibly_lighter=>1, :possibly_heavier=>1, :normal=>6}}
D, [2018-03-31T11:57:41.375463 #1356] DEBUG -- : returning fully calculated score...
D, [2018-03-31T11:57:41.375527 #1356] DEBUG -- : State Score successfully calculated


D, [2018-03-31T11:57:41.375563 #1356] DEBUG -- : Scoring new state: {:rating=>34, :state=>{:unknown=>0, :possibly_lighter=>2, :possibly_heavier=>0, :normal=>6}}
D, [2018-03-31T11:57:41.377963 #1356] DEBUG -- : returning fully calculated score...
D, [2018-03-31T11:57:41.378026 #1356] DEBUG -- : State Score successfully calculated


D, [2018-03-31T11:57:41.378085 #1356] DEBUG -- : Scoring new state: {:rating=>37, :state=>{:unknown=>0, :possibly_lighter=>0, :possibly_heavier=>1, :normal=>7}}
D, [2018-03-31T11:57:41.378111 #1356] DEBUG -- : State Score successfully calculated


D, [2018-03-31T11:57:41.378163 #1356] DEBUG -- : Scoring new state: {:rating=>37, :state=>{:unknown=>0, :possibly_lighter=>1, :possibly_heavier=>0, :normal=>7}}
D, [2018-03-31T11:57:41.378183 #1356] DEBUG -- : State Score successfully calculated


D, [2018-03-31T11:57:41.378219 #1356] DEBUG -- : Scoring new state: {:rating=>34, :state=>{:unknown=>0, :possibly_lighter=>2, :possibly_heavier=>0, :normal=>6}}
D, [2018-03-31T11:57:41.380660 #1356] DEBUG -- : returning fully calculated score...
D, [2018-03-31T11:57:41.380723 #1356] DEBUG -- : State Score successfully calculated


D, [2018-03-31T11:57:41.380765 #1356] DEBUG -- : Scoring new state: {:rating=>34, :state=>{:unknown=>0, :possibly_lighter=>1, :possibly_heavier=>1, :normal=>6}}
D, [2018-03-31T11:57:41.383229 #1356] DEBUG -- : returning fully calculated score...
D, [2018-03-31T11:57:41.383316 #1356] DEBUG -- : State Score successfully calculated


D, [2018-03-31T11:57:41.383358 #1356] DEBUG -- : Scoring new state: {:rating=>37, :state=>{:unknown=>0, :possibly_lighter=>1, :possibly_heavier=>0, :normal=>7}}
D, [2018-03-31T11:57:41.383387 #1356] DEBUG -- : State Score successfully calculated


D, [2018-03-31T11:57:41.383429 #1356] DEBUG -- : Scoring new state: {:rating=>31, :state=>{:unknown=>0, :possibly_lighter=>2, :possibly_heavier=>1, :normal=>5}}
D, [2018-03-31T11:57:41.385813 #1356] DEBUG -- : calculating updated score for older state...
D, [2018-03-31T11:57:41.389228 #1356] DEBUG -- : generating weighed rated selections...
D, [2018-03-31T11:57:41.582381 #1356] DEBUG -- : scoring weighed rated selections...
D, [2018-03-31T11:57:41.582517 #1356] DEBUG -- : Saving scored selections...
D, [2018-03-31T11:57:41.590072 #1356] DEBUG -- : State Score successfully calculated


D, [2018-03-31T11:57:41.590162 #1356] DEBUG -- : Scoring new state: {:rating=>37, :state=>{:unknown=>0, :possibly_lighter=>1, :possibly_heavier=>0, :normal=>7}}
D, [2018-03-31T11:57:41.590189 #1356] DEBUG -- : State Score successfully calculated


D, [2018-03-31T11:57:41.590226 #1356] DEBUG -- : Scoring new state: {:rating=>35, :state=>{:unknown=>1, :possibly_lighter=>0, :possibly_heavier=>0, :normal=>7}}
D, [2018-03-31T11:57:41.592810 #1356] DEBUG -- : returning fully calculated score...
D, [2018-03-31T11:57:41.592872 #1356] DEBUG -- : State Score successfully calculated


D, [2018-03-31T11:57:41.592906 #1356] DEBUG -- : Scoring new state: {:rating=>34, :state=>{:unknown=>0, :possibly_lighter=>2, :possibly_heavier=>0, :normal=>6}}
D, [2018-03-31T11:57:41.595506 #1356] DEBUG -- : returning fully calculated score...
D, [2018-03-31T11:57:41.595576 #1356] DEBUG -- : State Score successfully calculated


D, [2018-03-31T11:57:41.595641 #1356] DEBUG -- : Scoring new state: {:rating=>31, :state=>{:unknown=>0, :possibly_lighter=>2, :possibly_heavier=>1, :normal=>5}}
D, [2018-03-31T11:57:41.598083 #1356] DEBUG -- : calculating updated score for older state...
D, [2018-03-31T11:57:41.601770 #1356] DEBUG -- : generating weighed rated selections...
D, [2018-03-31T11:57:41.602927 #1356] DEBUG -- : -------> building selection...
D, [2018-03-31T11:57:41.603745 #1356] DEBUG -- : -------> building new state...
D, [2018-03-31T11:57:41.604076 #1356] DEBUG -- : -------> building new state...
D, [2018-03-31T11:57:41.604304 #1356] DEBUG -- : -------> building selection...
D, [2018-03-31T11:57:41.604681 #1356] DEBUG -- : -------> building new state...
D, [2018-03-31T11:57:41.604843 #1356] DEBUG -- : -------> building new state...
D, [2018-03-31T11:57:41.605035 #1356] DEBUG -- : -------> building selection...
D, [2018-03-31T11:57:41.605370 #1356] DEBUG -- : -------> building new state...
D, [2018-03-31T11:57:41.605473 #1356] DEBUG -- : -------> building new state...
D, [2018-03-31T11:57:41.605657 #1356] DEBUG -- : -------> building selection...
D, [2018-03-31T11:57:41.605981 #1356] DEBUG -- : -------> building new state...
D, [2018-03-31T11:57:41.606114 #1356] DEBUG -- : -------> building new state...
D, [2018-03-31T11:57:41.606304 #1356] DEBUG -- : -------> building selection...
D, [2018-03-31T11:57:41.606622 #1356] DEBUG -- : -------> building new state...
D, [2018-03-31T11:57:41.606726 #1356] DEBUG -- : -------> building new state...
D, [2018-03-31T11:57:41.606936 #1356] DEBUG -- : -------> building selection...
D, [2018-03-31T11:57:41.607288 #1356] DEBUG -- : -------> building new state...
D, [2018-03-31T11:57:41.607410 #1356] DEBUG -- : -------> building new state...
D, [2018-03-31T11:57:41.607609 #1356] DEBUG -- : -------> building selection...
D, [2018-03-31T11:57:41.607928 #1356] DEBUG -- : -------> building new state...
D, [2018-03-31T11:57:41.608027 #1356] DEBUG -- : -------> building new state...
D, [2018-03-31T11:57:41.608214 #1356] DEBUG -- : -------> building selection...
D, [2018-03-31T11:57:41.608567 #1356] DEBUG -- : -------> building new state...
D, [2018-03-31T11:57:41.608666 #1356] DEBUG -- : -------> building new state...
D, [2018-03-31T11:57:41.608850 #1356] DEBUG -- : -------> building selection...
D, [2018-03-31T11:57:41.609172 #1356] DEBUG -- : -------> building new state...
D, [2018-03-31T11:57:41.609272 #1356] DEBUG -- : -------> building new state...
D, [2018-03-31T11:57:41.609453 #1356] DEBUG -- : -------> building selection...
D, [2018-03-31T11:57:41.609823 #1356] DEBUG -- : -------> building new state...
D, [2018-03-31T11:57:41.609923 #1356] DEBUG -- : -------> building new state...
D, [2018-03-31T11:57:41.610104 #1356] DEBUG -- : -------> building selection...
D, [2018-03-31T11:57:41.610425 #1356] DEBUG -- : -------> building new state...
D, [2018-03-31T11:57:41.610528 #1356] DEBUG -- : -------> building new state...
D, [2018-03-31T11:57:41.610711 #1356] DEBUG -- : -------> building selection...
D, [2018-03-31T11:57:41.611079 #1356] DEBUG -- : -------> building new state...
D, [2018-03-31T11:57:41.611209 #1356] DEBUG -- : -------> building new state...
D, [2018-03-31T11:57:41.611421 #1356] DEBUG -- : -------> building selection...
D, [2018-03-31T11:57:41.611742 #1356] DEBUG -- : -------> building new state...
D, [2018-03-31T11:57:41.611842 #1356] DEBUG -- : -------> building new state...
D, [2018-03-31T11:57:41.612095 #1356] DEBUG -- : -------> building selection...
D, [2018-03-31T11:57:41.614321 #1356] DEBUG -- : -------> building new state...
D, [2018-03-31T11:57:41.614471 #1356] DEBUG -- : -------> building new state...
D, [2018-03-31T11:57:41.614761 #1356] DEBUG -- : -------> building selection...
D, [2018-03-31T11:57:41.615121 #1356] DEBUG -- : -------> building new state...
D, [2018-03-31T11:57:41.615231 #1356] DEBUG -- : -------> building new state...
D, [2018-03-31T11:57:41.615474 #1356] DEBUG -- : -------> building selection...
D, [2018-03-31T11:57:41.615801 #1356] DEBUG -- : -------> building new state...
D, [2018-03-31T11:57:41.615900 #1356] DEBUG -- : -------> building new state...
D, [2018-03-31T11:57:41.616120 #1356] DEBUG -- : -------> building selection...
D, [2018-03-31T11:57:41.616472 #1356] DEBUG -- : -------> building new state...
D, [2018-03-31T11:57:41.616580 #1356] DEBUG -- : -------> building new state...
D, [2018-03-31T11:57:41.616794 #1356] DEBUG -- : -------> building selection...
D, [2018-03-31T11:57:41.617120 #1356] DEBUG -- : -------> building new state...
D, [2018-03-31T11:57:41.617225 #1356] DEBUG -- : -------> building new state...
D, [2018-03-31T11:57:41.617412 #1356] DEBUG -- : -------> building selection...
D, [2018-03-31T11:57:41.617731 #1356] DEBUG -- : -------> building new state...
D, [2018-03-31T11:57:41.617854 #1356] DEBUG -- : -------> building new state...
D, [2018-03-31T11:57:41.618064 #1356] DEBUG -- : -------> building selection...
D, [2018-03-31T11:57:41.618405 #1356] DEBUG -- : -------> building new state...
D, [2018-03-31T11:57:41.618503 #1356] DEBUG -- : -------> building new state...
D, [2018-03-31T11:57:41.618710 #1356] DEBUG -- : -------> building selection...
D, [2018-03-31T11:57:41.619065 #1356] DEBUG -- : -------> building new state...
D, [2018-03-31T11:57:41.619193 #1356] DEBUG -- : -------> building new state...
D, [2018-03-31T11:57:41.619382 #1356] DEBUG -- : -------> building selection...
D, [2018-03-31T11:57:41.619706 #1356] DEBUG -- : -------> building new state...
D, [2018-03-31T11:57:41.619808 #1356] DEBUG -- : -------> building new state...
D, [2018-03-31T11:57:41.619988 #1356] DEBUG -- : -------> building selection...
D, [2018-03-31T11:57:41.620306 #1356] DEBUG -- : -------> building new state...
D, [2018-03-31T11:57:41.620441 #1356] DEBUG -- : -------> building new state...
D, [2018-03-31T11:57:41.620627 #1356] DEBUG -- : -------> building selection...
D, [2018-03-31T11:57:41.620947 #1356] DEBUG -- : -------> building new state...
D, [2018-03-31T11:57:41.621051 #1356] DEBUG -- : -------> building new state...
D, [2018-03-31T11:57:41.621230 #1356] DEBUG -- : -------> building selection...
D, [2018-03-31T11:57:41.621599 #1356] DEBUG -- : -------> building new state...
D, [2018-03-31T11:57:41.621719 #1356] DEBUG -- : -------> building new state...
D, [2018-03-31T11:57:41.621902 #1356] DEBUG -- : -------> building selection...
D, [2018-03-31T11:57:41.622216 #1356] DEBUG -- : -------> building new state...
D, [2018-03-31T11:57:41.622313 #1356] DEBUG -- : -------> building new state...
D, [2018-03-31T11:57:41.622567 #1356] DEBUG -- : -------> building selection...
D, [2018-03-31T11:57:41.622980 #1356] DEBUG -- : -------> building new state...
D, [2018-03-31T11:57:41.623087 #1356] DEBUG -- : -------> building new state...
D, [2018-03-31T11:57:41.623283 #1356] DEBUG -- : -------> building selection...
D, [2018-03-31T11:57:41.623601 #1356] DEBUG -- : -------> building new state...
D, [2018-03-31T11:57:41.623708 #1356] DEBUG -- : -------> building new state...
D, [2018-03-31T11:57:41.623989 #1356] DEBUG -- : -------> building selection...
D, [2018-03-31T11:57:41.624341 #1356] DEBUG -- : -------> building new state...
D, [2018-03-31T11:57:41.624453 #1356] DEBUG -- : -------> building new state...
D, [2018-03-31T11:57:41.624651 #1356] DEBUG -- : -------> building selection...
D, [2018-03-31T11:57:41.624984 #1356] DEBUG -- : -------> building new state...
D, [2018-03-31T11:57:41.625095 #1356] DEBUG -- : -------> building new state...
D, [2018-03-31T11:57:41.625369 #1356] DEBUG -- : -------> building selection...
D, [2018-03-31T11:57:41.625723 #1356] DEBUG -- : -------> building new state...
D, [2018-03-31T11:57:41.625909 #1356] DEBUG -- : -------> building new state...
D, [2018-03-31T11:57:41.626111 #1356] DEBUG -- : -------> building selection...
D, [2018-03-31T11:57:41.626440 #1356] DEBUG -- : -------> building new state...
D, [2018-03-31T11:57:41.626539 #1356] DEBUG -- : -------> building new state...
D, [2018-03-31T11:57:41.626751 #1356] DEBUG -- : -------> building selection...
D, [2018-03-31T11:57:41.627087 #1356] DEBUG -- : -------> building new state...
D, [2018-03-31T11:57:41.627186 #1356] DEBUG -- : -------> building new state...
D, [2018-03-31T11:57:41.627403 #1356] DEBUG -- : -------> building selection...
D, [2018-03-31T11:57:41.627744 #1356] DEBUG -- : -------> building new state...
D, [2018-03-31T11:57:41.627843 #1356] DEBUG -- : -------> building new state...
D, [2018-03-31T11:57:41.628066 #1356] DEBUG -- : -------> building selection...
D, [2018-03-31T11:57:41.628390 #1356] DEBUG -- : -------> building new state...
D, [2018-03-31T11:57:41.628487 #1356] DEBUG -- : -------> building new state...
D, [2018-03-31T11:57:41.628670 #1356] DEBUG -- : -------> building selection...
D, [2018-03-31T11:57:41.628991 #1356] DEBUG -- : -------> building new state...
D, [2018-03-31T11:57:41.629093 #1356] DEBUG -- : -------> building new state...
D, [2018-03-31T11:57:41.629334 #1356] DEBUG -- : -------> building selection...
D, [2018-03-31T11:57:41.629661 #1356] DEBUG -- : -------> building new state...
D, [2018-03-31T11:57:41.629762 #1356] DEBUG -- : -------> building new state...
D, [2018-03-31T11:57:41.629946 #1356] DEBUG -- : -------> building selection...
D, [2018-03-31T11:57:41.630264 #1356] DEBUG -- : -------> building new state...
D, [2018-03-31T11:57:41.630389 #1356] DEBUG -- : -------> building new state...
D, [2018-03-31T11:57:41.630574 #1356] DEBUG -- : -------> building selection...
D, [2018-03-31T11:57:41.630906 #1356] DEBUG -- : -------> building new state...
D, [2018-03-31T11:57:41.631043 #1356] DEBUG -- : -------> building new state...
D, [2018-03-31T11:57:41.631236 #1356] DEBUG -- : scoring weighed rated selections...
D, [2018-03-31T11:57:41.631288 #1356] DEBUG -- : Saving scored selections...
D, [2018-03-31T11:57:41.638630 #1356] DEBUG -- : State Score successfully calculated


D, [2018-03-31T11:57:41.638703 #1356] DEBUG -- : Scoring new state: {:rating=>37, :state=>{:unknown=>0, :possibly_lighter=>1, :possibly_heavier=>0, :normal=>7}}
D, [2018-03-31T11:57:41.638728 #1356] DEBUG -- : State Score successfully calculated


D, [2018-03-31T11:57:41.638791 #1356] DEBUG -- : Scoring new state: {:rating=>37, :state=>{:unknown=>0, :possibly_lighter=>0, :possibly_heavier=>1, :normal=>7}}
D, [2018-03-31T11:57:41.638840 #1356] DEBUG -- : State Score successfully calculated


D, [2018-03-31T11:57:41.638867 #1356] DEBUG -- : Scoring new state: {:rating=>34, :state=>{:unknown=>0, :possibly_lighter=>2, :possibly_heavier=>0, :normal=>6}}
D, [2018-03-31T11:57:41.641584 #1356] DEBUG -- : returning fully calculated score...
D, [2018-03-31T11:57:41.641645 #1356] DEBUG -- : State Score successfully calculated


D, [2018-03-31T11:57:41.641682 #1356] DEBUG -- : Scoring new state: {:rating=>37, :state=>{:unknown=>0, :possibly_lighter=>1, :possibly_heavier=>0, :normal=>7}}
D, [2018-03-31T11:57:41.641705 #1356] DEBUG -- : State Score successfully calculated


D, [2018-03-31T11:57:41.641741 #1356] DEBUG -- : Scoring new state: {:rating=>34, :state=>{:unknown=>0, :possibly_lighter=>1, :possibly_heavier=>1, :normal=>6}}
D, [2018-03-31T11:57:41.644267 #1356] DEBUG -- : returning fully calculated score...
D, [2018-03-31T11:57:41.644331 #1356] DEBUG -- : State Score successfully calculated


D, [2018-03-31T11:57:41.644381 #1356] DEBUG -- : Scoring new state: {:rating=>34, :state=>{:unknown=>0, :possibly_lighter=>2, :possibly_heavier=>0, :normal=>6}}
D, [2018-03-31T11:57:41.646858 #1356] DEBUG -- : returning fully calculated score...
D, [2018-03-31T11:57:41.646916 #1356] DEBUG -- : State Score successfully calculated


D, [2018-03-31T11:57:41.646997 #1356] DEBUG -- : Scoring new state: {:rating=>32, :state=>{:unknown=>1, :possibly_lighter=>1, :possibly_heavier=>0, :normal=>6}}
D, [2018-03-31T11:57:41.649406 #1356] DEBUG -- : calculating updated score for older state...
D, [2018-03-31T11:57:41.652813 #1356] DEBUG -- : generating weighed rated selections...
D, [2018-03-31T11:57:41.653881 #1356] DEBUG -- : -------> building selection...
D, [2018-03-31T11:57:41.654789 #1356] DEBUG -- : -------> building new state...
D, [2018-03-31T11:57:41.655064 #1356] DEBUG -- : -------> building new state...
D, [2018-03-31T11:57:41.655294 #1356] DEBUG -- : -------> building selection...
D, [2018-03-31T11:57:41.655712 #1356] DEBUG -- : -------> building new state...
D, [2018-03-31T11:57:41.655819 #1356] DEBUG -- : -------> building new state...
D, [2018-03-31T11:57:41.656012 #1356] DEBUG -- : -------> building selection...
D, [2018-03-31T11:57:41.656355 #1356] DEBUG -- : -------> building new state...
D, [2018-03-31T11:57:41.656455 #1356] DEBUG -- : -------> building new state...
D, [2018-03-31T11:57:41.656644 #1356] DEBUG -- : -------> building selection...
D, [2018-03-31T11:57:41.656967 #1356] DEBUG -- : -------> building new state...
D, [2018-03-31T11:57:41.657093 #1356] DEBUG -- : -------> building new state...
D, [2018-03-31T11:57:41.657282 #1356] DEBUG -- : -------> building selection...
D, [2018-03-31T11:57:41.657606 #1356] DEBUG -- : -------> building new state...
D, [2018-03-31T11:57:41.657707 #1356] DEBUG -- : -------> building new state...
D, [2018-03-31T11:57:41.657891 #1356] DEBUG -- : -------> building selection...
D, [2018-03-31T11:57:41.658234 #1356] DEBUG -- : -------> building new state...
D, [2018-03-31T11:57:41.658337 #1356] DEBUG -- : -------> building new state...
D, [2018-03-31T11:57:41.658521 #1356] DEBUG -- : -------> building selection...
D, [2018-03-31T11:57:41.658854 #1356] DEBUG -- : -------> building new state...
D, [2018-03-31T11:57:41.658969 #1356] DEBUG -- : -------> building new state...
D, [2018-03-31T11:57:41.659198 #1356] DEBUG -- : -------> building selection...
D, [2018-03-31T11:57:41.659532 #1356] DEBUG -- : -------> building new state...
D, [2018-03-31T11:57:41.659663 #1356] DEBUG -- : -------> building new state...
D, [2018-03-31T11:57:41.659916 #1356] DEBUG -- : -------> building selection...
D, [2018-03-31T11:57:41.660250 #1356] DEBUG -- : -------> building new state...
D, [2018-03-31T11:57:41.660355 #1356] DEBUG -- : -------> building new state...
D, [2018-03-31T11:57:41.660615 #1356] DEBUG -- : -------> building selection...
D, [2018-03-31T11:57:41.660939 #1356] DEBUG -- : -------> building new state...
D, [2018-03-31T11:57:41.661077 #1356] DEBUG -- : -------> building new state...
D, [2018-03-31T11:57:41.661324 #1356] DEBUG -- : -------> building selection...
D, [2018-03-31T11:57:41.661665 #1356] DEBUG -- : -------> building new state...
D, [2018-03-31T11:57:41.661913 #1356] DEBUG -- : -------> building new state...
D, [2018-03-31T11:57:41.662134 #1356] DEBUG -- : -------> building selection...
D, [2018-03-31T11:57:41.662469 #1356] DEBUG -- : -------> building new state...
D, [2018-03-31T11:57:41.662580 #1356] DEBUG -- : -------> building new state...
D, [2018-03-31T11:57:41.662766 #1356] DEBUG -- : -------> building selection...
D, [2018-03-31T11:57:41.663185 #1356] DEBUG -- : -------> building new state...
D, [2018-03-31T11:57:41.663317 #1356] DEBUG -- : -------> building new state...
D, [2018-03-31T11:57:41.663621 #1356] DEBUG -- : -------> building selection...
D, [2018-03-31T11:57:41.663961 #1356] DEBUG -- : -------> building new state...
D, [2018-03-31T11:57:41.664062 #1356] DEBUG -- : -------> building new state...
D, [2018-03-31T11:57:41.664306 #1356] DEBUG -- : -------> building selection...
D, [2018-03-31T11:57:41.664629 #1356] DEBUG -- : -------> building new state...
D, [2018-03-31T11:57:41.664727 #1356] DEBUG -- : -------> building new state...
D, [2018-03-31T11:57:41.664932 #1356] DEBUG -- : -------> building selection...
D, [2018-03-31T11:57:41.665255 #1356] DEBUG -- : -------> building new state...
D, [2018-03-31T11:57:41.665425 #1356] DEBUG -- : -------> building new state...
D, [2018-03-31T11:57:41.667633 #1356] DEBUG -- : -------> building selection...
D, [2018-03-31T11:57:41.668092 #1356] DEBUG -- : -------> building new state...
D, [2018-03-31T11:57:41.668199 #1356] DEBUG -- : -------> building new state...
D, [2018-03-31T11:57:41.668387 #1356] DEBUG -- : -------> building selection...
D, [2018-03-31T11:57:41.668715 #1356] DEBUG -- : -------> building new state...
D, [2018-03-31T11:57:41.668848 #1356] DEBUG -- : -------> building new state...
D, [2018-03-31T11:57:41.669035 #1356] DEBUG -- : -------> building selection...
D, [2018-03-31T11:57:41.669355 #1356] DEBUG -- : -------> building new state...
D, [2018-03-31T11:57:41.669456 #1356] DEBUG -- : -------> building new state...
D, [2018-03-31T11:57:41.669636 #1356] DEBUG -- : -------> building selection...
D, [2018-03-31T11:57:41.669986 #1356] DEBUG -- : -------> building new state...
D, [2018-03-31T11:57:41.670090 #1356] DEBUG -- : -------> building new state...
D, [2018-03-31T11:57:41.670272 #1356] DEBUG -- : -------> building selection...
D, [2018-03-31T11:57:41.670588 #1356] DEBUG -- : -------> building new state...
D, [2018-03-31T11:57:41.670688 #1356] DEBUG -- : -------> building new state...
D, [2018-03-31T11:57:41.670943 #1356] DEBUG -- : -------> building selection...
D, [2018-03-31T11:57:41.671333 #1356] DEBUG -- : -------> building new state...
D, [2018-03-31T11:57:41.671445 #1356] DEBUG -- : -------> building new state...
D, [2018-03-31T11:57:41.671643 #1356] DEBUG -- : -------> building selection...
D, [2018-03-31T11:57:41.671974 #1356] DEBUG -- : -------> building new state...
D, [2018-03-31T11:57:41.672084 #1356] DEBUG -- : -------> building new state...
D, [2018-03-31T11:57:41.672277 #1356] DEBUG -- : -------> building selection...
D, [2018-03-31T11:57:41.672646 #1356] DEBUG -- : -------> building new state...
D, [2018-03-31T11:57:41.672762 #1356] DEBUG -- : -------> building new state...
D, [2018-03-31T11:57:41.672954 #1356] DEBUG -- : -------> building selection...
D, [2018-03-31T11:57:41.673285 #1356] DEBUG -- : -------> building new state...
D, [2018-03-31T11:57:41.673395 #1356] DEBUG -- : -------> building new state...
D, [2018-03-31T11:57:41.673587 #1356] DEBUG -- : -------> building selection...
D, [2018-03-31T11:57:41.673965 #1356] DEBUG -- : -------> building new state...
D, [2018-03-31T11:57:41.674078 #1356] DEBUG -- : -------> building new state...
D, [2018-03-31T11:57:41.674270 #1356] DEBUG -- : scoring weighed rated selections...
D, [2018-03-31T11:57:41.674314 #1356] DEBUG -- : Saving scored selections...
D, [2018-03-31T11:57:41.680900 #1356] DEBUG -- : State Score successfully calculated


D, [2018-03-31T11:57:41.680971 #1356] DEBUG -- : Scoring new state: {:rating=>37, :state=>{:unknown=>0, :possibly_lighter=>1, :possibly_heavier=>0, :normal=>7}}
D, [2018-03-31T11:57:41.680995 #1356] DEBUG -- : State Score successfully calculated


D, [2018-03-31T11:57:41.681030 #1356] DEBUG -- : Scoring new state: {:rating=>37, :state=>{:unknown=>0, :possibly_lighter=>0, :possibly_heavier=>1, :normal=>7}}
D, [2018-03-31T11:57:41.681051 #1356] DEBUG -- : State Score successfully calculated


D, [2018-03-31T11:57:41.681076 #1356] DEBUG -- : Scoring new state: {:rating=>37, :state=>{:unknown=>0, :possibly_lighter=>1, :possibly_heavier=>0, :normal=>7}}
D, [2018-03-31T11:57:41.681095 #1356] DEBUG -- : State Score successfully calculated


D, [2018-03-31T11:57:41.681150 #1356] DEBUG -- : Scoring new state: {:rating=>34, :state=>{:unknown=>0, :possibly_lighter=>2, :possibly_heavier=>0, :normal=>6}}
D, [2018-03-31T11:57:41.683798 #1356] DEBUG -- : returning fully calculated score...
D, [2018-03-31T11:57:41.683856 #1356] DEBUG -- : State Score successfully calculated


D, [2018-03-31T11:57:41.683898 #1356] DEBUG -- : Scoring new state: {:rating=>35, :state=>{:unknown=>1, :possibly_lighter=>0, :possibly_heavier=>0, :normal=>7}}
D, [2018-03-31T11:57:41.686496 #1356] DEBUG -- : returning fully calculated score...
D, [2018-03-31T11:57:41.686555 #1356] DEBUG -- : State Score successfully calculated


D, [2018-03-31T11:57:41.686590 #1356] DEBUG -- : Scoring new state: {:rating=>34, :state=>{:unknown=>0, :possibly_lighter=>2, :possibly_heavier=>0, :normal=>6}}
D, [2018-03-31T11:57:41.689070 #1356] DEBUG -- : returning fully calculated score...
D, [2018-03-31T11:57:41.689152 #1356] DEBUG -- : State Score successfully calculated


D, [2018-03-31T11:57:41.689199 #1356] DEBUG -- : Scoring new state: {:rating=>37, :state=>{:unknown=>0, :possibly_lighter=>0, :possibly_heavier=>1, :normal=>7}}
D, [2018-03-31T11:57:41.689223 #1356] DEBUG -- : State Score successfully calculated


D, [2018-03-31T11:57:41.689282 #1356] DEBUG -- : Scoring new state: {:rating=>34, :state=>{:unknown=>0, :possibly_lighter=>2, :possibly_heavier=>0, :normal=>6}}
D, [2018-03-31T11:57:41.691733 #1356] DEBUG -- : returning fully calculated score...
D, [2018-03-31T11:57:41.691798 #1356] DEBUG -- : State Score successfully calculated


D, [2018-03-31T11:57:41.691847 #1356] DEBUG -- : Scoring new state: {:rating=>37, :state=>{:unknown=>0, :possibly_lighter=>1, :possibly_heavier=>0, :normal=>7}}
D, [2018-03-31T11:57:41.691872 #1356] DEBUG -- : State Score successfully calculated


D, [2018-03-31T11:57:41.691907 #1356] DEBUG -- : Scoring new state: {:rating=>37, :state=>{:unknown=>0, :possibly_lighter=>0, :possibly_heavier=>1, :normal=>7}}
D, [2018-03-31T11:57:41.691937 #1356] DEBUG -- : State Score successfully calculated


D, [2018-03-31T11:57:41.691967 #1356] DEBUG -- : Scoring new state: {:rating=>31, :state=>{:unknown=>0, :possibly_lighter=>3, :possibly_heavier=>0, :normal=>5}}
D, [2018-03-31T11:57:41.694373 #1356] DEBUG -- : calculating updated score for older state...
D, [2018-03-31T11:57:41.697725 #1356] DEBUG -- : generating weighed rated selections...
D, [2018-03-31T11:57:41.788777 #1356] DEBUG -- : scoring weighed rated selections...
D, [2018-03-31T11:57:41.788894 #1356] DEBUG -- : Saving scored selections...
D, [2018-03-31T11:57:41.792997 #1356] DEBUG -- : State Score successfully calculated


D, [2018-03-31T11:57:41.793107 #1356] DEBUG -- : Scoring new state: {:rating=>32, :state=>{:unknown=>1, :possibly_lighter=>1, :possibly_heavier=>0, :normal=>6}}
D, [2018-03-31T11:57:41.795733 #1356] DEBUG -- : calculating updated score for older state...
D, [2018-03-31T11:57:41.799250 #1356] DEBUG -- : generating weighed rated selections...
D, [2018-03-31T11:57:41.800310 #1356] DEBUG -- : -------> building selection...
D, [2018-03-31T11:57:41.801187 #1356] DEBUG -- : -------> building new state...
D, [2018-03-31T11:57:41.801435 #1356] DEBUG -- : -------> building new state...
D, [2018-03-31T11:57:41.801705 #1356] DEBUG -- : -------> building selection...
D, [2018-03-31T11:57:41.802054 #1356] DEBUG -- : -------> building new state...
D, [2018-03-31T11:57:41.802179 #1356] DEBUG -- : -------> building new state...
D, [2018-03-31T11:57:41.802409 #1356] DEBUG -- : -------> building selection...
D, [2018-03-31T11:57:41.802776 #1356] DEBUG -- : -------> building new state...
D, [2018-03-31T11:57:41.802905 #1356] DEBUG -- : -------> building new state...
D, [2018-03-31T11:57:41.803145 #1356] DEBUG -- : -------> building selection...
D, [2018-03-31T11:57:41.803485 #1356] DEBUG -- : -------> building new state...
D, [2018-03-31T11:57:41.803596 #1356] DEBUG -- : -------> building new state...
D, [2018-03-31T11:57:41.803807 #1356] DEBUG -- : -------> building selection...
D, [2018-03-31T11:57:41.804175 #1356] DEBUG -- : -------> building new state...
D, [2018-03-31T11:57:41.804279 #1356] DEBUG -- : -------> building new state...
D, [2018-03-31T11:57:41.804493 #1356] DEBUG -- : -------> building selection...
D, [2018-03-31T11:57:41.804822 #1356] DEBUG -- : -------> building new state...
D, [2018-03-31T11:57:41.804924 #1356] DEBUG -- : -------> building new state...
D, [2018-03-31T11:57:41.805127 #1356] DEBUG -- : -------> building selection...
D, [2018-03-31T11:57:41.805478 #1356] DEBUG -- : -------> building new state...
D, [2018-03-31T11:57:41.805581 #1356] DEBUG -- : -------> building new state...
D, [2018-03-31T11:57:41.805771 #1356] DEBUG -- : -------> building selection...
D, [2018-03-31T11:57:41.806125 #1356] DEBUG -- : -------> building new state...
D, [2018-03-31T11:57:41.806227 #1356] DEBUG -- : -------> building new state...
D, [2018-03-31T11:57:41.806416 #1356] DEBUG -- : -------> building selection...
D, [2018-03-31T11:57:41.806738 #1356] DEBUG -- : -------> building new state...
D, [2018-03-31T11:57:41.806876 #1356] DEBUG -- : -------> building new state...
D, [2018-03-31T11:57:41.807071 #1356] DEBUG -- : -------> building selection...
D, [2018-03-31T11:57:41.809014 #1356] DEBUG -- : -------> building new state...
D, [2018-03-31T11:57:41.809220 #1356] DEBUG -- : -------> building new state...
D, [2018-03-31T11:57:41.809479 #1356] DEBUG -- : -------> building selection...
D, [2018-03-31T11:57:41.809832 #1356] DEBUG -- : -------> building new state...
D, [2018-03-31T11:57:41.809993 #1356] DEBUG -- : -------> building new state...
D, [2018-03-31T11:57:41.810200 #1356] DEBUG -- : -------> building selection...
D, [2018-03-31T11:57:41.810531 #1356] DEBUG -- : -------> building new state...
D, [2018-03-31T11:57:41.810665 #1356] DEBUG -- : -------> building new state...
D, [2018-03-31T11:57:41.810901 #1356] DEBUG -- : -------> building selection...
D, [2018-03-31T11:57:41.811264 #1356] DEBUG -- : -------> building new state...
D, [2018-03-31T11:57:41.811374 #1356] DEBUG -- : -------> building new state...
D, [2018-03-31T11:57:41.811592 #1356] DEBUG -- : -------> building selection...
D, [2018-03-31T11:57:41.811931 #1356] DEBUG -- : -------> building new state...
D, [2018-03-31T11:57:41.812041 #1356] DEBUG -- : -------> building new state...
D, [2018-03-31T11:57:41.812248 #1356] DEBUG -- : -------> building selection...
D, [2018-03-31T11:57:41.812600 #1356] DEBUG -- : -------> building new state...
D, [2018-03-31T11:57:41.812711 #1356] DEBUG -- : -------> building new state...
D, [2018-03-31T11:57:41.812977 #1356] DEBUG -- : -------> building selection...
D, [2018-03-31T11:57:41.813352 #1356] DEBUG -- : -------> building new state...
D, [2018-03-31T11:57:41.813546 #1356] DEBUG -- : -------> building new state...
D, [2018-03-31T11:57:41.813773 #1356] DEBUG -- : -------> building selection...
D, [2018-03-31T11:57:41.814146 #1356] DEBUG -- : -------> building new state...
D, [2018-03-31T11:57:41.814261 #1356] DEBUG -- : -------> building new state...
D, [2018-03-31T11:57:41.814498 #1356] DEBUG -- : -------> building selection...
D, [2018-03-31T11:57:41.814862 #1356] DEBUG -- : -------> building new state...
D, [2018-03-31T11:57:41.814994 #1356] DEBUG -- : -------> building new state...
D, [2018-03-31T11:57:41.815199 #1356] DEBUG -- : -------> building selection...
D, [2018-03-31T11:57:41.815530 #1356] DEBUG -- : -------> building new state...
D, [2018-03-31T11:57:41.815635 #1356] DEBUG -- : -------> building new state...
D, [2018-03-31T11:57:41.815852 #1356] DEBUG -- : -------> building selection...
D, [2018-03-31T11:57:41.816205 #1356] DEBUG -- : -------> building new state...
D, [2018-03-31T11:57:41.816326 #1356] DEBUG -- : -------> building new state...
D, [2018-03-31T11:57:41.816569 #1356] DEBUG -- : -------> building selection...
D, [2018-03-31T11:57:41.817025 #1356] DEBUG -- : -------> building new state...
D, [2018-03-31T11:57:41.817159 #1356] DEBUG -- : -------> building new state...
D, [2018-03-31T11:57:41.817373 #1356] DEBUG -- : -------> building selection...
D, [2018-03-31T11:57:41.817702 #1356] DEBUG -- : -------> building new state...
D, [2018-03-31T11:57:41.817822 #1356] DEBUG -- : -------> building new state...
D, [2018-03-31T11:57:41.818020 #1356] DEBUG -- : -------> building selection...
D, [2018-03-31T11:57:41.818367 #1356] DEBUG -- : -------> building new state...
D, [2018-03-31T11:57:41.818479 #1356] DEBUG -- : -------> building new state...
D, [2018-03-31T11:57:41.818684 #1356] DEBUG -- : -------> building selection...
D, [2018-03-31T11:57:41.819036 #1356] DEBUG -- : -------> building new state...
D, [2018-03-31T11:57:41.819155 #1356] DEBUG -- : -------> building new state...
D, [2018-03-31T11:57:41.819345 #1356] DEBUG -- : -------> building selection...
D, [2018-03-31T11:57:41.819667 #1356] DEBUG -- : -------> building new state...
D, [2018-03-31T11:57:41.819776 #1356] DEBUG -- : -------> building new state...
D, [2018-03-31T11:57:41.819974 #1356] DEBUG -- : -------> building selection...
D, [2018-03-31T11:57:41.820305 #1356] DEBUG -- : -------> building new state...
D, [2018-03-31T11:57:41.820411 #1356] DEBUG -- : -------> building new state...
D, [2018-03-31T11:57:41.820612 #1356] DEBUG -- : scoring weighed rated selections...
D, [2018-03-31T11:57:41.820659 #1356] DEBUG -- : Saving scored selections...
D, [2018-03-31T11:57:41.827173 #1356] DEBUG -- : State Score successfully calculated


D, [2018-03-31T11:57:41.827239 #1356] DEBUG -- : Scoring new state: {:rating=>37, :state=>{:unknown=>0, :possibly_lighter=>1, :possibly_heavier=>0, :normal=>7}}
D, [2018-03-31T11:57:41.827265 #1356] DEBUG -- : State Score successfully calculated


D, [2018-03-31T11:57:41.827301 #1356] DEBUG -- : Scoring new state: {:rating=>35, :state=>{:unknown=>1, :possibly_lighter=>0, :possibly_heavier=>0, :normal=>7}}
D, [2018-03-31T11:57:41.829999 #1356] DEBUG -- : returning fully calculated score...
D, [2018-03-31T11:57:41.830065 #1356] DEBUG -- : State Score successfully calculated


D, [2018-03-31T11:57:41.830099 #1356] DEBUG -- : Scoring new state: {:rating=>37, :state=>{:unknown=>0, :possibly_lighter=>1, :possibly_heavier=>0, :normal=>7}}
D, [2018-03-31T11:57:41.830120 #1356] DEBUG -- : State Score successfully calculated


D, [2018-03-31T11:57:41.830153 #1356] DEBUG -- : Scoring new state: {:rating=>34, :state=>{:unknown=>0, :possibly_lighter=>1, :possibly_heavier=>1, :normal=>6}}
D, [2018-03-31T11:57:41.832720 #1356] DEBUG -- : returning fully calculated score...
D, [2018-03-31T11:57:41.832779 #1356] DEBUG -- : State Score successfully calculated


D, [2018-03-31T11:57:41.832817 #1356] DEBUG -- : Scoring new state: {:rating=>37, :state=>{:unknown=>0, :possibly_lighter=>1, :possibly_heavier=>0, :normal=>7}}
D, [2018-03-31T11:57:41.832840 #1356] DEBUG -- : State Score successfully calculated


D, [2018-03-31T11:57:41.832874 #1356] DEBUG -- : Scoring new state: {:rating=>34, :state=>{:unknown=>0, :possibly_lighter=>1, :possibly_heavier=>1, :normal=>6}}
D, [2018-03-31T11:57:41.835407 #1356] DEBUG -- : returning fully calculated score...
D, [2018-03-31T11:57:41.835472 #1356] DEBUG -- : State Score successfully calculated


D, [2018-03-31T11:57:41.835508 #1356] DEBUG -- : Scoring new state: {:rating=>34, :state=>{:unknown=>0, :possibly_lighter=>2, :possibly_heavier=>0, :normal=>6}}
D, [2018-03-31T11:57:41.837955 #1356] DEBUG -- : returning fully calculated score...
D, [2018-03-31T11:57:41.838017 #1356] DEBUG -- : State Score successfully calculated


D, [2018-03-31T11:57:41.838079 #1356] DEBUG -- : Scoring new state: {:rating=>37, :state=>{:unknown=>0, :possibly_lighter=>0, :possibly_heavier=>1, :normal=>7}}
D, [2018-03-31T11:57:41.838102 #1356] DEBUG -- : State Score successfully calculated


D, [2018-03-31T11:57:41.838128 #1356] DEBUG -- : Scoring new state: {:rating=>37, :state=>{:unknown=>0, :possibly_lighter=>1, :possibly_heavier=>0, :normal=>7}}
D, [2018-03-31T11:57:41.838148 #1356] DEBUG -- : State Score successfully calculated


D, [2018-03-31T11:57:41.838174 #1356] DEBUG -- : Scoring new state: {:rating=>34, :state=>{:unknown=>0, :possibly_lighter=>2, :possibly_heavier=>0, :normal=>6}}
D, [2018-03-31T11:57:41.840662 #1356] DEBUG -- : returning fully calculated score...
D, [2018-03-31T11:57:41.840725 #1356] DEBUG -- : State Score successfully calculated


D, [2018-03-31T11:57:41.840769 #1356] DEBUG -- : Scoring new state: {:rating=>34, :state=>{:unknown=>0, :possibly_lighter=>1, :possibly_heavier=>1, :normal=>6}}
D, [2018-03-31T11:57:41.843233 #1356] DEBUG -- : returning fully calculated score...
D, [2018-03-31T11:57:41.843298 #1356] DEBUG -- : State Score successfully calculated


D, [2018-03-31T11:57:41.843333 #1356] DEBUG -- : Scoring new state: {:rating=>37, :state=>{:unknown=>0, :possibly_lighter=>1, :possibly_heavier=>0, :normal=>7}}
D, [2018-03-31T11:57:41.843355 #1356] DEBUG -- : State Score successfully calculated


D, [2018-03-31T11:57:41.843389 #1356] DEBUG -- : Scoring new state: {:rating=>31, :state=>{:unknown=>0, :possibly_lighter=>2, :possibly_heavier=>1, :normal=>5}}
D, [2018-03-31T11:57:41.845797 #1356] DEBUG -- : calculating updated score for older state...
D, [2018-03-31T11:57:41.849171 #1356] DEBUG -- : generating weighed rated selections...
D, [2018-03-31T11:57:41.850293 #1356] DEBUG -- : -------> building selection...
D, [2018-03-31T11:57:41.851150 #1356] DEBUG -- : -------> building new state...
D, [2018-03-31T11:57:41.851493 #1356] DEBUG -- : -------> building new state...
D, [2018-03-31T11:57:41.851761 #1356] DEBUG -- : -------> building selection...
D, [2018-03-31T11:57:41.852116 #1356] DEBUG -- : -------> building new state...
D, [2018-03-31T11:57:41.852237 #1356] DEBUG -- : -------> building new state...
D, [2018-03-31T11:57:41.852446 #1356] DEBUG -- : -------> building selection...
D, [2018-03-31T11:57:41.852785 #1356] DEBUG -- : -------> building new state...
D, [2018-03-31T11:57:41.852892 #1356] DEBUG -- : -------> building new state...
D, [2018-03-31T11:57:41.853110 #1356] DEBUG -- : -------> building selection...
D, [2018-03-31T11:57:41.853462 #1356] DEBUG -- : -------> building new state...
D, [2018-03-31T11:57:41.853570 #1356] DEBUG -- : -------> building new state...
D, [2018-03-31T11:57:41.853781 #1356] DEBUG -- : -------> building selection...
D, [2018-03-31T11:57:41.854128 #1356] DEBUG -- : -------> building new state...
D, [2018-03-31T11:57:41.854235 #1356] DEBUG -- : -------> building new state...
D, [2018-03-31T11:57:41.854451 #1356] DEBUG -- : -------> building selection...
D, [2018-03-31T11:57:41.854812 #1356] DEBUG -- : -------> building new state...
D, [2018-03-31T11:57:41.854931 #1356] DEBUG -- : -------> building new state...
D, [2018-03-31T11:57:41.855124 #1356] DEBUG -- : -------> building selection...
D, [2018-03-31T11:57:41.855461 #1356] DEBUG -- : -------> building new state...
D, [2018-03-31T11:57:41.855564 #1356] DEBUG -- : -------> building new state...
D, [2018-03-31T11:57:41.855761 #1356] DEBUG -- : -------> building selection...
D, [2018-03-31T11:57:41.856103 #1356] DEBUG -- : -------> building new state...
D, [2018-03-31T11:57:41.856225 #1356] DEBUG -- : -------> building new state...
D, [2018-03-31T11:57:41.856423 #1356] DEBUG -- : -------> building selection...
D, [2018-03-31T11:57:41.856769 #1356] DEBUG -- : -------> building new state...
D, [2018-03-31T11:57:41.856877 #1356] DEBUG -- : -------> building new state...
D, [2018-03-31T11:57:41.857088 #1356] DEBUG -- : -------> building selection...
D, [2018-03-31T11:57:41.857414 #1356] DEBUG -- : -------> building new state...
D, [2018-03-31T11:57:41.857519 #1356] DEBUG -- : -------> building new state...
D, [2018-03-31T11:57:41.857718 #1356] DEBUG -- : -------> building selection...
D, [2018-03-31T11:57:41.858058 #1356] DEBUG -- : -------> building new state...
D, [2018-03-31T11:57:41.858162 #1356] DEBUG -- : -------> building new state...
D, [2018-03-31T11:57:41.858357 #1356] DEBUG -- : -------> building selection...
D, [2018-03-31T11:57:41.858695 #1356] DEBUG -- : -------> building new state...
D, [2018-03-31T11:57:41.858831 #1356] DEBUG -- : -------> building new state...
D, [2018-03-31T11:57:41.859037 #1356] DEBUG -- : -------> building selection...
D, [2018-03-31T11:57:41.860128 #1356] DEBUG -- : -------> building new state...
D, [2018-03-31T11:57:41.860304 #1356] DEBUG -- : -------> building new state...
D, [2018-03-31T11:57:41.860543 #1356] DEBUG -- : -------> building selection...
D, [2018-03-31T11:57:41.860886 #1356] DEBUG -- : -------> building new state...
D, [2018-03-31T11:57:41.861074 #1356] DEBUG -- : -------> building new state...
D, [2018-03-31T11:57:41.861286 #1356] DEBUG -- : -------> building selection...
D, [2018-03-31T11:57:41.861659 #1356] DEBUG -- : -------> building new state...
D, [2018-03-31T11:57:41.861765 #1356] DEBUG -- : -------> building new state...
D, [2018-03-31T11:57:41.861955 #1356] DEBUG -- : -------> building selection...
D, [2018-03-31T11:57:41.862279 #1356] DEBUG -- : -------> building new state...
D, [2018-03-31T11:57:41.862377 #1356] DEBUG -- : -------> building new state...
D, [2018-03-31T11:57:41.862626 #1356] DEBUG -- : -------> building selection...
D, [2018-03-31T11:57:41.862971 #1356] DEBUG -- : -------> building new state...
D, [2018-03-31T11:57:41.863073 #1356] DEBUG -- : -------> building new state...
D, [2018-03-31T11:57:41.863273 #1356] DEBUG -- : -------> building selection...
D, [2018-03-31T11:57:41.863604 #1356] DEBUG -- : -------> building new state...
D, [2018-03-31T11:57:41.863704 #1356] DEBUG -- : -------> building new state...
D, [2018-03-31T11:57:41.863924 #1356] DEBUG -- : -------> building selection...
D, [2018-03-31T11:57:41.864248 #1356] DEBUG -- : -------> building new state...
D, [2018-03-31T11:57:41.864346 #1356] DEBUG -- : -------> building new state...
D, [2018-03-31T11:57:41.864533 #1356] DEBUG -- : -------> building selection...
D, [2018-03-31T11:57:41.864890 #1356] DEBUG -- : -------> building new state...
D, [2018-03-31T11:57:41.865090 #1356] DEBUG -- : -------> building new state...
D, [2018-03-31T11:57:41.865341 #1356] DEBUG -- : -------> building selection...
D, [2018-03-31T11:57:41.865693 #1356] DEBUG -- : -------> building new state...
D, [2018-03-31T11:57:41.865797 #1356] DEBUG -- : -------> building new state...
D, [2018-03-31T11:57:41.865989 #1356] DEBUG -- : -------> building selection...
D, [2018-03-31T11:57:41.866321 #1356] DEBUG -- : -------> building new state...
D, [2018-03-31T11:57:41.866424 #1356] DEBUG -- : -------> building new state...
D, [2018-03-31T11:57:41.866645 #1356] DEBUG -- : -------> building selection...
D, [2018-03-31T11:57:41.867002 #1356] DEBUG -- : -------> building new state...
D, [2018-03-31T11:57:41.867104 #1356] DEBUG -- : -------> building new state...
D, [2018-03-31T11:57:41.867296 #1356] DEBUG -- : -------> building selection...
D, [2018-03-31T11:57:41.867620 #1356] DEBUG -- : -------> building new state...
D, [2018-03-31T11:57:41.867724 #1356] DEBUG -- : -------> building new state...
D, [2018-03-31T11:57:41.867947 #1356] DEBUG -- : -------> building selection...
D, [2018-03-31T11:57:41.868270 #1356] DEBUG -- : -------> building new state...
D, [2018-03-31T11:57:41.868371 #1356] DEBUG -- : -------> building new state...
D, [2018-03-31T11:57:41.868573 #1356] DEBUG -- : -------> building selection...
D, [2018-03-31T11:57:41.868905 #1356] DEBUG -- : -------> building new state...
D, [2018-03-31T11:57:41.869007 #1356] DEBUG -- : -------> building new state...
D, [2018-03-31T11:57:41.869239 #1356] DEBUG -- : -------> building selection...
D, [2018-03-31T11:57:41.869568 #1356] DEBUG -- : -------> building new state...
D, [2018-03-31T11:57:41.869667 #1356] DEBUG -- : -------> building new state...
D, [2018-03-31T11:57:41.869856 #1356] DEBUG -- : -------> building selection...
D, [2018-03-31T11:57:41.870188 #1356] DEBUG -- : -------> building new state...
D, [2018-03-31T11:57:41.870289 #1356] DEBUG -- : -------> building new state...
D, [2018-03-31T11:57:41.870509 #1356] DEBUG -- : -------> building selection...
D, [2018-03-31T11:57:41.870848 #1356] DEBUG -- : -------> building new state...
D, [2018-03-31T11:57:41.870954 #1356] DEBUG -- : -------> building new state...
D, [2018-03-31T11:57:41.871142 #1356] DEBUG -- : -------> building selection...
D, [2018-03-31T11:57:41.871472 #1356] DEBUG -- : -------> building new state...
D, [2018-03-31T11:57:41.871575 #1356] DEBUG -- : -------> building new state...
D, [2018-03-31T11:57:41.871794 #1356] DEBUG -- : -------> building selection...
D, [2018-03-31T11:57:41.872123 #1356] DEBUG -- : -------> building new state...
D, [2018-03-31T11:57:41.872232 #1356] DEBUG -- : -------> building new state...
D, [2018-03-31T11:57:41.872480 #1356] DEBUG -- : -------> building selection...
D, [2018-03-31T11:57:41.872806 #1356] DEBUG -- : -------> building new state...
D, [2018-03-31T11:57:41.872909 #1356] DEBUG -- : -------> building new state...
D, [2018-03-31T11:57:41.873168 #1356] DEBUG -- : -------> building selection...
D, [2018-03-31T11:57:41.873495 #1356] DEBUG -- : -------> building new state...
D, [2018-03-31T11:57:41.873593 #1356] DEBUG -- : -------> building new state...
D, [2018-03-31T11:57:41.873791 #1356] DEBUG -- : -------> building selection...
D, [2018-03-31T11:57:41.874125 #1356] DEBUG -- : -------> building new state...
D, [2018-03-31T11:57:41.874289 #1356] DEBUG -- : -------> building new state...
D, [2018-03-31T11:57:41.874502 #1356] DEBUG -- : -------> building selection...
D, [2018-03-31T11:57:41.874842 #1356] DEBUG -- : -------> building new state...
D, [2018-03-31T11:57:41.874944 #1356] DEBUG -- : -------> building new state...
D, [2018-03-31T11:57:41.875137 #1356] DEBUG -- : -------> building selection...
D, [2018-03-31T11:57:41.875537 #1356] DEBUG -- : -------> building new state...
D, [2018-03-31T11:57:41.875643 #1356] DEBUG -- : -------> building new state...
D, [2018-03-31T11:57:41.875829 #1356] DEBUG -- : -------> building selection...
D, [2018-03-31T11:57:41.876193 #1356] DEBUG -- : -------> building new state...
D, [2018-03-31T11:57:41.876313 #1356] DEBUG -- : -------> building new state...
D, [2018-03-31T11:57:41.876574 #1356] DEBUG -- : -------> building selection...
D, [2018-03-31T11:57:41.876924 #1356] DEBUG -- : -------> building new state...
D, [2018-03-31T11:57:41.877025 #1356] DEBUG -- : -------> building new state...
D, [2018-03-31T11:57:41.877211 #1356] DEBUG -- : -------> building selection...
D, [2018-03-31T11:57:41.877535 #1356] DEBUG -- : -------> building new state...
D, [2018-03-31T11:57:41.877692 #1356] DEBUG -- : -------> building new state...
D, [2018-03-31T11:57:41.877898 #1356] DEBUG -- : scoring weighed rated selections...
D, [2018-03-31T11:57:41.877947 #1356] DEBUG -- : Saving scored selections...
D, [2018-03-31T11:57:41.885352 #1356] DEBUG -- : State Score successfully calculated


D, [2018-03-31T11:57:41.885427 #1356] DEBUG -- : Scoring new state: {:rating=>37, :state=>{:unknown=>0, :possibly_lighter=>1, :possibly_heavier=>0, :normal=>7}}
D, [2018-03-31T11:57:41.885451 #1356] DEBUG -- : State Score successfully calculated


D, [2018-03-31T11:57:41.885487 #1356] DEBUG -- : Scoring new state: {:rating=>35, :state=>{:unknown=>1, :possibly_lighter=>0, :possibly_heavier=>0, :normal=>7}}
D, [2018-03-31T11:57:41.888233 #1356] DEBUG -- : returning fully calculated score...
D, [2018-03-31T11:57:41.888299 #1356] DEBUG -- : State Score successfully calculated


D, [2018-03-31T11:57:41.888333 #1356] DEBUG -- : Scoring new state: {:rating=>34, :state=>{:unknown=>0, :possibly_lighter=>2, :possibly_heavier=>0, :normal=>6}}
D, [2018-03-31T11:57:41.890961 #1356] DEBUG -- : returning fully calculated score...
D, [2018-03-31T11:57:41.891020 #1356] DEBUG -- : State Score successfully calculated


D, [2018-03-31T11:57:41.891084 #1356] DEBUG -- : Scoring new state: {:rating=>31, :state=>{:unknown=>0, :possibly_lighter=>2, :possibly_heavier=>1, :normal=>5}}
D, [2018-03-31T11:57:41.893522 #1356] DEBUG -- : calculating updated score for older state...
D, [2018-03-31T11:57:41.896963 #1356] DEBUG -- : generating weighed rated selections...
D, [2018-03-31T11:57:41.898130 #1356] DEBUG -- : -------> building selection...
D, [2018-03-31T11:57:41.899055 #1356] DEBUG -- : -------> building new state...
D, [2018-03-31T11:57:41.899423 #1356] DEBUG -- : -------> building new state...
D, [2018-03-31T11:57:41.899687 #1356] DEBUG -- : -------> building selection...
D, [2018-03-31T11:57:41.900110 #1356] DEBUG -- : -------> building new state...
D, [2018-03-31T11:57:41.900221 #1356] DEBUG -- : -------> building new state...
D, [2018-03-31T11:57:41.900415 #1356] DEBUG -- : -------> building selection...
D, [2018-03-31T11:57:41.900746 #1356] DEBUG -- : -------> building new state...
D, [2018-03-31T11:57:41.900849 #1356] DEBUG -- : -------> building new state...
D, [2018-03-31T11:57:41.901039 #1356] DEBUG -- : -------> building selection...
D, [2018-03-31T11:57:41.903261 #1356] DEBUG -- : -------> building new state...
D, [2018-03-31T11:57:41.903499 #1356] DEBUG -- : -------> building new state...
D, [2018-03-31T11:57:41.903753 #1356] DEBUG -- : -------> building selection...
D, [2018-03-31T11:57:41.904099 #1356] DEBUG -- : -------> building new state...
D, [2018-03-31T11:57:41.904209 #1356] DEBUG -- : -------> building new state...
D, [2018-03-31T11:57:41.904408 #1356] DEBUG -- : -------> building selection...
D, [2018-03-31T11:57:41.904791 #1356] DEBUG -- : -------> building new state...
D, [2018-03-31T11:57:41.904895 #1356] DEBUG -- : -------> building new state...
D, [2018-03-31T11:57:41.905094 #1356] DEBUG -- : -------> building selection...
D, [2018-03-31T11:57:41.905418 #1356] DEBUG -- : -------> building new state...
D, [2018-03-31T11:57:41.905521 #1356] DEBUG -- : -------> building new state...
D, [2018-03-31T11:57:41.905789 #1356] DEBUG -- : -------> building selection...
D, [2018-03-31T11:57:41.906114 #1356] DEBUG -- : -------> building new state...
D, [2018-03-31T11:57:41.906214 #1356] DEBUG -- : -------> building new state...
D, [2018-03-31T11:57:41.906406 #1356] DEBUG -- : -------> building selection...
D, [2018-03-31T11:57:41.906728 #1356] DEBUG -- : -------> building new state...
D, [2018-03-31T11:57:41.906847 #1356] DEBUG -- : -------> building new state...
D, [2018-03-31T11:57:41.907079 #1356] DEBUG -- : -------> building selection...
D, [2018-03-31T11:57:41.907499 #1356] DEBUG -- : -------> building new state...
D, [2018-03-31T11:57:41.907619 #1356] DEBUG -- : -------> building new state...
D, [2018-03-31T11:57:41.907807 #1356] DEBUG -- : -------> building selection...
D, [2018-03-31T11:57:41.908138 #1356] DEBUG -- : -------> building new state...
D, [2018-03-31T11:57:41.908274 #1356] DEBUG -- : -------> building new state...
D, [2018-03-31T11:57:41.908465 #1356] DEBUG -- : -------> building selection...
D, [2018-03-31T11:57:41.908790 #1356] DEBUG -- : -------> building new state...
D, [2018-03-31T11:57:41.908891 #1356] DEBUG -- : -------> building new state...
D, [2018-03-31T11:57:41.909076 #1356] DEBUG -- : -------> building selection...
D, [2018-03-31T11:57:41.909405 #1356] DEBUG -- : -------> building new state...
D, [2018-03-31T11:57:41.909539 #1356] DEBUG -- : -------> building new state...
D, [2018-03-31T11:57:41.909736 #1356] DEBUG -- : -------> building selection...
D, [2018-03-31T11:57:41.910061 #1356] DEBUG -- : -------> building new state...
D, [2018-03-31T11:57:41.910175 #1356] DEBUG -- : -------> building new state...
D, [2018-03-31T11:57:41.910362 #1356] DEBUG -- : -------> building selection...
D, [2018-03-31T11:57:41.910682 #1356] DEBUG -- : -------> building new state...
D, [2018-03-31T11:57:41.910850 #1356] DEBUG -- : -------> building new state...
D, [2018-03-31T11:57:41.911049 #1356] DEBUG -- : -------> building selection...
D, [2018-03-31T11:57:41.911374 #1356] DEBUG -- : -------> building new state...
D, [2018-03-31T11:57:41.911472 #1356] DEBUG -- : -------> building new state...
D, [2018-03-31T11:57:41.911690 #1356] DEBUG -- : -------> building selection...
D, [2018-03-31T11:57:41.912054 #1356] DEBUG -- : -------> building new state...
D, [2018-03-31T11:57:41.912155 #1356] DEBUG -- : -------> building new state...
D, [2018-03-31T11:57:41.912343 #1356] DEBUG -- : -------> building selection...
D, [2018-03-31T11:57:41.912692 #1356] DEBUG -- : -------> building new state...
D, [2018-03-31T11:57:41.912793 #1356] DEBUG -- : -------> building new state...
D, [2018-03-31T11:57:41.912982 #1356] DEBUG -- : -------> building selection...
D, [2018-03-31T11:57:41.913349 #1356] DEBUG -- : -------> building new state...
D, [2018-03-31T11:57:41.913452 #1356] DEBUG -- : -------> building new state...
D, [2018-03-31T11:57:41.913640 #1356] DEBUG -- : -------> building selection...
D, [2018-03-31T11:57:41.913975 #1356] DEBUG -- : -------> building new state...
D, [2018-03-31T11:57:41.914075 #1356] DEBUG -- : -------> building new state...
D, [2018-03-31T11:57:41.914263 #1356] DEBUG -- : -------> building selection...
D, [2018-03-31T11:57:41.914631 #1356] DEBUG -- : -------> building new state...
D, [2018-03-31T11:57:41.914734 #1356] DEBUG -- : -------> building new state...
D, [2018-03-31T11:57:41.914940 #1356] DEBUG -- : -------> building selection...
D, [2018-03-31T11:57:41.915265 #1356] DEBUG -- : -------> building new state...
D, [2018-03-31T11:57:41.915370 #1356] DEBUG -- : -------> building new state...
D, [2018-03-31T11:57:41.915558 #1356] DEBUG -- : -------> building selection...
D, [2018-03-31T11:57:41.915929 #1356] DEBUG -- : -------> building new state...
D, [2018-03-31T11:57:41.916030 #1356] DEBUG -- : -------> building new state...
D, [2018-03-31T11:57:41.916285 #1356] DEBUG -- : -------> building selection...
D, [2018-03-31T11:57:41.916631 #1356] DEBUG -- : -------> building new state...
D, [2018-03-31T11:57:41.916735 #1356] DEBUG -- : -------> building new state...
D, [2018-03-31T11:57:41.916966 #1356] DEBUG -- : -------> building selection...
D, [2018-03-31T11:57:41.917293 #1356] DEBUG -- : -------> building new state...
D, [2018-03-31T11:57:41.917394 #1356] DEBUG -- : -------> building new state...
D, [2018-03-31T11:57:41.917579 #1356] DEBUG -- : -------> building selection...
D, [2018-03-31T11:57:41.917953 #1356] DEBUG -- : -------> building new state...
D, [2018-03-31T11:57:41.918165 #1356] DEBUG -- : -------> building new state...
D, [2018-03-31T11:57:41.918431 #1356] DEBUG -- : -------> building selection...
D, [2018-03-31T11:57:41.918775 #1356] DEBUG -- : -------> building new state...
D, [2018-03-31T11:57:41.918886 #1356] DEBUG -- : -------> building new state...
D, [2018-03-31T11:57:41.919079 #1356] DEBUG -- : -------> building selection...
D, [2018-03-31T11:57:41.919428 #1356] DEBUG -- : -------> building new state...
D, [2018-03-31T11:57:41.919559 #1356] DEBUG -- : -------> building new state...
D, [2018-03-31T11:57:41.919757 #1356] DEBUG -- : -------> building selection...
D, [2018-03-31T11:57:41.920079 #1356] DEBUG -- : -------> building new state...
D, [2018-03-31T11:57:41.920177 #1356] DEBUG -- : -------> building new state...
D, [2018-03-31T11:57:41.920364 #1356] DEBUG -- : -------> building selection...
D, [2018-03-31T11:57:41.920722 #1356] DEBUG -- : -------> building new state...
D, [2018-03-31T11:57:41.920824 #1356] DEBUG -- : -------> building new state...
D, [2018-03-31T11:57:41.921009 #1356] DEBUG -- : -------> building selection...
D, [2018-03-31T11:57:41.921328 #1356] DEBUG -- : -------> building new state...
D, [2018-03-31T11:57:41.921436 #1356] DEBUG -- : -------> building new state...
D, [2018-03-31T11:57:41.921624 #1356] DEBUG -- : -------> building selection...
D, [2018-03-31T11:57:41.921983 #1356] DEBUG -- : -------> building new state...
D, [2018-03-31T11:57:41.922084 #1356] DEBUG -- : -------> building new state...
D, [2018-03-31T11:57:41.922272 #1356] DEBUG -- : -------> building selection...
D, [2018-03-31T11:57:41.922594 #1356] DEBUG -- : -------> building new state...
D, [2018-03-31T11:57:41.922692 #1356] DEBUG -- : -------> building new state...
D, [2018-03-31T11:57:41.922893 #1356] DEBUG -- : -------> building selection...
D, [2018-03-31T11:57:41.923257 #1356] DEBUG -- : -------> building new state...
D, [2018-03-31T11:57:41.923359 #1356] DEBUG -- : -------> building new state...
D, [2018-03-31T11:57:41.923545 #1356] DEBUG -- : -------> building selection...
D, [2018-03-31T11:57:41.923865 #1356] DEBUG -- : -------> building new state...
D, [2018-03-31T11:57:41.923963 #1356] DEBUG -- : -------> building new state...
D, [2018-03-31T11:57:41.924160 #1356] DEBUG -- : -------> building selection...
D, [2018-03-31T11:57:41.924532 #1356] DEBUG -- : -------> building new state...
D, [2018-03-31T11:57:41.924646 #1356] DEBUG -- : -------> building new state...
D, [2018-03-31T11:57:41.924834 #1356] DEBUG -- : -------> building selection...
D, [2018-03-31T11:57:41.925155 #1356] DEBUG -- : -------> building new state...
D, [2018-03-31T11:57:41.925253 #1356] DEBUG -- : -------> building new state...
D, [2018-03-31T11:57:41.925496 #1356] DEBUG -- : -------> building selection...
D, [2018-03-31T11:57:41.925822 #1356] DEBUG -- : -------> building new state...
D, [2018-03-31T11:57:41.925923 #1356] DEBUG -- : -------> building new state...
D, [2018-03-31T11:57:41.926109 #1356] DEBUG -- : -------> building selection...
D, [2018-03-31T11:57:41.926432 #1356] DEBUG -- : -------> building new state...
D, [2018-03-31T11:57:41.926533 #1356] DEBUG -- : -------> building new state...
D, [2018-03-31T11:57:41.926757 #1356] DEBUG -- : scoring weighed rated selections...
D, [2018-03-31T11:57:41.926826 #1356] DEBUG -- : Saving scored selections...
D, [2018-03-31T11:57:41.934245 #1356] DEBUG -- : State Score successfully calculated


D, [2018-03-31T11:57:41.934319 #1356] DEBUG -- : Scoring new state: {:rating=>37, :state=>{:unknown=>0, :possibly_lighter=>1, :possibly_heavier=>0, :normal=>7}}
D, [2018-03-31T11:57:41.934345 #1356] DEBUG -- : State Score successfully calculated


D, [2018-03-31T11:57:41.934382 #1356] DEBUG -- : Scoring new state: {:rating=>37, :state=>{:unknown=>0, :possibly_lighter=>0, :possibly_heavier=>1, :normal=>7}}
D, [2018-03-31T11:57:41.934403 #1356] DEBUG -- : State Score successfully calculated


D, [2018-03-31T11:57:41.934429 #1356] DEBUG -- : Scoring new state: {:rating=>34, :state=>{:unknown=>0, :possibly_lighter=>2, :possibly_heavier=>0, :normal=>6}}
D, [2018-03-31T11:57:41.937131 #1356] DEBUG -- : returning fully calculated score...
D, [2018-03-31T11:57:41.937191 #1356] DEBUG -- : State Score successfully calculated


D, [2018-03-31T11:57:41.937229 #1356] DEBUG -- : Scoring new state: {:rating=>37, :state=>{:unknown=>0, :possibly_lighter=>1, :possibly_heavier=>0, :normal=>7}}
D, [2018-03-31T11:57:41.937252 #1356] DEBUG -- : State Score successfully calculated


D, [2018-03-31T11:57:41.937285 #1356] DEBUG -- : Scoring new state: {:rating=>34, :state=>{:unknown=>0, :possibly_lighter=>1, :possibly_heavier=>1, :normal=>6}}
D, [2018-03-31T11:57:41.939864 #1356] DEBUG -- : returning fully calculated score...
D, [2018-03-31T11:57:41.939930 #1356] DEBUG -- : State Score successfully calculated


D, [2018-03-31T11:57:41.939962 #1356] DEBUG -- : Scoring new state: {:rating=>34, :state=>{:unknown=>0, :possibly_lighter=>2, :possibly_heavier=>0, :normal=>6}}
D, [2018-03-31T11:57:41.942465 #1356] DEBUG -- : returning fully calculated score...
D, [2018-03-31T11:57:41.942529 #1356] DEBUG -- : State Score successfully calculated


D, [2018-03-31T11:57:41.942577 #1356] DEBUG -- : Scoring new state: {:rating=>37, :state=>{:unknown=>0, :possibly_lighter=>0, :possibly_heavier=>1, :normal=>7}}
D, [2018-03-31T11:57:41.942612 #1356] DEBUG -- : State Score successfully calculated


D, [2018-03-31T11:57:41.942640 #1356] DEBUG -- : Scoring new state: {:rating=>31, :state=>{:unknown=>0, :possibly_lighter=>3, :possibly_heavier=>0, :normal=>5}}
D, [2018-03-31T11:57:41.945147 #1356] DEBUG -- : calculating updated score for older state...
D, [2018-03-31T11:57:41.948615 #1356] DEBUG -- : generating weighed rated selections...
D, [2018-03-31T11:57:41.949667 #1356] DEBUG -- : -------> building selection...
D, [2018-03-31T11:57:41.950563 #1356] DEBUG -- : -------> building new state...
D, [2018-03-31T11:57:41.951001 #1356] DEBUG -- : -------> building selection...
D, [2018-03-31T11:57:41.951450 #1356] DEBUG -- : -------> building new state...
D, [2018-03-31T11:57:41.951702 #1356] DEBUG -- : -------> building selection...
D, [2018-03-31T11:57:41.952031 #1356] DEBUG -- : -------> building new state...
D, [2018-03-31T11:57:41.952222 #1356] DEBUG -- : -------> building selection...
D, [2018-03-31T11:57:41.952547 #1356] DEBUG -- : -------> building new state...
D, [2018-03-31T11:57:41.952647 #1356] DEBUG -- : -------> building new state...
D, [2018-03-31T11:57:41.954909 #1356] DEBUG -- : -------> building selection...
D, [2018-03-31T11:57:41.955397 #1356] DEBUG -- : -------> building new state...
D, [2018-03-31T11:57:41.955527 #1356] DEBUG -- : -------> building new state...
D, [2018-03-31T11:57:41.955727 #1356] DEBUG -- : -------> building selection...
D, [2018-03-31T11:57:41.956064 #1356] DEBUG -- : -------> building new state...
D, [2018-03-31T11:57:41.956166 #1356] DEBUG -- : -------> building new state...
D, [2018-03-31T11:57:41.956396 #1356] DEBUG -- : -------> building selection...
D, [2018-03-31T11:57:41.956729 #1356] DEBUG -- : -------> building new state...
D, [2018-03-31T11:57:41.956834 #1356] DEBUG -- : -------> building new state...
D, [2018-03-31T11:57:41.957018 #1356] DEBUG -- : -------> building selection...
D, [2018-03-31T11:57:41.957342 #1356] DEBUG -- : -------> building new state...
D, [2018-03-31T11:57:41.957468 #1356] DEBUG -- : -------> building new state...
D, [2018-03-31T11:57:41.957658 #1356] DEBUG -- : -------> building selection...
D, [2018-03-31T11:57:41.957983 #1356] DEBUG -- : -------> building new state...
D, [2018-03-31T11:57:41.958081 #1356] DEBUG -- : -------> building new state...
D, [2018-03-31T11:57:41.958272 #1356] DEBUG -- : -------> building selection...
D, [2018-03-31T11:57:41.958638 #1356] DEBUG -- : -------> building new state...
D, [2018-03-31T11:57:41.958739 #1356] DEBUG -- : -------> building new state...
D, [2018-03-31T11:57:41.958937 #1356] DEBUG -- : -------> building selection...
D, [2018-03-31T11:57:41.959269 #1356] DEBUG -- : -------> building new state...
D, [2018-03-31T11:57:41.959390 #1356] DEBUG -- : -------> building new state...
D, [2018-03-31T11:57:41.959577 #1356] DEBUG -- : -------> building selection...
D, [2018-03-31T11:57:41.959990 #1356] DEBUG -- : -------> building new state...
D, [2018-03-31T11:57:41.960118 #1356] DEBUG -- : -------> building new state...
D, [2018-03-31T11:57:41.960316 #1356] DEBUG -- : -------> building selection...
D, [2018-03-31T11:57:41.960704 #1356] DEBUG -- : -------> building new state...
D, [2018-03-31T11:57:41.960809 #1356] DEBUG -- : -------> building new state...
D, [2018-03-31T11:57:41.960991 #1356] DEBUG -- : -------> building selection...
D, [2018-03-31T11:57:41.961315 #1356] DEBUG -- : -------> building new state...
D, [2018-03-31T11:57:41.961417 #1356] DEBUG -- : -------> building new state...
D, [2018-03-31T11:57:41.961598 #1356] DEBUG -- : -------> building selection...
D, [2018-03-31T11:57:41.961962 #1356] DEBUG -- : -------> building new state...
D, [2018-03-31T11:57:41.962066 #1356] DEBUG -- : -------> building new state...
D, [2018-03-31T11:57:41.962249 #1356] DEBUG -- : -------> building selection...
D, [2018-03-31T11:57:41.962568 #1356] DEBUG -- : -------> building new state...
D, [2018-03-31T11:57:41.962696 #1356] DEBUG -- : -------> building new state...
D, [2018-03-31T11:57:41.963063 #1356] DEBUG -- : -------> building selection...
D, [2018-03-31T11:57:41.963424 #1356] DEBUG -- : -------> building new state...
D, [2018-03-31T11:57:41.963530 #1356] DEBUG -- : -------> building new state...
D, [2018-03-31T11:57:41.963720 #1356] DEBUG -- : -------> building selection...
D, [2018-03-31T11:57:41.964046 #1356] DEBUG -- : -------> building new state...
D, [2018-03-31T11:57:41.964148 #1356] DEBUG -- : -------> building new state...
D, [2018-03-31T11:57:41.964379 #1356] DEBUG -- : -------> building selection...
D, [2018-03-31T11:57:41.964702 #1356] DEBUG -- : -------> building new state...
D, [2018-03-31T11:57:41.964800 #1356] DEBUG -- : -------> building new state...
D, [2018-03-31T11:57:41.964992 #1356] DEBUG -- : scoring weighed rated selections...
D, [2018-03-31T11:57:41.965032 #1356] DEBUG -- : Saving scored selections...
D, [2018-03-31T11:57:41.969202 #1356] DEBUG -- : State Score successfully calculated


D, [2018-03-31T11:57:41.969283 #1356] DEBUG -- : Scoring new state: {:rating=>37, :state=>{:unknown=>0, :possibly_lighter=>0, :possibly_heavier=>1, :normal=>7}}
D, [2018-03-31T11:57:41.969308 #1356] DEBUG -- : State Score successfully calculated


D, [2018-03-31T11:57:41.969335 #1356] DEBUG -- : Scoring new state: {:rating=>31, :state=>{:unknown=>0, :possibly_lighter=>3, :possibly_heavier=>0, :normal=>5}}
D, [2018-03-31T11:57:41.972091 #1356] DEBUG -- : calculating updated score for older state...
D, [2018-03-31T11:57:41.975554 #1356] DEBUG -- : generating weighed rated selections...
D, [2018-03-31T11:57:41.976551 #1356] DEBUG -- : -------> building selection...
D, [2018-03-31T11:57:41.977433 #1356] DEBUG -- : -------> building new state...
D, [2018-03-31T11:57:41.977971 #1356] DEBUG -- : -------> building selection...
D, [2018-03-31T11:57:41.978349 #1356] DEBUG -- : -------> building new state...
D, [2018-03-31T11:57:41.978549 #1356] DEBUG -- : -------> building selection...
D, [2018-03-31T11:57:41.978886 #1356] DEBUG -- : -------> building new state...
D, [2018-03-31T11:57:41.979085 #1356] DEBUG -- : -------> building selection...
D, [2018-03-31T11:57:41.979477 #1356] DEBUG -- : -------> building new state...
D, [2018-03-31T11:57:41.979581 #1356] DEBUG -- : -------> building new state...
D, [2018-03-31T11:57:41.979767 #1356] DEBUG -- : -------> building selection...
D, [2018-03-31T11:57:41.980095 #1356] DEBUG -- : -------> building new state...
D, [2018-03-31T11:57:41.980194 #1356] DEBUG -- : -------> building new state...
D, [2018-03-31T11:57:41.980381 #1356] DEBUG -- : -------> building selection...
D, [2018-03-31T11:57:41.980787 #1356] DEBUG -- : -------> building new state...
D, [2018-03-31T11:57:41.980983 #1356] DEBUG -- : -------> building new state...
D, [2018-03-31T11:57:41.981192 #1356] DEBUG -- : -------> building selection...
D, [2018-03-31T11:57:41.981535 #1356] DEBUG -- : -------> building new state...
D, [2018-03-31T11:57:41.981638 #1356] DEBUG -- : -------> building new state...
D, [2018-03-31T11:57:41.981825 #1356] DEBUG -- : -------> building selection...
D, [2018-03-31T11:57:41.982229 #1356] DEBUG -- : -------> building new state...
D, [2018-03-31T11:57:41.982431 #1356] DEBUG -- : -------> building new state...
D, [2018-03-31T11:57:41.982640 #1356] DEBUG -- : -------> building selection...
D, [2018-03-31T11:57:41.983042 #1356] DEBUG -- : -------> building new state...
D, [2018-03-31T11:57:41.983233 #1356] DEBUG -- : -------> building new state...
D, [2018-03-31T11:57:41.983482 #1356] DEBUG -- : -------> building selection...
D, [2018-03-31T11:57:41.983822 #1356] DEBUG -- : -------> building new state...
D, [2018-03-31T11:57:41.983923 #1356] DEBUG -- : -------> building new state...
D, [2018-03-31T11:57:41.984111 #1356] DEBUG -- : -------> building selection...
D, [2018-03-31T11:57:41.984460 #1356] DEBUG -- : -------> building new state...
D, [2018-03-31T11:57:41.984660 #1356] DEBUG -- : -------> building new state...
D, [2018-03-31T11:57:41.984911 #1356] DEBUG -- : -------> building selection...
D, [2018-03-31T11:57:41.985252 #1356] DEBUG -- : -------> building new state...
D, [2018-03-31T11:57:41.985369 #1356] DEBUG -- : -------> building new state...
D, [2018-03-31T11:57:41.985559 #1356] DEBUG -- : -------> building selection...
D, [2018-03-31T11:57:41.985886 #1356] DEBUG -- : -------> building new state...
D, [2018-03-31T11:57:41.986021 #1356] DEBUG -- : -------> building new state...
D, [2018-03-31T11:57:41.986217 #1356] DEBUG -- : -------> building selection...
D, [2018-03-31T11:57:41.986542 #1356] DEBUG -- : -------> building new state...
D, [2018-03-31T11:57:41.986643 #1356] DEBUG -- : -------> building new state...
D, [2018-03-31T11:57:41.986869 #1356] DEBUG -- : -------> building selection...
D, [2018-03-31T11:57:41.987219 #1356] DEBUG -- : -------> building new state...
D, [2018-03-31T11:57:41.987382 #1356] DEBUG -- : -------> building new state...
D, [2018-03-31T11:57:41.989202 #1356] DEBUG -- : -------> building selection...
D, [2018-03-31T11:57:41.989605 #1356] DEBUG -- : -------> building new state...
D, [2018-03-31T11:57:41.989710 #1356] DEBUG -- : -------> building new state...
D, [2018-03-31T11:57:41.989899 #1356] DEBUG -- : -------> building selection...
D, [2018-03-31T11:57:41.990356 #1356] DEBUG -- : -------> building new state...
D, [2018-03-31T11:57:41.990479 #1356] DEBUG -- : -------> building new state...
D, [2018-03-31T11:57:41.990669 #1356] DEBUG -- : -------> building selection...
D, [2018-03-31T11:57:41.991029 #1356] DEBUG -- : -------> building new state...
D, [2018-03-31T11:57:41.991134 #1356] DEBUG -- : -------> building new state...
D, [2018-03-31T11:57:41.991324 #1356] DEBUG -- : -------> building selection...
D, [2018-03-31T11:57:41.991701 #1356] DEBUG -- : -------> building new state...
D, [2018-03-31T11:57:41.991803 #1356] DEBUG -- : -------> building new state...
D, [2018-03-31T11:57:41.991992 #1356] DEBUG -- : scoring weighed rated selections...
D, [2018-03-31T11:57:41.992030 #1356] DEBUG -- : Saving scored selections...
D, [2018-03-31T11:57:41.996011 #1356] DEBUG -- : State Score successfully calculated


D, [2018-03-31T11:57:41.996092 #1356] DEBUG -- : Scoring new state: {:rating=>34, :state=>{:unknown=>0, :possibly_lighter=>1, :possibly_heavier=>1, :normal=>6}}
D, [2018-03-31T11:57:41.998692 #1356] DEBUG -- : returning fully calculated score...
D, [2018-03-31T11:57:41.998751 #1356] DEBUG -- : State Score successfully calculated


D, [2018-03-31T11:57:41.998786 #1356] DEBUG -- : Scoring new state: {:rating=>34, :state=>{:unknown=>0, :possibly_lighter=>2, :possibly_heavier=>0, :normal=>6}}
D, [2018-03-31T11:57:42.001481 #1356] DEBUG -- : returning fully calculated score...
D, [2018-03-31T11:57:42.001541 #1356] DEBUG -- : State Score successfully calculated


D, [2018-03-31T11:57:42.001586 #1356] DEBUG -- : Scoring new state: {:rating=>31, :state=>{:unknown=>0, :possibly_lighter=>2, :possibly_heavier=>1, :normal=>5}}
D, [2018-03-31T11:57:42.004050 #1356] DEBUG -- : calculating updated score for older state...
D, [2018-03-31T11:57:42.007481 #1356] DEBUG -- : generating weighed rated selections...
D, [2018-03-31T11:57:42.008578 #1356] DEBUG -- : -------> building selection...
D, [2018-03-31T11:57:42.009444 #1356] DEBUG -- : -------> building new state...
D, [2018-03-31T11:57:42.009821 #1356] DEBUG -- : -------> building new state...
D, [2018-03-31T11:57:42.010109 #1356] DEBUG -- : -------> building selection...
D, [2018-03-31T11:57:42.010460 #1356] DEBUG -- : -------> building new state...
D, [2018-03-31T11:57:42.010567 #1356] DEBUG -- : -------> building new state...
D, [2018-03-31T11:57:42.010759 #1356] DEBUG -- : -------> building selection...
D, [2018-03-31T11:57:42.011146 #1356] DEBUG -- : -------> building new state...
D, [2018-03-31T11:57:42.011254 #1356] DEBUG -- : -------> building new state...
D, [2018-03-31T11:57:42.011444 #1356] DEBUG -- : -------> building selection...
D, [2018-03-31T11:57:42.011772 #1356] DEBUG -- : -------> building new state...
D, [2018-03-31T11:57:42.011874 #1356] DEBUG -- : -------> building new state...
D, [2018-03-31T11:57:42.012096 #1356] DEBUG -- : -------> building selection...
D, [2018-03-31T11:57:42.012425 #1356] DEBUG -- : -------> building new state...
D, [2018-03-31T11:57:42.012538 #1356] DEBUG -- : -------> building new state...
D, [2018-03-31T11:57:42.012735 #1356] DEBUG -- : -------> building selection...
D, [2018-03-31T11:57:42.013088 #1356] DEBUG -- : -------> building new state...
D, [2018-03-31T11:57:42.013190 #1356] DEBUG -- : -------> building new state...
D, [2018-03-31T11:57:42.013381 #1356] DEBUG -- : -------> building selection...
D, [2018-03-31T11:57:42.013732 #1356] DEBUG -- : -------> building new state...
D, [2018-03-31T11:57:42.013834 #1356] DEBUG -- : -------> building new state...
D, [2018-03-31T11:57:42.014022 #1356] DEBUG -- : -------> building selection...
D, [2018-03-31T11:57:42.014353 #1356] DEBUG -- : -------> building new state...
D, [2018-03-31T11:57:42.014470 #1356] DEBUG -- : -------> building new state...
D, [2018-03-31T11:57:42.014662 #1356] DEBUG -- : -------> building selection...
D, [2018-03-31T11:57:42.015025 #1356] DEBUG -- : -------> building new state...
D, [2018-03-31T11:57:42.015128 #1356] DEBUG -- : -------> building new state...
D, [2018-03-31T11:57:42.015319 #1356] DEBUG -- : -------> building selection...
D, [2018-03-31T11:57:42.015660 #1356] DEBUG -- : -------> building new state...
D, [2018-03-31T11:57:42.015768 #1356] DEBUG -- : -------> building new state...
D, [2018-03-31T11:57:42.016000 #1356] DEBUG -- : -------> building selection...
D, [2018-03-31T11:57:42.016327 #1356] DEBUG -- : -------> building new state...
D, [2018-03-31T11:57:42.016425 #1356] DEBUG -- : -------> building new state...
D, [2018-03-31T11:57:42.016616 #1356] DEBUG -- : -------> building selection...
D, [2018-03-31T11:57:42.016963 #1356] DEBUG -- : -------> building new state...
D, [2018-03-31T11:57:42.017062 #1356] DEBUG -- : -------> building new state...
D, [2018-03-31T11:57:42.017251 #1356] DEBUG -- : -------> building selection...
D, [2018-03-31T11:57:42.017594 #1356] DEBUG -- : -------> building new state...
D, [2018-03-31T11:57:42.017695 #1356] DEBUG -- : -------> building new state...
D, [2018-03-31T11:57:42.017908 #1356] DEBUG -- : -------> building selection...
D, [2018-03-31T11:57:42.018321 #1356] DEBUG -- : -------> building new state...
D, [2018-03-31T11:57:42.018502 #1356] DEBUG -- : -------> building new state...
D, [2018-03-31T11:57:42.018748 #1356] DEBUG -- : -------> building selection...
D, [2018-03-31T11:57:42.019151 #1356] DEBUG -- : -------> building new state...
D, [2018-03-31T11:57:42.019258 #1356] DEBUG -- : -------> building new state...
D, [2018-03-31T11:57:42.019449 #1356] DEBUG -- : -------> building selection...
D, [2018-03-31T11:57:42.019798 #1356] DEBUG -- : -------> building new state...
D, [2018-03-31T11:57:42.019899 #1356] DEBUG -- : -------> building new state...
D, [2018-03-31T11:57:42.020088 #1356] DEBUG -- : -------> building selection...
D, [2018-03-31T11:57:42.020465 #1356] DEBUG -- : -------> building new state...
D, [2018-03-31T11:57:42.020684 #1356] DEBUG -- : -------> building new state...
D, [2018-03-31T11:57:42.020904 #1356] DEBUG -- : -------> building selection...
D, [2018-03-31T11:57:42.021281 #1356] DEBUG -- : -------> building new state...
D, [2018-03-31T11:57:42.021387 #1356] DEBUG -- : -------> building new state...
D, [2018-03-31T11:57:42.021583 #1356] DEBUG -- : -------> building selection...
D, [2018-03-31T11:57:42.021930 #1356] DEBUG -- : -------> building new state...
D, [2018-03-31T11:57:42.022032 #1356] DEBUG -- : -------> building new state...
D, [2018-03-31T11:57:42.022223 #1356] DEBUG -- : -------> building selection...
D, [2018-03-31T11:57:42.022578 #1356] DEBUG -- : -------> building new state...
D, [2018-03-31T11:57:42.022694 #1356] DEBUG -- : -------> building new state...
D, [2018-03-31T11:57:42.022896 #1356] DEBUG -- : -------> building selection...
D, [2018-03-31T11:57:42.023266 #1356] DEBUG -- : -------> building new state...
D, [2018-03-31T11:57:42.023370 #1356] DEBUG -- : -------> building new state...
D, [2018-03-31T11:57:42.023558 #1356] DEBUG -- : -------> building selection...
D, [2018-03-31T11:57:42.023910 #1356] DEBUG -- : -------> building new state...
D, [2018-03-31T11:57:42.024085 #1356] DEBUG -- : -------> building new state...
D, [2018-03-31T11:57:42.024325 #1356] DEBUG -- : -------> building selection...
D, [2018-03-31T11:57:42.024797 #1356] DEBUG -- : -------> building new state...
D, [2018-03-31T11:57:42.024917 #1356] DEBUG -- : -------> building new state...
D, [2018-03-31T11:57:42.025142 #1356] DEBUG -- : -------> building selection...
D, [2018-03-31T11:57:42.025524 #1356] DEBUG -- : -------> building new state...
D, [2018-03-31T11:57:42.025633 #1356] DEBUG -- : -------> building new state...
D, [2018-03-31T11:57:42.025823 #1356] DEBUG -- : -------> building selection...
D, [2018-03-31T11:57:42.026220 #1356] DEBUG -- : -------> building new state...
D, [2018-03-31T11:57:42.026426 #1356] DEBUG -- : -------> building new state...
D, [2018-03-31T11:57:42.026638 #1356] DEBUG -- : -------> building selection...
D, [2018-03-31T11:57:42.027080 #1356] DEBUG -- : -------> building new state...
D, [2018-03-31T11:57:42.027275 #1356] DEBUG -- : -------> building new state...
D, [2018-03-31T11:57:42.027489 #1356] DEBUG -- : -------> building selection...
D, [2018-03-31T11:57:42.027884 #1356] DEBUG -- : -------> building new state...
D, [2018-03-31T11:57:42.028011 #1356] DEBUG -- : -------> building new state...
D, [2018-03-31T11:57:42.028216 #1356] DEBUG -- : -------> building selection...
D, [2018-03-31T11:57:42.030175 #1356] DEBUG -- : -------> building new state...
D, [2018-03-31T11:57:42.030316 #1356] DEBUG -- : -------> building new state...
D, [2018-03-31T11:57:42.030528 #1356] DEBUG -- : -------> building selection...
D, [2018-03-31T11:57:42.030895 #1356] DEBUG -- : -------> building new state...
D, [2018-03-31T11:57:42.031027 #1356] DEBUG -- : -------> building new state...
D, [2018-03-31T11:57:42.031224 #1356] DEBUG -- : -------> building selection...
D, [2018-03-31T11:57:42.031549 #1356] DEBUG -- : -------> building new state...
D, [2018-03-31T11:57:42.031652 #1356] DEBUG -- : -------> building new state...
D, [2018-03-31T11:57:42.031862 #1356] DEBUG -- : -------> building selection...
D, [2018-03-31T11:57:42.032186 #1356] DEBUG -- : -------> building new state...
D, [2018-03-31T11:57:42.032313 #1356] DEBUG -- : -------> building new state...
D, [2018-03-31T11:57:42.032506 #1356] DEBUG -- : -------> building selection...
D, [2018-03-31T11:57:42.032826 #1356] DEBUG -- : -------> building new state...
D, [2018-03-31T11:57:42.032924 #1356] DEBUG -- : -------> building new state...
D, [2018-03-31T11:57:42.033129 #1356] DEBUG -- : -------> building selection...
D, [2018-03-31T11:57:42.033450 #1356] DEBUG -- : -------> building new state...
D, [2018-03-31T11:57:42.033569 #1356] DEBUG -- : -------> building new state...
D, [2018-03-31T11:57:42.033759 #1356] DEBUG -- : -------> building selection...
D, [2018-03-31T11:57:42.034079 #1356] DEBUG -- : -------> building new state...
D, [2018-03-31T11:57:42.034191 #1356] DEBUG -- : -------> building new state...
D, [2018-03-31T11:57:42.034378 #1356] DEBUG -- : -------> building selection...
D, [2018-03-31T11:57:42.034724 #1356] DEBUG -- : -------> building new state...
D, [2018-03-31T11:57:42.034845 #1356] DEBUG -- : -------> building new state...
D, [2018-03-31T11:57:42.035039 #1356] DEBUG -- : -------> building selection...
D, [2018-03-31T11:57:42.035392 #1356] DEBUG -- : -------> building new state...
D, [2018-03-31T11:57:42.035494 #1356] DEBUG -- : -------> building new state...
D, [2018-03-31T11:57:42.035677 #1356] DEBUG -- : -------> building selection...
D, [2018-03-31T11:57:42.036040 #1356] DEBUG -- : -------> building new state...
D, [2018-03-31T11:57:42.036139 #1356] DEBUG -- : -------> building new state...
D, [2018-03-31T11:57:42.036325 #1356] DEBUG -- : -------> building selection...
D, [2018-03-31T11:57:42.036671 #1356] DEBUG -- : -------> building new state...
D, [2018-03-31T11:57:42.036773 #1356] DEBUG -- : -------> building new state...
D, [2018-03-31T11:57:42.036956 #1356] DEBUG -- : -------> building selection...
D, [2018-03-31T11:57:42.037304 #1356] DEBUG -- : -------> building new state...
D, [2018-03-31T11:57:42.037418 #1356] DEBUG -- : -------> building new state...
D, [2018-03-31T11:57:42.037606 #1356] DEBUG -- : scoring weighed rated selections...
D, [2018-03-31T11:57:42.037658 #1356] DEBUG -- : Saving scored selections...
D, [2018-03-31T11:57:42.045234 #1356] DEBUG -- : State Score successfully calculated


D, [2018-03-31T11:57:42.045322 #1356] DEBUG -- : Scoring new state: {:rating=>37, :state=>{:unknown=>0, :possibly_lighter=>1, :possibly_heavier=>0, :normal=>7}}
D, [2018-03-31T11:57:42.045348 #1356] DEBUG -- : State Score successfully calculated


D, [2018-03-31T11:57:42.045383 #1356] DEBUG -- : Scoring new state: {:rating=>31, :state=>{:unknown=>0, :possibly_lighter=>2, :possibly_heavier=>1, :normal=>5}}
D, [2018-03-31T11:57:42.048113 #1356] DEBUG -- : calculating updated score for older state...
D, [2018-03-31T11:57:42.051729 #1356] DEBUG -- : generating weighed rated selections...
D, [2018-03-31T11:57:42.052815 #1356] DEBUG -- : -------> building selection...
D, [2018-03-31T11:57:42.053638 #1356] DEBUG -- : -------> building new state...
D, [2018-03-31T11:57:42.053954 #1356] DEBUG -- : -------> building new state...
D, [2018-03-31T11:57:42.054209 #1356] DEBUG -- : -------> building selection...
D, [2018-03-31T11:57:42.054604 #1356] DEBUG -- : -------> building new state...
D, [2018-03-31T11:57:42.054712 #1356] DEBUG -- : -------> building new state...
D, [2018-03-31T11:57:42.054919 #1356] DEBUG -- : -------> building selection...
D, [2018-03-31T11:57:42.055250 #1356] DEBUG -- : -------> building new state...
D, [2018-03-31T11:57:42.055362 #1356] DEBUG -- : -------> building new state...
D, [2018-03-31T11:57:42.055571 #1356] DEBUG -- : -------> building selection...
D, [2018-03-31T11:57:42.055924 #1356] DEBUG -- : -------> building new state...
D, [2018-03-31T11:57:42.056025 #1356] DEBUG -- : -------> building new state...
D, [2018-03-31T11:57:42.056225 #1356] DEBUG -- : -------> building selection...
D, [2018-03-31T11:57:42.056580 #1356] DEBUG -- : -------> building new state...
D, [2018-03-31T11:57:42.056683 #1356] DEBUG -- : -------> building new state...
D, [2018-03-31T11:57:42.056873 #1356] DEBUG -- : -------> building selection...
D, [2018-03-31T11:57:42.057252 #1356] DEBUG -- : -------> building new state...
D, [2018-03-31T11:57:42.057376 #1356] DEBUG -- : -------> building new state...
D, [2018-03-31T11:57:42.057580 #1356] DEBUG -- : -------> building selection...
D, [2018-03-31T11:57:42.059550 #1356] DEBUG -- : -------> building new state...
D, [2018-03-31T11:57:42.059697 #1356] DEBUG -- : -------> building new state...
D, [2018-03-31T11:57:42.059914 #1356] DEBUG -- : -------> building selection...
D, [2018-03-31T11:57:42.060289 #1356] DEBUG -- : -------> building new state...
D, [2018-03-31T11:57:42.060391 #1356] DEBUG -- : -------> building new state...
D, [2018-03-31T11:57:42.060588 #1356] DEBUG -- : -------> building selection...
D, [2018-03-31T11:57:42.060950 #1356] DEBUG -- : -------> building new state...
D, [2018-03-31T11:57:42.061051 #1356] DEBUG -- : -------> building new state...
D, [2018-03-31T11:57:42.061244 #1356] DEBUG -- : -------> building selection...
D, [2018-03-31T11:57:42.061595 #1356] DEBUG -- : -------> building new state...
D, [2018-03-31T11:57:42.061694 #1356] DEBUG -- : -------> building new state...
D, [2018-03-31T11:57:42.061882 #1356] DEBUG -- : -------> building selection...
D, [2018-03-31T11:57:42.062408 #1356] DEBUG -- : -------> building new state...
D, [2018-03-31T11:57:42.062515 #1356] DEBUG -- : -------> building new state...
D, [2018-03-31T11:57:42.062717 #1356] DEBUG -- : -------> building selection...
D, [2018-03-31T11:57:42.063071 #1356] DEBUG -- : -------> building new state...
D, [2018-03-31T11:57:42.063183 #1356] DEBUG -- : -------> building new state...
D, [2018-03-31T11:57:42.063373 #1356] DEBUG -- : -------> building selection...
D, [2018-03-31T11:57:42.063716 #1356] DEBUG -- : -------> building new state...
D, [2018-03-31T11:57:42.063823 #1356] DEBUG -- : -------> building new state...
D, [2018-03-31T11:57:42.064022 #1356] DEBUG -- : -------> building selection...
D, [2018-03-31T11:57:42.064367 #1356] DEBUG -- : -------> building new state...
D, [2018-03-31T11:57:42.064488 #1356] DEBUG -- : -------> building new state...
D, [2018-03-31T11:57:42.064678 #1356] DEBUG -- : -------> building selection...
D, [2018-03-31T11:57:42.064996 #1356] DEBUG -- : -------> building new state...
D, [2018-03-31T11:57:42.065112 #1356] DEBUG -- : -------> building new state...
D, [2018-03-31T11:57:42.065311 #1356] DEBUG -- : -------> building selection...
D, [2018-03-31T11:57:42.065639 #1356] DEBUG -- : -------> building new state...
D, [2018-03-31T11:57:42.065755 #1356] DEBUG -- : -------> building new state...
D, [2018-03-31T11:57:42.065952 #1356] DEBUG -- : -------> building selection...
D, [2018-03-31T11:57:42.066290 #1356] DEBUG -- : -------> building new state...
D, [2018-03-31T11:57:42.066396 #1356] DEBUG -- : -------> building new state...
D, [2018-03-31T11:57:42.066586 #1356] DEBUG -- : -------> building selection...
D, [2018-03-31T11:57:42.066950 #1356] DEBUG -- : -------> building new state...
D, [2018-03-31T11:57:42.067067 #1356] DEBUG -- : -------> building new state...
D, [2018-03-31T11:57:42.067269 #1356] DEBUG -- : -------> building selection...
D, [2018-03-31T11:57:42.067616 #1356] DEBUG -- : -------> building new state...
D, [2018-03-31T11:57:42.067715 #1356] DEBUG -- : -------> building new state...
D, [2018-03-31T11:57:42.067899 #1356] DEBUG -- : -------> building selection...
D, [2018-03-31T11:57:42.068248 #1356] DEBUG -- : -------> building new state...
D, [2018-03-31T11:57:42.068348 #1356] DEBUG -- : -------> building new state...
D, [2018-03-31T11:57:42.068543 #1356] DEBUG -- : -------> building selection...
D, [2018-03-31T11:57:42.068874 #1356] DEBUG -- : -------> building new state...
D, [2018-03-31T11:57:42.068986 #1356] DEBUG -- : -------> building new state...
D, [2018-03-31T11:57:42.069180 #1356] DEBUG -- : -------> building selection...
D, [2018-03-31T11:57:42.069517 #1356] DEBUG -- : -------> building new state...
D, [2018-03-31T11:57:42.069631 #1356] DEBUG -- : -------> building new state...
D, [2018-03-31T11:57:42.069830 #1356] DEBUG -- : -------> building selection...
D, [2018-03-31T11:57:42.070172 #1356] DEBUG -- : -------> building new state...
D, [2018-03-31T11:57:42.070273 #1356] DEBUG -- : -------> building new state...
D, [2018-03-31T11:57:42.070483 #1356] DEBUG -- : -------> building selection...
D, [2018-03-31T11:57:42.070830 #1356] DEBUG -- : -------> building new state...
D, [2018-03-31T11:57:42.070951 #1356] DEBUG -- : -------> building new state...
D, [2018-03-31T11:57:42.071138 #1356] DEBUG -- : -------> building selection...
D, [2018-03-31T11:57:42.071469 #1356] DEBUG -- : -------> building new state...
D, [2018-03-31T11:57:42.071578 #1356] DEBUG -- : -------> building new state...
D, [2018-03-31T11:57:42.071774 #1356] DEBUG -- : -------> building selection...
D, [2018-03-31T11:57:42.072114 #1356] DEBUG -- : -------> building new state...
D, [2018-03-31T11:57:42.072232 #1356] DEBUG -- : -------> building new state...
D, [2018-03-31T11:57:42.072420 #1356] DEBUG -- : -------> building selection...
D, [2018-03-31T11:57:42.072800 #1356] DEBUG -- : -------> building new state...
D, [2018-03-31T11:57:42.073021 #1356] DEBUG -- : -------> building new state...
D, [2018-03-31T11:57:42.073242 #1356] DEBUG -- : -------> building selection...
D, [2018-03-31T11:57:42.073613 #1356] DEBUG -- : -------> building new state...
D, [2018-03-31T11:57:42.073716 #1356] DEBUG -- : -------> building new state...
D, [2018-03-31T11:57:42.073921 #1356] DEBUG -- : -------> building selection...
D, [2018-03-31T11:57:42.074274 #1356] DEBUG -- : -------> building new state...
D, [2018-03-31T11:57:42.074490 #1356] DEBUG -- : -------> building new state...
D, [2018-03-31T11:57:42.074723 #1356] DEBUG -- : -------> building selection...
D, [2018-03-31T11:57:42.075091 #1356] DEBUG -- : -------> building new state...
D, [2018-03-31T11:57:42.075213 #1356] DEBUG -- : -------> building new state...
D, [2018-03-31T11:57:42.075420 #1356] DEBUG -- : -------> building selection...
D, [2018-03-31T11:57:42.075774 #1356] DEBUG -- : -------> building new state...
D, [2018-03-31T11:57:42.075892 #1356] DEBUG -- : -------> building new state...
D, [2018-03-31T11:57:42.076084 #1356] DEBUG -- : -------> building selection...
D, [2018-03-31T11:57:42.076438 #1356] DEBUG -- : -------> building new state...
D, [2018-03-31T11:57:42.076559 #1356] DEBUG -- : -------> building new state...
D, [2018-03-31T11:57:42.076766 #1356] DEBUG -- : -------> building selection...
D, [2018-03-31T11:57:42.077110 #1356] DEBUG -- : -------> building new state...
D, [2018-03-31T11:57:42.077215 #1356] DEBUG -- : -------> building new state...
D, [2018-03-31T11:57:42.077423 #1356] DEBUG -- : -------> building selection...
D, [2018-03-31T11:57:42.077768 #1356] DEBUG -- : -------> building new state...
D, [2018-03-31T11:57:42.078357 #1356] DEBUG -- : -------> building new state...
D, [2018-03-31T11:57:42.078656 #1356] DEBUG -- : -------> building selection...
D, [2018-03-31T11:57:42.079009 #1356] DEBUG -- : -------> building new state...
D, [2018-03-31T11:57:42.079111 #1356] DEBUG -- : -------> building new state...
D, [2018-03-31T11:57:42.079330 #1356] DEBUG -- : -------> building selection...
D, [2018-03-31T11:57:42.079660 #1356] DEBUG -- : -------> building new state...
D, [2018-03-31T11:57:42.079793 #1356] DEBUG -- : -------> building new state...
D, [2018-03-31T11:57:42.079987 #1356] DEBUG -- : -------> building selection...
D, [2018-03-31T11:57:42.080310 #1356] DEBUG -- : -------> building new state...
D, [2018-03-31T11:57:42.080409 #1356] DEBUG -- : -------> building new state...
D, [2018-03-31T11:57:42.080598 #1356] DEBUG -- : -------> building selection...
D, [2018-03-31T11:57:42.080951 #1356] DEBUG -- : -------> building new state...
D, [2018-03-31T11:57:42.081059 #1356] DEBUG -- : -------> building new state...
D, [2018-03-31T11:57:42.081244 #1356] DEBUG -- : -------> building selection...
D, [2018-03-31T11:57:42.081563 #1356] DEBUG -- : -------> building new state...
D, [2018-03-31T11:57:42.081664 #1356] DEBUG -- : -------> building new state...
D, [2018-03-31T11:57:42.081850 #1356] DEBUG -- : scoring weighed rated selections...
D, [2018-03-31T11:57:42.081896 #1356] DEBUG -- : Saving scored selections...
D, [2018-03-31T11:57:42.089308 #1356] DEBUG -- : State Score successfully calculated


D, [2018-03-31T11:57:42.089372 #1356] DEBUG -- : Scoring new state: {:rating=>37, :state=>{:unknown=>0, :possibly_lighter=>1, :possibly_heavier=>0, :normal=>7}}
D, [2018-03-31T11:57:42.089398 #1356] DEBUG -- : State Score successfully calculated


D, [2018-03-31T11:57:42.089433 #1356] DEBUG -- : Scoring new state: {:rating=>34, :state=>{:unknown=>0, :possibly_lighter=>1, :possibly_heavier=>1, :normal=>6}}
D, [2018-03-31T11:57:42.092170 #1356] DEBUG -- : returning fully calculated score...
D, [2018-03-31T11:57:42.092227 #1356] DEBUG -- : State Score successfully calculated


D, [2018-03-31T11:57:42.092261 #1356] DEBUG -- : Scoring new state: {:rating=>34, :state=>{:unknown=>0, :possibly_lighter=>2, :possibly_heavier=>0, :normal=>6}}
D, [2018-03-31T11:57:42.094822 #1356] DEBUG -- : returning fully calculated score...
D, [2018-03-31T11:57:42.094877 #1356] DEBUG -- : State Score successfully calculated


D, [2018-03-31T11:57:42.094923 #1356] DEBUG -- : Scoring new state: {:rating=>37, :state=>{:unknown=>0, :possibly_lighter=>0, :possibly_heavier=>1, :normal=>7}}
D, [2018-03-31T11:57:42.094947 #1356] DEBUG -- : State Score successfully calculated


D, [2018-03-31T11:57:42.094975 #1356] DEBUG -- : Scoring new state: {:rating=>31, :state=>{:unknown=>0, :possibly_lighter=>3, :possibly_heavier=>0, :normal=>5}}
D, [2018-03-31T11:57:42.097493 #1356] DEBUG -- : calculating updated score for older state...
D, [2018-03-31T11:57:42.100852 #1356] DEBUG -- : generating weighed rated selections...
D, [2018-03-31T11:57:42.101927 #1356] DEBUG -- : -------> building selection...
D, [2018-03-31T11:57:42.102745 #1356] DEBUG -- : -------> building new state...
D, [2018-03-31T11:57:42.103184 #1356] DEBUG -- : -------> building selection...
D, [2018-03-31T11:57:42.103696 #1356] DEBUG -- : -------> building new state...
D, [2018-03-31T11:57:42.103909 #1356] DEBUG -- : -------> building selection...
D, [2018-03-31T11:57:42.104237 #1356] DEBUG -- : -------> building new state...
D, [2018-03-31T11:57:42.104431 #1356] DEBUG -- : -------> building selection...
D, [2018-03-31T11:57:42.104758 #1356] DEBUG -- : -------> building new state...
D, [2018-03-31T11:57:42.104899 #1356] DEBUG -- : -------> building new state...
D, [2018-03-31T11:57:42.105084 #1356] DEBUG -- : -------> building selection...
D, [2018-03-31T11:57:42.105423 #1356] DEBUG -- : -------> building new state...
D, [2018-03-31T11:57:42.105521 #1356] DEBUG -- : -------> building new state...
D, [2018-03-31T11:57:42.105709 #1356] DEBUG -- : -------> building selection...
D, [2018-03-31T11:57:42.106072 #1356] DEBUG -- : -------> building new state...
D, [2018-03-31T11:57:42.106172 #1356] DEBUG -- : -------> building new state...
D, [2018-03-31T11:57:42.106361 #1356] DEBUG -- : -------> building selection...
D, [2018-03-31T11:57:42.106680 #1356] DEBUG -- : -------> building new state...
D, [2018-03-31T11:57:42.106779 #1356] DEBUG -- : -------> building new state...
D, [2018-03-31T11:57:42.107024 #1356] DEBUG -- : -------> building selection...
D, [2018-03-31T11:57:42.107403 #1356] DEBUG -- : -------> building new state...
D, [2018-03-31T11:57:42.107515 #1356] DEBUG -- : -------> building new state...
D, [2018-03-31T11:57:42.107749 #1356] DEBUG -- : -------> building selection...
D, [2018-03-31T11:57:42.108114 #1356] DEBUG -- : -------> building new state...
D, [2018-03-31T11:57:42.108296 #1356] DEBUG -- : -------> building new state...
D, [2018-03-31T11:57:42.108505 #1356] DEBUG -- : -------> building selection...
D, [2018-03-31T11:57:42.108885 #1356] DEBUG -- : -------> building new state...
D, [2018-03-31T11:57:42.108987 #1356] DEBUG -- : -------> building new state...
D, [2018-03-31T11:57:42.109182 #1356] DEBUG -- : -------> building selection...
D, [2018-03-31T11:57:42.109504 #1356] DEBUG -- : -------> building new state...
D, [2018-03-31T11:57:42.109601 #1356] DEBUG -- : -------> building new state...
D, [2018-03-31T11:57:42.109786 #1356] DEBUG -- : -------> building selection...
D, [2018-03-31T11:57:42.110182 #1356] DEBUG -- : -------> building new state...
D, [2018-03-31T11:57:42.110353 #1356] DEBUG -- : -------> building new state...
D, [2018-03-31T11:57:42.110558 #1356] DEBUG -- : -------> building selection...
D, [2018-03-31T11:57:42.110916 #1356] DEBUG -- : -------> building new state...
D, [2018-03-31T11:57:42.111023 #1356] DEBUG -- : -------> building new state...
D, [2018-03-31T11:57:42.111246 #1356] DEBUG -- : -------> building selection...
D, [2018-03-31T11:57:42.111584 #1356] DEBUG -- : -------> building new state...
D, [2018-03-31T11:57:42.111686 #1356] DEBUG -- : -------> building new state...
D, [2018-03-31T11:57:42.111869 #1356] DEBUG -- : -------> building selection...
D, [2018-03-31T11:57:42.112195 #1356] DEBUG -- : -------> building new state...
D, [2018-03-31T11:57:42.112296 #1356] DEBUG -- : -------> building new state...
D, [2018-03-31T11:57:42.112553 #1356] DEBUG -- : -------> building selection...
D, [2018-03-31T11:57:42.112901 #1356] DEBUG -- : -------> building new state...
D, [2018-03-31T11:57:42.113110 #1356] DEBUG -- : -------> building new state...
D, [2018-03-31T11:57:42.113323 #1356] DEBUG -- : -------> building selection...
D, [2018-03-31T11:57:42.113669 #1356] DEBUG -- : -------> building new state...
D, [2018-03-31T11:57:42.113773 #1356] DEBUG -- : -------> building new state...
D, [2018-03-31T11:57:42.114010 #1356] DEBUG -- : -------> building selection...
D, [2018-03-31T11:57:42.114335 #1356] DEBUG -- : -------> building new state...
D, [2018-03-31T11:57:42.114442 #1356] DEBUG -- : -------> building new state...
D, [2018-03-31T11:57:42.114631 #1356] DEBUG -- : -------> building selection...
D, [2018-03-31T11:57:42.114967 #1356] DEBUG -- : -------> building new state...
D, [2018-03-31T11:57:42.115106 #1356] DEBUG -- : -------> building new state...
D, [2018-03-31T11:57:42.115329 #1356] DEBUG -- : scoring weighed rated selections...
D, [2018-03-31T11:57:42.115367 #1356] DEBUG -- : Saving scored selections...
D, [2018-03-31T11:57:42.119517 #1356] DEBUG -- : State Score successfully calculated


D, [2018-03-31T11:57:42.119601 #1356] DEBUG -- : Saving scored selections...
D, [2018-03-31T11:57:42.157208 #1356] DEBUG -- : State Score successfully calculated


D, [2018-03-31T11:57:42.157302 #1356] DEBUG -- : Scoring new state: {:rating=>37, :state=>{:unknown=>0, :possibly_lighter=>0, :possibly_heavier=>1, :normal=>7}}
D, [2018-03-31T11:57:42.157331 #1356] DEBUG -- : State Score successfully calculated


D, [2018-03-31T11:57:42.157359 #1356] DEBUG -- : Scoring new state: {:rating=>31, :state=>{:unknown=>0, :possibly_lighter=>1, :possibly_heavier=>2, :normal=>5}}
D, [2018-03-31T11:57:42.160044 #1356] DEBUG -- : generating score for new state...
D, [2018-03-31T11:57:42.163648 #1356] DEBUG -- : new state info recorded
D, [2018-03-31T11:57:42.167165 #1356] DEBUG -- : generating weighed rated selections...
D, [2018-03-31T11:57:42.363092 #1356] DEBUG -- : scoring weighed rated selections...
D, [2018-03-31T11:57:42.363220 #1356] DEBUG -- : Saving scored selections...
D, [2018-03-31T11:57:42.370314 #1356] DEBUG -- : State Score successfully calculated


D, [2018-03-31T11:57:42.436842 #1356] DEBUG -- : Scoring new state: {:rating=>34, :state=>{:unknown=>0, :possibly_lighter=>1, :possibly_heavier=>1, :normal=>6}}
D, [2018-03-31T11:57:42.439739 #1356] DEBUG -- : generating score for new state...
D, [2018-03-31T11:57:42.443404 #1356] DEBUG -- : new state info recorded
D, [2018-03-31T11:57:42.447112 #1356] DEBUG -- : generating weighed rated selections...
D, [2018-03-31T11:57:42.560847 #1356] DEBUG -- : scoring weighed rated selections...
D, [2018-03-31T11:57:42.560984 #1356] DEBUG -- : Saving scored selections...
D, [2018-03-31T11:57:42.576889 #1356] DEBUG -- : State Score successfully calculated


D, [2018-03-31T11:57:42.577005 #1356] DEBUG -- : Scoring new state: {:rating=>31, :state=>{:unknown=>0, :possibly_lighter=>1, :possibly_heavier=>2, :normal=>5}}
D, [2018-03-31T11:57:42.579524 #1356] DEBUG -- : generating score for new state...
D, [2018-03-31T11:57:42.582960 #1356] DEBUG -- : new state info recorded
D, [2018-03-31T11:57:42.586360 #1356] DEBUG -- : generating weighed rated selections...
D, [2018-03-31T11:57:42.781439 #1356] DEBUG -- : scoring weighed rated selections...
D, [2018-03-31T11:57:42.781585 #1356] DEBUG -- : Saving scored selections...
D, [2018-03-31T11:57:42.789026 #1356] DEBUG -- : State Score successfully calculated


D, [2018-03-31T11:57:42.789123 #1356] DEBUG -- : Scoring new state: {:rating=>34, :state=>{:unknown=>0, :possibly_lighter=>1, :possibly_heavier=>1, :normal=>6}}
D, [2018-03-31T11:57:42.791731 #1356] DEBUG -- : returning fully calculated score...
D, [2018-03-31T11:57:42.791799 #1356] DEBUG -- : State Score successfully calculated


D, [2018-03-31T11:57:42.791848 #1356] DEBUG -- : Scoring new state: {:rating=>31, :state=>{:unknown=>0, :possibly_lighter=>2, :possibly_heavier=>1, :normal=>5}}
D, [2018-03-31T11:57:42.794311 #1356] DEBUG -- : generating score for new state...
D, [2018-03-31T11:57:42.797855 #1356] DEBUG -- : new state info recorded
D, [2018-03-31T11:57:42.801311 #1356] DEBUG -- : generating weighed rated selections...
D, [2018-03-31T11:57:43.003997 #1356] DEBUG -- : scoring weighed rated selections...
D, [2018-03-31T11:57:43.004126 #1356] DEBUG -- : Saving scored selections...
D, [2018-03-31T11:57:43.011361 #1356] DEBUG -- : State Score successfully calculated


D, [2018-03-31T11:57:43.077430 #1356] DEBUG -- : Scoring new state: {:rating=>31, :state=>{:unknown=>0, :possibly_lighter=>1, :possibly_heavier=>2, :normal=>5}}
D, [2018-03-31T11:57:43.080235 #1356] DEBUG -- : generating score for new state...
D, [2018-03-31T11:57:43.083959 #1356] DEBUG -- : new state info recorded
D, [2018-03-31T11:57:43.087375 #1356] DEBUG -- : generating weighed rated selections...
D, [2018-03-31T11:57:43.291596 #1356] DEBUG -- : scoring weighed rated selections...
D, [2018-03-31T11:57:43.291727 #1356] DEBUG -- : Saving scored selections...
D, [2018-03-31T11:57:43.298750 #1356] DEBUG -- : State Score successfully calculated


D, [2018-03-31T11:57:43.298850 #1356] DEBUG -- : Scoring new state: {:rating=>34, :state=>{:unknown=>0, :possibly_lighter=>1, :possibly_heavier=>1, :normal=>6}}
D, [2018-03-31T11:57:43.301411 #1356] DEBUG -- : calculating updated score for older state...
D, [2018-03-31T11:57:43.304945 #1356] DEBUG -- : generating weighed rated selections...
D, [2018-03-31T11:57:43.405806 #1356] DEBUG -- : scoring weighed rated selections...
D, [2018-03-31T11:57:43.405953 #1356] DEBUG -- : Saving scored selections...
D, [2018-03-31T11:57:43.421190 #1356] DEBUG -- : State Score successfully calculated


D, [2018-03-31T11:57:43.421289 #1356] DEBUG -- : Scoring new state: {:rating=>31, :state=>{:unknown=>0, :possibly_lighter=>2, :possibly_heavier=>1, :normal=>5}}
D, [2018-03-31T11:57:43.423965 #1356] DEBUG -- : generating score for new state...
D, [2018-03-31T11:57:43.427372 #1356] DEBUG -- : new state info recorded
D, [2018-03-31T11:57:43.430724 #1356] DEBUG -- : generating weighed rated selections...
D, [2018-03-31T11:57:43.625655 #1356] DEBUG -- : scoring weighed rated selections...
D, [2018-03-31T11:57:43.625779 #1356] DEBUG -- : Saving scored selections...
D, [2018-03-31T11:57:43.633218 #1356] DEBUG -- : State Score successfully calculated


D, [2018-03-31T11:57:43.633316 #1356] DEBUG -- : Scoring new state: {:rating=>34, :state=>{:unknown=>0, :possibly_lighter=>1, :possibly_heavier=>1, :normal=>6}}
D, [2018-03-31T11:57:43.635875 #1356] DEBUG -- : returning fully calculated score...
D, [2018-03-31T11:57:43.635941 #1356] DEBUG -- : State Score successfully calculated


D, [2018-03-31T11:57:43.702156 #1356] DEBUG -- : Scoring new state: {:rating=>31, :state=>{:unknown=>0, :possibly_lighter=>1, :possibly_heavier=>2, :normal=>5}}
D, [2018-03-31T11:57:43.705010 #1356] DEBUG -- : generating score for new state...
D, [2018-03-31T11:57:43.708697 #1356] DEBUG -- : new state info recorded
D, [2018-03-31T11:57:43.712100 #1356] DEBUG -- : generating weighed rated selections...
D, [2018-03-31T11:57:43.918739 #1356] DEBUG -- : scoring weighed rated selections...
D, [2018-03-31T11:57:43.918880 #1356] DEBUG -- : Saving scored selections...
D, [2018-03-31T11:57:43.925938 #1356] DEBUG -- : State Score successfully calculated


D, [2018-03-31T11:57:43.926064 #1356] DEBUG -- : Scoring new state: {:rating=>34, :state=>{:unknown=>0, :possibly_lighter=>1, :possibly_heavier=>1, :normal=>6}}
D, [2018-03-31T11:57:43.928633 #1356] DEBUG -- : calculating updated score for older state...
D, [2018-03-31T11:57:43.932098 #1356] DEBUG -- : generating weighed rated selections...
D, [2018-03-31T11:57:44.034263 #1356] DEBUG -- : scoring weighed rated selections...
D, [2018-03-31T11:57:44.034402 #1356] DEBUG -- : Saving scored selections...
D, [2018-03-31T11:57:44.049330 #1356] DEBUG -- : State Score successfully calculated


D, [2018-03-31T11:57:44.049421 #1356] DEBUG -- : Scoring new state: {:rating=>31, :state=>{:unknown=>0, :possibly_lighter=>2, :possibly_heavier=>1, :normal=>5}}
D, [2018-03-31T11:57:44.052045 #1356] DEBUG -- : generating score for new state...
D, [2018-03-31T11:57:44.055469 #1356] DEBUG -- : new state info recorded
D, [2018-03-31T11:57:44.059053 #1356] DEBUG -- : generating weighed rated selections...
D, [2018-03-31T11:57:44.248972 #1356] DEBUG -- : scoring weighed rated selections...
D, [2018-03-31T11:57:44.249106 #1356] DEBUG -- : Saving scored selections...
D, [2018-03-31T11:57:44.255966 #1356] DEBUG -- : State Score successfully calculated


D, [2018-03-31T11:57:44.327640 #1356] DEBUG -- : generating weighed rated selections...
D, [2018-03-31T11:57:44.444727 #1356] DEBUG -- : scoring weighed rated selections...
D, [2018-03-31T11:57:44.444864 #1356] DEBUG -- : Saving scored selections...
D, [2018-03-31T11:57:44.464202 #1356] DEBUG -- : generating weighed rated selections...
D, [2018-03-31T11:57:44.659655 #1356] DEBUG -- : scoring weighed rated selections...
D, [2018-03-31T11:57:44.659795 #1356] DEBUG -- : Saving scored selections...
D, [2018-03-31T11:59:20.478852 #2278] DEBUG -- : calculating updated score for older state...
D, [2018-03-31T11:59:20.483051 #2278] DEBUG -- : generating weighed rated selections...
D, [2018-03-31T11:59:20.496322 #2278] DEBUG -- : scoring weighed rated selections...
D, [2018-03-31T11:59:20.496447 #2278] DEBUG -- : Scoring new state: {:rating=>10, :state=>{:unknown=>1, :possibly_lighter=>0, :possibly_heavier=>0, :normal=>2}}
D, [2018-03-31T11:59:20.500032 #2278] DEBUG -- : calculating updated score for older state...
D, [2018-03-31T11:59:20.504205 #2278] DEBUG -- : generating weighed rated selections...
D, [2018-03-31T11:59:20.525219 #2278] DEBUG -- : scoring weighed rated selections...
D, [2018-03-31T11:59:20.525326 #2278] DEBUG -- : Saving scored selections...
D, [2018-03-31T11:59:20.528704 #2278] DEBUG -- : State Score successfully calculated


D, [2018-03-31T11:59:20.529486 #2278] DEBUG -- : Scoring new state: {:rating=>9, :state=>{:unknown=>0, :possibly_lighter=>1, :possibly_heavier=>1, :normal=>1}}
D, [2018-03-31T11:59:20.532031 #2278] DEBUG -- : calculating updated score for older state...
D, [2018-03-31T11:59:20.535628 #2278] DEBUG -- : generating weighed rated selections...
D, [2018-03-31T11:59:20.566477 #2278] DEBUG -- : scoring weighed rated selections...
D, [2018-03-31T11:59:20.566590 #2278] DEBUG -- : Saving scored selections...
D, [2018-03-31T11:59:20.571395 #2278] DEBUG -- : State Score successfully calculated


D, [2018-03-31T11:59:20.571478 #2278] DEBUG -- : Saving scored selections...
D, [2018-03-31T11:59:20.653718 #2278] DEBUG -- : calculating updated score for older state...
D, [2018-03-31T11:59:20.657214 #2278] DEBUG -- : generating weighed rated selections...
D, [2018-03-31T11:59:20.670210 #2278] DEBUG -- : scoring weighed rated selections...
D, [2018-03-31T11:59:20.670331 #2278] DEBUG -- : Scoring new state: {:rating=>10, :state=>{:unknown=>1, :possibly_lighter=>0, :possibly_heavier=>0, :normal=>2}}
D, [2018-03-31T11:59:20.673068 #2278] DEBUG -- : calculating updated score for older state...
D, [2018-03-31T11:59:20.676515 #2278] DEBUG -- : generating weighed rated selections...
D, [2018-03-31T11:59:20.696207 #2278] DEBUG -- : scoring weighed rated selections...
D, [2018-03-31T11:59:20.696314 #2278] DEBUG -- : Saving scored selections...
D, [2018-03-31T11:59:20.699570 #2278] DEBUG -- : State Score successfully calculated


D, [2018-03-31T11:59:20.699660 #2278] DEBUG -- : Scoring new state: {:rating=>9, :state=>{:unknown=>0, :possibly_lighter=>1, :possibly_heavier=>1, :normal=>1}}
D, [2018-03-31T11:59:20.702276 #2278] DEBUG -- : calculating updated score for older state...
D, [2018-03-31T11:59:20.705752 #2278] DEBUG -- : generating weighed rated selections...
D, [2018-03-31T11:59:20.735546 #2278] DEBUG -- : scoring weighed rated selections...
D, [2018-03-31T11:59:20.735635 #2278] DEBUG -- : Saving scored selections...
D, [2018-03-31T11:59:20.740558 #2278] DEBUG -- : State Score successfully calculated


D, [2018-03-31T11:59:20.740642 #2278] DEBUG -- : Saving scored selections...
D, [2018-03-31T11:59:20.817504 #2278] DEBUG -- : calculating updated score for older state...
D, [2018-03-31T11:59:20.821108 #2278] DEBUG -- : generating weighed rated selections...
D, [2018-03-31T11:59:20.834042 #2278] DEBUG -- : scoring weighed rated selections...
D, [2018-03-31T11:59:20.834157 #2278] DEBUG -- : Scoring new state: {:rating=>10, :state=>{:unknown=>1, :possibly_lighter=>0, :possibly_heavier=>0, :normal=>2}}
D, [2018-03-31T11:59:20.837156 #2278] DEBUG -- : calculating updated score for older state...
D, [2018-03-31T11:59:20.840631 #2278] DEBUG -- : generating weighed rated selections...
D, [2018-03-31T11:59:20.860600 #2278] DEBUG -- : scoring weighed rated selections...
D, [2018-03-31T11:59:20.860710 #2278] DEBUG -- : Saving scored selections...
D, [2018-03-31T11:59:20.864031 #2278] DEBUG -- : State Score successfully calculated


D, [2018-03-31T11:59:20.864121 #2278] DEBUG -- : Scoring new state: {:rating=>9, :state=>{:unknown=>0, :possibly_lighter=>1, :possibly_heavier=>1, :normal=>1}}
D, [2018-03-31T11:59:20.866711 #2278] DEBUG -- : calculating updated score for older state...
D, [2018-03-31T11:59:20.870225 #2278] DEBUG -- : generating weighed rated selections...
D, [2018-03-31T11:59:20.899775 #2278] DEBUG -- : scoring weighed rated selections...
D, [2018-03-31T11:59:20.899885 #2278] DEBUG -- : Saving scored selections...
D, [2018-03-31T11:59:20.904568 #2278] DEBUG -- : State Score successfully calculated


D, [2018-03-31T11:59:20.904654 #2278] DEBUG -- : Saving scored selections...
D, [2018-03-31T11:59:20.976624 #2278] DEBUG -- : calculating updated score for older state...
D, [2018-03-31T11:59:20.980171 #2278] DEBUG -- : generating weighed rated selections...
D, [2018-03-31T11:59:20.993216 #2278] DEBUG -- : scoring weighed rated selections...
D, [2018-03-31T11:59:20.993337 #2278] DEBUG -- : Scoring new state: {:rating=>10, :state=>{:unknown=>1, :possibly_lighter=>0, :possibly_heavier=>0, :normal=>2}}
D, [2018-03-31T11:59:20.996124 #2278] DEBUG -- : calculating updated score for older state...
D, [2018-03-31T11:59:20.999710 #2278] DEBUG -- : generating weighed rated selections...
D, [2018-03-31T11:59:21.019535 #2278] DEBUG -- : scoring weighed rated selections...
D, [2018-03-31T11:59:21.019639 #2278] DEBUG -- : Saving scored selections...
D, [2018-03-31T11:59:21.022973 #2278] DEBUG -- : State Score successfully calculated


D, [2018-03-31T11:59:21.023056 #2278] DEBUG -- : Scoring new state: {:rating=>9, :state=>{:unknown=>0, :possibly_lighter=>1, :possibly_heavier=>1, :normal=>1}}
D, [2018-03-31T11:59:21.025612 #2278] DEBUG -- : calculating updated score for older state...
D, [2018-03-31T11:59:21.029158 #2278] DEBUG -- : generating weighed rated selections...
D, [2018-03-31T11:59:21.059431 #2278] DEBUG -- : scoring weighed rated selections...
D, [2018-03-31T11:59:21.059536 #2278] DEBUG -- : Saving scored selections...
D, [2018-03-31T11:59:21.064536 #2278] DEBUG -- : State Score successfully calculated


D, [2018-03-31T11:59:21.064617 #2278] DEBUG -- : Saving scored selections...
D, [2018-03-31T11:59:21.142964 #2278] DEBUG -- : calculating updated score for older state...
D, [2018-03-31T11:59:21.146505 #2278] DEBUG -- : generating weighed rated selections...
D, [2018-03-31T11:59:21.159736 #2278] DEBUG -- : scoring weighed rated selections...
D, [2018-03-31T11:59:21.159854 #2278] DEBUG -- : Scoring new state: {:rating=>10, :state=>{:unknown=>1, :possibly_lighter=>0, :possibly_heavier=>0, :normal=>2}}
D, [2018-03-31T11:59:21.163792 #2278] DEBUG -- : calculating updated score for older state...
D, [2018-03-31T11:59:21.167283 #2278] DEBUG -- : generating weighed rated selections...
D, [2018-03-31T11:59:21.186865 #2278] DEBUG -- : scoring weighed rated selections...
D, [2018-03-31T11:59:21.186979 #2278] DEBUG -- : Saving scored selections...
D, [2018-03-31T11:59:21.190149 #2278] DEBUG -- : State Score successfully calculated


D, [2018-03-31T11:59:21.190237 #2278] DEBUG -- : Scoring new state: {:rating=>9, :state=>{:unknown=>0, :possibly_lighter=>1, :possibly_heavier=>1, :normal=>1}}
D, [2018-03-31T11:59:21.193002 #2278] DEBUG -- : calculating updated score for older state...
D, [2018-03-31T11:59:21.196492 #2278] DEBUG -- : generating weighed rated selections...
D, [2018-03-31T11:59:21.226018 #2278] DEBUG -- : scoring weighed rated selections...
D, [2018-03-31T11:59:21.226123 #2278] DEBUG -- : Saving scored selections...
D, [2018-03-31T11:59:21.230900 #2278] DEBUG -- : State Score successfully calculated


D, [2018-03-31T11:59:21.230980 #2278] DEBUG -- : Saving scored selections...
D, [2018-03-31T11:59:21.306766 #2278] DEBUG -- : calculating updated score for older state...
D, [2018-03-31T11:59:21.310251 #2278] DEBUG -- : generating weighed rated selections...
D, [2018-03-31T11:59:21.323620 #2278] DEBUG -- : scoring weighed rated selections...
D, [2018-03-31T11:59:21.323736 #2278] DEBUG -- : Scoring new state: {:rating=>10, :state=>{:unknown=>1, :possibly_lighter=>0, :possibly_heavier=>0, :normal=>2}}
D, [2018-03-31T11:59:21.327187 #2278] DEBUG -- : calculating updated score for older state...
D, [2018-03-31T11:59:21.330709 #2278] DEBUG -- : generating weighed rated selections...
D, [2018-03-31T11:59:21.350354 #2278] DEBUG -- : scoring weighed rated selections...
D, [2018-03-31T11:59:21.350462 #2278] DEBUG -- : Saving scored selections...
D, [2018-03-31T11:59:21.353883 #2278] DEBUG -- : State Score successfully calculated


D, [2018-03-31T11:59:21.353975 #2278] DEBUG -- : Scoring new state: {:rating=>9, :state=>{:unknown=>0, :possibly_lighter=>1, :possibly_heavier=>1, :normal=>1}}
D, [2018-03-31T11:59:21.356546 #2278] DEBUG -- : calculating updated score for older state...
D, [2018-03-31T11:59:21.360238 #2278] DEBUG -- : generating weighed rated selections...
D, [2018-03-31T11:59:21.390046 #2278] DEBUG -- : scoring weighed rated selections...
D, [2018-03-31T11:59:21.390155 #2278] DEBUG -- : Saving scored selections...
D, [2018-03-31T11:59:21.395017 #2278] DEBUG -- : State Score successfully calculated


D, [2018-03-31T11:59:21.395097 #2278] DEBUG -- : Saving scored selections...
D, [2018-03-31T11:59:21.470881 #2278] DEBUG -- : calculating updated score for older state...
D, [2018-03-31T11:59:21.474636 #2278] DEBUG -- : generating weighed rated selections...
D, [2018-03-31T11:59:21.487634 #2278] DEBUG -- : scoring weighed rated selections...
D, [2018-03-31T11:59:21.487780 #2278] DEBUG -- : Scoring new state: {:rating=>10, :state=>{:unknown=>1, :possibly_lighter=>0, :possibly_heavier=>0, :normal=>2}}
D, [2018-03-31T11:59:21.491772 #2278] DEBUG -- : calculating updated score for older state...
D, [2018-03-31T11:59:21.495314 #2278] DEBUG -- : generating weighed rated selections...
D, [2018-03-31T11:59:21.514952 #2278] DEBUG -- : scoring weighed rated selections...
D, [2018-03-31T11:59:21.515052 #2278] DEBUG -- : Saving scored selections...
D, [2018-03-31T11:59:21.518410 #2278] DEBUG -- : State Score successfully calculated


D, [2018-03-31T11:59:21.518497 #2278] DEBUG -- : Scoring new state: {:rating=>9, :state=>{:unknown=>0, :possibly_lighter=>1, :possibly_heavier=>1, :normal=>1}}
D, [2018-03-31T11:59:21.521120 #2278] DEBUG -- : calculating updated score for older state...
D, [2018-03-31T11:59:21.524665 #2278] DEBUG -- : generating weighed rated selections...
D, [2018-03-31T11:59:21.554784 #2278] DEBUG -- : scoring weighed rated selections...
D, [2018-03-31T11:59:21.554890 #2278] DEBUG -- : Saving scored selections...
D, [2018-03-31T11:59:21.560630 #2278] DEBUG -- : State Score successfully calculated


D, [2018-03-31T11:59:21.560711 #2278] DEBUG -- : Saving scored selections...
D, [2018-03-31T11:59:21.635483 #2278] DEBUG -- : calculating updated score for older state...
D, [2018-03-31T11:59:21.639071 #2278] DEBUG -- : generating weighed rated selections...
D, [2018-03-31T11:59:21.651623 #2278] DEBUG -- : scoring weighed rated selections...
D, [2018-03-31T11:59:21.651717 #2278] DEBUG -- : Scoring new state: {:rating=>10, :state=>{:unknown=>1, :possibly_lighter=>0, :possibly_heavier=>0, :normal=>2}}
D, [2018-03-31T11:59:21.654578 #2278] DEBUG -- : calculating updated score for older state...
D, [2018-03-31T11:59:21.658094 #2278] DEBUG -- : generating weighed rated selections...
D, [2018-03-31T11:59:21.678151 #2278] DEBUG -- : scoring weighed rated selections...
D, [2018-03-31T11:59:21.678256 #2278] DEBUG -- : Saving scored selections...
D, [2018-03-31T11:59:21.681519 #2278] DEBUG -- : State Score successfully calculated


D, [2018-03-31T11:59:21.681605 #2278] DEBUG -- : Scoring new state: {:rating=>9, :state=>{:unknown=>0, :possibly_lighter=>1, :possibly_heavier=>1, :normal=>1}}
D, [2018-03-31T11:59:21.684157 #2278] DEBUG -- : calculating updated score for older state...
D, [2018-03-31T11:59:21.687632 #2278] DEBUG -- : generating weighed rated selections...
D, [2018-03-31T11:59:21.731790 #2278] DEBUG -- : scoring weighed rated selections...
D, [2018-03-31T11:59:21.731894 #2278] DEBUG -- : Saving scored selections...
D, [2018-03-31T11:59:21.746443 #2278] DEBUG -- : State Score successfully calculated


D, [2018-03-31T11:59:21.746543 #2278] DEBUG -- : Saving scored selections...
D, [2018-03-31T11:59:21.823363 #2278] DEBUG -- : calculating updated score for older state...
D, [2018-03-31T11:59:21.826928 #2278] DEBUG -- : generating weighed rated selections...
D, [2018-03-31T11:59:21.839709 #2278] DEBUG -- : scoring weighed rated selections...
D, [2018-03-31T11:59:21.839809 #2278] DEBUG -- : Scoring new state: {:rating=>10, :state=>{:unknown=>1, :possibly_lighter=>0, :possibly_heavier=>0, :normal=>2}}
D, [2018-03-31T11:59:21.843736 #2278] DEBUG -- : calculating updated score for older state...
D, [2018-03-31T11:59:21.847297 #2278] DEBUG -- : generating weighed rated selections...
D, [2018-03-31T11:59:21.867104 #2278] DEBUG -- : scoring weighed rated selections...
D, [2018-03-31T11:59:21.867210 #2278] DEBUG -- : Saving scored selections...
D, [2018-03-31T11:59:21.870507 #2278] DEBUG -- : State Score successfully calculated


D, [2018-03-31T11:59:21.870591 #2278] DEBUG -- : Scoring new state: {:rating=>9, :state=>{:unknown=>0, :possibly_lighter=>1, :possibly_heavier=>1, :normal=>1}}
D, [2018-03-31T11:59:21.873209 #2278] DEBUG -- : calculating updated score for older state...
D, [2018-03-31T11:59:21.876674 #2278] DEBUG -- : generating weighed rated selections...
D, [2018-03-31T11:59:21.906376 #2278] DEBUG -- : scoring weighed rated selections...
D, [2018-03-31T11:59:21.907460 #2278] DEBUG -- : Saving scored selections...
D, [2018-03-31T11:59:21.912436 #2278] DEBUG -- : State Score successfully calculated


D, [2018-03-31T11:59:21.912530 #2278] DEBUG -- : Saving scored selections...
D, [2018-03-31T11:59:21.987258 #2278] DEBUG -- : calculating updated score for older state...
D, [2018-03-31T11:59:21.990879 #2278] DEBUG -- : generating weighed rated selections...
D, [2018-03-31T11:59:22.003562 #2278] DEBUG -- : scoring weighed rated selections...
D, [2018-03-31T11:59:22.003702 #2278] DEBUG -- : Scoring new state: {:rating=>10, :state=>{:unknown=>1, :possibly_lighter=>0, :possibly_heavier=>0, :normal=>2}}
D, [2018-03-31T11:59:22.006567 #2278] DEBUG -- : calculating updated score for older state...
D, [2018-03-31T11:59:22.010097 #2278] DEBUG -- : generating weighed rated selections...
D, [2018-03-31T11:59:22.029595 #2278] DEBUG -- : scoring weighed rated selections...
D, [2018-03-31T11:59:22.029704 #2278] DEBUG -- : Saving scored selections...
D, [2018-03-31T11:59:22.032906 #2278] DEBUG -- : State Score successfully calculated


D, [2018-03-31T11:59:22.033014 #2278] DEBUG -- : Scoring new state: {:rating=>9, :state=>{:unknown=>0, :possibly_lighter=>1, :possibly_heavier=>1, :normal=>1}}
D, [2018-03-31T11:59:22.035624 #2278] DEBUG -- : calculating updated score for older state...
D, [2018-03-31T11:59:22.039154 #2278] DEBUG -- : generating weighed rated selections...
D, [2018-03-31T11:59:22.069071 #2278] DEBUG -- : scoring weighed rated selections...
D, [2018-03-31T11:59:22.069189 #2278] DEBUG -- : Saving scored selections...
D, [2018-03-31T11:59:22.074135 #2278] DEBUG -- : State Score successfully calculated


D, [2018-03-31T11:59:22.074221 #2278] DEBUG -- : Saving scored selections...
D, [2018-03-31T11:59:22.148647 #2278] DEBUG -- : calculating updated score for older state...
D, [2018-03-31T11:59:22.152281 #2278] DEBUG -- : generating weighed rated selections...
D, [2018-03-31T11:59:22.165213 #2278] DEBUG -- : scoring weighed rated selections...
D, [2018-03-31T11:59:22.166335 #2278] DEBUG -- : Scoring new state: {:rating=>10, :state=>{:unknown=>1, :possibly_lighter=>0, :possibly_heavier=>0, :normal=>2}}
D, [2018-03-31T11:59:22.169068 #2278] DEBUG -- : calculating updated score for older state...
D, [2018-03-31T11:59:22.172513 #2278] DEBUG -- : generating weighed rated selections...
D, [2018-03-31T11:59:22.192387 #2278] DEBUG -- : scoring weighed rated selections...
D, [2018-03-31T11:59:22.192489 #2278] DEBUG -- : Saving scored selections...
D, [2018-03-31T11:59:22.195848 #2278] DEBUG -- : State Score successfully calculated


D, [2018-03-31T11:59:22.195936 #2278] DEBUG -- : Scoring new state: {:rating=>9, :state=>{:unknown=>0, :possibly_lighter=>1, :possibly_heavier=>1, :normal=>1}}
D, [2018-03-31T11:59:22.198539 #2278] DEBUG -- : calculating updated score for older state...
D, [2018-03-31T11:59:22.202107 #2278] DEBUG -- : generating weighed rated selections...
D, [2018-03-31T11:59:22.232541 #2278] DEBUG -- : scoring weighed rated selections...
D, [2018-03-31T11:59:22.232649 #2278] DEBUG -- : Saving scored selections...
D, [2018-03-31T11:59:22.237421 #2278] DEBUG -- : State Score successfully calculated


D, [2018-03-31T11:59:22.237502 #2278] DEBUG -- : Saving scored selections...
D, [2018-03-31T11:59:22.313201 #2278] DEBUG -- : calculating updated score for older state...
D, [2018-03-31T11:59:22.317304 #2278] DEBUG -- : generating weighed rated selections...
D, [2018-03-31T11:59:22.330164 #2278] DEBUG -- : scoring weighed rated selections...
D, [2018-03-31T11:59:22.330284 #2278] DEBUG -- : Scoring new state: {:rating=>10, :state=>{:unknown=>1, :possibly_lighter=>0, :possibly_heavier=>0, :normal=>2}}
D, [2018-03-31T11:59:22.334863 #2278] DEBUG -- : calculating updated score for older state...
D, [2018-03-31T11:59:22.338380 #2278] DEBUG -- : generating weighed rated selections...
D, [2018-03-31T11:59:22.358143 #2278] DEBUG -- : scoring weighed rated selections...
D, [2018-03-31T11:59:22.358257 #2278] DEBUG -- : Saving scored selections...
D, [2018-03-31T11:59:22.361843 #2278] DEBUG -- : State Score successfully calculated


D, [2018-03-31T11:59:22.361939 #2278] DEBUG -- : Scoring new state: {:rating=>9, :state=>{:unknown=>0, :possibly_lighter=>1, :possibly_heavier=>1, :normal=>1}}
D, [2018-03-31T11:59:22.364611 #2278] DEBUG -- : calculating updated score for older state...
D, [2018-03-31T11:59:22.368120 #2278] DEBUG -- : generating weighed rated selections...
D, [2018-03-31T11:59:22.398137 #2278] DEBUG -- : scoring weighed rated selections...
D, [2018-03-31T11:59:22.399379 #2278] DEBUG -- : Saving scored selections...
D, [2018-03-31T11:59:22.404354 #2278] DEBUG -- : State Score successfully calculated


D, [2018-03-31T11:59:22.404447 #2278] DEBUG -- : Saving scored selections...
D, [2018-03-31T11:59:22.483344 #2278] DEBUG -- : calculating updated score for older state...
D, [2018-03-31T11:59:22.486870 #2278] DEBUG -- : generating weighed rated selections...
D, [2018-03-31T11:59:22.500010 #2278] DEBUG -- : scoring weighed rated selections...
D, [2018-03-31T11:59:22.500109 #2278] DEBUG -- : Scoring new state: {:rating=>10, :state=>{:unknown=>1, :possibly_lighter=>0, :possibly_heavier=>0, :normal=>2}}
D, [2018-03-31T11:59:22.502900 #2278] DEBUG -- : calculating updated score for older state...
D, [2018-03-31T11:59:22.506402 #2278] DEBUG -- : generating weighed rated selections...
D, [2018-03-31T11:59:22.526112 #2278] DEBUG -- : scoring weighed rated selections...
D, [2018-03-31T11:59:22.526202 #2278] DEBUG -- : Saving scored selections...
D, [2018-03-31T11:59:22.529579 #2278] DEBUG -- : State Score successfully calculated


D, [2018-03-31T11:59:22.529674 #2278] DEBUG -- : Scoring new state: {:rating=>9, :state=>{:unknown=>0, :possibly_lighter=>1, :possibly_heavier=>1, :normal=>1}}
D, [2018-03-31T11:59:22.532302 #2278] DEBUG -- : calculating updated score for older state...
D, [2018-03-31T11:59:22.535818 #2278] DEBUG -- : generating weighed rated selections...
D, [2018-03-31T11:59:22.565633 #2278] DEBUG -- : scoring weighed rated selections...
D, [2018-03-31T11:59:22.565750 #2278] DEBUG -- : Saving scored selections...
D, [2018-03-31T11:59:22.570495 #2278] DEBUG -- : State Score successfully calculated


D, [2018-03-31T11:59:22.570576 #2278] DEBUG -- : Saving scored selections...
D, [2018-03-31T11:59:22.646005 #2278] DEBUG -- : calculating updated score for older state...
D, [2018-03-31T11:59:22.649541 #2278] DEBUG -- : generating weighed rated selections...
D, [2018-03-31T11:59:22.662635 #2278] DEBUG -- : scoring weighed rated selections...
D, [2018-03-31T11:59:22.662757 #2278] DEBUG -- : Scoring new state: {:rating=>10, :state=>{:unknown=>1, :possibly_lighter=>0, :possibly_heavier=>0, :normal=>2}}
D, [2018-03-31T11:59:22.666917 #2278] DEBUG -- : calculating updated score for older state...
D, [2018-03-31T11:59:22.670418 #2278] DEBUG -- : generating weighed rated selections...
D, [2018-03-31T11:59:22.690445 #2278] DEBUG -- : scoring weighed rated selections...
D, [2018-03-31T11:59:22.690557 #2278] DEBUG -- : Saving scored selections...
D, [2018-03-31T11:59:22.694034 #2278] DEBUG -- : State Score successfully calculated


D, [2018-03-31T11:59:22.694121 #2278] DEBUG -- : Scoring new state: {:rating=>9, :state=>{:unknown=>0, :possibly_lighter=>1, :possibly_heavier=>1, :normal=>1}}
D, [2018-03-31T11:59:22.696755 #2278] DEBUG -- : calculating updated score for older state...
D, [2018-03-31T11:59:22.700229 #2278] DEBUG -- : generating weighed rated selections...
D, [2018-03-31T11:59:22.731737 #2278] DEBUG -- : scoring weighed rated selections...
D, [2018-03-31T11:59:22.731850 #2278] DEBUG -- : Saving scored selections...
D, [2018-03-31T11:59:22.736786 #2278] DEBUG -- : State Score successfully calculated


D, [2018-03-31T11:59:22.736874 #2278] DEBUG -- : Saving scored selections...
D, [2018-03-31T11:59:22.812711 #2278] DEBUG -- : calculating updated score for older state...
D, [2018-03-31T11:59:22.816234 #2278] DEBUG -- : generating weighed rated selections...
D, [2018-03-31T11:59:22.829274 #2278] DEBUG -- : scoring weighed rated selections...
D, [2018-03-31T11:59:22.829393 #2278] DEBUG -- : Scoring new state: {:rating=>10, :state=>{:unknown=>1, :possibly_lighter=>0, :possibly_heavier=>0, :normal=>2}}
D, [2018-03-31T11:59:22.832947 #2278] DEBUG -- : calculating updated score for older state...
D, [2018-03-31T11:59:22.836515 #2278] DEBUG -- : generating weighed rated selections...
D, [2018-03-31T11:59:22.858368 #2278] DEBUG -- : scoring weighed rated selections...
D, [2018-03-31T11:59:22.858484 #2278] DEBUG -- : Saving scored selections...
D, [2018-03-31T11:59:22.861829 #2278] DEBUG -- : State Score successfully calculated


D, [2018-03-31T11:59:22.861917 #2278] DEBUG -- : Scoring new state: {:rating=>9, :state=>{:unknown=>0, :possibly_lighter=>1, :possibly_heavier=>1, :normal=>1}}
D, [2018-03-31T11:59:22.864540 #2278] DEBUG -- : calculating updated score for older state...
D, [2018-03-31T11:59:22.868083 #2278] DEBUG -- : generating weighed rated selections...
D, [2018-03-31T11:59:22.898028 #2278] DEBUG -- : scoring weighed rated selections...
D, [2018-03-31T11:59:22.898140 #2278] DEBUG -- : Saving scored selections...
D, [2018-03-31T11:59:22.902899 #2278] DEBUG -- : State Score successfully calculated


D, [2018-03-31T11:59:22.902971 #2278] DEBUG -- : Saving scored selections...
D, [2018-03-31T11:59:22.977745 #2278] DEBUG -- : calculating updated score for older state...
D, [2018-03-31T11:59:22.981280 #2278] DEBUG -- : generating weighed rated selections...
D, [2018-03-31T11:59:22.994395 #2278] DEBUG -- : scoring weighed rated selections...
D, [2018-03-31T11:59:22.994512 #2278] DEBUG -- : Scoring new state: {:rating=>10, :state=>{:unknown=>1, :possibly_lighter=>0, :possibly_heavier=>0, :normal=>2}}
D, [2018-03-31T11:59:22.997320 #2278] DEBUG -- : calculating updated score for older state...
D, [2018-03-31T11:59:23.001005 #2278] DEBUG -- : generating weighed rated selections...
D, [2018-03-31T11:59:23.021079 #2278] DEBUG -- : scoring weighed rated selections...
D, [2018-03-31T11:59:23.021185 #2278] DEBUG -- : Saving scored selections...
D, [2018-03-31T11:59:23.024605 #2278] DEBUG -- : State Score successfully calculated


D, [2018-03-31T11:59:23.024699 #2278] DEBUG -- : Scoring new state: {:rating=>9, :state=>{:unknown=>0, :possibly_lighter=>1, :possibly_heavier=>1, :normal=>1}}
D, [2018-03-31T11:59:23.027343 #2278] DEBUG -- : calculating updated score for older state...
D, [2018-03-31T11:59:23.030871 #2278] DEBUG -- : generating weighed rated selections...
D, [2018-03-31T11:59:23.061238 #2278] DEBUG -- : scoring weighed rated selections...
D, [2018-03-31T11:59:23.061356 #2278] DEBUG -- : Saving scored selections...
D, [2018-03-31T11:59:23.066349 #2278] DEBUG -- : State Score successfully calculated


D, [2018-03-31T11:59:23.066436 #2278] DEBUG -- : Saving scored selections...
D, [2018-03-31T11:59:23.071558 #2278] DEBUG -- : -------> building selection...
D, [2018-03-31T11:59:23.072372 #2278] DEBUG -- : -------> building new state...
D, [2018-03-31T11:59:23.072657 #2278] DEBUG -- : -------> building new state...
D, [2018-03-31T11:59:23.074293 #2278] DEBUG -- : -------> building selection...
D, [2018-03-31T11:59:23.074658 #2278] DEBUG -- : -------> building new state...
D, [2018-03-31T11:59:23.074889 #2278] DEBUG -- : -------> building new state...
D, [2018-03-31T11:59:23.075132 #2278] DEBUG -- : -------> building selection...
D, [2018-03-31T11:59:23.075469 #2278] DEBUG -- : -------> building new state...
D, [2018-03-31T11:59:23.075643 #2278] DEBUG -- : -------> building new state...
D, [2018-03-31T11:59:23.075828 #2278] DEBUG -- : -------> building selection...
D, [2018-03-31T11:59:23.076146 #2278] DEBUG -- : -------> building new state...
D, [2018-03-31T11:59:23.076246 #2278] DEBUG -- : -------> building new state...
D, [2018-03-31T11:59:23.076410 #2278] DEBUG -- : -------> building selection...
D, [2018-03-31T11:59:23.078603 #2278] DEBUG -- : -------> building new state...
D, [2018-03-31T11:59:23.078768 #2278] DEBUG -- : -------> building new state...
D, [2018-03-31T11:59:23.150371 #2278] DEBUG -- : calculating updated score for older state...
D, [2018-03-31T11:59:23.153999 #2278] DEBUG -- : generating weighed rated selections...
D, [2018-03-31T11:59:23.166967 #2278] DEBUG -- : scoring weighed rated selections...
D, [2018-03-31T11:59:23.167117 #2278] DEBUG -- : Scoring new state: {:rating=>10, :state=>{:unknown=>1, :possibly_lighter=>0, :possibly_heavier=>0, :normal=>2}}
D, [2018-03-31T11:59:23.170058 #2278] DEBUG -- : calculating updated score for older state...
D, [2018-03-31T11:59:23.173682 #2278] DEBUG -- : generating weighed rated selections...
D, [2018-03-31T11:59:23.194270 #2278] DEBUG -- : scoring weighed rated selections...
D, [2018-03-31T11:59:23.194382 #2278] DEBUG -- : Saving scored selections...
D, [2018-03-31T11:59:23.199287 #2278] DEBUG -- : State Score successfully calculated


D, [2018-03-31T11:59:23.199372 #2278] DEBUG -- : Scoring new state: {:rating=>9, :state=>{:unknown=>0, :possibly_lighter=>1, :possibly_heavier=>1, :normal=>1}}
D, [2018-03-31T11:59:23.202083 #2278] DEBUG -- : calculating updated score for older state...
D, [2018-03-31T11:59:23.206204 #2278] DEBUG -- : generating weighed rated selections...
D, [2018-03-31T11:59:23.235938 #2278] DEBUG -- : scoring weighed rated selections...
D, [2018-03-31T11:59:23.236030 #2278] DEBUG -- : Saving scored selections...
D, [2018-03-31T11:59:23.240714 #2278] DEBUG -- : State Score successfully calculated


D, [2018-03-31T11:59:23.240799 #2278] DEBUG -- : Saving scored selections...
D, [2018-03-31T11:59:23.247495 #2278] DEBUG -- : -------> building selection...
D, [2018-03-31T11:59:23.248289 #2278] DEBUG -- : -------> building new state...
D, [2018-03-31T11:59:23.248640 #2278] DEBUG -- : -------> building new state...
D, [2018-03-31T11:59:23.248846 #2278] DEBUG -- : -------> building selection...
D, [2018-03-31T11:59:23.249150 #2278] DEBUG -- : -------> building new state...
D, [2018-03-31T11:59:23.249319 #2278] DEBUG -- : -------> building new state...
D, [2018-03-31T11:59:23.249512 #2278] DEBUG -- : -------> building selection...
D, [2018-03-31T11:59:23.249796 #2278] DEBUG -- : -------> building new state...
D, [2018-03-31T11:59:23.249893 #2278] DEBUG -- : -------> building new state...
D, [2018-03-31T11:59:23.250061 #2278] DEBUG -- : -------> building selection...
D, [2018-03-31T11:59:23.250404 #2278] DEBUG -- : -------> building new state...
D, [2018-03-31T11:59:23.250554 #2278] DEBUG -- : -------> building new state...
D, [2018-03-31T11:59:23.250857 #2278] DEBUG -- : -------> building selection...
D, [2018-03-31T11:59:23.251180 #2278] DEBUG -- : -------> building new state...
D, [2018-03-31T11:59:23.251291 #2278] DEBUG -- : -------> building new state...
D, [2018-03-31T11:59:23.251468 #2278] DEBUG -- : -------> building selection...
D, [2018-03-31T11:59:23.251815 #2278] DEBUG -- : -------> building new state...
D, [2018-03-31T11:59:23.251987 #2278] DEBUG -- : -------> building new state...
D, [2018-03-31T11:59:23.322724 #2278] DEBUG -- : calculating updated score for older state...
D, [2018-03-31T11:59:23.326359 #2278] DEBUG -- : generating weighed rated selections...
D, [2018-03-31T11:59:23.339641 #2278] DEBUG -- : scoring weighed rated selections...
D, [2018-03-31T11:59:23.339769 #2278] DEBUG -- : Scoring new state: {:rating=>10, :state=>{:unknown=>1, :possibly_lighter=>0, :possibly_heavier=>0, :normal=>2}}
D, [2018-03-31T11:59:23.342755 #2278] DEBUG -- : calculating updated score for older state...
D, [2018-03-31T11:59:23.346606 #2278] DEBUG -- : generating weighed rated selections...
D, [2018-03-31T11:59:23.366510 #2278] DEBUG -- : scoring weighed rated selections...
D, [2018-03-31T11:59:23.366616 #2278] DEBUG -- : Saving scored selections...
D, [2018-03-31T11:59:23.369999 #2278] DEBUG -- : State Score successfully calculated


D, [2018-03-31T11:59:23.370091 #2278] DEBUG -- : Scoring new state: {:rating=>9, :state=>{:unknown=>0, :possibly_lighter=>1, :possibly_heavier=>1, :normal=>1}}
D, [2018-03-31T11:59:23.372703 #2278] DEBUG -- : calculating updated score for older state...
D, [2018-03-31T11:59:23.376208 #2278] DEBUG -- : generating weighed rated selections...
D, [2018-03-31T11:59:23.421314 #2278] DEBUG -- : scoring weighed rated selections...
D, [2018-03-31T11:59:23.421421 #2278] DEBUG -- : Saving scored selections...
D, [2018-03-31T11:59:23.426138 #2278] DEBUG -- : State Score successfully calculated


D, [2018-03-31T11:59:23.426224 #2278] DEBUG -- : Saving scored selections...
D, [2018-03-31T11:59:23.430495 #2278] DEBUG -- : -------> building new state...
D, [2018-03-31T11:59:23.431332 #2278] DEBUG -- : -------> building new state...
D, [2018-03-31T11:59:23.511299 #2278] DEBUG -- : generating weighed rated selections...
D, [2018-03-31T11:59:23.628927 #2278] DEBUG -- : scoring weighed rated selections...
D, [2018-03-31T11:59:23.629081 #2278] DEBUG -- : Saving scored selections...
D, [2018-03-31T11:59:23.648433 #2278] DEBUG -- : generating weighed rated selections...
D, [2018-03-31T11:59:23.861331 #2278] DEBUG -- : scoring weighed rated selections...
D, [2018-03-31T11:59:23.861470 #2278] DEBUG -- : Saving scored selections...
D, [2018-03-31T11:59:27.583000 #2278] DEBUG -- : Scoring new state: {:rating=>29, :state=>{:unknown=>1, :possibly_lighter=>2, :possibly_heavier=>0, :normal=>5}}
D, [2018-03-31T11:59:27.585963 #2278] DEBUG -- : generating score for new state...
D, [2018-03-31T11:59:27.589598 #2278] DEBUG -- : new state info recorded
D, [2018-03-31T11:59:27.593189 #2278] DEBUG -- : generating weighed rated selections...
D, [2018-03-31T11:59:27.845456 #2278] DEBUG -- : scoring weighed rated selections...
D, [2018-03-31T11:59:27.845607 #2278] DEBUG -- : Scoring new state: {:rating=>32, :state=>{:unknown=>1, :possibly_lighter=>1, :possibly_heavier=>0, :normal=>6}}
D, [2018-03-31T11:59:27.848628 #2278] DEBUG -- : calculating updated score for older state...
D, [2018-03-31T11:59:27.852159 #2278] DEBUG -- : generating weighed rated selections...
D, [2018-03-31T11:59:27.990244 #2278] DEBUG -- : scoring weighed rated selections...
D, [2018-03-31T11:59:27.990368 #2278] DEBUG -- : Saving scored selections...
D, [2018-03-31T11:59:27.996928 #2278] DEBUG -- : State Score successfully calculated


D, [2018-03-31T11:59:27.997019 #2278] DEBUG -- : Scoring new state: {:rating=>37, :state=>{:unknown=>0, :possibly_lighter=>1, :possibly_heavier=>0, :normal=>7}}
D, [2018-03-31T11:59:27.997045 #2278] DEBUG -- : State Score successfully calculated


D, [2018-03-31T11:59:27.997083 #2278] DEBUG -- : Scoring new state: {:rating=>37, :state=>{:unknown=>0, :possibly_lighter=>0, :possibly_heavier=>1, :normal=>7}}
D, [2018-03-31T11:59:27.997112 #2278] DEBUG -- : State Score successfully calculated


D, [2018-03-31T11:59:27.997137 #2278] DEBUG -- : Scoring new state: {:rating=>37, :state=>{:unknown=>0, :possibly_lighter=>1, :possibly_heavier=>0, :normal=>7}}
D, [2018-03-31T11:59:27.997157 #2278] DEBUG -- : State Score successfully calculated


D, [2018-03-31T11:59:27.997194 #2278] DEBUG -- : Scoring new state: {:rating=>34, :state=>{:unknown=>0, :possibly_lighter=>2, :possibly_heavier=>0, :normal=>6}}
D, [2018-03-31T11:59:27.999837 #2278] DEBUG -- : calculating updated score for older state...
D, [2018-03-31T11:59:28.003491 #2278] DEBUG -- : generating weighed rated selections...
D, [2018-03-31T11:59:28.053281 #2278] DEBUG -- : scoring weighed rated selections...
D, [2018-03-31T11:59:28.053413 #2278] DEBUG -- : Saving scored selections...
D, [2018-03-31T11:59:28.062749 #2278] DEBUG -- : State Score successfully calculated


D, [2018-03-31T11:59:28.062866 #2278] DEBUG -- : Scoring new state: {:rating=>32, :state=>{:unknown=>1, :possibly_lighter=>1, :possibly_heavier=>0, :normal=>6}}
D, [2018-03-31T11:59:28.065482 #2278] DEBUG -- : calculating updated score for older state...
D, [2018-03-31T11:59:28.068956 #2278] DEBUG -- : generating weighed rated selections...
D, [2018-03-31T11:59:28.069976 #2278] DEBUG -- : -------> building selection...
D, [2018-03-31T11:59:28.070872 #2278] DEBUG -- : -------> building new state...
D, [2018-03-31T11:59:28.071230 #2278] DEBUG -- : -------> building new state...
D, [2018-03-31T11:59:28.071472 #2278] DEBUG -- : -------> building selection...
D, [2018-03-31T11:59:28.071802 #2278] DEBUG -- : -------> building new state...
D, [2018-03-31T11:59:28.071904 #2278] DEBUG -- : -------> building new state...
D, [2018-03-31T11:59:28.072084 #2278] DEBUG -- : -------> building selection...
D, [2018-03-31T11:59:28.072387 #2278] DEBUG -- : -------> building new state...
D, [2018-03-31T11:59:28.072517 #2278] DEBUG -- : -------> building new state...
D, [2018-03-31T11:59:28.072701 #2278] DEBUG -- : -------> building selection...
D, [2018-03-31T11:59:28.073009 #2278] DEBUG -- : -------> building new state...
D, [2018-03-31T11:59:28.073113 #2278] DEBUG -- : -------> building new state...
D, [2018-03-31T11:59:28.073290 #2278] DEBUG -- : -------> building selection...
D, [2018-03-31T11:59:28.073595 #2278] DEBUG -- : -------> building new state...
D, [2018-03-31T11:59:28.073738 #2278] DEBUG -- : -------> building new state...
D, [2018-03-31T11:59:28.073923 #2278] DEBUG -- : -------> building selection...
D, [2018-03-31T11:59:28.074254 #2278] DEBUG -- : -------> building new state...
D, [2018-03-31T11:59:28.074475 #2278] DEBUG -- : -------> building new state...
D, [2018-03-31T11:59:28.074683 #2278] DEBUG -- : -------> building selection...
D, [2018-03-31T11:59:28.075083 #2278] DEBUG -- : -------> building new state...
D, [2018-03-31T11:59:28.075212 #2278] DEBUG -- : -------> building new state...
D, [2018-03-31T11:59:28.075397 #2278] DEBUG -- : -------> building selection...
D, [2018-03-31T11:59:28.075718 #2278] DEBUG -- : -------> building new state...
D, [2018-03-31T11:59:28.075843 #2278] DEBUG -- : -------> building new state...
D, [2018-03-31T11:59:28.076147 #2278] DEBUG -- : -------> building selection...
D, [2018-03-31T11:59:28.076546 #2278] DEBUG -- : -------> building new state...
D, [2018-03-31T11:59:28.076674 #2278] DEBUG -- : -------> building new state...
D, [2018-03-31T11:59:28.076870 #2278] DEBUG -- : -------> building selection...
D, [2018-03-31T11:59:28.077193 #2278] DEBUG -- : -------> building new state...
D, [2018-03-31T11:59:28.077302 #2278] DEBUG -- : -------> building new state...
D, [2018-03-31T11:59:28.077492 #2278] DEBUG -- : -------> building selection...
D, [2018-03-31T11:59:28.079298 #2278] DEBUG -- : -------> building new state...
D, [2018-03-31T11:59:28.079472 #2278] DEBUG -- : -------> building new state...
D, [2018-03-31T11:59:28.079662 #2278] DEBUG -- : -------> building selection...
D, [2018-03-31T11:59:28.080045 #2278] DEBUG -- : -------> building new state...
D, [2018-03-31T11:59:28.080191 #2278] DEBUG -- : -------> building new state...
D, [2018-03-31T11:59:28.080429 #2278] DEBUG -- : -------> building selection...
D, [2018-03-31T11:59:28.082280 #2278] DEBUG -- : -------> building new state...
D, [2018-03-31T11:59:28.082507 #2278] DEBUG -- : -------> building new state...
D, [2018-03-31T11:59:28.082720 #2278] DEBUG -- : -------> building selection...
D, [2018-03-31T11:59:28.083065 #2278] DEBUG -- : -------> building new state...
D, [2018-03-31T11:59:28.083179 #2278] DEBUG -- : -------> building new state...
D, [2018-03-31T11:59:28.084750 #2278] DEBUG -- : -------> building selection...
D, [2018-03-31T11:59:28.085190 #2278] DEBUG -- : -------> building new state...
D, [2018-03-31T11:59:28.085316 #2278] DEBUG -- : -------> building new state...
D, [2018-03-31T11:59:28.085501 #2278] DEBUG -- : -------> building selection...
D, [2018-03-31T11:59:28.085832 #2278] DEBUG -- : -------> building new state...
D, [2018-03-31T11:59:28.085990 #2278] DEBUG -- : -------> building new state...
D, [2018-03-31T11:59:28.086213 #2278] DEBUG -- : -------> building selection...
D, [2018-03-31T11:59:28.086536 #2278] DEBUG -- : -------> building new state...
D, [2018-03-31T11:59:28.086648 #2278] DEBUG -- : -------> building new state...
D, [2018-03-31T11:59:28.086844 #2278] DEBUG -- : -------> building selection...
D, [2018-03-31T11:59:28.087165 #2278] DEBUG -- : -------> building new state...
D, [2018-03-31T11:59:28.088687 #2278] DEBUG -- : -------> building new state...
D, [2018-03-31T11:59:28.089026 #2278] DEBUG -- : -------> building selection...
D, [2018-03-31T11:59:28.089401 #2278] DEBUG -- : -------> building new state...
D, [2018-03-31T11:59:28.089506 #2278] DEBUG -- : -------> building new state...
D, [2018-03-31T11:59:28.089696 #2278] DEBUG -- : -------> building selection...
D, [2018-03-31T11:59:28.091585 #2278] DEBUG -- : -------> building new state...
D, [2018-03-31T11:59:28.091768 #2278] DEBUG -- : -------> building new state...
D, [2018-03-31T11:59:28.091988 #2278] DEBUG -- : -------> building selection...
D, [2018-03-31T11:59:28.092312 #2278] DEBUG -- : -------> building new state...
D, [2018-03-31T11:59:28.092419 #2278] DEBUG -- : -------> building new state...
D, [2018-03-31T11:59:28.092662 #2278] DEBUG -- : -------> building selection...
D, [2018-03-31T11:59:28.093102 #2278] DEBUG -- : -------> building new state...
D, [2018-03-31T11:59:28.093222 #2278] DEBUG -- : -------> building new state...
D, [2018-03-31T11:59:28.093419 #2278] DEBUG -- : -------> building selection...
D, [2018-03-31T11:59:28.093734 #2278] DEBUG -- : -------> building new state...
D, [2018-03-31T11:59:28.093842 #2278] DEBUG -- : -------> building new state...
D, [2018-03-31T11:59:28.095517 #2278] DEBUG -- : -------> building selection...
D, [2018-03-31T11:59:28.095984 #2278] DEBUG -- : -------> building new state...
D, [2018-03-31T11:59:28.096183 #2278] DEBUG -- : -------> building new state...
D, [2018-03-31T11:59:28.096375 #2278] DEBUG -- : -------> building selection...
D, [2018-03-31T11:59:28.096700 #2278] DEBUG -- : -------> building new state...
D, [2018-03-31T11:59:28.096800 #2278] DEBUG -- : -------> building new state...
D, [2018-03-31T11:59:28.097061 #2278] DEBUG -- : -------> building selection...
D, [2018-03-31T11:59:28.097383 #2278] DEBUG -- : -------> building new state...
D, [2018-03-31T11:59:28.097495 #2278] DEBUG -- : -------> building new state...
D, [2018-03-31T11:59:28.097680 #2278] DEBUG -- : scoring weighed rated selections...
D, [2018-03-31T11:59:28.097728 #2278] DEBUG -- : Saving scored selections...
D, [2018-03-31T11:59:28.104405 #2278] DEBUG -- : State Score successfully calculated


D, [2018-03-31T11:59:28.104476 #2278] DEBUG -- : Scoring new state: {:rating=>37, :state=>{:unknown=>0, :possibly_lighter=>1, :possibly_heavier=>0, :normal=>7}}
D, [2018-03-31T11:59:28.104500 #2278] DEBUG -- : State Score successfully calculated


D, [2018-03-31T11:59:28.104570 #2278] DEBUG -- : Scoring new state: {:rating=>35, :state=>{:unknown=>1, :possibly_lighter=>0, :possibly_heavier=>0, :normal=>7}}
D, [2018-03-31T11:59:28.107220 #2278] DEBUG -- : calculating updated score for older state...
D, [2018-03-31T11:59:28.110668 #2278] DEBUG -- : generating weighed rated selections...
D, [2018-03-31T11:59:28.160343 #2278] DEBUG -- : scoring weighed rated selections...
D, [2018-03-31T11:59:28.160456 #2278] DEBUG -- : Saving scored selections...
D, [2018-03-31T11:59:28.168401 #2278] DEBUG -- : State Score successfully calculated


D, [2018-03-31T11:59:28.168496 #2278] DEBUG -- : Scoring new state: {:rating=>37, :state=>{:unknown=>0, :possibly_lighter=>1, :possibly_heavier=>0, :normal=>7}}
D, [2018-03-31T11:59:28.168532 #2278] DEBUG -- : State Score successfully calculated


D, [2018-03-31T11:59:28.168567 #2278] DEBUG -- : Scoring new state: {:rating=>34, :state=>{:unknown=>0, :possibly_lighter=>1, :possibly_heavier=>1, :normal=>6}}
D, [2018-03-31T11:59:28.171135 #2278] DEBUG -- : calculating updated score for older state...
D, [2018-03-31T11:59:28.174492 #2278] DEBUG -- : generating weighed rated selections...
D, [2018-03-31T11:59:28.282435 #2278] DEBUG -- : scoring weighed rated selections...
D, [2018-03-31T11:59:28.282563 #2278] DEBUG -- : Saving scored selections...
D, [2018-03-31T11:59:28.297901 #2278] DEBUG -- : State Score successfully calculated


D, [2018-03-31T11:59:28.297993 #2278] DEBUG -- : Scoring new state: {:rating=>37, :state=>{:unknown=>0, :possibly_lighter=>1, :possibly_heavier=>0, :normal=>7}}
D, [2018-03-31T11:59:28.298019 #2278] DEBUG -- : State Score successfully calculated


D, [2018-03-31T11:59:28.298055 #2278] DEBUG -- : Scoring new state: {:rating=>37, :state=>{:unknown=>0, :possibly_lighter=>0, :possibly_heavier=>1, :normal=>7}}
D, [2018-03-31T11:59:28.298076 #2278] DEBUG -- : State Score successfully calculated


D, [2018-03-31T11:59:28.298102 #2278] DEBUG -- : Scoring new state: {:rating=>37, :state=>{:unknown=>0, :possibly_lighter=>1, :possibly_heavier=>0, :normal=>7}}
D, [2018-03-31T11:59:28.298121 #2278] DEBUG -- : State Score successfully calculated


D, [2018-03-31T11:59:28.298146 #2278] DEBUG -- : Scoring new state: {:rating=>34, :state=>{:unknown=>0, :possibly_lighter=>2, :possibly_heavier=>0, :normal=>6}}
D, [2018-03-31T11:59:28.300769 #2278] DEBUG -- : returning fully calculated score...
D, [2018-03-31T11:59:28.300834 #2278] DEBUG -- : State Score successfully calculated


D, [2018-03-31T11:59:28.300876 #2278] DEBUG -- : Scoring new state: {:rating=>34, :state=>{:unknown=>0, :possibly_lighter=>1, :possibly_heavier=>1, :normal=>6}}
D, [2018-03-31T11:59:28.303427 #2278] DEBUG -- : returning fully calculated score...
D, [2018-03-31T11:59:28.303490 #2278] DEBUG -- : State Score successfully calculated


D, [2018-03-31T11:59:28.303527 #2278] DEBUG -- : Scoring new state: {:rating=>37, :state=>{:unknown=>0, :possibly_lighter=>1, :possibly_heavier=>0, :normal=>7}}
D, [2018-03-31T11:59:28.303551 #2278] DEBUG -- : State Score successfully calculated


D, [2018-03-31T11:59:28.303585 #2278] DEBUG -- : Scoring new state: {:rating=>32, :state=>{:unknown=>1, :possibly_lighter=>1, :possibly_heavier=>0, :normal=>6}}
D, [2018-03-31T11:59:28.306254 #2278] DEBUG -- : calculating updated score for older state...
D, [2018-03-31T11:59:28.309670 #2278] DEBUG -- : generating weighed rated selections...
D, [2018-03-31T11:59:28.310710 #2278] DEBUG -- : -------> building selection...
D, [2018-03-31T11:59:28.311638 #2278] DEBUG -- : -------> building new state...
D, [2018-03-31T11:59:28.311917 #2278] DEBUG -- : -------> building new state...
D, [2018-03-31T11:59:28.312134 #2278] DEBUG -- : -------> building selection...
D, [2018-03-31T11:59:28.312491 #2278] DEBUG -- : -------> building new state...
D, [2018-03-31T11:59:28.312597 #2278] DEBUG -- : -------> building new state...
D, [2018-03-31T11:59:28.312781 #2278] DEBUG -- : -------> building selection...
D, [2018-03-31T11:59:28.313093 #2278] DEBUG -- : -------> building new state...
D, [2018-03-31T11:59:28.313191 #2278] DEBUG -- : -------> building new state...
D, [2018-03-31T11:59:28.313373 #2278] DEBUG -- : -------> building selection...
D, [2018-03-31T11:59:28.313714 #2278] DEBUG -- : -------> building new state...
D, [2018-03-31T11:59:28.313812 #2278] DEBUG -- : -------> building new state...
D, [2018-03-31T11:59:28.313990 #2278] DEBUG -- : -------> building selection...
D, [2018-03-31T11:59:28.314312 #2278] DEBUG -- : -------> building new state...
D, [2018-03-31T11:59:28.314413 #2278] DEBUG -- : -------> building new state...
D, [2018-03-31T11:59:28.314591 #2278] DEBUG -- : -------> building selection...
D, [2018-03-31T11:59:28.314985 #2278] DEBUG -- : -------> building new state...
D, [2018-03-31T11:59:28.315093 #2278] DEBUG -- : -------> building new state...
D, [2018-03-31T11:59:28.315275 #2278] DEBUG -- : -------> building selection...
D, [2018-03-31T11:59:28.315590 #2278] DEBUG -- : -------> building new state...
D, [2018-03-31T11:59:28.315694 #2278] DEBUG -- : -------> building new state...
D, [2018-03-31T11:59:28.315875 #2278] DEBUG -- : -------> building selection...
D, [2018-03-31T11:59:28.316222 #2278] DEBUG -- : -------> building new state...
D, [2018-03-31T11:59:28.316325 #2278] DEBUG -- : -------> building new state...
D, [2018-03-31T11:59:28.316507 #2278] DEBUG -- : -------> building selection...
D, [2018-03-31T11:59:28.316824 #2278] DEBUG -- : -------> building new state...
D, [2018-03-31T11:59:28.316923 #2278] DEBUG -- : -------> building new state...
D, [2018-03-31T11:59:28.317112 #2278] DEBUG -- : -------> building selection...
D, [2018-03-31T11:59:28.317457 #2278] DEBUG -- : -------> building new state...
D, [2018-03-31T11:59:28.317558 #2278] DEBUG -- : -------> building new state...
D, [2018-03-31T11:59:28.317740 #2278] DEBUG -- : -------> building selection...
D, [2018-03-31T11:59:28.318053 #2278] DEBUG -- : -------> building new state...
D, [2018-03-31T11:59:28.318151 #2278] DEBUG -- : -------> building new state...
D, [2018-03-31T11:59:28.318354 #2278] DEBUG -- : -------> building selection...
D, [2018-03-31T11:59:28.318676 #2278] DEBUG -- : -------> building new state...
D, [2018-03-31T11:59:28.318774 #2278] DEBUG -- : -------> building new state...
D, [2018-03-31T11:59:28.318969 #2278] DEBUG -- : -------> building selection...
D, [2018-03-31T11:59:28.319297 #2278] DEBUG -- : -------> building new state...
D, [2018-03-31T11:59:28.319399 #2278] DEBUG -- : -------> building new state...
D, [2018-03-31T11:59:28.319610 #2278] DEBUG -- : -------> building selection...
D, [2018-03-31T11:59:28.319930 #2278] DEBUG -- : -------> building new state...
D, [2018-03-31T11:59:28.320030 #2278] DEBUG -- : -------> building new state...
D, [2018-03-31T11:59:28.320208 #2278] DEBUG -- : -------> building selection...
D, [2018-03-31T11:59:28.320527 #2278] DEBUG -- : -------> building new state...
D, [2018-03-31T11:59:28.320629 #2278] DEBUG -- : -------> building new state...
D, [2018-03-31T11:59:28.320837 #2278] DEBUG -- : -------> building selection...
D, [2018-03-31T11:59:28.321152 #2278] DEBUG -- : -------> building new state...
D, [2018-03-31T11:59:28.321257 #2278] DEBUG -- : -------> building new state...
D, [2018-03-31T11:59:28.321441 #2278] DEBUG -- : -------> building selection...
D, [2018-03-31T11:59:28.321752 #2278] DEBUG -- : -------> building new state...
D, [2018-03-31T11:59:28.321849 #2278] DEBUG -- : -------> building new state...
D, [2018-03-31T11:59:28.322064 #2278] DEBUG -- : -------> building selection...
D, [2018-03-31T11:59:28.322375 #2278] DEBUG -- : -------> building new state...
D, [2018-03-31T11:59:28.322473 #2278] DEBUG -- : -------> building new state...
D, [2018-03-31T11:59:28.322651 #2278] DEBUG -- : -------> building selection...
D, [2018-03-31T11:59:28.323003 #2278] DEBUG -- : -------> building new state...
D, [2018-03-31T11:59:28.323127 #2278] DEBUG -- : -------> building new state...
D, [2018-03-31T11:59:28.323311 #2278] DEBUG -- : -------> building selection...
D, [2018-03-31T11:59:28.323820 #2278] DEBUG -- : -------> building new state...
D, [2018-03-31T11:59:28.323932 #2278] DEBUG -- : -------> building new state...
D, [2018-03-31T11:59:28.324119 #2278] DEBUG -- : -------> building selection...
D, [2018-03-31T11:59:28.324441 #2278] DEBUG -- : -------> building new state...
D, [2018-03-31T11:59:28.324579 #2278] DEBUG -- : -------> building new state...
D, [2018-03-31T11:59:28.324764 #2278] DEBUG -- : -------> building selection...
D, [2018-03-31T11:59:28.325075 #2278] DEBUG -- : -------> building new state...
D, [2018-03-31T11:59:28.325172 #2278] DEBUG -- : -------> building new state...
D, [2018-03-31T11:59:28.325379 #2278] DEBUG -- : -------> building selection...
D, [2018-03-31T11:59:28.325711 #2278] DEBUG -- : -------> building new state...
D, [2018-03-31T11:59:28.325843 #2278] DEBUG -- : -------> building new state...
D, [2018-03-31T11:59:28.326032 #2278] DEBUG -- : -------> building selection...
D, [2018-03-31T11:59:28.326347 #2278] DEBUG -- : -------> building new state...
D, [2018-03-31T11:59:28.326445 #2278] DEBUG -- : -------> building new state...
D, [2018-03-31T11:59:28.326622 #2278] DEBUG -- : -------> building selection...
D, [2018-03-31T11:59:28.326945 #2278] DEBUG -- : -------> building new state...
D, [2018-03-31T11:59:28.327067 #2278] DEBUG -- : -------> building new state...
D, [2018-03-31T11:59:28.327249 #2278] DEBUG -- : -------> building selection...
D, [2018-03-31T11:59:28.327608 #2278] DEBUG -- : -------> building new state...
D, [2018-03-31T11:59:28.327817 #2278] DEBUG -- : -------> building new state...
D, [2018-03-31T11:59:28.328029 #2278] DEBUG -- : scoring weighed rated selections...
D, [2018-03-31T11:59:28.328074 #2278] DEBUG -- : Saving scored selections...
D, [2018-03-31T11:59:28.334848 #2278] DEBUG -- : State Score successfully calculated


D, [2018-03-31T11:59:28.334936 #2278] DEBUG -- : Scoring new state: {:rating=>37, :state=>{:unknown=>0, :possibly_lighter=>1, :possibly_heavier=>0, :normal=>7}}
D, [2018-03-31T11:59:28.334960 #2278] DEBUG -- : State Score successfully calculated


D, [2018-03-31T11:59:28.334995 #2278] DEBUG -- : Scoring new state: {:rating=>37, :state=>{:unknown=>0, :possibly_lighter=>0, :possibly_heavier=>1, :normal=>7}}
D, [2018-03-31T11:59:28.335015 #2278] DEBUG -- : State Score successfully calculated


D, [2018-03-31T11:59:28.335040 #2278] DEBUG -- : Scoring new state: {:rating=>37, :state=>{:unknown=>0, :possibly_lighter=>1, :possibly_heavier=>0, :normal=>7}}
D, [2018-03-31T11:59:28.335058 #2278] DEBUG -- : State Score successfully calculated


D, [2018-03-31T11:59:28.335081 #2278] DEBUG -- : Scoring new state: {:rating=>34, :state=>{:unknown=>0, :possibly_lighter=>2, :possibly_heavier=>0, :normal=>6}}
D, [2018-03-31T11:59:28.337810 #2278] DEBUG -- : returning fully calculated score...
D, [2018-03-31T11:59:28.337870 #2278] DEBUG -- : State Score successfully calculated


D, [2018-03-31T11:59:28.337910 #2278] DEBUG -- : Scoring new state: {:rating=>35, :state=>{:unknown=>1, :possibly_lighter=>0, :possibly_heavier=>0, :normal=>7}}
D, [2018-03-31T11:59:28.340405 #2278] DEBUG -- : returning fully calculated score...
D, [2018-03-31T11:59:28.340467 #2278] DEBUG -- : State Score successfully calculated


D, [2018-03-31T11:59:28.340501 #2278] DEBUG -- : Scoring new state: {:rating=>34, :state=>{:unknown=>0, :possibly_lighter=>2, :possibly_heavier=>0, :normal=>6}}
D, [2018-03-31T11:59:28.342976 #2278] DEBUG -- : returning fully calculated score...
D, [2018-03-31T11:59:28.343034 #2278] DEBUG -- : State Score successfully calculated


D, [2018-03-31T11:59:28.343077 #2278] DEBUG -- : Scoring new state: {:rating=>37, :state=>{:unknown=>0, :possibly_lighter=>0, :possibly_heavier=>1, :normal=>7}}
D, [2018-03-31T11:59:28.343100 #2278] DEBUG -- : State Score successfully calculated


D, [2018-03-31T11:59:28.343127 #2278] DEBUG -- : Scoring new state: {:rating=>34, :state=>{:unknown=>0, :possibly_lighter=>2, :possibly_heavier=>0, :normal=>6}}
D, [2018-03-31T11:59:28.345574 #2278] DEBUG -- : returning fully calculated score...
D, [2018-03-31T11:59:28.345638 #2278] DEBUG -- : State Score successfully calculated


D, [2018-03-31T11:59:28.345672 #2278] DEBUG -- : Scoring new state: {:rating=>37, :state=>{:unknown=>0, :possibly_lighter=>1, :possibly_heavier=>0, :normal=>7}}
D, [2018-03-31T11:59:28.345694 #2278] DEBUG -- : State Score successfully calculated


D, [2018-03-31T11:59:28.345727 #2278] DEBUG -- : Scoring new state: {:rating=>32, :state=>{:unknown=>1, :possibly_lighter=>1, :possibly_heavier=>0, :normal=>6}}
D, [2018-03-31T11:59:28.348185 #2278] DEBUG -- : calculating updated score for older state...
D, [2018-03-31T11:59:28.351671 #2278] DEBUG -- : generating weighed rated selections...
D, [2018-03-31T11:59:28.352703 #2278] DEBUG -- : -------> building selection...
D, [2018-03-31T11:59:28.353549 #2278] DEBUG -- : -------> building new state...
D, [2018-03-31T11:59:28.353913 #2278] DEBUG -- : -------> building new state...
D, [2018-03-31T11:59:28.354135 #2278] DEBUG -- : -------> building selection...
D, [2018-03-31T11:59:28.354506 #2278] DEBUG -- : -------> building new state...
D, [2018-03-31T11:59:28.354607 #2278] DEBUG -- : -------> building new state...
D, [2018-03-31T11:59:28.354863 #2278] DEBUG -- : -------> building selection...
D, [2018-03-31T11:59:28.355305 #2278] DEBUG -- : -------> building new state...
D, [2018-03-31T11:59:28.355415 #2278] DEBUG -- : -------> building new state...
D, [2018-03-31T11:59:28.355608 #2278] DEBUG -- : -------> building selection...
D, [2018-03-31T11:59:28.355942 #2278] DEBUG -- : -------> building new state...
D, [2018-03-31T11:59:28.356042 #2278] DEBUG -- : -------> building new state...
D, [2018-03-31T11:59:28.356232 #2278] DEBUG -- : -------> building selection...
D, [2018-03-31T11:59:28.356550 #2278] DEBUG -- : -------> building new state...
D, [2018-03-31T11:59:28.356648 #2278] DEBUG -- : -------> building new state...
D, [2018-03-31T11:59:28.356830 #2278] DEBUG -- : -------> building selection...
D, [2018-03-31T11:59:28.357143 #2278] DEBUG -- : -------> building new state...
D, [2018-03-31T11:59:28.357243 #2278] DEBUG -- : -------> building new state...
D, [2018-03-31T11:59:28.357417 #2278] DEBUG -- : -------> building selection...
D, [2018-03-31T11:59:28.357770 #2278] DEBUG -- : -------> building new state...
D, [2018-03-31T11:59:28.357882 #2278] DEBUG -- : -------> building new state...
D, [2018-03-31T11:59:28.358061 #2278] DEBUG -- : -------> building selection...
D, [2018-03-31T11:59:28.358368 #2278] DEBUG -- : -------> building new state...
D, [2018-03-31T11:59:28.358470 #2278] DEBUG -- : -------> building new state...
D, [2018-03-31T11:59:28.358649 #2278] DEBUG -- : -------> building selection...
D, [2018-03-31T11:59:28.359088 #2278] DEBUG -- : -------> building new state...
D, [2018-03-31T11:59:28.359198 #2278] DEBUG -- : -------> building new state...
D, [2018-03-31T11:59:28.359378 #2278] DEBUG -- : -------> building selection...
D, [2018-03-31T11:59:28.359722 #2278] DEBUG -- : -------> building new state...
D, [2018-03-31T11:59:28.359821 #2278] DEBUG -- : -------> building new state...
D, [2018-03-31T11:59:28.360052 #2278] DEBUG -- : -------> building selection...
D, [2018-03-31T11:59:28.360364 #2278] DEBUG -- : -------> building new state...
D, [2018-03-31T11:59:28.360460 #2278] DEBUG -- : -------> building new state...
D, [2018-03-31T11:59:28.360729 #2278] DEBUG -- : -------> building selection...
D, [2018-03-31T11:59:28.361059 #2278] DEBUG -- : -------> building new state...
D, [2018-03-31T11:59:28.361156 #2278] DEBUG -- : -------> building new state...
D, [2018-03-31T11:59:28.361335 #2278] DEBUG -- : -------> building selection...
D, [2018-03-31T11:59:28.361674 #2278] DEBUG -- : -------> building new state...
D, [2018-03-31T11:59:28.361811 #2278] DEBUG -- : -------> building new state...
D, [2018-03-31T11:59:28.361995 #2278] DEBUG -- : -------> building selection...
D, [2018-03-31T11:59:28.362358 #2278] DEBUG -- : -------> building new state...
D, [2018-03-31T11:59:28.362460 #2278] DEBUG -- : -------> building new state...
D, [2018-03-31T11:59:28.362639 #2278] DEBUG -- : -------> building selection...
D, [2018-03-31T11:59:28.362968 #2278] DEBUG -- : -------> building new state...
D, [2018-03-31T11:59:28.363122 #2278] DEBUG -- : -------> building new state...
D, [2018-03-31T11:59:28.363303 #2278] DEBUG -- : -------> building selection...
D, [2018-03-31T11:59:28.363611 #2278] DEBUG -- : -------> building new state...
D, [2018-03-31T11:59:28.363739 #2278] DEBUG -- : -------> building new state...
D, [2018-03-31T11:59:28.363923 #2278] DEBUG -- : -------> building selection...
D, [2018-03-31T11:59:28.364261 #2278] DEBUG -- : -------> building new state...
D, [2018-03-31T11:59:28.364404 #2278] DEBUG -- : -------> building new state...
D, [2018-03-31T11:59:28.364609 #2278] DEBUG -- : -------> building selection...
D, [2018-03-31T11:59:28.364917 #2278] DEBUG -- : -------> building new state...
D, [2018-03-31T11:59:28.365028 #2278] DEBUG -- : -------> building new state...
D, [2018-03-31T11:59:28.365209 #2278] DEBUG -- : -------> building selection...
D, [2018-03-31T11:59:28.365556 #2278] DEBUG -- : -------> building new state...
D, [2018-03-31T11:59:28.365656 #2278] DEBUG -- : -------> building new state...
D, [2018-03-31T11:59:28.365870 #2278] DEBUG -- : -------> building selection...
D, [2018-03-31T11:59:28.366246 #2278] DEBUG -- : -------> building new state...
D, [2018-03-31T11:59:28.366367 #2278] DEBUG -- : -------> building new state...
D, [2018-03-31T11:59:28.366581 #2278] DEBUG -- : -------> building selection...
D, [2018-03-31T11:59:28.366920 #2278] DEBUG -- : -------> building new state...
D, [2018-03-31T11:59:28.367037 #2278] DEBUG -- : -------> building new state...
D, [2018-03-31T11:59:28.367235 #2278] DEBUG -- : -------> building selection...
D, [2018-03-31T11:59:28.367581 #2278] DEBUG -- : -------> building new state...
D, [2018-03-31T11:59:28.367796 #2278] DEBUG -- : -------> building new state...
D, [2018-03-31T11:59:28.367992 #2278] DEBUG -- : -------> building selection...
D, [2018-03-31T11:59:28.368416 #2278] DEBUG -- : -------> building new state...
D, [2018-03-31T11:59:28.368524 #2278] DEBUG -- : -------> building new state...
D, [2018-03-31T11:59:28.371009 #2278] DEBUG -- : -------> building selection...
D, [2018-03-31T11:59:28.371511 #2278] DEBUG -- : -------> building new state...
D, [2018-03-31T11:59:28.371713 #2278] DEBUG -- : -------> building new state...
D, [2018-03-31T11:59:28.371914 #2278] DEBUG -- : -------> building selection...
D, [2018-03-31T11:59:28.372266 #2278] DEBUG -- : -------> building new state...
D, [2018-03-31T11:59:28.372400 #2278] DEBUG -- : -------> building new state...
D, [2018-03-31T11:59:28.372596 #2278] DEBUG -- : -------> building selection...
D, [2018-03-31T11:59:28.372911 #2278] DEBUG -- : -------> building new state...
D, [2018-03-31T11:59:28.373031 #2278] DEBUG -- : -------> building new state...
D, [2018-03-31T11:59:28.373216 #2278] DEBUG -- : scoring weighed rated selections...
D, [2018-03-31T11:59:28.373262 #2278] DEBUG -- : Saving scored selections...
D, [2018-03-31T11:59:28.379652 #2278] DEBUG -- : State Score successfully calculated


D, [2018-03-31T11:59:28.379720 #2278] DEBUG -- : Scoring new state: {:rating=>37, :state=>{:unknown=>0, :possibly_lighter=>1, :possibly_heavier=>0, :normal=>7}}
D, [2018-03-31T11:59:28.379745 #2278] DEBUG -- : State Score successfully calculated


D, [2018-03-31T11:59:28.379781 #2278] DEBUG -- : Scoring new state: {:rating=>35, :state=>{:unknown=>1, :possibly_lighter=>0, :possibly_heavier=>0, :normal=>7}}
D, [2018-03-31T11:59:28.382436 #2278] DEBUG -- : returning fully calculated score...
D, [2018-03-31T11:59:28.382495 #2278] DEBUG -- : State Score successfully calculated


D, [2018-03-31T11:59:28.382529 #2278] DEBUG -- : Scoring new state: {:rating=>37, :state=>{:unknown=>0, :possibly_lighter=>1, :possibly_heavier=>0, :normal=>7}}
D, [2018-03-31T11:59:28.382553 #2278] DEBUG -- : State Score successfully calculated


D, [2018-03-31T11:59:28.382590 #2278] DEBUG -- : Scoring new state: {:rating=>34, :state=>{:unknown=>0, :possibly_lighter=>1, :possibly_heavier=>1, :normal=>6}}
D, [2018-03-31T11:59:28.385155 #2278] DEBUG -- : returning fully calculated score...
D, [2018-03-31T11:59:28.385219 #2278] DEBUG -- : State Score successfully calculated


D, [2018-03-31T11:59:28.385252 #2278] DEBUG -- : Scoring new state: {:rating=>37, :state=>{:unknown=>0, :possibly_lighter=>1, :possibly_heavier=>0, :normal=>7}}
D, [2018-03-31T11:59:28.385274 #2278] DEBUG -- : State Score successfully calculated


D, [2018-03-31T11:59:28.385307 #2278] DEBUG -- : Scoring new state: {:rating=>34, :state=>{:unknown=>0, :possibly_lighter=>1, :possibly_heavier=>1, :normal=>6}}
D, [2018-03-31T11:59:28.387769 #2278] DEBUG -- : returning fully calculated score...
D, [2018-03-31T11:59:28.387834 #2278] DEBUG -- : State Score successfully calculated


D, [2018-03-31T11:59:28.387884 #2278] DEBUG -- : Scoring new state: {:rating=>34, :state=>{:unknown=>0, :possibly_lighter=>2, :possibly_heavier=>0, :normal=>6}}
D, [2018-03-31T11:59:28.390348 #2278] DEBUG -- : returning fully calculated score...
D, [2018-03-31T11:59:28.390416 #2278] DEBUG -- : State Score successfully calculated


D, [2018-03-31T11:59:28.390475 #2278] DEBUG -- : Scoring new state: {:rating=>37, :state=>{:unknown=>0, :possibly_lighter=>0, :possibly_heavier=>1, :normal=>7}}
D, [2018-03-31T11:59:28.390500 #2278] DEBUG -- : State Score successfully calculated


D, [2018-03-31T11:59:28.390528 #2278] DEBUG -- : Scoring new state: {:rating=>37, :state=>{:unknown=>0, :possibly_lighter=>1, :possibly_heavier=>0, :normal=>7}}
D, [2018-03-31T11:59:28.390548 #2278] DEBUG -- : State Score successfully calculated


D, [2018-03-31T11:59:28.390585 #2278] DEBUG -- : Scoring new state: {:rating=>34, :state=>{:unknown=>0, :possibly_lighter=>2, :possibly_heavier=>0, :normal=>6}}
D, [2018-03-31T11:59:28.393041 #2278] DEBUG -- : returning fully calculated score...
D, [2018-03-31T11:59:28.393106 #2278] DEBUG -- : State Score successfully calculated


D, [2018-03-31T11:59:28.393179 #2278] DEBUG -- : Scoring new state: {:rating=>34, :state=>{:unknown=>0, :possibly_lighter=>1, :possibly_heavier=>1, :normal=>6}}
D, [2018-03-31T11:59:28.395631 #2278] DEBUG -- : returning fully calculated score...
D, [2018-03-31T11:59:28.395696 #2278] DEBUG -- : State Score successfully calculated


D, [2018-03-31T11:59:28.395746 #2278] DEBUG -- : Scoring new state: {:rating=>37, :state=>{:unknown=>0, :possibly_lighter=>1, :possibly_heavier=>0, :normal=>7}}
D, [2018-03-31T11:59:28.395786 #2278] DEBUG -- : State Score successfully calculated


D, [2018-03-31T11:59:28.395820 #2278] DEBUG -- : Scoring new state: {:rating=>31, :state=>{:unknown=>0, :possibly_lighter=>2, :possibly_heavier=>1, :normal=>5}}
D, [2018-03-31T11:59:28.398226 #2278] DEBUG -- : calculating updated score for older state...
D, [2018-03-31T11:59:28.401648 #2278] DEBUG -- : generating weighed rated selections...
D, [2018-03-31T11:59:28.595062 #2278] DEBUG -- : scoring weighed rated selections...
D, [2018-03-31T11:59:28.595190 #2278] DEBUG -- : Saving scored selections...
D, [2018-03-31T11:59:28.603885 #2278] DEBUG -- : State Score successfully calculated


D, [2018-03-31T11:59:28.603975 #2278] DEBUG -- : Scoring new state: {:rating=>37, :state=>{:unknown=>0, :possibly_lighter=>1, :possibly_heavier=>0, :normal=>7}}
D, [2018-03-31T11:59:28.604001 #2278] DEBUG -- : State Score successfully calculated


D, [2018-03-31T11:59:28.604039 #2278] DEBUG -- : Scoring new state: {:rating=>35, :state=>{:unknown=>1, :possibly_lighter=>0, :possibly_heavier=>0, :normal=>7}}
D, [2018-03-31T11:59:28.606678 #2278] DEBUG -- : returning fully calculated score...
D, [2018-03-31T11:59:28.606742 #2278] DEBUG -- : State Score successfully calculated


D, [2018-03-31T11:59:28.606776 #2278] DEBUG -- : Scoring new state: {:rating=>34, :state=>{:unknown=>0, :possibly_lighter=>2, :possibly_heavier=>0, :normal=>6}}
D, [2018-03-31T11:59:28.609296 #2278] DEBUG -- : returning fully calculated score...
D, [2018-03-31T11:59:28.609373 #2278] DEBUG -- : State Score successfully calculated


D, [2018-03-31T11:59:28.609420 #2278] DEBUG -- : Scoring new state: {:rating=>31, :state=>{:unknown=>0, :possibly_lighter=>2, :possibly_heavier=>1, :normal=>5}}
D, [2018-03-31T11:59:28.611879 #2278] DEBUG -- : calculating updated score for older state...
D, [2018-03-31T11:59:28.615312 #2278] DEBUG -- : generating weighed rated selections...
D, [2018-03-31T11:59:28.616421 #2278] DEBUG -- : -------> building selection...
D, [2018-03-31T11:59:28.617257 #2278] DEBUG -- : -------> building new state...
D, [2018-03-31T11:59:28.617544 #2278] DEBUG -- : -------> building new state...
D, [2018-03-31T11:59:28.617803 #2278] DEBUG -- : -------> building selection...
D, [2018-03-31T11:59:28.618325 #2278] DEBUG -- : -------> building new state...
D, [2018-03-31T11:59:28.618458 #2278] DEBUG -- : -------> building new state...
D, [2018-03-31T11:59:28.618658 #2278] DEBUG -- : -------> building selection...
D, [2018-03-31T11:59:28.619033 #2278] DEBUG -- : -------> building new state...
D, [2018-03-31T11:59:28.619144 #2278] DEBUG -- : -------> building new state...
D, [2018-03-31T11:59:28.619332 #2278] DEBUG -- : -------> building selection...
D, [2018-03-31T11:59:28.619698 #2278] DEBUG -- : -------> building new state...
D, [2018-03-31T11:59:28.619804 #2278] DEBUG -- : -------> building new state...
D, [2018-03-31T11:59:28.619990 #2278] DEBUG -- : -------> building selection...
D, [2018-03-31T11:59:28.620309 #2278] DEBUG -- : -------> building new state...
D, [2018-03-31T11:59:28.620410 #2278] DEBUG -- : -------> building new state...
D, [2018-03-31T11:59:28.620595 #2278] DEBUG -- : -------> building selection...
D, [2018-03-31T11:59:28.620953 #2278] DEBUG -- : -------> building new state...
D, [2018-03-31T11:59:28.621054 #2278] DEBUG -- : -------> building new state...
D, [2018-03-31T11:59:28.621245 #2278] DEBUG -- : -------> building selection...
D, [2018-03-31T11:59:28.621568 #2278] DEBUG -- : -------> building new state...
D, [2018-03-31T11:59:28.621667 #2278] DEBUG -- : -------> building new state...
D, [2018-03-31T11:59:28.621892 #2278] DEBUG -- : -------> building selection...
D, [2018-03-31T11:59:28.622217 #2278] DEBUG -- : -------> building new state...
D, [2018-03-31T11:59:28.622316 #2278] DEBUG -- : -------> building new state...
D, [2018-03-31T11:59:28.622501 #2278] DEBUG -- : -------> building selection...
D, [2018-03-31T11:59:28.622835 #2278] DEBUG -- : -------> building new state...
D, [2018-03-31T11:59:28.622941 #2278] DEBUG -- : -------> building new state...
D, [2018-03-31T11:59:28.623163 #2278] DEBUG -- : -------> building selection...
D, [2018-03-31T11:59:28.623523 #2278] DEBUG -- : -------> building new state...
D, [2018-03-31T11:59:28.623731 #2278] DEBUG -- : -------> building new state...
D, [2018-03-31T11:59:28.623945 #2278] DEBUG -- : -------> building selection...
D, [2018-03-31T11:59:28.624298 #2278] DEBUG -- : -------> building new state...
D, [2018-03-31T11:59:28.624418 #2278] DEBUG -- : -------> building new state...
D, [2018-03-31T11:59:28.624653 #2278] DEBUG -- : -------> building selection...
D, [2018-03-31T11:59:28.624993 #2278] DEBUG -- : -------> building new state...
D, [2018-03-31T11:59:28.625095 #2278] DEBUG -- : -------> building new state...
D, [2018-03-31T11:59:28.625282 #2278] DEBUG -- : -------> building selection...
D, [2018-03-31T11:59:28.625622 #2278] DEBUG -- : -------> building new state...
D, [2018-03-31T11:59:28.625777 #2278] DEBUG -- : -------> building new state...
D, [2018-03-31T11:59:28.625973 #2278] DEBUG -- : -------> building selection...
D, [2018-03-31T11:59:28.626299 #2278] DEBUG -- : -------> building new state...
D, [2018-03-31T11:59:28.626400 #2278] DEBUG -- : -------> building new state...
D, [2018-03-31T11:59:28.626586 #2278] DEBUG -- : -------> building selection...
D, [2018-03-31T11:59:28.626919 #2278] DEBUG -- : -------> building new state...
D, [2018-03-31T11:59:28.627087 #2278] DEBUG -- : -------> building new state...
D, [2018-03-31T11:59:28.628885 #2278] DEBUG -- : -------> building selection...
D, [2018-03-31T11:59:28.629344 #2278] DEBUG -- : -------> building new state...
D, [2018-03-31T11:59:28.629466 #2278] DEBUG -- : -------> building new state...
D, [2018-03-31T11:59:28.629656 #2278] DEBUG -- : -------> building selection...
D, [2018-03-31T11:59:28.630030 #2278] DEBUG -- : -------> building new state...
D, [2018-03-31T11:59:28.630145 #2278] DEBUG -- : -------> building new state...
D, [2018-03-31T11:59:28.630330 #2278] DEBUG -- : -------> building selection...
D, [2018-03-31T11:59:28.630653 #2278] DEBUG -- : -------> building new state...
D, [2018-03-31T11:59:28.630753 #2278] DEBUG -- : -------> building new state...
D, [2018-03-31T11:59:28.630980 #2278] DEBUG -- : -------> building selection...
D, [2018-03-31T11:59:28.631337 #2278] DEBUG -- : -------> building new state...
D, [2018-03-31T11:59:28.631446 #2278] DEBUG -- : -------> building new state...
D, [2018-03-31T11:59:28.631632 #2278] DEBUG -- : -------> building selection...
D, [2018-03-31T11:59:28.631963 #2278] DEBUG -- : -------> building new state...
D, [2018-03-31T11:59:28.632067 #2278] DEBUG -- : -------> building new state...
D, [2018-03-31T11:59:28.632254 #2278] DEBUG -- : -------> building selection...
D, [2018-03-31T11:59:28.632606 #2278] DEBUG -- : -------> building new state...
D, [2018-03-31T11:59:28.632706 #2278] DEBUG -- : -------> building new state...
D, [2018-03-31T11:59:28.632895 #2278] DEBUG -- : -------> building selection...
D, [2018-03-31T11:59:28.633217 #2278] DEBUG -- : -------> building new state...
D, [2018-03-31T11:59:28.633316 #2278] DEBUG -- : -------> building new state...
D, [2018-03-31T11:59:28.633503 #2278] DEBUG -- : -------> building selection...
D, [2018-03-31T11:59:28.633857 #2278] DEBUG -- : -------> building new state...
D, [2018-03-31T11:59:28.633957 #2278] DEBUG -- : -------> building new state...
D, [2018-03-31T11:59:28.634141 #2278] DEBUG -- : -------> building selection...
D, [2018-03-31T11:59:28.634501 #2278] DEBUG -- : -------> building new state...
D, [2018-03-31T11:59:28.634705 #2278] DEBUG -- : -------> building new state...
D, [2018-03-31T11:59:28.634926 #2278] DEBUG -- : -------> building selection...
D, [2018-03-31T11:59:28.635332 #2278] DEBUG -- : -------> building new state...
D, [2018-03-31T11:59:28.635440 #2278] DEBUG -- : -------> building new state...
D, [2018-03-31T11:59:28.635627 #2278] DEBUG -- : -------> building selection...
D, [2018-03-31T11:59:28.635974 #2278] DEBUG -- : -------> building new state...
D, [2018-03-31T11:59:28.636073 #2278] DEBUG -- : -------> building new state...
D, [2018-03-31T11:59:28.636260 #2278] DEBUG -- : -------> building selection...
D, [2018-03-31T11:59:28.636649 #2278] DEBUG -- : -------> building new state...
D, [2018-03-31T11:59:28.636750 #2278] DEBUG -- : -------> building new state...
D, [2018-03-31T11:59:28.636935 #2278] DEBUG -- : -------> building selection...
D, [2018-03-31T11:59:28.637256 #2278] DEBUG -- : -------> building new state...
D, [2018-03-31T11:59:28.637366 #2278] DEBUG -- : -------> building new state...
D, [2018-03-31T11:59:28.639138 #2278] DEBUG -- : -------> building selection...
D, [2018-03-31T11:59:28.639573 #2278] DEBUG -- : -------> building new state...
D, [2018-03-31T11:59:28.639712 #2278] DEBUG -- : -------> building new state...
D, [2018-03-31T11:59:28.639964 #2278] DEBUG -- : -------> building selection...
D, [2018-03-31T11:59:28.640383 #2278] DEBUG -- : -------> building new state...
D, [2018-03-31T11:59:28.640491 #2278] DEBUG -- : -------> building new state...
D, [2018-03-31T11:59:28.640760 #2278] DEBUG -- : -------> building selection...
D, [2018-03-31T11:59:28.641087 #2278] DEBUG -- : -------> building new state...
D, [2018-03-31T11:59:28.641186 #2278] DEBUG -- : -------> building new state...
D, [2018-03-31T11:59:28.641377 #2278] DEBUG -- : -------> building selection...
D, [2018-03-31T11:59:28.641700 #2278] DEBUG -- : -------> building new state...
D, [2018-03-31T11:59:28.641814 #2278] DEBUG -- : -------> building new state...
D, [2018-03-31T11:59:28.642003 #2278] DEBUG -- : -------> building selection...
D, [2018-03-31T11:59:28.642358 #2278] DEBUG -- : -------> building new state...
D, [2018-03-31T11:59:28.642459 #2278] DEBUG -- : -------> building new state...
D, [2018-03-31T11:59:28.642643 #2278] DEBUG -- : -------> building selection...
D, [2018-03-31T11:59:28.642987 #2278] DEBUG -- : -------> building new state...
D, [2018-03-31T11:59:28.643118 #2278] DEBUG -- : -------> building new state...
D, [2018-03-31T11:59:28.643309 #2278] DEBUG -- : -------> building selection...
D, [2018-03-31T11:59:28.643633 #2278] DEBUG -- : -------> building new state...
D, [2018-03-31T11:59:28.643733 #2278] DEBUG -- : -------> building new state...
D, [2018-03-31T11:59:28.643917 #2278] DEBUG -- : -------> building selection...
D, [2018-03-31T11:59:28.644233 #2278] DEBUG -- : -------> building new state...
D, [2018-03-31T11:59:28.644365 #2278] DEBUG -- : -------> building new state...
D, [2018-03-31T11:59:28.644557 #2278] DEBUG -- : -------> building selection...
D, [2018-03-31T11:59:28.644875 #2278] DEBUG -- : -------> building new state...
D, [2018-03-31T11:59:28.644983 #2278] DEBUG -- : -------> building new state...
D, [2018-03-31T11:59:28.645173 #2278] DEBUG -- : -------> building selection...
D, [2018-03-31T11:59:28.645493 #2278] DEBUG -- : -------> building new state...
D, [2018-03-31T11:59:28.645620 #2278] DEBUG -- : -------> building new state...
D, [2018-03-31T11:59:28.645811 #2278] DEBUG -- : -------> building selection...
D, [2018-03-31T11:59:28.646132 #2278] DEBUG -- : -------> building new state...
D, [2018-03-31T11:59:28.646231 #2278] DEBUG -- : -------> building new state...
D, [2018-03-31T11:59:28.646415 #2278] DEBUG -- : scoring weighed rated selections...
D, [2018-03-31T11:59:28.646465 #2278] DEBUG -- : Saving scored selections...
D, [2018-03-31T11:59:28.653611 #2278] DEBUG -- : State Score successfully calculated


D, [2018-03-31T11:59:28.653686 #2278] DEBUG -- : Scoring new state: {:rating=>37, :state=>{:unknown=>0, :possibly_lighter=>1, :possibly_heavier=>0, :normal=>7}}
D, [2018-03-31T11:59:28.653739 #2278] DEBUG -- : State Score successfully calculated


D, [2018-03-31T11:59:28.653777 #2278] DEBUG -- : Scoring new state: {:rating=>37, :state=>{:unknown=>0, :possibly_lighter=>0, :possibly_heavier=>1, :normal=>7}}
D, [2018-03-31T11:59:28.653798 #2278] DEBUG -- : State Score successfully calculated


D, [2018-03-31T11:59:28.653823 #2278] DEBUG -- : Scoring new state: {:rating=>34, :state=>{:unknown=>0, :possibly_lighter=>2, :possibly_heavier=>0, :normal=>6}}
D, [2018-03-31T11:59:28.656491 #2278] DEBUG -- : returning fully calculated score...
D, [2018-03-31T11:59:28.656550 #2278] DEBUG -- : State Score successfully calculated


D, [2018-03-31T11:59:28.656584 #2278] DEBUG -- : Scoring new state: {:rating=>37, :state=>{:unknown=>0, :possibly_lighter=>1, :possibly_heavier=>0, :normal=>7}}
D, [2018-03-31T11:59:28.656606 #2278] DEBUG -- : State Score successfully calculated


D, [2018-03-31T11:59:28.656639 #2278] DEBUG -- : Scoring new state: {:rating=>34, :state=>{:unknown=>0, :possibly_lighter=>1, :possibly_heavier=>1, :normal=>6}}
D, [2018-03-31T11:59:28.659136 #2278] DEBUG -- : returning fully calculated score...
D, [2018-03-31T11:59:28.659188 #2278] DEBUG -- : State Score successfully calculated


D, [2018-03-31T11:59:28.659221 #2278] DEBUG -- : Scoring new state: {:rating=>34, :state=>{:unknown=>0, :possibly_lighter=>2, :possibly_heavier=>0, :normal=>6}}
D, [2018-03-31T11:59:28.661747 #2278] DEBUG -- : returning fully calculated score...
D, [2018-03-31T11:59:28.661809 #2278] DEBUG -- : State Score successfully calculated


D, [2018-03-31T11:59:28.661852 #2278] DEBUG -- : Scoring new state: {:rating=>32, :state=>{:unknown=>1, :possibly_lighter=>1, :possibly_heavier=>0, :normal=>6}}
D, [2018-03-31T11:59:28.664343 #2278] DEBUG -- : calculating updated score for older state...
D, [2018-03-31T11:59:28.667790 #2278] DEBUG -- : generating weighed rated selections...
D, [2018-03-31T11:59:28.668853 #2278] DEBUG -- : -------> building selection...
D, [2018-03-31T11:59:28.669792 #2278] DEBUG -- : -------> building new state...
D, [2018-03-31T11:59:28.670097 #2278] DEBUG -- : -------> building new state...
D, [2018-03-31T11:59:28.670352 #2278] DEBUG -- : -------> building selection...
D, [2018-03-31T11:59:28.670782 #2278] DEBUG -- : -------> building new state...
D, [2018-03-31T11:59:28.670937 #2278] DEBUG -- : -------> building new state...
D, [2018-03-31T11:59:28.671142 #2278] DEBUG -- : -------> building selection...
D, [2018-03-31T11:59:28.671471 #2278] DEBUG -- : -------> building new state...
D, [2018-03-31T11:59:28.671575 #2278] DEBUG -- : -------> building new state...
D, [2018-03-31T11:59:28.671762 #2278] DEBUG -- : -------> building selection...
D, [2018-03-31T11:59:28.672104 #2278] DEBUG -- : -------> building new state...
D, [2018-03-31T11:59:28.672211 #2278] DEBUG -- : -------> building new state...
D, [2018-03-31T11:59:28.672400 #2278] DEBUG -- : -------> building selection...
D, [2018-03-31T11:59:28.672721 #2278] DEBUG -- : -------> building new state...
D, [2018-03-31T11:59:28.672821 #2278] DEBUG -- : -------> building new state...
D, [2018-03-31T11:59:28.673053 #2278] DEBUG -- : -------> building selection...
D, [2018-03-31T11:59:28.673381 #2278] DEBUG -- : -------> building new state...
D, [2018-03-31T11:59:28.673481 #2278] DEBUG -- : -------> building new state...
D, [2018-03-31T11:59:28.673669 #2278] DEBUG -- : -------> building selection...
D, [2018-03-31T11:59:28.673990 #2278] DEBUG -- : -------> building new state...
D, [2018-03-31T11:59:28.674088 #2278] DEBUG -- : -------> building new state...
D, [2018-03-31T11:59:28.674327 #2278] DEBUG -- : -------> building selection...
D, [2018-03-31T11:59:28.674652 #2278] DEBUG -- : -------> building new state...
D, [2018-03-31T11:59:28.674750 #2278] DEBUG -- : -------> building new state...
D, [2018-03-31T11:59:28.674952 #2278] DEBUG -- : -------> building selection...
D, [2018-03-31T11:59:28.675272 #2278] DEBUG -- : -------> building new state...
D, [2018-03-31T11:59:28.675431 #2278] DEBUG -- : -------> building new state...
D, [2018-03-31T11:59:28.675671 #2278] DEBUG -- : -------> building selection...
D, [2018-03-31T11:59:28.676003 #2278] DEBUG -- : -------> building new state...
D, [2018-03-31T11:59:28.676110 #2278] DEBUG -- : -------> building new state...
D, [2018-03-31T11:59:28.676329 #2278] DEBUG -- : -------> building selection...
D, [2018-03-31T11:59:28.676731 #2278] DEBUG -- : -------> building new state...
D, [2018-03-31T11:59:28.676842 #2278] DEBUG -- : -------> building new state...
D, [2018-03-31T11:59:28.677042 #2278] DEBUG -- : -------> building selection...
D, [2018-03-31T11:59:28.677370 #2278] DEBUG -- : -------> building new state...
D, [2018-03-31T11:59:28.677477 #2278] DEBUG -- : -------> building new state...
D, [2018-03-31T11:59:28.677671 #2278] DEBUG -- : -------> building selection...
D, [2018-03-31T11:59:28.678082 #2278] DEBUG -- : -------> building new state...
D, [2018-03-31T11:59:28.678199 #2278] DEBUG -- : -------> building new state...
D, [2018-03-31T11:59:28.678396 #2278] DEBUG -- : -------> building selection...
D, [2018-03-31T11:59:28.678779 #2278] DEBUG -- : -------> building new state...
D, [2018-03-31T11:59:28.678988 #2278] DEBUG -- : -------> building new state...
D, [2018-03-31T11:59:28.679497 #2278] DEBUG -- : -------> building selection...
D, [2018-03-31T11:59:28.680023 #2278] DEBUG -- : -------> building new state...
D, [2018-03-31T11:59:28.680204 #2278] DEBUG -- : -------> building new state...
D, [2018-03-31T11:59:28.680409 #2278] DEBUG -- : -------> building selection...
D, [2018-03-31T11:59:28.680853 #2278] DEBUG -- : -------> building new state...
D, [2018-03-31T11:59:28.683000 #2278] DEBUG -- : -------> building new state...
D, [2018-03-31T11:59:28.683353 #2278] DEBUG -- : -------> building selection...
D, [2018-03-31T11:59:28.683705 #2278] DEBUG -- : -------> building new state...
D, [2018-03-31T11:59:28.683811 #2278] DEBUG -- : -------> building new state...
D, [2018-03-31T11:59:28.684000 #2278] DEBUG -- : -------> building selection...
D, [2018-03-31T11:59:28.684375 #2278] DEBUG -- : -------> building new state...
D, [2018-03-31T11:59:28.684486 #2278] DEBUG -- : -------> building new state...
D, [2018-03-31T11:59:28.684675 #2278] DEBUG -- : -------> building selection...
D, [2018-03-31T11:59:28.684998 #2278] DEBUG -- : -------> building new state...
D, [2018-03-31T11:59:28.685097 #2278] DEBUG -- : -------> building new state...
D, [2018-03-31T11:59:28.685304 #2278] DEBUG -- : -------> building selection...
D, [2018-03-31T11:59:28.685663 #2278] DEBUG -- : -------> building new state...
D, [2018-03-31T11:59:28.685765 #2278] DEBUG -- : -------> building new state...
D, [2018-03-31T11:59:28.685949 #2278] DEBUG -- : -------> building selection...
D, [2018-03-31T11:59:28.686272 #2278] DEBUG -- : -------> building new state...
D, [2018-03-31T11:59:28.686372 #2278] DEBUG -- : -------> building new state...
D, [2018-03-31T11:59:28.686556 #2278] DEBUG -- : -------> building selection...
D, [2018-03-31T11:59:28.686944 #2278] DEBUG -- : -------> building new state...
D, [2018-03-31T11:59:28.687048 #2278] DEBUG -- : -------> building new state...
D, [2018-03-31T11:59:28.687248 #2278] DEBUG -- : -------> building selection...
D, [2018-03-31T11:59:28.687570 #2278] DEBUG -- : -------> building new state...
D, [2018-03-31T11:59:28.687669 #2278] DEBUG -- : -------> building new state...
D, [2018-03-31T11:59:28.687887 #2278] DEBUG -- : -------> building selection...
D, [2018-03-31T11:59:28.688206 #2278] DEBUG -- : -------> building new state...
D, [2018-03-31T11:59:28.688305 #2278] DEBUG -- : -------> building new state...
D, [2018-03-31T11:59:28.688487 #2278] DEBUG -- : -------> building selection...
D, [2018-03-31T11:59:28.688806 #2278] DEBUG -- : -------> building new state...
D, [2018-03-31T11:59:28.688905 #2278] DEBUG -- : -------> building new state...
D, [2018-03-31T11:59:28.689182 #2278] DEBUG -- : -------> building selection...
D, [2018-03-31T11:59:28.689631 #2278] DEBUG -- : -------> building new state...
D, [2018-03-31T11:59:28.689743 #2278] DEBUG -- : -------> building new state...
D, [2018-03-31T11:59:28.689941 #2278] DEBUG -- : scoring weighed rated selections...
D, [2018-03-31T11:59:28.689987 #2278] DEBUG -- : Saving scored selections...
D, [2018-03-31T11:59:28.696531 #2278] DEBUG -- : State Score successfully calculated


D, [2018-03-31T11:59:28.696602 #2278] DEBUG -- : Scoring new state: {:rating=>37, :state=>{:unknown=>0, :possibly_lighter=>1, :possibly_heavier=>0, :normal=>7}}
D, [2018-03-31T11:59:28.696627 #2278] DEBUG -- : State Score successfully calculated


D, [2018-03-31T11:59:28.696664 #2278] DEBUG -- : Scoring new state: {:rating=>37, :state=>{:unknown=>0, :possibly_lighter=>0, :possibly_heavier=>1, :normal=>7}}
D, [2018-03-31T11:59:28.696717 #2278] DEBUG -- : State Score successfully calculated


D, [2018-03-31T11:59:28.696743 #2278] DEBUG -- : Scoring new state: {:rating=>37, :state=>{:unknown=>0, :possibly_lighter=>1, :possibly_heavier=>0, :normal=>7}}
D, [2018-03-31T11:59:28.696762 #2278] DEBUG -- : State Score successfully calculated


D, [2018-03-31T11:59:28.696786 #2278] DEBUG -- : Scoring new state: {:rating=>34, :state=>{:unknown=>0, :possibly_lighter=>2, :possibly_heavier=>0, :normal=>6}}
D, [2018-03-31T11:59:28.699480 #2278] DEBUG -- : returning fully calculated score...
D, [2018-03-31T11:59:28.699540 #2278] DEBUG -- : State Score successfully calculated


D, [2018-03-31T11:59:28.699581 #2278] DEBUG -- : Scoring new state: {:rating=>35, :state=>{:unknown=>1, :possibly_lighter=>0, :possibly_heavier=>0, :normal=>7}}
D, [2018-03-31T11:59:28.702115 #2278] DEBUG -- : returning fully calculated score...
D, [2018-03-31T11:59:28.702180 #2278] DEBUG -- : State Score successfully calculated


D, [2018-03-31T11:59:28.702229 #2278] DEBUG -- : Scoring new state: {:rating=>34, :state=>{:unknown=>0, :possibly_lighter=>2, :possibly_heavier=>0, :normal=>6}}
D, [2018-03-31T11:59:28.704728 #2278] DEBUG -- : returning fully calculated score...
D, [2018-03-31T11:59:28.704789 #2278] DEBUG -- : State Score successfully calculated


D, [2018-03-31T11:59:28.704832 #2278] DEBUG -- : Scoring new state: {:rating=>37, :state=>{:unknown=>0, :possibly_lighter=>0, :possibly_heavier=>1, :normal=>7}}
D, [2018-03-31T11:59:28.704856 #2278] DEBUG -- : State Score successfully calculated


D, [2018-03-31T11:59:28.704882 #2278] DEBUG -- : Scoring new state: {:rating=>34, :state=>{:unknown=>0, :possibly_lighter=>2, :possibly_heavier=>0, :normal=>6}}
D, [2018-03-31T11:59:28.707354 #2278] DEBUG -- : returning fully calculated score...
D, [2018-03-31T11:59:28.707418 #2278] DEBUG -- : State Score successfully calculated


D, [2018-03-31T11:59:28.707468 #2278] DEBUG -- : Scoring new state: {:rating=>37, :state=>{:unknown=>0, :possibly_lighter=>1, :possibly_heavier=>0, :normal=>7}}
D, [2018-03-31T11:59:28.707494 #2278] DEBUG -- : State Score successfully calculated


D, [2018-03-31T11:59:28.707530 #2278] DEBUG -- : Scoring new state: {:rating=>37, :state=>{:unknown=>0, :possibly_lighter=>0, :possibly_heavier=>1, :normal=>7}}
D, [2018-03-31T11:59:28.707550 #2278] DEBUG -- : State Score successfully calculated


D, [2018-03-31T11:59:28.707575 #2278] DEBUG -- : Scoring new state: {:rating=>31, :state=>{:unknown=>0, :possibly_lighter=>3, :possibly_heavier=>0, :normal=>5}}
D, [2018-03-31T11:59:28.710042 #2278] DEBUG -- : calculating updated score for older state...
D, [2018-03-31T11:59:28.713445 #2278] DEBUG -- : generating weighed rated selections...
D, [2018-03-31T11:59:28.804069 #2278] DEBUG -- : scoring weighed rated selections...
D, [2018-03-31T11:59:28.804189 #2278] DEBUG -- : Saving scored selections...
D, [2018-03-31T11:59:28.808189 #2278] DEBUG -- : State Score successfully calculated


D, [2018-03-31T11:59:28.808292 #2278] DEBUG -- : Scoring new state: {:rating=>32, :state=>{:unknown=>1, :possibly_lighter=>1, :possibly_heavier=>0, :normal=>6}}
D, [2018-03-31T11:59:28.810900 #2278] DEBUG -- : calculating updated score for older state...
D, [2018-03-31T11:59:28.814383 #2278] DEBUG -- : generating weighed rated selections...
D, [2018-03-31T11:59:28.815469 #2278] DEBUG -- : -------> building selection...
D, [2018-03-31T11:59:28.816357 #2278] DEBUG -- : -------> building new state...
D, [2018-03-31T11:59:28.816665 #2278] DEBUG -- : -------> building new state...
D, [2018-03-31T11:59:28.816912 #2278] DEBUG -- : -------> building selection...
D, [2018-03-31T11:59:28.817259 #2278] DEBUG -- : -------> building new state...
D, [2018-03-31T11:59:28.817401 #2278] DEBUG -- : -------> building new state...
D, [2018-03-31T11:59:28.817604 #2278] DEBUG -- : -------> building selection...
D, [2018-03-31T11:59:28.817930 #2278] DEBUG -- : -------> building new state...
D, [2018-03-31T11:59:28.818116 #2278] DEBUG -- : -------> building new state...
D, [2018-03-31T11:59:28.818335 #2278] DEBUG -- : -------> building selection...
D, [2018-03-31T11:59:28.818686 #2278] DEBUG -- : -------> building new state...
D, [2018-03-31T11:59:28.818798 #2278] DEBUG -- : -------> building new state...
D, [2018-03-31T11:59:28.819007 #2278] DEBUG -- : -------> building selection...
D, [2018-03-31T11:59:28.819400 #2278] DEBUG -- : -------> building new state...
D, [2018-03-31T11:59:28.819608 #2278] DEBUG -- : -------> building new state...
D, [2018-03-31T11:59:28.819838 #2278] DEBUG -- : -------> building selection...
D, [2018-03-31T11:59:28.820213 #2278] DEBUG -- : -------> building new state...
D, [2018-03-31T11:59:28.820316 #2278] DEBUG -- : -------> building new state...
D, [2018-03-31T11:59:28.820537 #2278] DEBUG -- : -------> building selection...
D, [2018-03-31T11:59:28.820866 #2278] DEBUG -- : -------> building new state...
D, [2018-03-31T11:59:28.820966 #2278] DEBUG -- : -------> building new state...
D, [2018-03-31T11:59:28.821194 #2278] DEBUG -- : -------> building selection...
D, [2018-03-31T11:59:28.821522 #2278] DEBUG -- : -------> building new state...
D, [2018-03-31T11:59:28.821620 #2278] DEBUG -- : -------> building new state...
D, [2018-03-31T11:59:28.821809 #2278] DEBUG -- : -------> building selection...
D, [2018-03-31T11:59:28.822152 #2278] DEBUG -- : -------> building new state...
D, [2018-03-31T11:59:28.822253 #2278] DEBUG -- : -------> building new state...
D, [2018-03-31T11:59:28.822460 #2278] DEBUG -- : -------> building selection...
D, [2018-03-31T11:59:28.822791 #2278] DEBUG -- : -------> building new state...
D, [2018-03-31T11:59:28.822920 #2278] DEBUG -- : -------> building new state...
D, [2018-03-31T11:59:28.823121 #2278] DEBUG -- : -------> building selection...
D, [2018-03-31T11:59:28.823479 #2278] DEBUG -- : -------> building new state...
D, [2018-03-31T11:59:28.823582 #2278] DEBUG -- : -------> building new state...
D, [2018-03-31T11:59:28.823807 #2278] DEBUG -- : -------> building selection...
D, [2018-03-31T11:59:28.824136 #2278] DEBUG -- : -------> building new state...
D, [2018-03-31T11:59:28.824239 #2278] DEBUG -- : -------> building new state...
D, [2018-03-31T11:59:28.824428 #2278] DEBUG -- : -------> building selection...
D, [2018-03-31T11:59:28.824771 #2278] DEBUG -- : -------> building new state...
D, [2018-03-31T11:59:28.824894 #2278] DEBUG -- : -------> building new state...
D, [2018-03-31T11:59:28.825100 #2278] DEBUG -- : -------> building selection...
D, [2018-03-31T11:59:28.825469 #2278] DEBUG -- : -------> building new state...
D, [2018-03-31T11:59:28.825582 #2278] DEBUG -- : -------> building new state...
D, [2018-03-31T11:59:28.825791 #2278] DEBUG -- : -------> building selection...
D, [2018-03-31T11:59:28.826119 #2278] DEBUG -- : -------> building new state...
D, [2018-03-31T11:59:28.826232 #2278] DEBUG -- : -------> building new state...
D, [2018-03-31T11:59:28.826423 #2278] DEBUG -- : -------> building selection...
D, [2018-03-31T11:59:28.826763 #2278] DEBUG -- : -------> building new state...
D, [2018-03-31T11:59:28.826889 #2278] DEBUG -- : -------> building new state...
D, [2018-03-31T11:59:28.827099 #2278] DEBUG -- : -------> building selection...
D, [2018-03-31T11:59:28.827425 #2278] DEBUG -- : -------> building new state...
D, [2018-03-31T11:59:28.827544 #2278] DEBUG -- : -------> building new state...
D, [2018-03-31T11:59:28.827733 #2278] DEBUG -- : -------> building selection...
D, [2018-03-31T11:59:28.828071 #2278] DEBUG -- : -------> building new state...
D, [2018-03-31T11:59:28.828200 #2278] DEBUG -- : -------> building new state...
D, [2018-03-31T11:59:28.828392 #2278] DEBUG -- : -------> building selection...
D, [2018-03-31T11:59:28.828756 #2278] DEBUG -- : -------> building new state...
D, [2018-03-31T11:59:28.828858 #2278] DEBUG -- : -------> building new state...
D, [2018-03-31T11:59:28.829054 #2278] DEBUG -- : -------> building selection...
D, [2018-03-31T11:59:28.829389 #2278] DEBUG -- : -------> building new state...
D, [2018-03-31T11:59:28.829504 #2278] DEBUG -- : -------> building new state...
D, [2018-03-31T11:59:28.829693 #2278] DEBUG -- : -------> building selection...
D, [2018-03-31T11:59:28.830017 #2278] DEBUG -- : -------> building new state...
D, [2018-03-31T11:59:28.830125 #2278] DEBUG -- : -------> building new state...
D, [2018-03-31T11:59:28.830326 #2278] DEBUG -- : -------> building selection...
D, [2018-03-31T11:59:28.830652 #2278] DEBUG -- : -------> building new state...
D, [2018-03-31T11:59:28.830768 #2278] DEBUG -- : -------> building new state...
D, [2018-03-31T11:59:28.830974 #2278] DEBUG -- : -------> building selection...
D, [2018-03-31T11:59:28.831303 #2278] DEBUG -- : -------> building new state...
D, [2018-03-31T11:59:28.831418 #2278] DEBUG -- : -------> building new state...
D, [2018-03-31T11:59:28.831608 #2278] DEBUG -- : -------> building selection...
D, [2018-03-31T11:59:28.831951 #2278] DEBUG -- : -------> building new state...
D, [2018-03-31T11:59:28.832053 #2278] DEBUG -- : -------> building new state...
D, [2018-03-31T11:59:28.832270 #2278] DEBUG -- : -------> building selection...
D, [2018-03-31T11:59:28.832618 #2278] DEBUG -- : -------> building new state...
D, [2018-03-31T11:59:28.832718 #2278] DEBUG -- : -------> building new state...
D, [2018-03-31T11:59:28.832907 #2278] DEBUG -- : -------> building selection...
D, [2018-03-31T11:59:28.833231 #2278] DEBUG -- : -------> building new state...
D, [2018-03-31T11:59:28.833345 #2278] DEBUG -- : -------> building new state...
D, [2018-03-31T11:59:28.833537 #2278] DEBUG -- : scoring weighed rated selections...
D, [2018-03-31T11:59:28.833579 #2278] DEBUG -- : Saving scored selections...
D, [2018-03-31T11:59:28.839896 #2278] DEBUG -- : State Score successfully calculated


D, [2018-03-31T11:59:28.839981 #2278] DEBUG -- : Scoring new state: {:rating=>37, :state=>{:unknown=>0, :possibly_lighter=>1, :possibly_heavier=>0, :normal=>7}}
D, [2018-03-31T11:59:28.840006 #2278] DEBUG -- : State Score successfully calculated


D, [2018-03-31T11:59:28.840042 #2278] DEBUG -- : Scoring new state: {:rating=>35, :state=>{:unknown=>1, :possibly_lighter=>0, :possibly_heavier=>0, :normal=>7}}
D, [2018-03-31T11:59:28.842741 #2278] DEBUG -- : returning fully calculated score...
D, [2018-03-31T11:59:28.842820 #2278] DEBUG -- : State Score successfully calculated


D, [2018-03-31T11:59:28.842866 #2278] DEBUG -- : Scoring new state: {:rating=>37, :state=>{:unknown=>0, :possibly_lighter=>1, :possibly_heavier=>0, :normal=>7}}
D, [2018-03-31T11:59:28.842897 #2278] DEBUG -- : State Score successfully calculated


D, [2018-03-31T11:59:28.842954 #2278] DEBUG -- : Scoring new state: {:rating=>34, :state=>{:unknown=>0, :possibly_lighter=>1, :possibly_heavier=>1, :normal=>6}}
D, [2018-03-31T11:59:28.847151 #2278] DEBUG -- : returning fully calculated score...
D, [2018-03-31T11:59:28.847215 #2278] DEBUG -- : State Score successfully calculated


D, [2018-03-31T11:59:28.847250 #2278] DEBUG -- : Scoring new state: {:rating=>37, :state=>{:unknown=>0, :possibly_lighter=>1, :possibly_heavier=>0, :normal=>7}}
D, [2018-03-31T11:59:28.847273 #2278] DEBUG -- : State Score successfully calculated


D, [2018-03-31T11:59:28.847329 #2278] DEBUG -- : Scoring new state: {:rating=>34, :state=>{:unknown=>0, :possibly_lighter=>1, :possibly_heavier=>1, :normal=>6}}
D, [2018-03-31T11:59:28.849837 #2278] DEBUG -- : returning fully calculated score...
D, [2018-03-31T11:59:28.849905 #2278] DEBUG -- : State Score successfully calculated


D, [2018-03-31T11:59:28.849947 #2278] DEBUG -- : Scoring new state: {:rating=>34, :state=>{:unknown=>0, :possibly_lighter=>2, :possibly_heavier=>0, :normal=>6}}
D, [2018-03-31T11:59:28.852420 #2278] DEBUG -- : returning fully calculated score...
D, [2018-03-31T11:59:28.852488 #2278] DEBUG -- : State Score successfully calculated


D, [2018-03-31T11:59:28.852549 #2278] DEBUG -- : Scoring new state: {:rating=>37, :state=>{:unknown=>0, :possibly_lighter=>0, :possibly_heavier=>1, :normal=>7}}
D, [2018-03-31T11:59:28.852573 #2278] DEBUG -- : State Score successfully calculated


D, [2018-03-31T11:59:28.852599 #2278] DEBUG -- : Scoring new state: {:rating=>37, :state=>{:unknown=>0, :possibly_lighter=>1, :possibly_heavier=>0, :normal=>7}}
D, [2018-03-31T11:59:28.852618 #2278] DEBUG -- : State Score successfully calculated


D, [2018-03-31T11:59:28.852642 #2278] DEBUG -- : Scoring new state: {:rating=>34, :state=>{:unknown=>0, :possibly_lighter=>2, :possibly_heavier=>0, :normal=>6}}
D, [2018-03-31T11:59:28.855033 #2278] DEBUG -- : returning fully calculated score...
D, [2018-03-31T11:59:28.855108 #2278] DEBUG -- : State Score successfully calculated


D, [2018-03-31T11:59:28.855150 #2278] DEBUG -- : Scoring new state: {:rating=>34, :state=>{:unknown=>0, :possibly_lighter=>1, :possibly_heavier=>1, :normal=>6}}
D, [2018-03-31T11:59:28.857556 #2278] DEBUG -- : returning fully calculated score...
D, [2018-03-31T11:59:28.857622 #2278] DEBUG -- : State Score successfully calculated


D, [2018-03-31T11:59:28.857655 #2278] DEBUG -- : Scoring new state: {:rating=>37, :state=>{:unknown=>0, :possibly_lighter=>1, :possibly_heavier=>0, :normal=>7}}
D, [2018-03-31T11:59:28.857678 #2278] DEBUG -- : State Score successfully calculated


D, [2018-03-31T11:59:28.857711 #2278] DEBUG -- : Scoring new state: {:rating=>31, :state=>{:unknown=>0, :possibly_lighter=>2, :possibly_heavier=>1, :normal=>5}}
D, [2018-03-31T11:59:28.860211 #2278] DEBUG -- : calculating updated score for older state...
D, [2018-03-31T11:59:28.863690 #2278] DEBUG -- : generating weighed rated selections...
D, [2018-03-31T11:59:28.864788 #2278] DEBUG -- : -------> building selection...
D, [2018-03-31T11:59:28.865710 #2278] DEBUG -- : -------> building new state...
D, [2018-03-31T11:59:28.865973 #2278] DEBUG -- : -------> building new state...
D, [2018-03-31T11:59:28.866283 #2278] DEBUG -- : -------> building selection...
D, [2018-03-31T11:59:28.866638 #2278] DEBUG -- : -------> building new state...
D, [2018-03-31T11:59:28.866746 #2278] DEBUG -- : -------> building new state...
D, [2018-03-31T11:59:28.866959 #2278] DEBUG -- : -------> building selection...
D, [2018-03-31T11:59:28.867305 #2278] DEBUG -- : -------> building new state...
D, [2018-03-31T11:59:28.867424 #2278] DEBUG -- : -------> building new state...
D, [2018-03-31T11:59:28.867633 #2278] DEBUG -- : -------> building selection...
D, [2018-03-31T11:59:28.867960 #2278] DEBUG -- : -------> building new state...
D, [2018-03-31T11:59:28.868073 #2278] DEBUG -- : -------> building new state...
D, [2018-03-31T11:59:28.868277 #2278] DEBUG -- : -------> building selection...
D, [2018-03-31T11:59:28.868613 #2278] DEBUG -- : -------> building new state...
D, [2018-03-31T11:59:28.868734 #2278] DEBUG -- : -------> building new state...
D, [2018-03-31T11:59:28.868939 #2278] DEBUG -- : -------> building selection...
D, [2018-03-31T11:59:28.869285 #2278] DEBUG -- : -------> building new state...
D, [2018-03-31T11:59:28.869387 #2278] DEBUG -- : -------> building new state...
D, [2018-03-31T11:59:28.869593 #2278] DEBUG -- : -------> building selection...
D, [2018-03-31T11:59:28.869929 #2278] DEBUG -- : -------> building new state...
D, [2018-03-31T11:59:28.870043 #2278] DEBUG -- : -------> building new state...
D, [2018-03-31T11:59:28.870233 #2278] DEBUG -- : -------> building selection...
D, [2018-03-31T11:59:28.870576 #2278] DEBUG -- : -------> building new state...
D, [2018-03-31T11:59:28.870678 #2278] DEBUG -- : -------> building new state...
D, [2018-03-31T11:59:28.870905 #2278] DEBUG -- : -------> building selection...
D, [2018-03-31T11:59:28.871302 #2278] DEBUG -- : -------> building new state...
D, [2018-03-31T11:59:28.871521 #2278] DEBUG -- : -------> building new state...
D, [2018-03-31T11:59:28.871737 #2278] DEBUG -- : -------> building selection...
D, [2018-03-31T11:59:28.872100 #2278] DEBUG -- : -------> building new state...
D, [2018-03-31T11:59:28.872204 #2278] DEBUG -- : -------> building new state...
D, [2018-03-31T11:59:28.872407 #2278] DEBUG -- : -------> building selection...
D, [2018-03-31T11:59:28.872757 #2278] DEBUG -- : -------> building new state...
D, [2018-03-31T11:59:28.872859 #2278] DEBUG -- : -------> building new state...
D, [2018-03-31T11:59:28.873063 #2278] DEBUG -- : -------> building selection...
D, [2018-03-31T11:59:28.873422 #2278] DEBUG -- : -------> building new state...
D, [2018-03-31T11:59:28.873575 #2278] DEBUG -- : -------> building new state...
D, [2018-03-31T11:59:28.873794 #2278] DEBUG -- : -------> building selection...
D, [2018-03-31T11:59:28.874238 #2278] DEBUG -- : -------> building new state...
D, [2018-03-31T11:59:28.874359 #2278] DEBUG -- : -------> building new state...
D, [2018-03-31T11:59:28.874557 #2278] DEBUG -- : -------> building selection...
D, [2018-03-31T11:59:28.876841 #2278] DEBUG -- : -------> building new state...
D, [2018-03-31T11:59:28.877001 #2278] DEBUG -- : -------> building new state...
D, [2018-03-31T11:59:28.877220 #2278] DEBUG -- : -------> building selection...
D, [2018-03-31T11:59:28.877581 #2278] DEBUG -- : -------> building new state...
D, [2018-03-31T11:59:28.877690 #2278] DEBUG -- : -------> building new state...
D, [2018-03-31T11:59:28.877879 #2278] DEBUG -- : -------> building selection...
D, [2018-03-31T11:59:28.878223 #2278] DEBUG -- : -------> building new state...
D, [2018-03-31T11:59:28.878321 #2278] DEBUG -- : -------> building new state...
D, [2018-03-31T11:59:28.878515 #2278] DEBUG -- : -------> building selection...
D, [2018-03-31T11:59:28.878866 #2278] DEBUG -- : -------> building new state...
D, [2018-03-31T11:59:28.878978 #2278] DEBUG -- : -------> building new state...
D, [2018-03-31T11:59:28.879179 #2278] DEBUG -- : -------> building selection...
D, [2018-03-31T11:59:28.879661 #2278] DEBUG -- : -------> building new state...
D, [2018-03-31T11:59:28.879792 #2278] DEBUG -- : -------> building new state...
D, [2018-03-31T11:59:28.879993 #2278] DEBUG -- : -------> building selection...
D, [2018-03-31T11:59:28.880335 #2278] DEBUG -- : -------> building new state...
D, [2018-03-31T11:59:28.880434 #2278] DEBUG -- : -------> building new state...
D, [2018-03-31T11:59:28.880631 #2278] DEBUG -- : -------> building selection...
D, [2018-03-31T11:59:28.880971 #2278] DEBUG -- : -------> building new state...
D, [2018-03-31T11:59:28.881070 #2278] DEBUG -- : -------> building new state...
D, [2018-03-31T11:59:28.881263 #2278] DEBUG -- : -------> building selection...
D, [2018-03-31T11:59:28.881737 #2278] DEBUG -- : -------> building new state...
D, [2018-03-31T11:59:28.881860 #2278] DEBUG -- : -------> building new state...
D, [2018-03-31T11:59:28.882086 #2278] DEBUG -- : -------> building selection...
D, [2018-03-31T11:59:28.882437 #2278] DEBUG -- : -------> building new state...
D, [2018-03-31T11:59:28.882551 #2278] DEBUG -- : -------> building new state...
D, [2018-03-31T11:59:28.882751 #2278] DEBUG -- : -------> building selection...
D, [2018-03-31T11:59:28.883110 #2278] DEBUG -- : -------> building new state...
D, [2018-03-31T11:59:28.883223 #2278] DEBUG -- : -------> building new state...
D, [2018-03-31T11:59:28.883413 #2278] DEBUG -- : -------> building selection...
D, [2018-03-31T11:59:28.883744 #2278] DEBUG -- : -------> building new state...
D, [2018-03-31T11:59:28.883852 #2278] DEBUG -- : -------> building new state...
D, [2018-03-31T11:59:28.884043 #2278] DEBUG -- : -------> building selection...
D, [2018-03-31T11:59:28.884379 #2278] DEBUG -- : -------> building new state...
D, [2018-03-31T11:59:28.884490 #2278] DEBUG -- : -------> building new state...
D, [2018-03-31T11:59:28.884694 #2278] DEBUG -- : -------> building selection...
D, [2018-03-31T11:59:28.885171 #2278] DEBUG -- : -------> building new state...
D, [2018-03-31T11:59:28.885302 #2278] DEBUG -- : -------> building new state...
D, [2018-03-31T11:59:28.885506 #2278] DEBUG -- : -------> building selection...
D, [2018-03-31T11:59:28.885872 #2278] DEBUG -- : -------> building new state...
D, [2018-03-31T11:59:28.886702 #2278] DEBUG -- : -------> building new state...
D, [2018-03-31T11:59:28.887023 #2278] DEBUG -- : -------> building selection...
D, [2018-03-31T11:59:28.887384 #2278] DEBUG -- : -------> building new state...
D, [2018-03-31T11:59:28.887486 #2278] DEBUG -- : -------> building new state...
D, [2018-03-31T11:59:28.887675 #2278] DEBUG -- : -------> building selection...
D, [2018-03-31T11:59:28.887999 #2278] DEBUG -- : -------> building new state...
D, [2018-03-31T11:59:28.888223 #2278] DEBUG -- : -------> building new state...
D, [2018-03-31T11:59:28.888504 #2278] DEBUG -- : -------> building selection...
D, [2018-03-31T11:59:28.888850 #2278] DEBUG -- : -------> building new state...
D, [2018-03-31T11:59:28.888952 #2278] DEBUG -- : -------> building new state...
D, [2018-03-31T11:59:28.889143 #2278] DEBUG -- : -------> building selection...
D, [2018-03-31T11:59:28.889466 #2278] DEBUG -- : -------> building new state...
D, [2018-03-31T11:59:28.889640 #2278] DEBUG -- : -------> building new state...
D, [2018-03-31T11:59:28.889834 #2278] DEBUG -- : -------> building selection...
D, [2018-03-31T11:59:28.890156 #2278] DEBUG -- : -------> building new state...
D, [2018-03-31T11:59:28.890254 #2278] DEBUG -- : -------> building new state...
D, [2018-03-31T11:59:28.890441 #2278] DEBUG -- : -------> building selection...
D, [2018-03-31T11:59:28.890867 #2278] DEBUG -- : -------> building new state...
D, [2018-03-31T11:59:28.890984 #2278] DEBUG -- : -------> building new state...
D, [2018-03-31T11:59:28.891178 #2278] DEBUG -- : -------> building selection...
D, [2018-03-31T11:59:28.891533 #2278] DEBUG -- : -------> building new state...
D, [2018-03-31T11:59:28.891633 #2278] DEBUG -- : -------> building new state...
D, [2018-03-31T11:59:28.891895 #2278] DEBUG -- : -------> building selection...
D, [2018-03-31T11:59:28.892231 #2278] DEBUG -- : -------> building new state...
D, [2018-03-31T11:59:28.892332 #2278] DEBUG -- : -------> building new state...
D, [2018-03-31T11:59:28.892521 #2278] DEBUG -- : -------> building selection...
D, [2018-03-31T11:59:28.892846 #2278] DEBUG -- : -------> building new state...
D, [2018-03-31T11:59:28.893015 #2278] DEBUG -- : -------> building new state...
D, [2018-03-31T11:59:28.893216 #2278] DEBUG -- : -------> building selection...
D, [2018-03-31T11:59:28.893542 #2278] DEBUG -- : -------> building new state...
D, [2018-03-31T11:59:28.893641 #2278] DEBUG -- : -------> building new state...
D, [2018-03-31T11:59:28.893829 #2278] DEBUG -- : -------> building selection...
D, [2018-03-31T11:59:28.894233 #2278] DEBUG -- : -------> building new state...
D, [2018-03-31T11:59:28.894340 #2278] DEBUG -- : -------> building new state...
D, [2018-03-31T11:59:28.894529 #2278] DEBUG -- : -------> building selection...
D, [2018-03-31T11:59:28.894863 #2278] DEBUG -- : -------> building new state...
D, [2018-03-31T11:59:28.894979 #2278] DEBUG -- : -------> building new state...
D, [2018-03-31T11:59:28.895174 #2278] DEBUG -- : scoring weighed rated selections...
D, [2018-03-31T11:59:28.895278 #2278] DEBUG -- : Saving scored selections...
D, [2018-03-31T11:59:28.902609 #2278] DEBUG -- : State Score successfully calculated


D, [2018-03-31T11:59:28.902681 #2278] DEBUG -- : Scoring new state: {:rating=>37, :state=>{:unknown=>0, :possibly_lighter=>1, :possibly_heavier=>0, :normal=>7}}
D, [2018-03-31T11:59:28.902706 #2278] DEBUG -- : State Score successfully calculated


D, [2018-03-31T11:59:28.902744 #2278] DEBUG -- : Scoring new state: {:rating=>35, :state=>{:unknown=>1, :possibly_lighter=>0, :possibly_heavier=>0, :normal=>7}}
D, [2018-03-31T11:59:28.905559 #2278] DEBUG -- : returning fully calculated score...
D, [2018-03-31T11:59:28.905620 #2278] DEBUG -- : State Score successfully calculated


D, [2018-03-31T11:59:28.905655 #2278] DEBUG -- : Scoring new state: {:rating=>34, :state=>{:unknown=>0, :possibly_lighter=>2, :possibly_heavier=>0, :normal=>6}}
D, [2018-03-31T11:59:28.908240 #2278] DEBUG -- : returning fully calculated score...
D, [2018-03-31T11:59:28.908307 #2278] DEBUG -- : State Score successfully calculated


D, [2018-03-31T11:59:28.908437 #2278] DEBUG -- : Scoring new state: {:rating=>31, :state=>{:unknown=>0, :possibly_lighter=>2, :possibly_heavier=>1, :normal=>5}}
D, [2018-03-31T11:59:28.910954 #2278] DEBUG -- : calculating updated score for older state...
D, [2018-03-31T11:59:28.914354 #2278] DEBUG -- : generating weighed rated selections...
D, [2018-03-31T11:59:28.915485 #2278] DEBUG -- : -------> building selection...
D, [2018-03-31T11:59:28.918420 #2278] DEBUG -- : -------> building new state...
D, [2018-03-31T11:59:28.918784 #2278] DEBUG -- : -------> building new state...
D, [2018-03-31T11:59:28.919061 #2278] DEBUG -- : -------> building selection...
D, [2018-03-31T11:59:28.919433 #2278] DEBUG -- : -------> building new state...
D, [2018-03-31T11:59:28.919542 #2278] DEBUG -- : -------> building new state...
D, [2018-03-31T11:59:28.919741 #2278] DEBUG -- : -------> building selection...
D, [2018-03-31T11:59:28.920141 #2278] DEBUG -- : -------> building new state...
D, [2018-03-31T11:59:28.920246 #2278] DEBUG -- : -------> building new state...
D, [2018-03-31T11:59:28.920485 #2278] DEBUG -- : -------> building selection...
D, [2018-03-31T11:59:28.920953 #2278] DEBUG -- : -------> building new state...
D, [2018-03-31T11:59:28.921067 #2278] DEBUG -- : -------> building new state...
D, [2018-03-31T11:59:28.921330 #2278] DEBUG -- : -------> building selection...
D, [2018-03-31T11:59:28.921666 #2278] DEBUG -- : -------> building new state...
D, [2018-03-31T11:59:28.921769 #2278] DEBUG -- : -------> building new state...
D, [2018-03-31T11:59:28.921968 #2278] DEBUG -- : -------> building selection...
D, [2018-03-31T11:59:28.922302 #2278] DEBUG -- : -------> building new state...
D, [2018-03-31T11:59:28.922405 #2278] DEBUG -- : -------> building new state...
D, [2018-03-31T11:59:28.922638 #2278] DEBUG -- : -------> building selection...
D, [2018-03-31T11:59:28.922990 #2278] DEBUG -- : -------> building new state...
D, [2018-03-31T11:59:28.923095 #2278] DEBUG -- : -------> building new state...
D, [2018-03-31T11:59:28.923286 #2278] DEBUG -- : -------> building selection...
D, [2018-03-31T11:59:28.923633 #2278] DEBUG -- : -------> building new state...
D, [2018-03-31T11:59:28.923744 #2278] DEBUG -- : -------> building new state...
D, [2018-03-31T11:59:28.923989 #2278] DEBUG -- : -------> building selection...
D, [2018-03-31T11:59:28.924370 #2278] DEBUG -- : -------> building new state...
D, [2018-03-31T11:59:28.924507 #2278] DEBUG -- : -------> building new state...
D, [2018-03-31T11:59:28.924787 #2278] DEBUG -- : -------> building selection...
D, [2018-03-31T11:59:28.925145 #2278] DEBUG -- : -------> building new state...
D, [2018-03-31T11:59:28.925285 #2278] DEBUG -- : -------> building new state...
D, [2018-03-31T11:59:28.925492 #2278] DEBUG -- : -------> building selection...
D, [2018-03-31T11:59:28.925870 #2278] DEBUG -- : -------> building new state...
D, [2018-03-31T11:59:28.926065 #2278] DEBUG -- : -------> building new state...
D, [2018-03-31T11:59:28.926277 #2278] DEBUG -- : -------> building selection...
D, [2018-03-31T11:59:28.926617 #2278] DEBUG -- : -------> building new state...
D, [2018-03-31T11:59:28.926754 #2278] DEBUG -- : -------> building new state...
D, [2018-03-31T11:59:28.926975 #2278] DEBUG -- : -------> building selection...
D, [2018-03-31T11:59:28.927305 #2278] DEBUG -- : -------> building new state...
D, [2018-03-31T11:59:28.927407 #2278] DEBUG -- : -------> building new state...
D, [2018-03-31T11:59:28.927597 #2278] DEBUG -- : -------> building selection...
D, [2018-03-31T11:59:28.927978 #2278] DEBUG -- : -------> building new state...
D, [2018-03-31T11:59:28.928090 #2278] DEBUG -- : -------> building new state...
D, [2018-03-31T11:59:28.928283 #2278] DEBUG -- : -------> building selection...
D, [2018-03-31T11:59:28.928611 #2278] DEBUG -- : -------> building new state...
D, [2018-03-31T11:59:28.928714 #2278] DEBUG -- : -------> building new state...
D, [2018-03-31T11:59:28.928904 #2278] DEBUG -- : -------> building selection...
D, [2018-03-31T11:59:28.929276 #2278] DEBUG -- : -------> building new state...
D, [2018-03-31T11:59:28.929378 #2278] DEBUG -- : -------> building new state...
D, [2018-03-31T11:59:28.929568 #2278] DEBUG -- : -------> building selection...
D, [2018-03-31T11:59:28.929896 #2278] DEBUG -- : -------> building new state...
D, [2018-03-31T11:59:28.929994 #2278] DEBUG -- : -------> building new state...
D, [2018-03-31T11:59:28.930184 #2278] DEBUG -- : -------> building selection...
D, [2018-03-31T11:59:28.930551 #2278] DEBUG -- : -------> building new state...
D, [2018-03-31T11:59:28.930653 #2278] DEBUG -- : -------> building new state...
D, [2018-03-31T11:59:28.930853 #2278] DEBUG -- : -------> building selection...
D, [2018-03-31T11:59:28.931184 #2278] DEBUG -- : -------> building new state...
D, [2018-03-31T11:59:28.931285 #2278] DEBUG -- : -------> building new state...
D, [2018-03-31T11:59:28.931476 #2278] DEBUG -- : -------> building selection...
D, [2018-03-31T11:59:28.931845 #2278] DEBUG -- : -------> building new state...
D, [2018-03-31T11:59:28.931945 #2278] DEBUG -- : -------> building new state...
D, [2018-03-31T11:59:28.932134 #2278] DEBUG -- : -------> building selection...
D, [2018-03-31T11:59:28.932461 #2278] DEBUG -- : -------> building new state...
D, [2018-03-31T11:59:28.932560 #2278] DEBUG -- : -------> building new state...
D, [2018-03-31T11:59:28.932749 #2278] DEBUG -- : -------> building selection...
D, [2018-03-31T11:59:28.933111 #2278] DEBUG -- : -------> building new state...
D, [2018-03-31T11:59:28.933214 #2278] DEBUG -- : -------> building new state...
D, [2018-03-31T11:59:28.933403 #2278] DEBUG -- : -------> building selection...
D, [2018-03-31T11:59:28.933753 #2278] DEBUG -- : -------> building new state...
D, [2018-03-31T11:59:28.933853 #2278] DEBUG -- : -------> building new state...
D, [2018-03-31T11:59:28.934085 #2278] DEBUG -- : -------> building selection...
D, [2018-03-31T11:59:28.934414 #2278] DEBUG -- : -------> building new state...
D, [2018-03-31T11:59:28.934516 #2278] DEBUG -- : -------> building new state...
D, [2018-03-31T11:59:28.934704 #2278] DEBUG -- : -------> building selection...
D, [2018-03-31T11:59:28.935125 #2278] DEBUG -- : -------> building new state...
D, [2018-03-31T11:59:28.935233 #2278] DEBUG -- : -------> building new state...
D, [2018-03-31T11:59:28.935464 #2278] DEBUG -- : -------> building selection...
D, [2018-03-31T11:59:28.935798 #2278] DEBUG -- : -------> building new state...
D, [2018-03-31T11:59:28.935899 #2278] DEBUG -- : -------> building new state...
D, [2018-03-31T11:59:28.936091 #2278] DEBUG -- : -------> building selection...
D, [2018-03-31T11:59:28.936421 #2278] DEBUG -- : -------> building new state...
D, [2018-03-31T11:59:28.936521 #2278] DEBUG -- : -------> building new state...
D, [2018-03-31T11:59:28.936748 #2278] DEBUG -- : -------> building selection...
D, [2018-03-31T11:59:28.937092 #2278] DEBUG -- : -------> building new state...
D, [2018-03-31T11:59:28.937194 #2278] DEBUG -- : -------> building new state...
D, [2018-03-31T11:59:28.937386 #2278] DEBUG -- : -------> building selection...
D, [2018-03-31T11:59:28.937717 #2278] DEBUG -- : -------> building new state...
D, [2018-03-31T11:59:28.937845 #2278] DEBUG -- : -------> building new state...
D, [2018-03-31T11:59:28.938045 #2278] DEBUG -- : -------> building selection...
D, [2018-03-31T11:59:28.938377 #2278] DEBUG -- : -------> building new state...
D, [2018-03-31T11:59:28.938480 #2278] DEBUG -- : -------> building new state...
D, [2018-03-31T11:59:28.938671 #2278] DEBUG -- : -------> building selection...
D, [2018-03-31T11:59:28.939019 #2278] DEBUG -- : -------> building new state...
D, [2018-03-31T11:59:28.939155 #2278] DEBUG -- : -------> building new state...
D, [2018-03-31T11:59:28.939358 #2278] DEBUG -- : -------> building selection...
D, [2018-03-31T11:59:28.939692 #2278] DEBUG -- : -------> building new state...
D, [2018-03-31T11:59:28.939803 #2278] DEBUG -- : -------> building new state...
D, [2018-03-31T11:59:28.940046 #2278] DEBUG -- : -------> building selection...
D, [2018-03-31T11:59:28.940474 #2278] DEBUG -- : -------> building new state...
D, [2018-03-31T11:59:28.940660 #2278] DEBUG -- : -------> building new state...
D, [2018-03-31T11:59:28.940874 #2278] DEBUG -- : -------> building selection...
D, [2018-03-31T11:59:28.941218 #2278] DEBUG -- : -------> building new state...
D, [2018-03-31T11:59:28.941319 #2278] DEBUG -- : -------> building new state...
D, [2018-03-31T11:59:28.941513 #2278] DEBUG -- : -------> building selection...
D, [2018-03-31T11:59:28.941891 #2278] DEBUG -- : -------> building new state...
D, [2018-03-31T11:59:28.941997 #2278] DEBUG -- : -------> building new state...
D, [2018-03-31T11:59:28.942190 #2278] DEBUG -- : -------> building selection...
D, [2018-03-31T11:59:28.942525 #2278] DEBUG -- : -------> building new state...
D, [2018-03-31T11:59:28.942631 #2278] DEBUG -- : -------> building new state...
D, [2018-03-31T11:59:28.942849 #2278] DEBUG -- : -------> building selection...
D, [2018-03-31T11:59:28.943359 #2278] DEBUG -- : -------> building new state...
D, [2018-03-31T11:59:28.943469 #2278] DEBUG -- : -------> building new state...
D, [2018-03-31T11:59:28.943670 #2278] DEBUG -- : -------> building selection...
D, [2018-03-31T11:59:28.944007 #2278] DEBUG -- : -------> building new state...
D, [2018-03-31T11:59:28.944112 #2278] DEBUG -- : -------> building new state...
D, [2018-03-31T11:59:28.944303 #2278] DEBUG -- : -------> building selection...
D, [2018-03-31T11:59:28.944675 #2278] DEBUG -- : -------> building new state...
D, [2018-03-31T11:59:28.944782 #2278] DEBUG -- : -------> building new state...
D, [2018-03-31T11:59:28.944974 #2278] DEBUG -- : scoring weighed rated selections...
D, [2018-03-31T11:59:28.945022 #2278] DEBUG -- : Saving scored selections...
D, [2018-03-31T11:59:28.952314 #2278] DEBUG -- : State Score successfully calculated


D, [2018-03-31T11:59:28.952388 #2278] DEBUG -- : Scoring new state: {:rating=>37, :state=>{:unknown=>0, :possibly_lighter=>1, :possibly_heavier=>0, :normal=>7}}
D, [2018-03-31T11:59:28.952413 #2278] DEBUG -- : State Score successfully calculated


D, [2018-03-31T11:59:28.952450 #2278] DEBUG -- : Scoring new state: {:rating=>37, :state=>{:unknown=>0, :possibly_lighter=>0, :possibly_heavier=>1, :normal=>7}}
D, [2018-03-31T11:59:28.952471 #2278] DEBUG -- : State Score successfully calculated


D, [2018-03-31T11:59:28.952498 #2278] DEBUG -- : Scoring new state: {:rating=>34, :state=>{:unknown=>0, :possibly_lighter=>2, :possibly_heavier=>0, :normal=>6}}
D, [2018-03-31T11:59:28.955319 #2278] DEBUG -- : returning fully calculated score...
D, [2018-03-31T11:59:28.955369 #2278] DEBUG -- : State Score successfully calculated


D, [2018-03-31T11:59:28.955402 #2278] DEBUG -- : Scoring new state: {:rating=>37, :state=>{:unknown=>0, :possibly_lighter=>1, :possibly_heavier=>0, :normal=>7}}
D, [2018-03-31T11:59:28.955425 #2278] DEBUG -- : State Score successfully calculated


D, [2018-03-31T11:59:28.955468 #2278] DEBUG -- : Scoring new state: {:rating=>34, :state=>{:unknown=>0, :possibly_lighter=>1, :possibly_heavier=>1, :normal=>6}}
D, [2018-03-31T11:59:28.957949 #2278] DEBUG -- : returning fully calculated score...
D, [2018-03-31T11:59:28.958009 #2278] DEBUG -- : State Score successfully calculated


D, [2018-03-31T11:59:28.958061 #2278] DEBUG -- : Scoring new state: {:rating=>34, :state=>{:unknown=>0, :possibly_lighter=>2, :possibly_heavier=>0, :normal=>6}}
D, [2018-03-31T11:59:28.960520 #2278] DEBUG -- : returning fully calculated score...
D, [2018-03-31T11:59:28.960583 #2278] DEBUG -- : State Score successfully calculated


D, [2018-03-31T11:59:28.960629 #2278] DEBUG -- : Scoring new state: {:rating=>37, :state=>{:unknown=>0, :possibly_lighter=>0, :possibly_heavier=>1, :normal=>7}}
D, [2018-03-31T11:59:28.960653 #2278] DEBUG -- : State Score successfully calculated


D, [2018-03-31T11:59:28.960679 #2278] DEBUG -- : Scoring new state: {:rating=>31, :state=>{:unknown=>0, :possibly_lighter=>3, :possibly_heavier=>0, :normal=>5}}
D, [2018-03-31T11:59:28.963173 #2278] DEBUG -- : calculating updated score for older state...
D, [2018-03-31T11:59:28.966541 #2278] DEBUG -- : generating weighed rated selections...
D, [2018-03-31T11:59:28.967617 #2278] DEBUG -- : -------> building selection...
D, [2018-03-31T11:59:28.968497 #2278] DEBUG -- : -------> building new state...
D, [2018-03-31T11:59:28.970910 #2278] DEBUG -- : -------> building selection...
D, [2018-03-31T11:59:28.971422 #2278] DEBUG -- : -------> building new state...
D, [2018-03-31T11:59:28.971701 #2278] DEBUG -- : -------> building selection...
D, [2018-03-31T11:59:28.972058 #2278] DEBUG -- : -------> building new state...
D, [2018-03-31T11:59:28.972258 #2278] DEBUG -- : -------> building selection...
D, [2018-03-31T11:59:28.972628 #2278] DEBUG -- : -------> building new state...
D, [2018-03-31T11:59:28.972736 #2278] DEBUG -- : -------> building new state...
D, [2018-03-31T11:59:28.972923 #2278] DEBUG -- : -------> building selection...
D, [2018-03-31T11:59:28.973247 #2278] DEBUG -- : -------> building new state...
D, [2018-03-31T11:59:28.973383 #2278] DEBUG -- : -------> building new state...
D, [2018-03-31T11:59:28.973584 #2278] DEBUG -- : -------> building selection...
D, [2018-03-31T11:59:28.973907 #2278] DEBUG -- : -------> building new state...
D, [2018-03-31T11:59:28.974005 #2278] DEBUG -- : -------> building new state...
D, [2018-03-31T11:59:28.974227 #2278] DEBUG -- : -------> building selection...
D, [2018-03-31T11:59:28.974585 #2278] DEBUG -- : -------> building new state...
D, [2018-03-31T11:59:28.974687 #2278] DEBUG -- : -------> building new state...
D, [2018-03-31T11:59:28.974916 #2278] DEBUG -- : -------> building selection...
D, [2018-03-31T11:59:28.975249 #2278] DEBUG -- : -------> building new state...
D, [2018-03-31T11:59:28.975352 #2278] DEBUG -- : -------> building new state...
D, [2018-03-31T11:59:28.975607 #2278] DEBUG -- : -------> building selection...
D, [2018-03-31T11:59:28.975977 #2278] DEBUG -- : -------> building new state...
D, [2018-03-31T11:59:28.976083 #2278] DEBUG -- : -------> building new state...
D, [2018-03-31T11:59:28.976274 #2278] DEBUG -- : -------> building selection...
D, [2018-03-31T11:59:28.976633 #2278] DEBUG -- : -------> building new state...
D, [2018-03-31T11:59:28.976777 #2278] DEBUG -- : -------> building new state...
D, [2018-03-31T11:59:28.976976 #2278] DEBUG -- : -------> building selection...
D, [2018-03-31T11:59:28.977305 #2278] DEBUG -- : -------> building new state...
D, [2018-03-31T11:59:28.977407 #2278] DEBUG -- : -------> building new state...
D, [2018-03-31T11:59:28.977593 #2278] DEBUG -- : -------> building selection...
D, [2018-03-31T11:59:28.977955 #2278] DEBUG -- : -------> building new state...
D, [2018-03-31T11:59:28.978067 #2278] DEBUG -- : -------> building new state...
D, [2018-03-31T11:59:28.978254 #2278] DEBUG -- : -------> building selection...
D, [2018-03-31T11:59:28.978584 #2278] DEBUG -- : -------> building new state...
D, [2018-03-31T11:59:28.978689 #2278] DEBUG -- : -------> building new state...
D, [2018-03-31T11:59:28.978905 #2278] DEBUG -- : -------> building selection...
D, [2018-03-31T11:59:28.979296 #2278] DEBUG -- : -------> building new state...
D, [2018-03-31T11:59:28.979485 #2278] DEBUG -- : -------> building new state...
D, [2018-03-31T11:59:28.979692 #2278] DEBUG -- : -------> building selection...
D, [2018-03-31T11:59:28.980033 #2278] DEBUG -- : -------> building new state...
D, [2018-03-31T11:59:28.980137 #2278] DEBUG -- : -------> building new state...
D, [2018-03-31T11:59:28.980325 #2278] DEBUG -- : -------> building selection...
D, [2018-03-31T11:59:28.980688 #2278] DEBUG -- : -------> building new state...
D, [2018-03-31T11:59:28.980795 #2278] DEBUG -- : -------> building new state...
D, [2018-03-31T11:59:28.980986 #2278] DEBUG -- : -------> building selection...
D, [2018-03-31T11:59:28.981309 #2278] DEBUG -- : -------> building new state...
D, [2018-03-31T11:59:28.981407 #2278] DEBUG -- : -------> building new state...
D, [2018-03-31T11:59:28.981600 #2278] DEBUG -- : -------> building selection...
D, [2018-03-31T11:59:28.981966 #2278] DEBUG -- : -------> building new state...
D, [2018-03-31T11:59:28.982066 #2278] DEBUG -- : -------> building new state...
D, [2018-03-31T11:59:28.982254 #2278] DEBUG -- : -------> building selection...
D, [2018-03-31T11:59:28.982580 #2278] DEBUG -- : -------> building new state...
D, [2018-03-31T11:59:28.982678 #2278] DEBUG -- : -------> building new state...
D, [2018-03-31T11:59:28.982925 #2278] DEBUG -- : scoring weighed rated selections...
D, [2018-03-31T11:59:28.982966 #2278] DEBUG -- : Saving scored selections...
D, [2018-03-31T11:59:28.987111 #2278] DEBUG -- : State Score successfully calculated


D, [2018-03-31T11:59:28.987184 #2278] DEBUG -- : Scoring new state: {:rating=>37, :state=>{:unknown=>0, :possibly_lighter=>0, :possibly_heavier=>1, :normal=>7}}
D, [2018-03-31T11:59:28.987210 #2278] DEBUG -- : State Score successfully calculated


D, [2018-03-31T11:59:28.987237 #2278] DEBUG -- : Scoring new state: {:rating=>31, :state=>{:unknown=>0, :possibly_lighter=>3, :possibly_heavier=>0, :normal=>5}}
D, [2018-03-31T11:59:28.989977 #2278] DEBUG -- : calculating updated score for older state...
D, [2018-03-31T11:59:28.993397 #2278] DEBUG -- : generating weighed rated selections...
D, [2018-03-31T11:59:28.994435 #2278] DEBUG -- : -------> building selection...
D, [2018-03-31T11:59:28.995355 #2278] DEBUG -- : -------> building new state...
D, [2018-03-31T11:59:28.995810 #2278] DEBUG -- : -------> building selection...
D, [2018-03-31T11:59:28.996163 #2278] DEBUG -- : -------> building new state...
D, [2018-03-31T11:59:28.996358 #2278] DEBUG -- : -------> building selection...
D, [2018-03-31T11:59:28.996737 #2278] DEBUG -- : -------> building new state...
D, [2018-03-31T11:59:28.996935 #2278] DEBUG -- : -------> building selection...
D, [2018-03-31T11:59:28.997260 #2278] DEBUG -- : -------> building new state...
D, [2018-03-31T11:59:28.997365 #2278] DEBUG -- : -------> building new state...
D, [2018-03-31T11:59:28.997550 #2278] DEBUG -- : -------> building selection...
D, [2018-03-31T11:59:28.997912 #2278] DEBUG -- : -------> building new state...
D, [2018-03-31T11:59:28.998018 #2278] DEBUG -- : -------> building new state...
D, [2018-03-31T11:59:28.998208 #2278] DEBUG -- : -------> building selection...
D, [2018-03-31T11:59:28.998529 #2278] DEBUG -- : -------> building new state...
D, [2018-03-31T11:59:28.998629 #2278] DEBUG -- : -------> building new state...
D, [2018-03-31T11:59:28.998832 #2278] DEBUG -- : -------> building selection...
D, [2018-03-31T11:59:28.999204 #2278] DEBUG -- : -------> building new state...
D, [2018-03-31T11:59:28.999307 #2278] DEBUG -- : -------> building new state...
D, [2018-03-31T11:59:28.999496 #2278] DEBUG -- : -------> building selection...
D, [2018-03-31T11:59:28.999821 #2278] DEBUG -- : -------> building new state...
D, [2018-03-31T11:59:28.999922 #2278] DEBUG -- : -------> building new state...
D, [2018-03-31T11:59:29.000106 #2278] DEBUG -- : -------> building selection...
D, [2018-03-31T11:59:29.000486 #2278] DEBUG -- : -------> building new state...
D, [2018-03-31T11:59:29.000590 #2278] DEBUG -- : -------> building new state...
D, [2018-03-31T11:59:29.000777 #2278] DEBUG -- : -------> building selection...
D, [2018-03-31T11:59:29.001116 #2278] DEBUG -- : -------> building new state...
D, [2018-03-31T11:59:29.001219 #2278] DEBUG -- : -------> building new state...
D, [2018-03-31T11:59:29.001440 #2278] DEBUG -- : -------> building selection...
D, [2018-03-31T11:59:29.001767 #2278] DEBUG -- : -------> building new state...
D, [2018-03-31T11:59:29.001871 #2278] DEBUG -- : -------> building new state...
D, [2018-03-31T11:59:29.002057 #2278] DEBUG -- : -------> building selection...
D, [2018-03-31T11:59:29.002380 #2278] DEBUG -- : -------> building new state...
D, [2018-03-31T11:59:29.002482 #2278] DEBUG -- : -------> building new state...
D, [2018-03-31T11:59:29.002734 #2278] DEBUG -- : -------> building selection...
D, [2018-03-31T11:59:29.003099 #2278] DEBUG -- : -------> building new state...
D, [2018-03-31T11:59:29.003223 #2278] DEBUG -- : -------> building new state...
D, [2018-03-31T11:59:29.003421 #2278] DEBUG -- : -------> building selection...
D, [2018-03-31T11:59:29.003758 #2278] DEBUG -- : -------> building new state...
D, [2018-03-31T11:59:29.003925 #2278] DEBUG -- : -------> building new state...
D, [2018-03-31T11:59:29.004285 #2278] DEBUG -- : -------> building selection...
D, [2018-03-31T11:59:29.004658 #2278] DEBUG -- : -------> building new state...
D, [2018-03-31T11:59:29.004772 #2278] DEBUG -- : -------> building new state...
D, [2018-03-31T11:59:29.004983 #2278] DEBUG -- : -------> building selection...
D, [2018-03-31T11:59:29.005324 #2278] DEBUG -- : -------> building new state...
D, [2018-03-31T11:59:29.005534 #2278] DEBUG -- : -------> building new state...
D, [2018-03-31T11:59:29.005745 #2278] DEBUG -- : -------> building selection...
D, [2018-03-31T11:59:29.006080 #2278] DEBUG -- : -------> building new state...
D, [2018-03-31T11:59:29.006179 #2278] DEBUG -- : -------> building new state...
D, [2018-03-31T11:59:29.006367 #2278] DEBUG -- : -------> building selection...
D, [2018-03-31T11:59:29.006706 #2278] DEBUG -- : -------> building new state...
D, [2018-03-31T11:59:29.006842 #2278] DEBUG -- : -------> building new state...
D, [2018-03-31T11:59:29.007043 #2278] DEBUG -- : -------> building selection...
D, [2018-03-31T11:59:29.007389 #2278] DEBUG -- : -------> building new state...
D, [2018-03-31T11:59:29.007488 #2278] DEBUG -- : -------> building new state...
D, [2018-03-31T11:59:29.007679 #2278] DEBUG -- : scoring weighed rated selections...
D, [2018-03-31T11:59:29.007718 #2278] DEBUG -- : Saving scored selections...
D, [2018-03-31T11:59:29.011821 #2278] DEBUG -- : State Score successfully calculated


D, [2018-03-31T11:59:29.011911 #2278] DEBUG -- : Scoring new state: {:rating=>34, :state=>{:unknown=>0, :possibly_lighter=>1, :possibly_heavier=>1, :normal=>6}}
D, [2018-03-31T11:59:29.014609 #2278] DEBUG -- : returning fully calculated score...
D, [2018-03-31T11:59:29.014680 #2278] DEBUG -- : State Score successfully calculated


D, [2018-03-31T11:59:29.014718 #2278] DEBUG -- : Scoring new state: {:rating=>34, :state=>{:unknown=>0, :possibly_lighter=>2, :possibly_heavier=>0, :normal=>6}}
D, [2018-03-31T11:59:29.017312 #2278] DEBUG -- : returning fully calculated score...
D, [2018-03-31T11:59:29.017385 #2278] DEBUG -- : State Score successfully calculated


D, [2018-03-31T11:59:29.017433 #2278] DEBUG -- : Scoring new state: {:rating=>31, :state=>{:unknown=>0, :possibly_lighter=>2, :possibly_heavier=>1, :normal=>5}}
D, [2018-03-31T11:59:29.019925 #2278] DEBUG -- : calculating updated score for older state...
D, [2018-03-31T11:59:29.023359 #2278] DEBUG -- : generating weighed rated selections...
D, [2018-03-31T11:59:29.024441 #2278] DEBUG -- : -------> building selection...
D, [2018-03-31T11:59:29.025355 #2278] DEBUG -- : -------> building new state...
D, [2018-03-31T11:59:29.025603 #2278] DEBUG -- : -------> building new state...
D, [2018-03-31T11:59:29.025840 #2278] DEBUG -- : -------> building selection...
D, [2018-03-31T11:59:29.026228 #2278] DEBUG -- : -------> building new state...
D, [2018-03-31T11:59:29.026333 #2278] DEBUG -- : -------> building new state...
D, [2018-03-31T11:59:29.026612 #2278] DEBUG -- : -------> building selection...
D, [2018-03-31T11:59:29.026979 #2278] DEBUG -- : -------> building new state...
D, [2018-03-31T11:59:29.027084 #2278] DEBUG -- : -------> building new state...
D, [2018-03-31T11:59:29.027289 #2278] DEBUG -- : -------> building selection...
D, [2018-03-31T11:59:29.027650 #2278] DEBUG -- : -------> building new state...
D, [2018-03-31T11:59:29.027752 #2278] DEBUG -- : -------> building new state...
D, [2018-03-31T11:59:29.027942 #2278] DEBUG -- : -------> building selection...
D, [2018-03-31T11:59:29.028282 #2278] DEBUG -- : -------> building new state...
D, [2018-03-31T11:59:29.028383 #2278] DEBUG -- : -------> building new state...
D, [2018-03-31T11:59:29.028571 #2278] DEBUG -- : -------> building selection...
D, [2018-03-31T11:59:29.028977 #2278] DEBUG -- : -------> building new state...
D, [2018-03-31T11:59:29.029099 #2278] DEBUG -- : -------> building new state...
D, [2018-03-31T11:59:29.029289 #2278] DEBUG -- : -------> building selection...
D, [2018-03-31T11:59:29.029666 #2278] DEBUG -- : -------> building new state...
D, [2018-03-31T11:59:29.029879 #2278] DEBUG -- : -------> building new state...
D, [2018-03-31T11:59:29.030124 #2278] DEBUG -- : -------> building selection...
D, [2018-03-31T11:59:29.030477 #2278] DEBUG -- : -------> building new state...
D, [2018-03-31T11:59:29.030580 #2278] DEBUG -- : -------> building new state...
D, [2018-03-31T11:59:29.030772 #2278] DEBUG -- : -------> building selection...
D, [2018-03-31T11:59:29.031122 #2278] DEBUG -- : -------> building new state...
D, [2018-03-31T11:59:29.031232 #2278] DEBUG -- : -------> building new state...
D, [2018-03-31T11:59:29.031458 #2278] DEBUG -- : -------> building selection...
D, [2018-03-31T11:59:29.031788 #2278] DEBUG -- : -------> building new state...
D, [2018-03-31T11:59:29.031885 #2278] DEBUG -- : -------> building new state...
D, [2018-03-31T11:59:29.032072 #2278] DEBUG -- : -------> building selection...
D, [2018-03-31T11:59:29.032392 #2278] DEBUG -- : -------> building new state...
D, [2018-03-31T11:59:29.032490 #2278] DEBUG -- : -------> building new state...
D, [2018-03-31T11:59:29.032720 #2278] DEBUG -- : -------> building selection...
D, [2018-03-31T11:59:29.033046 #2278] DEBUG -- : -------> building new state...
D, [2018-03-31T11:59:29.033144 #2278] DEBUG -- : -------> building new state...
D, [2018-03-31T11:59:29.033329 #2278] DEBUG -- : -------> building selection...
D, [2018-03-31T11:59:29.033676 #2278] DEBUG -- : -------> building new state...
D, [2018-03-31T11:59:29.033778 #2278] DEBUG -- : -------> building new state...
D, [2018-03-31T11:59:29.033993 #2278] DEBUG -- : -------> building selection...
D, [2018-03-31T11:59:29.034342 #2278] DEBUG -- : -------> building new state...
D, [2018-03-31T11:59:29.034443 #2278] DEBUG -- : -------> building new state...
D, [2018-03-31T11:59:29.034631 #2278] DEBUG -- : -------> building selection...
D, [2018-03-31T11:59:29.035003 #2278] DEBUG -- : -------> building new state...
D, [2018-03-31T11:59:29.035111 #2278] DEBUG -- : -------> building new state...
D, [2018-03-31T11:59:29.035297 #2278] DEBUG -- : -------> building selection...
D, [2018-03-31T11:59:29.035618 #2278] DEBUG -- : -------> building new state...
D, [2018-03-31T11:59:29.035719 #2278] DEBUG -- : -------> building new state...
D, [2018-03-31T11:59:29.035919 #2278] DEBUG -- : -------> building selection...
D, [2018-03-31T11:59:29.036277 #2278] DEBUG -- : -------> building new state...
D, [2018-03-31T11:59:29.036379 #2278] DEBUG -- : -------> building new state...
D, [2018-03-31T11:59:29.036566 #2278] DEBUG -- : -------> building selection...
D, [2018-03-31T11:59:29.036896 #2278] DEBUG -- : -------> building new state...
D, [2018-03-31T11:59:29.036995 #2278] DEBUG -- : -------> building new state...
D, [2018-03-31T11:59:29.037241 #2278] DEBUG -- : -------> building selection...
D, [2018-03-31T11:59:29.037578 #2278] DEBUG -- : -------> building new state...
D, [2018-03-31T11:59:29.037678 #2278] DEBUG -- : -------> building new state...
D, [2018-03-31T11:59:29.037896 #2278] DEBUG -- : -------> building selection...
D, [2018-03-31T11:59:29.038220 #2278] DEBUG -- : -------> building new state...
D, [2018-03-31T11:59:29.038359 #2278] DEBUG -- : -------> building new state...
D, [2018-03-31T11:59:29.038553 #2278] DEBUG -- : -------> building selection...
D, [2018-03-31T11:59:29.038911 #2278] DEBUG -- : -------> building new state...
D, [2018-03-31T11:59:29.039060 #2278] DEBUG -- : -------> building new state...
D, [2018-03-31T11:59:29.039273 #2278] DEBUG -- : -------> building selection...
D, [2018-03-31T11:59:29.039599 #2278] DEBUG -- : -------> building new state...
D, [2018-03-31T11:59:29.039700 #2278] DEBUG -- : -------> building new state...
D, [2018-03-31T11:59:29.039909 #2278] DEBUG -- : -------> building selection...
D, [2018-03-31T11:59:29.040309 #2278] DEBUG -- : -------> building new state...
D, [2018-03-31T11:59:29.040468 #2278] DEBUG -- : -------> building new state...
D, [2018-03-31T11:59:29.040699 #2278] DEBUG -- : -------> building selection...
D, [2018-03-31T11:59:29.041133 #2278] DEBUG -- : -------> building new state...
D, [2018-03-31T11:59:29.041255 #2278] DEBUG -- : -------> building new state...
D, [2018-03-31T11:59:29.041467 #2278] DEBUG -- : -------> building selection...
D, [2018-03-31T11:59:29.043019 #2278] DEBUG -- : -------> building new state...
D, [2018-03-31T11:59:29.043211 #2278] DEBUG -- : -------> building new state...
D, [2018-03-31T11:59:29.043501 #2278] DEBUG -- : -------> building selection...
D, [2018-03-31T11:59:29.043842 #2278] DEBUG -- : -------> building new state...
D, [2018-03-31T11:59:29.043964 #2278] DEBUG -- : -------> building new state...
D, [2018-03-31T11:59:29.044157 #2278] DEBUG -- : -------> building selection...
D, [2018-03-31T11:59:29.044499 #2278] DEBUG -- : -------> building new state...
D, [2018-03-31T11:59:29.044599 #2278] DEBUG -- : -------> building new state...
D, [2018-03-31T11:59:29.044822 #2278] DEBUG -- : -------> building selection...
D, [2018-03-31T11:59:29.045144 #2278] DEBUG -- : -------> building new state...
D, [2018-03-31T11:59:29.045241 #2278] DEBUG -- : -------> building new state...
D, [2018-03-31T11:59:29.045427 #2278] DEBUG -- : -------> building selection...
D, [2018-03-31T11:59:29.045770 #2278] DEBUG -- : -------> building new state...
D, [2018-03-31T11:59:29.045870 #2278] DEBUG -- : -------> building new state...
D, [2018-03-31T11:59:29.046056 #2278] DEBUG -- : -------> building selection...
D, [2018-03-31T11:59:29.046400 #2278] DEBUG -- : -------> building new state...
D, [2018-03-31T11:59:29.046501 #2278] DEBUG -- : -------> building new state...
D, [2018-03-31T11:59:29.046685 #2278] DEBUG -- : -------> building selection...
D, [2018-03-31T11:59:29.047052 #2278] DEBUG -- : -------> building new state...
D, [2018-03-31T11:59:29.047155 #2278] DEBUG -- : -------> building new state...
D, [2018-03-31T11:59:29.047344 #2278] DEBUG -- : -------> building selection...
D, [2018-03-31T11:59:29.047690 #2278] DEBUG -- : -------> building new state...
D, [2018-03-31T11:59:29.047789 #2278] DEBUG -- : -------> building new state...
D, [2018-03-31T11:59:29.047973 #2278] DEBUG -- : -------> building selection...
D, [2018-03-31T11:59:29.048329 #2278] DEBUG -- : -------> building new state...
D, [2018-03-31T11:59:29.048428 #2278] DEBUG -- : -------> building new state...
D, [2018-03-31T11:59:29.048613 #2278] DEBUG -- : -------> building selection...
D, [2018-03-31T11:59:29.048947 #2278] DEBUG -- : -------> building new state...
D, [2018-03-31T11:59:29.049046 #2278] DEBUG -- : -------> building new state...
D, [2018-03-31T11:59:29.049262 #2278] DEBUG -- : -------> building selection...
D, [2018-03-31T11:59:29.049589 #2278] DEBUG -- : -------> building new state...
D, [2018-03-31T11:59:29.049693 #2278] DEBUG -- : -------> building new state...
D, [2018-03-31T11:59:29.049891 #2278] DEBUG -- : -------> building selection...
D, [2018-03-31T11:59:29.050246 #2278] DEBUG -- : -------> building new state...
D, [2018-03-31T11:59:29.050349 #2278] DEBUG -- : -------> building new state...
D, [2018-03-31T11:59:29.050532 #2278] DEBUG -- : -------> building selection...
D, [2018-03-31T11:59:29.050896 #2278] DEBUG -- : -------> building new state...
D, [2018-03-31T11:59:29.050998 #2278] DEBUG -- : -------> building new state...
D, [2018-03-31T11:59:29.051186 #2278] DEBUG -- : -------> building selection...
D, [2018-03-31T11:59:29.051523 #2278] DEBUG -- : -------> building new state...
D, [2018-03-31T11:59:29.051625 #2278] DEBUG -- : -------> building new state...
D, [2018-03-31T11:59:29.051833 #2278] DEBUG -- : -------> building selection...
D, [2018-03-31T11:59:29.052153 #2278] DEBUG -- : -------> building new state...
D, [2018-03-31T11:59:29.052264 #2278] DEBUG -- : -------> building new state...
D, [2018-03-31T11:59:29.052452 #2278] DEBUG -- : scoring weighed rated selections...
D, [2018-03-31T11:59:29.052502 #2278] DEBUG -- : Saving scored selections...
D, [2018-03-31T11:59:29.059809 #2278] DEBUG -- : State Score successfully calculated


D, [2018-03-31T11:59:29.059882 #2278] DEBUG -- : Scoring new state: {:rating=>37, :state=>{:unknown=>0, :possibly_lighter=>1, :possibly_heavier=>0, :normal=>7}}
D, [2018-03-31T11:59:29.059908 #2278] DEBUG -- : State Score successfully calculated


D, [2018-03-31T11:59:29.059945 #2278] DEBUG -- : Scoring new state: {:rating=>31, :state=>{:unknown=>0, :possibly_lighter=>2, :possibly_heavier=>1, :normal=>5}}
D, [2018-03-31T11:59:29.062705 #2278] DEBUG -- : calculating updated score for older state...
D, [2018-03-31T11:59:29.066241 #2278] DEBUG -- : generating weighed rated selections...
D, [2018-03-31T11:59:29.067382 #2278] DEBUG -- : -------> building selection...
D, [2018-03-31T11:59:29.068220 #2278] DEBUG -- : -------> building new state...
D, [2018-03-31T11:59:29.068568 #2278] DEBUG -- : -------> building new state...
D, [2018-03-31T11:59:29.068928 #2278] DEBUG -- : -------> building selection...
D, [2018-03-31T11:59:29.069312 #2278] DEBUG -- : -------> building new state...
D, [2018-03-31T11:59:29.069451 #2278] DEBUG -- : -------> building new state...
D, [2018-03-31T11:59:29.069676 #2278] DEBUG -- : -------> building selection...
D, [2018-03-31T11:59:29.070069 #2278] DEBUG -- : -------> building new state...
D, [2018-03-31T11:59:29.070248 #2278] DEBUG -- : -------> building new state...
D, [2018-03-31T11:59:29.070457 #2278] DEBUG -- : -------> building selection...
D, [2018-03-31T11:59:29.070795 #2278] DEBUG -- : -------> building new state...
D, [2018-03-31T11:59:29.070928 #2278] DEBUG -- : -------> building new state...
D, [2018-03-31T11:59:29.071134 #2278] DEBUG -- : -------> building selection...
D, [2018-03-31T11:59:29.071459 #2278] DEBUG -- : -------> building new state...
D, [2018-03-31T11:59:29.071559 #2278] DEBUG -- : -------> building new state...
D, [2018-03-31T11:59:29.071750 #2278] DEBUG -- : -------> building selection...
D, [2018-03-31T11:59:29.072084 #2278] DEBUG -- : -------> building new state...
D, [2018-03-31T11:59:29.072184 #2278] DEBUG -- : -------> building new state...
D, [2018-03-31T11:59:29.072372 #2278] DEBUG -- : -------> building selection...
D, [2018-03-31T11:59:29.072714 #2278] DEBUG -- : -------> building new state...
D, [2018-03-31T11:59:29.072815 #2278] DEBUG -- : -------> building new state...
D, [2018-03-31T11:59:29.073003 #2278] DEBUG -- : -------> building selection...
D, [2018-03-31T11:59:29.073347 #2278] DEBUG -- : -------> building new state...
D, [2018-03-31T11:59:29.073446 #2278] DEBUG -- : -------> building new state...
D, [2018-03-31T11:59:29.073633 #2278] DEBUG -- : -------> building selection...
D, [2018-03-31T11:59:29.073962 #2278] DEBUG -- : -------> building new state...
D, [2018-03-31T11:59:29.074095 #2278] DEBUG -- : -------> building new state...
D, [2018-03-31T11:59:29.074285 #2278] DEBUG -- : -------> building selection...
D, [2018-03-31T11:59:29.074633 #2278] DEBUG -- : -------> building new state...
D, [2018-03-31T11:59:29.074730 #2278] DEBUG -- : -------> building new state...
D, [2018-03-31T11:59:29.074948 #2278] DEBUG -- : -------> building selection...
D, [2018-03-31T11:59:29.075328 #2278] DEBUG -- : -------> building new state...
D, [2018-03-31T11:59:29.075429 #2278] DEBUG -- : -------> building new state...
D, [2018-03-31T11:59:29.075642 #2278] DEBUG -- : -------> building selection...
D, [2018-03-31T11:59:29.075966 #2278] DEBUG -- : -------> building new state...
D, [2018-03-31T11:59:29.076063 #2278] DEBUG -- : -------> building new state...
D, [2018-03-31T11:59:29.076279 #2278] DEBUG -- : -------> building selection...
D, [2018-03-31T11:59:29.076600 #2278] DEBUG -- : -------> building new state...
D, [2018-03-31T11:59:29.076700 #2278] DEBUG -- : -------> building new state...
D, [2018-03-31T11:59:29.076885 #2278] DEBUG -- : -------> building selection...
D, [2018-03-31T11:59:29.077231 #2278] DEBUG -- : -------> building new state...
D, [2018-03-31T11:59:29.077330 #2278] DEBUG -- : -------> building new state...
D, [2018-03-31T11:59:29.077545 #2278] DEBUG -- : -------> building selection...
D, [2018-03-31T11:59:29.077865 #2278] DEBUG -- : -------> building new state...
D, [2018-03-31T11:59:29.077964 #2278] DEBUG -- : -------> building new state...
D, [2018-03-31T11:59:29.078161 #2278] DEBUG -- : -------> building selection...
D, [2018-03-31T11:59:29.078483 #2278] DEBUG -- : -------> building new state...
D, [2018-03-31T11:59:29.078605 #2278] DEBUG -- : -------> building new state...
D, [2018-03-31T11:59:29.078796 #2278] DEBUG -- : -------> building selection...
D, [2018-03-31T11:59:29.079132 #2278] DEBUG -- : -------> building new state...
D, [2018-03-31T11:59:29.079274 #2278] DEBUG -- : -------> building new state...
D, [2018-03-31T11:59:29.079469 #2278] DEBUG -- : -------> building selection...
D, [2018-03-31T11:59:29.079795 #2278] DEBUG -- : -------> building new state...
D, [2018-03-31T11:59:29.079917 #2278] DEBUG -- : -------> building new state...
D, [2018-03-31T11:59:29.080106 #2278] DEBUG -- : -------> building selection...
D, [2018-03-31T11:59:29.080424 #2278] DEBUG -- : -------> building new state...
D, [2018-03-31T11:59:29.080544 #2278] DEBUG -- : -------> building new state...
D, [2018-03-31T11:59:29.080748 #2278] DEBUG -- : -------> building selection...
D, [2018-03-31T11:59:29.081074 #2278] DEBUG -- : -------> building new state...
D, [2018-03-31T11:59:29.081187 #2278] DEBUG -- : -------> building new state...
D, [2018-03-31T11:59:29.081391 #2278] DEBUG -- : -------> building selection...
D, [2018-03-31T11:59:29.081734 #2278] DEBUG -- : -------> building new state...
D, [2018-03-31T11:59:29.081836 #2278] DEBUG -- : -------> building new state...
D, [2018-03-31T11:59:29.082024 #2278] DEBUG -- : -------> building selection...
D, [2018-03-31T11:59:29.082370 #2278] DEBUG -- : -------> building new state...
D, [2018-03-31T11:59:29.082490 #2278] DEBUG -- : -------> building new state...
D, [2018-03-31T11:59:29.082676 #2278] DEBUG -- : -------> building selection...
D, [2018-03-31T11:59:29.083036 #2278] DEBUG -- : -------> building new state...
D, [2018-03-31T11:59:29.083139 #2278] DEBUG -- : -------> building new state...
D, [2018-03-31T11:59:29.083340 #2278] DEBUG -- : -------> building selection...
D, [2018-03-31T11:59:29.083662 #2278] DEBUG -- : -------> building new state...
D, [2018-03-31T11:59:29.083773 #2278] DEBUG -- : -------> building new state...
D, [2018-03-31T11:59:29.083969 #2278] DEBUG -- : -------> building selection...
D, [2018-03-31T11:59:29.084302 #2278] DEBUG -- : -------> building new state...
D, [2018-03-31T11:59:29.084417 #2278] DEBUG -- : -------> building new state...
D, [2018-03-31T11:59:29.084606 #2278] DEBUG -- : -------> building selection...
D, [2018-03-31T11:59:29.084957 #2278] DEBUG -- : -------> building new state...
D, [2018-03-31T11:59:29.085076 #2278] DEBUG -- : -------> building new state...
D, [2018-03-31T11:59:29.085267 #2278] DEBUG -- : -------> building selection...
D, [2018-03-31T11:59:29.085655 #2278] DEBUG -- : -------> building new state...
D, [2018-03-31T11:59:29.085827 #2278] DEBUG -- : -------> building new state...
D, [2018-03-31T11:59:29.086133 #2278] DEBUG -- : -------> building selection...
D, [2018-03-31T11:59:29.086547 #2278] DEBUG -- : -------> building new state...
D, [2018-03-31T11:59:29.086757 #2278] DEBUG -- : -------> building new state...
D, [2018-03-31T11:59:29.086994 #2278] DEBUG -- : -------> building selection...
D, [2018-03-31T11:59:29.087354 #2278] DEBUG -- : -------> building new state...
D, [2018-03-31T11:59:29.087456 #2278] DEBUG -- : -------> building new state...
D, [2018-03-31T11:59:29.087662 #2278] DEBUG -- : -------> building selection...
D, [2018-03-31T11:59:29.088003 #2278] DEBUG -- : -------> building new state...
D, [2018-03-31T11:59:29.088108 #2278] DEBUG -- : -------> building new state...
D, [2018-03-31T11:59:29.088311 #2278] DEBUG -- : -------> building selection...
D, [2018-03-31T11:59:29.088648 #2278] DEBUG -- : -------> building new state...
D, [2018-03-31T11:59:29.088749 #2278] DEBUG -- : -------> building new state...
D, [2018-03-31T11:59:29.088947 #2278] DEBUG -- : -------> building selection...
D, [2018-03-31T11:59:29.089298 #2278] DEBUG -- : -------> building new state...
D, [2018-03-31T11:59:29.089402 #2278] DEBUG -- : -------> building new state...
D, [2018-03-31T11:59:29.089596 #2278] DEBUG -- : -------> building selection...
D, [2018-03-31T11:59:29.089950 #2278] DEBUG -- : -------> building new state...
D, [2018-03-31T11:59:29.090172 #2278] DEBUG -- : -------> building new state...
D, [2018-03-31T11:59:29.090383 #2278] DEBUG -- : -------> building selection...
D, [2018-03-31T11:59:29.090743 #2278] DEBUG -- : -------> building new state...
D, [2018-03-31T11:59:29.090869 #2278] DEBUG -- : -------> building new state...
D, [2018-03-31T11:59:29.091066 #2278] DEBUG -- : -------> building selection...
D, [2018-03-31T11:59:29.091401 #2278] DEBUG -- : -------> building new state...
D, [2018-03-31T11:59:29.091519 #2278] DEBUG -- : -------> building new state...
D, [2018-03-31T11:59:29.091722 #2278] DEBUG -- : -------> building selection...
D, [2018-03-31T11:59:29.092080 #2278] DEBUG -- : -------> building new state...
D, [2018-03-31T11:59:29.092196 #2278] DEBUG -- : -------> building new state...
D, [2018-03-31T11:59:29.092391 #2278] DEBUG -- : -------> building selection...
D, [2018-03-31T11:59:29.092734 #2278] DEBUG -- : -------> building new state...
D, [2018-03-31T11:59:29.092844 #2278] DEBUG -- : -------> building new state...
D, [2018-03-31T11:59:29.093042 #2278] DEBUG -- : -------> building selection...
D, [2018-03-31T11:59:29.093374 #2278] DEBUG -- : -------> building new state...
D, [2018-03-31T11:59:29.093480 #2278] DEBUG -- : -------> building new state...
D, [2018-03-31T11:59:29.093683 #2278] DEBUG -- : -------> building selection...
D, [2018-03-31T11:59:29.094011 #2278] DEBUG -- : -------> building new state...
D, [2018-03-31T11:59:29.094121 #2278] DEBUG -- : -------> building new state...
D, [2018-03-31T11:59:29.094323 #2278] DEBUG -- : scoring weighed rated selections...
D, [2018-03-31T11:59:29.094378 #2278] DEBUG -- : Saving scored selections...
D, [2018-03-31T11:59:29.101502 #2278] DEBUG -- : State Score successfully calculated


D, [2018-03-31T11:59:29.101577 #2278] DEBUG -- : Scoring new state: {:rating=>37, :state=>{:unknown=>0, :possibly_lighter=>1, :possibly_heavier=>0, :normal=>7}}
D, [2018-03-31T11:59:29.101608 #2278] DEBUG -- : State Score successfully calculated


D, [2018-03-31T11:59:29.101646 #2278] DEBUG -- : Scoring new state: {:rating=>34, :state=>{:unknown=>0, :possibly_lighter=>1, :possibly_heavier=>1, :normal=>6}}
D, [2018-03-31T11:59:29.104445 #2278] DEBUG -- : returning fully calculated score...
D, [2018-03-31T11:59:29.104529 #2278] DEBUG -- : State Score successfully calculated


D, [2018-03-31T11:59:29.104570 #2278] DEBUG -- : Scoring new state: {:rating=>34, :state=>{:unknown=>0, :possibly_lighter=>2, :possibly_heavier=>0, :normal=>6}}
D, [2018-03-31T11:59:29.107127 #2278] DEBUG -- : returning fully calculated score...
D, [2018-03-31T11:59:29.107179 #2278] DEBUG -- : State Score successfully calculated


D, [2018-03-31T11:59:29.107231 #2278] DEBUG -- : Scoring new state: {:rating=>37, :state=>{:unknown=>0, :possibly_lighter=>0, :possibly_heavier=>1, :normal=>7}}
D, [2018-03-31T11:59:29.107265 #2278] DEBUG -- : State Score successfully calculated


D, [2018-03-31T11:59:29.107292 #2278] DEBUG -- : Scoring new state: {:rating=>31, :state=>{:unknown=>0, :possibly_lighter=>3, :possibly_heavier=>0, :normal=>5}}
D, [2018-03-31T11:59:29.109734 #2278] DEBUG -- : calculating updated score for older state...
D, [2018-03-31T11:59:29.113149 #2278] DEBUG -- : generating weighed rated selections...
D, [2018-03-31T11:59:29.114218 #2278] DEBUG -- : -------> building selection...
D, [2018-03-31T11:59:29.115119 #2278] DEBUG -- : -------> building new state...
D, [2018-03-31T11:59:29.115622 #2278] DEBUG -- : -------> building selection...
D, [2018-03-31T11:59:29.116000 #2278] DEBUG -- : -------> building new state...
D, [2018-03-31T11:59:29.116213 #2278] DEBUG -- : -------> building selection...
D, [2018-03-31T11:59:29.116578 #2278] DEBUG -- : -------> building new state...
D, [2018-03-31T11:59:29.116795 #2278] DEBUG -- : -------> building selection...
D, [2018-03-31T11:59:29.117592 #2278] DEBUG -- : -------> building new state...
D, [2018-03-31T11:59:29.117717 #2278] DEBUG -- : -------> building new state...
D, [2018-03-31T11:59:29.117908 #2278] DEBUG -- : -------> building selection...
D, [2018-03-31T11:59:29.118249 #2278] DEBUG -- : -------> building new state...
D, [2018-03-31T11:59:29.118347 #2278] DEBUG -- : -------> building new state...
D, [2018-03-31T11:59:29.118536 #2278] DEBUG -- : -------> building selection...
D, [2018-03-31T11:59:29.118937 #2278] DEBUG -- : -------> building new state...
D, [2018-03-31T11:59:29.119041 #2278] DEBUG -- : -------> building new state...
D, [2018-03-31T11:59:29.119230 #2278] DEBUG -- : -------> building selection...
D, [2018-03-31T11:59:29.119616 #2278] DEBUG -- : -------> building new state...
D, [2018-03-31T11:59:29.119835 #2278] DEBUG -- : -------> building new state...
D, [2018-03-31T11:59:29.120080 #2278] DEBUG -- : -------> building selection...
D, [2018-03-31T11:59:29.120461 #2278] DEBUG -- : -------> building new state...
D, [2018-03-31T11:59:29.120568 #2278] DEBUG -- : -------> building new state...
D, [2018-03-31T11:59:29.120759 #2278] DEBUG -- : -------> building selection...
D, [2018-03-31T11:59:29.121085 #2278] DEBUG -- : -------> building new state...
D, [2018-03-31T11:59:29.121183 #2278] DEBUG -- : -------> building new state...
D, [2018-03-31T11:59:29.121421 #2278] DEBUG -- : -------> building selection...
D, [2018-03-31T11:59:29.121750 #2278] DEBUG -- : -------> building new state...
D, [2018-03-31T11:59:29.121850 #2278] DEBUG -- : -------> building new state...
D, [2018-03-31T11:59:29.122058 #2278] DEBUG -- : -------> building selection...
D, [2018-03-31T11:59:29.122516 #2278] DEBUG -- : -------> building new state...
D, [2018-03-31T11:59:29.122625 #2278] DEBUG -- : -------> building new state...
D, [2018-03-31T11:59:29.122885 #2278] DEBUG -- : -------> building selection...
D, [2018-03-31T11:59:29.123221 #2278] DEBUG -- : -------> building new state...
D, [2018-03-31T11:59:29.123322 #2278] DEBUG -- : -------> building new state...
D, [2018-03-31T11:59:29.123510 #2278] DEBUG -- : -------> building selection...
D, [2018-03-31T11:59:29.123839 #2278] DEBUG -- : -------> building new state...
D, [2018-03-31T11:59:29.123943 #2278] DEBUG -- : -------> building new state...
D, [2018-03-31T11:59:29.124171 #2278] DEBUG -- : -------> building selection...
D, [2018-03-31T11:59:29.124499 #2278] DEBUG -- : -------> building new state...
D, [2018-03-31T11:59:29.124602 #2278] DEBUG -- : -------> building new state...
D, [2018-03-31T11:59:29.124786 #2278] DEBUG -- : -------> building selection...
D, [2018-03-31T11:59:29.125112 #2278] DEBUG -- : -------> building new state...
D, [2018-03-31T11:59:29.125252 #2278] DEBUG -- : -------> building new state...
D, [2018-03-31T11:59:29.125451 #2278] DEBUG -- : -------> building selection...
D, [2018-03-31T11:59:29.125779 #2278] DEBUG -- : -------> building new state...
D, [2018-03-31T11:59:29.125882 #2278] DEBUG -- : -------> building new state...
D, [2018-03-31T11:59:29.126080 #2278] DEBUG -- : -------> building selection...
D, [2018-03-31T11:59:29.126402 #2278] DEBUG -- : -------> building new state...
D, [2018-03-31T11:59:29.126541 #2278] DEBUG -- : -------> building new state...
D, [2018-03-31T11:59:29.126743 #2278] DEBUG -- : -------> building selection...
D, [2018-03-31T11:59:29.127087 #2278] DEBUG -- : -------> building new state...
D, [2018-03-31T11:59:29.127188 #2278] DEBUG -- : -------> building new state...
D, [2018-03-31T11:59:29.127382 #2278] DEBUG -- : -------> building selection...
D, [2018-03-31T11:59:29.129835 #2278] DEBUG -- : -------> building new state...
D, [2018-03-31T11:59:29.130023 #2278] DEBUG -- : -------> building new state...
D, [2018-03-31T11:59:29.130262 #2278] DEBUG -- : scoring weighed rated selections...
D, [2018-03-31T11:59:29.130306 #2278] DEBUG -- : Saving scored selections...
D, [2018-03-31T11:59:29.134399 #2278] DEBUG -- : State Score successfully calculated


D, [2018-03-31T11:59:29.134498 #2278] DEBUG -- : Saving scored selections...
D, [2018-03-31T11:59:29.170585 #2278] DEBUG -- : State Score successfully calculated


D, [2018-03-31T11:59:29.170658 #2278] DEBUG -- : Scoring new state: {:rating=>37, :state=>{:unknown=>0, :possibly_lighter=>0, :possibly_heavier=>1, :normal=>7}}
D, [2018-03-31T11:59:29.170684 #2278] DEBUG -- : State Score successfully calculated


D, [2018-03-31T11:59:29.170711 #2278] DEBUG -- : Scoring new state: {:rating=>31, :state=>{:unknown=>0, :possibly_lighter=>1, :possibly_heavier=>2, :normal=>5}}
D, [2018-03-31T11:59:29.173431 #2278] DEBUG -- : generating score for new state...
D, [2018-03-31T11:59:29.176846 #2278] DEBUG -- : new state info recorded
D, [2018-03-31T11:59:29.180321 #2278] DEBUG -- : generating weighed rated selections...
D, [2018-03-31T11:59:29.372179 #2278] DEBUG -- : scoring weighed rated selections...
D, [2018-03-31T11:59:29.372315 #2278] DEBUG -- : Saving scored selections...
D, [2018-03-31T11:59:29.380684 #2278] DEBUG -- : State Score successfully calculated


D, [2018-03-31T11:59:29.446200 #2278] DEBUG -- : Scoring new state: {:rating=>31, :state=>{:unknown=>0, :possibly_lighter=>1, :possibly_heavier=>2, :normal=>5}}
D, [2018-03-31T11:59:29.449089 #2278] DEBUG -- : generating score for new state...
D, [2018-03-31T11:59:29.452597 #2278] DEBUG -- : new state info recorded
D, [2018-03-31T11:59:29.456084 #2278] DEBUG -- : generating weighed rated selections...
D, [2018-03-31T11:59:29.663097 #2278] DEBUG -- : scoring weighed rated selections...
D, [2018-03-31T11:59:29.663226 #2278] DEBUG -- : Saving scored selections...
D, [2018-03-31T11:59:29.671658 #2278] DEBUG -- : State Score successfully calculated


D, [2018-03-31T11:59:29.671752 #2278] DEBUG -- : Scoring new state: {:rating=>34, :state=>{:unknown=>0, :possibly_lighter=>1, :possibly_heavier=>1, :normal=>6}}
D, [2018-03-31T11:59:29.674361 #2278] DEBUG -- : calculating updated score for older state...
D, [2018-03-31T11:59:29.677835 #2278] DEBUG -- : generating weighed rated selections...
D, [2018-03-31T11:59:29.781467 #2278] DEBUG -- : scoring weighed rated selections...
D, [2018-03-31T11:59:29.781615 #2278] DEBUG -- : Saving scored selections...
D, [2018-03-31T11:59:29.797369 #2278] DEBUG -- : State Score successfully calculated


D, [2018-03-31T11:59:29.797457 #2278] DEBUG -- : Scoring new state: {:rating=>31, :state=>{:unknown=>0, :possibly_lighter=>2, :possibly_heavier=>1, :normal=>5}}
D, [2018-03-31T11:59:29.800035 #2278] DEBUG -- : generating score for new state...
D, [2018-03-31T11:59:29.803530 #2278] DEBUG -- : new state info recorded
D, [2018-03-31T11:59:29.806913 #2278] DEBUG -- : generating weighed rated selections...
D, [2018-03-31T11:59:30.000681 #2278] DEBUG -- : scoring weighed rated selections...
D, [2018-03-31T11:59:30.000812 #2278] DEBUG -- : Saving scored selections...
D, [2018-03-31T11:59:30.007923 #2278] DEBUG -- : State Score successfully calculated


D, [2018-03-31T11:59:30.008026 #2278] DEBUG -- : Scoring new state: {:rating=>34, :state=>{:unknown=>0, :possibly_lighter=>1, :possibly_heavier=>1, :normal=>6}}
D, [2018-03-31T11:59:30.010614 #2278] DEBUG -- : returning fully calculated score...
D, [2018-03-31T11:59:30.010677 #2278] DEBUG -- : State Score successfully calculated


D, [2018-03-31T11:59:30.076649 #2278] DEBUG -- : Scoring new state: {:rating=>31, :state=>{:unknown=>0, :possibly_lighter=>1, :possibly_heavier=>2, :normal=>5}}
D, [2018-03-31T11:59:30.079487 #2278] DEBUG -- : generating score for new state...
D, [2018-03-31T11:59:30.083107 #2278] DEBUG -- : new state info recorded
D, [2018-03-31T11:59:30.086451 #2278] DEBUG -- : generating weighed rated selections...
D, [2018-03-31T11:59:30.294573 #2278] DEBUG -- : scoring weighed rated selections...
D, [2018-03-31T11:59:30.294734 #2278] DEBUG -- : Saving scored selections...
D, [2018-03-31T11:59:30.302197 #2278] DEBUG -- : State Score successfully calculated


D, [2018-03-31T11:59:30.302283 #2278] DEBUG -- : Scoring new state: {:rating=>34, :state=>{:unknown=>0, :possibly_lighter=>1, :possibly_heavier=>1, :normal=>6}}
D, [2018-03-31T11:59:30.304862 #2278] DEBUG -- : calculating updated score for older state...
D, [2018-03-31T11:59:30.308586 #2278] DEBUG -- : generating weighed rated selections...
D, [2018-03-31T11:59:30.411851 #2278] DEBUG -- : scoring weighed rated selections...
D, [2018-03-31T11:59:30.412007 #2278] DEBUG -- : Saving scored selections...
D, [2018-03-31T11:59:30.427593 #2278] DEBUG -- : State Score successfully calculated


D, [2018-03-31T11:59:30.427685 #2278] DEBUG -- : Scoring new state: {:rating=>31, :state=>{:unknown=>0, :possibly_lighter=>2, :possibly_heavier=>1, :normal=>5}}
D, [2018-03-31T11:59:30.430257 #2278] DEBUG -- : generating score for new state...
D, [2018-03-31T11:59:30.433651 #2278] DEBUG -- : new state info recorded
D, [2018-03-31T11:59:30.437116 #2278] DEBUG -- : generating weighed rated selections...
D, [2018-03-31T11:59:30.631725 #2278] DEBUG -- : scoring weighed rated selections...
D, [2018-03-31T11:59:30.631856 #2278] DEBUG -- : Saving scored selections...
D, [2018-03-31T11:59:30.639020 #2278] DEBUG -- : State Score successfully calculated


D, [2018-03-31T11:59:30.705820 #2278] DEBUG -- : Scoring new state: {:rating=>34, :state=>{:unknown=>0, :possibly_lighter=>1, :possibly_heavier=>1, :normal=>6}}
D, [2018-03-31T11:59:30.708745 #2278] DEBUG -- : generating score for new state...
D, [2018-03-31T11:59:30.712411 #2278] DEBUG -- : new state info recorded
D, [2018-03-31T11:59:30.715803 #2278] DEBUG -- : generating weighed rated selections...
D, [2018-03-31T11:59:30.830205 #2278] DEBUG -- : scoring weighed rated selections...
D, [2018-03-31T11:59:30.830342 #2278] DEBUG -- : Saving scored selections...
D, [2018-03-31T11:59:30.846110 #2278] DEBUG -- : State Score successfully calculated


D, [2018-03-31T11:59:30.846240 #2278] DEBUG -- : Scoring new state: {:rating=>31, :state=>{:unknown=>0, :possibly_lighter=>1, :possibly_heavier=>2, :normal=>5}}
D, [2018-03-31T11:59:30.848886 #2278] DEBUG -- : generating score for new state...
D, [2018-03-31T11:59:30.852362 #2278] DEBUG -- : new state info recorded
D, [2018-03-31T11:59:30.855810 #2278] DEBUG -- : generating weighed rated selections...
D, [2018-03-31T11:59:31.049815 #2278] DEBUG -- : scoring weighed rated selections...
D, [2018-03-31T11:59:31.049947 #2278] DEBUG -- : Saving scored selections...
D, [2018-03-31T11:59:31.057200 #2278] DEBUG -- : State Score successfully calculated


D, [2018-03-31T11:59:31.057300 #2278] DEBUG -- : Scoring new state: {:rating=>34, :state=>{:unknown=>0, :possibly_lighter=>1, :possibly_heavier=>1, :normal=>6}}
D, [2018-03-31T11:59:31.059923 #2278] DEBUG -- : returning fully calculated score...
D, [2018-03-31T11:59:31.059993 #2278] DEBUG -- : State Score successfully calculated


D, [2018-03-31T11:59:31.060031 #2278] DEBUG -- : Scoring new state: {:rating=>31, :state=>{:unknown=>0, :possibly_lighter=>2, :possibly_heavier=>1, :normal=>5}}
D, [2018-03-31T11:59:31.062515 #2278] DEBUG -- : generating score for new state...
D, [2018-03-31T11:59:31.066035 #2278] DEBUG -- : new state info recorded
D, [2018-03-31T11:59:31.069403 #2278] DEBUG -- : generating weighed rated selections...
D, [2018-03-31T11:59:31.265312 #2278] DEBUG -- : scoring weighed rated selections...
D, [2018-03-31T11:59:31.265453 #2278] DEBUG -- : Saving scored selections...
D, [2018-03-31T11:59:31.272699 #2278] DEBUG -- : State Score successfully calculated


